[2026-05-27T11:23:18.759+0530][0.015s][info][gc] Using G1
[2026-05-27T11:23:18.760+0530][0.016s][info][gc,init] Version: 17.0.18+0 (release)
[2026-05-27T11:23:18.760+0530][0.016s][info][gc,init] CPUs: 10 total, 10 available
[2026-05-27T11:23:18.760+0530][0.016s][info][gc,init] Memory: 32768M
[2026-05-27T11:23:18.760+0530][0.016s][info][gc,init] Large Page Support: Disabled
[2026-05-27T11:23:18.760+0530][0.016s][info][gc,init] NUMA Support: Disabled
[2026-05-27T11:23:18.760+0530][0.016s][info][gc,init] Compressed Oops: Enabled (Zero based)
[2026-05-27T11:23:18.760+0530][0.016s][info][gc,init] Heap Region Size: 1M
[2026-05-27T11:23:18.760+0530][0.016s][info][gc,init] Heap Min Capacity: 512M
[2026-05-27T11:23:18.760+0530][0.016s][info][gc,init] Heap Initial Capacity: 512M
[2026-05-27T11:23:18.760+0530][0.016s][info][gc,init] Heap Max Capacity: 512M
[2026-05-27T11:23:18.760+0530][0.016s][info][gc,init] Pre-touch: Disabled
[2026-05-27T11:23:18.760+0530][0.016s][info][gc,init] Parallel Workers: 9
[2026-05-27T11:23:18.760+0530][0.016s][info][gc,init] Concurrent Workers: 2
[2026-05-27T11:23:18.760+0530][0.016s][info][gc,init] Concurrent Refinement Workers: 9
[2026-05-27T11:23:18.760+0530][0.016s][info][gc,init] Periodic GC: Disabled
[2026-05-27T11:23:18.764+0530][0.020s][info][gc,metaspace] CDS archive(s) mapped at: [0x0000000600000000-0x0000000600bc0000-0x0000000600bc0000), size 12320768, SharedBaseAddress: 0x0000000600000000, ArchiveRelocationMode: 1.
[2026-05-27T11:23:18.764+0530][0.020s][info][gc,metaspace] Compressed class space mapped at: 0x0000000601000000-0x0000000641000000, reserved size: 1073741824
[2026-05-27T11:23:18.764+0530][0.020s][info][gc,metaspace] Narrow klass base: 0x0000000600000000, Narrow klass shift: 0, Narrow klass range: 0x100000000
[2026-05-27T11:23:18.849+0530][0.105s][info][gc,start    ] GC(0) Pause Young (Normal) (G1 Evacuation Pause)
[2026-05-27T11:23:18.849+0530][0.105s][info][gc,task     ] GC(0) Using 9 workers of 9 for evacuation
[2026-05-27T11:23:18.850+0530][0.107s][info][gc,phases   ] GC(0)   Pre Evacuate Collection Set: 0.10ms
[2026-05-27T11:23:18.851+0530][0.107s][info][gc,phases   ] GC(0)   Merge Heap Roots: 0.03ms
[2026-05-27T11:23:18.851+0530][0.107s][info][gc,phases   ] GC(0)   Evacuate Collection Set: 1.25ms
[2026-05-27T11:23:18.851+0530][0.107s][info][gc,phases   ] GC(0)   Post Evacuate Collection Set: 0.18ms
[2026-05-27T11:23:18.851+0530][0.107s][info][gc,phases   ] GC(0)   Other: 0.37ms
[2026-05-27T11:23:18.851+0530][0.107s][info][gc,heap     ] GC(0) Eden regions: 25->0(27)
[2026-05-27T11:23:18.851+0530][0.107s][info][gc,heap     ] GC(0) Survivor regions: 0->4(4)
[2026-05-27T11:23:18.851+0530][0.107s][info][gc,heap     ] GC(0) Old regions: 0->9
[2026-05-27T11:23:18.851+0530][0.107s][info][gc,heap     ] GC(0) Archive regions: 2->2
[2026-05-27T11:23:18.851+0530][0.107s][info][gc,heap     ] GC(0) Humongous regions: 0->0
[2026-05-27T11:23:18.851+0530][0.107s][info][gc,metaspace] GC(0) Metaspace: 1548K(1728K)->1548K(1728K) NonClass: 1394K(1472K)->1394K(1472K) Class: 154K(256K)->154K(256K)
[2026-05-27T11:23:18.851+0530][0.107s][info][gc          ] GC(0) Pause Young (Normal) (G1 Evacuation Pause) 25M->13M(512M) 2.026ms
[2026-05-27T11:23:18.851+0530][0.107s][info][gc,cpu      ] GC(0) User=0.01s Sys=0.00s Real=0.01s
[2026-05-27T11:23:18.853+0530][0.110s][info][gc,start    ] GC(1) Pause Young (Normal) (G1 Evacuation Pause)
[2026-05-27T11:23:18.854+0530][0.110s][info][gc,task     ] GC(1) Using 9 workers of 9 for evacuation
[2026-05-27T11:23:18.855+0530][0.111s][info][gc,phases   ] GC(1)   Pre Evacuate Collection Set: 0.08ms
[2026-05-27T11:23:18.855+0530][0.111s][info][gc,phases   ] GC(1)   Merge Heap Roots: 0.03ms
[2026-05-27T11:23:18.855+0530][0.111s][info][gc,phases   ] GC(1)   Evacuate Collection Set: 0.76ms
[2026-05-27T11:23:18.855+0530][0.111s][info][gc,phases   ] GC(1)   Post Evacuate Collection Set: 0.23ms
[2026-05-27T11:23:18.855+0530][0.111s][info][gc,phases   ] GC(1)   Other: 0.08ms
[2026-05-27T11:23:18.855+0530][0.111s][info][gc,heap     ] GC(1) Eden regions: 27->0(212)
[2026-05-27T11:23:18.855+0530][0.111s][info][gc,heap     ] GC(1) Survivor regions: 4->3(4)
[2026-05-27T11:23:18.855+0530][0.111s][info][gc,heap     ] GC(1) Old regions: 9->10
[2026-05-27T11:23:18.855+0530][0.111s][info][gc,heap     ] GC(1) Archive regions: 2->2
[2026-05-27T11:23:18.855+0530][0.111s][info][gc,heap     ] GC(1) Humongous regions: 0->0
[2026-05-27T11:23:18.855+0530][0.111s][info][gc,metaspace] GC(1) Metaspace: 1616K(1856K)->1616K(1856K) NonClass: 1449K(1536K)->1449K(1536K) Class: 167K(320K)->167K(320K)
[2026-05-27T11:23:18.855+0530][0.111s][info][gc          ] GC(1) Pause Young (Normal) (G1 Evacuation Pause) 39M->12M(512M) 1.288ms
[2026-05-27T11:23:18.855+0530][0.111s][info][gc,cpu      ] GC(1) User=0.01s Sys=0.01s Real=0.00s
[2026-05-27T11:23:18.903+0530][0.159s][info][gc,start    ] GC(2) Pause Young (Normal) (G1 Evacuation Pause)
[2026-05-27T11:23:18.903+0530][0.159s][info][gc,task     ] GC(2) Using 9 workers of 9 for evacuation
[2026-05-27T11:23:18.904+0530][0.160s][info][gc,phases   ] GC(2)   Pre Evacuate Collection Set: 0.11ms
[2026-05-27T11:23:18.904+0530][0.160s][info][gc,phases   ] GC(2)   Merge Heap Roots: 0.05ms
[2026-05-27T11:23:18.904+0530][0.160s][info][gc,phases   ] GC(2)   Evacuate Collection Set: 0.85ms
[2026-05-27T11:23:18.904+0530][0.160s][info][gc,phases   ] GC(2)   Post Evacuate Collection Set: 0.23ms
[2026-05-27T11:23:18.904+0530][0.160s][info][gc,phases   ] GC(2)   Other: 0.10ms
[2026-05-27T11:23:18.904+0530][0.160s][info][gc,heap     ] GC(2) Eden regions: 212->0(299)
[2026-05-27T11:23:18.904+0530][0.160s][info][gc,heap     ] GC(2) Survivor regions: 3->8(27)
[2026-05-27T11:23:18.904+0530][0.160s][info][gc,heap     ] GC(2) Old regions: 10->10
[2026-05-27T11:23:18.904+0530][0.160s][info][gc,heap     ] GC(2) Archive regions: 2->2
[2026-05-27T11:23:18.904+0530][0.160s][info][gc,heap     ] GC(2) Humongous regions: 0->0
[2026-05-27T11:23:18.904+0530][0.160s][info][gc,metaspace] GC(2) Metaspace: 1665K(1920K)->1665K(1920K) NonClass: 1494K(1600K)->1494K(1600K) Class: 170K(320K)->170K(320K)
[2026-05-27T11:23:18.904+0530][0.160s][info][gc          ] GC(2) Pause Young (Normal) (G1 Evacuation Pause) 224M->17M(512M) 1.472ms
[2026-05-27T11:23:18.904+0530][0.160s][info][gc,cpu      ] GC(2) User=0.00s Sys=0.01s Real=0.00s
[2026-05-27T11:23:18.951+0530][0.207s][info][gc,start    ] GC(3) Pause Young (Normal) (G1 Evacuation Pause)
[2026-05-27T11:23:18.951+0530][0.207s][info][gc,task     ] GC(3) Using 9 workers of 9 for evacuation
[2026-05-27T11:23:18.952+0530][0.208s][info][gc,phases   ] GC(3)   Pre Evacuate Collection Set: 0.11ms
[2026-05-27T11:23:18.952+0530][0.208s][info][gc,phases   ] GC(3)   Merge Heap Roots: 0.06ms
[2026-05-27T11:23:18.952+0530][0.208s][info][gc,phases   ] GC(3)   Evacuate Collection Set: 0.88ms
[2026-05-27T11:23:18.952+0530][0.208s][info][gc,phases   ] GC(3)   Post Evacuate Collection Set: 0.20ms
[2026-05-27T11:23:18.952+0530][0.208s][info][gc,phases   ] GC(3)   Other: 0.12ms
[2026-05-27T11:23:18.952+0530][0.208s][info][gc,heap     ] GC(3) Eden regions: 299->0(300)
[2026-05-27T11:23:18.952+0530][0.208s][info][gc,heap     ] GC(3) Survivor regions: 8->7(39)
[2026-05-27T11:23:18.952+0530][0.208s][info][gc,heap     ] GC(3) Old regions: 10->10
[2026-05-27T11:23:18.952+0530][0.208s][info][gc,heap     ] GC(3) Archive regions: 2->2
[2026-05-27T11:23:18.952+0530][0.208s][info][gc,heap     ] GC(3) Humongous regions: 0->0
[2026-05-27T11:23:18.952+0530][0.209s][info][gc,metaspace] GC(3) Metaspace: 1666K(1920K)->1666K(1920K) NonClass: 1496K(1600K)->1496K(1600K) Class: 170K(320K)->170K(320K)
[2026-05-27T11:23:18.952+0530][0.209s][info][gc          ] GC(3) Pause Young (Normal) (G1 Evacuation Pause) 316M->16M(512M) 1.450ms
[2026-05-27T11:23:18.952+0530][0.209s][info][gc,cpu      ] GC(3) User=0.00s Sys=0.00s Real=0.00s
[2026-05-27T11:23:18.996+0530][0.252s][info][gc,start    ] GC(4) Pause Young (Normal) (G1 Evacuation Pause)
[2026-05-27T11:23:18.996+0530][0.252s][info][gc,task     ] GC(4) Using 9 workers of 9 for evacuation
[2026-05-27T11:23:18.997+0530][0.253s][info][gc,phases   ] GC(4)   Pre Evacuate Collection Set: 0.05ms
[2026-05-27T11:23:18.997+0530][0.253s][info][gc,phases   ] GC(4)   Merge Heap Roots: 0.04ms
[2026-05-27T11:23:18.997+0530][0.253s][info][gc,phases   ] GC(4)   Evacuate Collection Set: 0.71ms
[2026-05-27T11:23:18.997+0530][0.253s][info][gc,phases   ] GC(4)   Post Evacuate Collection Set: 0.27ms
[2026-05-27T11:23:18.997+0530][0.253s][info][gc,phases   ] GC(4)   Other: 0.10ms
[2026-05-27T11:23:18.997+0530][0.253s][info][gc,heap     ] GC(4) Eden regions: 300->0(303)
[2026-05-27T11:23:18.997+0530][0.253s][info][gc,heap     ] GC(4) Survivor regions: 7->4(39)
[2026-05-27T11:23:18.997+0530][0.253s][info][gc,heap     ] GC(4) Old regions: 10->10
[2026-05-27T11:23:18.997+0530][0.253s][info][gc,heap     ] GC(4) Archive regions: 2->2
[2026-05-27T11:23:18.997+0530][0.253s][info][gc,heap     ] GC(4) Humongous regions: 0->0
[2026-05-27T11:23:18.997+0530][0.253s][info][gc,metaspace] GC(4) Metaspace: 1669K(1920K)->1669K(1920K) NonClass: 1499K(1600K)->1499K(1600K) Class: 170K(320K)->170K(320K)
[2026-05-27T11:23:18.997+0530][0.253s][info][gc          ] GC(4) Pause Young (Normal) (G1 Evacuation Pause) 316M->13M(512M) 1.334ms
[2026-05-27T11:23:18.997+0530][0.253s][info][gc,cpu      ] GC(4) User=0.00s Sys=0.00s Real=0.00s
[2026-05-27T11:23:19.044+0530][0.300s][info][gc,start    ] GC(5) Pause Young (Normal) (G1 Evacuation Pause)
[2026-05-27T11:23:19.044+0530][0.300s][info][gc,task     ] GC(5) Using 9 workers of 9 for evacuation
[2026-05-27T11:23:19.045+0530][0.301s][info][gc,phases   ] GC(5)   Pre Evacuate Collection Set: 0.06ms
[2026-05-27T11:23:19.045+0530][0.301s][info][gc,phases   ] GC(5)   Merge Heap Roots: 0.05ms
[2026-05-27T11:23:19.045+0530][0.301s][info][gc,phases   ] GC(5)   Evacuate Collection Set: 0.43ms
[2026-05-27T11:23:19.045+0530][0.301s][info][gc,phases   ] GC(5)   Post Evacuate Collection Set: 0.19ms
[2026-05-27T11:23:19.045+0530][0.301s][info][gc,phases   ] GC(5)   Other: 0.09ms
[2026-05-27T11:23:19.045+0530][0.301s][info][gc,heap     ] GC(5) Eden regions: 303->0(301)
[2026-05-27T11:23:19.045+0530][0.301s][info][gc,heap     ] GC(5) Survivor regions: 4->6(39)
[2026-05-27T11:23:19.045+0530][0.301s][info][gc,heap     ] GC(5) Old regions: 10->10
[2026-05-27T11:23:19.045+0530][0.301s][info][gc,heap     ] GC(5) Archive regions: 2->2
[2026-05-27T11:23:19.045+0530][0.301s][info][gc,heap     ] GC(5) Humongous regions: 9->0
[2026-05-27T11:23:19.045+0530][0.301s][info][gc,metaspace] GC(5) Metaspace: 1674K(1920K)->1674K(1920K) NonClass: 1503K(1600K)->1503K(1600K) Class: 170K(320K)->170K(320K)
[2026-05-27T11:23:19.045+0530][0.301s][info][gc          ] GC(5) Pause Young (Normal) (G1 Evacuation Pause) 325M->15M(512M) 0.896ms
[2026-05-27T11:23:19.045+0530][0.301s][info][gc,cpu      ] GC(5) User=0.00s Sys=0.00s Real=0.00s
[2026-05-27T11:23:19.087+0530][0.343s][info][gc,start    ] GC(6) Pause Young (Normal) (G1 Evacuation Pause)
[2026-05-27T11:23:19.087+0530][0.343s][info][gc,task     ] GC(6) Using 9 workers of 9 for evacuation
[2026-05-27T11:23:19.087+0530][0.344s][info][gc,phases   ] GC(6)   Pre Evacuate Collection Set: 0.05ms
[2026-05-27T11:23:19.087+0530][0.344s][info][gc,phases   ] GC(6)   Merge Heap Roots: 0.04ms
[2026-05-27T11:23:19.087+0530][0.344s][info][gc,phases   ] GC(6)   Evacuate Collection Set: 0.34ms
[2026-05-27T11:23:19.087+0530][0.344s][info][gc,phases   ] GC(6)   Post Evacuate Collection Set: 0.18ms
[2026-05-27T11:23:19.087+0530][0.344s][info][gc,phases   ] GC(6)   Other: 0.10ms
[2026-05-27T11:23:19.087+0530][0.344s][info][gc,heap     ] GC(6) Eden regions: 301->0(301)
[2026-05-27T11:23:19.087+0530][0.344s][info][gc,heap     ] GC(6) Survivor regions: 6->6(39)
[2026-05-27T11:23:19.087+0530][0.344s][info][gc,heap     ] GC(6) Old regions: 10->10
[2026-05-27T11:23:19.087+0530][0.344s][info][gc,heap     ] GC(6) Archive regions: 2->2
[2026-05-27T11:23:19.087+0530][0.344s][info][gc,heap     ] GC(6) Humongous regions: 0->0
[2026-05-27T11:23:19.087+0530][0.344s][info][gc,metaspace] GC(6) Metaspace: 1674K(1920K)->1674K(1920K) NonClass: 1504K(1600K)->1504K(1600K) Class: 170K(320K)->170K(320K)
[2026-05-27T11:23:19.087+0530][0.344s][info][gc          ] GC(6) Pause Young (Normal) (G1 Evacuation Pause) 316M->15M(512M) 0.798ms
[2026-05-27T11:23:19.087+0530][0.344s][info][gc,cpu      ] GC(6) User=0.00s Sys=0.00s Real=0.00s
[2026-05-27T11:23:19.133+0530][0.389s][info][gc,start    ] GC(7) Pause Young (Normal) (G1 Evacuation Pause)
[2026-05-27T11:23:19.133+0530][0.389s][info][gc,task     ] GC(7) Using 9 workers of 9 for evacuation
[2026-05-27T11:23:19.134+0530][0.390s][info][gc,phases   ] GC(7)   Pre Evacuate Collection Set: 0.05ms
[2026-05-27T11:23:19.134+0530][0.390s][info][gc,phases   ] GC(7)   Merge Heap Roots: 0.04ms
[2026-05-27T11:23:19.134+0530][0.390s][info][gc,phases   ] GC(7)   Evacuate Collection Set: 0.40ms
[2026-05-27T11:23:19.134+0530][0.390s][info][gc,phases   ] GC(7)   Post Evacuate Collection Set: 0.17ms
[2026-05-27T11:23:19.134+0530][0.390s][info][gc,phases   ] GC(7)   Other: 0.09ms
[2026-05-27T11:23:19.134+0530][0.390s][info][gc,heap     ] GC(7) Eden regions: 301->0(302)
[2026-05-27T11:23:19.134+0530][0.390s][info][gc,heap     ] GC(7) Survivor regions: 6->5(39)
[2026-05-27T11:23:19.134+0530][0.390s][info][gc,heap     ] GC(7) Old regions: 10->10
[2026-05-27T11:23:19.134+0530][0.390s][info][gc,heap     ] GC(7) Archive regions: 2->2
[2026-05-27T11:23:19.134+0530][0.390s][info][gc,heap     ] GC(7) Humongous regions: 0->0
[2026-05-27T11:23:19.134+0530][0.390s][info][gc,metaspace] GC(7) Metaspace: 1682K(1920K)->1682K(1920K) NonClass: 1511K(1600K)->1511K(1600K) Class: 170K(320K)->170K(320K)
[2026-05-27T11:23:19.134+0530][0.390s][info][gc          ] GC(7) Pause Young (Normal) (G1 Evacuation Pause) 315M->14M(512M) 0.810ms
[2026-05-27T11:23:19.134+0530][0.390s][info][gc,cpu      ] GC(7) User=0.00s Sys=0.00s Real=0.00s
[2026-05-27T11:23:19.181+0530][0.437s][info][gc,start    ] GC(8) Pause Young (Normal) (G1 Evacuation Pause)
[2026-05-27T11:23:19.181+0530][0.437s][info][gc,task     ] GC(8) Using 9 workers of 9 for evacuation
[2026-05-27T11:23:19.182+0530][0.438s][info][gc,phases   ] GC(8)   Pre Evacuate Collection Set: 0.06ms
[2026-05-27T11:23:19.182+0530][0.438s][info][gc,phases   ] GC(8)   Merge Heap Roots: 0.12ms
[2026-05-27T11:23:19.182+0530][0.438s][info][gc,phases   ] GC(8)   Evacuate Collection Set: 0.39ms
[2026-05-27T11:23:19.182+0530][0.438s][info][gc,phases   ] GC(8)   Post Evacuate Collection Set: 0.19ms
[2026-05-27T11:23:19.182+0530][0.438s][info][gc,phases   ] GC(8)   Other: 0.09ms
[2026-05-27T11:23:19.182+0530][0.438s][info][gc,heap     ] GC(8) Eden regions: 302->0(300)
[2026-05-27T11:23:19.182+0530][0.438s][info][gc,heap     ] GC(8) Survivor regions: 5->7(39)
[2026-05-27T11:23:19.182+0530][0.438s][info][gc,heap     ] GC(8) Old regions: 10->10
[2026-05-27T11:23:19.182+0530][0.438s][info][gc,heap     ] GC(8) Archive regions: 2->2
[2026-05-27T11:23:19.182+0530][0.438s][info][gc,heap     ] GC(8) Humongous regions: 0->0
[2026-05-27T11:23:19.182+0530][0.438s][info][gc,metaspace] GC(8) Metaspace: 1684K(1920K)->1684K(1920K) NonClass: 1514K(1600K)->1514K(1600K) Class: 170K(320K)->170K(320K)
[2026-05-27T11:23:19.182+0530][0.438s][info][gc          ] GC(8) Pause Young (Normal) (G1 Evacuation Pause) 316M->16M(512M) 0.934ms
[2026-05-27T11:23:19.182+0530][0.438s][info][gc,cpu      ] GC(8) User=0.01s Sys=0.00s Real=0.00s
[2026-05-27T11:23:19.226+0530][0.482s][info][gc,start    ] GC(9) Pause Young (Normal) (G1 Evacuation Pause)
[2026-05-27T11:23:19.226+0530][0.483s][info][gc,task     ] GC(9) Using 9 workers of 9 for evacuation
[2026-05-27T11:23:19.227+0530][0.483s][info][gc,phases   ] GC(9)   Pre Evacuate Collection Set: 0.07ms
[2026-05-27T11:23:19.227+0530][0.483s][info][gc,phases   ] GC(9)   Merge Heap Roots: 0.09ms
[2026-05-27T11:23:19.227+0530][0.483s][info][gc,phases   ] GC(9)   Evacuate Collection Set: 0.41ms
[2026-05-27T11:23:19.227+0530][0.483s][info][gc,phases   ] GC(9)   Post Evacuate Collection Set: 0.23ms
[2026-05-27T11:23:19.227+0530][0.483s][info][gc,phases   ] GC(9)   Other: 0.17ms
[2026-05-27T11:23:19.227+0530][0.483s][info][gc,heap     ] GC(9) Eden regions: 300->0(303)
[2026-05-27T11:23:19.227+0530][0.483s][info][gc,heap     ] GC(9) Survivor regions: 7->4(39)
[2026-05-27T11:23:19.227+0530][0.483s][info][gc,heap     ] GC(9) Old regions: 10->10
[2026-05-27T11:23:19.227+0530][0.483s][info][gc,heap     ] GC(9) Archive regions: 2->2
[2026-05-27T11:23:19.227+0530][0.484s][info][gc,heap     ] GC(9) Humongous regions: 0->0
[2026-05-27T11:23:19.227+0530][0.484s][info][gc,metaspace] GC(9) Metaspace: 1684K(1920K)->1684K(1920K) NonClass: 1514K(1600K)->1514K(1600K) Class: 170K(320K)->170K(320K)
[2026-05-27T11:23:19.227+0530][0.484s][info][gc          ] GC(9) Pause Young (Normal) (G1 Evacuation Pause) 315M->13M(512M) 1.065ms
[2026-05-27T11:23:19.227+0530][0.484s][info][gc,cpu      ] GC(9) User=0.00s Sys=0.00s Real=0.00s
[2026-05-27T11:23:19.269+0530][0.525s][info][gc,start    ] GC(10) Pause Young (Normal) (G1 Evacuation Pause)
[2026-05-27T11:23:19.269+0530][0.525s][info][gc,task     ] GC(10) Using 9 workers of 9 for evacuation
[2026-05-27T11:23:19.269+0530][0.526s][info][gc,phases   ] GC(10)   Pre Evacuate Collection Set: 0.07ms
[2026-05-27T11:23:19.269+0530][0.526s][info][gc,phases   ] GC(10)   Merge Heap Roots: 0.09ms
[2026-05-27T11:23:19.269+0530][0.526s][info][gc,phases   ] GC(10)   Evacuate Collection Set: 0.36ms
[2026-05-27T11:23:19.269+0530][0.526s][info][gc,phases   ] GC(10)   Post Evacuate Collection Set: 0.20ms
[2026-05-27T11:23:19.269+0530][0.526s][info][gc,phases   ] GC(10)   Other: 0.09ms
[2026-05-27T11:23:19.269+0530][0.526s][info][gc,heap     ] GC(10) Eden regions: 303->0(301)
[2026-05-27T11:23:19.269+0530][0.526s][info][gc,heap     ] GC(10) Survivor regions: 4->6(39)
[2026-05-27T11:23:19.270+0530][0.526s][info][gc,heap     ] GC(10) Old regions: 10->10
[2026-05-27T11:23:19.270+0530][0.526s][info][gc,heap     ] GC(10) Archive regions: 2->2
[2026-05-27T11:23:19.270+0530][0.526s][info][gc,heap     ] GC(10) Humongous regions: 0->0
[2026-05-27T11:23:19.270+0530][0.526s][info][gc,metaspace] GC(10) Metaspace: 1688K(1920K)->1688K(1920K) NonClass: 1517K(1600K)->1517K(1600K) Class: 170K(320K)->170K(320K)
[2026-05-27T11:23:19.270+0530][0.526s][info][gc          ] GC(10) Pause Young (Normal) (G1 Evacuation Pause) 316M->14M(512M) 0.872ms
[2026-05-27T11:23:19.270+0530][0.526s][info][gc,cpu      ] GC(10) User=0.01s Sys=0.00s Real=0.01s
[2026-05-27T11:23:19.311+0530][0.567s][info][gc,start    ] GC(11) Pause Young (Normal) (G1 Evacuation Pause)
[2026-05-27T11:23:19.311+0530][0.567s][info][gc,task     ] GC(11) Using 9 workers of 9 for evacuation
[2026-05-27T11:23:19.311+0530][0.568s][info][gc,phases   ] GC(11)   Pre Evacuate Collection Set: 0.07ms
[2026-05-27T11:23:19.311+0530][0.568s][info][gc,phases   ] GC(11)   Merge Heap Roots: 0.12ms
[2026-05-27T11:23:19.311+0530][0.568s][info][gc,phases   ] GC(11)   Evacuate Collection Set: 0.32ms
[2026-05-27T11:23:19.311+0530][0.568s][info][gc,phases   ] GC(11)   Post Evacuate Collection Set: 0.23ms
[2026-05-27T11:23:19.311+0530][0.568s][info][gc,phases   ] GC(11)   Other: 0.08ms
[2026-05-27T11:23:19.311+0530][0.568s][info][gc,heap     ] GC(11) Eden regions: 301->0(301)
[2026-05-27T11:23:19.311+0530][0.568s][info][gc,heap     ] GC(11) Survivor regions: 6->6(39)
[2026-05-27T11:23:19.311+0530][0.568s][info][gc,heap     ] GC(11) Old regions: 10->10
[2026-05-27T11:23:19.311+0530][0.568s][info][gc,heap     ] GC(11) Archive regions: 2->2
[2026-05-27T11:23:19.311+0530][0.568s][info][gc,heap     ] GC(11) Humongous regions: 0->0
[2026-05-27T11:23:19.311+0530][0.568s][info][gc,metaspace] GC(11) Metaspace: 1688K(1920K)->1688K(1920K) NonClass: 1517K(1600K)->1517K(1600K) Class: 170K(320K)->170K(320K)
[2026-05-27T11:23:19.311+0530][0.568s][info][gc          ] GC(11) Pause Young (Normal) (G1 Evacuation Pause) 315M->15M(512M) 0.891ms
[2026-05-27T11:23:19.311+0530][0.568s][info][gc,cpu      ] GC(11) User=0.01s Sys=0.00s Real=0.00s
[2026-05-27T11:23:19.350+0530][0.607s][info][gc,start    ] GC(12) Pause Young (Normal) (G1 Evacuation Pause)
[2026-05-27T11:23:19.350+0530][0.607s][info][gc,task     ] GC(12) Using 9 workers of 9 for evacuation
[2026-05-27T11:23:19.351+0530][0.607s][info][gc,phases   ] GC(12)   Pre Evacuate Collection Set: 0.08ms
[2026-05-27T11:23:19.351+0530][0.607s][info][gc,phases   ] GC(12)   Merge Heap Roots: 0.08ms
[2026-05-27T11:23:19.351+0530][0.607s][info][gc,phases   ] GC(12)   Evacuate Collection Set: 0.35ms
[2026-05-27T11:23:19.351+0530][0.607s][info][gc,phases   ] GC(12)   Post Evacuate Collection Set: 0.24ms
[2026-05-27T11:23:19.351+0530][0.607s][info][gc,phases   ] GC(12)   Other: 0.11ms
[2026-05-27T11:23:19.351+0530][0.607s][info][gc,heap     ] GC(12) Eden regions: 301->0(300)
[2026-05-27T11:23:19.351+0530][0.607s][info][gc,heap     ] GC(12) Survivor regions: 6->7(39)
[2026-05-27T11:23:19.351+0530][0.607s][info][gc,heap     ] GC(12) Old regions: 10->10
[2026-05-27T11:23:19.351+0530][0.608s][info][gc,heap     ] GC(12) Archive regions: 2->2
[2026-05-27T11:23:19.351+0530][0.608s][info][gc,heap     ] GC(12) Humongous regions: 0->0
[2026-05-27T11:23:19.351+0530][0.608s][info][gc,metaspace] GC(12) Metaspace: 1688K(1920K)->1688K(1920K) NonClass: 1517K(1600K)->1517K(1600K) Class: 170K(320K)->170K(320K)
[2026-05-27T11:23:19.351+0530][0.608s][info][gc          ] GC(12) Pause Young (Normal) (G1 Evacuation Pause) 316M->16M(512M) 0.956ms
[2026-05-27T11:23:19.351+0530][0.608s][info][gc,cpu      ] GC(12) User=0.00s Sys=0.00s Real=0.00s
[2026-05-27T11:23:19.392+0530][0.648s][info][gc,start    ] GC(13) Pause Young (Normal) (G1 Evacuation Pause)
[2026-05-27T11:23:19.392+0530][0.648s][info][gc,task     ] GC(13) Using 9 workers of 9 for evacuation
[2026-05-27T11:23:19.393+0530][0.649s][info][gc,phases   ] GC(13)   Pre Evacuate Collection Set: 0.07ms
[2026-05-27T11:23:19.393+0530][0.649s][info][gc,phases   ] GC(13)   Merge Heap Roots: 0.05ms
[2026-05-27T11:23:19.393+0530][0.649s][info][gc,phases   ] GC(13)   Evacuate Collection Set: 0.29ms
[2026-05-27T11:23:19.393+0530][0.649s][info][gc,phases   ] GC(13)   Post Evacuate Collection Set: 0.18ms
[2026-05-27T11:23:19.393+0530][0.649s][info][gc,phases   ] GC(13)   Other: 0.09ms
[2026-05-27T11:23:19.393+0530][0.649s][info][gc,heap     ] GC(13) Eden regions: 300->0(303)
[2026-05-27T11:23:19.393+0530][0.649s][info][gc,heap     ] GC(13) Survivor regions: 7->4(39)
[2026-05-27T11:23:19.393+0530][0.649s][info][gc,heap     ] GC(13) Old regions: 10->10
[2026-05-27T11:23:19.393+0530][0.649s][info][gc,heap     ] GC(13) Archive regions: 2->2
[2026-05-27T11:23:19.393+0530][0.649s][info][gc,heap     ] GC(13) Humongous regions: 0->0
[2026-05-27T11:23:19.393+0530][0.649s][info][gc,metaspace] GC(13) Metaspace: 1689K(1920K)->1689K(1920K) NonClass: 1518K(1600K)->1518K(1600K) Class: 170K(320K)->170K(320K)
[2026-05-27T11:23:19.393+0530][0.649s][info][gc          ] GC(13) Pause Young (Normal) (G1 Evacuation Pause) 315M->13M(512M) 0.734ms
[2026-05-27T11:23:19.393+0530][0.649s][info][gc,cpu      ] GC(13) User=0.00s Sys=0.00s Real=0.00s
[2026-05-27T11:23:19.431+0530][0.687s][info][gc,start    ] GC(14) Pause Young (Normal) (G1 Evacuation Pause)
[2026-05-27T11:23:19.431+0530][0.687s][info][gc,task     ] GC(14) Using 9 workers of 9 for evacuation
[2026-05-27T11:23:19.432+0530][0.688s][info][gc,phases   ] GC(14)   Pre Evacuate Collection Set: 0.08ms
[2026-05-27T11:23:19.432+0530][0.688s][info][gc,phases   ] GC(14)   Merge Heap Roots: 0.05ms
[2026-05-27T11:23:19.432+0530][0.688s][info][gc,phases   ] GC(14)   Evacuate Collection Set: 0.28ms
[2026-05-27T11:23:19.432+0530][0.688s][info][gc,phases   ] GC(14)   Post Evacuate Collection Set: 0.20ms
[2026-05-27T11:23:19.432+0530][0.688s][info][gc,phases   ] GC(14)   Other: 0.09ms
[2026-05-27T11:23:19.432+0530][0.688s][info][gc,heap     ] GC(14) Eden regions: 303->0(300)
[2026-05-27T11:23:19.432+0530][0.688s][info][gc,heap     ] GC(14) Survivor regions: 4->7(39)
[2026-05-27T11:23:19.432+0530][0.688s][info][gc,heap     ] GC(14) Old regions: 10->10
[2026-05-27T11:23:19.432+0530][0.688s][info][gc,heap     ] GC(14) Archive regions: 2->2
[2026-05-27T11:23:19.432+0530][0.688s][info][gc,heap     ] GC(14) Humongous regions: 9->0
[2026-05-27T11:23:19.432+0530][0.688s][info][gc,metaspace] GC(14) Metaspace: 1689K(1920K)->1689K(1920K) NonClass: 1518K(1600K)->1518K(1600K) Class: 170K(320K)->170K(320K)
[2026-05-27T11:23:19.432+0530][0.688s][info][gc          ] GC(14) Pause Young (Normal) (G1 Evacuation Pause) 325M->16M(512M) 0.791ms
[2026-05-27T11:23:19.432+0530][0.688s][info][gc,cpu      ] GC(14) User=0.00s Sys=0.00s Real=0.00s
[2026-05-27T11:23:19.470+0530][0.726s][info][gc,start    ] GC(15) Pause Young (Normal) (G1 Evacuation Pause)
[2026-05-27T11:23:19.470+0530][0.726s][info][gc,task     ] GC(15) Using 9 workers of 9 for evacuation
[2026-05-27T11:23:19.471+0530][0.727s][info][gc,phases   ] GC(15)   Pre Evacuate Collection Set: 0.09ms
[2026-05-27T11:23:19.471+0530][0.727s][info][gc,phases   ] GC(15)   Merge Heap Roots: 0.05ms
[2026-05-27T11:23:19.471+0530][0.727s][info][gc,phases   ] GC(15)   Evacuate Collection Set: 0.50ms
[2026-05-27T11:23:19.471+0530][0.727s][info][gc,phases   ] GC(15)   Post Evacuate Collection Set: 0.26ms
[2026-05-27T11:23:19.471+0530][0.727s][info][gc,phases   ] GC(15)   Other: 0.09ms
[2026-05-27T11:23:19.471+0530][0.727s][info][gc,heap     ] GC(15) Eden regions: 300->0(296)
[2026-05-27T11:23:19.471+0530][0.727s][info][gc,heap     ] GC(15) Survivor regions: 7->11(39)
[2026-05-27T11:23:19.471+0530][0.727s][info][gc,heap     ] GC(15) Old regions: 10->10
[2026-05-27T11:23:19.471+0530][0.727s][info][gc,heap     ] GC(15) Archive regions: 2->2
[2026-05-27T11:23:19.471+0530][0.727s][info][gc,heap     ] GC(15) Humongous regions: 9->0
[2026-05-27T11:23:19.471+0530][0.727s][info][gc,metaspace] GC(15) Metaspace: 1689K(1920K)->1689K(1920K) NonClass: 1518K(1600K)->1518K(1600K) Class: 170K(320K)->170K(320K)
[2026-05-27T11:23:19.471+0530][0.727s][info][gc          ] GC(15) Pause Young (Normal) (G1 Evacuation Pause) 324M->20M(512M) 1.045ms
[2026-05-27T11:23:19.471+0530][0.727s][info][gc,cpu      ] GC(15) User=0.00s Sys=0.00s Real=0.00s
[2026-05-27T11:23:19.509+0530][0.765s][info][gc,start    ] GC(16) Pause Young (Normal) (G1 Evacuation Pause)
[2026-05-27T11:23:19.509+0530][0.765s][info][gc,task     ] GC(16) Using 9 workers of 9 for evacuation
[2026-05-27T11:23:19.510+0530][0.766s][info][gc,phases   ] GC(16)   Pre Evacuate Collection Set: 0.09ms
[2026-05-27T11:23:19.510+0530][0.766s][info][gc,phases   ] GC(16)   Merge Heap Roots: 0.05ms
[2026-05-27T11:23:19.510+0530][0.766s][info][gc,phases   ] GC(16)   Evacuate Collection Set: 0.35ms
[2026-05-27T11:23:19.510+0530][0.766s][info][gc,phases   ] GC(16)   Post Evacuate Collection Set: 0.18ms
[2026-05-27T11:23:19.510+0530][0.766s][info][gc,phases   ] GC(16)   Other: 0.11ms
[2026-05-27T11:23:19.510+0530][0.766s][info][gc,heap     ] GC(16) Eden regions: 296->0(302)
[2026-05-27T11:23:19.510+0530][0.766s][info][gc,heap     ] GC(16) Survivor regions: 11->5(39)
[2026-05-27T11:23:19.510+0530][0.766s][info][gc,heap     ] GC(16) Old regions: 10->10
[2026-05-27T11:23:19.510+0530][0.766s][info][gc,heap     ] GC(16) Archive regions: 2->2
[2026-05-27T11:23:19.510+0530][0.766s][info][gc,heap     ] GC(16) Humongous regions: 9->0
[2026-05-27T11:23:19.510+0530][0.766s][info][gc,metaspace] GC(16) Metaspace: 1689K(1920K)->1689K(1920K) NonClass: 1518K(1600K)->1518K(1600K) Class: 170K(320K)->170K(320K)
[2026-05-27T11:23:19.510+0530][0.766s][info][gc          ] GC(16) Pause Young (Normal) (G1 Evacuation Pause) 324M->14M(512M) 0.832ms
[2026-05-27T11:23:19.510+0530][0.766s][info][gc,cpu      ] GC(16) User=0.00s Sys=0.00s Real=0.01s
[2026-05-27T11:23:19.550+0530][0.806s][info][gc,start    ] GC(17) Pause Young (Normal) (G1 Evacuation Pause)
[2026-05-27T11:23:19.550+0530][0.806s][info][gc,task     ] GC(17) Using 9 workers of 9 for evacuation
[2026-05-27T11:23:19.551+0530][0.807s][info][gc,phases   ] GC(17)   Pre Evacuate Collection Set: 0.07ms
[2026-05-27T11:23:19.551+0530][0.807s][info][gc,phases   ] GC(17)   Merge Heap Roots: 0.06ms
[2026-05-27T11:23:19.551+0530][0.807s][info][gc,phases   ] GC(17)   Evacuate Collection Set: 0.27ms
[2026-05-27T11:23:19.551+0530][0.807s][info][gc,phases   ] GC(17)   Post Evacuate Collection Set: 0.13ms
[2026-05-27T11:23:19.551+0530][0.807s][info][gc,phases   ] GC(17)   Other: 0.09ms
[2026-05-27T11:23:19.551+0530][0.807s][info][gc,heap     ] GC(17) Eden regions: 302->0(301)
[2026-05-27T11:23:19.551+0530][0.807s][info][gc,heap     ] GC(17) Survivor regions: 5->6(39)
[2026-05-27T11:23:19.551+0530][0.807s][info][gc,heap     ] GC(17) Old regions: 10->10
[2026-05-27T11:23:19.551+0530][0.807s][info][gc,heap     ] GC(17) Archive regions: 2->2
[2026-05-27T11:23:19.551+0530][0.807s][info][gc,heap     ] GC(17) Humongous regions: 0->0
[2026-05-27T11:23:19.551+0530][0.807s][info][gc,metaspace] GC(17) Metaspace: 1689K(1920K)->1689K(1920K) NonClass: 1518K(1600K)->1518K(1600K) Class: 170K(320K)->170K(320K)
[2026-05-27T11:23:19.551+0530][0.807s][info][gc          ] GC(17) Pause Young (Normal) (G1 Evacuation Pause) 316M->15M(512M) 0.689ms
[2026-05-27T11:23:19.551+0530][0.807s][info][gc,cpu      ] GC(17) User=0.01s Sys=0.00s Real=0.00s
[2026-05-27T11:23:19.591+0530][0.847s][info][gc,start    ] GC(18) Pause Young (Normal) (G1 Evacuation Pause)
[2026-05-27T11:23:19.591+0530][0.847s][info][gc,task     ] GC(18) Using 9 workers of 9 for evacuation
[2026-05-27T11:23:19.592+0530][0.848s][info][gc,phases   ] GC(18)   Pre Evacuate Collection Set: 0.09ms
[2026-05-27T11:23:19.592+0530][0.848s][info][gc,phases   ] GC(18)   Merge Heap Roots: 0.05ms
[2026-05-27T11:23:19.592+0530][0.848s][info][gc,phases   ] GC(18)   Evacuate Collection Set: 0.29ms
[2026-05-27T11:23:19.592+0530][0.848s][info][gc,phases   ] GC(18)   Post Evacuate Collection Set: 0.17ms
[2026-05-27T11:23:19.592+0530][0.848s][info][gc,phases   ] GC(18)   Other: 0.09ms
[2026-05-27T11:23:19.592+0530][0.848s][info][gc,heap     ] GC(18) Eden regions: 301->0(302)
[2026-05-27T11:23:19.592+0530][0.848s][info][gc,heap     ] GC(18) Survivor regions: 6->5(39)
[2026-05-27T11:23:19.592+0530][0.848s][info][gc,heap     ] GC(18) Old regions: 10->10
[2026-05-27T11:23:19.592+0530][0.848s][info][gc,heap     ] GC(18) Archive regions: 2->2
[2026-05-27T11:23:19.592+0530][0.848s][info][gc,heap     ] GC(18) Humongous regions: 0->0
[2026-05-27T11:23:19.592+0530][0.848s][info][gc,metaspace] GC(18) Metaspace: 1689K(1920K)->1689K(1920K) NonClass: 1518K(1600K)->1518K(1600K) Class: 170K(320K)->170K(320K)
[2026-05-27T11:23:19.592+0530][0.848s][info][gc          ] GC(18) Pause Young (Normal) (G1 Evacuation Pause) 316M->14M(512M) 0.764ms
[2026-05-27T11:23:19.592+0530][0.848s][info][gc,cpu      ] GC(18) User=0.01s Sys=0.00s Real=0.00s
[2026-05-27T11:23:19.634+0530][0.890s][info][gc,start    ] GC(19) Pause Young (Normal) (G1 Evacuation Pause)
[2026-05-27T11:23:19.634+0530][0.890s][info][gc,task     ] GC(19) Using 9 workers of 9 for evacuation
[2026-05-27T11:23:19.635+0530][0.891s][info][gc,phases   ] GC(19)   Pre Evacuate Collection Set: 0.07ms
[2026-05-27T11:23:19.635+0530][0.891s][info][gc,phases   ] GC(19)   Merge Heap Roots: 0.06ms
[2026-05-27T11:23:19.635+0530][0.891s][info][gc,phases   ] GC(19)   Evacuate Collection Set: 0.26ms
[2026-05-27T11:23:19.635+0530][0.891s][info][gc,phases   ] GC(19)   Post Evacuate Collection Set: 0.18ms
[2026-05-27T11:23:19.635+0530][0.891s][info][gc,phases   ] GC(19)   Other: 0.10ms
[2026-05-27T11:23:19.635+0530][0.891s][info][gc,heap     ] GC(19) Eden regions: 302->0(306)
[2026-05-27T11:23:19.635+0530][0.891s][info][gc,heap     ] GC(19) Survivor regions: 5->1(39)
[2026-05-27T11:23:19.635+0530][0.891s][info][gc,heap     ] GC(19) Old regions: 10->10
[2026-05-27T11:23:19.635+0530][0.891s][info][gc,heap     ] GC(19) Archive regions: 2->2
[2026-05-27T11:23:19.635+0530][0.891s][info][gc,heap     ] GC(19) Humongous regions: 0->0
[2026-05-27T11:23:19.635+0530][0.891s][info][gc,metaspace] GC(19) Metaspace: 1689K(1920K)->1689K(1920K) NonClass: 1518K(1600K)->1518K(1600K) Class: 170K(320K)->170K(320K)
[2026-05-27T11:23:19.635+0530][0.891s][info][gc          ] GC(19) Pause Young (Normal) (G1 Evacuation Pause) 316M->10M(512M) 0.729ms
[2026-05-27T11:23:19.635+0530][0.891s][info][gc,cpu      ] GC(19) User=0.01s Sys=0.00s Real=0.00s
[2026-05-27T11:23:19.674+0530][0.930s][info][gc,start    ] GC(20) Pause Young (Normal) (G1 Evacuation Pause)
[2026-05-27T11:23:19.674+0530][0.930s][info][gc,task     ] GC(20) Using 9 workers of 9 for evacuation
[2026-05-27T11:23:19.675+0530][0.931s][info][gc,phases   ] GC(20)   Pre Evacuate Collection Set: 0.10ms
[2026-05-27T11:23:19.675+0530][0.931s][info][gc,phases   ] GC(20)   Merge Heap Roots: 0.08ms
[2026-05-27T11:23:19.675+0530][0.931s][info][gc,phases   ] GC(20)   Evacuate Collection Set: 0.29ms
[2026-05-27T11:23:19.675+0530][0.931s][info][gc,phases   ] GC(20)   Post Evacuate Collection Set: 0.24ms
[2026-05-27T11:23:19.675+0530][0.931s][info][gc,phases   ] GC(20)   Other: 0.10ms
[2026-05-27T11:23:19.675+0530][0.931s][info][gc,heap     ] GC(20) Eden regions: 306->0(301)
[2026-05-27T11:23:19.675+0530][0.931s][info][gc,heap     ] GC(20) Survivor regions: 1->6(39)
[2026-05-27T11:23:19.675+0530][0.931s][info][gc,heap     ] GC(20) Old regions: 10->10
[2026-05-27T11:23:19.675+0530][0.931s][info][gc,heap     ] GC(20) Archive regions: 2->2
[2026-05-27T11:23:19.675+0530][0.931s][info][gc,heap     ] GC(20) Humongous regions: 0->0
[2026-05-27T11:23:19.675+0530][0.931s][info][gc,metaspace] GC(20) Metaspace: 1689K(1920K)->1689K(1920K) NonClass: 1518K(1600K)->1518K(1600K) Class: 170K(320K)->170K(320K)
[2026-05-27T11:23:19.675+0530][0.931s][info][gc          ] GC(20) Pause Young (Normal) (G1 Evacuation Pause) 316M->15M(512M) 0.889ms
[2026-05-27T11:23:19.675+0530][0.931s][info][gc,cpu      ] GC(20) User=0.00s Sys=0.00s Real=0.00s
[2026-05-27T11:23:19.713+0530][0.969s][info][gc,start    ] GC(21) Pause Young (Normal) (G1 Evacuation Pause)
[2026-05-27T11:23:19.713+0530][0.969s][info][gc,task     ] GC(21) Using 9 workers of 9 for evacuation
[2026-05-27T11:23:19.714+0530][0.970s][info][gc,phases   ] GC(21)   Pre Evacuate Collection Set: 0.07ms
[2026-05-27T11:23:19.714+0530][0.970s][info][gc,phases   ] GC(21)   Merge Heap Roots: 0.04ms
[2026-05-27T11:23:19.714+0530][0.970s][info][gc,phases   ] GC(21)   Evacuate Collection Set: 0.30ms
[2026-05-27T11:23:19.714+0530][0.970s][info][gc,phases   ] GC(21)   Post Evacuate Collection Set: 0.14ms
[2026-05-27T11:23:19.714+0530][0.970s][info][gc,phases   ] GC(21)   Other: 0.10ms
[2026-05-27T11:23:19.714+0530][0.970s][info][gc,heap     ] GC(21) Eden regions: 301->0(300)
[2026-05-27T11:23:19.714+0530][0.970s][info][gc,heap     ] GC(21) Survivor regions: 6->7(39)
[2026-05-27T11:23:19.714+0530][0.970s][info][gc,heap     ] GC(21) Old regions: 10->10
[2026-05-27T11:23:19.714+0530][0.970s][info][gc,heap     ] GC(21) Archive regions: 2->2
[2026-05-27T11:23:19.714+0530][0.970s][info][gc,heap     ] GC(21) Humongous regions: 0->0
[2026-05-27T11:23:19.714+0530][0.970s][info][gc,metaspace] GC(21) Metaspace: 1689K(1920K)->1689K(1920K) NonClass: 1518K(1600K)->1518K(1600K) Class: 170K(320K)->170K(320K)
[2026-05-27T11:23:19.714+0530][0.970s][info][gc          ] GC(21) Pause Young (Normal) (G1 Evacuation Pause) 316M->16M(512M) 0.723ms
[2026-05-27T11:23:19.714+0530][0.970s][info][gc,cpu      ] GC(21) User=0.01s Sys=0.00s Real=0.00s
[2026-05-27T11:23:19.752+0530][1.008s][info][gc,start    ] GC(22) Pause Young (Normal) (G1 Evacuation Pause)
[2026-05-27T11:23:19.752+0530][1.008s][info][gc,task     ] GC(22) Using 9 workers of 9 for evacuation
[2026-05-27T11:23:19.753+0530][1.009s][info][gc,phases   ] GC(22)   Pre Evacuate Collection Set: 0.07ms
[2026-05-27T11:23:19.753+0530][1.009s][info][gc,phases   ] GC(22)   Merge Heap Roots: 0.05ms
[2026-05-27T11:23:19.753+0530][1.009s][info][gc,phases   ] GC(22)   Evacuate Collection Set: 0.31ms
[2026-05-27T11:23:19.753+0530][1.009s][info][gc,phases   ] GC(22)   Post Evacuate Collection Set: 0.21ms
[2026-05-27T11:23:19.753+0530][1.009s][info][gc,phases   ] GC(22)   Other: 0.11ms
[2026-05-27T11:23:19.753+0530][1.009s][info][gc,heap     ] GC(22) Eden regions: 300->0(303)
[2026-05-27T11:23:19.753+0530][1.009s][info][gc,heap     ] GC(22) Survivor regions: 7->4(39)
[2026-05-27T11:23:19.753+0530][1.009s][info][gc,heap     ] GC(22) Old regions: 10->10
[2026-05-27T11:23:19.753+0530][1.009s][info][gc,heap     ] GC(22) Archive regions: 2->2
[2026-05-27T11:23:19.753+0530][1.009s][info][gc,heap     ] GC(22) Humongous regions: 9->0
[2026-05-27T11:23:19.753+0530][1.009s][info][gc,metaspace] GC(22) Metaspace: 1689K(1920K)->1689K(1920K) NonClass: 1518K(1600K)->1518K(1600K) Class: 170K(320K)->170K(320K)
[2026-05-27T11:23:19.753+0530][1.009s][info][gc          ] GC(22) Pause Young (Normal) (G1 Evacuation Pause) 325M->13M(512M) 0.824ms
[2026-05-27T11:23:19.753+0530][1.009s][info][gc,cpu      ] GC(22) User=0.00s Sys=0.00s Real=0.00s
[2026-05-27T11:23:19.792+0530][1.048s][info][gc,start    ] GC(23) Pause Young (Normal) (G1 Evacuation Pause)
[2026-05-27T11:23:19.792+0530][1.048s][info][gc,task     ] GC(23) Using 9 workers of 9 for evacuation
[2026-05-27T11:23:19.793+0530][1.049s][info][gc,phases   ] GC(23)   Pre Evacuate Collection Set: 0.12ms
[2026-05-27T11:23:19.793+0530][1.049s][info][gc,phases   ] GC(23)   Merge Heap Roots: 0.05ms
[2026-05-27T11:23:19.793+0530][1.049s][info][gc,phases   ] GC(23)   Evacuate Collection Set: 0.28ms
[2026-05-27T11:23:19.793+0530][1.049s][info][gc,phases   ] GC(23)   Post Evacuate Collection Set: 0.16ms
[2026-05-27T11:23:19.793+0530][1.049s][info][gc,phases   ] GC(23)   Other: 0.10ms
[2026-05-27T11:23:19.793+0530][1.049s][info][gc,heap     ] GC(23) Eden regions: 303->0(301)
[2026-05-27T11:23:19.793+0530][1.049s][info][gc,heap     ] GC(23) Survivor regions: 4->6(39)
[2026-05-27T11:23:19.793+0530][1.049s][info][gc,heap     ] GC(23) Old regions: 10->10
[2026-05-27T11:23:19.793+0530][1.049s][info][gc,heap     ] GC(23) Archive regions: 2->2
[2026-05-27T11:23:19.793+0530][1.049s][info][gc,heap     ] GC(23) Humongous regions: 0->0
[2026-05-27T11:23:19.793+0530][1.049s][info][gc,metaspace] GC(23) Metaspace: 1689K(1920K)->1689K(1920K) NonClass: 1518K(1600K)->1518K(1600K) Class: 170K(320K)->170K(320K)
[2026-05-27T11:23:19.793+0530][1.049s][info][gc          ] GC(23) Pause Young (Normal) (G1 Evacuation Pause) 316M->15M(512M) 0.795ms
[2026-05-27T11:23:19.793+0530][1.049s][info][gc,cpu      ] GC(23) User=0.00s Sys=0.00s Real=0.00s
[2026-05-27T11:23:19.833+0530][1.089s][info][gc,start    ] GC(24) Pause Young (Normal) (G1 Evacuation Pause)
[2026-05-27T11:23:19.833+0530][1.089s][info][gc,task     ] GC(24) Using 9 workers of 9 for evacuation
[2026-05-27T11:23:19.834+0530][1.090s][info][gc,phases   ] GC(24)   Pre Evacuate Collection Set: 0.10ms
[2026-05-27T11:23:19.834+0530][1.090s][info][gc,phases   ] GC(24)   Merge Heap Roots: 0.10ms
[2026-05-27T11:23:19.834+0530][1.090s][info][gc,phases   ] GC(24)   Evacuate Collection Set: 0.29ms
[2026-05-27T11:23:19.834+0530][1.090s][info][gc,phases   ] GC(24)   Post Evacuate Collection Set: 0.15ms
[2026-05-27T11:23:19.834+0530][1.090s][info][gc,phases   ] GC(24)   Other: 0.09ms
[2026-05-27T11:23:19.834+0530][1.090s][info][gc,heap     ] GC(24) Eden regions: 301->0(302)
[2026-05-27T11:23:19.834+0530][1.090s][info][gc,heap     ] GC(24) Survivor regions: 6->5(39)
[2026-05-27T11:23:19.834+0530][1.090s][info][gc,heap     ] GC(24) Old regions: 10->10
[2026-05-27T11:23:19.834+0530][1.090s][info][gc,heap     ] GC(24) Archive regions: 2->2
[2026-05-27T11:23:19.834+0530][1.090s][info][gc,heap     ] GC(24) Humongous regions: 0->0
[2026-05-27T11:23:19.834+0530][1.090s][info][gc,metaspace] GC(24) Metaspace: 1689K(1920K)->1689K(1920K) NonClass: 1518K(1600K)->1518K(1600K) Class: 170K(320K)->170K(320K)
[2026-05-27T11:23:19.834+0530][1.090s][info][gc          ] GC(24) Pause Young (Normal) (G1 Evacuation Pause) 316M->14M(512M) 0.813ms
[2026-05-27T11:23:19.834+0530][1.090s][info][gc,cpu      ] GC(24) User=0.00s Sys=0.00s Real=0.00s
[2026-05-27T11:23:19.873+0530][1.129s][info][gc,start    ] GC(25) Pause Young (Normal) (G1 Evacuation Pause)
[2026-05-27T11:23:19.873+0530][1.129s][info][gc,task     ] GC(25) Using 9 workers of 9 for evacuation
[2026-05-27T11:23:19.873+0530][1.129s][info][gc,phases   ] GC(25)   Pre Evacuate Collection Set: 0.07ms
[2026-05-27T11:23:19.873+0530][1.130s][info][gc,phases   ] GC(25)   Merge Heap Roots: 0.05ms
[2026-05-27T11:23:19.873+0530][1.130s][info][gc,phases   ] GC(25)   Evacuate Collection Set: 0.28ms
[2026-05-27T11:23:19.873+0530][1.130s][info][gc,phases   ] GC(25)   Post Evacuate Collection Set: 0.19ms
[2026-05-27T11:23:19.873+0530][1.130s][info][gc,phases   ] GC(25)   Other: 0.09ms
[2026-05-27T11:23:19.873+0530][1.130s][info][gc,heap     ] GC(25) Eden regions: 302->0(301)
[2026-05-27T11:23:19.873+0530][1.130s][info][gc,heap     ] GC(25) Survivor regions: 5->6(39)
[2026-05-27T11:23:19.873+0530][1.130s][info][gc,heap     ] GC(25) Old regions: 10->10
[2026-05-27T11:23:19.873+0530][1.130s][info][gc,heap     ] GC(25) Archive regions: 2->2
[2026-05-27T11:23:19.873+0530][1.130s][info][gc,heap     ] GC(25) Humongous regions: 0->0
[2026-05-27T11:23:19.873+0530][1.130s][info][gc,metaspace] GC(25) Metaspace: 1689K(1920K)->1689K(1920K) NonClass: 1518K(1600K)->1518K(1600K) Class: 170K(320K)->170K(320K)
[2026-05-27T11:23:19.873+0530][1.130s][info][gc          ] GC(25) Pause Young (Normal) (G1 Evacuation Pause) 316M->15M(512M) 0.746ms
[2026-05-27T11:23:19.873+0530][1.130s][info][gc,cpu      ] GC(25) User=0.01s Sys=0.00s Real=0.00s
[2026-05-27T11:23:19.914+0530][1.170s][info][gc,start    ] GC(26) Pause Young (Normal) (G1 Evacuation Pause)
[2026-05-27T11:23:19.914+0530][1.170s][info][gc,task     ] GC(26) Using 9 workers of 9 for evacuation
[2026-05-27T11:23:19.915+0530][1.171s][info][gc,phases   ] GC(26)   Pre Evacuate Collection Set: 0.07ms
[2026-05-27T11:23:19.915+0530][1.171s][info][gc,phases   ] GC(26)   Merge Heap Roots: 0.06ms
[2026-05-27T11:23:19.915+0530][1.171s][info][gc,phases   ] GC(26)   Evacuate Collection Set: 0.26ms
[2026-05-27T11:23:19.915+0530][1.171s][info][gc,phases   ] GC(26)   Post Evacuate Collection Set: 0.20ms
[2026-05-27T11:23:19.915+0530][1.171s][info][gc,phases   ] GC(26)   Other: 0.11ms
[2026-05-27T11:23:19.915+0530][1.171s][info][gc,heap     ] GC(26) Eden regions: 301->0(302)
[2026-05-27T11:23:19.915+0530][1.171s][info][gc,heap     ] GC(26) Survivor regions: 6->5(39)
[2026-05-27T11:23:19.915+0530][1.171s][info][gc,heap     ] GC(26) Old regions: 10->10
[2026-05-27T11:23:19.915+0530][1.171s][info][gc,heap     ] GC(26) Archive regions: 2->2
[2026-05-27T11:23:19.915+0530][1.171s][info][gc,heap     ] GC(26) Humongous regions: 0->0
[2026-05-27T11:23:19.915+0530][1.171s][info][gc,metaspace] GC(26) Metaspace: 1689K(1920K)->1689K(1920K) NonClass: 1518K(1600K)->1518K(1600K) Class: 170K(320K)->170K(320K)
[2026-05-27T11:23:19.915+0530][1.171s][info][gc          ] GC(26) Pause Young (Normal) (G1 Evacuation Pause) 316M->14M(512M) 0.781ms
[2026-05-27T11:23:19.915+0530][1.171s][info][gc,cpu      ] GC(26) User=0.00s Sys=0.00s Real=0.00s
[2026-05-27T11:23:19.953+0530][1.209s][info][gc,start    ] GC(27) Pause Young (Normal) (G1 Evacuation Pause)
[2026-05-27T11:23:19.953+0530][1.209s][info][gc,task     ] GC(27) Using 9 workers of 9 for evacuation
[2026-05-27T11:23:19.954+0530][1.210s][info][gc,phases   ] GC(27)   Pre Evacuate Collection Set: 0.12ms
[2026-05-27T11:23:19.954+0530][1.210s][info][gc,phases   ] GC(27)   Merge Heap Roots: 0.05ms
[2026-05-27T11:23:19.954+0530][1.210s][info][gc,phases   ] GC(27)   Evacuate Collection Set: 0.29ms
[2026-05-27T11:23:19.954+0530][1.210s][info][gc,phases   ] GC(27)   Post Evacuate Collection Set: 0.19ms
[2026-05-27T11:23:19.954+0530][1.210s][info][gc,phases   ] GC(27)   Other: 0.10ms
[2026-05-27T11:23:19.954+0530][1.210s][info][gc,heap     ] GC(27) Eden regions: 302->0(302)
[2026-05-27T11:23:19.954+0530][1.210s][info][gc,heap     ] GC(27) Survivor regions: 5->5(39)
[2026-05-27T11:23:19.954+0530][1.210s][info][gc,heap     ] GC(27) Old regions: 10->10
[2026-05-27T11:23:19.954+0530][1.210s][info][gc,heap     ] GC(27) Archive regions: 2->2
[2026-05-27T11:23:19.954+0530][1.210s][info][gc,heap     ] GC(27) Humongous regions: 0->0
[2026-05-27T11:23:19.954+0530][1.210s][info][gc,metaspace] GC(27) Metaspace: 1689K(1920K)->1689K(1920K) NonClass: 1518K(1600K)->1518K(1600K) Class: 170K(320K)->170K(320K)
[2026-05-27T11:23:19.954+0530][1.210s][info][gc          ] GC(27) Pause Young (Normal) (G1 Evacuation Pause) 316M->14M(512M) 0.812ms
[2026-05-27T11:23:19.954+0530][1.210s][info][gc,cpu      ] GC(27) User=0.00s Sys=0.00s Real=0.00s
[2026-05-27T11:23:19.994+0530][1.250s][info][gc,start    ] GC(28) Pause Young (Normal) (G1 Evacuation Pause)
[2026-05-27T11:23:19.994+0530][1.251s][info][gc,task     ] GC(28) Using 9 workers of 9 for evacuation
[2026-05-27T11:23:19.995+0530][1.251s][info][gc,phases   ] GC(28)   Pre Evacuate Collection Set: 0.08ms
[2026-05-27T11:23:19.995+0530][1.251s][info][gc,phases   ] GC(28)   Merge Heap Roots: 0.06ms
[2026-05-27T11:23:19.995+0530][1.251s][info][gc,phases   ] GC(28)   Evacuate Collection Set: 0.27ms
[2026-05-27T11:23:19.995+0530][1.251s][info][gc,phases   ] GC(28)   Post Evacuate Collection Set: 0.16ms
[2026-05-27T11:23:19.995+0530][1.251s][info][gc,phases   ] GC(28)   Other: 0.11ms
[2026-05-27T11:23:19.995+0530][1.251s][info][gc,heap     ] GC(28) Eden regions: 302->0(303)
[2026-05-27T11:23:19.995+0530][1.251s][info][gc,heap     ] GC(28) Survivor regions: 5->4(39)
[2026-05-27T11:23:19.995+0530][1.251s][info][gc,heap     ] GC(28) Old regions: 10->10
[2026-05-27T11:23:19.995+0530][1.251s][info][gc,heap     ] GC(28) Archive regions: 2->2
[2026-05-27T11:23:19.995+0530][1.251s][info][gc,heap     ] GC(28) Humongous regions: 0->0
[2026-05-27T11:23:19.995+0530][1.251s][info][gc,metaspace] GC(28) Metaspace: 1689K(1920K)->1689K(1920K) NonClass: 1518K(1600K)->1518K(1600K) Class: 170K(320K)->170K(320K)
[2026-05-27T11:23:19.995+0530][1.251s][info][gc          ] GC(28) Pause Young (Normal) (G1 Evacuation Pause) 316M->13M(512M) 0.758ms
[2026-05-27T11:23:19.995+0530][1.251s][info][gc,cpu      ] GC(28) User=0.00s Sys=0.00s Real=0.00s
[2026-05-27T11:23:20.035+0530][1.291s][info][gc,start    ] GC(29) Pause Young (Normal) (G1 Evacuation Pause)
[2026-05-27T11:23:20.035+0530][1.291s][info][gc,task     ] GC(29) Using 9 workers of 9 for evacuation
[2026-05-27T11:23:20.035+0530][1.291s][info][gc,phases   ] GC(29)   Pre Evacuate Collection Set: 0.10ms
[2026-05-27T11:23:20.035+0530][1.291s][info][gc,phases   ] GC(29)   Merge Heap Roots: 0.04ms
[2026-05-27T11:23:20.035+0530][1.291s][info][gc,phases   ] GC(29)   Evacuate Collection Set: 0.26ms
[2026-05-27T11:23:20.035+0530][1.291s][info][gc,phases   ] GC(29)   Post Evacuate Collection Set: 0.15ms
[2026-05-27T11:23:20.035+0530][1.291s][info][gc,phases   ] GC(29)   Other: 0.11ms
[2026-05-27T11:23:20.035+0530][1.291s][info][gc,heap     ] GC(29) Eden regions: 303->0(302)
[2026-05-27T11:23:20.035+0530][1.291s][info][gc,heap     ] GC(29) Survivor regions: 4->5(39)
[2026-05-27T11:23:20.035+0530][1.291s][info][gc,heap     ] GC(29) Old regions: 10->10
[2026-05-27T11:23:20.035+0530][1.291s][info][gc,heap     ] GC(29) Archive regions: 2->2
[2026-05-27T11:23:20.035+0530][1.291s][info][gc,heap     ] GC(29) Humongous regions: 0->0
[2026-05-27T11:23:20.035+0530][1.291s][info][gc,metaspace] GC(29) Metaspace: 1689K(1920K)->1689K(1920K) NonClass: 1518K(1600K)->1518K(1600K) Class: 170K(320K)->170K(320K)
[2026-05-27T11:23:20.035+0530][1.291s][info][gc          ] GC(29) Pause Young (Normal) (G1 Evacuation Pause) 316M->14M(512M) 0.703ms
[2026-05-27T11:23:20.035+0530][1.291s][info][gc,cpu      ] GC(29) User=0.00s Sys=0.00s Real=0.00s
[2026-05-27T11:23:20.074+0530][1.330s][info][gc,start    ] GC(30) Pause Young (Normal) (G1 Evacuation Pause)
[2026-05-27T11:23:20.074+0530][1.330s][info][gc,task     ] GC(30) Using 9 workers of 9 for evacuation
[2026-05-27T11:23:20.075+0530][1.331s][info][gc,phases   ] GC(30)   Pre Evacuate Collection Set: 0.06ms
[2026-05-27T11:23:20.075+0530][1.331s][info][gc,phases   ] GC(30)   Merge Heap Roots: 0.06ms
[2026-05-27T11:23:20.075+0530][1.331s][info][gc,phases   ] GC(30)   Evacuate Collection Set: 0.57ms
[2026-05-27T11:23:20.075+0530][1.331s][info][gc,phases   ] GC(30)   Post Evacuate Collection Set: 0.21ms
[2026-05-27T11:23:20.075+0530][1.331s][info][gc,phases   ] GC(30)   Other: 0.09ms
[2026-05-27T11:23:20.075+0530][1.331s][info][gc,heap     ] GC(30) Eden regions: 302->0(294)
[2026-05-27T11:23:20.075+0530][1.331s][info][gc,heap     ] GC(30) Survivor regions: 5->13(39)
[2026-05-27T11:23:20.075+0530][1.331s][info][gc,heap     ] GC(30) Old regions: 10->10
[2026-05-27T11:23:20.075+0530][1.331s][info][gc,heap     ] GC(30) Archive regions: 2->2
[2026-05-27T11:23:20.075+0530][1.331s][info][gc,heap     ] GC(30) Humongous regions: 0->0
[2026-05-27T11:23:20.075+0530][1.331s][info][gc,metaspace] GC(30) Metaspace: 1689K(1920K)->1689K(1920K) NonClass: 1518K(1600K)->1518K(1600K) Class: 170K(320K)->170K(320K)
[2026-05-27T11:23:20.075+0530][1.331s][info][gc          ] GC(30) Pause Young (Normal) (G1 Evacuation Pause) 316M->22M(512M) 1.164ms
[2026-05-27T11:23:20.075+0530][1.331s][info][gc,cpu      ] GC(30) User=0.00s Sys=0.00s Real=0.00s
[2026-05-27T11:23:20.115+0530][1.371s][info][gc,start    ] GC(31) Pause Young (Normal) (G1 Evacuation Pause)
[2026-05-27T11:23:20.115+0530][1.371s][info][gc,task     ] GC(31) Using 9 workers of 9 for evacuation
[2026-05-27T11:23:20.115+0530][1.372s][info][gc,phases   ] GC(31)   Pre Evacuate Collection Set: 0.06ms
[2026-05-27T11:23:20.115+0530][1.372s][info][gc,phases   ] GC(31)   Merge Heap Roots: 0.06ms
[2026-05-27T11:23:20.115+0530][1.372s][info][gc,phases   ] GC(31)   Evacuate Collection Set: 0.32ms
[2026-05-27T11:23:20.115+0530][1.372s][info][gc,phases   ] GC(31)   Post Evacuate Collection Set: 0.16ms
[2026-05-27T11:23:20.115+0530][1.372s][info][gc,phases   ] GC(31)   Other: 0.10ms
[2026-05-27T11:23:20.115+0530][1.372s][info][gc,heap     ] GC(31) Eden regions: 294->0(302)
[2026-05-27T11:23:20.115+0530][1.372s][info][gc,heap     ] GC(31) Survivor regions: 13->5(39)
[2026-05-27T11:23:20.115+0530][1.372s][info][gc,heap     ] GC(31) Old regions: 10->10
[2026-05-27T11:23:20.115+0530][1.372s][info][gc,heap     ] GC(31) Archive regions: 2->2
[2026-05-27T11:23:20.115+0530][1.372s][info][gc,heap     ] GC(31) Humongous regions: 0->0
[2026-05-27T11:23:20.115+0530][1.372s][info][gc,metaspace] GC(31) Metaspace: 1689K(1920K)->1689K(1920K) NonClass: 1518K(1600K)->1518K(1600K) Class: 170K(320K)->170K(320K)
[2026-05-27T11:23:20.115+0530][1.372s][info][gc          ] GC(31) Pause Young (Normal) (G1 Evacuation Pause) 316M->14M(512M) 0.765ms
[2026-05-27T11:23:20.115+0530][1.372s][info][gc,cpu      ] GC(31) User=0.01s Sys=0.00s Real=0.00s
[2026-05-27T11:23:20.160+0530][1.416s][info][gc,start    ] GC(32) Pause Young (Normal) (G1 Evacuation Pause)
[2026-05-27T11:23:20.160+0530][1.416s][info][gc,task     ] GC(32) Using 9 workers of 9 for evacuation
[2026-05-27T11:23:20.161+0530][1.417s][info][gc,phases   ] GC(32)   Pre Evacuate Collection Set: 0.07ms
[2026-05-27T11:23:20.161+0530][1.417s][info][gc,phases   ] GC(32)   Merge Heap Roots: 0.04ms
[2026-05-27T11:23:20.161+0530][1.417s][info][gc,phases   ] GC(32)   Evacuate Collection Set: 0.25ms
[2026-05-27T11:23:20.161+0530][1.417s][info][gc,phases   ] GC(32)   Post Evacuate Collection Set: 0.21ms
[2026-05-27T11:23:20.161+0530][1.417s][info][gc,phases   ] GC(32)   Other: 0.11ms
[2026-05-27T11:23:20.161+0530][1.417s][info][gc,heap     ] GC(32) Eden regions: 302->0(301)
[2026-05-27T11:23:20.161+0530][1.417s][info][gc,heap     ] GC(32) Survivor regions: 5->6(39)
[2026-05-27T11:23:20.161+0530][1.417s][info][gc,heap     ] GC(32) Old regions: 10->10
[2026-05-27T11:23:20.161+0530][1.417s][info][gc,heap     ] GC(32) Archive regions: 2->2
[2026-05-27T11:23:20.161+0530][1.417s][info][gc,heap     ] GC(32) Humongous regions: 0->0
[2026-05-27T11:23:20.161+0530][1.417s][info][gc,metaspace] GC(32) Metaspace: 1689K(1920K)->1689K(1920K) NonClass: 1518K(1600K)->1518K(1600K) Class: 170K(320K)->170K(320K)
[2026-05-27T11:23:20.161+0530][1.417s][info][gc          ] GC(32) Pause Young (Normal) (G1 Evacuation Pause) 316M->15M(512M) 0.758ms
[2026-05-27T11:23:20.161+0530][1.417s][info][gc,cpu      ] GC(32) User=0.00s Sys=0.00s Real=0.00s
[2026-05-27T11:23:20.200+0530][1.456s][info][gc,start    ] GC(33) Pause Young (Normal) (G1 Evacuation Pause)
[2026-05-27T11:23:20.200+0530][1.456s][info][gc,task     ] GC(33) Using 9 workers of 9 for evacuation
[2026-05-27T11:23:20.200+0530][1.457s][info][gc,phases   ] GC(33)   Pre Evacuate Collection Set: 0.12ms
[2026-05-27T11:23:20.201+0530][1.457s][info][gc,phases   ] GC(33)   Merge Heap Roots: 0.08ms
[2026-05-27T11:23:20.201+0530][1.457s][info][gc,phases   ] GC(33)   Evacuate Collection Set: 0.30ms
[2026-05-27T11:23:20.201+0530][1.457s][info][gc,phases   ] GC(33)   Post Evacuate Collection Set: 0.21ms
[2026-05-27T11:23:20.201+0530][1.457s][info][gc,phases   ] GC(33)   Other: 0.10ms
[2026-05-27T11:23:20.201+0530][1.457s][info][gc,heap     ] GC(33) Eden regions: 301->0(301)
[2026-05-27T11:23:20.201+0530][1.457s][info][gc,heap     ] GC(33) Survivor regions: 6->6(39)
[2026-05-27T11:23:20.201+0530][1.457s][info][gc,heap     ] GC(33) Old regions: 10->10
[2026-05-27T11:23:20.201+0530][1.457s][info][gc,heap     ] GC(33) Archive regions: 2->2
[2026-05-27T11:23:20.201+0530][1.457s][info][gc,heap     ] GC(33) Humongous regions: 0->0
[2026-05-27T11:23:20.201+0530][1.457s][info][gc,metaspace] GC(33) Metaspace: 1689K(1920K)->1689K(1920K) NonClass: 1518K(1600K)->1518K(1600K) Class: 170K(320K)->170K(320K)
[2026-05-27T11:23:20.201+0530][1.457s][info][gc          ] GC(33) Pause Young (Normal) (G1 Evacuation Pause) 316M->15M(512M) 0.911ms
[2026-05-27T11:23:20.201+0530][1.457s][info][gc,cpu      ] GC(33) User=0.00s Sys=0.00s Real=0.00s
[2026-05-27T11:23:20.239+0530][1.495s][info][gc,start    ] GC(34) Pause Young (Normal) (G1 Evacuation Pause)
[2026-05-27T11:23:20.239+0530][1.496s][info][gc,task     ] GC(34) Using 9 workers of 9 for evacuation
[2026-05-27T11:23:20.240+0530][1.496s][info][gc,phases   ] GC(34)   Pre Evacuate Collection Set: 0.08ms
[2026-05-27T11:23:20.240+0530][1.496s][info][gc,phases   ] GC(34)   Merge Heap Roots: 0.05ms
[2026-05-27T11:23:20.240+0530][1.496s][info][gc,phases   ] GC(34)   Evacuate Collection Set: 0.25ms
[2026-05-27T11:23:20.240+0530][1.496s][info][gc,phases   ] GC(34)   Post Evacuate Collection Set: 0.21ms
[2026-05-27T11:23:20.240+0530][1.496s][info][gc,phases   ] GC(34)   Other: 0.11ms
[2026-05-27T11:23:20.240+0530][1.496s][info][gc,heap     ] GC(34) Eden regions: 301->0(302)
[2026-05-27T11:23:20.240+0530][1.496s][info][gc,heap     ] GC(34) Survivor regions: 6->5(39)
[2026-05-27T11:23:20.240+0530][1.496s][info][gc,heap     ] GC(34) Old regions: 10->10
[2026-05-27T11:23:20.240+0530][1.496s][info][gc,heap     ] GC(34) Archive regions: 2->2
[2026-05-27T11:23:20.240+0530][1.496s][info][gc,heap     ] GC(34) Humongous regions: 0->0
[2026-05-27T11:23:20.240+0530][1.496s][info][gc,metaspace] GC(34) Metaspace: 1689K(1920K)->1689K(1920K) NonClass: 1518K(1600K)->1518K(1600K) Class: 170K(320K)->170K(320K)
[2026-05-27T11:23:20.240+0530][1.496s][info][gc          ] GC(34) Pause Young (Normal) (G1 Evacuation Pause) 316M->14M(512M) 0.779ms
[2026-05-27T11:23:20.240+0530][1.496s][info][gc,cpu      ] GC(34) User=0.00s Sys=0.00s Real=0.01s
[2026-05-27T11:23:20.281+0530][1.537s][info][gc,start    ] GC(35) Pause Young (Normal) (G1 Evacuation Pause)
[2026-05-27T11:23:20.281+0530][1.537s][info][gc,task     ] GC(35) Using 9 workers of 9 for evacuation
[2026-05-27T11:23:20.281+0530][1.538s][info][gc,phases   ] GC(35)   Pre Evacuate Collection Set: 0.10ms
[2026-05-27T11:23:20.281+0530][1.538s][info][gc,phases   ] GC(35)   Merge Heap Roots: 0.05ms
[2026-05-27T11:23:20.281+0530][1.538s][info][gc,phases   ] GC(35)   Evacuate Collection Set: 0.30ms
[2026-05-27T11:23:20.281+0530][1.538s][info][gc,phases   ] GC(35)   Post Evacuate Collection Set: 0.23ms
[2026-05-27T11:23:20.281+0530][1.538s][info][gc,phases   ] GC(35)   Other: 0.11ms
[2026-05-27T11:23:20.281+0530][1.538s][info][gc,heap     ] GC(35) Eden regions: 302->0(302)
[2026-05-27T11:23:20.281+0530][1.538s][info][gc,heap     ] GC(35) Survivor regions: 5->5(39)
[2026-05-27T11:23:20.281+0530][1.538s][info][gc,heap     ] GC(35) Old regions: 10->10
[2026-05-27T11:23:20.281+0530][1.538s][info][gc,heap     ] GC(35) Archive regions: 2->2
[2026-05-27T11:23:20.281+0530][1.538s][info][gc,heap     ] GC(35) Humongous regions: 0->0
[2026-05-27T11:23:20.281+0530][1.538s][info][gc,metaspace] GC(35) Metaspace: 1689K(1920K)->1689K(1920K) NonClass: 1518K(1600K)->1518K(1600K) Class: 170K(320K)->170K(320K)
[2026-05-27T11:23:20.281+0530][1.538s][info][gc          ] GC(35) Pause Young (Normal) (G1 Evacuation Pause) 316M->14M(512M) 0.856ms
[2026-05-27T11:23:20.281+0530][1.538s][info][gc,cpu      ] GC(35) User=0.00s Sys=0.00s Real=0.00s
[2026-05-27T11:23:20.320+0530][1.576s][info][gc,start    ] GC(36) Pause Young (Normal) (G1 Evacuation Pause)
[2026-05-27T11:23:20.320+0530][1.576s][info][gc,task     ] GC(36) Using 9 workers of 9 for evacuation
[2026-05-27T11:23:20.321+0530][1.577s][info][gc,phases   ] GC(36)   Pre Evacuate Collection Set: 0.10ms
[2026-05-27T11:23:20.321+0530][1.577s][info][gc,phases   ] GC(36)   Merge Heap Roots: 0.04ms
[2026-05-27T11:23:20.321+0530][1.577s][info][gc,phases   ] GC(36)   Evacuate Collection Set: 0.27ms
[2026-05-27T11:23:20.321+0530][1.577s][info][gc,phases   ] GC(36)   Post Evacuate Collection Set: 0.17ms
[2026-05-27T11:23:20.321+0530][1.577s][info][gc,phases   ] GC(36)   Other: 0.10ms
[2026-05-27T11:23:20.321+0530][1.577s][info][gc,heap     ] GC(36) Eden regions: 302->0(296)
[2026-05-27T11:23:20.321+0530][1.577s][info][gc,heap     ] GC(36) Survivor regions: 5->11(39)
[2026-05-27T11:23:20.321+0530][1.577s][info][gc,heap     ] GC(36) Old regions: 10->10
[2026-05-27T11:23:20.321+0530][1.577s][info][gc,heap     ] GC(36) Archive regions: 2->2
[2026-05-27T11:23:20.321+0530][1.577s][info][gc,heap     ] GC(36) Humongous regions: 0->0
[2026-05-27T11:23:20.321+0530][1.577s][info][gc,metaspace] GC(36) Metaspace: 1689K(1920K)->1689K(1920K) NonClass: 1518K(1600K)->1518K(1600K) Class: 170K(320K)->170K(320K)
[2026-05-27T11:23:20.321+0530][1.577s][info][gc          ] GC(36) Pause Young (Normal) (G1 Evacuation Pause) 315M->20M(512M) 0.761ms
[2026-05-27T11:23:20.321+0530][1.577s][info][gc,cpu      ] GC(36) User=0.00s Sys=0.00s Real=0.00s
[2026-05-27T11:23:20.360+0530][1.616s][info][gc,start    ] GC(37) Pause Young (Normal) (G1 Evacuation Pause)
[2026-05-27T11:23:20.360+0530][1.616s][info][gc,task     ] GC(37) Using 9 workers of 9 for evacuation
[2026-05-27T11:23:20.361+0530][1.617s][info][gc,phases   ] GC(37)   Pre Evacuate Collection Set: 0.07ms
[2026-05-27T11:23:20.361+0530][1.617s][info][gc,phases   ] GC(37)   Merge Heap Roots: 0.04ms
[2026-05-27T11:23:20.361+0530][1.617s][info][gc,phases   ] GC(37)   Evacuate Collection Set: 0.30ms
[2026-05-27T11:23:20.361+0530][1.617s][info][gc,phases   ] GC(37)   Post Evacuate Collection Set: 0.22ms
[2026-05-27T11:23:20.361+0530][1.617s][info][gc,phases   ] GC(37)   Other: 0.11ms
[2026-05-27T11:23:20.361+0530][1.617s][info][gc,heap     ] GC(37) Eden regions: 296->0(302)
[2026-05-27T11:23:20.361+0530][1.617s][info][gc,heap     ] GC(37) Survivor regions: 11->5(39)
[2026-05-27T11:23:20.361+0530][1.617s][info][gc,heap     ] GC(37) Old regions: 10->10
[2026-05-27T11:23:20.361+0530][1.617s][info][gc,heap     ] GC(37) Archive regions: 2->2
[2026-05-27T11:23:20.361+0530][1.617s][info][gc,heap     ] GC(37) Humongous regions: 9->0
[2026-05-27T11:23:20.361+0530][1.617s][info][gc,metaspace] GC(37) Metaspace: 1689K(1920K)->1689K(1920K) NonClass: 1518K(1600K)->1518K(1600K) Class: 170K(320K)->170K(320K)
[2026-05-27T11:23:20.361+0530][1.617s][info][gc          ] GC(37) Pause Young (Normal) (G1 Evacuation Pause) 325M->14M(512M) 0.817ms
[2026-05-27T11:23:20.361+0530][1.617s][info][gc,cpu      ] GC(37) User=0.00s Sys=0.00s Real=0.00s
[2026-05-27T11:23:20.398+0530][1.654s][info][gc,start    ] GC(38) Pause Young (Normal) (G1 Evacuation Pause)
[2026-05-27T11:23:20.398+0530][1.654s][info][gc,task     ] GC(38) Using 9 workers of 9 for evacuation
[2026-05-27T11:23:20.398+0530][1.655s][info][gc,phases   ] GC(38)   Pre Evacuate Collection Set: 0.10ms
[2026-05-27T11:23:20.399+0530][1.655s][info][gc,phases   ] GC(38)   Merge Heap Roots: 0.06ms
[2026-05-27T11:23:20.399+0530][1.655s][info][gc,phases   ] GC(38)   Evacuate Collection Set: 0.32ms
[2026-05-27T11:23:20.399+0530][1.655s][info][gc,phases   ] GC(38)   Post Evacuate Collection Set: 0.16ms
[2026-05-27T11:23:20.399+0530][1.655s][info][gc,phases   ] GC(38)   Other: 0.09ms
[2026-05-27T11:23:20.399+0530][1.655s][info][gc,heap     ] GC(38) Eden regions: 302->0(300)
[2026-05-27T11:23:20.399+0530][1.655s][info][gc,heap     ] GC(38) Survivor regions: 5->7(39)
[2026-05-27T11:23:20.399+0530][1.655s][info][gc,heap     ] GC(38) Old regions: 10->10
[2026-05-27T11:23:20.399+0530][1.655s][info][gc,heap     ] GC(38) Archive regions: 2->2
[2026-05-27T11:23:20.399+0530][1.655s][info][gc,heap     ] GC(38) Humongous regions: 9->0
[2026-05-27T11:23:20.399+0530][1.655s][info][gc,metaspace] GC(38) Metaspace: 1689K(1920K)->1689K(1920K) NonClass: 1518K(1600K)->1518K(1600K) Class: 170K(320K)->170K(320K)
[2026-05-27T11:23:20.399+0530][1.655s][info][gc          ] GC(38) Pause Young (Normal) (G1 Evacuation Pause) 325M->16M(512M) 0.816ms
[2026-05-27T11:23:20.399+0530][1.655s][info][gc,cpu      ] GC(38) User=0.00s Sys=0.00s Real=0.00s
[2026-05-27T11:23:20.438+0530][1.694s][info][gc,start    ] GC(39) Pause Young (Normal) (G1 Evacuation Pause)
[2026-05-27T11:23:20.438+0530][1.694s][info][gc,task     ] GC(39) Using 9 workers of 9 for evacuation
[2026-05-27T11:23:20.439+0530][1.695s][info][gc,phases   ] GC(39)   Pre Evacuate Collection Set: 0.09ms
[2026-05-27T11:23:20.439+0530][1.695s][info][gc,phases   ] GC(39)   Merge Heap Roots: 0.07ms
[2026-05-27T11:23:20.439+0530][1.695s][info][gc,phases   ] GC(39)   Evacuate Collection Set: 0.29ms
[2026-05-27T11:23:20.439+0530][1.695s][info][gc,phases   ] GC(39)   Post Evacuate Collection Set: 0.18ms
[2026-05-27T11:23:20.439+0530][1.695s][info][gc,phases   ] GC(39)   Other: 0.10ms
[2026-05-27T11:23:20.439+0530][1.695s][info][gc,heap     ] GC(39) Eden regions: 300->0(302)
[2026-05-27T11:23:20.439+0530][1.695s][info][gc,heap     ] GC(39) Survivor regions: 7->5(39)
[2026-05-27T11:23:20.439+0530][1.695s][info][gc,heap     ] GC(39) Old regions: 10->10
[2026-05-27T11:23:20.439+0530][1.695s][info][gc,heap     ] GC(39) Archive regions: 2->2
[2026-05-27T11:23:20.439+0530][1.695s][info][gc,heap     ] GC(39) Humongous regions: 0->0
[2026-05-27T11:23:20.439+0530][1.695s][info][gc,metaspace] GC(39) Metaspace: 1689K(1920K)->1689K(1920K) NonClass: 1518K(1600K)->1518K(1600K) Class: 170K(320K)->170K(320K)
[2026-05-27T11:23:20.439+0530][1.695s][info][gc          ] GC(39) Pause Young (Normal) (G1 Evacuation Pause) 316M->14M(512M) 0.792ms
[2026-05-27T11:23:20.439+0530][1.695s][info][gc,cpu      ] GC(39) User=0.00s Sys=0.00s Real=0.00s
[2026-05-27T11:23:20.478+0530][1.734s][info][gc,start    ] GC(40) Pause Young (Normal) (G1 Evacuation Pause)
[2026-05-27T11:23:20.478+0530][1.734s][info][gc,task     ] GC(40) Using 9 workers of 9 for evacuation
[2026-05-27T11:23:20.479+0530][1.735s][info][gc,phases   ] GC(40)   Pre Evacuate Collection Set: 0.12ms
[2026-05-27T11:23:20.479+0530][1.735s][info][gc,phases   ] GC(40)   Merge Heap Roots: 0.05ms
[2026-05-27T11:23:20.479+0530][1.735s][info][gc,phases   ] GC(40)   Evacuate Collection Set: 0.36ms
[2026-05-27T11:23:20.479+0530][1.735s][info][gc,phases   ] GC(40)   Post Evacuate Collection Set: 0.16ms
[2026-05-27T11:23:20.479+0530][1.735s][info][gc,phases   ] GC(40)   Other: 0.10ms
[2026-05-27T11:23:20.479+0530][1.735s][info][gc,heap     ] GC(40) Eden regions: 302->0(302)
[2026-05-27T11:23:20.479+0530][1.735s][info][gc,heap     ] GC(40) Survivor regions: 5->5(39)
[2026-05-27T11:23:20.479+0530][1.735s][info][gc,heap     ] GC(40) Old regions: 10->10
[2026-05-27T11:23:20.479+0530][1.735s][info][gc,heap     ] GC(40) Archive regions: 2->2
[2026-05-27T11:23:20.479+0530][1.735s][info][gc,heap     ] GC(40) Humongous regions: 9->0
[2026-05-27T11:23:20.479+0530][1.735s][info][gc,metaspace] GC(40) Metaspace: 1689K(1920K)->1689K(1920K) NonClass: 1518K(1600K)->1518K(1600K) Class: 170K(320K)->170K(320K)
[2026-05-27T11:23:20.479+0530][1.735s][info][gc          ] GC(40) Pause Young (Normal) (G1 Evacuation Pause) 325M->14M(512M) 0.842ms
[2026-05-27T11:23:20.479+0530][1.735s][info][gc,cpu      ] GC(40) User=0.00s Sys=0.00s Real=0.00s
[2026-05-27T11:23:20.517+0530][1.773s][info][gc,start    ] GC(41) Pause Young (Normal) (G1 Evacuation Pause)
[2026-05-27T11:23:20.517+0530][1.773s][info][gc,task     ] GC(41) Using 9 workers of 9 for evacuation
[2026-05-27T11:23:20.517+0530][1.774s][info][gc,phases   ] GC(41)   Pre Evacuate Collection Set: 0.06ms
[2026-05-27T11:23:20.517+0530][1.774s][info][gc,phases   ] GC(41)   Merge Heap Roots: 0.05ms
[2026-05-27T11:23:20.517+0530][1.774s][info][gc,phases   ] GC(41)   Evacuate Collection Set: 0.27ms
[2026-05-27T11:23:20.517+0530][1.774s][info][gc,phases   ] GC(41)   Post Evacuate Collection Set: 0.19ms
[2026-05-27T11:23:20.517+0530][1.774s][info][gc,phases   ] GC(41)   Other: 0.12ms
[2026-05-27T11:23:20.517+0530][1.774s][info][gc,heap     ] GC(41) Eden regions: 302->0(301)
[2026-05-27T11:23:20.517+0530][1.774s][info][gc,heap     ] GC(41) Survivor regions: 5->6(39)
[2026-05-27T11:23:20.517+0530][1.774s][info][gc,heap     ] GC(41) Old regions: 10->10
[2026-05-27T11:23:20.517+0530][1.774s][info][gc,heap     ] GC(41) Archive regions: 2->2
[2026-05-27T11:23:20.517+0530][1.774s][info][gc,heap     ] GC(41) Humongous regions: 0->0
[2026-05-27T11:23:20.517+0530][1.774s][info][gc,metaspace] GC(41) Metaspace: 1689K(1920K)->1689K(1920K) NonClass: 1518K(1600K)->1518K(1600K) Class: 170K(320K)->170K(320K)
[2026-05-27T11:23:20.517+0530][1.774s][info][gc          ] GC(41) Pause Young (Normal) (G1 Evacuation Pause) 316M->15M(512M) 0.782ms
[2026-05-27T11:23:20.517+0530][1.774s][info][gc,cpu      ] GC(41) User=0.01s Sys=0.00s Real=0.00s
[2026-05-27T11:23:20.556+0530][1.812s][info][gc,start    ] GC(42) Pause Young (Normal) (G1 Evacuation Pause)
[2026-05-27T11:23:20.556+0530][1.812s][info][gc,task     ] GC(42) Using 9 workers of 9 for evacuation
[2026-05-27T11:23:20.557+0530][1.813s][info][gc,phases   ] GC(42)   Pre Evacuate Collection Set: 0.10ms
[2026-05-27T11:23:20.557+0530][1.813s][info][gc,phases   ] GC(42)   Merge Heap Roots: 0.05ms
[2026-05-27T11:23:20.557+0530][1.813s][info][gc,phases   ] GC(42)   Evacuate Collection Set: 0.30ms
[2026-05-27T11:23:20.557+0530][1.813s][info][gc,phases   ] GC(42)   Post Evacuate Collection Set: 0.16ms
[2026-05-27T11:23:20.557+0530][1.813s][info][gc,phases   ] GC(42)   Other: 0.10ms
[2026-05-27T11:23:20.557+0530][1.813s][info][gc,heap     ] GC(42) Eden regions: 301->0(302)
[2026-05-27T11:23:20.557+0530][1.813s][info][gc,heap     ] GC(42) Survivor regions: 6->5(39)
[2026-05-27T11:23:20.557+0530][1.813s][info][gc,heap     ] GC(42) Old regions: 10->10
[2026-05-27T11:23:20.557+0530][1.813s][info][gc,heap     ] GC(42) Archive regions: 2->2
[2026-05-27T11:23:20.557+0530][1.813s][info][gc,heap     ] GC(42) Humongous regions: 0->0
[2026-05-27T11:23:20.557+0530][1.813s][info][gc,metaspace] GC(42) Metaspace: 1689K(1920K)->1689K(1920K) NonClass: 1518K(1600K)->1518K(1600K) Class: 170K(320K)->170K(320K)
[2026-05-27T11:23:20.557+0530][1.813s][info][gc          ] GC(42) Pause Young (Normal) (G1 Evacuation Pause) 316M->14M(512M) 0.771ms
[2026-05-27T11:23:20.557+0530][1.813s][info][gc,cpu      ] GC(42) User=0.00s Sys=0.00s Real=0.00s
[2026-05-27T11:23:20.595+0530][1.851s][info][gc,start    ] GC(43) Pause Young (Normal) (G1 Evacuation Pause)
[2026-05-27T11:23:20.595+0530][1.851s][info][gc,task     ] GC(43) Using 9 workers of 9 for evacuation
[2026-05-27T11:23:20.595+0530][1.851s][info][gc,phases   ] GC(43)   Pre Evacuate Collection Set: 0.07ms
[2026-05-27T11:23:20.595+0530][1.851s][info][gc,phases   ] GC(43)   Merge Heap Roots: 0.04ms
[2026-05-27T11:23:20.595+0530][1.851s][info][gc,phases   ] GC(43)   Evacuate Collection Set: 0.23ms
[2026-05-27T11:23:20.595+0530][1.851s][info][gc,phases   ] GC(43)   Post Evacuate Collection Set: 0.18ms
[2026-05-27T11:23:20.595+0530][1.851s][info][gc,phases   ] GC(43)   Other: 0.10ms
[2026-05-27T11:23:20.595+0530][1.851s][info][gc,heap     ] GC(43) Eden regions: 302->0(300)
[2026-05-27T11:23:20.595+0530][1.851s][info][gc,heap     ] GC(43) Survivor regions: 5->7(39)
[2026-05-27T11:23:20.595+0530][1.851s][info][gc,heap     ] GC(43) Old regions: 10->10
[2026-05-27T11:23:20.595+0530][1.851s][info][gc,heap     ] GC(43) Archive regions: 2->2
[2026-05-27T11:23:20.595+0530][1.851s][info][gc,heap     ] GC(43) Humongous regions: 0->0
[2026-05-27T11:23:20.595+0530][1.851s][info][gc,metaspace] GC(43) Metaspace: 1689K(1920K)->1689K(1920K) NonClass: 1518K(1600K)->1518K(1600K) Class: 170K(320K)->170K(320K)
[2026-05-27T11:23:20.595+0530][1.851s][info][gc          ] GC(43) Pause Young (Normal) (G1 Evacuation Pause) 316M->16M(512M) 0.698ms
[2026-05-27T11:23:20.595+0530][1.851s][info][gc,cpu      ] GC(43) User=0.00s Sys=0.00s Real=0.00s
[2026-05-27T11:23:20.634+0530][1.890s][info][gc,start    ] GC(44) Pause Young (Normal) (G1 Evacuation Pause)
[2026-05-27T11:23:20.634+0530][1.891s][info][gc,task     ] GC(44) Using 9 workers of 9 for evacuation
[2026-05-27T11:23:20.635+0530][1.891s][info][gc,phases   ] GC(44)   Pre Evacuate Collection Set: 0.05ms
[2026-05-27T11:23:20.635+0530][1.891s][info][gc,phases   ] GC(44)   Merge Heap Roots: 0.05ms
[2026-05-27T11:23:20.635+0530][1.891s][info][gc,phases   ] GC(44)   Evacuate Collection Set: 0.25ms
[2026-05-27T11:23:20.635+0530][1.891s][info][gc,phases   ] GC(44)   Post Evacuate Collection Set: 0.19ms
[2026-05-27T11:23:20.635+0530][1.891s][info][gc,phases   ] GC(44)   Other: 0.10ms
[2026-05-27T11:23:20.635+0530][1.891s][info][gc,heap     ] GC(44) Eden regions: 300->0(302)
[2026-05-27T11:23:20.635+0530][1.891s][info][gc,heap     ] GC(44) Survivor regions: 7->5(39)
[2026-05-27T11:23:20.635+0530][1.891s][info][gc,heap     ] GC(44) Old regions: 10->10
[2026-05-27T11:23:20.635+0530][1.891s][info][gc,heap     ] GC(44) Archive regions: 2->2
[2026-05-27T11:23:20.635+0530][1.891s][info][gc,heap     ] GC(44) Humongous regions: 9->0
[2026-05-27T11:23:20.635+0530][1.891s][info][gc,metaspace] GC(44) Metaspace: 1689K(1920K)->1689K(1920K) NonClass: 1518K(1600K)->1518K(1600K) Class: 170K(320K)->170K(320K)
[2026-05-27T11:23:20.635+0530][1.891s][info][gc          ] GC(44) Pause Young (Normal) (G1 Evacuation Pause) 325M->14M(512M) 0.715ms
[2026-05-27T11:23:20.635+0530][1.891s][info][gc,cpu      ] GC(44) User=0.00s Sys=0.00s Real=0.00s
[2026-05-27T11:23:20.675+0530][1.931s][info][gc,start    ] GC(45) Pause Young (Normal) (G1 Evacuation Pause)
[2026-05-27T11:23:20.675+0530][1.931s][info][gc,task     ] GC(45) Using 9 workers of 9 for evacuation
[2026-05-27T11:23:20.676+0530][1.932s][info][gc,phases   ] GC(45)   Pre Evacuate Collection Set: 0.08ms
[2026-05-27T11:23:20.676+0530][1.932s][info][gc,phases   ] GC(45)   Merge Heap Roots: 0.06ms
[2026-05-27T11:23:20.676+0530][1.932s][info][gc,phases   ] GC(45)   Evacuate Collection Set: 0.28ms
[2026-05-27T11:23:20.676+0530][1.932s][info][gc,phases   ] GC(45)   Post Evacuate Collection Set: 0.20ms
[2026-05-27T11:23:20.676+0530][1.932s][info][gc,phases   ] GC(45)   Other: 0.10ms
[2026-05-27T11:23:20.676+0530][1.932s][info][gc,heap     ] GC(45) Eden regions: 302->0(301)
[2026-05-27T11:23:20.676+0530][1.932s][info][gc,heap     ] GC(45) Survivor regions: 5->6(39)
[2026-05-27T11:23:20.676+0530][1.932s][info][gc,heap     ] GC(45) Old regions: 10->10
[2026-05-27T11:23:20.676+0530][1.932s][info][gc,heap     ] GC(45) Archive regions: 2->2
[2026-05-27T11:23:20.676+0530][1.932s][info][gc,heap     ] GC(45) Humongous regions: 9->0
[2026-05-27T11:23:20.676+0530][1.932s][info][gc,metaspace] GC(45) Metaspace: 1689K(1920K)->1689K(1920K) NonClass: 1518K(1600K)->1518K(1600K) Class: 170K(320K)->170K(320K)
[2026-05-27T11:23:20.676+0530][1.932s][info][gc          ] GC(45) Pause Young (Normal) (G1 Evacuation Pause) 325M->15M(512M) 0.778ms
[2026-05-27T11:23:20.676+0530][1.932s][info][gc,cpu      ] GC(45) User=0.01s Sys=0.01s Real=0.00s
[2026-05-27T11:23:20.715+0530][1.971s][info][gc,start    ] GC(46) Pause Young (Normal) (G1 Evacuation Pause)
[2026-05-27T11:23:20.715+0530][1.971s][info][gc,task     ] GC(46) Using 9 workers of 9 for evacuation
[2026-05-27T11:23:20.716+0530][1.972s][info][gc,phases   ] GC(46)   Pre Evacuate Collection Set: 0.10ms
[2026-05-27T11:23:20.716+0530][1.972s][info][gc,phases   ] GC(46)   Merge Heap Roots: 0.05ms
[2026-05-27T11:23:20.716+0530][1.972s][info][gc,phases   ] GC(46)   Evacuate Collection Set: 0.28ms
[2026-05-27T11:23:20.716+0530][1.972s][info][gc,phases   ] GC(46)   Post Evacuate Collection Set: 0.17ms
[2026-05-27T11:23:20.716+0530][1.972s][info][gc,phases   ] GC(46)   Other: 0.09ms
[2026-05-27T11:23:20.716+0530][1.972s][info][gc,heap     ] GC(46) Eden regions: 301->0(301)
[2026-05-27T11:23:20.716+0530][1.972s][info][gc,heap     ] GC(46) Survivor regions: 6->6(39)
[2026-05-27T11:23:20.716+0530][1.972s][info][gc,heap     ] GC(46) Old regions: 10->10
[2026-05-27T11:23:20.716+0530][1.972s][info][gc,heap     ] GC(46) Archive regions: 2->2
[2026-05-27T11:23:20.716+0530][1.972s][info][gc,heap     ] GC(46) Humongous regions: 9->0
[2026-05-27T11:23:20.716+0530][1.972s][info][gc,metaspace] GC(46) Metaspace: 1689K(1920K)->1689K(1920K) NonClass: 1518K(1600K)->1518K(1600K) Class: 170K(320K)->170K(320K)
[2026-05-27T11:23:20.716+0530][1.972s][info][gc          ] GC(46) Pause Young (Normal) (G1 Evacuation Pause) 325M->15M(512M) 0.762ms
[2026-05-27T11:23:20.716+0530][1.972s][info][gc,cpu      ] GC(46) User=0.00s Sys=0.00s Real=0.00s
[2026-05-27T11:23:20.756+0530][2.012s][info][gc,start    ] GC(47) Pause Young (Normal) (G1 Evacuation Pause)
[2026-05-27T11:23:20.756+0530][2.012s][info][gc,task     ] GC(47) Using 9 workers of 9 for evacuation
[2026-05-27T11:23:20.757+0530][2.013s][info][gc,phases   ] GC(47)   Pre Evacuate Collection Set: 0.06ms
[2026-05-27T11:23:20.757+0530][2.013s][info][gc,phases   ] GC(47)   Merge Heap Roots: 0.05ms
[2026-05-27T11:23:20.757+0530][2.013s][info][gc,phases   ] GC(47)   Evacuate Collection Set: 0.34ms
[2026-05-27T11:23:20.757+0530][2.013s][info][gc,phases   ] GC(47)   Post Evacuate Collection Set: 0.24ms
[2026-05-27T11:23:20.757+0530][2.013s][info][gc,phases   ] GC(47)   Other: 0.12ms
[2026-05-27T11:23:20.757+0530][2.013s][info][gc,heap     ] GC(47) Eden regions: 301->0(302)
[2026-05-27T11:23:20.757+0530][2.013s][info][gc,heap     ] GC(47) Survivor regions: 6->5(39)
[2026-05-27T11:23:20.757+0530][2.013s][info][gc,heap     ] GC(47) Old regions: 10->10
[2026-05-27T11:23:20.757+0530][2.013s][info][gc,heap     ] GC(47) Archive regions: 2->2
[2026-05-27T11:23:20.757+0530][2.013s][info][gc,heap     ] GC(47) Humongous regions: 0->0
[2026-05-27T11:23:20.757+0530][2.013s][info][gc,metaspace] GC(47) Metaspace: 1689K(1920K)->1689K(1920K) NonClass: 1518K(1600K)->1518K(1600K) Class: 170K(320K)->170K(320K)
[2026-05-27T11:23:20.757+0530][2.013s][info][gc          ] GC(47) Pause Young (Normal) (G1 Evacuation Pause) 316M->14M(512M) 0.892ms
[2026-05-27T11:23:20.757+0530][2.013s][info][gc,cpu      ] GC(47) User=0.00s Sys=0.00s Real=0.00s
[2026-05-27T11:23:20.797+0530][2.053s][info][gc,start    ] GC(48) Pause Young (Normal) (G1 Evacuation Pause)
[2026-05-27T11:23:20.797+0530][2.053s][info][gc,task     ] GC(48) Using 9 workers of 9 for evacuation
[2026-05-27T11:23:20.798+0530][2.054s][info][gc,phases   ] GC(48)   Pre Evacuate Collection Set: 0.04ms
[2026-05-27T11:23:20.798+0530][2.054s][info][gc,phases   ] GC(48)   Merge Heap Roots: 0.07ms
[2026-05-27T11:23:20.798+0530][2.054s][info][gc,phases   ] GC(48)   Evacuate Collection Set: 0.30ms
[2026-05-27T11:23:20.798+0530][2.054s][info][gc,phases   ] GC(48)   Post Evacuate Collection Set: 0.20ms
[2026-05-27T11:23:20.798+0530][2.054s][info][gc,phases   ] GC(48)   Other: 0.07ms
[2026-05-27T11:23:20.798+0530][2.054s][info][gc,heap     ] GC(48) Eden regions: 302->0(303)
[2026-05-27T11:23:20.798+0530][2.054s][info][gc,heap     ] GC(48) Survivor regions: 5->4(39)
[2026-05-27T11:23:20.798+0530][2.054s][info][gc,heap     ] GC(48) Old regions: 10->10
[2026-05-27T11:23:20.798+0530][2.054s][info][gc,heap     ] GC(48) Archive regions: 2->2
[2026-05-27T11:23:20.798+0530][2.054s][info][gc,heap     ] GC(48) Humongous regions: 0->0
[2026-05-27T11:23:20.798+0530][2.054s][info][gc,metaspace] GC(48) Metaspace: 1689K(1920K)->1689K(1920K) NonClass: 1518K(1600K)->1518K(1600K) Class: 170K(320K)->170K(320K)
[2026-05-27T11:23:20.798+0530][2.054s][info][gc          ] GC(48) Pause Young (Normal) (G1 Evacuation Pause) 316M->14M(512M) 0.781ms
[2026-05-27T11:23:20.798+0530][2.054s][info][gc,cpu      ] GC(48) User=0.00s Sys=0.00s Real=0.00s
[2026-05-27T11:23:20.837+0530][2.093s][info][gc,start    ] GC(49) Pause Young (Normal) (G1 Evacuation Pause)
[2026-05-27T11:23:20.837+0530][2.093s][info][gc,task     ] GC(49) Using 9 workers of 9 for evacuation
[2026-05-27T11:23:20.838+0530][2.094s][info][gc,phases   ] GC(49)   Pre Evacuate Collection Set: 0.09ms
[2026-05-27T11:23:20.838+0530][2.094s][info][gc,phases   ] GC(49)   Merge Heap Roots: 0.05ms
[2026-05-27T11:23:20.838+0530][2.094s][info][gc,phases   ] GC(49)   Evacuate Collection Set: 0.31ms
[2026-05-27T11:23:20.838+0530][2.094s][info][gc,phases   ] GC(49)   Post Evacuate Collection Set: 0.18ms
[2026-05-27T11:23:20.838+0530][2.094s][info][gc,phases   ] GC(49)   Other: 0.08ms
[2026-05-27T11:23:20.838+0530][2.094s][info][gc,heap     ] GC(49) Eden regions: 303->0(300)
[2026-05-27T11:23:20.838+0530][2.094s][info][gc,heap     ] GC(49) Survivor regions: 4->7(39)
[2026-05-27T11:23:20.838+0530][2.094s][info][gc,heap     ] GC(49) Old regions: 10->10
[2026-05-27T11:23:20.838+0530][2.094s][info][gc,heap     ] GC(49) Archive regions: 2->2
[2026-05-27T11:23:20.838+0530][2.094s][info][gc,heap     ] GC(49) Humongous regions: 0->0
[2026-05-27T11:23:20.838+0530][2.094s][info][gc,metaspace] GC(49) Metaspace: 1689K(1920K)->1689K(1920K) NonClass: 1518K(1600K)->1518K(1600K) Class: 170K(320K)->170K(320K)
[2026-05-27T11:23:20.838+0530][2.094s][info][gc          ] GC(49) Pause Young (Normal) (G1 Evacuation Pause) 316M->16M(512M) 0.764ms
[2026-05-27T11:23:20.838+0530][2.094s][info][gc,cpu      ] GC(49) User=0.01s Sys=0.00s Real=0.00s
[2026-05-27T11:23:20.877+0530][2.134s][info][gc,start    ] GC(50) Pause Young (Normal) (G1 Evacuation Pause)
[2026-05-27T11:23:20.877+0530][2.134s][info][gc,task     ] GC(50) Using 9 workers of 9 for evacuation
[2026-05-27T11:23:20.878+0530][2.134s][info][gc,phases   ] GC(50)   Pre Evacuate Collection Set: 0.09ms
[2026-05-27T11:23:20.878+0530][2.134s][info][gc,phases   ] GC(50)   Merge Heap Roots: 0.14ms
[2026-05-27T11:23:20.878+0530][2.135s][info][gc,phases   ] GC(50)   Evacuate Collection Set: 0.35ms
[2026-05-27T11:23:20.878+0530][2.135s][info][gc,phases   ] GC(50)   Post Evacuate Collection Set: 0.18ms
[2026-05-27T11:23:20.878+0530][2.135s][info][gc,phases   ] GC(50)   Other: 0.09ms
[2026-05-27T11:23:20.878+0530][2.135s][info][gc,heap     ] GC(50) Eden regions: 300->0(301)
[2026-05-27T11:23:20.878+0530][2.135s][info][gc,heap     ] GC(50) Survivor regions: 7->6(39)
[2026-05-27T11:23:20.878+0530][2.135s][info][gc,heap     ] GC(50) Old regions: 10->10
[2026-05-27T11:23:20.878+0530][2.135s][info][gc,heap     ] GC(50) Archive regions: 2->2
[2026-05-27T11:23:20.878+0530][2.135s][info][gc,heap     ] GC(50) Humongous regions: 0->0
[2026-05-27T11:23:20.878+0530][2.135s][info][gc,metaspace] GC(50) Metaspace: 1689K(1920K)->1689K(1920K) NonClass: 1518K(1600K)->1518K(1600K) Class: 170K(320K)->170K(320K)
[2026-05-27T11:23:20.878+0530][2.135s][info][gc          ] GC(50) Pause Young (Normal) (G1 Evacuation Pause) 316M->15M(512M) 0.913ms
[2026-05-27T11:23:20.878+0530][2.135s][info][gc,cpu      ] GC(50) User=0.00s Sys=0.00s Real=0.00s
[2026-05-27T11:23:20.916+0530][2.172s][info][gc,start    ] GC(51) Pause Young (Normal) (G1 Evacuation Pause)
[2026-05-27T11:23:20.916+0530][2.172s][info][gc,task     ] GC(51) Using 9 workers of 9 for evacuation
[2026-05-27T11:23:20.917+0530][2.173s][info][gc,phases   ] GC(51)   Pre Evacuate Collection Set: 0.10ms
[2026-05-27T11:23:20.917+0530][2.173s][info][gc,phases   ] GC(51)   Merge Heap Roots: 0.05ms
[2026-05-27T11:23:20.917+0530][2.173s][info][gc,phases   ] GC(51)   Evacuate Collection Set: 0.28ms
[2026-05-27T11:23:20.917+0530][2.173s][info][gc,phases   ] GC(51)   Post Evacuate Collection Set: 0.18ms
[2026-05-27T11:23:20.917+0530][2.173s][info][gc,phases   ] GC(51)   Other: 0.10ms
[2026-05-27T11:23:20.917+0530][2.173s][info][gc,heap     ] GC(51) Eden regions: 301->0(302)
[2026-05-27T11:23:20.917+0530][2.173s][info][gc,heap     ] GC(51) Survivor regions: 6->5(39)
[2026-05-27T11:23:20.917+0530][2.173s][info][gc,heap     ] GC(51) Old regions: 10->10
[2026-05-27T11:23:20.917+0530][2.173s][info][gc,heap     ] GC(51) Archive regions: 2->2
[2026-05-27T11:23:20.917+0530][2.173s][info][gc,heap     ] GC(51) Humongous regions: 0->0
[2026-05-27T11:23:20.917+0530][2.173s][info][gc,metaspace] GC(51) Metaspace: 1689K(1920K)->1689K(1920K) NonClass: 1518K(1600K)->1518K(1600K) Class: 170K(320K)->170K(320K)
[2026-05-27T11:23:20.917+0530][2.173s][info][gc          ] GC(51) Pause Young (Normal) (G1 Evacuation Pause) 316M->14M(512M) 0.768ms
[2026-05-27T11:23:20.917+0530][2.173s][info][gc,cpu      ] GC(51) User=0.00s Sys=0.01s Real=0.00s
[2026-05-27T11:23:20.957+0530][2.213s][info][gc,start    ] GC(52) Pause Young (Normal) (G1 Evacuation Pause)
[2026-05-27T11:23:20.957+0530][2.213s][info][gc,task     ] GC(52) Using 9 workers of 9 for evacuation
[2026-05-27T11:23:20.958+0530][2.214s][info][gc,phases   ] GC(52)   Pre Evacuate Collection Set: 0.09ms
[2026-05-27T11:23:20.958+0530][2.214s][info][gc,phases   ] GC(52)   Merge Heap Roots: 0.05ms
[2026-05-27T11:23:20.958+0530][2.214s][info][gc,phases   ] GC(52)   Evacuate Collection Set: 0.34ms
[2026-05-27T11:23:20.958+0530][2.214s][info][gc,phases   ] GC(52)   Post Evacuate Collection Set: 0.19ms
[2026-05-27T11:23:20.958+0530][2.214s][info][gc,phases   ] GC(52)   Other: 0.12ms
[2026-05-27T11:23:20.958+0530][2.214s][info][gc,heap     ] GC(52) Eden regions: 302->0(301)
[2026-05-27T11:23:20.958+0530][2.214s][info][gc,heap     ] GC(52) Survivor regions: 5->6(39)
[2026-05-27T11:23:20.958+0530][2.214s][info][gc,heap     ] GC(52) Old regions: 10->10
[2026-05-27T11:23:20.958+0530][2.214s][info][gc,heap     ] GC(52) Archive regions: 2->2
[2026-05-27T11:23:20.958+0530][2.214s][info][gc,heap     ] GC(52) Humongous regions: 0->0
[2026-05-27T11:23:20.958+0530][2.214s][info][gc,metaspace] GC(52) Metaspace: 1689K(1920K)->1689K(1920K) NonClass: 1518K(1600K)->1518K(1600K) Class: 170K(320K)->170K(320K)
[2026-05-27T11:23:20.958+0530][2.214s][info][gc          ] GC(52) Pause Young (Normal) (G1 Evacuation Pause) 316M->15M(512M) 0.853ms
[2026-05-27T11:23:20.958+0530][2.214s][info][gc,cpu      ] GC(52) User=0.00s Sys=0.00s Real=0.00s
[2026-05-27T11:23:20.995+0530][2.251s][info][gc,start    ] GC(53) Pause Young (Normal) (G1 Evacuation Pause)
[2026-05-27T11:23:20.995+0530][2.251s][info][gc,task     ] GC(53) Using 9 workers of 9 for evacuation
[2026-05-27T11:23:20.995+0530][2.251s][info][gc,phases   ] GC(53)   Pre Evacuate Collection Set: 0.11ms
[2026-05-27T11:23:20.995+0530][2.251s][info][gc,phases   ] GC(53)   Merge Heap Roots: 0.07ms
[2026-05-27T11:23:20.995+0530][2.251s][info][gc,phases   ] GC(53)   Evacuate Collection Set: 0.25ms
[2026-05-27T11:23:20.995+0530][2.251s][info][gc,phases   ] GC(53)   Post Evacuate Collection Set: 0.17ms
[2026-05-27T11:23:20.995+0530][2.251s][info][gc,phases   ] GC(53)   Other: 0.10ms
[2026-05-27T11:23:20.995+0530][2.251s][info][gc,heap     ] GC(53) Eden regions: 301->0(303)
[2026-05-27T11:23:20.995+0530][2.251s][info][gc,heap     ] GC(53) Survivor regions: 6->4(39)
[2026-05-27T11:23:20.995+0530][2.251s][info][gc,heap     ] GC(53) Old regions: 10->10
[2026-05-27T11:23:20.995+0530][2.251s][info][gc,heap     ] GC(53) Archive regions: 2->2
[2026-05-27T11:23:20.995+0530][2.251s][info][gc,heap     ] GC(53) Humongous regions: 0->0
[2026-05-27T11:23:20.995+0530][2.251s][info][gc,metaspace] GC(53) Metaspace: 1689K(1920K)->1689K(1920K) NonClass: 1518K(1600K)->1518K(1600K) Class: 170K(320K)->170K(320K)
[2026-05-27T11:23:20.995+0530][2.251s][info][gc          ] GC(53) Pause Young (Normal) (G1 Evacuation Pause) 316M->13M(512M) 0.766ms
[2026-05-27T11:23:20.995+0530][2.251s][info][gc,cpu      ] GC(53) User=0.00s Sys=0.00s Real=0.00s
[2026-05-27T11:23:21.033+0530][2.289s][info][gc,start    ] GC(54) Pause Young (Normal) (G1 Evacuation Pause)
[2026-05-27T11:23:21.033+0530][2.289s][info][gc,task     ] GC(54) Using 9 workers of 9 for evacuation
[2026-05-27T11:23:21.033+0530][2.290s][info][gc,phases   ] GC(54)   Pre Evacuate Collection Set: 0.10ms
[2026-05-27T11:23:21.033+0530][2.290s][info][gc,phases   ] GC(54)   Merge Heap Roots: 0.04ms
[2026-05-27T11:23:21.033+0530][2.290s][info][gc,phases   ] GC(54)   Evacuate Collection Set: 0.21ms
[2026-05-27T11:23:21.034+0530][2.290s][info][gc,phases   ] GC(54)   Post Evacuate Collection Set: 0.17ms
[2026-05-27T11:23:21.034+0530][2.290s][info][gc,phases   ] GC(54)   Other: 0.09ms
[2026-05-27T11:23:21.034+0530][2.290s][info][gc,heap     ] GC(54) Eden regions: 303->0(300)
[2026-05-27T11:23:21.034+0530][2.290s][info][gc,heap     ] GC(54) Survivor regions: 4->7(39)
[2026-05-27T11:23:21.034+0530][2.290s][info][gc,heap     ] GC(54) Old regions: 10->10
[2026-05-27T11:23:21.034+0530][2.290s][info][gc,heap     ] GC(54) Archive regions: 2->2
[2026-05-27T11:23:21.034+0530][2.290s][info][gc,heap     ] GC(54) Humongous regions: 0->0
[2026-05-27T11:23:21.034+0530][2.290s][info][gc,metaspace] GC(54) Metaspace: 1689K(1920K)->1689K(1920K) NonClass: 1518K(1600K)->1518K(1600K) Class: 170K(320K)->170K(320K)
[2026-05-27T11:23:21.034+0530][2.290s][info][gc          ] GC(54) Pause Young (Normal) (G1 Evacuation Pause) 316M->16M(512M) 0.680ms
[2026-05-27T11:23:21.034+0530][2.290s][info][gc,cpu      ] GC(54) User=0.01s Sys=0.00s Real=0.00s
[2026-05-27T11:23:21.073+0530][2.329s][info][gc,start    ] GC(55) Pause Young (Normal) (G1 Evacuation Pause)
[2026-05-27T11:23:21.073+0530][2.329s][info][gc,task     ] GC(55) Using 9 workers of 9 for evacuation
[2026-05-27T11:23:21.073+0530][2.330s][info][gc,phases   ] GC(55)   Pre Evacuate Collection Set: 0.10ms
[2026-05-27T11:23:21.073+0530][2.330s][info][gc,phases   ] GC(55)   Merge Heap Roots: 0.06ms
[2026-05-27T11:23:21.073+0530][2.330s][info][gc,phases   ] GC(55)   Evacuate Collection Set: 0.30ms
[2026-05-27T11:23:21.073+0530][2.330s][info][gc,phases   ] GC(55)   Post Evacuate Collection Set: 0.17ms
[2026-05-27T11:23:21.073+0530][2.330s][info][gc,phases   ] GC(55)   Other: 0.09ms
[2026-05-27T11:23:21.074+0530][2.330s][info][gc,heap     ] GC(55) Eden regions: 300->0(302)
[2026-05-27T11:23:21.074+0530][2.330s][info][gc,heap     ] GC(55) Survivor regions: 7->5(39)
[2026-05-27T11:23:21.074+0530][2.330s][info][gc,heap     ] GC(55) Old regions: 10->10
[2026-05-27T11:23:21.074+0530][2.330s][info][gc,heap     ] GC(55) Archive regions: 2->2
[2026-05-27T11:23:21.074+0530][2.330s][info][gc,heap     ] GC(55) Humongous regions: 0->0
[2026-05-27T11:23:21.074+0530][2.330s][info][gc,metaspace] GC(55) Metaspace: 1689K(1920K)->1689K(1920K) NonClass: 1518K(1600K)->1518K(1600K) Class: 170K(320K)->170K(320K)
[2026-05-27T11:23:21.074+0530][2.330s][info][gc          ] GC(55) Pause Young (Normal) (G1 Evacuation Pause) 316M->14M(512M) 0.809ms
[2026-05-27T11:23:21.074+0530][2.330s][info][gc,cpu      ] GC(55) User=0.00s Sys=0.00s Real=0.00s
[2026-05-27T11:23:21.111+0530][2.367s][info][gc,start    ] GC(56) Pause Young (Normal) (G1 Evacuation Pause)
[2026-05-27T11:23:21.111+0530][2.367s][info][gc,task     ] GC(56) Using 9 workers of 9 for evacuation
[2026-05-27T11:23:21.111+0530][2.368s][info][gc,phases   ] GC(56)   Pre Evacuate Collection Set: 0.08ms
[2026-05-27T11:23:21.112+0530][2.368s][info][gc,phases   ] GC(56)   Merge Heap Roots: 0.05ms
[2026-05-27T11:23:21.112+0530][2.368s][info][gc,phases   ] GC(56)   Evacuate Collection Set: 0.25ms
[2026-05-27T11:23:21.112+0530][2.368s][info][gc,phases   ] GC(56)   Post Evacuate Collection Set: 0.19ms
[2026-05-27T11:23:21.112+0530][2.368s][info][gc,phases   ] GC(56)   Other: 0.09ms
[2026-05-27T11:23:21.112+0530][2.368s][info][gc,heap     ] GC(56) Eden regions: 302->0(302)
[2026-05-27T11:23:21.112+0530][2.368s][info][gc,heap     ] GC(56) Survivor regions: 5->5(39)
[2026-05-27T11:23:21.112+0530][2.368s][info][gc,heap     ] GC(56) Old regions: 10->10
[2026-05-27T11:23:21.112+0530][2.368s][info][gc,heap     ] GC(56) Archive regions: 2->2
[2026-05-27T11:23:21.112+0530][2.368s][info][gc,heap     ] GC(56) Humongous regions: 0->0
[2026-05-27T11:23:21.112+0530][2.368s][info][gc,metaspace] GC(56) Metaspace: 1689K(1920K)->1689K(1920K) NonClass: 1518K(1600K)->1518K(1600K) Class: 170K(320K)->170K(320K)
[2026-05-27T11:23:21.112+0530][2.368s][info][gc          ] GC(56) Pause Young (Normal) (G1 Evacuation Pause) 316M->14M(512M) 0.725ms
[2026-05-27T11:23:21.112+0530][2.368s][info][gc,cpu      ] GC(56) User=0.00s Sys=0.00s Real=0.00s
[2026-05-27T11:23:21.154+0530][2.411s][info][gc,start    ] GC(57) Pause Young (Normal) (G1 Evacuation Pause)
[2026-05-27T11:23:21.154+0530][2.411s][info][gc,task     ] GC(57) Using 9 workers of 9 for evacuation
[2026-05-27T11:23:21.155+0530][2.411s][info][gc,phases   ] GC(57)   Pre Evacuate Collection Set: 0.07ms
[2026-05-27T11:23:21.155+0530][2.411s][info][gc,phases   ] GC(57)   Merge Heap Roots: 0.05ms
[2026-05-27T11:23:21.155+0530][2.411s][info][gc,phases   ] GC(57)   Evacuate Collection Set: 0.30ms
[2026-05-27T11:23:21.155+0530][2.411s][info][gc,phases   ] GC(57)   Post Evacuate Collection Set: 0.19ms
[2026-05-27T11:23:21.155+0530][2.411s][info][gc,phases   ] GC(57)   Other: 0.10ms
[2026-05-27T11:23:21.155+0530][2.411s][info][gc,heap     ] GC(57) Eden regions: 302->0(302)
[2026-05-27T11:23:21.155+0530][2.411s][info][gc,heap     ] GC(57) Survivor regions: 5->5(39)
[2026-05-27T11:23:21.155+0530][2.411s][info][gc,heap     ] GC(57) Old regions: 10->10
[2026-05-27T11:23:21.155+0530][2.411s][info][gc,heap     ] GC(57) Archive regions: 2->2
[2026-05-27T11:23:21.155+0530][2.411s][info][gc,heap     ] GC(57) Humongous regions: 0->0
[2026-05-27T11:23:21.155+0530][2.411s][info][gc,metaspace] GC(57) Metaspace: 1689K(1920K)->1689K(1920K) NonClass: 1518K(1600K)->1518K(1600K) Class: 170K(320K)->170K(320K)
[2026-05-27T11:23:21.155+0530][2.411s][info][gc          ] GC(57) Pause Young (Normal) (G1 Evacuation Pause) 316M->14M(512M) 0.775ms
[2026-05-27T11:23:21.155+0530][2.411s][info][gc,cpu      ] GC(57) User=0.00s Sys=0.01s Real=0.00s
[2026-05-27T11:23:21.193+0530][2.449s][info][gc,start    ] GC(58) Pause Young (Normal) (G1 Evacuation Pause)
[2026-05-27T11:23:21.193+0530][2.449s][info][gc,task     ] GC(58) Using 9 workers of 9 for evacuation
[2026-05-27T11:23:21.194+0530][2.450s][info][gc,phases   ] GC(58)   Pre Evacuate Collection Set: 0.10ms
[2026-05-27T11:23:21.194+0530][2.450s][info][gc,phases   ] GC(58)   Merge Heap Roots: 0.04ms
[2026-05-27T11:23:21.194+0530][2.450s][info][gc,phases   ] GC(58)   Evacuate Collection Set: 0.24ms
[2026-05-27T11:23:21.194+0530][2.450s][info][gc,phases   ] GC(58)   Post Evacuate Collection Set: 0.15ms
[2026-05-27T11:23:21.194+0530][2.450s][info][gc,phases   ] GC(58)   Other: 0.10ms
[2026-05-27T11:23:21.194+0530][2.450s][info][gc,heap     ] GC(58) Eden regions: 302->0(301)
[2026-05-27T11:23:21.194+0530][2.450s][info][gc,heap     ] GC(58) Survivor regions: 5->6(39)
[2026-05-27T11:23:21.194+0530][2.450s][info][gc,heap     ] GC(58) Old regions: 10->10
[2026-05-27T11:23:21.194+0530][2.450s][info][gc,heap     ] GC(58) Archive regions: 2->2
[2026-05-27T11:23:21.194+0530][2.450s][info][gc,heap     ] GC(58) Humongous regions: 0->0
[2026-05-27T11:23:21.194+0530][2.450s][info][gc,metaspace] GC(58) Metaspace: 1689K(1920K)->1689K(1920K) NonClass: 1518K(1600K)->1518K(1600K) Class: 170K(320K)->170K(320K)
[2026-05-27T11:23:21.194+0530][2.450s][info][gc          ] GC(58) Pause Young (Normal) (G1 Evacuation Pause) 316M->15M(512M) 0.684ms
[2026-05-27T11:23:21.194+0530][2.450s][info][gc,cpu      ] GC(58) User=0.01s Sys=0.00s Real=0.00s
[2026-05-27T11:23:21.232+0530][2.488s][info][gc,start    ] GC(59) Pause Young (Normal) (G1 Evacuation Pause)
[2026-05-27T11:23:21.232+0530][2.489s][info][gc,task     ] GC(59) Using 9 workers of 9 for evacuation
[2026-05-27T11:23:21.233+0530][2.489s][info][gc,phases   ] GC(59)   Pre Evacuate Collection Set: 0.07ms
[2026-05-27T11:23:21.233+0530][2.489s][info][gc,phases   ] GC(59)   Merge Heap Roots: 0.05ms
[2026-05-27T11:23:21.233+0530][2.489s][info][gc,phases   ] GC(59)   Evacuate Collection Set: 0.31ms
[2026-05-27T11:23:21.233+0530][2.489s][info][gc,phases   ] GC(59)   Post Evacuate Collection Set: 0.20ms
[2026-05-27T11:23:21.233+0530][2.489s][info][gc,phases   ] GC(59)   Other: 0.10ms
[2026-05-27T11:23:21.233+0530][2.489s][info][gc,heap     ] GC(59) Eden regions: 301->0(301)
[2026-05-27T11:23:21.233+0530][2.489s][info][gc,heap     ] GC(59) Survivor regions: 6->6(39)
[2026-05-27T11:23:21.233+0530][2.489s][info][gc,heap     ] GC(59) Old regions: 10->10
[2026-05-27T11:23:21.233+0530][2.489s][info][gc,heap     ] GC(59) Archive regions: 2->2
[2026-05-27T11:23:21.233+0530][2.489s][info][gc,heap     ] GC(59) Humongous regions: 0->0
[2026-05-27T11:23:21.233+0530][2.489s][info][gc,metaspace] GC(59) Metaspace: 1689K(1920K)->1689K(1920K) NonClass: 1518K(1600K)->1518K(1600K) Class: 170K(320K)->170K(320K)
[2026-05-27T11:23:21.233+0530][2.489s][info][gc          ] GC(59) Pause Young (Normal) (G1 Evacuation Pause) 316M->15M(512M) 0.795ms
[2026-05-27T11:23:21.233+0530][2.489s][info][gc,cpu      ] GC(59) User=0.00s Sys=0.00s Real=0.00s
[2026-05-27T11:23:21.272+0530][2.528s][info][gc,start    ] GC(60) Pause Young (Normal) (G1 Evacuation Pause)
[2026-05-27T11:23:21.272+0530][2.528s][info][gc,task     ] GC(60) Using 9 workers of 9 for evacuation
[2026-05-27T11:23:21.272+0530][2.529s][info][gc,phases   ] GC(60)   Pre Evacuate Collection Set: 0.08ms
[2026-05-27T11:23:21.272+0530][2.529s][info][gc,phases   ] GC(60)   Merge Heap Roots: 0.05ms
[2026-05-27T11:23:21.272+0530][2.529s][info][gc,phases   ] GC(60)   Evacuate Collection Set: 0.28ms
[2026-05-27T11:23:21.272+0530][2.529s][info][gc,phases   ] GC(60)   Post Evacuate Collection Set: 0.20ms
[2026-05-27T11:23:21.272+0530][2.529s][info][gc,phases   ] GC(60)   Other: 0.11ms
[2026-05-27T11:23:21.272+0530][2.529s][info][gc,heap     ] GC(60) Eden regions: 301->0(301)
[2026-05-27T11:23:21.272+0530][2.529s][info][gc,heap     ] GC(60) Survivor regions: 6->6(39)
[2026-05-27T11:23:21.272+0530][2.529s][info][gc,heap     ] GC(60) Old regions: 10->10
[2026-05-27T11:23:21.272+0530][2.529s][info][gc,heap     ] GC(60) Archive regions: 2->2
[2026-05-27T11:23:21.272+0530][2.529s][info][gc,heap     ] GC(60) Humongous regions: 0->0
[2026-05-27T11:23:21.272+0530][2.529s][info][gc,metaspace] GC(60) Metaspace: 1689K(1920K)->1689K(1920K) NonClass: 1518K(1600K)->1518K(1600K) Class: 170K(320K)->170K(320K)
[2026-05-27T11:23:21.272+0530][2.529s][info][gc          ] GC(60) Pause Young (Normal) (G1 Evacuation Pause) 316M->15M(512M) 0.793ms
[2026-05-27T11:23:21.272+0530][2.529s][info][gc,cpu      ] GC(60) User=0.00s Sys=0.00s Real=0.00s
[2026-05-27T11:23:21.312+0530][2.568s][info][gc,start    ] GC(61) Pause Young (Normal) (G1 Evacuation Pause)
[2026-05-27T11:23:21.312+0530][2.568s][info][gc,task     ] GC(61) Using 9 workers of 9 for evacuation
[2026-05-27T11:23:21.313+0530][2.569s][info][gc,phases   ] GC(61)   Pre Evacuate Collection Set: 0.08ms
[2026-05-27T11:23:21.313+0530][2.569s][info][gc,phases   ] GC(61)   Merge Heap Roots: 0.05ms
[2026-05-27T11:23:21.313+0530][2.569s][info][gc,phases   ] GC(61)   Evacuate Collection Set: 0.29ms
[2026-05-27T11:23:21.313+0530][2.569s][info][gc,phases   ] GC(61)   Post Evacuate Collection Set: 0.16ms
[2026-05-27T11:23:21.313+0530][2.569s][info][gc,phases   ] GC(61)   Other: 0.09ms
[2026-05-27T11:23:21.313+0530][2.569s][info][gc,heap     ] GC(61) Eden regions: 301->0(303)
[2026-05-27T11:23:21.313+0530][2.569s][info][gc,heap     ] GC(61) Survivor regions: 6->4(39)
[2026-05-27T11:23:21.313+0530][2.569s][info][gc,heap     ] GC(61) Old regions: 10->10
[2026-05-27T11:23:21.313+0530][2.569s][info][gc,heap     ] GC(61) Archive regions: 2->2
[2026-05-27T11:23:21.313+0530][2.569s][info][gc,heap     ] GC(61) Humongous regions: 0->0
[2026-05-27T11:23:21.313+0530][2.569s][info][gc,metaspace] GC(61) Metaspace: 1689K(1920K)->1689K(1920K) NonClass: 1518K(1600K)->1518K(1600K) Class: 170K(320K)->170K(320K)
[2026-05-27T11:23:21.313+0530][2.569s][info][gc          ] GC(61) Pause Young (Normal) (G1 Evacuation Pause) 316M->13M(512M) 0.732ms
[2026-05-27T11:23:21.313+0530][2.569s][info][gc,cpu      ] GC(61) User=0.01s Sys=0.00s Real=0.00s
[2026-05-27T11:23:21.352+0530][2.608s][info][gc,start    ] GC(62) Pause Young (Normal) (G1 Evacuation Pause)
[2026-05-27T11:23:21.352+0530][2.608s][info][gc,task     ] GC(62) Using 9 workers of 9 for evacuation
[2026-05-27T11:23:21.353+0530][2.609s][info][gc,phases   ] GC(62)   Pre Evacuate Collection Set: 0.08ms
[2026-05-27T11:23:21.353+0530][2.609s][info][gc,phases   ] GC(62)   Merge Heap Roots: 0.05ms
[2026-05-27T11:23:21.353+0530][2.609s][info][gc,phases   ] GC(62)   Evacuate Collection Set: 0.28ms
[2026-05-27T11:23:21.353+0530][2.609s][info][gc,phases   ] GC(62)   Post Evacuate Collection Set: 0.19ms
[2026-05-27T11:23:21.353+0530][2.609s][info][gc,phases   ] GC(62)   Other: 0.10ms
[2026-05-27T11:23:21.353+0530][2.609s][info][gc,heap     ] GC(62) Eden regions: 303->0(301)
[2026-05-27T11:23:21.353+0530][2.609s][info][gc,heap     ] GC(62) Survivor regions: 4->6(39)
[2026-05-27T11:23:21.353+0530][2.609s][info][gc,heap     ] GC(62) Old regions: 10->10
[2026-05-27T11:23:21.353+0530][2.609s][info][gc,heap     ] GC(62) Archive regions: 2->2
[2026-05-27T11:23:21.353+0530][2.609s][info][gc,heap     ] GC(62) Humongous regions: 0->0
[2026-05-27T11:23:21.353+0530][2.609s][info][gc,metaspace] GC(62) Metaspace: 1689K(1920K)->1689K(1920K) NonClass: 1518K(1600K)->1518K(1600K) Class: 170K(320K)->170K(320K)
[2026-05-27T11:23:21.353+0530][2.609s][info][gc          ] GC(62) Pause Young (Normal) (G1 Evacuation Pause) 316M->15M(512M) 0.780ms
[2026-05-27T11:23:21.353+0530][2.609s][info][gc,cpu      ] GC(62) User=0.00s Sys=0.00s Real=0.00s
[2026-05-27T11:23:21.393+0530][2.650s][info][gc,start    ] GC(63) Pause Young (Normal) (G1 Evacuation Pause)
[2026-05-27T11:23:21.393+0530][2.650s][info][gc,task     ] GC(63) Using 9 workers of 9 for evacuation
[2026-05-27T11:23:21.394+0530][2.650s][info][gc,phases   ] GC(63)   Pre Evacuate Collection Set: 0.10ms
[2026-05-27T11:23:21.394+0530][2.650s][info][gc,phases   ] GC(63)   Merge Heap Roots: 0.05ms
[2026-05-27T11:23:21.394+0530][2.650s][info][gc,phases   ] GC(63)   Evacuate Collection Set: 0.27ms
[2026-05-27T11:23:21.394+0530][2.650s][info][gc,phases   ] GC(63)   Post Evacuate Collection Set: 0.19ms
[2026-05-27T11:23:21.394+0530][2.650s][info][gc,phases   ] GC(63)   Other: 0.10ms
[2026-05-27T11:23:21.394+0530][2.650s][info][gc,heap     ] GC(63) Eden regions: 301->0(306)
[2026-05-27T11:23:21.394+0530][2.650s][info][gc,heap     ] GC(63) Survivor regions: 6->1(39)
[2026-05-27T11:23:21.394+0530][2.650s][info][gc,heap     ] GC(63) Old regions: 10->10
[2026-05-27T11:23:21.394+0530][2.650s][info][gc,heap     ] GC(63) Archive regions: 2->2
[2026-05-27T11:23:21.394+0530][2.650s][info][gc,heap     ] GC(63) Humongous regions: 0->0
[2026-05-27T11:23:21.394+0530][2.650s][info][gc,metaspace] GC(63) Metaspace: 1689K(1920K)->1689K(1920K) NonClass: 1518K(1600K)->1518K(1600K) Class: 170K(320K)->170K(320K)
[2026-05-27T11:23:21.394+0530][2.650s][info][gc          ] GC(63) Pause Young (Normal) (G1 Evacuation Pause) 316M->10M(512M) 0.792ms
[2026-05-27T11:23:21.394+0530][2.650s][info][gc,cpu      ] GC(63) User=0.00s Sys=0.00s Real=0.00s
[2026-05-27T11:23:21.431+0530][2.688s][info][gc,start    ] GC(64) Pause Young (Normal) (G1 Evacuation Pause)
[2026-05-27T11:23:21.431+0530][2.688s][info][gc,task     ] GC(64) Using 9 workers of 9 for evacuation
[2026-05-27T11:23:21.432+0530][2.688s][info][gc,phases   ] GC(64)   Pre Evacuate Collection Set: 0.10ms
[2026-05-27T11:23:21.432+0530][2.688s][info][gc,phases   ] GC(64)   Merge Heap Roots: 0.03ms
[2026-05-27T11:23:21.432+0530][2.688s][info][gc,phases   ] GC(64)   Evacuate Collection Set: 0.26ms
[2026-05-27T11:23:21.432+0530][2.688s][info][gc,phases   ] GC(64)   Post Evacuate Collection Set: 0.18ms
[2026-05-27T11:23:21.432+0530][2.688s][info][gc,phases   ] GC(64)   Other: 0.06ms
[2026-05-27T11:23:21.432+0530][2.688s][info][gc,heap     ] GC(64) Eden regions: 306->0(300)
[2026-05-27T11:23:21.432+0530][2.688s][info][gc,heap     ] GC(64) Survivor regions: 1->7(39)
[2026-05-27T11:23:21.432+0530][2.688s][info][gc,heap     ] GC(64) Old regions: 10->10
[2026-05-27T11:23:21.432+0530][2.688s][info][gc,heap     ] GC(64) Archive regions: 2->2
[2026-05-27T11:23:21.432+0530][2.688s][info][gc,heap     ] GC(64) Humongous regions: 0->0
[2026-05-27T11:23:21.432+0530][2.688s][info][gc,metaspace] GC(64) Metaspace: 1689K(1920K)->1689K(1920K) NonClass: 1518K(1600K)->1518K(1600K) Class: 170K(320K)->170K(320K)
[2026-05-27T11:23:21.432+0530][2.688s][info][gc          ] GC(64) Pause Young (Normal) (G1 Evacuation Pause) 316M->16M(512M) 0.731ms
[2026-05-27T11:23:21.432+0530][2.688s][info][gc,cpu      ] GC(64) User=0.00s Sys=0.00s Real=0.00s
[2026-05-27T11:23:21.470+0530][2.727s][info][gc,start    ] GC(65) Pause Young (Normal) (G1 Evacuation Pause)
[2026-05-27T11:23:21.471+0530][2.727s][info][gc,task     ] GC(65) Using 9 workers of 9 for evacuation
[2026-05-27T11:23:21.471+0530][2.727s][info][gc,phases   ] GC(65)   Pre Evacuate Collection Set: 0.06ms
[2026-05-27T11:23:21.471+0530][2.727s][info][gc,phases   ] GC(65)   Merge Heap Roots: 0.06ms
[2026-05-27T11:23:21.471+0530][2.727s][info][gc,phases   ] GC(65)   Evacuate Collection Set: 0.24ms
[2026-05-27T11:23:21.471+0530][2.727s][info][gc,phases   ] GC(65)   Post Evacuate Collection Set: 0.20ms
[2026-05-27T11:23:21.471+0530][2.727s][info][gc,phases   ] GC(65)   Other: 0.11ms
[2026-05-27T11:23:21.471+0530][2.727s][info][gc,heap     ] GC(65) Eden regions: 300->0(302)
[2026-05-27T11:23:21.471+0530][2.727s][info][gc,heap     ] GC(65) Survivor regions: 7->5(39)
[2026-05-27T11:23:21.471+0530][2.727s][info][gc,heap     ] GC(65) Old regions: 10->10
[2026-05-27T11:23:21.471+0530][2.727s][info][gc,heap     ] GC(65) Archive regions: 2->2
[2026-05-27T11:23:21.471+0530][2.727s][info][gc,heap     ] GC(65) Humongous regions: 0->0
[2026-05-27T11:23:21.471+0530][2.727s][info][gc,metaspace] GC(65) Metaspace: 1689K(1920K)->1689K(1920K) NonClass: 1518K(1600K)->1518K(1600K) Class: 170K(320K)->170K(320K)
[2026-05-27T11:23:21.471+0530][2.727s][info][gc          ] GC(65) Pause Young (Normal) (G1 Evacuation Pause) 316M->14M(512M) 0.750ms
[2026-05-27T11:23:21.471+0530][2.727s][info][gc,cpu      ] GC(65) User=0.00s Sys=0.00s Real=0.00s
[2026-05-27T11:23:21.511+0530][2.767s][info][gc,start    ] GC(66) Pause Young (Normal) (G1 Evacuation Pause)
[2026-05-27T11:23:21.511+0530][2.767s][info][gc,task     ] GC(66) Using 9 workers of 9 for evacuation
[2026-05-27T11:23:21.512+0530][2.768s][info][gc,phases   ] GC(66)   Pre Evacuate Collection Set: 0.09ms
[2026-05-27T11:23:21.512+0530][2.768s][info][gc,phases   ] GC(66)   Merge Heap Roots: 0.05ms
[2026-05-27T11:23:21.512+0530][2.768s][info][gc,phases   ] GC(66)   Evacuate Collection Set: 0.30ms
[2026-05-27T11:23:21.512+0530][2.768s][info][gc,phases   ] GC(66)   Post Evacuate Collection Set: 0.15ms
[2026-05-27T11:23:21.512+0530][2.768s][info][gc,phases   ] GC(66)   Other: 0.11ms
[2026-05-27T11:23:21.512+0530][2.768s][info][gc,heap     ] GC(66) Eden regions: 302->0(302)
[2026-05-27T11:23:21.512+0530][2.768s][info][gc,heap     ] GC(66) Survivor regions: 5->5(39)
[2026-05-27T11:23:21.512+0530][2.768s][info][gc,heap     ] GC(66) Old regions: 10->10
[2026-05-27T11:23:21.512+0530][2.768s][info][gc,heap     ] GC(66) Archive regions: 2->2
[2026-05-27T11:23:21.512+0530][2.768s][info][gc,heap     ] GC(66) Humongous regions: 0->0
[2026-05-27T11:23:21.512+0530][2.768s][info][gc,metaspace] GC(66) Metaspace: 1689K(1920K)->1689K(1920K) NonClass: 1518K(1600K)->1518K(1600K) Class: 170K(320K)->170K(320K)
[2026-05-27T11:23:21.512+0530][2.768s][info][gc          ] GC(66) Pause Young (Normal) (G1 Evacuation Pause) 316M->14M(512M) 0.779ms
[2026-05-27T11:23:21.512+0530][2.768s][info][gc,cpu      ] GC(66) User=0.00s Sys=0.00s Real=0.00s
[2026-05-27T11:23:21.551+0530][2.807s][info][gc,start    ] GC(67) Pause Young (Normal) (G1 Evacuation Pause)
[2026-05-27T11:23:21.551+0530][2.807s][info][gc,task     ] GC(67) Using 9 workers of 9 for evacuation
[2026-05-27T11:23:21.552+0530][2.808s][info][gc,phases   ] GC(67)   Pre Evacuate Collection Set: 0.08ms
[2026-05-27T11:23:21.552+0530][2.808s][info][gc,phases   ] GC(67)   Merge Heap Roots: 0.06ms
[2026-05-27T11:23:21.552+0530][2.808s][info][gc,phases   ] GC(67)   Evacuate Collection Set: 0.23ms
[2026-05-27T11:23:21.552+0530][2.808s][info][gc,phases   ] GC(67)   Post Evacuate Collection Set: 0.17ms
[2026-05-27T11:23:21.552+0530][2.808s][info][gc,phases   ] GC(67)   Other: 0.08ms
[2026-05-27T11:23:21.552+0530][2.808s][info][gc,heap     ] GC(67) Eden regions: 302->0(302)
[2026-05-27T11:23:21.552+0530][2.808s][info][gc,heap     ] GC(67) Survivor regions: 5->5(39)
[2026-05-27T11:23:21.552+0530][2.808s][info][gc,heap     ] GC(67) Old regions: 10->10
[2026-05-27T11:23:21.552+0530][2.808s][info][gc,heap     ] GC(67) Archive regions: 2->2
[2026-05-27T11:23:21.552+0530][2.808s][info][gc,heap     ] GC(67) Humongous regions: 18->0
[2026-05-27T11:23:21.552+0530][2.808s][info][gc,metaspace] GC(67) Metaspace: 1689K(1920K)->1689K(1920K) NonClass: 1518K(1600K)->1518K(1600K) Class: 170K(320K)->170K(320K)
[2026-05-27T11:23:21.552+0530][2.808s][info][gc          ] GC(67) Pause Young (Normal) (G1 Evacuation Pause) 334M->14M(512M) 0.673ms
[2026-05-27T11:23:21.552+0530][2.808s][info][gc,cpu      ] GC(67) User=0.00s Sys=0.00s Real=0.00s
[2026-05-27T11:23:21.592+0530][2.848s][info][gc,start    ] GC(68) Pause Young (Normal) (G1 Evacuation Pause)
[2026-05-27T11:23:21.592+0530][2.848s][info][gc,task     ] GC(68) Using 9 workers of 9 for evacuation
[2026-05-27T11:23:21.593+0530][2.849s][info][gc,phases   ] GC(68)   Pre Evacuate Collection Set: 0.09ms
[2026-05-27T11:23:21.593+0530][2.849s][info][gc,phases   ] GC(68)   Merge Heap Roots: 0.10ms
[2026-05-27T11:23:21.593+0530][2.849s][info][gc,phases   ] GC(68)   Evacuate Collection Set: 0.26ms
[2026-05-27T11:23:21.593+0530][2.849s][info][gc,phases   ] GC(68)   Post Evacuate Collection Set: 0.16ms
[2026-05-27T11:23:21.593+0530][2.849s][info][gc,phases   ] GC(68)   Other: 0.09ms
[2026-05-27T11:23:21.593+0530][2.849s][info][gc,heap     ] GC(68) Eden regions: 302->0(306)
[2026-05-27T11:23:21.593+0530][2.849s][info][gc,heap     ] GC(68) Survivor regions: 5->1(39)
[2026-05-27T11:23:21.593+0530][2.849s][info][gc,heap     ] GC(68) Old regions: 10->10
[2026-05-27T11:23:21.593+0530][2.849s][info][gc,heap     ] GC(68) Archive regions: 2->2
[2026-05-27T11:23:21.593+0530][2.849s][info][gc,heap     ] GC(68) Humongous regions: 0->0
[2026-05-27T11:23:21.593+0530][2.849s][info][gc,metaspace] GC(68) Metaspace: 1689K(1920K)->1689K(1920K) NonClass: 1518K(1600K)->1518K(1600K) Class: 170K(320K)->170K(320K)
[2026-05-27T11:23:21.593+0530][2.849s][info][gc          ] GC(68) Pause Young (Normal) (G1 Evacuation Pause) 316M->10M(512M) 0.760ms
[2026-05-27T11:23:21.593+0530][2.849s][info][gc,cpu      ] GC(68) User=0.01s Sys=0.00s Real=0.00s
[2026-05-27T11:23:21.633+0530][2.889s][info][gc,start    ] GC(69) Pause Young (Normal) (G1 Evacuation Pause)
[2026-05-27T11:23:21.633+0530][2.889s][info][gc,task     ] GC(69) Using 9 workers of 9 for evacuation
[2026-05-27T11:23:21.634+0530][2.890s][info][gc,phases   ] GC(69)   Pre Evacuate Collection Set: 0.08ms
[2026-05-27T11:23:21.634+0530][2.890s][info][gc,phases   ] GC(69)   Merge Heap Roots: 0.05ms
[2026-05-27T11:23:21.634+0530][2.890s][info][gc,phases   ] GC(69)   Evacuate Collection Set: 0.29ms
[2026-05-27T11:23:21.634+0530][2.890s][info][gc,phases   ] GC(69)   Post Evacuate Collection Set: 0.18ms
[2026-05-27T11:23:21.634+0530][2.890s][info][gc,phases   ] GC(69)   Other: 0.10ms
[2026-05-27T11:23:21.634+0530][2.890s][info][gc,heap     ] GC(69) Eden regions: 306->0(302)
[2026-05-27T11:23:21.634+0530][2.890s][info][gc,heap     ] GC(69) Survivor regions: 1->5(39)
[2026-05-27T11:23:21.634+0530][2.890s][info][gc,heap     ] GC(69) Old regions: 10->10
[2026-05-27T11:23:21.634+0530][2.890s][info][gc,heap     ] GC(69) Archive regions: 2->2
[2026-05-27T11:23:21.634+0530][2.890s][info][gc,heap     ] GC(69) Humongous regions: 0->0
[2026-05-27T11:23:21.634+0530][2.890s][info][gc,metaspace] GC(69) Metaspace: 1689K(1920K)->1689K(1920K) NonClass: 1518K(1600K)->1518K(1600K) Class: 170K(320K)->170K(320K)
[2026-05-27T11:23:21.634+0530][2.890s][info][gc          ] GC(69) Pause Young (Normal) (G1 Evacuation Pause) 316M->14M(512M) 0.759ms
[2026-05-27T11:23:21.634+0530][2.890s][info][gc,cpu      ] GC(69) User=0.00s Sys=0.00s Real=0.00s
[2026-05-27T11:23:21.671+0530][2.927s][info][gc,start    ] GC(70) Pause Young (Normal) (G1 Evacuation Pause)
[2026-05-27T11:23:21.671+0530][2.927s][info][gc,task     ] GC(70) Using 9 workers of 9 for evacuation
[2026-05-27T11:23:21.672+0530][2.928s][info][gc,phases   ] GC(70)   Pre Evacuate Collection Set: 0.09ms
[2026-05-27T11:23:21.672+0530][2.928s][info][gc,phases   ] GC(70)   Merge Heap Roots: 0.04ms
[2026-05-27T11:23:21.672+0530][2.928s][info][gc,phases   ] GC(70)   Evacuate Collection Set: 0.25ms
[2026-05-27T11:23:21.672+0530][2.928s][info][gc,phases   ] GC(70)   Post Evacuate Collection Set: 0.17ms
[2026-05-27T11:23:21.672+0530][2.928s][info][gc,phases   ] GC(70)   Other: 0.10ms
[2026-05-27T11:23:21.672+0530][2.928s][info][gc,heap     ] GC(70) Eden regions: 302->0(301)
[2026-05-27T11:23:21.672+0530][2.928s][info][gc,heap     ] GC(70) Survivor regions: 5->6(39)
[2026-05-27T11:23:21.672+0530][2.928s][info][gc,heap     ] GC(70) Old regions: 10->10
[2026-05-27T11:23:21.672+0530][2.928s][info][gc,heap     ] GC(70) Archive regions: 2->2
[2026-05-27T11:23:21.672+0530][2.928s][info][gc,heap     ] GC(70) Humongous regions: 9->0
[2026-05-27T11:23:21.672+0530][2.928s][info][gc,metaspace] GC(70) Metaspace: 1689K(1920K)->1689K(1920K) NonClass: 1518K(1600K)->1518K(1600K) Class: 170K(320K)->170K(320K)
[2026-05-27T11:23:21.672+0530][2.928s][info][gc          ] GC(70) Pause Young (Normal) (G1 Evacuation Pause) 324M->15M(512M) 0.714ms
[2026-05-27T11:23:21.672+0530][2.928s][info][gc,cpu      ] GC(70) User=0.00s Sys=0.00s Real=0.00s
[2026-05-27T11:23:21.710+0530][2.967s][info][gc,start    ] GC(71) Pause Young (Normal) (G1 Evacuation Pause)
[2026-05-27T11:23:21.711+0530][2.967s][info][gc,task     ] GC(71) Using 9 workers of 9 for evacuation
[2026-05-27T11:23:21.711+0530][2.967s][info][gc,phases   ] GC(71)   Pre Evacuate Collection Set: 0.14ms
[2026-05-27T11:23:21.711+0530][2.967s][info][gc,phases   ] GC(71)   Merge Heap Roots: 0.09ms
[2026-05-27T11:23:21.711+0530][2.967s][info][gc,phases   ] GC(71)   Evacuate Collection Set: 0.30ms
[2026-05-27T11:23:21.711+0530][2.967s][info][gc,phases   ] GC(71)   Post Evacuate Collection Set: 0.19ms
[2026-05-27T11:23:21.711+0530][2.967s][info][gc,phases   ] GC(71)   Other: 0.12ms
[2026-05-27T11:23:21.711+0530][2.967s][info][gc,heap     ] GC(71) Eden regions: 301->0(303)
[2026-05-27T11:23:21.711+0530][2.967s][info][gc,heap     ] GC(71) Survivor regions: 6->4(39)
[2026-05-27T11:23:21.711+0530][2.968s][info][gc,heap     ] GC(71) Old regions: 10->10
[2026-05-27T11:23:21.711+0530][2.968s][info][gc,heap     ] GC(71) Archive regions: 2->2
[2026-05-27T11:23:21.711+0530][2.968s][info][gc,heap     ] GC(71) Humongous regions: 9->0
[2026-05-27T11:23:21.711+0530][2.968s][info][gc,metaspace] GC(71) Metaspace: 1689K(1920K)->1689K(1920K) NonClass: 1518K(1600K)->1518K(1600K) Class: 170K(320K)->170K(320K)
[2026-05-27T11:23:21.711+0530][2.968s][info][gc          ] GC(71) Pause Young (Normal) (G1 Evacuation Pause) 325M->14M(512M) 0.901ms
[2026-05-27T11:23:21.711+0530][2.968s][info][gc,cpu      ] GC(71) User=0.00s Sys=0.01s Real=0.00s
[2026-05-27T11:23:21.750+0530][3.006s][info][gc,start    ] GC(72) Pause Young (Normal) (G1 Evacuation Pause)
[2026-05-27T11:23:21.750+0530][3.006s][info][gc,task     ] GC(72) Using 9 workers of 9 for evacuation
[2026-05-27T11:23:21.751+0530][3.007s][info][gc,phases   ] GC(72)   Pre Evacuate Collection Set: 0.08ms
[2026-05-27T11:23:21.751+0530][3.007s][info][gc,phases   ] GC(72)   Merge Heap Roots: 0.10ms
[2026-05-27T11:23:21.751+0530][3.007s][info][gc,phases   ] GC(72)   Evacuate Collection Set: 0.31ms
[2026-05-27T11:23:21.751+0530][3.007s][info][gc,phases   ] GC(72)   Post Evacuate Collection Set: 0.23ms
[2026-05-27T11:23:21.751+0530][3.007s][info][gc,phases   ] GC(72)   Other: 0.12ms
[2026-05-27T11:23:21.751+0530][3.007s][info][gc,heap     ] GC(72) Eden regions: 303->0(302)
[2026-05-27T11:23:21.751+0530][3.007s][info][gc,heap     ] GC(72) Survivor regions: 4->5(39)
[2026-05-27T11:23:21.751+0530][3.007s][info][gc,heap     ] GC(72) Old regions: 10->10
[2026-05-27T11:23:21.751+0530][3.007s][info][gc,heap     ] GC(72) Archive regions: 2->2
[2026-05-27T11:23:21.751+0530][3.007s][info][gc,heap     ] GC(72) Humongous regions: 9->0
[2026-05-27T11:23:21.751+0530][3.007s][info][gc,metaspace] GC(72) Metaspace: 1689K(1920K)->1689K(1920K) NonClass: 1518K(1600K)->1518K(1600K) Class: 170K(320K)->170K(320K)
[2026-05-27T11:23:21.751+0530][3.007s][info][gc          ] GC(72) Pause Young (Normal) (G1 Evacuation Pause) 325M->14M(512M) 0.921ms
[2026-05-27T11:23:21.751+0530][3.007s][info][gc,cpu      ] GC(72) User=0.00s Sys=0.00s Real=0.00s
[2026-05-27T11:23:21.790+0530][3.046s][info][gc,start    ] GC(73) Pause Young (Normal) (G1 Evacuation Pause)
[2026-05-27T11:23:21.790+0530][3.046s][info][gc,task     ] GC(73) Using 9 workers of 9 for evacuation
[2026-05-27T11:23:21.790+0530][3.047s][info][gc,phases   ] GC(73)   Pre Evacuate Collection Set: 0.06ms
[2026-05-27T11:23:21.790+0530][3.047s][info][gc,phases   ] GC(73)   Merge Heap Roots: 0.05ms
[2026-05-27T11:23:21.790+0530][3.047s][info][gc,phases   ] GC(73)   Evacuate Collection Set: 0.32ms
[2026-05-27T11:23:21.790+0530][3.047s][info][gc,phases   ] GC(73)   Post Evacuate Collection Set: 0.17ms
[2026-05-27T11:23:21.790+0530][3.047s][info][gc,phases   ] GC(73)   Other: 0.10ms
[2026-05-27T11:23:21.791+0530][3.047s][info][gc,heap     ] GC(73) Eden regions: 302->0(301)
[2026-05-27T11:23:21.791+0530][3.047s][info][gc,heap     ] GC(73) Survivor regions: 5->6(39)
[2026-05-27T11:23:21.791+0530][3.047s][info][gc,heap     ] GC(73) Old regions: 10->10
[2026-05-27T11:23:21.791+0530][3.047s][info][gc,heap     ] GC(73) Archive regions: 2->2
[2026-05-27T11:23:21.791+0530][3.047s][info][gc,heap     ] GC(73) Humongous regions: 0->0
[2026-05-27T11:23:21.791+0530][3.047s][info][gc,metaspace] GC(73) Metaspace: 1689K(1920K)->1689K(1920K) NonClass: 1518K(1600K)->1518K(1600K) Class: 170K(320K)->170K(320K)
[2026-05-27T11:23:21.791+0530][3.047s][info][gc          ] GC(73) Pause Young (Normal) (G1 Evacuation Pause) 316M->15M(512M) 0.754ms
[2026-05-27T11:23:21.791+0530][3.047s][info][gc,cpu      ] GC(73) User=0.00s Sys=0.00s Real=0.00s
[2026-05-27T11:23:21.830+0530][3.087s][info][gc,start    ] GC(74) Pause Young (Normal) (G1 Evacuation Pause)
[2026-05-27T11:23:21.830+0530][3.087s][info][gc,task     ] GC(74) Using 9 workers of 9 for evacuation
[2026-05-27T11:23:21.831+0530][3.087s][info][gc,phases   ] GC(74)   Pre Evacuate Collection Set: 0.08ms
[2026-05-27T11:23:21.831+0530][3.087s][info][gc,phases   ] GC(74)   Merge Heap Roots: 0.05ms
[2026-05-27T11:23:21.831+0530][3.087s][info][gc,phases   ] GC(74)   Evacuate Collection Set: 0.28ms
[2026-05-27T11:23:21.831+0530][3.087s][info][gc,phases   ] GC(74)   Post Evacuate Collection Set: 0.16ms
[2026-05-27T11:23:21.831+0530][3.087s][info][gc,phases   ] GC(74)   Other: 0.07ms
[2026-05-27T11:23:21.831+0530][3.087s][info][gc,heap     ] GC(74) Eden regions: 301->0(303)
[2026-05-27T11:23:21.831+0530][3.087s][info][gc,heap     ] GC(74) Survivor regions: 6->4(39)
[2026-05-27T11:23:21.831+0530][3.087s][info][gc,heap     ] GC(74) Old regions: 10->10
[2026-05-27T11:23:21.831+0530][3.087s][info][gc,heap     ] GC(74) Archive regions: 2->2
[2026-05-27T11:23:21.831+0530][3.087s][info][gc,heap     ] GC(74) Humongous regions: 0->0
[2026-05-27T11:23:21.831+0530][3.087s][info][gc,metaspace] GC(74) Metaspace: 1689K(1920K)->1689K(1920K) NonClass: 1518K(1600K)->1518K(1600K) Class: 170K(320K)->170K(320K)
[2026-05-27T11:23:21.831+0530][3.087s][info][gc          ] GC(74) Pause Young (Normal) (G1 Evacuation Pause) 316M->13M(512M) 0.707ms
[2026-05-27T11:23:21.831+0530][3.087s][info][gc,cpu      ] GC(74) User=0.00s Sys=0.00s Real=0.00s
[2026-05-27T11:23:21.871+0530][3.127s][info][gc,start    ] GC(75) Pause Young (Normal) (G1 Evacuation Pause)
[2026-05-27T11:23:21.871+0530][3.127s][info][gc,task     ] GC(75) Using 9 workers of 9 for evacuation
[2026-05-27T11:23:21.871+0530][3.128s][info][gc,phases   ] GC(75)   Pre Evacuate Collection Set: 0.11ms
[2026-05-27T11:23:21.872+0530][3.128s][info][gc,phases   ] GC(75)   Merge Heap Roots: 0.05ms
[2026-05-27T11:23:21.872+0530][3.128s][info][gc,phases   ] GC(75)   Evacuate Collection Set: 0.29ms
[2026-05-27T11:23:21.872+0530][3.128s][info][gc,phases   ] GC(75)   Post Evacuate Collection Set: 0.22ms
[2026-05-27T11:23:21.872+0530][3.128s][info][gc,phases   ] GC(75)   Other: 0.12ms
[2026-05-27T11:23:21.872+0530][3.128s][info][gc,heap     ] GC(75) Eden regions: 303->0(302)
[2026-05-27T11:23:21.872+0530][3.128s][info][gc,heap     ] GC(75) Survivor regions: 4->5(39)
[2026-05-27T11:23:21.872+0530][3.128s][info][gc,heap     ] GC(75) Old regions: 10->10
[2026-05-27T11:23:21.872+0530][3.128s][info][gc,heap     ] GC(75) Archive regions: 2->2
[2026-05-27T11:23:21.872+0530][3.128s][info][gc,heap     ] GC(75) Humongous regions: 0->0
[2026-05-27T11:23:21.872+0530][3.128s][info][gc,metaspace] GC(75) Metaspace: 1689K(1920K)->1689K(1920K) NonClass: 1518K(1600K)->1518K(1600K) Class: 170K(320K)->170K(320K)
[2026-05-27T11:23:21.872+0530][3.128s][info][gc          ] GC(75) Pause Young (Normal) (G1 Evacuation Pause) 316M->14M(512M) 0.835ms
[2026-05-27T11:23:21.872+0530][3.128s][info][gc,cpu      ] GC(75) User=0.00s Sys=0.00s Real=0.00s
[2026-05-27T11:23:21.912+0530][3.168s][info][gc,start    ] GC(76) Pause Young (Normal) (G1 Evacuation Pause)
[2026-05-27T11:23:21.912+0530][3.168s][info][gc,task     ] GC(76) Using 9 workers of 9 for evacuation
[2026-05-27T11:23:21.912+0530][3.169s][info][gc,phases   ] GC(76)   Pre Evacuate Collection Set: 0.07ms
[2026-05-27T11:23:21.913+0530][3.169s][info][gc,phases   ] GC(76)   Merge Heap Roots: 0.11ms
[2026-05-27T11:23:21.913+0530][3.169s][info][gc,phases   ] GC(76)   Evacuate Collection Set: 0.38ms
[2026-05-27T11:23:21.913+0530][3.169s][info][gc,phases   ] GC(76)   Post Evacuate Collection Set: 0.20ms
[2026-05-27T11:23:21.913+0530][3.169s][info][gc,phases   ] GC(76)   Other: 0.11ms
[2026-05-27T11:23:21.913+0530][3.169s][info][gc,heap     ] GC(76) Eden regions: 302->0(303)
[2026-05-27T11:23:21.913+0530][3.169s][info][gc,heap     ] GC(76) Survivor regions: 5->4(39)
[2026-05-27T11:23:21.913+0530][3.169s][info][gc,heap     ] GC(76) Old regions: 10->10
[2026-05-27T11:23:21.913+0530][3.169s][info][gc,heap     ] GC(76) Archive regions: 2->2
[2026-05-27T11:23:21.913+0530][3.169s][info][gc,heap     ] GC(76) Humongous regions: 0->0
[2026-05-27T11:23:21.913+0530][3.169s][info][gc,metaspace] GC(76) Metaspace: 1689K(1920K)->1689K(1920K) NonClass: 1518K(1600K)->1518K(1600K) Class: 170K(320K)->170K(320K)
[2026-05-27T11:23:21.913+0530][3.169s][info][gc          ] GC(76) Pause Young (Normal) (G1 Evacuation Pause) 316M->13M(512M) 0.950ms
[2026-05-27T11:23:21.913+0530][3.169s][info][gc,cpu      ] GC(76) User=0.01s Sys=0.00s Real=0.00s
[2026-05-27T11:23:21.953+0530][3.209s][info][gc,start    ] GC(77) Pause Young (Normal) (G1 Evacuation Pause)
[2026-05-27T11:23:21.953+0530][3.209s][info][gc,task     ] GC(77) Using 9 workers of 9 for evacuation
[2026-05-27T11:23:21.953+0530][3.209s][info][gc,phases   ] GC(77)   Pre Evacuate Collection Set: 0.08ms
[2026-05-27T11:23:21.953+0530][3.209s][info][gc,phases   ] GC(77)   Merge Heap Roots: 0.04ms
[2026-05-27T11:23:21.953+0530][3.209s][info][gc,phases   ] GC(77)   Evacuate Collection Set: 0.20ms
[2026-05-27T11:23:21.953+0530][3.209s][info][gc,phases   ] GC(77)   Post Evacuate Collection Set: 0.18ms
[2026-05-27T11:23:21.953+0530][3.209s][info][gc,phases   ] GC(77)   Other: 0.10ms
[2026-05-27T11:23:21.953+0530][3.209s][info][gc,heap     ] GC(77) Eden regions: 303->0(302)
[2026-05-27T11:23:21.953+0530][3.209s][info][gc,heap     ] GC(77) Survivor regions: 4->5(39)
[2026-05-27T11:23:21.953+0530][3.209s][info][gc,heap     ] GC(77) Old regions: 10->10
[2026-05-27T11:23:21.953+0530][3.209s][info][gc,heap     ] GC(77) Archive regions: 2->2
[2026-05-27T11:23:21.953+0530][3.209s][info][gc,heap     ] GC(77) Humongous regions: 0->0
[2026-05-27T11:23:21.953+0530][3.209s][info][gc,metaspace] GC(77) Metaspace: 1689K(1920K)->1689K(1920K) NonClass: 1518K(1600K)->1518K(1600K) Class: 170K(320K)->170K(320K)
[2026-05-27T11:23:21.953+0530][3.209s][info][gc          ] GC(77) Pause Young (Normal) (G1 Evacuation Pause) 316M->14M(512M) 0.683ms
[2026-05-27T11:23:21.953+0530][3.209s][info][gc,cpu      ] GC(77) User=0.00s Sys=0.00s Real=0.00s
[2026-05-27T11:23:21.995+0530][3.251s][info][gc,start    ] GC(78) Pause Young (Normal) (G1 Evacuation Pause)
[2026-05-27T11:23:21.995+0530][3.251s][info][gc,task     ] GC(78) Using 9 workers of 9 for evacuation
[2026-05-27T11:23:21.996+0530][3.252s][info][gc,phases   ] GC(78)   Pre Evacuate Collection Set: 0.07ms
[2026-05-27T11:23:21.996+0530][3.252s][info][gc,phases   ] GC(78)   Merge Heap Roots: 0.09ms
[2026-05-27T11:23:21.996+0530][3.252s][info][gc,phases   ] GC(78)   Evacuate Collection Set: 0.32ms
[2026-05-27T11:23:21.996+0530][3.252s][info][gc,phases   ] GC(78)   Post Evacuate Collection Set: 0.27ms
[2026-05-27T11:23:21.996+0530][3.252s][info][gc,phases   ] GC(78)   Other: 0.11ms
[2026-05-27T11:23:21.996+0530][3.252s][info][gc,heap     ] GC(78) Eden regions: 302->0(302)
[2026-05-27T11:23:21.996+0530][3.252s][info][gc,heap     ] GC(78) Survivor regions: 5->5(39)
[2026-05-27T11:23:21.996+0530][3.252s][info][gc,heap     ] GC(78) Old regions: 10->10
[2026-05-27T11:23:21.996+0530][3.252s][info][gc,heap     ] GC(78) Archive regions: 2->2
[2026-05-27T11:23:21.996+0530][3.252s][info][gc,heap     ] GC(78) Humongous regions: 0->0
[2026-05-27T11:23:21.996+0530][3.252s][info][gc,metaspace] GC(78) Metaspace: 1689K(1920K)->1689K(1920K) NonClass: 1518K(1600K)->1518K(1600K) Class: 170K(320K)->170K(320K)
[2026-05-27T11:23:21.996+0530][3.252s][info][gc          ] GC(78) Pause Young (Normal) (G1 Evacuation Pause) 316M->14M(512M) 0.931ms
[2026-05-27T11:23:21.996+0530][3.252s][info][gc,cpu      ] GC(78) User=0.00s Sys=0.00s Real=0.00s
[2026-05-27T11:23:22.034+0530][3.290s][info][gc,start    ] GC(79) Pause Young (Normal) (G1 Evacuation Pause)
[2026-05-27T11:23:22.034+0530][3.290s][info][gc,task     ] GC(79) Using 9 workers of 9 for evacuation
[2026-05-27T11:23:22.035+0530][3.291s][info][gc,phases   ] GC(79)   Pre Evacuate Collection Set: 0.07ms
[2026-05-27T11:23:22.035+0530][3.291s][info][gc,phases   ] GC(79)   Merge Heap Roots: 0.05ms
[2026-05-27T11:23:22.035+0530][3.291s][info][gc,phases   ] GC(79)   Evacuate Collection Set: 0.25ms
[2026-05-27T11:23:22.035+0530][3.291s][info][gc,phases   ] GC(79)   Post Evacuate Collection Set: 0.17ms
[2026-05-27T11:23:22.035+0530][3.291s][info][gc,phases   ] GC(79)   Other: 0.12ms
[2026-05-27T11:23:22.035+0530][3.291s][info][gc,heap     ] GC(79) Eden regions: 302->0(301)
[2026-05-27T11:23:22.035+0530][3.291s][info][gc,heap     ] GC(79) Survivor regions: 5->6(39)
[2026-05-27T11:23:22.035+0530][3.291s][info][gc,heap     ] GC(79) Old regions: 10->10
[2026-05-27T11:23:22.035+0530][3.291s][info][gc,heap     ] GC(79) Archive regions: 2->2
[2026-05-27T11:23:22.035+0530][3.291s][info][gc,heap     ] GC(79) Humongous regions: 9->0
[2026-05-27T11:23:22.035+0530][3.291s][info][gc,metaspace] GC(79) Metaspace: 1689K(1920K)->1689K(1920K) NonClass: 1518K(1600K)->1518K(1600K) Class: 170K(320K)->170K(320K)
[2026-05-27T11:23:22.035+0530][3.291s][info][gc          ] GC(79) Pause Young (Normal) (G1 Evacuation Pause) 325M->15M(512M) 0.738ms
[2026-05-27T11:23:22.035+0530][3.291s][info][gc,cpu      ] GC(79) User=0.00s Sys=0.00s Real=0.00s
[2026-05-27T11:23:22.075+0530][3.331s][info][gc,start    ] GC(80) Pause Young (Normal) (G1 Evacuation Pause)
[2026-05-27T11:23:22.075+0530][3.331s][info][gc,task     ] GC(80) Using 9 workers of 9 for evacuation
[2026-05-27T11:23:22.076+0530][3.332s][info][gc,phases   ] GC(80)   Pre Evacuate Collection Set: 0.08ms
[2026-05-27T11:23:22.076+0530][3.332s][info][gc,phases   ] GC(80)   Merge Heap Roots: 0.04ms
[2026-05-27T11:23:22.076+0530][3.332s][info][gc,phases   ] GC(80)   Evacuate Collection Set: 0.66ms
[2026-05-27T11:23:22.076+0530][3.332s][info][gc,phases   ] GC(80)   Post Evacuate Collection Set: 0.20ms
[2026-05-27T11:23:22.076+0530][3.332s][info][gc,phases   ] GC(80)   Other: 0.11ms
[2026-05-27T11:23:22.076+0530][3.332s][info][gc,heap     ] GC(80) Eden regions: 301->0(289)
[2026-05-27T11:23:22.076+0530][3.332s][info][gc,heap     ] GC(80) Survivor regions: 6->18(39)
[2026-05-27T11:23:22.076+0530][3.332s][info][gc,heap     ] GC(80) Old regions: 10->10
[2026-05-27T11:23:22.076+0530][3.332s][info][gc,heap     ] GC(80) Archive regions: 2->2
[2026-05-27T11:23:22.076+0530][3.332s][info][gc,heap     ] GC(80) Humongous regions: 0->0
[2026-05-27T11:23:22.076+0530][3.332s][info][gc,metaspace] GC(80) Metaspace: 1689K(1920K)->1689K(1920K) NonClass: 1518K(1600K)->1518K(1600K) Class: 170K(320K)->170K(320K)
[2026-05-27T11:23:22.076+0530][3.332s][info][gc          ] GC(80) Pause Young (Normal) (G1 Evacuation Pause) 316M->27M(512M) 1.187ms
[2026-05-27T11:23:22.076+0530][3.332s][info][gc,cpu      ] GC(80) User=0.00s Sys=0.00s Real=0.00s
[2026-05-27T11:23:22.114+0530][3.370s][info][gc,start    ] GC(81) Pause Young (Normal) (G1 Evacuation Pause)
[2026-05-27T11:23:22.114+0530][3.370s][info][gc,task     ] GC(81) Using 9 workers of 9 for evacuation
[2026-05-27T11:23:22.115+0530][3.371s][info][gc,phases   ] GC(81)   Pre Evacuate Collection Set: 0.08ms
[2026-05-27T11:23:22.115+0530][3.371s][info][gc,phases   ] GC(81)   Merge Heap Roots: 0.05ms
[2026-05-27T11:23:22.115+0530][3.371s][info][gc,phases   ] GC(81)   Evacuate Collection Set: 0.37ms
[2026-05-27T11:23:22.115+0530][3.371s][info][gc,phases   ] GC(81)   Post Evacuate Collection Set: 0.23ms
[2026-05-27T11:23:22.115+0530][3.371s][info][gc,phases   ] GC(81)   Other: 0.10ms
[2026-05-27T11:23:22.115+0530][3.371s][info][gc,heap     ] GC(81) Eden regions: 289->0(300)
[2026-05-27T11:23:22.115+0530][3.371s][info][gc,heap     ] GC(81) Survivor regions: 18->7(39)
[2026-05-27T11:23:22.115+0530][3.371s][info][gc,heap     ] GC(81) Old regions: 10->10
[2026-05-27T11:23:22.115+0530][3.371s][info][gc,heap     ] GC(81) Archive regions: 2->2
[2026-05-27T11:23:22.115+0530][3.371s][info][gc,heap     ] GC(81) Humongous regions: 9->0
[2026-05-27T11:23:22.115+0530][3.371s][info][gc,metaspace] GC(81) Metaspace: 1689K(1920K)->1689K(1920K) NonClass: 1518K(1600K)->1518K(1600K) Class: 170K(320K)->170K(320K)
[2026-05-27T11:23:22.115+0530][3.371s][info][gc          ] GC(81) Pause Young (Normal) (G1 Evacuation Pause) 325M->16M(512M) 0.916ms
[2026-05-27T11:23:22.115+0530][3.371s][info][gc,cpu      ] GC(81) User=0.00s Sys=0.00s Real=0.00s
[2026-05-27T11:23:22.158+0530][3.415s][info][gc,start    ] GC(82) Pause Young (Normal) (G1 Evacuation Pause)
[2026-05-27T11:23:22.158+0530][3.415s][info][gc,task     ] GC(82) Using 9 workers of 9 for evacuation
[2026-05-27T11:23:22.159+0530][3.415s][info][gc,phases   ] GC(82)   Pre Evacuate Collection Set: 0.05ms
[2026-05-27T11:23:22.159+0530][3.415s][info][gc,phases   ] GC(82)   Merge Heap Roots: 0.09ms
[2026-05-27T11:23:22.159+0530][3.415s][info][gc,phases   ] GC(82)   Evacuate Collection Set: 0.32ms
[2026-05-27T11:23:22.159+0530][3.415s][info][gc,phases   ] GC(82)   Post Evacuate Collection Set: 0.21ms
[2026-05-27T11:23:22.159+0530][3.415s][info][gc,phases   ] GC(82)   Other: 0.10ms
[2026-05-27T11:23:22.159+0530][3.415s][info][gc,heap     ] GC(82) Eden regions: 300->0(301)
[2026-05-27T11:23:22.159+0530][3.415s][info][gc,heap     ] GC(82) Survivor regions: 7->6(39)
[2026-05-27T11:23:22.159+0530][3.415s][info][gc,heap     ] GC(82) Old regions: 10->10
[2026-05-27T11:23:22.159+0530][3.415s][info][gc,heap     ] GC(82) Archive regions: 2->2
[2026-05-27T11:23:22.159+0530][3.415s][info][gc,heap     ] GC(82) Humongous regions: 0->0
[2026-05-27T11:23:22.159+0530][3.415s][info][gc,metaspace] GC(82) Metaspace: 1689K(1920K)->1689K(1920K) NonClass: 1518K(1600K)->1518K(1600K) Class: 170K(320K)->170K(320K)
[2026-05-27T11:23:22.159+0530][3.415s][info][gc          ] GC(82) Pause Young (Normal) (G1 Evacuation Pause) 316M->15M(512M) 0.880ms
[2026-05-27T11:23:22.159+0530][3.416s][info][gc,cpu      ] GC(82) User=0.01s Sys=0.00s Real=0.00s
[2026-05-27T11:23:22.200+0530][3.456s][info][gc,start    ] GC(83) Pause Young (Normal) (G1 Evacuation Pause)
[2026-05-27T11:23:22.200+0530][3.456s][info][gc,task     ] GC(83) Using 9 workers of 9 for evacuation
[2026-05-27T11:23:22.201+0530][3.457s][info][gc,phases   ] GC(83)   Pre Evacuate Collection Set: 0.10ms
[2026-05-27T11:23:22.201+0530][3.457s][info][gc,phases   ] GC(83)   Merge Heap Roots: 0.04ms
[2026-05-27T11:23:22.201+0530][3.457s][info][gc,phases   ] GC(83)   Evacuate Collection Set: 0.25ms
[2026-05-27T11:23:22.201+0530][3.457s][info][gc,phases   ] GC(83)   Post Evacuate Collection Set: 0.19ms
[2026-05-27T11:23:22.201+0530][3.457s][info][gc,phases   ] GC(83)   Other: 0.11ms
[2026-05-27T11:23:22.201+0530][3.457s][info][gc,heap     ] GC(83) Eden regions: 301->0(302)
[2026-05-27T11:23:22.201+0530][3.457s][info][gc,heap     ] GC(83) Survivor regions: 6->5(39)
[2026-05-27T11:23:22.201+0530][3.457s][info][gc,heap     ] GC(83) Old regions: 10->10
[2026-05-27T11:23:22.201+0530][3.457s][info][gc,heap     ] GC(83) Archive regions: 2->2
[2026-05-27T11:23:22.201+0530][3.457s][info][gc,heap     ] GC(83) Humongous regions: 0->0
[2026-05-27T11:23:22.201+0530][3.457s][info][gc,metaspace] GC(83) Metaspace: 1689K(1920K)->1689K(1920K) NonClass: 1518K(1600K)->1518K(1600K) Class: 170K(320K)->170K(320K)
[2026-05-27T11:23:22.201+0530][3.457s][info][gc          ] GC(83) Pause Young (Normal) (G1 Evacuation Pause) 316M->15M(512M) 0.746ms
[2026-05-27T11:23:22.201+0530][3.457s][info][gc,cpu      ] GC(83) User=0.00s Sys=0.00s Real=0.00s
[2026-05-27T11:23:22.240+0530][3.496s][info][gc,start    ] GC(84) Pause Young (Normal) (G1 Evacuation Pause)
[2026-05-27T11:23:22.240+0530][3.496s][info][gc,task     ] GC(84) Using 9 workers of 9 for evacuation
[2026-05-27T11:23:22.241+0530][3.497s][info][gc,phases   ] GC(84)   Pre Evacuate Collection Set: 0.09ms
[2026-05-27T11:23:22.241+0530][3.497s][info][gc,phases   ] GC(84)   Merge Heap Roots: 0.07ms
[2026-05-27T11:23:22.241+0530][3.497s][info][gc,phases   ] GC(84)   Evacuate Collection Set: 0.27ms
[2026-05-27T11:23:22.241+0530][3.497s][info][gc,phases   ] GC(84)   Post Evacuate Collection Set: 0.21ms
[2026-05-27T11:23:22.241+0530][3.497s][info][gc,phases   ] GC(84)   Other: 0.11ms
[2026-05-27T11:23:22.241+0530][3.497s][info][gc,heap     ] GC(84) Eden regions: 302->0(302)
[2026-05-27T11:23:22.241+0530][3.497s][info][gc,heap     ] GC(84) Survivor regions: 5->5(39)
[2026-05-27T11:23:22.241+0530][3.497s][info][gc,heap     ] GC(84) Old regions: 10->10
[2026-05-27T11:23:22.241+0530][3.497s][info][gc,heap     ] GC(84) Archive regions: 2->2
[2026-05-27T11:23:22.241+0530][3.497s][info][gc,heap     ] GC(84) Humongous regions: 0->0
[2026-05-27T11:23:22.241+0530][3.497s][info][gc,metaspace] GC(84) Metaspace: 1689K(1920K)->1689K(1920K) NonClass: 1518K(1600K)->1518K(1600K) Class: 170K(320K)->170K(320K)
[2026-05-27T11:23:22.241+0530][3.497s][info][gc          ] GC(84) Pause Young (Normal) (G1 Evacuation Pause) 316M->14M(512M) 0.819ms
[2026-05-27T11:23:22.241+0530][3.497s][info][gc,cpu      ] GC(84) User=0.00s Sys=0.00s Real=0.00s
[2026-05-27T11:23:22.279+0530][3.535s][info][gc,start    ] GC(85) Pause Young (Normal) (G1 Evacuation Pause)
[2026-05-27T11:23:22.279+0530][3.535s][info][gc,task     ] GC(85) Using 9 workers of 9 for evacuation
[2026-05-27T11:23:22.280+0530][3.536s][info][gc,phases   ] GC(85)   Pre Evacuate Collection Set: 0.09ms
[2026-05-27T11:23:22.280+0530][3.536s][info][gc,phases   ] GC(85)   Merge Heap Roots: 0.04ms
[2026-05-27T11:23:22.280+0530][3.536s][info][gc,phases   ] GC(85)   Evacuate Collection Set: 0.26ms
[2026-05-27T11:23:22.280+0530][3.536s][info][gc,phases   ] GC(85)   Post Evacuate Collection Set: 0.20ms
[2026-05-27T11:23:22.280+0530][3.536s][info][gc,phases   ] GC(85)   Other: 0.11ms
[2026-05-27T11:23:22.280+0530][3.536s][info][gc,heap     ] GC(85) Eden regions: 302->0(302)
[2026-05-27T11:23:22.280+0530][3.536s][info][gc,heap     ] GC(85) Survivor regions: 5->5(39)
[2026-05-27T11:23:22.280+0530][3.536s][info][gc,heap     ] GC(85) Old regions: 10->10
[2026-05-27T11:23:22.280+0530][3.536s][info][gc,heap     ] GC(85) Archive regions: 2->2
[2026-05-27T11:23:22.280+0530][3.536s][info][gc,heap     ] GC(85) Humongous regions: 0->0
[2026-05-27T11:23:22.280+0530][3.536s][info][gc,metaspace] GC(85) Metaspace: 1689K(1920K)->1689K(1920K) NonClass: 1518K(1600K)->1518K(1600K) Class: 170K(320K)->170K(320K)
[2026-05-27T11:23:22.280+0530][3.536s][info][gc          ] GC(85) Pause Young (Normal) (G1 Evacuation Pause) 316M->14M(512M) 0.778ms
[2026-05-27T11:23:22.280+0530][3.536s][info][gc,cpu      ] GC(85) User=0.01s Sys=0.00s Real=0.01s
[2026-05-27T11:23:22.320+0530][3.577s][info][gc,start    ] GC(86) Pause Young (Normal) (G1 Evacuation Pause)
[2026-05-27T11:23:22.320+0530][3.577s][info][gc,task     ] GC(86) Using 9 workers of 9 for evacuation
[2026-05-27T11:23:22.321+0530][3.577s][info][gc,phases   ] GC(86)   Pre Evacuate Collection Set: 0.11ms
[2026-05-27T11:23:22.321+0530][3.577s][info][gc,phases   ] GC(86)   Merge Heap Roots: 0.06ms
[2026-05-27T11:23:22.321+0530][3.577s][info][gc,phases   ] GC(86)   Evacuate Collection Set: 0.29ms
[2026-05-27T11:23:22.321+0530][3.577s][info][gc,phases   ] GC(86)   Post Evacuate Collection Set: 0.17ms
[2026-05-27T11:23:22.321+0530][3.577s][info][gc,phases   ] GC(86)   Other: 0.10ms
[2026-05-27T11:23:22.321+0530][3.577s][info][gc,heap     ] GC(86) Eden regions: 302->0(301)
[2026-05-27T11:23:22.321+0530][3.577s][info][gc,heap     ] GC(86) Survivor regions: 5->6(39)
[2026-05-27T11:23:22.321+0530][3.577s][info][gc,heap     ] GC(86) Old regions: 10->10
[2026-05-27T11:23:22.321+0530][3.577s][info][gc,heap     ] GC(86) Archive regions: 2->2
[2026-05-27T11:23:22.321+0530][3.577s][info][gc,heap     ] GC(86) Humongous regions: 0->0
[2026-05-27T11:23:22.321+0530][3.577s][info][gc,metaspace] GC(86) Metaspace: 1689K(1920K)->1689K(1920K) NonClass: 1518K(1600K)->1518K(1600K) Class: 170K(320K)->170K(320K)
[2026-05-27T11:23:22.321+0530][3.577s][info][gc          ] GC(86) Pause Young (Normal) (G1 Evacuation Pause) 316M->15M(512M) 0.833ms
[2026-05-27T11:23:22.321+0530][3.577s][info][gc,cpu      ] GC(86) User=0.00s Sys=0.00s Real=0.00s
[2026-05-27T11:23:22.360+0530][3.616s][info][gc,start    ] GC(87) Pause Young (Normal) (G1 Evacuation Pause)
[2026-05-27T11:23:22.360+0530][3.616s][info][gc,task     ] GC(87) Using 9 workers of 9 for evacuation
[2026-05-27T11:23:22.361+0530][3.617s][info][gc,phases   ] GC(87)   Pre Evacuate Collection Set: 0.09ms
[2026-05-27T11:23:22.361+0530][3.617s][info][gc,phases   ] GC(87)   Merge Heap Roots: 0.11ms
[2026-05-27T11:23:22.361+0530][3.617s][info][gc,phases   ] GC(87)   Evacuate Collection Set: 0.31ms
[2026-05-27T11:23:22.361+0530][3.617s][info][gc,phases   ] GC(87)   Post Evacuate Collection Set: 0.19ms
[2026-05-27T11:23:22.361+0530][3.617s][info][gc,phases   ] GC(87)   Other: 0.10ms
[2026-05-27T11:23:22.361+0530][3.617s][info][gc,heap     ] GC(87) Eden regions: 301->0(301)
[2026-05-27T11:23:22.361+0530][3.617s][info][gc,heap     ] GC(87) Survivor regions: 6->6(39)
[2026-05-27T11:23:22.361+0530][3.617s][info][gc,heap     ] GC(87) Old regions: 10->10
[2026-05-27T11:23:22.361+0530][3.617s][info][gc,heap     ] GC(87) Archive regions: 2->2
[2026-05-27T11:23:22.361+0530][3.617s][info][gc,heap     ] GC(87) Humongous regions: 9->0
[2026-05-27T11:23:22.361+0530][3.617s][info][gc,metaspace] GC(87) Metaspace: 1689K(1920K)->1689K(1920K) NonClass: 1518K(1600K)->1518K(1600K) Class: 170K(320K)->170K(320K)
[2026-05-27T11:23:22.361+0530][3.617s][info][gc          ] GC(87) Pause Young (Normal) (G1 Evacuation Pause) 325M->16M(512M) 0.879ms
[2026-05-27T11:23:22.361+0530][3.617s][info][gc,cpu      ] GC(87) User=0.00s Sys=0.01s Real=0.00s
[2026-05-27T11:23:22.400+0530][3.656s][info][gc,start    ] GC(88) Pause Young (Normal) (G1 Evacuation Pause)
[2026-05-27T11:23:22.400+0530][3.656s][info][gc,task     ] GC(88) Using 9 workers of 9 for evacuation
[2026-05-27T11:23:22.400+0530][3.657s][info][gc,phases   ] GC(88)   Pre Evacuate Collection Set: 0.11ms
[2026-05-27T11:23:22.400+0530][3.657s][info][gc,phases   ] GC(88)   Merge Heap Roots: 0.04ms
[2026-05-27T11:23:22.400+0530][3.657s][info][gc,phases   ] GC(88)   Evacuate Collection Set: 0.27ms
[2026-05-27T11:23:22.400+0530][3.657s][info][gc,phases   ] GC(88)   Post Evacuate Collection Set: 0.17ms
[2026-05-27T11:23:22.400+0530][3.657s][info][gc,phases   ] GC(88)   Other: 0.09ms
[2026-05-27T11:23:22.400+0530][3.657s][info][gc,heap     ] GC(88) Eden regions: 301->0(302)
[2026-05-27T11:23:22.400+0530][3.657s][info][gc,heap     ] GC(88) Survivor regions: 6->5(39)
[2026-05-27T11:23:22.400+0530][3.657s][info][gc,heap     ] GC(88) Old regions: 10->10
[2026-05-27T11:23:22.400+0530][3.657s][info][gc,heap     ] GC(88) Archive regions: 2->2
[2026-05-27T11:23:22.400+0530][3.657s][info][gc,heap     ] GC(88) Humongous regions: 0->0
[2026-05-27T11:23:22.400+0530][3.657s][info][gc,metaspace] GC(88) Metaspace: 1689K(1920K)->1689K(1920K) NonClass: 1518K(1600K)->1518K(1600K) Class: 170K(320K)->170K(320K)
[2026-05-27T11:23:22.401+0530][3.657s][info][gc          ] GC(88) Pause Young (Normal) (G1 Evacuation Pause) 316M->15M(512M) 0.738ms
[2026-05-27T11:23:22.401+0530][3.657s][info][gc,cpu      ] GC(88) User=0.01s Sys=0.00s Real=0.00s
[2026-05-27T11:23:22.441+0530][3.697s][info][gc,start    ] GC(89) Pause Young (Normal) (G1 Evacuation Pause)
[2026-05-27T11:23:22.441+0530][3.697s][info][gc,task     ] GC(89) Using 9 workers of 9 for evacuation
[2026-05-27T11:23:22.442+0530][3.698s][info][gc,phases   ] GC(89)   Pre Evacuate Collection Set: 0.08ms
[2026-05-27T11:23:22.442+0530][3.698s][info][gc,phases   ] GC(89)   Merge Heap Roots: 0.13ms
[2026-05-27T11:23:22.442+0530][3.698s][info][gc,phases   ] GC(89)   Evacuate Collection Set: 0.34ms
[2026-05-27T11:23:22.442+0530][3.698s][info][gc,phases   ] GC(89)   Post Evacuate Collection Set: 0.23ms
[2026-05-27T11:23:22.442+0530][3.698s][info][gc,phases   ] GC(89)   Other: 0.11ms
[2026-05-27T11:23:22.442+0530][3.698s][info][gc,heap     ] GC(89) Eden regions: 302->0(300)
[2026-05-27T11:23:22.442+0530][3.698s][info][gc,heap     ] GC(89) Survivor regions: 5->7(39)
[2026-05-27T11:23:22.442+0530][3.698s][info][gc,heap     ] GC(89) Old regions: 10->10
[2026-05-27T11:23:22.442+0530][3.698s][info][gc,heap     ] GC(89) Archive regions: 2->2
[2026-05-27T11:23:22.442+0530][3.698s][info][gc,heap     ] GC(89) Humongous regions: 0->0
[2026-05-27T11:23:22.442+0530][3.698s][info][gc,metaspace] GC(89) Metaspace: 1689K(1920K)->1689K(1920K) NonClass: 1518K(1600K)->1518K(1600K) Class: 170K(320K)->170K(320K)
[2026-05-27T11:23:22.442+0530][3.698s][info][gc          ] GC(89) Pause Young (Normal) (G1 Evacuation Pause) 316M->16M(512M) 0.957ms
[2026-05-27T11:23:22.442+0530][3.698s][info][gc,cpu      ] GC(89) User=0.01s Sys=0.00s Real=0.00s
[2026-05-27T11:23:22.480+0530][3.736s][info][gc,start    ] GC(90) Pause Young (Normal) (G1 Evacuation Pause)
[2026-05-27T11:23:22.480+0530][3.736s][info][gc,task     ] GC(90) Using 9 workers of 9 for evacuation
[2026-05-27T11:23:22.481+0530][3.737s][info][gc,phases   ] GC(90)   Pre Evacuate Collection Set: 0.11ms
[2026-05-27T11:23:22.481+0530][3.737s][info][gc,phases   ] GC(90)   Merge Heap Roots: 0.08ms
[2026-05-27T11:23:22.481+0530][3.737s][info][gc,phases   ] GC(90)   Evacuate Collection Set: 0.34ms
[2026-05-27T11:23:22.481+0530][3.737s][info][gc,phases   ] GC(90)   Post Evacuate Collection Set: 0.20ms
[2026-05-27T11:23:22.481+0530][3.737s][info][gc,phases   ] GC(90)   Other: 0.09ms
[2026-05-27T11:23:22.481+0530][3.737s][info][gc,heap     ] GC(90) Eden regions: 300->0(302)
[2026-05-27T11:23:22.481+0530][3.737s][info][gc,heap     ] GC(90) Survivor regions: 7->5(39)
[2026-05-27T11:23:22.481+0530][3.737s][info][gc,heap     ] GC(90) Old regions: 10->10
[2026-05-27T11:23:22.481+0530][3.737s][info][gc,heap     ] GC(90) Archive regions: 2->2
[2026-05-27T11:23:22.481+0530][3.737s][info][gc,heap     ] GC(90) Humongous regions: 0->0
[2026-05-27T11:23:22.481+0530][3.737s][info][gc,metaspace] GC(90) Metaspace: 1689K(1920K)->1689K(1920K) NonClass: 1518K(1600K)->1518K(1600K) Class: 170K(320K)->170K(320K)
[2026-05-27T11:23:22.481+0530][3.737s][info][gc          ] GC(90) Pause Young (Normal) (G1 Evacuation Pause) 316M->14M(512M) 0.901ms
[2026-05-27T11:23:22.481+0530][3.737s][info][gc,cpu      ] GC(90) User=0.00s Sys=0.01s Real=0.00s
[2026-05-27T11:23:22.520+0530][3.776s][info][gc,start    ] GC(91) Pause Young (Normal) (G1 Evacuation Pause)
[2026-05-27T11:23:22.520+0530][3.776s][info][gc,task     ] GC(91) Using 9 workers of 9 for evacuation
[2026-05-27T11:23:22.521+0530][3.777s][info][gc,phases   ] GC(91)   Pre Evacuate Collection Set: 0.05ms
[2026-05-27T11:23:22.521+0530][3.777s][info][gc,phases   ] GC(91)   Merge Heap Roots: 0.05ms
[2026-05-27T11:23:22.521+0530][3.777s][info][gc,phases   ] GC(91)   Evacuate Collection Set: 0.23ms
[2026-05-27T11:23:22.521+0530][3.777s][info][gc,phases   ] GC(91)   Post Evacuate Collection Set: 0.23ms
[2026-05-27T11:23:22.521+0530][3.777s][info][gc,phases   ] GC(91)   Other: 0.09ms
[2026-05-27T11:23:22.521+0530][3.777s][info][gc,heap     ] GC(91) Eden regions: 302->0(306)
[2026-05-27T11:23:22.521+0530][3.777s][info][gc,heap     ] GC(91) Survivor regions: 5->1(39)
[2026-05-27T11:23:22.521+0530][3.777s][info][gc,heap     ] GC(91) Old regions: 10->10
[2026-05-27T11:23:22.521+0530][3.777s][info][gc,heap     ] GC(91) Archive regions: 2->2
[2026-05-27T11:23:22.521+0530][3.777s][info][gc,heap     ] GC(91) Humongous regions: 0->0
[2026-05-27T11:23:22.521+0530][3.777s][info][gc,metaspace] GC(91) Metaspace: 1689K(1920K)->1689K(1920K) NonClass: 1518K(1600K)->1518K(1600K) Class: 170K(320K)->170K(320K)
[2026-05-27T11:23:22.521+0530][3.777s][info][gc          ] GC(91) Pause Young (Normal) (G1 Evacuation Pause) 316M->10M(512M) 0.718ms
[2026-05-27T11:23:22.521+0530][3.777s][info][gc,cpu      ] GC(91) User=0.00s Sys=0.00s Real=0.00s
[2026-05-27T11:23:22.560+0530][3.816s][info][gc,start    ] GC(92) Pause Young (Normal) (G1 Evacuation Pause)
[2026-05-27T11:23:22.560+0530][3.816s][info][gc,task     ] GC(92) Using 9 workers of 9 for evacuation
[2026-05-27T11:23:22.561+0530][3.817s][info][gc,phases   ] GC(92)   Pre Evacuate Collection Set: 0.09ms
[2026-05-27T11:23:22.561+0530][3.817s][info][gc,phases   ] GC(92)   Merge Heap Roots: 0.12ms
[2026-05-27T11:23:22.561+0530][3.817s][info][gc,phases   ] GC(92)   Evacuate Collection Set: 0.25ms
[2026-05-27T11:23:22.561+0530][3.817s][info][gc,phases   ] GC(92)   Post Evacuate Collection Set: 0.23ms
[2026-05-27T11:23:22.561+0530][3.817s][info][gc,phases   ] GC(92)   Other: 0.12ms
[2026-05-27T11:23:22.561+0530][3.817s][info][gc,heap     ] GC(92) Eden regions: 306->0(303)
[2026-05-27T11:23:22.561+0530][3.817s][info][gc,heap     ] GC(92) Survivor regions: 1->4(39)
[2026-05-27T11:23:22.561+0530][3.817s][info][gc,heap     ] GC(92) Old regions: 10->10
[2026-05-27T11:23:22.561+0530][3.817s][info][gc,heap     ] GC(92) Archive regions: 2->2
[2026-05-27T11:23:22.561+0530][3.817s][info][gc,heap     ] GC(92) Humongous regions: 0->0
[2026-05-27T11:23:22.561+0530][3.817s][info][gc,metaspace] GC(92) Metaspace: 1689K(1920K)->1689K(1920K) NonClass: 1518K(1600K)->1518K(1600K) Class: 170K(320K)->170K(320K)
[2026-05-27T11:23:22.561+0530][3.817s][info][gc          ] GC(92) Pause Young (Normal) (G1 Evacuation Pause) 316M->13M(512M) 0.890ms
[2026-05-27T11:23:22.561+0530][3.817s][info][gc,cpu      ] GC(92) User=0.00s Sys=0.00s Real=0.00s
[2026-05-27T11:23:22.599+0530][3.855s][info][gc,start    ] GC(93) Pause Young (Normal) (G1 Evacuation Pause)
[2026-05-27T11:23:22.599+0530][3.856s][info][gc,task     ] GC(93) Using 9 workers of 9 for evacuation
[2026-05-27T11:23:22.600+0530][3.856s][info][gc,phases   ] GC(93)   Pre Evacuate Collection Set: 0.10ms
[2026-05-27T11:23:22.600+0530][3.856s][info][gc,phases   ] GC(93)   Merge Heap Roots: 0.05ms
[2026-05-27T11:23:22.600+0530][3.856s][info][gc,phases   ] GC(93)   Evacuate Collection Set: 0.24ms
[2026-05-27T11:23:22.600+0530][3.856s][info][gc,phases   ] GC(93)   Post Evacuate Collection Set: 0.17ms
[2026-05-27T11:23:22.600+0530][3.856s][info][gc,phases   ] GC(93)   Other: 0.09ms
[2026-05-27T11:23:22.600+0530][3.856s][info][gc,heap     ] GC(93) Eden regions: 303->0(305)
[2026-05-27T11:23:22.600+0530][3.856s][info][gc,heap     ] GC(93) Survivor regions: 4->2(39)
[2026-05-27T11:23:22.600+0530][3.856s][info][gc,heap     ] GC(93) Old regions: 10->10
[2026-05-27T11:23:22.600+0530][3.856s][info][gc,heap     ] GC(93) Archive regions: 2->2
[2026-05-27T11:23:22.600+0530][3.856s][info][gc,heap     ] GC(93) Humongous regions: 9->0
[2026-05-27T11:23:22.600+0530][3.856s][info][gc,metaspace] GC(93) Metaspace: 1689K(1920K)->1689K(1920K) NonClass: 1518K(1600K)->1518K(1600K) Class: 170K(320K)->170K(320K)
[2026-05-27T11:23:22.600+0530][3.856s][info][gc          ] GC(93) Pause Young (Normal) (G1 Evacuation Pause) 325M->11M(512M) 0.714ms
[2026-05-27T11:23:22.600+0530][3.856s][info][gc,cpu      ] GC(93) User=0.00s Sys=0.00s Real=0.01s
[2026-05-27T11:23:22.640+0530][3.896s][info][gc,start    ] GC(94) Pause Young (Normal) (G1 Evacuation Pause)
[2026-05-27T11:23:22.640+0530][3.896s][info][gc,task     ] GC(94) Using 9 workers of 9 for evacuation
[2026-05-27T11:23:22.641+0530][3.897s][info][gc,phases   ] GC(94)   Pre Evacuate Collection Set: 0.09ms
[2026-05-27T11:23:22.641+0530][3.897s][info][gc,phases   ] GC(94)   Merge Heap Roots: 0.15ms
[2026-05-27T11:23:22.641+0530][3.897s][info][gc,phases   ] GC(94)   Evacuate Collection Set: 0.29ms
[2026-05-27T11:23:22.641+0530][3.897s][info][gc,phases   ] GC(94)   Post Evacuate Collection Set: 0.18ms
[2026-05-27T11:23:22.641+0530][3.897s][info][gc,phases   ] GC(94)   Other: 0.11ms
[2026-05-27T11:23:22.641+0530][3.897s][info][gc,heap     ] GC(94) Eden regions: 305->0(302)
[2026-05-27T11:23:22.641+0530][3.897s][info][gc,heap     ] GC(94) Survivor regions: 2->5(39)
[2026-05-27T11:23:22.641+0530][3.897s][info][gc,heap     ] GC(94) Old regions: 10->10
[2026-05-27T11:23:22.641+0530][3.897s][info][gc,heap     ] GC(94) Archive regions: 2->2
[2026-05-27T11:23:22.641+0530][3.897s][info][gc,heap     ] GC(94) Humongous regions: 0->0
[2026-05-27T11:23:22.641+0530][3.897s][info][gc,metaspace] GC(94) Metaspace: 1689K(1920K)->1689K(1920K) NonClass: 1518K(1600K)->1518K(1600K) Class: 170K(320K)->170K(320K)
[2026-05-27T11:23:22.641+0530][3.897s][info][gc          ] GC(94) Pause Young (Normal) (G1 Evacuation Pause) 316M->14M(512M) 0.872ms
[2026-05-27T11:23:22.641+0530][3.897s][info][gc,cpu      ] GC(94) User=0.00s Sys=0.00s Real=0.00s
[2026-05-27T11:23:22.679+0530][3.935s][info][gc,start    ] GC(95) Pause Young (Normal) (G1 Evacuation Pause)
[2026-05-27T11:23:22.679+0530][3.936s][info][gc,task     ] GC(95) Using 9 workers of 9 for evacuation
[2026-05-27T11:23:22.680+0530][3.936s][info][gc,phases   ] GC(95)   Pre Evacuate Collection Set: 0.11ms
[2026-05-27T11:23:22.680+0530][3.936s][info][gc,phases   ] GC(95)   Merge Heap Roots: 0.07ms
[2026-05-27T11:23:22.680+0530][3.936s][info][gc,phases   ] GC(95)   Evacuate Collection Set: 0.29ms
[2026-05-27T11:23:22.680+0530][3.936s][info][gc,phases   ] GC(95)   Post Evacuate Collection Set: 0.17ms
[2026-05-27T11:23:22.680+0530][3.936s][info][gc,phases   ] GC(95)   Other: 0.11ms
[2026-05-27T11:23:22.680+0530][3.936s][info][gc,heap     ] GC(95) Eden regions: 302->0(302)
[2026-05-27T11:23:22.680+0530][3.936s][info][gc,heap     ] GC(95) Survivor regions: 5->5(39)
[2026-05-27T11:23:22.680+0530][3.936s][info][gc,heap     ] GC(95) Old regions: 10->10
[2026-05-27T11:23:22.680+0530][3.936s][info][gc,heap     ] GC(95) Archive regions: 2->2
[2026-05-27T11:23:22.680+0530][3.936s][info][gc,heap     ] GC(95) Humongous regions: 0->0
[2026-05-27T11:23:22.680+0530][3.936s][info][gc,metaspace] GC(95) Metaspace: 1689K(1920K)->1689K(1920K) NonClass: 1518K(1600K)->1518K(1600K) Class: 170K(320K)->170K(320K)
[2026-05-27T11:23:22.680+0530][3.936s][info][gc          ] GC(95) Pause Young (Normal) (G1 Evacuation Pause) 316M->14M(512M) 0.813ms
[2026-05-27T11:23:22.680+0530][3.936s][info][gc,cpu      ] GC(95) User=0.00s Sys=0.00s Real=0.01s
[2026-05-27T11:23:22.719+0530][3.976s][info][gc,start    ] GC(96) Pause Young (Normal) (G1 Evacuation Pause)
[2026-05-27T11:23:22.719+0530][3.976s][info][gc,task     ] GC(96) Using 9 workers of 9 for evacuation
[2026-05-27T11:23:22.720+0530][3.976s][info][gc,phases   ] GC(96)   Pre Evacuate Collection Set: 0.10ms
[2026-05-27T11:23:22.720+0530][3.976s][info][gc,phases   ] GC(96)   Merge Heap Roots: 0.11ms
[2026-05-27T11:23:22.720+0530][3.976s][info][gc,phases   ] GC(96)   Evacuate Collection Set: 0.25ms
[2026-05-27T11:23:22.720+0530][3.976s][info][gc,phases   ] GC(96)   Post Evacuate Collection Set: 0.27ms
[2026-05-27T11:23:22.720+0530][3.976s][info][gc,phases   ] GC(96)   Other: 0.13ms
[2026-05-27T11:23:22.720+0530][3.976s][info][gc,heap     ] GC(96) Eden regions: 302->0(306)
[2026-05-27T11:23:22.720+0530][3.976s][info][gc,heap     ] GC(96) Survivor regions: 5->1(39)
[2026-05-27T11:23:22.720+0530][3.976s][info][gc,heap     ] GC(96) Old regions: 10->10
[2026-05-27T11:23:22.720+0530][3.976s][info][gc,heap     ] GC(96) Archive regions: 2->2
[2026-05-27T11:23:22.720+0530][3.976s][info][gc,heap     ] GC(96) Humongous regions: 0->0
[2026-05-27T11:23:22.720+0530][3.976s][info][gc,metaspace] GC(96) Metaspace: 1689K(1920K)->1689K(1920K) NonClass: 1518K(1600K)->1518K(1600K) Class: 170K(320K)->170K(320K)
[2026-05-27T11:23:22.720+0530][3.976s][info][gc          ] GC(96) Pause Young (Normal) (G1 Evacuation Pause) 316M->10M(512M) 0.943ms
[2026-05-27T11:23:22.720+0530][3.976s][info][gc,cpu      ] GC(96) User=0.00s Sys=0.00s Real=0.01s
[2026-05-27T11:23:22.763+0530][4.019s][info][gc,start    ] GC(97) Pause Young (Normal) (G1 Evacuation Pause)
[2026-05-27T11:23:22.763+0530][4.019s][info][gc,task     ] GC(97) Using 9 workers of 9 for evacuation
[2026-05-27T11:23:22.764+0530][4.020s][info][gc,phases   ] GC(97)   Pre Evacuate Collection Set: 0.11ms
[2026-05-27T11:23:22.764+0530][4.020s][info][gc,phases   ] GC(97)   Merge Heap Roots: 0.05ms
[2026-05-27T11:23:22.764+0530][4.020s][info][gc,phases   ] GC(97)   Evacuate Collection Set: 0.24ms
[2026-05-27T11:23:22.764+0530][4.020s][info][gc,phases   ] GC(97)   Post Evacuate Collection Set: 0.18ms
[2026-05-27T11:23:22.764+0530][4.020s][info][gc,phases   ] GC(97)   Other: 0.10ms
[2026-05-27T11:23:22.764+0530][4.020s][info][gc,heap     ] GC(97) Eden regions: 306->0(306)
[2026-05-27T11:23:22.764+0530][4.020s][info][gc,heap     ] GC(97) Survivor regions: 1->1(39)
[2026-05-27T11:23:22.764+0530][4.020s][info][gc,heap     ] GC(97) Old regions: 10->10
[2026-05-27T11:23:22.764+0530][4.020s][info][gc,heap     ] GC(97) Archive regions: 2->2
[2026-05-27T11:23:22.764+0530][4.020s][info][gc,heap     ] GC(97) Humongous regions: 9->0
[2026-05-27T11:23:22.764+0530][4.020s][info][gc,metaspace] GC(97) Metaspace: 1689K(1920K)->1689K(1920K) NonClass: 1518K(1600K)->1518K(1600K) Class: 170K(320K)->170K(320K)
[2026-05-27T11:23:22.764+0530][4.020s][info][gc          ] GC(97) Pause Young (Normal) (G1 Evacuation Pause) 325M->10M(512M) 0.749ms
[2026-05-27T11:23:22.764+0530][4.020s][info][gc,cpu      ] GC(97) User=0.00s Sys=0.01s Real=0.00s
[2026-05-27T11:23:22.804+0530][4.060s][info][gc,start    ] GC(98) Pause Young (Normal) (G1 Evacuation Pause)
[2026-05-27T11:23:22.804+0530][4.060s][info][gc,task     ] GC(98) Using 9 workers of 9 for evacuation
[2026-05-27T11:23:22.804+0530][4.060s][info][gc,phases   ] GC(98)   Pre Evacuate Collection Set: 0.05ms
[2026-05-27T11:23:22.804+0530][4.060s][info][gc,phases   ] GC(98)   Merge Heap Roots: 0.08ms
[2026-05-27T11:23:22.804+0530][4.060s][info][gc,phases   ] GC(98)   Evacuate Collection Set: 0.35ms
[2026-05-27T11:23:22.804+0530][4.060s][info][gc,phases   ] GC(98)   Post Evacuate Collection Set: 0.14ms
[2026-05-27T11:23:22.804+0530][4.061s][info][gc,phases   ] GC(98)   Other: 0.09ms
[2026-05-27T11:23:22.804+0530][4.061s][info][gc,heap     ] GC(98) Eden regions: 306->0(301)
[2026-05-27T11:23:22.804+0530][4.061s][info][gc,heap     ] GC(98) Survivor regions: 1->6(39)
[2026-05-27T11:23:22.804+0530][4.061s][info][gc,heap     ] GC(98) Old regions: 10->10
[2026-05-27T11:23:22.804+0530][4.061s][info][gc,heap     ] GC(98) Archive regions: 2->2
[2026-05-27T11:23:22.804+0530][4.061s][info][gc,heap     ] GC(98) Humongous regions: 0->0
[2026-05-27T11:23:22.804+0530][4.061s][info][gc,metaspace] GC(98) Metaspace: 1689K(1920K)->1689K(1920K) NonClass: 1518K(1600K)->1518K(1600K) Class: 170K(320K)->170K(320K)
[2026-05-27T11:23:22.804+0530][4.061s][info][gc          ] GC(98) Pause Young (Normal) (G1 Evacuation Pause) 316M->16M(512M) 0.788ms
[2026-05-27T11:23:22.804+0530][4.061s][info][gc,cpu      ] GC(98) User=0.00s Sys=0.00s Real=0.00s
[2026-05-27T11:23:22.845+0530][4.101s][info][gc,start    ] GC(99) Pause Young (Normal) (G1 Evacuation Pause)
[2026-05-27T11:23:22.845+0530][4.101s][info][gc,task     ] GC(99) Using 9 workers of 9 for evacuation
[2026-05-27T11:23:22.845+0530][4.101s][info][gc,phases   ] GC(99)   Pre Evacuate Collection Set: 0.09ms
[2026-05-27T11:23:22.845+0530][4.101s][info][gc,phases   ] GC(99)   Merge Heap Roots: 0.05ms
[2026-05-27T11:23:22.845+0530][4.101s][info][gc,phases   ] GC(99)   Evacuate Collection Set: 0.27ms
[2026-05-27T11:23:22.845+0530][4.101s][info][gc,phases   ] GC(99)   Post Evacuate Collection Set: 0.17ms
[2026-05-27T11:23:22.845+0530][4.101s][info][gc,phases   ] GC(99)   Other: 0.09ms
[2026-05-27T11:23:22.845+0530][4.101s][info][gc,heap     ] GC(99) Eden regions: 301->0(300)
[2026-05-27T11:23:22.845+0530][4.101s][info][gc,heap     ] GC(99) Survivor regions: 6->7(39)
[2026-05-27T11:23:22.845+0530][4.101s][info][gc,heap     ] GC(99) Old regions: 10->10
[2026-05-27T11:23:22.845+0530][4.101s][info][gc,heap     ] GC(99) Archive regions: 2->2
[2026-05-27T11:23:22.845+0530][4.101s][info][gc,heap     ] GC(99) Humongous regions: 9->0
[2026-05-27T11:23:22.845+0530][4.101s][info][gc,metaspace] GC(99) Metaspace: 1689K(1920K)->1689K(1920K) NonClass: 1518K(1600K)->1518K(1600K) Class: 170K(320K)->170K(320K)
[2026-05-27T11:23:22.845+0530][4.101s][info][gc          ] GC(99) Pause Young (Normal) (G1 Evacuation Pause) 325M->16M(512M) 0.752ms
[2026-05-27T11:23:22.845+0530][4.101s][info][gc,cpu      ] GC(99) User=0.01s Sys=0.01s Real=0.00s
[2026-05-27T11:23:22.887+0530][4.143s][info][gc,start    ] GC(100) Pause Young (Normal) (G1 Evacuation Pause)
[2026-05-27T11:23:22.887+0530][4.143s][info][gc,task     ] GC(100) Using 9 workers of 9 for evacuation
[2026-05-27T11:23:22.888+0530][4.144s][info][gc,phases   ] GC(100)   Pre Evacuate Collection Set: 0.09ms
[2026-05-27T11:23:22.888+0530][4.144s][info][gc,phases   ] GC(100)   Merge Heap Roots: 0.09ms
[2026-05-27T11:23:22.888+0530][4.144s][info][gc,phases   ] GC(100)   Evacuate Collection Set: 0.30ms
[2026-05-27T11:23:22.888+0530][4.144s][info][gc,phases   ] GC(100)   Post Evacuate Collection Set: 0.19ms
[2026-05-27T11:23:22.888+0530][4.144s][info][gc,phases   ] GC(100)   Other: 0.12ms
[2026-05-27T11:23:22.888+0530][4.144s][info][gc,heap     ] GC(100) Eden regions: 300->0(301)
[2026-05-27T11:23:22.888+0530][4.144s][info][gc,heap     ] GC(100) Survivor regions: 7->6(39)
[2026-05-27T11:23:22.888+0530][4.144s][info][gc,heap     ] GC(100) Old regions: 10->10
[2026-05-27T11:23:22.888+0530][4.144s][info][gc,heap     ] GC(100) Archive regions: 2->2
[2026-05-27T11:23:22.888+0530][4.144s][info][gc,heap     ] GC(100) Humongous regions: 0->0
[2026-05-27T11:23:22.888+0530][4.144s][info][gc,metaspace] GC(100) Metaspace: 1689K(1920K)->1689K(1920K) NonClass: 1518K(1600K)->1518K(1600K) Class: 170K(320K)->170K(320K)
[2026-05-27T11:23:22.888+0530][4.144s][info][gc          ] GC(100) Pause Young (Normal) (G1 Evacuation Pause) 316M->15M(512M) 0.857ms
[2026-05-27T11:23:22.888+0530][4.144s][info][gc,cpu      ] GC(100) User=0.01s Sys=0.00s Real=0.00s
[2026-05-27T11:23:22.926+0530][4.182s][info][gc,start    ] GC(101) Pause Young (Normal) (G1 Evacuation Pause)
[2026-05-27T11:23:22.926+0530][4.182s][info][gc,task     ] GC(101) Using 9 workers of 9 for evacuation
[2026-05-27T11:23:22.927+0530][4.183s][info][gc,phases   ] GC(101)   Pre Evacuate Collection Set: 0.07ms
[2026-05-27T11:23:22.927+0530][4.183s][info][gc,phases   ] GC(101)   Merge Heap Roots: 0.05ms
[2026-05-27T11:23:22.927+0530][4.183s][info][gc,phases   ] GC(101)   Evacuate Collection Set: 0.27ms
[2026-05-27T11:23:22.927+0530][4.183s][info][gc,phases   ] GC(101)   Post Evacuate Collection Set: 0.18ms
[2026-05-27T11:23:22.927+0530][4.183s][info][gc,phases   ] GC(101)   Other: 0.10ms
[2026-05-27T11:23:22.927+0530][4.183s][info][gc,heap     ] GC(101) Eden regions: 301->0(301)
[2026-05-27T11:23:22.927+0530][4.183s][info][gc,heap     ] GC(101) Survivor regions: 6->6(39)
[2026-05-27T11:23:22.927+0530][4.183s][info][gc,heap     ] GC(101) Old regions: 10->10
[2026-05-27T11:23:22.927+0530][4.183s][info][gc,heap     ] GC(101) Archive regions: 2->2
[2026-05-27T11:23:22.927+0530][4.183s][info][gc,heap     ] GC(101) Humongous regions: 0->0
[2026-05-27T11:23:22.927+0530][4.183s][info][gc,metaspace] GC(101) Metaspace: 1689K(1920K)->1689K(1920K) NonClass: 1518K(1600K)->1518K(1600K) Class: 170K(320K)->170K(320K)
[2026-05-27T11:23:22.927+0530][4.183s][info][gc          ] GC(101) Pause Young (Normal) (G1 Evacuation Pause) 316M->15M(512M) 0.739ms
[2026-05-27T11:23:22.927+0530][4.183s][info][gc,cpu      ] GC(101) User=0.00s Sys=0.00s Real=0.00s
[2026-05-27T11:23:22.967+0530][4.223s][info][gc,start    ] GC(102) Pause Young (Normal) (G1 Evacuation Pause)
[2026-05-27T11:23:22.967+0530][4.223s][info][gc,task     ] GC(102) Using 9 workers of 9 for evacuation
[2026-05-27T11:23:22.967+0530][4.224s][info][gc,phases   ] GC(102)   Pre Evacuate Collection Set: 0.12ms
[2026-05-27T11:23:22.967+0530][4.224s][info][gc,phases   ] GC(102)   Merge Heap Roots: 0.06ms
[2026-05-27T11:23:22.968+0530][4.224s][info][gc,phases   ] GC(102)   Evacuate Collection Set: 0.32ms
[2026-05-27T11:23:22.968+0530][4.224s][info][gc,phases   ] GC(102)   Post Evacuate Collection Set: 0.24ms
[2026-05-27T11:23:22.968+0530][4.224s][info][gc,phases   ] GC(102)   Other: 0.13ms
[2026-05-27T11:23:22.968+0530][4.224s][info][gc,heap     ] GC(102) Eden regions: 301->0(301)
[2026-05-27T11:23:22.968+0530][4.224s][info][gc,heap     ] GC(102) Survivor regions: 6->6(39)
[2026-05-27T11:23:22.968+0530][4.224s][info][gc,heap     ] GC(102) Old regions: 10->10
[2026-05-27T11:23:22.968+0530][4.224s][info][gc,heap     ] GC(102) Archive regions: 2->2
[2026-05-27T11:23:22.968+0530][4.224s][info][gc,heap     ] GC(102) Humongous regions: 0->0
[2026-05-27T11:23:22.968+0530][4.224s][info][gc,metaspace] GC(102) Metaspace: 1689K(1920K)->1689K(1920K) NonClass: 1518K(1600K)->1518K(1600K) Class: 170K(320K)->170K(320K)
[2026-05-27T11:23:22.968+0530][4.224s][info][gc          ] GC(102) Pause Young (Normal) (G1 Evacuation Pause) 316M->15M(512M) 0.930ms
[2026-05-27T11:23:22.968+0530][4.224s][info][gc,cpu      ] GC(102) User=0.00s Sys=0.00s Real=0.00s
[2026-05-27T11:23:23.004+0530][4.261s][info][gc,start    ] GC(103) Pause Young (Normal) (G1 Evacuation Pause)
[2026-05-27T11:23:23.005+0530][4.261s][info][gc,task     ] GC(103) Using 9 workers of 9 for evacuation
[2026-05-27T11:23:23.005+0530][4.261s][info][gc,phases   ] GC(103)   Pre Evacuate Collection Set: 0.10ms
[2026-05-27T11:23:23.005+0530][4.261s][info][gc,phases   ] GC(103)   Merge Heap Roots: 0.05ms
[2026-05-27T11:23:23.005+0530][4.261s][info][gc,phases   ] GC(103)   Evacuate Collection Set: 0.22ms
[2026-05-27T11:23:23.005+0530][4.261s][info][gc,phases   ] GC(103)   Post Evacuate Collection Set: 0.20ms
[2026-05-27T11:23:23.005+0530][4.261s][info][gc,phases   ] GC(103)   Other: 0.10ms
[2026-05-27T11:23:23.005+0530][4.261s][info][gc,heap     ] GC(103) Eden regions: 301->0(301)
[2026-05-27T11:23:23.005+0530][4.261s][info][gc,heap     ] GC(103) Survivor regions: 6->6(39)
[2026-05-27T11:23:23.005+0530][4.261s][info][gc,heap     ] GC(103) Old regions: 10->10
[2026-05-27T11:23:23.005+0530][4.261s][info][gc,heap     ] GC(103) Archive regions: 2->2
[2026-05-27T11:23:23.005+0530][4.261s][info][gc,heap     ] GC(103) Humongous regions: 0->0
[2026-05-27T11:23:23.005+0530][4.261s][info][gc,metaspace] GC(103) Metaspace: 1689K(1920K)->1689K(1920K) NonClass: 1518K(1600K)->1518K(1600K) Class: 170K(320K)->170K(320K)
[2026-05-27T11:23:23.005+0530][4.261s][info][gc          ] GC(103) Pause Young (Normal) (G1 Evacuation Pause) 316M->15M(512M) 0.717ms
[2026-05-27T11:23:23.005+0530][4.261s][info][gc,cpu      ] GC(103) User=0.00s Sys=0.00s Real=0.00s
[2026-05-27T11:23:23.043+0530][4.299s][info][gc,start    ] GC(104) Pause Young (Normal) (G1 Evacuation Pause)
[2026-05-27T11:23:23.043+0530][4.299s][info][gc,task     ] GC(104) Using 9 workers of 9 for evacuation
[2026-05-27T11:23:23.044+0530][4.300s][info][gc,phases   ] GC(104)   Pre Evacuate Collection Set: 0.08ms
[2026-05-27T11:23:23.044+0530][4.300s][info][gc,phases   ] GC(104)   Merge Heap Roots: 0.06ms
[2026-05-27T11:23:23.044+0530][4.300s][info][gc,phases   ] GC(104)   Evacuate Collection Set: 0.24ms
[2026-05-27T11:23:23.044+0530][4.300s][info][gc,phases   ] GC(104)   Post Evacuate Collection Set: 0.19ms
[2026-05-27T11:23:23.044+0530][4.300s][info][gc,phases   ] GC(104)   Other: 0.10ms
[2026-05-27T11:23:23.044+0530][4.300s][info][gc,heap     ] GC(104) Eden regions: 301->0(302)
[2026-05-27T11:23:23.044+0530][4.300s][info][gc,heap     ] GC(104) Survivor regions: 6->5(39)
[2026-05-27T11:23:23.044+0530][4.300s][info][gc,heap     ] GC(104) Old regions: 10->10
[2026-05-27T11:23:23.044+0530][4.300s][info][gc,heap     ] GC(104) Archive regions: 2->2
[2026-05-27T11:23:23.044+0530][4.300s][info][gc,heap     ] GC(104) Humongous regions: 0->0
[2026-05-27T11:23:23.044+0530][4.300s][info][gc,metaspace] GC(104) Metaspace: 1689K(1920K)->1689K(1920K) NonClass: 1518K(1600K)->1518K(1600K) Class: 170K(320K)->170K(320K)
[2026-05-27T11:23:23.044+0530][4.300s][info][gc          ] GC(104) Pause Young (Normal) (G1 Evacuation Pause) 316M->14M(512M) 0.727ms
[2026-05-27T11:23:23.044+0530][4.300s][info][gc,cpu      ] GC(104) User=0.01s Sys=0.00s Real=0.00s
[2026-05-27T11:23:23.085+0530][4.342s][info][gc,start    ] GC(105) Pause Young (Normal) (G1 Evacuation Pause)
[2026-05-27T11:23:23.085+0530][4.342s][info][gc,task     ] GC(105) Using 9 workers of 9 for evacuation
[2026-05-27T11:23:23.086+0530][4.342s][info][gc,phases   ] GC(105)   Pre Evacuate Collection Set: 0.11ms
[2026-05-27T11:23:23.086+0530][4.342s][info][gc,phases   ] GC(105)   Merge Heap Roots: 0.06ms
[2026-05-27T11:23:23.086+0530][4.342s][info][gc,phases   ] GC(105)   Evacuate Collection Set: 0.33ms
[2026-05-27T11:23:23.086+0530][4.342s][info][gc,phases   ] GC(105)   Post Evacuate Collection Set: 0.18ms
[2026-05-27T11:23:23.086+0530][4.342s][info][gc,phases   ] GC(105)   Other: 0.12ms
[2026-05-27T11:23:23.086+0530][4.342s][info][gc,heap     ] GC(105) Eden regions: 302->0(302)
[2026-05-27T11:23:23.086+0530][4.342s][info][gc,heap     ] GC(105) Survivor regions: 5->5(39)
[2026-05-27T11:23:23.086+0530][4.342s][info][gc,heap     ] GC(105) Old regions: 10->10
[2026-05-27T11:23:23.086+0530][4.342s][info][gc,heap     ] GC(105) Archive regions: 2->2
[2026-05-27T11:23:23.086+0530][4.342s][info][gc,heap     ] GC(105) Humongous regions: 0->0
[2026-05-27T11:23:23.086+0530][4.342s][info][gc,metaspace] GC(105) Metaspace: 1689K(1920K)->1689K(1920K) NonClass: 1518K(1600K)->1518K(1600K) Class: 170K(320K)->170K(320K)
[2026-05-27T11:23:23.086+0530][4.342s][info][gc          ] GC(105) Pause Young (Normal) (G1 Evacuation Pause) 316M->15M(512M) 0.887ms
[2026-05-27T11:23:23.086+0530][4.342s][info][gc,cpu      ] GC(105) User=0.00s Sys=0.00s Real=0.00s
[2026-05-27T11:23:23.125+0530][4.381s][info][gc,start    ] GC(106) Pause Young (Normal) (G1 Evacuation Pause)
[2026-05-27T11:23:23.125+0530][4.381s][info][gc,task     ] GC(106) Using 9 workers of 9 for evacuation
[2026-05-27T11:23:23.126+0530][4.382s][info][gc,phases   ] GC(106)   Pre Evacuate Collection Set: 0.09ms
[2026-05-27T11:23:23.126+0530][4.382s][info][gc,phases   ] GC(106)   Merge Heap Roots: 0.05ms
[2026-05-27T11:23:23.126+0530][4.382s][info][gc,phases   ] GC(106)   Evacuate Collection Set: 0.28ms
[2026-05-27T11:23:23.126+0530][4.382s][info][gc,phases   ] GC(106)   Post Evacuate Collection Set: 0.16ms
[2026-05-27T11:23:23.126+0530][4.382s][info][gc,phases   ] GC(106)   Other: 0.10ms
[2026-05-27T11:23:23.126+0530][4.382s][info][gc,heap     ] GC(106) Eden regions: 302->0(303)
[2026-05-27T11:23:23.126+0530][4.382s][info][gc,heap     ] GC(106) Survivor regions: 5->4(39)
[2026-05-27T11:23:23.126+0530][4.382s][info][gc,heap     ] GC(106) Old regions: 10->10
[2026-05-27T11:23:23.126+0530][4.382s][info][gc,heap     ] GC(106) Archive regions: 2->2
[2026-05-27T11:23:23.126+0530][4.382s][info][gc,heap     ] GC(106) Humongous regions: 9->0
[2026-05-27T11:23:23.126+0530][4.382s][info][gc,metaspace] GC(106) Metaspace: 1689K(1920K)->1689K(1920K) NonClass: 1518K(1600K)->1518K(1600K) Class: 170K(320K)->170K(320K)
[2026-05-27T11:23:23.126+0530][4.382s][info][gc          ] GC(106) Pause Young (Normal) (G1 Evacuation Pause) 325M->13M(512M) 0.745ms
[2026-05-27T11:23:23.126+0530][4.382s][info][gc,cpu      ] GC(106) User=0.00s Sys=0.00s Real=0.00s
[2026-05-27T11:23:23.174+0530][4.430s][info][gc,start    ] GC(107) Pause Young (Normal) (G1 Evacuation Pause)
[2026-05-27T11:23:23.174+0530][4.430s][info][gc,task     ] GC(107) Using 9 workers of 9 for evacuation
[2026-05-27T11:23:23.174+0530][4.430s][info][gc,phases   ] GC(107)   Pre Evacuate Collection Set: 0.12ms
[2026-05-27T11:23:23.174+0530][4.431s][info][gc,phases   ] GC(107)   Merge Heap Roots: 0.05ms
[2026-05-27T11:23:23.174+0530][4.431s][info][gc,phases   ] GC(107)   Evacuate Collection Set: 0.31ms
[2026-05-27T11:23:23.174+0530][4.431s][info][gc,phases   ] GC(107)   Post Evacuate Collection Set: 0.18ms
[2026-05-27T11:23:23.174+0530][4.431s][info][gc,phases   ] GC(107)   Other: 0.13ms
[2026-05-27T11:23:23.174+0530][4.431s][info][gc,heap     ] GC(107) Eden regions: 303->0(300)
[2026-05-27T11:23:23.174+0530][4.431s][info][gc,heap     ] GC(107) Survivor regions: 4->7(39)
[2026-05-27T11:23:23.174+0530][4.431s][info][gc,heap     ] GC(107) Old regions: 10->10
[2026-05-27T11:23:23.174+0530][4.431s][info][gc,heap     ] GC(107) Archive regions: 2->2
[2026-05-27T11:23:23.174+0530][4.431s][info][gc,heap     ] GC(107) Humongous regions: 0->0
[2026-05-27T11:23:23.174+0530][4.431s][info][gc,metaspace] GC(107) Metaspace: 1689K(1920K)->1689K(1920K) NonClass: 1518K(1600K)->1518K(1600K) Class: 170K(320K)->170K(320K)
[2026-05-27T11:23:23.174+0530][4.431s][info][gc          ] GC(107) Pause Young (Normal) (G1 Evacuation Pause) 316M->16M(512M) 0.857ms
[2026-05-27T11:23:23.174+0530][4.431s][info][gc,cpu      ] GC(107) User=0.00s Sys=0.00s Real=0.00s
[2026-05-27T11:23:23.214+0530][4.470s][info][gc,start    ] GC(108) Pause Young (Normal) (G1 Evacuation Pause)
[2026-05-27T11:23:23.214+0530][4.470s][info][gc,task     ] GC(108) Using 9 workers of 9 for evacuation
[2026-05-27T11:23:23.215+0530][4.471s][info][gc,phases   ] GC(108)   Pre Evacuate Collection Set: 0.10ms
[2026-05-27T11:23:23.215+0530][4.471s][info][gc,phases   ] GC(108)   Merge Heap Roots: 0.05ms
[2026-05-27T11:23:23.215+0530][4.471s][info][gc,phases   ] GC(108)   Evacuate Collection Set: 0.29ms
[2026-05-27T11:23:23.215+0530][4.471s][info][gc,phases   ] GC(108)   Post Evacuate Collection Set: 0.18ms
[2026-05-27T11:23:23.215+0530][4.471s][info][gc,phases   ] GC(108)   Other: 0.12ms
[2026-05-27T11:23:23.215+0530][4.471s][info][gc,heap     ] GC(108) Eden regions: 300->0(302)
[2026-05-27T11:23:23.215+0530][4.471s][info][gc,heap     ] GC(108) Survivor regions: 7->5(39)
[2026-05-27T11:23:23.215+0530][4.471s][info][gc,heap     ] GC(108) Old regions: 10->10
[2026-05-27T11:23:23.215+0530][4.471s][info][gc,heap     ] GC(108) Archive regions: 2->2
[2026-05-27T11:23:23.215+0530][4.471s][info][gc,heap     ] GC(108) Humongous regions: 0->0
[2026-05-27T11:23:23.215+0530][4.471s][info][gc,metaspace] GC(108) Metaspace: 1689K(1920K)->1689K(1920K) NonClass: 1518K(1600K)->1518K(1600K) Class: 170K(320K)->170K(320K)
[2026-05-27T11:23:23.215+0530][4.471s][info][gc          ] GC(108) Pause Young (Normal) (G1 Evacuation Pause) 316M->14M(512M) 0.801ms
[2026-05-27T11:23:23.215+0530][4.471s][info][gc,cpu      ] GC(108) User=0.00s Sys=0.00s Real=0.00s
[2026-05-27T11:23:23.255+0530][4.511s][info][gc,start    ] GC(109) Pause Young (Normal) (G1 Evacuation Pause)
[2026-05-27T11:23:23.255+0530][4.511s][info][gc,task     ] GC(109) Using 9 workers of 9 for evacuation
[2026-05-27T11:23:23.255+0530][4.511s][info][gc,phases   ] GC(109)   Pre Evacuate Collection Set: 0.10ms
[2026-05-27T11:23:23.255+0530][4.512s][info][gc,phases   ] GC(109)   Merge Heap Roots: 0.06ms
[2026-05-27T11:23:23.255+0530][4.512s][info][gc,phases   ] GC(109)   Evacuate Collection Set: 0.30ms
[2026-05-27T11:23:23.255+0530][4.512s][info][gc,phases   ] GC(109)   Post Evacuate Collection Set: 0.17ms
[2026-05-27T11:23:23.255+0530][4.512s][info][gc,phases   ] GC(109)   Other: 0.10ms
[2026-05-27T11:23:23.255+0530][4.512s][info][gc,heap     ] GC(109) Eden regions: 302->0(302)
[2026-05-27T11:23:23.255+0530][4.512s][info][gc,heap     ] GC(109) Survivor regions: 5->5(39)
[2026-05-27T11:23:23.255+0530][4.512s][info][gc,heap     ] GC(109) Old regions: 10->10
[2026-05-27T11:23:23.255+0530][4.512s][info][gc,heap     ] GC(109) Archive regions: 2->2
[2026-05-27T11:23:23.255+0530][4.512s][info][gc,heap     ] GC(109) Humongous regions: 9->0
[2026-05-27T11:23:23.255+0530][4.512s][info][gc,metaspace] GC(109) Metaspace: 1689K(1920K)->1689K(1920K) NonClass: 1518K(1600K)->1518K(1600K) Class: 170K(320K)->170K(320K)
[2026-05-27T11:23:23.255+0530][4.512s][info][gc          ] GC(109) Pause Young (Normal) (G1 Evacuation Pause) 325M->15M(512M) 0.818ms
[2026-05-27T11:23:23.255+0530][4.512s][info][gc,cpu      ] GC(109) User=0.00s Sys=0.00s Real=0.00s
[2026-05-27T11:23:23.295+0530][4.551s][info][gc,start    ] GC(110) Pause Young (Normal) (G1 Evacuation Pause)
[2026-05-27T11:23:23.295+0530][4.551s][info][gc,task     ] GC(110) Using 9 workers of 9 for evacuation
[2026-05-27T11:23:23.295+0530][4.552s][info][gc,phases   ] GC(110)   Pre Evacuate Collection Set: 0.10ms
[2026-05-27T11:23:23.295+0530][4.552s][info][gc,phases   ] GC(110)   Merge Heap Roots: 0.09ms
[2026-05-27T11:23:23.295+0530][4.552s][info][gc,phases   ] GC(110)   Evacuate Collection Set: 0.26ms
[2026-05-27T11:23:23.295+0530][4.552s][info][gc,phases   ] GC(110)   Post Evacuate Collection Set: 0.18ms
[2026-05-27T11:23:23.295+0530][4.552s][info][gc,phases   ] GC(110)   Other: 0.11ms
[2026-05-27T11:23:23.295+0530][4.552s][info][gc,heap     ] GC(110) Eden regions: 302->0(302)
[2026-05-27T11:23:23.295+0530][4.552s][info][gc,heap     ] GC(110) Survivor regions: 5->5(39)
[2026-05-27T11:23:23.295+0530][4.552s][info][gc,heap     ] GC(110) Old regions: 10->10
[2026-05-27T11:23:23.295+0530][4.552s][info][gc,heap     ] GC(110) Archive regions: 2->2
[2026-05-27T11:23:23.295+0530][4.552s][info][gc,heap     ] GC(110) Humongous regions: 0->0
[2026-05-27T11:23:23.295+0530][4.552s][info][gc,metaspace] GC(110) Metaspace: 1689K(1920K)->1689K(1920K) NonClass: 1518K(1600K)->1518K(1600K) Class: 170K(320K)->170K(320K)
[2026-05-27T11:23:23.295+0530][4.552s][info][gc          ] GC(110) Pause Young (Normal) (G1 Evacuation Pause) 316M->14M(512M) 0.818ms
[2026-05-27T11:23:23.295+0530][4.552s][info][gc,cpu      ] GC(110) User=0.00s Sys=0.00s Real=0.00s
[2026-05-27T11:23:23.336+0530][4.593s][info][gc,start    ] GC(111) Pause Young (Normal) (G1 Evacuation Pause)
[2026-05-27T11:23:23.337+0530][4.593s][info][gc,task     ] GC(111) Using 9 workers of 9 for evacuation
[2026-05-27T11:23:23.337+0530][4.593s][info][gc,phases   ] GC(111)   Pre Evacuate Collection Set: 0.08ms
[2026-05-27T11:23:23.337+0530][4.593s][info][gc,phases   ] GC(111)   Merge Heap Roots: 0.04ms
[2026-05-27T11:23:23.337+0530][4.593s][info][gc,phases   ] GC(111)   Evacuate Collection Set: 0.31ms
[2026-05-27T11:23:23.337+0530][4.593s][info][gc,phases   ] GC(111)   Post Evacuate Collection Set: 0.22ms
[2026-05-27T11:23:23.337+0530][4.593s][info][gc,phases   ] GC(111)   Other: 0.12ms
[2026-05-27T11:23:23.337+0530][4.593s][info][gc,heap     ] GC(111) Eden regions: 302->0(300)
[2026-05-27T11:23:23.337+0530][4.593s][info][gc,heap     ] GC(111) Survivor regions: 5->7(39)
[2026-05-27T11:23:23.337+0530][4.593s][info][gc,heap     ] GC(111) Old regions: 10->10
[2026-05-27T11:23:23.337+0530][4.593s][info][gc,heap     ] GC(111) Archive regions: 2->2
[2026-05-27T11:23:23.337+0530][4.594s][info][gc,heap     ] GC(111) Humongous regions: 0->0
[2026-05-27T11:23:23.337+0530][4.594s][info][gc,metaspace] GC(111) Metaspace: 1689K(1920K)->1689K(1920K) NonClass: 1518K(1600K)->1518K(1600K) Class: 170K(320K)->170K(320K)
[2026-05-27T11:23:23.337+0530][4.594s][info][gc          ] GC(111) Pause Young (Normal) (G1 Evacuation Pause) 316M->16M(512M) 0.900ms
[2026-05-27T11:23:23.337+0530][4.594s][info][gc,cpu      ] GC(111) User=0.00s Sys=0.00s Real=0.00s
[2026-05-27T11:23:23.379+0530][4.635s][info][gc,start    ] GC(112) Pause Young (Normal) (G1 Evacuation Pause)
[2026-05-27T11:23:23.379+0530][4.635s][info][gc,task     ] GC(112) Using 9 workers of 9 for evacuation
[2026-05-27T11:23:23.380+0530][4.636s][info][gc,phases   ] GC(112)   Pre Evacuate Collection Set: 0.07ms
[2026-05-27T11:23:23.380+0530][4.636s][info][gc,phases   ] GC(112)   Merge Heap Roots: 0.05ms
[2026-05-27T11:23:23.380+0530][4.636s][info][gc,phases   ] GC(112)   Evacuate Collection Set: 0.41ms
[2026-05-27T11:23:23.380+0530][4.636s][info][gc,phases   ] GC(112)   Post Evacuate Collection Set: 0.19ms
[2026-05-27T11:23:23.380+0530][4.636s][info][gc,phases   ] GC(112)   Other: 0.11ms
[2026-05-27T11:23:23.380+0530][4.636s][info][gc,heap     ] GC(112) Eden regions: 300->0(302)
[2026-05-27T11:23:23.380+0530][4.636s][info][gc,heap     ] GC(112) Survivor regions: 7->5(39)
[2026-05-27T11:23:23.380+0530][4.636s][info][gc,heap     ] GC(112) Old regions: 10->10
[2026-05-27T11:23:23.380+0530][4.636s][info][gc,heap     ] GC(112) Archive regions: 2->2
[2026-05-27T11:23:23.380+0530][4.636s][info][gc,heap     ] GC(112) Humongous regions: 0->0
[2026-05-27T11:23:23.380+0530][4.636s][info][gc,metaspace] GC(112) Metaspace: 1689K(1920K)->1689K(1920K) NonClass: 1518K(1600K)->1518K(1600K) Class: 170K(320K)->170K(320K)
[2026-05-27T11:23:23.380+0530][4.636s][info][gc          ] GC(112) Pause Young (Normal) (G1 Evacuation Pause) 316M->15M(512M) 0.903ms
[2026-05-27T11:23:23.380+0530][4.636s][info][gc,cpu      ] GC(112) User=0.00s Sys=0.00s Real=0.01s
[2026-05-27T11:23:23.419+0530][4.676s][info][gc,start    ] GC(113) Pause Young (Normal) (G1 Evacuation Pause)
[2026-05-27T11:23:23.419+0530][4.676s][info][gc,task     ] GC(113) Using 9 workers of 9 for evacuation
[2026-05-27T11:23:23.420+0530][4.676s][info][gc,phases   ] GC(113)   Pre Evacuate Collection Set: 0.10ms
[2026-05-27T11:23:23.420+0530][4.676s][info][gc,phases   ] GC(113)   Merge Heap Roots: 0.04ms
[2026-05-27T11:23:23.420+0530][4.676s][info][gc,phases   ] GC(113)   Evacuate Collection Set: 0.29ms
[2026-05-27T11:23:23.420+0530][4.676s][info][gc,phases   ] GC(113)   Post Evacuate Collection Set: 0.21ms
[2026-05-27T11:23:23.420+0530][4.676s][info][gc,phases   ] GC(113)   Other: 0.11ms
[2026-05-27T11:23:23.420+0530][4.676s][info][gc,heap     ] GC(113) Eden regions: 302->0(305)
[2026-05-27T11:23:23.420+0530][4.676s][info][gc,heap     ] GC(113) Survivor regions: 5->2(39)
[2026-05-27T11:23:23.420+0530][4.676s][info][gc,heap     ] GC(113) Old regions: 10->10
[2026-05-27T11:23:23.420+0530][4.676s][info][gc,heap     ] GC(113) Archive regions: 2->2
[2026-05-27T11:23:23.420+0530][4.676s][info][gc,heap     ] GC(113) Humongous regions: 0->0
[2026-05-27T11:23:23.420+0530][4.676s][info][gc,metaspace] GC(113) Metaspace: 1689K(1920K)->1689K(1920K) NonClass: 1518K(1600K)->1518K(1600K) Class: 170K(320K)->170K(320K)
[2026-05-27T11:23:23.420+0530][4.676s][info][gc          ] GC(113) Pause Young (Normal) (G1 Evacuation Pause) 316M->11M(512M) 0.813ms
[2026-05-27T11:23:23.420+0530][4.676s][info][gc,cpu      ] GC(113) User=0.00s Sys=0.00s Real=0.01s
[2026-05-27T11:23:23.460+0530][4.716s][info][gc,start    ] GC(114) Pause Young (Normal) (G1 Evacuation Pause)
[2026-05-27T11:23:23.460+0530][4.716s][info][gc,task     ] GC(114) Using 9 workers of 9 for evacuation
[2026-05-27T11:23:23.460+0530][4.716s][info][gc,phases   ] GC(114)   Pre Evacuate Collection Set: 0.07ms
[2026-05-27T11:23:23.460+0530][4.716s][info][gc,phases   ] GC(114)   Merge Heap Roots: 0.05ms
[2026-05-27T11:23:23.460+0530][4.716s][info][gc,phases   ] GC(114)   Evacuate Collection Set: 0.30ms
[2026-05-27T11:23:23.460+0530][4.716s][info][gc,phases   ] GC(114)   Post Evacuate Collection Set: 0.19ms
[2026-05-27T11:23:23.460+0530][4.716s][info][gc,phases   ] GC(114)   Other: 0.10ms
[2026-05-27T11:23:23.460+0530][4.716s][info][gc,heap     ] GC(114) Eden regions: 305->0(302)
[2026-05-27T11:23:23.460+0530][4.716s][info][gc,heap     ] GC(114) Survivor regions: 2->5(39)
[2026-05-27T11:23:23.460+0530][4.716s][info][gc,heap     ] GC(114) Old regions: 10->10
[2026-05-27T11:23:23.460+0530][4.716s][info][gc,heap     ] GC(114) Archive regions: 2->2
[2026-05-27T11:23:23.460+0530][4.716s][info][gc,heap     ] GC(114) Humongous regions: 0->0
[2026-05-27T11:23:23.460+0530][4.716s][info][gc,metaspace] GC(114) Metaspace: 1689K(1920K)->1689K(1920K) NonClass: 1518K(1600K)->1518K(1600K) Class: 170K(320K)->170K(320K)
[2026-05-27T11:23:23.460+0530][4.716s][info][gc          ] GC(114) Pause Young (Normal) (G1 Evacuation Pause) 316M->14M(512M) 0.780ms
[2026-05-27T11:23:23.460+0530][4.716s][info][gc,cpu      ] GC(114) User=0.00s Sys=0.00s Real=0.00s
[2026-05-27T11:23:23.501+0530][4.757s][info][gc,start    ] GC(115) Pause Young (Normal) (G1 Evacuation Pause)
[2026-05-27T11:23:23.501+0530][4.758s][info][gc,task     ] GC(115) Using 9 workers of 9 for evacuation
[2026-05-27T11:23:23.502+0530][4.758s][info][gc,phases   ] GC(115)   Pre Evacuate Collection Set: 0.06ms
[2026-05-27T11:23:23.502+0530][4.758s][info][gc,phases   ] GC(115)   Merge Heap Roots: 0.07ms
[2026-05-27T11:23:23.502+0530][4.758s][info][gc,phases   ] GC(115)   Evacuate Collection Set: 0.32ms
[2026-05-27T11:23:23.502+0530][4.758s][info][gc,phases   ] GC(115)   Post Evacuate Collection Set: 0.18ms
[2026-05-27T11:23:23.502+0530][4.758s][info][gc,phases   ] GC(115)   Other: 0.10ms
[2026-05-27T11:23:23.502+0530][4.758s][info][gc,heap     ] GC(115) Eden regions: 302->0(301)
[2026-05-27T11:23:23.502+0530][4.758s][info][gc,heap     ] GC(115) Survivor regions: 5->6(39)
[2026-05-27T11:23:23.502+0530][4.758s][info][gc,heap     ] GC(115) Old regions: 10->10
[2026-05-27T11:23:23.502+0530][4.758s][info][gc,heap     ] GC(115) Archive regions: 2->2
[2026-05-27T11:23:23.502+0530][4.758s][info][gc,heap     ] GC(115) Humongous regions: 0->0
[2026-05-27T11:23:23.502+0530][4.758s][info][gc,metaspace] GC(115) Metaspace: 1689K(1920K)->1689K(1920K) NonClass: 1518K(1600K)->1518K(1600K) Class: 170K(320K)->170K(320K)
[2026-05-27T11:23:23.502+0530][4.758s][info][gc          ] GC(115) Pause Young (Normal) (G1 Evacuation Pause) 316M->15M(512M) 0.794ms
[2026-05-27T11:23:23.502+0530][4.758s][info][gc,cpu      ] GC(115) User=0.00s Sys=0.00s Real=0.00s
[2026-05-27T11:23:23.540+0530][4.797s][info][gc,start    ] GC(116) Pause Young (Normal) (G1 Evacuation Pause)
[2026-05-27T11:23:23.541+0530][4.797s][info][gc,task     ] GC(116) Using 9 workers of 9 for evacuation
[2026-05-27T11:23:23.541+0530][4.797s][info][gc,phases   ] GC(116)   Pre Evacuate Collection Set: 0.10ms
[2026-05-27T11:23:23.541+0530][4.797s][info][gc,phases   ] GC(116)   Merge Heap Roots: 0.05ms
[2026-05-27T11:23:23.541+0530][4.797s][info][gc,phases   ] GC(116)   Evacuate Collection Set: 0.28ms
[2026-05-27T11:23:23.541+0530][4.797s][info][gc,phases   ] GC(116)   Post Evacuate Collection Set: 0.20ms
[2026-05-27T11:23:23.541+0530][4.797s][info][gc,phases   ] GC(116)   Other: 0.10ms
[2026-05-27T11:23:23.541+0530][4.797s][info][gc,heap     ] GC(116) Eden regions: 301->0(303)
[2026-05-27T11:23:23.541+0530][4.797s][info][gc,heap     ] GC(116) Survivor regions: 6->4(39)
[2026-05-27T11:23:23.541+0530][4.797s][info][gc,heap     ] GC(116) Old regions: 10->10
[2026-05-27T11:23:23.541+0530][4.797s][info][gc,heap     ] GC(116) Archive regions: 2->2
[2026-05-27T11:23:23.541+0530][4.797s][info][gc,heap     ] GC(116) Humongous regions: 0->0
[2026-05-27T11:23:23.541+0530][4.797s][info][gc,metaspace] GC(116) Metaspace: 1689K(1920K)->1689K(1920K) NonClass: 1518K(1600K)->1518K(1600K) Class: 170K(320K)->170K(320K)
[2026-05-27T11:23:23.541+0530][4.797s][info][gc          ] GC(116) Pause Young (Normal) (G1 Evacuation Pause) 315M->14M(512M) 0.789ms
[2026-05-27T11:23:23.541+0530][4.797s][info][gc,cpu      ] GC(116) User=0.01s Sys=0.00s Real=0.00s
[2026-05-27T11:23:23.582+0530][4.838s][info][gc,start    ] GC(117) Pause Young (Normal) (G1 Evacuation Pause)
[2026-05-27T11:23:23.582+0530][4.838s][info][gc,task     ] GC(117) Using 9 workers of 9 for evacuation
[2026-05-27T11:23:23.582+0530][4.839s][info][gc,phases   ] GC(117)   Pre Evacuate Collection Set: 0.07ms
[2026-05-27T11:23:23.582+0530][4.839s][info][gc,phases   ] GC(117)   Merge Heap Roots: 0.06ms
[2026-05-27T11:23:23.582+0530][4.839s][info][gc,phases   ] GC(117)   Evacuate Collection Set: 0.37ms
[2026-05-27T11:23:23.582+0530][4.839s][info][gc,phases   ] GC(117)   Post Evacuate Collection Set: 0.20ms
[2026-05-27T11:23:23.582+0530][4.839s][info][gc,phases   ] GC(117)   Other: 0.08ms
[2026-05-27T11:23:23.582+0530][4.839s][info][gc,heap     ] GC(117) Eden regions: 303->0(301)
[2026-05-27T11:23:23.583+0530][4.839s][info][gc,heap     ] GC(117) Survivor regions: 4->6(39)
[2026-05-27T11:23:23.583+0530][4.839s][info][gc,heap     ] GC(117) Old regions: 10->10
[2026-05-27T11:23:23.583+0530][4.839s][info][gc,heap     ] GC(117) Archive regions: 2->2
[2026-05-27T11:23:23.583+0530][4.839s][info][gc,heap     ] GC(117) Humongous regions: 0->0
[2026-05-27T11:23:23.583+0530][4.839s][info][gc,metaspace] GC(117) Metaspace: 1689K(1920K)->1689K(1920K) NonClass: 1518K(1600K)->1518K(1600K) Class: 170K(320K)->170K(320K)
[2026-05-27T11:23:23.583+0530][4.839s][info][gc          ] GC(117) Pause Young (Normal) (G1 Evacuation Pause) 316M->15M(512M) 0.853ms
[2026-05-27T11:23:23.583+0530][4.839s][info][gc,cpu      ] GC(117) User=0.00s Sys=0.01s Real=0.00s
[2026-05-27T11:23:23.621+0530][4.878s][info][gc,start    ] GC(118) Pause Young (Normal) (G1 Evacuation Pause)
[2026-05-27T11:23:23.621+0530][4.878s][info][gc,task     ] GC(118) Using 9 workers of 9 for evacuation
[2026-05-27T11:23:23.622+0530][4.878s][info][gc,phases   ] GC(118)   Pre Evacuate Collection Set: 0.08ms
[2026-05-27T11:23:23.622+0530][4.878s][info][gc,phases   ] GC(118)   Merge Heap Roots: 0.06ms
[2026-05-27T11:23:23.622+0530][4.878s][info][gc,phases   ] GC(118)   Evacuate Collection Set: 0.29ms
[2026-05-27T11:23:23.622+0530][4.878s][info][gc,phases   ] GC(118)   Post Evacuate Collection Set: 0.19ms
[2026-05-27T11:23:23.622+0530][4.878s][info][gc,phases   ] GC(118)   Other: 0.12ms
[2026-05-27T11:23:23.622+0530][4.878s][info][gc,heap     ] GC(118) Eden regions: 301->0(301)
[2026-05-27T11:23:23.622+0530][4.878s][info][gc,heap     ] GC(118) Survivor regions: 6->6(39)
[2026-05-27T11:23:23.622+0530][4.878s][info][gc,heap     ] GC(118) Old regions: 10->10
[2026-05-27T11:23:23.622+0530][4.878s][info][gc,heap     ] GC(118) Archive regions: 2->2
[2026-05-27T11:23:23.622+0530][4.878s][info][gc,heap     ] GC(118) Humongous regions: 9->0
[2026-05-27T11:23:23.622+0530][4.878s][info][gc,metaspace] GC(118) Metaspace: 1689K(1920K)->1689K(1920K) NonClass: 1518K(1600K)->1518K(1600K) Class: 170K(320K)->170K(320K)
[2026-05-27T11:23:23.622+0530][4.878s][info][gc          ] GC(118) Pause Young (Normal) (G1 Evacuation Pause) 325M->15M(512M) 0.789ms
[2026-05-27T11:23:23.622+0530][4.878s][info][gc,cpu      ] GC(118) User=0.00s Sys=0.00s Real=0.00s
[2026-05-27T11:23:23.662+0530][4.918s][info][gc,start    ] GC(119) Pause Young (Normal) (G1 Evacuation Pause)
[2026-05-27T11:23:23.662+0530][4.918s][info][gc,task     ] GC(119) Using 9 workers of 9 for evacuation
[2026-05-27T11:23:23.663+0530][4.919s][info][gc,phases   ] GC(119)   Pre Evacuate Collection Set: 0.09ms
[2026-05-27T11:23:23.663+0530][4.919s][info][gc,phases   ] GC(119)   Merge Heap Roots: 0.06ms
[2026-05-27T11:23:23.663+0530][4.919s][info][gc,phases   ] GC(119)   Evacuate Collection Set: 0.29ms
[2026-05-27T11:23:23.663+0530][4.919s][info][gc,phases   ] GC(119)   Post Evacuate Collection Set: 0.20ms
[2026-05-27T11:23:23.663+0530][4.919s][info][gc,phases   ] GC(119)   Other: 0.12ms
[2026-05-27T11:23:23.663+0530][4.919s][info][gc,heap     ] GC(119) Eden regions: 301->0(301)
[2026-05-27T11:23:23.663+0530][4.919s][info][gc,heap     ] GC(119) Survivor regions: 6->6(39)
[2026-05-27T11:23:23.663+0530][4.919s][info][gc,heap     ] GC(119) Old regions: 10->10
[2026-05-27T11:23:23.663+0530][4.919s][info][gc,heap     ] GC(119) Archive regions: 2->2
[2026-05-27T11:23:23.663+0530][4.919s][info][gc,heap     ] GC(119) Humongous regions: 0->0
[2026-05-27T11:23:23.663+0530][4.919s][info][gc,metaspace] GC(119) Metaspace: 1689K(1920K)->1689K(1920K) NonClass: 1518K(1600K)->1518K(1600K) Class: 170K(320K)->170K(320K)
[2026-05-27T11:23:23.663+0530][4.919s][info][gc          ] GC(119) Pause Young (Normal) (G1 Evacuation Pause) 316M->15M(512M) 0.841ms
[2026-05-27T11:23:23.663+0530][4.919s][info][gc,cpu      ] GC(119) User=0.00s Sys=0.00s Real=0.00s
[2026-05-27T11:23:23.704+0530][4.960s][info][gc,start    ] GC(120) Pause Young (Normal) (G1 Evacuation Pause)
[2026-05-27T11:23:23.704+0530][4.960s][info][gc,task     ] GC(120) Using 9 workers of 9 for evacuation
[2026-05-27T11:23:23.705+0530][4.961s][info][gc,phases   ] GC(120)   Pre Evacuate Collection Set: 0.09ms
[2026-05-27T11:23:23.705+0530][4.961s][info][gc,phases   ] GC(120)   Merge Heap Roots: 0.04ms
[2026-05-27T11:23:23.705+0530][4.961s][info][gc,phases   ] GC(120)   Evacuate Collection Set: 0.33ms
[2026-05-27T11:23:23.705+0530][4.961s][info][gc,phases   ] GC(120)   Post Evacuate Collection Set: 0.21ms
[2026-05-27T11:23:23.705+0530][4.961s][info][gc,phases   ] GC(120)   Other: 0.15ms
[2026-05-27T11:23:23.705+0530][4.961s][info][gc,heap     ] GC(120) Eden regions: 301->0(301)
[2026-05-27T11:23:23.705+0530][4.961s][info][gc,heap     ] GC(120) Survivor regions: 6->6(39)
[2026-05-27T11:23:23.705+0530][4.961s][info][gc,heap     ] GC(120) Old regions: 10->10
[2026-05-27T11:23:23.705+0530][4.961s][info][gc,heap     ] GC(120) Archive regions: 2->2
[2026-05-27T11:23:23.705+0530][4.961s][info][gc,heap     ] GC(120) Humongous regions: 0->0
[2026-05-27T11:23:23.705+0530][4.961s][info][gc,metaspace] GC(120) Metaspace: 1689K(1920K)->1689K(1920K) NonClass: 1518K(1600K)->1518K(1600K) Class: 170K(320K)->170K(320K)
[2026-05-27T11:23:23.705+0530][4.961s][info][gc          ] GC(120) Pause Young (Normal) (G1 Evacuation Pause) 316M->15M(512M) 0.847ms
[2026-05-27T11:23:23.705+0530][4.961s][info][gc,cpu      ] GC(120) User=0.00s Sys=0.00s Real=0.00s
[2026-05-27T11:23:23.744+0530][5.000s][info][gc,start    ] GC(121) Pause Young (Normal) (G1 Evacuation Pause)
[2026-05-27T11:23:23.744+0530][5.000s][info][gc,task     ] GC(121) Using 9 workers of 9 for evacuation
[2026-05-27T11:23:23.744+0530][5.001s][info][gc,phases   ] GC(121)   Pre Evacuate Collection Set: 0.12ms
[2026-05-27T11:23:23.744+0530][5.001s][info][gc,phases   ] GC(121)   Merge Heap Roots: 0.13ms
[2026-05-27T11:23:23.744+0530][5.001s][info][gc,phases   ] GC(121)   Evacuate Collection Set: 0.27ms
[2026-05-27T11:23:23.744+0530][5.001s][info][gc,phases   ] GC(121)   Post Evacuate Collection Set: 0.22ms
[2026-05-27T11:23:23.744+0530][5.001s][info][gc,phases   ] GC(121)   Other: 0.11ms
[2026-05-27T11:23:23.744+0530][5.001s][info][gc,heap     ] GC(121) Eden regions: 301->0(300)
[2026-05-27T11:23:23.744+0530][5.001s][info][gc,heap     ] GC(121) Survivor regions: 6->7(39)
[2026-05-27T11:23:23.744+0530][5.001s][info][gc,heap     ] GC(121) Old regions: 10->10
[2026-05-27T11:23:23.744+0530][5.001s][info][gc,heap     ] GC(121) Archive regions: 2->2
[2026-05-27T11:23:23.744+0530][5.001s][info][gc,heap     ] GC(121) Humongous regions: 0->0
[2026-05-27T11:23:23.744+0530][5.001s][info][gc,metaspace] GC(121) Metaspace: 1689K(1920K)->1689K(1920K) NonClass: 1518K(1600K)->1518K(1600K) Class: 170K(320K)->170K(320K)
[2026-05-27T11:23:23.744+0530][5.001s][info][gc          ] GC(121) Pause Young (Normal) (G1 Evacuation Pause) 316M->16M(512M) 0.911ms
[2026-05-27T11:23:23.745+0530][5.001s][info][gc,cpu      ] GC(121) User=0.00s Sys=0.00s Real=0.00s
[2026-05-27T11:23:23.786+0530][5.042s][info][gc,start    ] GC(122) Pause Young (Normal) (G1 Evacuation Pause)
[2026-05-27T11:23:23.786+0530][5.043s][info][gc,task     ] GC(122) Using 9 workers of 9 for evacuation
[2026-05-27T11:23:23.787+0530][5.043s][info][gc,phases   ] GC(122)   Pre Evacuate Collection Set: 0.10ms
[2026-05-27T11:23:23.787+0530][5.043s][info][gc,phases   ] GC(122)   Merge Heap Roots: 0.05ms
[2026-05-27T11:23:23.787+0530][5.043s][info][gc,phases   ] GC(122)   Evacuate Collection Set: 0.35ms
[2026-05-27T11:23:23.787+0530][5.043s][info][gc,phases   ] GC(122)   Post Evacuate Collection Set: 0.20ms
[2026-05-27T11:23:23.787+0530][5.043s][info][gc,phases   ] GC(122)   Other: 0.10ms
[2026-05-27T11:23:23.787+0530][5.043s][info][gc,heap     ] GC(122) Eden regions: 300->0(302)
[2026-05-27T11:23:23.787+0530][5.043s][info][gc,heap     ] GC(122) Survivor regions: 7->5(39)
[2026-05-27T11:23:23.787+0530][5.043s][info][gc,heap     ] GC(122) Old regions: 10->10
[2026-05-27T11:23:23.787+0530][5.043s][info][gc,heap     ] GC(122) Archive regions: 2->2
[2026-05-27T11:23:23.787+0530][5.043s][info][gc,heap     ] GC(122) Humongous regions: 0->0
[2026-05-27T11:23:23.787+0530][5.043s][info][gc,metaspace] GC(122) Metaspace: 1689K(1920K)->1689K(1920K) NonClass: 1518K(1600K)->1518K(1600K) Class: 170K(320K)->170K(320K)
[2026-05-27T11:23:23.787+0530][5.043s][info][gc          ] GC(122) Pause Young (Normal) (G1 Evacuation Pause) 316M->14M(512M) 0.868ms
[2026-05-27T11:23:23.787+0530][5.043s][info][gc,cpu      ] GC(122) User=0.00s Sys=0.00s Real=0.00s
[2026-05-27T11:23:23.827+0530][5.083s][info][gc,start    ] GC(123) Pause Young (Normal) (G1 Evacuation Pause)
[2026-05-27T11:23:23.827+0530][5.083s][info][gc,task     ] GC(123) Using 9 workers of 9 for evacuation
[2026-05-27T11:23:23.827+0530][5.084s][info][gc,phases   ] GC(123)   Pre Evacuate Collection Set: 0.09ms
[2026-05-27T11:23:23.827+0530][5.084s][info][gc,phases   ] GC(123)   Merge Heap Roots: 0.05ms
[2026-05-27T11:23:23.827+0530][5.084s][info][gc,phases   ] GC(123)   Evacuate Collection Set: 0.36ms
[2026-05-27T11:23:23.827+0530][5.084s][info][gc,phases   ] GC(123)   Post Evacuate Collection Set: 0.19ms
[2026-05-27T11:23:23.827+0530][5.084s][info][gc,phases   ] GC(123)   Other: 0.11ms
[2026-05-27T11:23:23.828+0530][5.084s][info][gc,heap     ] GC(123) Eden regions: 302->0(302)
[2026-05-27T11:23:23.828+0530][5.084s][info][gc,heap     ] GC(123) Survivor regions: 5->5(39)
[2026-05-27T11:23:23.828+0530][5.084s][info][gc,heap     ] GC(123) Old regions: 10->10
[2026-05-27T11:23:23.828+0530][5.084s][info][gc,heap     ] GC(123) Archive regions: 2->2
[2026-05-27T11:23:23.828+0530][5.084s][info][gc,heap     ] GC(123) Humongous regions: 0->0
[2026-05-27T11:23:23.828+0530][5.084s][info][gc,metaspace] GC(123) Metaspace: 1745K(2048K)->1745K(2048K) NonClass: 1568K(1728K)->1568K(1728K) Class: 177K(320K)->177K(320K)
[2026-05-27T11:23:23.828+0530][5.084s][info][gc          ] GC(123) Pause Young (Normal) (G1 Evacuation Pause) 316M->14M(512M) 0.876ms
[2026-05-27T11:23:23.828+0530][5.084s][info][gc,cpu      ] GC(123) User=0.01s Sys=0.00s Real=0.00s
[2026-05-27T11:23:23.867+0530][5.123s][info][gc,start    ] GC(124) Pause Young (Normal) (G1 Evacuation Pause)
[2026-05-27T11:23:23.867+0530][5.123s][info][gc,task     ] GC(124) Using 9 workers of 9 for evacuation
[2026-05-27T11:23:23.868+0530][5.124s][info][gc,phases   ] GC(124)   Pre Evacuate Collection Set: 0.07ms
[2026-05-27T11:23:23.868+0530][5.124s][info][gc,phases   ] GC(124)   Merge Heap Roots: 0.09ms
[2026-05-27T11:23:23.868+0530][5.124s][info][gc,phases   ] GC(124)   Evacuate Collection Set: 0.31ms
[2026-05-27T11:23:23.868+0530][5.124s][info][gc,phases   ] GC(124)   Post Evacuate Collection Set: 0.19ms
[2026-05-27T11:23:23.868+0530][5.124s][info][gc,phases   ] GC(124)   Other: 0.08ms
[2026-05-27T11:23:23.868+0530][5.124s][info][gc,heap     ] GC(124) Eden regions: 302->0(306)
[2026-05-27T11:23:23.868+0530][5.124s][info][gc,heap     ] GC(124) Survivor regions: 5->1(39)
[2026-05-27T11:23:23.868+0530][5.124s][info][gc,heap     ] GC(124) Old regions: 10->10
[2026-05-27T11:23:23.868+0530][5.124s][info][gc,heap     ] GC(124) Archive regions: 2->2
[2026-05-27T11:23:23.868+0530][5.124s][info][gc,heap     ] GC(124) Humongous regions: 9->0
[2026-05-27T11:23:23.868+0530][5.124s][info][gc,metaspace] GC(124) Metaspace: 1745K(2048K)->1745K(2048K) NonClass: 1568K(1728K)->1568K(1728K) Class: 177K(320K)->177K(320K)
[2026-05-27T11:23:23.868+0530][5.124s][info][gc          ] GC(124) Pause Young (Normal) (G1 Evacuation Pause) 325M->10M(512M) 0.796ms
[2026-05-27T11:23:23.868+0530][5.124s][info][gc,cpu      ] GC(124) User=0.00s Sys=0.00s Real=0.00s
[2026-05-27T11:23:23.908+0530][5.164s][info][gc,start    ] GC(125) Pause Young (Normal) (G1 Evacuation Pause)
[2026-05-27T11:23:23.908+0530][5.164s][info][gc,task     ] GC(125) Using 9 workers of 9 for evacuation
[2026-05-27T11:23:23.908+0530][5.165s][info][gc,phases   ] GC(125)   Pre Evacuate Collection Set: 0.07ms
[2026-05-27T11:23:23.908+0530][5.165s][info][gc,phases   ] GC(125)   Merge Heap Roots: 0.05ms
[2026-05-27T11:23:23.908+0530][5.165s][info][gc,phases   ] GC(125)   Evacuate Collection Set: 0.28ms
[2026-05-27T11:23:23.908+0530][5.165s][info][gc,phases   ] GC(125)   Post Evacuate Collection Set: 0.18ms
[2026-05-27T11:23:23.908+0530][5.165s][info][gc,phases   ] GC(125)   Other: 0.11ms
[2026-05-27T11:23:23.908+0530][5.165s][info][gc,heap     ] GC(125) Eden regions: 306->0(301)
[2026-05-27T11:23:23.908+0530][5.165s][info][gc,heap     ] GC(125) Survivor regions: 1->6(39)
[2026-05-27T11:23:23.908+0530][5.165s][info][gc,heap     ] GC(125) Old regions: 10->10
[2026-05-27T11:23:23.908+0530][5.165s][info][gc,heap     ] GC(125) Archive regions: 2->2
[2026-05-27T11:23:23.908+0530][5.165s][info][gc,heap     ] GC(125) Humongous regions: 0->0
[2026-05-27T11:23:23.908+0530][5.165s][info][gc,metaspace] GC(125) Metaspace: 1745K(2048K)->1745K(2048K) NonClass: 1568K(1728K)->1568K(1728K) Class: 177K(320K)->177K(320K)
[2026-05-27T11:23:23.908+0530][5.165s][info][gc          ] GC(125) Pause Young (Normal) (G1 Evacuation Pause) 316M->15M(512M) 0.764ms
[2026-05-27T11:23:23.908+0530][5.165s][info][gc,cpu      ] GC(125) User=0.01s Sys=0.00s Real=0.00s
[2026-05-27T11:23:23.948+0530][5.204s][info][gc,start    ] GC(126) Pause Young (Normal) (G1 Evacuation Pause)
[2026-05-27T11:23:23.948+0530][5.204s][info][gc,task     ] GC(126) Using 9 workers of 9 for evacuation
[2026-05-27T11:23:23.949+0530][5.205s][info][gc,phases   ] GC(126)   Pre Evacuate Collection Set: 0.07ms
[2026-05-27T11:23:23.949+0530][5.205s][info][gc,phases   ] GC(126)   Merge Heap Roots: 0.05ms
[2026-05-27T11:23:23.949+0530][5.205s][info][gc,phases   ] GC(126)   Evacuate Collection Set: 0.30ms
[2026-05-27T11:23:23.949+0530][5.205s][info][gc,phases   ] GC(126)   Post Evacuate Collection Set: 0.21ms
[2026-05-27T11:23:23.949+0530][5.205s][info][gc,phases   ] GC(126)   Other: 0.10ms
[2026-05-27T11:23:23.949+0530][5.205s][info][gc,heap     ] GC(126) Eden regions: 301->0(303)
[2026-05-27T11:23:23.949+0530][5.205s][info][gc,heap     ] GC(126) Survivor regions: 6->4(39)
[2026-05-27T11:23:23.949+0530][5.205s][info][gc,heap     ] GC(126) Old regions: 10->10
[2026-05-27T11:23:23.949+0530][5.205s][info][gc,heap     ] GC(126) Archive regions: 2->2
[2026-05-27T11:23:23.949+0530][5.205s][info][gc,heap     ] GC(126) Humongous regions: 0->0
[2026-05-27T11:23:23.949+0530][5.205s][info][gc,metaspace] GC(126) Metaspace: 1745K(2048K)->1745K(2048K) NonClass: 1568K(1728K)->1568K(1728K) Class: 177K(320K)->177K(320K)
[2026-05-27T11:23:23.949+0530][5.205s][info][gc          ] GC(126) Pause Young (Normal) (G1 Evacuation Pause) 316M->14M(512M) 0.808ms
[2026-05-27T11:23:23.949+0530][5.205s][info][gc,cpu      ] GC(126) User=0.00s Sys=0.00s Real=0.00s
[2026-05-27T11:23:23.991+0530][5.248s][info][gc,start    ] GC(127) Pause Young (Normal) (G1 Evacuation Pause)
[2026-05-27T11:23:23.991+0530][5.248s][info][gc,task     ] GC(127) Using 9 workers of 9 for evacuation
[2026-05-27T11:23:23.992+0530][5.248s][info][gc,phases   ] GC(127)   Pre Evacuate Collection Set: 0.09ms
[2026-05-27T11:23:23.992+0530][5.248s][info][gc,phases   ] GC(127)   Merge Heap Roots: 0.05ms
[2026-05-27T11:23:23.992+0530][5.248s][info][gc,phases   ] GC(127)   Evacuate Collection Set: 0.32ms
[2026-05-27T11:23:23.992+0530][5.248s][info][gc,phases   ] GC(127)   Post Evacuate Collection Set: 0.18ms
[2026-05-27T11:23:23.992+0530][5.248s][info][gc,phases   ] GC(127)   Other: 0.12ms
[2026-05-27T11:23:23.992+0530][5.248s][info][gc,heap     ] GC(127) Eden regions: 303->0(300)
[2026-05-27T11:23:23.992+0530][5.248s][info][gc,heap     ] GC(127) Survivor regions: 4->7(39)
[2026-05-27T11:23:23.992+0530][5.248s][info][gc,heap     ] GC(127) Old regions: 10->10
[2026-05-27T11:23:23.992+0530][5.248s][info][gc,heap     ] GC(127) Archive regions: 2->2
[2026-05-27T11:23:23.992+0530][5.248s][info][gc,heap     ] GC(127) Humongous regions: 9->0
[2026-05-27T11:23:23.992+0530][5.248s][info][gc,metaspace] GC(127) Metaspace: 1745K(2048K)->1745K(2048K) NonClass: 1568K(1728K)->1568K(1728K) Class: 177K(320K)->177K(320K)
[2026-05-27T11:23:23.992+0530][5.248s][info][gc          ] GC(127) Pause Young (Normal) (G1 Evacuation Pause) 325M->16M(512M) 0.832ms
[2026-05-27T11:23:23.992+0530][5.248s][info][gc,cpu      ] GC(127) User=0.01s Sys=0.00s Real=0.00s
[2026-05-27T11:23:24.031+0530][5.287s][info][gc,start    ] GC(128) Pause Young (Normal) (G1 Evacuation Pause)
[2026-05-27T11:23:24.031+0530][5.287s][info][gc,task     ] GC(128) Using 9 workers of 9 for evacuation
[2026-05-27T11:23:24.032+0530][5.288s][info][gc,phases   ] GC(128)   Pre Evacuate Collection Set: 0.08ms
[2026-05-27T11:23:24.032+0530][5.288s][info][gc,phases   ] GC(128)   Merge Heap Roots: 0.05ms
[2026-05-27T11:23:24.032+0530][5.288s][info][gc,phases   ] GC(128)   Evacuate Collection Set: 0.27ms
[2026-05-27T11:23:24.032+0530][5.288s][info][gc,phases   ] GC(128)   Post Evacuate Collection Set: 0.19ms
[2026-05-27T11:23:24.032+0530][5.288s][info][gc,phases   ] GC(128)   Other: 0.11ms
[2026-05-27T11:23:24.032+0530][5.288s][info][gc,heap     ] GC(128) Eden regions: 300->0(301)
[2026-05-27T11:23:24.032+0530][5.288s][info][gc,heap     ] GC(128) Survivor regions: 7->6(39)
[2026-05-27T11:23:24.032+0530][5.288s][info][gc,heap     ] GC(128) Old regions: 10->10
[2026-05-27T11:23:24.032+0530][5.288s][info][gc,heap     ] GC(128) Archive regions: 2->2
[2026-05-27T11:23:24.032+0530][5.288s][info][gc,heap     ] GC(128) Humongous regions: 9->0
[2026-05-27T11:23:24.032+0530][5.288s][info][gc,metaspace] GC(128) Metaspace: 1745K(2048K)->1745K(2048K) NonClass: 1568K(1728K)->1568K(1728K) Class: 177K(320K)->177K(320K)
[2026-05-27T11:23:24.032+0530][5.288s][info][gc          ] GC(128) Pause Young (Normal) (G1 Evacuation Pause) 325M->15M(512M) 0.785ms
[2026-05-27T11:23:24.032+0530][5.288s][info][gc,cpu      ] GC(128) User=0.00s Sys=0.00s Real=0.00s
[2026-05-27T11:23:24.071+0530][5.327s][info][gc,start    ] GC(129) Pause Young (Normal) (G1 Evacuation Pause)
[2026-05-27T11:23:24.071+0530][5.327s][info][gc,task     ] GC(129) Using 9 workers of 9 for evacuation
[2026-05-27T11:23:24.072+0530][5.328s][info][gc,phases   ] GC(129)   Pre Evacuate Collection Set: 0.09ms
[2026-05-27T11:23:24.072+0530][5.328s][info][gc,phases   ] GC(129)   Merge Heap Roots: 0.07ms
[2026-05-27T11:23:24.072+0530][5.328s][info][gc,phases   ] GC(129)   Evacuate Collection Set: 0.33ms
[2026-05-27T11:23:24.072+0530][5.328s][info][gc,phases   ] GC(129)   Post Evacuate Collection Set: 0.20ms
[2026-05-27T11:23:24.072+0530][5.328s][info][gc,phases   ] GC(129)   Other: 0.10ms
[2026-05-27T11:23:24.072+0530][5.328s][info][gc,heap     ] GC(129) Eden regions: 301->0(302)
[2026-05-27T11:23:24.072+0530][5.328s][info][gc,heap     ] GC(129) Survivor regions: 6->5(39)
[2026-05-27T11:23:24.072+0530][5.328s][info][gc,heap     ] GC(129) Old regions: 10->10
[2026-05-27T11:23:24.072+0530][5.328s][info][gc,heap     ] GC(129) Archive regions: 2->2
[2026-05-27T11:23:24.072+0530][5.328s][info][gc,heap     ] GC(129) Humongous regions: 0->0
[2026-05-27T11:23:24.072+0530][5.328s][info][gc,metaspace] GC(129) Metaspace: 1745K(2048K)->1745K(2048K) NonClass: 1568K(1728K)->1568K(1728K) Class: 177K(320K)->177K(320K)
[2026-05-27T11:23:24.072+0530][5.328s][info][gc          ] GC(129) Pause Young (Normal) (G1 Evacuation Pause) 316M->15M(512M) 0.846ms
[2026-05-27T11:23:24.072+0530][5.328s][info][gc,cpu      ] GC(129) User=0.00s Sys=0.00s Real=0.00s
[2026-05-27T11:23:24.112+0530][5.368s][info][gc,start    ] GC(130) Pause Young (Normal) (G1 Evacuation Pause)
[2026-05-27T11:23:24.112+0530][5.368s][info][gc,task     ] GC(130) Using 9 workers of 9 for evacuation
[2026-05-27T11:23:24.117+0530][5.374s][info][gc,phases   ] GC(130)   Pre Evacuate Collection Set: 0.11ms
[2026-05-27T11:23:24.118+0530][5.374s][info][gc,phases   ] GC(130)   Merge Heap Roots: 0.08ms
[2026-05-27T11:23:24.118+0530][5.374s][info][gc,phases   ] GC(130)   Evacuate Collection Set: 0.40ms
[2026-05-27T11:23:24.118+0530][5.374s][info][gc,phases   ] GC(130)   Post Evacuate Collection Set: 5.22ms
[2026-05-27T11:23:24.118+0530][5.374s][info][gc,phases   ] GC(130)   Other: 0.15ms
[2026-05-27T11:23:24.118+0530][5.374s][info][gc,heap     ] GC(130) Eden regions: 302->0(305)
[2026-05-27T11:23:24.118+0530][5.374s][info][gc,heap     ] GC(130) Survivor regions: 5->2(39)
[2026-05-27T11:23:24.118+0530][5.374s][info][gc,heap     ] GC(130) Old regions: 10->10
[2026-05-27T11:23:24.118+0530][5.374s][info][gc,heap     ] GC(130) Archive regions: 2->2
[2026-05-27T11:23:24.118+0530][5.374s][info][gc,heap     ] GC(130) Humongous regions: 0->0
[2026-05-27T11:23:24.118+0530][5.374s][info][gc,metaspace] GC(130) Metaspace: 1745K(2048K)->1745K(2048K) NonClass: 1568K(1728K)->1568K(1728K) Class: 177K(320K)->177K(320K)
[2026-05-27T11:23:24.118+0530][5.374s][info][gc          ] GC(130) Pause Young (Normal) (G1 Evacuation Pause) 316M->11M(512M) 6.149ms
[2026-05-27T11:23:24.118+0530][5.374s][info][gc,cpu      ] GC(130) User=0.00s Sys=0.00s Real=0.00s
[2026-05-27T11:23:24.161+0530][5.417s][info][gc,start    ] GC(131) Pause Young (Normal) (G1 Evacuation Pause)
[2026-05-27T11:23:24.161+0530][5.417s][info][gc,task     ] GC(131) Using 9 workers of 9 for evacuation
[2026-05-27T11:23:24.162+0530][5.418s][info][gc,phases   ] GC(131)   Pre Evacuate Collection Set: 0.09ms
[2026-05-27T11:23:24.162+0530][5.418s][info][gc,phases   ] GC(131)   Merge Heap Roots: 0.05ms
[2026-05-27T11:23:24.162+0530][5.418s][info][gc,phases   ] GC(131)   Evacuate Collection Set: 0.33ms
[2026-05-27T11:23:24.162+0530][5.418s][info][gc,phases   ] GC(131)   Post Evacuate Collection Set: 0.23ms
[2026-05-27T11:23:24.162+0530][5.418s][info][gc,phases   ] GC(131)   Other: 0.10ms
[2026-05-27T11:23:24.162+0530][5.418s][info][gc,heap     ] GC(131) Eden regions: 305->0(302)
[2026-05-27T11:23:24.162+0530][5.418s][info][gc,heap     ] GC(131) Survivor regions: 2->5(39)
[2026-05-27T11:23:24.162+0530][5.418s][info][gc,heap     ] GC(131) Old regions: 10->10
[2026-05-27T11:23:24.162+0530][5.418s][info][gc,heap     ] GC(131) Archive regions: 2->2
[2026-05-27T11:23:24.162+0530][5.418s][info][gc,heap     ] GC(131) Humongous regions: 0->0
[2026-05-27T11:23:24.162+0530][5.418s][info][gc,metaspace] GC(131) Metaspace: 1745K(2048K)->1745K(2048K) NonClass: 1568K(1728K)->1568K(1728K) Class: 177K(320K)->177K(320K)
[2026-05-27T11:23:24.162+0530][5.418s][info][gc          ] GC(131) Pause Young (Normal) (G1 Evacuation Pause) 316M->15M(512M) 0.949ms
[2026-05-27T11:23:24.162+0530][5.418s][info][gc,cpu      ] GC(131) User=0.00s Sys=0.00s Real=0.00s
[2026-05-27T11:23:24.202+0530][5.459s][info][gc,start    ] GC(132) Pause Young (Normal) (G1 Evacuation Pause)
[2026-05-27T11:23:24.202+0530][5.459s][info][gc,task     ] GC(132) Using 9 workers of 9 for evacuation
[2026-05-27T11:23:24.203+0530][5.459s][info][gc,phases   ] GC(132)   Pre Evacuate Collection Set: 0.06ms
[2026-05-27T11:23:24.203+0530][5.459s][info][gc,phases   ] GC(132)   Merge Heap Roots: 0.04ms
[2026-05-27T11:23:24.203+0530][5.459s][info][gc,phases   ] GC(132)   Evacuate Collection Set: 0.26ms
[2026-05-27T11:23:24.203+0530][5.459s][info][gc,phases   ] GC(132)   Post Evacuate Collection Set: 0.19ms
[2026-05-27T11:23:24.203+0530][5.459s][info][gc,phases   ] GC(132)   Other: 0.09ms
[2026-05-27T11:23:24.203+0530][5.459s][info][gc,heap     ] GC(132) Eden regions: 302->0(302)
[2026-05-27T11:23:24.203+0530][5.459s][info][gc,heap     ] GC(132) Survivor regions: 5->5(39)
[2026-05-27T11:23:24.203+0530][5.459s][info][gc,heap     ] GC(132) Old regions: 10->10
[2026-05-27T11:23:24.203+0530][5.459s][info][gc,heap     ] GC(132) Archive regions: 2->2
[2026-05-27T11:23:24.203+0530][5.459s][info][gc,heap     ] GC(132) Humongous regions: 0->0
[2026-05-27T11:23:24.203+0530][5.459s][info][gc,metaspace] GC(132) Metaspace: 1745K(2048K)->1745K(2048K) NonClass: 1568K(1728K)->1568K(1728K) Class: 177K(320K)->177K(320K)
[2026-05-27T11:23:24.203+0530][5.459s][info][gc          ] GC(132) Pause Young (Normal) (G1 Evacuation Pause) 316M->14M(512M) 0.702ms
[2026-05-27T11:23:24.203+0530][5.459s][info][gc,cpu      ] GC(132) User=0.00s Sys=0.00s Real=0.00s
[2026-05-27T11:23:24.243+0530][5.499s][info][gc,start    ] GC(133) Pause Young (Normal) (G1 Evacuation Pause)
[2026-05-27T11:23:24.243+0530][5.500s][info][gc,task     ] GC(133) Using 9 workers of 9 for evacuation
[2026-05-27T11:23:24.244+0530][5.500s][info][gc,phases   ] GC(133)   Pre Evacuate Collection Set: 0.10ms
[2026-05-27T11:23:24.244+0530][5.500s][info][gc,phases   ] GC(133)   Merge Heap Roots: 0.05ms
[2026-05-27T11:23:24.244+0530][5.500s][info][gc,phases   ] GC(133)   Evacuate Collection Set: 0.30ms
[2026-05-27T11:23:24.244+0530][5.500s][info][gc,phases   ] GC(133)   Post Evacuate Collection Set: 0.21ms
[2026-05-27T11:23:24.244+0530][5.500s][info][gc,phases   ] GC(133)   Other: 0.10ms
[2026-05-27T11:23:24.244+0530][5.500s][info][gc,heap     ] GC(133) Eden regions: 302->0(306)
[2026-05-27T11:23:24.244+0530][5.500s][info][gc,heap     ] GC(133) Survivor regions: 5->1(39)
[2026-05-27T11:23:24.244+0530][5.500s][info][gc,heap     ] GC(133) Old regions: 10->10
[2026-05-27T11:23:24.244+0530][5.500s][info][gc,heap     ] GC(133) Archive regions: 2->2
[2026-05-27T11:23:24.244+0530][5.500s][info][gc,heap     ] GC(133) Humongous regions: 0->0
[2026-05-27T11:23:24.244+0530][5.500s][info][gc,metaspace] GC(133) Metaspace: 1745K(2048K)->1745K(2048K) NonClass: 1568K(1728K)->1568K(1728K) Class: 177K(320K)->177K(320K)
[2026-05-27T11:23:24.244+0530][5.500s][info][gc          ] GC(133) Pause Young (Normal) (G1 Evacuation Pause) 316M->11M(512M) 0.819ms
[2026-05-27T11:23:24.244+0530][5.500s][info][gc,cpu      ] GC(133) User=0.00s Sys=0.00s Real=0.00s
[2026-05-27T11:23:24.282+0530][5.538s][info][gc,start    ] GC(134) Pause Young (Normal) (G1 Evacuation Pause)
[2026-05-27T11:23:24.282+0530][5.538s][info][gc,task     ] GC(134) Using 9 workers of 9 for evacuation
[2026-05-27T11:23:24.283+0530][5.539s][info][gc,phases   ] GC(134)   Pre Evacuate Collection Set: 0.12ms
[2026-05-27T11:23:24.283+0530][5.539s][info][gc,phases   ] GC(134)   Merge Heap Roots: 0.05ms
[2026-05-27T11:23:24.283+0530][5.539s][info][gc,phases   ] GC(134)   Evacuate Collection Set: 0.35ms
[2026-05-27T11:23:24.283+0530][5.539s][info][gc,phases   ] GC(134)   Post Evacuate Collection Set: 0.16ms
[2026-05-27T11:23:24.283+0530][5.539s][info][gc,phases   ] GC(134)   Other: 0.10ms
[2026-05-27T11:23:24.283+0530][5.539s][info][gc,heap     ] GC(134) Eden regions: 306->0(301)
[2026-05-27T11:23:24.283+0530][5.539s][info][gc,heap     ] GC(134) Survivor regions: 1->6(39)
[2026-05-27T11:23:24.283+0530][5.539s][info][gc,heap     ] GC(134) Old regions: 10->10
[2026-05-27T11:23:24.283+0530][5.539s][info][gc,heap     ] GC(134) Archive regions: 2->2
[2026-05-27T11:23:24.283+0530][5.539s][info][gc,heap     ] GC(134) Humongous regions: 0->0
[2026-05-27T11:23:24.283+0530][5.539s][info][gc,metaspace] GC(134) Metaspace: 1745K(2048K)->1745K(2048K) NonClass: 1568K(1728K)->1568K(1728K) Class: 177K(320K)->177K(320K)
[2026-05-27T11:23:24.283+0530][5.539s][info][gc          ] GC(134) Pause Young (Normal) (G1 Evacuation Pause) 316M->15M(512M) 0.861ms
[2026-05-27T11:23:24.283+0530][5.539s][info][gc,cpu      ] GC(134) User=0.01s Sys=0.00s Real=0.00s
[2026-05-27T11:23:24.322+0530][5.578s][info][gc,start    ] GC(135) Pause Young (Normal) (G1 Evacuation Pause)
[2026-05-27T11:23:24.322+0530][5.578s][info][gc,task     ] GC(135) Using 9 workers of 9 for evacuation
[2026-05-27T11:23:24.323+0530][5.579s][info][gc,phases   ] GC(135)   Pre Evacuate Collection Set: 0.08ms
[2026-05-27T11:23:24.323+0530][5.579s][info][gc,phases   ] GC(135)   Merge Heap Roots: 0.05ms
[2026-05-27T11:23:24.323+0530][5.579s][info][gc,phases   ] GC(135)   Evacuate Collection Set: 0.30ms
[2026-05-27T11:23:24.323+0530][5.579s][info][gc,phases   ] GC(135)   Post Evacuate Collection Set: 0.20ms
[2026-05-27T11:23:24.323+0530][5.579s][info][gc,phases   ] GC(135)   Other: 0.12ms
[2026-05-27T11:23:24.323+0530][5.579s][info][gc,heap     ] GC(135) Eden regions: 301->0(301)
[2026-05-27T11:23:24.323+0530][5.579s][info][gc,heap     ] GC(135) Survivor regions: 6->6(39)
[2026-05-27T11:23:24.323+0530][5.579s][info][gc,heap     ] GC(135) Old regions: 10->10
[2026-05-27T11:23:24.323+0530][5.579s][info][gc,heap     ] GC(135) Archive regions: 2->2
[2026-05-27T11:23:24.323+0530][5.579s][info][gc,heap     ] GC(135) Humongous regions: 0->0
[2026-05-27T11:23:24.323+0530][5.579s][info][gc,metaspace] GC(135) Metaspace: 1745K(2048K)->1745K(2048K) NonClass: 1568K(1728K)->1568K(1728K) Class: 177K(320K)->177K(320K)
[2026-05-27T11:23:24.323+0530][5.579s][info][gc          ] GC(135) Pause Young (Normal) (G1 Evacuation Pause) 316M->15M(512M) 0.809ms
[2026-05-27T11:23:24.323+0530][5.579s][info][gc,cpu      ] GC(135) User=0.00s Sys=0.00s Real=0.00s
[2026-05-27T11:23:24.362+0530][5.618s][info][gc,start    ] GC(136) Pause Young (Normal) (G1 Evacuation Pause)
[2026-05-27T11:23:24.362+0530][5.618s][info][gc,task     ] GC(136) Using 9 workers of 9 for evacuation
[2026-05-27T11:23:24.363+0530][5.619s][info][gc,phases   ] GC(136)   Pre Evacuate Collection Set: 0.07ms
[2026-05-27T11:23:24.363+0530][5.619s][info][gc,phases   ] GC(136)   Merge Heap Roots: 0.08ms
[2026-05-27T11:23:24.363+0530][5.619s][info][gc,phases   ] GC(136)   Evacuate Collection Set: 0.32ms
[2026-05-27T11:23:24.363+0530][5.619s][info][gc,phases   ] GC(136)   Post Evacuate Collection Set: 0.20ms
[2026-05-27T11:23:24.363+0530][5.619s][info][gc,phases   ] GC(136)   Other: 0.09ms
[2026-05-27T11:23:24.363+0530][5.619s][info][gc,heap     ] GC(136) Eden regions: 301->0(301)
[2026-05-27T11:23:24.363+0530][5.619s][info][gc,heap     ] GC(136) Survivor regions: 6->6(39)
[2026-05-27T11:23:24.363+0530][5.619s][info][gc,heap     ] GC(136) Old regions: 10->10
[2026-05-27T11:23:24.363+0530][5.619s][info][gc,heap     ] GC(136) Archive regions: 2->2
[2026-05-27T11:23:24.363+0530][5.619s][info][gc,heap     ] GC(136) Humongous regions: 0->0
[2026-05-27T11:23:24.363+0530][5.619s][info][gc,metaspace] GC(136) Metaspace: 1745K(2048K)->1745K(2048K) NonClass: 1568K(1728K)->1568K(1728K) Class: 177K(320K)->177K(320K)
[2026-05-27T11:23:24.363+0530][5.619s][info][gc          ] GC(136) Pause Young (Normal) (G1 Evacuation Pause) 316M->15M(512M) 0.855ms
[2026-05-27T11:23:24.363+0530][5.619s][info][gc,cpu      ] GC(136) User=0.01s Sys=0.00s Real=0.00s
[2026-05-27T11:23:24.403+0530][5.659s][info][gc,start    ] GC(137) Pause Young (Normal) (G1 Evacuation Pause)
[2026-05-27T11:23:24.403+0530][5.659s][info][gc,task     ] GC(137) Using 9 workers of 9 for evacuation
[2026-05-27T11:23:24.404+0530][5.660s][info][gc,phases   ] GC(137)   Pre Evacuate Collection Set: 0.08ms
[2026-05-27T11:23:24.404+0530][5.660s][info][gc,phases   ] GC(137)   Merge Heap Roots: 0.05ms
[2026-05-27T11:23:24.404+0530][5.660s][info][gc,phases   ] GC(137)   Evacuate Collection Set: 0.23ms
[2026-05-27T11:23:24.404+0530][5.660s][info][gc,phases   ] GC(137)   Post Evacuate Collection Set: 0.18ms
[2026-05-27T11:23:24.404+0530][5.660s][info][gc,phases   ] GC(137)   Other: 0.10ms
[2026-05-27T11:23:24.404+0530][5.660s][info][gc,heap     ] GC(137) Eden regions: 301->0(305)
[2026-05-27T11:23:24.404+0530][5.660s][info][gc,heap     ] GC(137) Survivor regions: 6->2(39)
[2026-05-27T11:23:24.404+0530][5.660s][info][gc,heap     ] GC(137) Old regions: 10->10
[2026-05-27T11:23:24.404+0530][5.660s][info][gc,heap     ] GC(137) Archive regions: 2->2
[2026-05-27T11:23:24.404+0530][5.660s][info][gc,heap     ] GC(137) Humongous regions: 0->0
[2026-05-27T11:23:24.404+0530][5.660s][info][gc,metaspace] GC(137) Metaspace: 1745K(2048K)->1745K(2048K) NonClass: 1568K(1728K)->1568K(1728K) Class: 177K(320K)->177K(320K)
[2026-05-27T11:23:24.404+0530][5.660s][info][gc          ] GC(137) Pause Young (Normal) (G1 Evacuation Pause) 316M->11M(512M) 0.698ms
[2026-05-27T11:23:24.404+0530][5.660s][info][gc,cpu      ] GC(137) User=0.00s Sys=0.00s Real=0.00s
[2026-05-27T11:23:24.445+0530][5.701s][info][gc,start    ] GC(138) Pause Young (Normal) (G1 Evacuation Pause)
[2026-05-27T11:23:24.445+0530][5.701s][info][gc,task     ] GC(138) Using 9 workers of 9 for evacuation
[2026-05-27T11:23:24.445+0530][5.702s][info][gc,phases   ] GC(138)   Pre Evacuate Collection Set: 0.07ms
[2026-05-27T11:23:24.445+0530][5.702s][info][gc,phases   ] GC(138)   Merge Heap Roots: 0.05ms
[2026-05-27T11:23:24.445+0530][5.702s][info][gc,phases   ] GC(138)   Evacuate Collection Set: 0.28ms
[2026-05-27T11:23:24.445+0530][5.702s][info][gc,phases   ] GC(138)   Post Evacuate Collection Set: 0.16ms
[2026-05-27T11:23:24.445+0530][5.702s][info][gc,phases   ] GC(138)   Other: 0.11ms
[2026-05-27T11:23:24.445+0530][5.702s][info][gc,heap     ] GC(138) Eden regions: 305->0(303)
[2026-05-27T11:23:24.445+0530][5.702s][info][gc,heap     ] GC(138) Survivor regions: 2->4(39)
[2026-05-27T11:23:24.445+0530][5.702s][info][gc,heap     ] GC(138) Old regions: 10->10
[2026-05-27T11:23:24.445+0530][5.702s][info][gc,heap     ] GC(138) Archive regions: 2->2
[2026-05-27T11:23:24.445+0530][5.702s][info][gc,heap     ] GC(138) Humongous regions: 9->0
[2026-05-27T11:23:24.445+0530][5.702s][info][gc,metaspace] GC(138) Metaspace: 1745K(2048K)->1745K(2048K) NonClass: 1568K(1728K)->1568K(1728K) Class: 177K(320K)->177K(320K)
[2026-05-27T11:23:24.445+0530][5.702s][info][gc          ] GC(138) Pause Young (Normal) (G1 Evacuation Pause) 324M->14M(512M) 0.780ms
[2026-05-27T11:23:24.445+0530][5.702s][info][gc,cpu      ] GC(138) User=0.00s Sys=0.00s Real=0.00s
[2026-05-27T11:23:24.485+0530][5.741s][info][gc,start    ] GC(139) Pause Young (Normal) (G1 Evacuation Pause)
[2026-05-27T11:23:24.485+0530][5.741s][info][gc,task     ] GC(139) Using 9 workers of 9 for evacuation
[2026-05-27T11:23:24.486+0530][5.742s][info][gc,phases   ] GC(139)   Pre Evacuate Collection Set: 0.08ms
[2026-05-27T11:23:24.486+0530][5.742s][info][gc,phases   ] GC(139)   Merge Heap Roots: 0.04ms
[2026-05-27T11:23:24.486+0530][5.742s][info][gc,phases   ] GC(139)   Evacuate Collection Set: 0.31ms
[2026-05-27T11:23:24.486+0530][5.742s][info][gc,phases   ] GC(139)   Post Evacuate Collection Set: 0.17ms
[2026-05-27T11:23:24.486+0530][5.742s][info][gc,phases   ] GC(139)   Other: 0.10ms
[2026-05-27T11:23:24.486+0530][5.742s][info][gc,heap     ] GC(139) Eden regions: 303->0(301)
[2026-05-27T11:23:24.486+0530][5.742s][info][gc,heap     ] GC(139) Survivor regions: 4->6(39)
[2026-05-27T11:23:24.486+0530][5.742s][info][gc,heap     ] GC(139) Old regions: 10->10
[2026-05-27T11:23:24.486+0530][5.742s][info][gc,heap     ] GC(139) Archive regions: 2->2
[2026-05-27T11:23:24.486+0530][5.742s][info][gc,heap     ] GC(139) Humongous regions: 0->0
[2026-05-27T11:23:24.486+0530][5.742s][info][gc,metaspace] GC(139) Metaspace: 1745K(2048K)->1745K(2048K) NonClass: 1568K(1728K)->1568K(1728K) Class: 177K(320K)->177K(320K)
[2026-05-27T11:23:24.486+0530][5.742s][info][gc          ] GC(139) Pause Young (Normal) (G1 Evacuation Pause) 317M->15M(512M) 0.764ms
[2026-05-27T11:23:24.486+0530][5.742s][info][gc,cpu      ] GC(139) User=0.00s Sys=0.00s Real=0.00s
[2026-05-27T11:23:24.525+0530][5.781s][info][gc,start    ] GC(140) Pause Young (Normal) (G1 Evacuation Pause)
[2026-05-27T11:23:24.525+0530][5.781s][info][gc,task     ] GC(140) Using 9 workers of 9 for evacuation
[2026-05-27T11:23:24.526+0530][5.782s][info][gc,phases   ] GC(140)   Pre Evacuate Collection Set: 0.10ms
[2026-05-27T11:23:24.526+0530][5.782s][info][gc,phases   ] GC(140)   Merge Heap Roots: 0.04ms
[2026-05-27T11:23:24.526+0530][5.782s][info][gc,phases   ] GC(140)   Evacuate Collection Set: 0.28ms
[2026-05-27T11:23:24.526+0530][5.782s][info][gc,phases   ] GC(140)   Post Evacuate Collection Set: 0.18ms
[2026-05-27T11:23:24.526+0530][5.782s][info][gc,phases   ] GC(140)   Other: 0.12ms
[2026-05-27T11:23:24.526+0530][5.782s][info][gc,heap     ] GC(140) Eden regions: 301->0(301)
[2026-05-27T11:23:24.526+0530][5.782s][info][gc,heap     ] GC(140) Survivor regions: 6->6(39)
[2026-05-27T11:23:24.526+0530][5.782s][info][gc,heap     ] GC(140) Old regions: 10->10
[2026-05-27T11:23:24.526+0530][5.782s][info][gc,heap     ] GC(140) Archive regions: 2->2
[2026-05-27T11:23:24.526+0530][5.782s][info][gc,heap     ] GC(140) Humongous regions: 0->0
[2026-05-27T11:23:24.526+0530][5.782s][info][gc,metaspace] GC(140) Metaspace: 1745K(2048K)->1745K(2048K) NonClass: 1568K(1728K)->1568K(1728K) Class: 177K(320K)->177K(320K)
[2026-05-27T11:23:24.526+0530][5.782s][info][gc          ] GC(140) Pause Young (Normal) (G1 Evacuation Pause) 316M->15M(512M) 0.809ms
[2026-05-27T11:23:24.526+0530][5.782s][info][gc,cpu      ] GC(140) User=0.00s Sys=0.00s Real=0.00s
[2026-05-27T11:23:24.564+0530][5.820s][info][gc,start    ] GC(141) Pause Young (Normal) (G1 Evacuation Pause)
[2026-05-27T11:23:24.564+0530][5.820s][info][gc,task     ] GC(141) Using 9 workers of 9 for evacuation
[2026-05-27T11:23:24.565+0530][5.821s][info][gc,phases   ] GC(141)   Pre Evacuate Collection Set: 0.10ms
[2026-05-27T11:23:24.565+0530][5.821s][info][gc,phases   ] GC(141)   Merge Heap Roots: 0.04ms
[2026-05-27T11:23:24.565+0530][5.821s][info][gc,phases   ] GC(141)   Evacuate Collection Set: 0.23ms
[2026-05-27T11:23:24.565+0530][5.821s][info][gc,phases   ] GC(141)   Post Evacuate Collection Set: 0.16ms
[2026-05-27T11:23:24.565+0530][5.821s][info][gc,phases   ] GC(141)   Other: 0.10ms
[2026-05-27T11:23:24.565+0530][5.821s][info][gc,heap     ] GC(141) Eden regions: 301->0(301)
[2026-05-27T11:23:24.565+0530][5.821s][info][gc,heap     ] GC(141) Survivor regions: 6->6(39)
[2026-05-27T11:23:24.565+0530][5.821s][info][gc,heap     ] GC(141) Old regions: 10->10
[2026-05-27T11:23:24.565+0530][5.821s][info][gc,heap     ] GC(141) Archive regions: 2->2
[2026-05-27T11:23:24.565+0530][5.821s][info][gc,heap     ] GC(141) Humongous regions: 0->0
[2026-05-27T11:23:24.565+0530][5.821s][info][gc,metaspace] GC(141) Metaspace: 1745K(2048K)->1745K(2048K) NonClass: 1568K(1728K)->1568K(1728K) Class: 177K(320K)->177K(320K)
[2026-05-27T11:23:24.565+0530][5.821s][info][gc          ] GC(141) Pause Young (Normal) (G1 Evacuation Pause) 316M->15M(512M) 0.692ms
[2026-05-27T11:23:24.565+0530][5.821s][info][gc,cpu      ] GC(141) User=0.00s Sys=0.00s Real=0.00s
[2026-05-27T11:23:24.603+0530][5.860s][info][gc,start    ] GC(142) Pause Young (Normal) (G1 Evacuation Pause)
[2026-05-27T11:23:24.603+0530][5.860s][info][gc,task     ] GC(142) Using 9 workers of 9 for evacuation
[2026-05-27T11:23:24.604+0530][5.860s][info][gc,phases   ] GC(142)   Pre Evacuate Collection Set: 0.10ms
[2026-05-27T11:23:24.604+0530][5.860s][info][gc,phases   ] GC(142)   Merge Heap Roots: 0.05ms
[2026-05-27T11:23:24.604+0530][5.860s][info][gc,phases   ] GC(142)   Evacuate Collection Set: 0.28ms
[2026-05-27T11:23:24.604+0530][5.860s][info][gc,phases   ] GC(142)   Post Evacuate Collection Set: 0.16ms
[2026-05-27T11:23:24.604+0530][5.860s][info][gc,phases   ] GC(142)   Other: 0.10ms
[2026-05-27T11:23:24.604+0530][5.860s][info][gc,heap     ] GC(142) Eden regions: 301->0(302)
[2026-05-27T11:23:24.604+0530][5.860s][info][gc,heap     ] GC(142) Survivor regions: 6->5(39)
[2026-05-27T11:23:24.604+0530][5.860s][info][gc,heap     ] GC(142) Old regions: 10->10
[2026-05-27T11:23:24.604+0530][5.860s][info][gc,heap     ] GC(142) Archive regions: 2->2
[2026-05-27T11:23:24.604+0530][5.860s][info][gc,heap     ] GC(142) Humongous regions: 0->0
[2026-05-27T11:23:24.604+0530][5.860s][info][gc,metaspace] GC(142) Metaspace: 1745K(2048K)->1745K(2048K) NonClass: 1568K(1728K)->1568K(1728K) Class: 177K(320K)->177K(320K)
[2026-05-27T11:23:24.604+0530][5.860s][info][gc          ] GC(142) Pause Young (Normal) (G1 Evacuation Pause) 316M->14M(512M) 0.756ms
[2026-05-27T11:23:24.604+0530][5.860s][info][gc,cpu      ] GC(142) User=0.01s Sys=0.00s Real=0.00s
[2026-05-27T11:23:24.644+0530][5.900s][info][gc,start    ] GC(143) Pause Young (Normal) (G1 Evacuation Pause)
[2026-05-27T11:23:24.644+0530][5.900s][info][gc,task     ] GC(143) Using 9 workers of 9 for evacuation
[2026-05-27T11:23:24.644+0530][5.901s][info][gc,phases   ] GC(143)   Pre Evacuate Collection Set: 0.08ms
[2026-05-27T11:23:24.644+0530][5.901s][info][gc,phases   ] GC(143)   Merge Heap Roots: 0.05ms
[2026-05-27T11:23:24.644+0530][5.901s][info][gc,phases   ] GC(143)   Evacuate Collection Set: 0.26ms
[2026-05-27T11:23:24.644+0530][5.901s][info][gc,phases   ] GC(143)   Post Evacuate Collection Set: 0.22ms
[2026-05-27T11:23:24.644+0530][5.901s][info][gc,phases   ] GC(143)   Other: 0.09ms
[2026-05-27T11:23:24.644+0530][5.901s][info][gc,heap     ] GC(143) Eden regions: 302->0(301)
[2026-05-27T11:23:24.644+0530][5.901s][info][gc,heap     ] GC(143) Survivor regions: 5->6(39)
[2026-05-27T11:23:24.645+0530][5.901s][info][gc,heap     ] GC(143) Old regions: 10->10
[2026-05-27T11:23:24.645+0530][5.901s][info][gc,heap     ] GC(143) Archive regions: 2->2
[2026-05-27T11:23:24.645+0530][5.901s][info][gc,heap     ] GC(143) Humongous regions: 0->0
[2026-05-27T11:23:24.645+0530][5.901s][info][gc,metaspace] GC(143) Metaspace: 1745K(2048K)->1745K(2048K) NonClass: 1568K(1728K)->1568K(1728K) Class: 177K(320K)->177K(320K)
[2026-05-27T11:23:24.645+0530][5.901s][info][gc          ] GC(143) Pause Young (Normal) (G1 Evacuation Pause) 316M->15M(512M) 0.750ms
[2026-05-27T11:23:24.645+0530][5.901s][info][gc,cpu      ] GC(143) User=0.00s Sys=0.00s Real=0.00s
[2026-05-27T11:23:24.685+0530][5.941s][info][gc,start    ] GC(144) Pause Young (Normal) (G1 Evacuation Pause)
[2026-05-27T11:23:24.685+0530][5.941s][info][gc,task     ] GC(144) Using 9 workers of 9 for evacuation
[2026-05-27T11:23:24.685+0530][5.942s][info][gc,phases   ] GC(144)   Pre Evacuate Collection Set: 0.07ms
[2026-05-27T11:23:24.685+0530][5.942s][info][gc,phases   ] GC(144)   Merge Heap Roots: 0.05ms
[2026-05-27T11:23:24.685+0530][5.942s][info][gc,phases   ] GC(144)   Evacuate Collection Set: 0.33ms
[2026-05-27T11:23:24.685+0530][5.942s][info][gc,phases   ] GC(144)   Post Evacuate Collection Set: 0.16ms
[2026-05-27T11:23:24.685+0530][5.942s][info][gc,phases   ] GC(144)   Other: 0.10ms
[2026-05-27T11:23:24.685+0530][5.942s][info][gc,heap     ] GC(144) Eden regions: 301->0(301)
[2026-05-27T11:23:24.685+0530][5.942s][info][gc,heap     ] GC(144) Survivor regions: 6->6(39)
[2026-05-27T11:23:24.685+0530][5.942s][info][gc,heap     ] GC(144) Old regions: 10->10
[2026-05-27T11:23:24.685+0530][5.942s][info][gc,heap     ] GC(144) Archive regions: 2->2
[2026-05-27T11:23:24.685+0530][5.942s][info][gc,heap     ] GC(144) Humongous regions: 9->0
[2026-05-27T11:23:24.685+0530][5.942s][info][gc,metaspace] GC(144) Metaspace: 1745K(2048K)->1745K(2048K) NonClass: 1568K(1728K)->1568K(1728K) Class: 177K(320K)->177K(320K)
[2026-05-27T11:23:24.685+0530][5.942s][info][gc          ] GC(144) Pause Young (Normal) (G1 Evacuation Pause) 325M->15M(512M) 0.785ms
[2026-05-27T11:23:24.685+0530][5.942s][info][gc,cpu      ] GC(144) User=0.00s Sys=0.00s Real=0.00s
[2026-05-27T11:23:24.722+0530][5.978s][info][gc,start    ] GC(145) Pause Young (Normal) (G1 Evacuation Pause)
[2026-05-27T11:23:24.722+0530][5.978s][info][gc,task     ] GC(145) Using 9 workers of 9 for evacuation
[2026-05-27T11:23:24.723+0530][5.979s][info][gc,phases   ] GC(145)   Pre Evacuate Collection Set: 0.11ms
[2026-05-27T11:23:24.723+0530][5.979s][info][gc,phases   ] GC(145)   Merge Heap Roots: 0.07ms
[2026-05-27T11:23:24.723+0530][5.979s][info][gc,phases   ] GC(145)   Evacuate Collection Set: 0.23ms
[2026-05-27T11:23:24.723+0530][5.979s][info][gc,phases   ] GC(145)   Post Evacuate Collection Set: 0.22ms
[2026-05-27T11:23:24.723+0530][5.979s][info][gc,phases   ] GC(145)   Other: 0.11ms
[2026-05-27T11:23:24.723+0530][5.979s][info][gc,heap     ] GC(145) Eden regions: 301->0(301)
[2026-05-27T11:23:24.723+0530][5.979s][info][gc,heap     ] GC(145) Survivor regions: 6->6(39)
[2026-05-27T11:23:24.723+0530][5.979s][info][gc,heap     ] GC(145) Old regions: 10->10
[2026-05-27T11:23:24.723+0530][5.979s][info][gc,heap     ] GC(145) Archive regions: 2->2
[2026-05-27T11:23:24.723+0530][5.979s][info][gc,heap     ] GC(145) Humongous regions: 0->0
[2026-05-27T11:23:24.723+0530][5.979s][info][gc,metaspace] GC(145) Metaspace: 1745K(2048K)->1745K(2048K) NonClass: 1568K(1728K)->1568K(1728K) Class: 177K(320K)->177K(320K)
[2026-05-27T11:23:24.723+0530][5.979s][info][gc          ] GC(145) Pause Young (Normal) (G1 Evacuation Pause) 316M->15M(512M) 0.799ms
[2026-05-27T11:23:24.723+0530][5.979s][info][gc,cpu      ] GC(145) User=0.00s Sys=0.01s Real=0.00s
[2026-05-27T11:23:24.762+0530][6.018s][info][gc,start    ] GC(146) Pause Young (Normal) (G1 Evacuation Pause)
[2026-05-27T11:23:24.762+0530][6.018s][info][gc,task     ] GC(146) Using 9 workers of 9 for evacuation
[2026-05-27T11:23:24.763+0530][6.019s][info][gc,phases   ] GC(146)   Pre Evacuate Collection Set: 0.07ms
[2026-05-27T11:23:24.763+0530][6.019s][info][gc,phases   ] GC(146)   Merge Heap Roots: 0.08ms
[2026-05-27T11:23:24.763+0530][6.019s][info][gc,phases   ] GC(146)   Evacuate Collection Set: 0.25ms
[2026-05-27T11:23:24.763+0530][6.019s][info][gc,phases   ] GC(146)   Post Evacuate Collection Set: 0.18ms
[2026-05-27T11:23:24.763+0530][6.019s][info][gc,phases   ] GC(146)   Other: 0.09ms
[2026-05-27T11:23:24.763+0530][6.019s][info][gc,heap     ] GC(146) Eden regions: 301->0(301)
[2026-05-27T11:23:24.763+0530][6.019s][info][gc,heap     ] GC(146) Survivor regions: 6->6(39)
[2026-05-27T11:23:24.763+0530][6.019s][info][gc,heap     ] GC(146) Old regions: 10->10
[2026-05-27T11:23:24.763+0530][6.019s][info][gc,heap     ] GC(146) Archive regions: 2->2
[2026-05-27T11:23:24.763+0530][6.019s][info][gc,heap     ] GC(146) Humongous regions: 0->0
[2026-05-27T11:23:24.763+0530][6.019s][info][gc,metaspace] GC(146) Metaspace: 1745K(2048K)->1745K(2048K) NonClass: 1568K(1728K)->1568K(1728K) Class: 177K(320K)->177K(320K)
[2026-05-27T11:23:24.763+0530][6.019s][info][gc          ] GC(146) Pause Young (Normal) (G1 Evacuation Pause) 316M->15M(512M) 0.747ms
[2026-05-27T11:23:24.763+0530][6.019s][info][gc,cpu      ] GC(146) User=0.00s Sys=0.00s Real=0.00s
[2026-05-27T11:23:24.802+0530][6.058s][info][gc,start    ] GC(147) Pause Young (Normal) (G1 Evacuation Pause)
[2026-05-27T11:23:24.802+0530][6.058s][info][gc,task     ] GC(147) Using 9 workers of 9 for evacuation
[2026-05-27T11:23:24.803+0530][6.059s][info][gc,phases   ] GC(147)   Pre Evacuate Collection Set: 0.14ms
[2026-05-27T11:23:24.803+0530][6.059s][info][gc,phases   ] GC(147)   Merge Heap Roots: 0.03ms
[2026-05-27T11:23:24.803+0530][6.059s][info][gc,phases   ] GC(147)   Evacuate Collection Set: 0.20ms
[2026-05-27T11:23:24.803+0530][6.059s][info][gc,phases   ] GC(147)   Post Evacuate Collection Set: 0.17ms
[2026-05-27T11:23:24.803+0530][6.059s][info][gc,phases   ] GC(147)   Other: 0.10ms
[2026-05-27T11:23:24.803+0530][6.059s][info][gc,heap     ] GC(147) Eden regions: 301->0(306)
[2026-05-27T11:23:24.803+0530][6.059s][info][gc,heap     ] GC(147) Survivor regions: 6->1(39)
[2026-05-27T11:23:24.803+0530][6.059s][info][gc,heap     ] GC(147) Old regions: 10->10
[2026-05-27T11:23:24.803+0530][6.059s][info][gc,heap     ] GC(147) Archive regions: 2->2
[2026-05-27T11:23:24.803+0530][6.059s][info][gc,heap     ] GC(147) Humongous regions: 0->0
[2026-05-27T11:23:24.803+0530][6.059s][info][gc,metaspace] GC(147) Metaspace: 1745K(2048K)->1745K(2048K) NonClass: 1568K(1728K)->1568K(1728K) Class: 177K(320K)->177K(320K)
[2026-05-27T11:23:24.803+0530][6.059s][info][gc          ] GC(147) Pause Young (Normal) (G1 Evacuation Pause) 316M->10M(512M) 0.702ms
[2026-05-27T11:23:24.803+0530][6.059s][info][gc,cpu      ] GC(147) User=0.00s Sys=0.00s Real=0.00s
[2026-05-27T11:23:24.842+0530][6.098s][info][gc,start    ] GC(148) Pause Young (Normal) (G1 Evacuation Pause)
[2026-05-27T11:23:24.842+0530][6.098s][info][gc,task     ] GC(148) Using 9 workers of 9 for evacuation
[2026-05-27T11:23:24.843+0530][6.099s][info][gc,phases   ] GC(148)   Pre Evacuate Collection Set: 0.07ms
[2026-05-27T11:23:24.843+0530][6.099s][info][gc,phases   ] GC(148)   Merge Heap Roots: 0.05ms
[2026-05-27T11:23:24.843+0530][6.099s][info][gc,phases   ] GC(148)   Evacuate Collection Set: 0.23ms
[2026-05-27T11:23:24.843+0530][6.099s][info][gc,phases   ] GC(148)   Post Evacuate Collection Set: 0.19ms
[2026-05-27T11:23:24.843+0530][6.099s][info][gc,phases   ] GC(148)   Other: 0.10ms
[2026-05-27T11:23:24.843+0530][6.099s][info][gc,heap     ] GC(148) Eden regions: 306->0(303)
[2026-05-27T11:23:24.843+0530][6.099s][info][gc,heap     ] GC(148) Survivor regions: 1->4(39)
[2026-05-27T11:23:24.843+0530][6.099s][info][gc,heap     ] GC(148) Old regions: 10->10
[2026-05-27T11:23:24.843+0530][6.099s][info][gc,heap     ] GC(148) Archive regions: 2->2
[2026-05-27T11:23:24.843+0530][6.099s][info][gc,heap     ] GC(148) Humongous regions: 0->0
[2026-05-27T11:23:24.843+0530][6.099s][info][gc,metaspace] GC(148) Metaspace: 1745K(2048K)->1745K(2048K) NonClass: 1568K(1728K)->1568K(1728K) Class: 177K(320K)->177K(320K)
[2026-05-27T11:23:24.843+0530][6.099s][info][gc          ] GC(148) Pause Young (Normal) (G1 Evacuation Pause) 316M->13M(512M) 0.701ms
[2026-05-27T11:23:24.843+0530][6.099s][info][gc,cpu      ] GC(148) User=0.00s Sys=0.01s Real=0.00s
[2026-05-27T11:23:24.881+0530][6.138s][info][gc,start    ] GC(149) Pause Young (Normal) (G1 Evacuation Pause)
[2026-05-27T11:23:24.882+0530][6.138s][info][gc,task     ] GC(149) Using 9 workers of 9 for evacuation
[2026-05-27T11:23:24.882+0530][6.138s][info][gc,phases   ] GC(149)   Pre Evacuate Collection Set: 0.10ms
[2026-05-27T11:23:24.882+0530][6.138s][info][gc,phases   ] GC(149)   Merge Heap Roots: 0.04ms
[2026-05-27T11:23:24.882+0530][6.138s][info][gc,phases   ] GC(149)   Evacuate Collection Set: 0.26ms
[2026-05-27T11:23:24.882+0530][6.138s][info][gc,phases   ] GC(149)   Post Evacuate Collection Set: 0.17ms
[2026-05-27T11:23:24.882+0530][6.138s][info][gc,phases   ] GC(149)   Other: 0.09ms
[2026-05-27T11:23:24.882+0530][6.138s][info][gc,heap     ] GC(149) Eden regions: 303->0(301)
[2026-05-27T11:23:24.882+0530][6.138s][info][gc,heap     ] GC(149) Survivor regions: 4->6(39)
[2026-05-27T11:23:24.882+0530][6.138s][info][gc,heap     ] GC(149) Old regions: 10->10
[2026-05-27T11:23:24.882+0530][6.138s][info][gc,heap     ] GC(149) Archive regions: 2->2
[2026-05-27T11:23:24.882+0530][6.138s][info][gc,heap     ] GC(149) Humongous regions: 0->0
[2026-05-27T11:23:24.882+0530][6.138s][info][gc,metaspace] GC(149) Metaspace: 1745K(2048K)->1745K(2048K) NonClass: 1568K(1728K)->1568K(1728K) Class: 177K(320K)->177K(320K)
[2026-05-27T11:23:24.882+0530][6.138s][info][gc          ] GC(149) Pause Young (Normal) (G1 Evacuation Pause) 316M->16M(512M) 0.715ms
[2026-05-27T11:23:24.882+0530][6.138s][info][gc,cpu      ] GC(149) User=0.01s Sys=0.00s Real=0.00s
[2026-05-27T11:23:24.922+0530][6.178s][info][gc,start    ] GC(150) Pause Young (Normal) (G1 Evacuation Pause)
[2026-05-27T11:23:24.922+0530][6.178s][info][gc,task     ] GC(150) Using 9 workers of 9 for evacuation
[2026-05-27T11:23:24.923+0530][6.179s][info][gc,phases   ] GC(150)   Pre Evacuate Collection Set: 0.14ms
[2026-05-27T11:23:24.923+0530][6.179s][info][gc,phases   ] GC(150)   Merge Heap Roots: 0.07ms
[2026-05-27T11:23:24.923+0530][6.179s][info][gc,phases   ] GC(150)   Evacuate Collection Set: 0.30ms
[2026-05-27T11:23:24.923+0530][6.179s][info][gc,phases   ] GC(150)   Post Evacuate Collection Set: 0.19ms
[2026-05-27T11:23:24.923+0530][6.179s][info][gc,phases   ] GC(150)   Other: 0.11ms
[2026-05-27T11:23:24.923+0530][6.179s][info][gc,heap     ] GC(150) Eden regions: 301->0(302)
[2026-05-27T11:23:24.923+0530][6.179s][info][gc,heap     ] GC(150) Survivor regions: 6->5(39)
[2026-05-27T11:23:24.923+0530][6.179s][info][gc,heap     ] GC(150) Old regions: 10->10
[2026-05-27T11:23:24.923+0530][6.179s][info][gc,heap     ] GC(150) Archive regions: 2->2
[2026-05-27T11:23:24.923+0530][6.179s][info][gc,heap     ] GC(150) Humongous regions: 0->0
[2026-05-27T11:23:24.923+0530][6.179s][info][gc,metaspace] GC(150) Metaspace: 1745K(2048K)->1745K(2048K) NonClass: 1568K(1728K)->1568K(1728K) Class: 177K(320K)->177K(320K)
[2026-05-27T11:23:24.923+0530][6.179s][info][gc          ] GC(150) Pause Young (Normal) (G1 Evacuation Pause) 316M->15M(512M) 0.872ms
[2026-05-27T11:23:24.923+0530][6.179s][info][gc,cpu      ] GC(150) User=0.00s Sys=0.00s Real=0.00s
[2026-05-27T11:23:24.962+0530][6.218s][info][gc,start    ] GC(151) Pause Young (Normal) (G1 Evacuation Pause)
[2026-05-27T11:23:24.962+0530][6.218s][info][gc,task     ] GC(151) Using 9 workers of 9 for evacuation
[2026-05-27T11:23:24.962+0530][6.219s][info][gc,phases   ] GC(151)   Pre Evacuate Collection Set: 0.09ms
[2026-05-27T11:23:24.962+0530][6.219s][info][gc,phases   ] GC(151)   Merge Heap Roots: 0.12ms
[2026-05-27T11:23:24.962+0530][6.219s][info][gc,phases   ] GC(151)   Evacuate Collection Set: 0.28ms
[2026-05-27T11:23:24.962+0530][6.219s][info][gc,phases   ] GC(151)   Post Evacuate Collection Set: 0.22ms
[2026-05-27T11:23:24.962+0530][6.219s][info][gc,phases   ] GC(151)   Other: 0.10ms
[2026-05-27T11:23:24.962+0530][6.219s][info][gc,heap     ] GC(151) Eden regions: 302->0(306)
[2026-05-27T11:23:24.962+0530][6.219s][info][gc,heap     ] GC(151) Survivor regions: 5->1(39)
[2026-05-27T11:23:24.962+0530][6.219s][info][gc,heap     ] GC(151) Old regions: 10->10
[2026-05-27T11:23:24.963+0530][6.219s][info][gc,heap     ] GC(151) Archive regions: 2->2
[2026-05-27T11:23:24.963+0530][6.219s][info][gc,heap     ] GC(151) Humongous regions: 0->0
[2026-05-27T11:23:24.963+0530][6.219s][info][gc,metaspace] GC(151) Metaspace: 1745K(2048K)->1745K(2048K) NonClass: 1568K(1728K)->1568K(1728K) Class: 177K(320K)->177K(320K)
[2026-05-27T11:23:24.963+0530][6.219s][info][gc          ] GC(151) Pause Young (Normal) (G1 Evacuation Pause) 317M->10M(512M) 0.893ms
[2026-05-27T11:23:24.963+0530][6.219s][info][gc,cpu      ] GC(151) User=0.00s Sys=0.00s Real=0.00s
[2026-05-27T11:23:25.000+0530][6.256s][info][gc,start    ] GC(152) Pause Young (Normal) (G1 Evacuation Pause)
[2026-05-27T11:23:25.000+0530][6.256s][info][gc,task     ] GC(152) Using 9 workers of 9 for evacuation
[2026-05-27T11:23:25.000+0530][6.257s][info][gc,phases   ] GC(152)   Pre Evacuate Collection Set: 0.10ms
[2026-05-27T11:23:25.000+0530][6.257s][info][gc,phases   ] GC(152)   Merge Heap Roots: 0.08ms
[2026-05-27T11:23:25.000+0530][6.257s][info][gc,phases   ] GC(152)   Evacuate Collection Set: 0.23ms
[2026-05-27T11:23:25.000+0530][6.257s][info][gc,phases   ] GC(152)   Post Evacuate Collection Set: 0.20ms
[2026-05-27T11:23:25.000+0530][6.257s][info][gc,phases   ] GC(152)   Other: 0.09ms
[2026-05-27T11:23:25.000+0530][6.257s][info][gc,heap     ] GC(152) Eden regions: 306->0(303)
[2026-05-27T11:23:25.000+0530][6.257s][info][gc,heap     ] GC(152) Survivor regions: 1->4(39)
[2026-05-27T11:23:25.000+0530][6.257s][info][gc,heap     ] GC(152) Old regions: 10->10
[2026-05-27T11:23:25.000+0530][6.257s][info][gc,heap     ] GC(152) Archive regions: 2->2
[2026-05-27T11:23:25.000+0530][6.257s][info][gc,heap     ] GC(152) Humongous regions: 0->0
[2026-05-27T11:23:25.000+0530][6.257s][info][gc,metaspace] GC(152) Metaspace: 1745K(2048K)->1745K(2048K) NonClass: 1568K(1728K)->1568K(1728K) Class: 177K(320K)->177K(320K)
[2026-05-27T11:23:25.000+0530][6.257s][info][gc          ] GC(152) Pause Young (Normal) (G1 Evacuation Pause) 316M->13M(512M) 0.766ms
[2026-05-27T11:23:25.000+0530][6.257s][info][gc,cpu      ] GC(152) User=0.00s Sys=0.00s Real=0.00s
[2026-05-27T11:23:25.040+0530][6.296s][info][gc,start    ] GC(153) Pause Young (Normal) (G1 Evacuation Pause)
[2026-05-27T11:23:25.040+0530][6.296s][info][gc,task     ] GC(153) Using 9 workers of 9 for evacuation
[2026-05-27T11:23:25.041+0530][6.297s][info][gc,phases   ] GC(153)   Pre Evacuate Collection Set: 0.06ms
[2026-05-27T11:23:25.041+0530][6.297s][info][gc,phases   ] GC(153)   Merge Heap Roots: 0.09ms
[2026-05-27T11:23:25.041+0530][6.297s][info][gc,phases   ] GC(153)   Evacuate Collection Set: 0.24ms
[2026-05-27T11:23:25.041+0530][6.297s][info][gc,phases   ] GC(153)   Post Evacuate Collection Set: 0.20ms
[2026-05-27T11:23:25.041+0530][6.297s][info][gc,phases   ] GC(153)   Other: 0.07ms
[2026-05-27T11:23:25.041+0530][6.297s][info][gc,heap     ] GC(153) Eden regions: 303->0(302)
[2026-05-27T11:23:25.041+0530][6.297s][info][gc,heap     ] GC(153) Survivor regions: 4->5(39)
[2026-05-27T11:23:25.041+0530][6.297s][info][gc,heap     ] GC(153) Old regions: 10->10
[2026-05-27T11:23:25.041+0530][6.297s][info][gc,heap     ] GC(153) Archive regions: 2->2
[2026-05-27T11:23:25.041+0530][6.297s][info][gc,heap     ] GC(153) Humongous regions: 0->0
[2026-05-27T11:23:25.041+0530][6.297s][info][gc,metaspace] GC(153) Metaspace: 1745K(2048K)->1745K(2048K) NonClass: 1568K(1728K)->1568K(1728K) Class: 177K(320K)->177K(320K)
[2026-05-27T11:23:25.041+0530][6.297s][info][gc          ] GC(153) Pause Young (Normal) (G1 Evacuation Pause) 316M->14M(512M) 0.769ms
[2026-05-27T11:23:25.041+0530][6.297s][info][gc,cpu      ] GC(153) User=0.00s Sys=0.00s Real=0.00s
[2026-05-27T11:23:25.080+0530][6.336s][info][gc,start    ] GC(154) Pause Young (Normal) (G1 Evacuation Pause)
[2026-05-27T11:23:25.080+0530][6.336s][info][gc,task     ] GC(154) Using 9 workers of 9 for evacuation
[2026-05-27T11:23:25.081+0530][6.337s][info][gc,phases   ] GC(154)   Pre Evacuate Collection Set: 0.11ms
[2026-05-27T11:23:25.081+0530][6.337s][info][gc,phases   ] GC(154)   Merge Heap Roots: 0.03ms
[2026-05-27T11:23:25.081+0530][6.337s][info][gc,phases   ] GC(154)   Evacuate Collection Set: 0.26ms
[2026-05-27T11:23:25.081+0530][6.337s][info][gc,phases   ] GC(154)   Post Evacuate Collection Set: 0.25ms
[2026-05-27T11:23:25.081+0530][6.337s][info][gc,phases   ] GC(154)   Other: 0.12ms
[2026-05-27T11:23:25.081+0530][6.337s][info][gc,heap     ] GC(154) Eden regions: 302->0(301)
[2026-05-27T11:23:25.081+0530][6.337s][info][gc,heap     ] GC(154) Survivor regions: 5->6(39)
[2026-05-27T11:23:25.081+0530][6.337s][info][gc,heap     ] GC(154) Old regions: 10->10
[2026-05-27T11:23:25.081+0530][6.337s][info][gc,heap     ] GC(154) Archive regions: 2->2
[2026-05-27T11:23:25.081+0530][6.337s][info][gc,heap     ] GC(154) Humongous regions: 0->0
[2026-05-27T11:23:25.081+0530][6.337s][info][gc,metaspace] GC(154) Metaspace: 1745K(2048K)->1745K(2048K) NonClass: 1568K(1728K)->1568K(1728K) Class: 177K(320K)->177K(320K)
[2026-05-27T11:23:25.081+0530][6.337s][info][gc          ] GC(154) Pause Young (Normal) (G1 Evacuation Pause) 316M->15M(512M) 0.863ms
[2026-05-27T11:23:25.081+0530][6.337s][info][gc,cpu      ] GC(154) User=0.00s Sys=0.00s Real=0.00s
[2026-05-27T11:23:25.120+0530][6.376s][info][gc,start    ] GC(155) Pause Young (Normal) (G1 Evacuation Pause)
[2026-05-27T11:23:25.120+0530][6.376s][info][gc,task     ] GC(155) Using 9 workers of 9 for evacuation
[2026-05-27T11:23:25.120+0530][6.377s][info][gc,phases   ] GC(155)   Pre Evacuate Collection Set: 0.06ms
[2026-05-27T11:23:25.121+0530][6.377s][info][gc,phases   ] GC(155)   Merge Heap Roots: 0.05ms
[2026-05-27T11:23:25.121+0530][6.377s][info][gc,phases   ] GC(155)   Evacuate Collection Set: 0.26ms
[2026-05-27T11:23:25.121+0530][6.377s][info][gc,phases   ] GC(155)   Post Evacuate Collection Set: 0.17ms
[2026-05-27T11:23:25.121+0530][6.377s][info][gc,phases   ] GC(155)   Other: 0.09ms
[2026-05-27T11:23:25.121+0530][6.377s][info][gc,heap     ] GC(155) Eden regions: 301->0(304)
[2026-05-27T11:23:25.121+0530][6.377s][info][gc,heap     ] GC(155) Survivor regions: 6->3(39)
[2026-05-27T11:23:25.121+0530][6.377s][info][gc,heap     ] GC(155) Old regions: 10->10
[2026-05-27T11:23:25.121+0530][6.377s][info][gc,heap     ] GC(155) Archive regions: 2->2
[2026-05-27T11:23:25.121+0530][6.377s][info][gc,heap     ] GC(155) Humongous regions: 0->0
[2026-05-27T11:23:25.121+0530][6.377s][info][gc,metaspace] GC(155) Metaspace: 1745K(2048K)->1745K(2048K) NonClass: 1568K(1728K)->1568K(1728K) Class: 177K(320K)->177K(320K)
[2026-05-27T11:23:25.121+0530][6.377s][info][gc          ] GC(155) Pause Young (Normal) (G1 Evacuation Pause) 316M->13M(512M) 0.690ms
[2026-05-27T11:23:25.121+0530][6.377s][info][gc,cpu      ] GC(155) User=0.00s Sys=0.00s Real=0.00s
[2026-05-27T11:23:25.164+0530][6.421s][info][gc,start    ] GC(156) Pause Young (Normal) (G1 Evacuation Pause)
[2026-05-27T11:23:25.165+0530][6.421s][info][gc,task     ] GC(156) Using 9 workers of 9 for evacuation
[2026-05-27T11:23:25.165+0530][6.421s][info][gc,phases   ] GC(156)   Pre Evacuate Collection Set: 0.07ms
[2026-05-27T11:23:25.165+0530][6.421s][info][gc,phases   ] GC(156)   Merge Heap Roots: 0.05ms
[2026-05-27T11:23:25.165+0530][6.421s][info][gc,phases   ] GC(156)   Evacuate Collection Set: 0.38ms
[2026-05-27T11:23:25.165+0530][6.421s][info][gc,phases   ] GC(156)   Post Evacuate Collection Set: 0.18ms
[2026-05-27T11:23:25.165+0530][6.422s][info][gc,phases   ] GC(156)   Other: 0.17ms
[2026-05-27T11:23:25.165+0530][6.422s][info][gc,heap     ] GC(156) Eden regions: 304->0(300)
[2026-05-27T11:23:25.165+0530][6.422s][info][gc,heap     ] GC(156) Survivor regions: 3->7(39)
[2026-05-27T11:23:25.165+0530][6.422s][info][gc,heap     ] GC(156) Old regions: 10->10
[2026-05-27T11:23:25.165+0530][6.422s][info][gc,heap     ] GC(156) Archive regions: 2->2
[2026-05-27T11:23:25.165+0530][6.422s][info][gc,heap     ] GC(156) Humongous regions: 0->0
[2026-05-27T11:23:25.165+0530][6.422s][info][gc,metaspace] GC(156) Metaspace: 1745K(2048K)->1745K(2048K) NonClass: 1568K(1728K)->1568K(1728K) Class: 177K(320K)->177K(320K)
[2026-05-27T11:23:25.165+0530][6.422s][info][gc          ] GC(156) Pause Young (Normal) (G1 Evacuation Pause) 316M->16M(512M) 0.926ms
[2026-05-27T11:23:25.165+0530][6.422s][info][gc,cpu      ] GC(156) User=0.00s Sys=0.00s Real=0.00s
[2026-05-27T11:23:25.207+0530][6.463s][info][gc,start    ] GC(157) Pause Young (Normal) (G1 Evacuation Pause)
[2026-05-27T11:23:25.207+0530][6.463s][info][gc,task     ] GC(157) Using 9 workers of 9 for evacuation
[2026-05-27T11:23:25.207+0530][6.463s][info][gc,phases   ] GC(157)   Pre Evacuate Collection Set: 0.07ms
[2026-05-27T11:23:25.207+0530][6.463s][info][gc,phases   ] GC(157)   Merge Heap Roots: 0.06ms
[2026-05-27T11:23:25.207+0530][6.463s][info][gc,phases   ] GC(157)   Evacuate Collection Set: 0.32ms
[2026-05-27T11:23:25.207+0530][6.463s][info][gc,phases   ] GC(157)   Post Evacuate Collection Set: 0.19ms
[2026-05-27T11:23:25.207+0530][6.463s][info][gc,phases   ] GC(157)   Other: 0.09ms
[2026-05-27T11:23:25.207+0530][6.463s][info][gc,heap     ] GC(157) Eden regions: 300->0(301)
[2026-05-27T11:23:25.207+0530][6.463s][info][gc,heap     ] GC(157) Survivor regions: 7->6(39)
[2026-05-27T11:23:25.207+0530][6.463s][info][gc,heap     ] GC(157) Old regions: 10->10
[2026-05-27T11:23:25.207+0530][6.463s][info][gc,heap     ] GC(157) Archive regions: 2->2
[2026-05-27T11:23:25.207+0530][6.463s][info][gc,heap     ] GC(157) Humongous regions: 9->0
[2026-05-27T11:23:25.207+0530][6.463s][info][gc,metaspace] GC(157) Metaspace: 1745K(2048K)->1745K(2048K) NonClass: 1568K(1728K)->1568K(1728K) Class: 177K(320K)->177K(320K)
[2026-05-27T11:23:25.207+0530][6.463s][info][gc          ] GC(157) Pause Young (Normal) (G1 Evacuation Pause) 325M->15M(512M) 0.812ms
[2026-05-27T11:23:25.207+0530][6.463s][info][gc,cpu      ] GC(157) User=0.00s Sys=0.00s Real=0.00s
[2026-05-27T11:23:25.248+0530][6.504s][info][gc,start    ] GC(158) Pause Young (Normal) (G1 Evacuation Pause)
[2026-05-27T11:23:25.248+0530][6.504s][info][gc,task     ] GC(158) Using 9 workers of 9 for evacuation
[2026-05-27T11:23:25.249+0530][6.505s][info][gc,phases   ] GC(158)   Pre Evacuate Collection Set: 0.12ms
[2026-05-27T11:23:25.249+0530][6.505s][info][gc,phases   ] GC(158)   Merge Heap Roots: 0.05ms
[2026-05-27T11:23:25.249+0530][6.505s][info][gc,phases   ] GC(158)   Evacuate Collection Set: 0.34ms
[2026-05-27T11:23:25.249+0530][6.505s][info][gc,phases   ] GC(158)   Post Evacuate Collection Set: 0.22ms
[2026-05-27T11:23:25.249+0530][6.505s][info][gc,phases   ] GC(158)   Other: 0.12ms
[2026-05-27T11:23:25.249+0530][6.505s][info][gc,heap     ] GC(158) Eden regions: 301->0(301)
[2026-05-27T11:23:25.249+0530][6.505s][info][gc,heap     ] GC(158) Survivor regions: 6->6(39)
[2026-05-27T11:23:25.249+0530][6.505s][info][gc,heap     ] GC(158) Old regions: 10->10
[2026-05-27T11:23:25.249+0530][6.505s][info][gc,heap     ] GC(158) Archive regions: 2->2
[2026-05-27T11:23:25.249+0530][6.505s][info][gc,heap     ] GC(158) Humongous regions: 0->0
[2026-05-27T11:23:25.249+0530][6.505s][info][gc,metaspace] GC(158) Metaspace: 1745K(2048K)->1745K(2048K) NonClass: 1568K(1728K)->1568K(1728K) Class: 177K(320K)->177K(320K)
[2026-05-27T11:23:25.249+0530][6.505s][info][gc          ] GC(158) Pause Young (Normal) (G1 Evacuation Pause) 316M->16M(512M) 0.913ms
[2026-05-27T11:23:25.249+0530][6.505s][info][gc,cpu      ] GC(158) User=0.01s Sys=0.00s Real=0.00s
[2026-05-27T11:23:25.287+0530][6.543s][info][gc,start    ] GC(159) Pause Young (Normal) (G1 Evacuation Pause)
[2026-05-27T11:23:25.287+0530][6.543s][info][gc,task     ] GC(159) Using 9 workers of 9 for evacuation
[2026-05-27T11:23:25.288+0530][6.544s][info][gc,phases   ] GC(159)   Pre Evacuate Collection Set: 0.10ms
[2026-05-27T11:23:25.288+0530][6.544s][info][gc,phases   ] GC(159)   Merge Heap Roots: 0.06ms
[2026-05-27T11:23:25.288+0530][6.544s][info][gc,phases   ] GC(159)   Evacuate Collection Set: 0.28ms
[2026-05-27T11:23:25.288+0530][6.544s][info][gc,phases   ] GC(159)   Post Evacuate Collection Set: 0.17ms
[2026-05-27T11:23:25.288+0530][6.544s][info][gc,phases   ] GC(159)   Other: 0.12ms
[2026-05-27T11:23:25.288+0530][6.544s][info][gc,heap     ] GC(159) Eden regions: 301->0(301)
[2026-05-27T11:23:25.288+0530][6.544s][info][gc,heap     ] GC(159) Survivor regions: 6->6(39)
[2026-05-27T11:23:25.288+0530][6.544s][info][gc,heap     ] GC(159) Old regions: 10->10
[2026-05-27T11:23:25.288+0530][6.544s][info][gc,heap     ] GC(159) Archive regions: 2->2
[2026-05-27T11:23:25.288+0530][6.544s][info][gc,heap     ] GC(159) Humongous regions: 0->0
[2026-05-27T11:23:25.288+0530][6.544s][info][gc,metaspace] GC(159) Metaspace: 1745K(2048K)->1745K(2048K) NonClass: 1568K(1728K)->1568K(1728K) Class: 177K(320K)->177K(320K)
[2026-05-27T11:23:25.288+0530][6.544s][info][gc          ] GC(159) Pause Young (Normal) (G1 Evacuation Pause) 316M->15M(512M) 0.808ms
[2026-05-27T11:23:25.288+0530][6.544s][info][gc,cpu      ] GC(159) User=0.00s Sys=0.00s Real=0.00s
[2026-05-27T11:23:25.328+0530][6.584s][info][gc,start    ] GC(160) Pause Young (Normal) (G1 Evacuation Pause)
[2026-05-27T11:23:25.328+0530][6.584s][info][gc,task     ] GC(160) Using 9 workers of 9 for evacuation
[2026-05-27T11:23:25.329+0530][6.585s][info][gc,phases   ] GC(160)   Pre Evacuate Collection Set: 0.08ms
[2026-05-27T11:23:25.329+0530][6.585s][info][gc,phases   ] GC(160)   Merge Heap Roots: 0.05ms
[2026-05-27T11:23:25.329+0530][6.585s][info][gc,phases   ] GC(160)   Evacuate Collection Set: 0.36ms
[2026-05-27T11:23:25.329+0530][6.585s][info][gc,phases   ] GC(160)   Post Evacuate Collection Set: 0.18ms
[2026-05-27T11:23:25.329+0530][6.585s][info][gc,phases   ] GC(160)   Other: 0.09ms
[2026-05-27T11:23:25.329+0530][6.585s][info][gc,heap     ] GC(160) Eden regions: 301->0(297)
[2026-05-27T11:23:25.329+0530][6.585s][info][gc,heap     ] GC(160) Survivor regions: 6->10(39)
[2026-05-27T11:23:25.329+0530][6.585s][info][gc,heap     ] GC(160) Old regions: 10->10
[2026-05-27T11:23:25.329+0530][6.585s][info][gc,heap     ] GC(160) Archive regions: 2->2
[2026-05-27T11:23:25.329+0530][6.585s][info][gc,heap     ] GC(160) Humongous regions: 9->0
[2026-05-27T11:23:25.329+0530][6.585s][info][gc,metaspace] GC(160) Metaspace: 1745K(2048K)->1745K(2048K) NonClass: 1568K(1728K)->1568K(1728K) Class: 177K(320K)->177K(320K)
[2026-05-27T11:23:25.329+0530][6.585s][info][gc          ] GC(160) Pause Young (Normal) (G1 Evacuation Pause) 325M->19M(512M) 0.827ms
[2026-05-27T11:23:25.329+0530][6.585s][info][gc,cpu      ] GC(160) User=0.00s Sys=0.00s Real=0.00s
[2026-05-27T11:23:25.366+0530][6.622s][info][gc,start    ] GC(161) Pause Young (Normal) (G1 Evacuation Pause)
[2026-05-27T11:23:25.366+0530][6.622s][info][gc,task     ] GC(161) Using 9 workers of 9 for evacuation
[2026-05-27T11:23:25.367+0530][6.623s][info][gc,phases   ] GC(161)   Pre Evacuate Collection Set: 0.14ms
[2026-05-27T11:23:25.367+0530][6.623s][info][gc,phases   ] GC(161)   Merge Heap Roots: 0.13ms
[2026-05-27T11:23:25.367+0530][6.623s][info][gc,phases   ] GC(161)   Evacuate Collection Set: 0.35ms
[2026-05-27T11:23:25.367+0530][6.623s][info][gc,phases   ] GC(161)   Post Evacuate Collection Set: 0.23ms
[2026-05-27T11:23:25.367+0530][6.623s][info][gc,phases   ] GC(161)   Other: 0.12ms
[2026-05-27T11:23:25.367+0530][6.623s][info][gc,heap     ] GC(161) Eden regions: 297->0(303)
[2026-05-27T11:23:25.367+0530][6.623s][info][gc,heap     ] GC(161) Survivor regions: 10->4(39)
[2026-05-27T11:23:25.367+0530][6.623s][info][gc,heap     ] GC(161) Old regions: 10->10
[2026-05-27T11:23:25.367+0530][6.623s][info][gc,heap     ] GC(161) Archive regions: 2->2
[2026-05-27T11:23:25.367+0530][6.623s][info][gc,heap     ] GC(161) Humongous regions: 0->0
[2026-05-27T11:23:25.367+0530][6.623s][info][gc,metaspace] GC(161) Metaspace: 1745K(2048K)->1745K(2048K) NonClass: 1568K(1728K)->1568K(1728K) Class: 177K(320K)->177K(320K)
[2026-05-27T11:23:25.367+0530][6.623s][info][gc          ] GC(161) Pause Young (Normal) (G1 Evacuation Pause) 316M->13M(512M) 1.095ms
[2026-05-27T11:23:25.367+0530][6.623s][info][gc,cpu      ] GC(161) User=0.00s Sys=0.00s Real=0.00s
[2026-05-27T11:23:25.405+0530][6.661s][info][gc,start    ] GC(162) Pause Young (Normal) (G1 Evacuation Pause)
[2026-05-27T11:23:25.405+0530][6.661s][info][gc,task     ] GC(162) Using 9 workers of 9 for evacuation
[2026-05-27T11:23:25.405+0530][6.662s][info][gc,phases   ] GC(162)   Pre Evacuate Collection Set: 0.07ms
[2026-05-27T11:23:25.405+0530][6.662s][info][gc,phases   ] GC(162)   Merge Heap Roots: 0.05ms
[2026-05-27T11:23:25.405+0530][6.662s][info][gc,phases   ] GC(162)   Evacuate Collection Set: 0.31ms
[2026-05-27T11:23:25.405+0530][6.662s][info][gc,phases   ] GC(162)   Post Evacuate Collection Set: 0.18ms
[2026-05-27T11:23:25.405+0530][6.662s][info][gc,phases   ] GC(162)   Other: 0.10ms
[2026-05-27T11:23:25.405+0530][6.662s][info][gc,heap     ] GC(162) Eden regions: 303->0(295)
[2026-05-27T11:23:25.405+0530][6.662s][info][gc,heap     ] GC(162) Survivor regions: 4->12(39)
[2026-05-27T11:23:25.405+0530][6.662s][info][gc,heap     ] GC(162) Old regions: 10->10
[2026-05-27T11:23:25.405+0530][6.662s][info][gc,heap     ] GC(162) Archive regions: 2->2
[2026-05-27T11:23:25.405+0530][6.662s][info][gc,heap     ] GC(162) Humongous regions: 0->0
[2026-05-27T11:23:25.405+0530][6.662s][info][gc,metaspace] GC(162) Metaspace: 1745K(2048K)->1745K(2048K) NonClass: 1568K(1728K)->1568K(1728K) Class: 177K(320K)->177K(320K)
[2026-05-27T11:23:25.406+0530][6.662s][info][gc          ] GC(162) Pause Young (Normal) (G1 Evacuation Pause) 316M->21M(512M) 0.771ms
[2026-05-27T11:23:25.406+0530][6.662s][info][gc,cpu      ] GC(162) User=0.01s Sys=0.00s Real=0.00s
[2026-05-27T11:23:25.444+0530][6.700s][info][gc,start    ] GC(163) Pause Young (Normal) (G1 Evacuation Pause)
[2026-05-27T11:23:25.444+0530][6.700s][info][gc,task     ] GC(163) Using 9 workers of 9 for evacuation
[2026-05-27T11:23:25.445+0530][6.701s][info][gc,phases   ] GC(163)   Pre Evacuate Collection Set: 0.11ms
[2026-05-27T11:23:25.445+0530][6.701s][info][gc,phases   ] GC(163)   Merge Heap Roots: 0.13ms
[2026-05-27T11:23:25.445+0530][6.701s][info][gc,phases   ] GC(163)   Evacuate Collection Set: 0.29ms
[2026-05-27T11:23:25.445+0530][6.701s][info][gc,phases   ] GC(163)   Post Evacuate Collection Set: 0.19ms
[2026-05-27T11:23:25.445+0530][6.701s][info][gc,phases   ] GC(163)   Other: 0.10ms
[2026-05-27T11:23:25.445+0530][6.701s][info][gc,heap     ] GC(163) Eden regions: 295->0(301)
[2026-05-27T11:23:25.445+0530][6.701s][info][gc,heap     ] GC(163) Survivor regions: 12->6(39)
[2026-05-27T11:23:25.445+0530][6.701s][info][gc,heap     ] GC(163) Old regions: 10->10
[2026-05-27T11:23:25.445+0530][6.701s][info][gc,heap     ] GC(163) Archive regions: 2->2
[2026-05-27T11:23:25.445+0530][6.701s][info][gc,heap     ] GC(163) Humongous regions: 0->0
[2026-05-27T11:23:25.445+0530][6.701s][info][gc,metaspace] GC(163) Metaspace: 1745K(2048K)->1745K(2048K) NonClass: 1568K(1728K)->1568K(1728K) Class: 177K(320K)->177K(320K)
[2026-05-27T11:23:25.445+0530][6.701s][info][gc          ] GC(163) Pause Young (Normal) (G1 Evacuation Pause) 316M->15M(512M) 0.875ms
[2026-05-27T11:23:25.445+0530][6.701s][info][gc,cpu      ] GC(163) User=0.00s Sys=0.00s Real=0.00s
[2026-05-27T11:23:25.483+0530][6.739s][info][gc,start    ] GC(164) Pause Young (Normal) (G1 Evacuation Pause)
[2026-05-27T11:23:25.483+0530][6.739s][info][gc,task     ] GC(164) Using 9 workers of 9 for evacuation
[2026-05-27T11:23:25.483+0530][6.740s][info][gc,phases   ] GC(164)   Pre Evacuate Collection Set: 0.06ms
[2026-05-27T11:23:25.483+0530][6.740s][info][gc,phases   ] GC(164)   Merge Heap Roots: 0.09ms
[2026-05-27T11:23:25.483+0530][6.740s][info][gc,phases   ] GC(164)   Evacuate Collection Set: 0.25ms
[2026-05-27T11:23:25.483+0530][6.740s][info][gc,phases   ] GC(164)   Post Evacuate Collection Set: 0.18ms
[2026-05-27T11:23:25.483+0530][6.740s][info][gc,phases   ] GC(164)   Other: 0.10ms
[2026-05-27T11:23:25.484+0530][6.740s][info][gc,heap     ] GC(164) Eden regions: 301->0(300)
[2026-05-27T11:23:25.484+0530][6.740s][info][gc,heap     ] GC(164) Survivor regions: 6->7(39)
[2026-05-27T11:23:25.484+0530][6.740s][info][gc,heap     ] GC(164) Old regions: 10->10
[2026-05-27T11:23:25.484+0530][6.740s][info][gc,heap     ] GC(164) Archive regions: 2->2
[2026-05-27T11:23:25.484+0530][6.740s][info][gc,heap     ] GC(164) Humongous regions: 0->0
[2026-05-27T11:23:25.484+0530][6.740s][info][gc,metaspace] GC(164) Metaspace: 1745K(2048K)->1745K(2048K) NonClass: 1568K(1728K)->1568K(1728K) Class: 177K(320K)->177K(320K)
[2026-05-27T11:23:25.484+0530][6.740s][info][gc          ] GC(164) Pause Young (Normal) (G1 Evacuation Pause) 316M->16M(512M) 0.754ms
[2026-05-27T11:23:25.484+0530][6.740s][info][gc,cpu      ] GC(164) User=0.01s Sys=0.00s Real=0.00s
[2026-05-27T11:23:25.523+0530][6.779s][info][gc,start    ] GC(165) Pause Young (Normal) (G1 Evacuation Pause)
[2026-05-27T11:23:25.523+0530][6.779s][info][gc,task     ] GC(165) Using 9 workers of 9 for evacuation
[2026-05-27T11:23:25.524+0530][6.780s][info][gc,phases   ] GC(165)   Pre Evacuate Collection Set: 0.10ms
[2026-05-27T11:23:25.524+0530][6.780s][info][gc,phases   ] GC(165)   Merge Heap Roots: 0.04ms
[2026-05-27T11:23:25.524+0530][6.780s][info][gc,phases   ] GC(165)   Evacuate Collection Set: 0.24ms
[2026-05-27T11:23:25.524+0530][6.780s][info][gc,phases   ] GC(165)   Post Evacuate Collection Set: 0.15ms
[2026-05-27T11:23:25.524+0530][6.780s][info][gc,phases   ] GC(165)   Other: 0.10ms
[2026-05-27T11:23:25.524+0530][6.780s][info][gc,heap     ] GC(165) Eden regions: 300->0(302)
[2026-05-27T11:23:25.524+0530][6.780s][info][gc,heap     ] GC(165) Survivor regions: 7->5(39)
[2026-05-27T11:23:25.524+0530][6.780s][info][gc,heap     ] GC(165) Old regions: 10->10
[2026-05-27T11:23:25.524+0530][6.780s][info][gc,heap     ] GC(165) Archive regions: 2->2
[2026-05-27T11:23:25.524+0530][6.780s][info][gc,heap     ] GC(165) Humongous regions: 0->0
[2026-05-27T11:23:25.524+0530][6.780s][info][gc,metaspace] GC(165) Metaspace: 1745K(2048K)->1745K(2048K) NonClass: 1568K(1728K)->1568K(1728K) Class: 177K(320K)->177K(320K)
[2026-05-27T11:23:25.524+0530][6.780s][info][gc          ] GC(165) Pause Young (Normal) (G1 Evacuation Pause) 316M->14M(512M) 0.699ms
[2026-05-27T11:23:25.524+0530][6.780s][info][gc,cpu      ] GC(165) User=0.00s Sys=0.00s Real=0.00s
[2026-05-27T11:23:25.563+0530][6.819s][info][gc,start    ] GC(166) Pause Young (Normal) (G1 Evacuation Pause)
[2026-05-27T11:23:25.563+0530][6.819s][info][gc,task     ] GC(166) Using 9 workers of 9 for evacuation
[2026-05-27T11:23:25.564+0530][6.820s][info][gc,phases   ] GC(166)   Pre Evacuate Collection Set: 0.10ms
[2026-05-27T11:23:25.564+0530][6.820s][info][gc,phases   ] GC(166)   Merge Heap Roots: 0.04ms
[2026-05-27T11:23:25.564+0530][6.820s][info][gc,phases   ] GC(166)   Evacuate Collection Set: 0.28ms
[2026-05-27T11:23:25.564+0530][6.820s][info][gc,phases   ] GC(166)   Post Evacuate Collection Set: 0.17ms
[2026-05-27T11:23:25.564+0530][6.820s][info][gc,phases   ] GC(166)   Other: 0.10ms
[2026-05-27T11:23:25.564+0530][6.820s][info][gc,heap     ] GC(166) Eden regions: 302->0(301)
[2026-05-27T11:23:25.564+0530][6.820s][info][gc,heap     ] GC(166) Survivor regions: 5->6(39)
[2026-05-27T11:23:25.564+0530][6.820s][info][gc,heap     ] GC(166) Old regions: 10->10
[2026-05-27T11:23:25.564+0530][6.820s][info][gc,heap     ] GC(166) Archive regions: 2->2
[2026-05-27T11:23:25.564+0530][6.820s][info][gc,heap     ] GC(166) Humongous regions: 9->0
[2026-05-27T11:23:25.564+0530][6.820s][info][gc,metaspace] GC(166) Metaspace: 1745K(2048K)->1745K(2048K) NonClass: 1568K(1728K)->1568K(1728K) Class: 177K(320K)->177K(320K)
[2026-05-27T11:23:25.564+0530][6.820s][info][gc          ] GC(166) Pause Young (Normal) (G1 Evacuation Pause) 325M->15M(512M) 0.743ms
[2026-05-27T11:23:25.564+0530][6.820s][info][gc,cpu      ] GC(166) User=0.00s Sys=0.00s Real=0.00s
[2026-05-27T11:23:25.602+0530][6.858s][info][gc,start    ] GC(167) Pause Young (Normal) (G1 Evacuation Pause)
[2026-05-27T11:23:25.602+0530][6.858s][info][gc,task     ] GC(167) Using 9 workers of 9 for evacuation
[2026-05-27T11:23:25.603+0530][6.859s][info][gc,phases   ] GC(167)   Pre Evacuate Collection Set: 0.09ms
[2026-05-27T11:23:25.603+0530][6.859s][info][gc,phases   ] GC(167)   Merge Heap Roots: 0.04ms
[2026-05-27T11:23:25.603+0530][6.859s][info][gc,phases   ] GC(167)   Evacuate Collection Set: 0.27ms
[2026-05-27T11:23:25.603+0530][6.859s][info][gc,phases   ] GC(167)   Post Evacuate Collection Set: 0.22ms
[2026-05-27T11:23:25.603+0530][6.859s][info][gc,phases   ] GC(167)   Other: 0.11ms
[2026-05-27T11:23:25.603+0530][6.859s][info][gc,heap     ] GC(167) Eden regions: 301->0(301)
[2026-05-27T11:23:25.603+0530][6.859s][info][gc,heap     ] GC(167) Survivor regions: 6->6(39)
[2026-05-27T11:23:25.603+0530][6.859s][info][gc,heap     ] GC(167) Old regions: 10->10
[2026-05-27T11:23:25.603+0530][6.859s][info][gc,heap     ] GC(167) Archive regions: 2->2
[2026-05-27T11:23:25.603+0530][6.859s][info][gc,heap     ] GC(167) Humongous regions: 0->0
[2026-05-27T11:23:25.603+0530][6.859s][info][gc,metaspace] GC(167) Metaspace: 1745K(2048K)->1745K(2048K) NonClass: 1568K(1728K)->1568K(1728K) Class: 177K(320K)->177K(320K)
[2026-05-27T11:23:25.603+0530][6.859s][info][gc          ] GC(167) Pause Young (Normal) (G1 Evacuation Pause) 316M->15M(512M) 0.810ms
[2026-05-27T11:23:25.603+0530][6.859s][info][gc,cpu      ] GC(167) User=0.00s Sys=0.00s Real=0.00s
[2026-05-27T11:23:25.644+0530][6.900s][info][gc,start    ] GC(168) Pause Young (Normal) (G1 Evacuation Pause)
[2026-05-27T11:23:25.644+0530][6.900s][info][gc,task     ] GC(168) Using 9 workers of 9 for evacuation
[2026-05-27T11:23:25.645+0530][6.901s][info][gc,phases   ] GC(168)   Pre Evacuate Collection Set: 0.05ms
[2026-05-27T11:23:25.645+0530][6.901s][info][gc,phases   ] GC(168)   Merge Heap Roots: 0.07ms
[2026-05-27T11:23:25.645+0530][6.901s][info][gc,phases   ] GC(168)   Evacuate Collection Set: 0.31ms
[2026-05-27T11:23:25.645+0530][6.901s][info][gc,phases   ] GC(168)   Post Evacuate Collection Set: 0.17ms
[2026-05-27T11:23:25.645+0530][6.901s][info][gc,phases   ] GC(168)   Other: 0.10ms
[2026-05-27T11:23:25.645+0530][6.901s][info][gc,heap     ] GC(168) Eden regions: 301->0(302)
[2026-05-27T11:23:25.645+0530][6.901s][info][gc,heap     ] GC(168) Survivor regions: 6->5(39)
[2026-05-27T11:23:25.645+0530][6.901s][info][gc,heap     ] GC(168) Old regions: 10->10
[2026-05-27T11:23:25.645+0530][6.901s][info][gc,heap     ] GC(168) Archive regions: 2->2
[2026-05-27T11:23:25.645+0530][6.901s][info][gc,heap     ] GC(168) Humongous regions: 0->0
[2026-05-27T11:23:25.645+0530][6.901s][info][gc,metaspace] GC(168) Metaspace: 1745K(2048K)->1745K(2048K) NonClass: 1568K(1728K)->1568K(1728K) Class: 177K(320K)->177K(320K)
[2026-05-27T11:23:25.645+0530][6.901s][info][gc          ] GC(168) Pause Young (Normal) (G1 Evacuation Pause) 316M->14M(512M) 0.774ms
[2026-05-27T11:23:25.645+0530][6.901s][info][gc,cpu      ] GC(168) User=0.00s Sys=0.00s Real=0.00s
[2026-05-27T11:23:25.684+0530][6.940s][info][gc,start    ] GC(169) Pause Young (Normal) (G1 Evacuation Pause)
[2026-05-27T11:23:25.684+0530][6.941s][info][gc,task     ] GC(169) Using 9 workers of 9 for evacuation
[2026-05-27T11:23:25.685+0530][6.941s][info][gc,phases   ] GC(169)   Pre Evacuate Collection Set: 0.06ms
[2026-05-27T11:23:25.685+0530][6.941s][info][gc,phases   ] GC(169)   Merge Heap Roots: 0.04ms
[2026-05-27T11:23:25.685+0530][6.941s][info][gc,phases   ] GC(169)   Evacuate Collection Set: 0.26ms
[2026-05-27T11:23:25.685+0530][6.941s][info][gc,phases   ] GC(169)   Post Evacuate Collection Set: 0.15ms
[2026-05-27T11:23:25.685+0530][6.941s][info][gc,phases   ] GC(169)   Other: 0.10ms
[2026-05-27T11:23:25.685+0530][6.941s][info][gc,heap     ] GC(169) Eden regions: 302->0(302)
[2026-05-27T11:23:25.685+0530][6.941s][info][gc,heap     ] GC(169) Survivor regions: 5->5(39)
[2026-05-27T11:23:25.685+0530][6.941s][info][gc,heap     ] GC(169) Old regions: 10->10
[2026-05-27T11:23:25.685+0530][6.941s][info][gc,heap     ] GC(169) Archive regions: 2->2
[2026-05-27T11:23:25.685+0530][6.941s][info][gc,heap     ] GC(169) Humongous regions: 0->0
[2026-05-27T11:23:25.685+0530][6.941s][info][gc,metaspace] GC(169) Metaspace: 1745K(2048K)->1745K(2048K) NonClass: 1568K(1728K)->1568K(1728K) Class: 177K(320K)->177K(320K)
[2026-05-27T11:23:25.685+0530][6.941s][info][gc          ] GC(169) Pause Young (Normal) (G1 Evacuation Pause) 316M->14M(512M) 0.671ms
[2026-05-27T11:23:25.685+0530][6.941s][info][gc,cpu      ] GC(169) User=0.00s Sys=0.00s Real=0.00s
[2026-05-27T11:23:25.723+0530][6.979s][info][gc,start    ] GC(170) Pause Young (Normal) (G1 Evacuation Pause)
[2026-05-27T11:23:25.723+0530][6.979s][info][gc,task     ] GC(170) Using 9 workers of 9 for evacuation
[2026-05-27T11:23:25.723+0530][6.979s][info][gc,phases   ] GC(170)   Pre Evacuate Collection Set: 0.09ms
[2026-05-27T11:23:25.723+0530][6.980s][info][gc,phases   ] GC(170)   Merge Heap Roots: 0.05ms
[2026-05-27T11:23:25.723+0530][6.980s][info][gc,phases   ] GC(170)   Evacuate Collection Set: 0.27ms
[2026-05-27T11:23:25.723+0530][6.980s][info][gc,phases   ] GC(170)   Post Evacuate Collection Set: 0.17ms
[2026-05-27T11:23:25.723+0530][6.980s][info][gc,phases   ] GC(170)   Other: 0.10ms
[2026-05-27T11:23:25.723+0530][6.980s][info][gc,heap     ] GC(170) Eden regions: 302->0(302)
[2026-05-27T11:23:25.723+0530][6.980s][info][gc,heap     ] GC(170) Survivor regions: 5->5(39)
[2026-05-27T11:23:25.723+0530][6.980s][info][gc,heap     ] GC(170) Old regions: 10->10
[2026-05-27T11:23:25.723+0530][6.980s][info][gc,heap     ] GC(170) Archive regions: 2->2
[2026-05-27T11:23:25.723+0530][6.980s][info][gc,heap     ] GC(170) Humongous regions: 0->0
[2026-05-27T11:23:25.723+0530][6.980s][info][gc,metaspace] GC(170) Metaspace: 1745K(2048K)->1745K(2048K) NonClass: 1568K(1728K)->1568K(1728K) Class: 177K(320K)->177K(320K)
[2026-05-27T11:23:25.723+0530][6.980s][info][gc          ] GC(170) Pause Young (Normal) (G1 Evacuation Pause) 316M->14M(512M) 0.758ms
[2026-05-27T11:23:25.723+0530][6.980s][info][gc,cpu      ] GC(170) User=0.00s Sys=0.01s Real=0.00s
[2026-05-27T11:23:25.764+0530][7.020s][info][gc,start    ] GC(171) Pause Young (Normal) (G1 Evacuation Pause)
[2026-05-27T11:23:25.764+0530][7.020s][info][gc,task     ] GC(171) Using 9 workers of 9 for evacuation
[2026-05-27T11:23:25.764+0530][7.020s][info][gc,phases   ] GC(171)   Pre Evacuate Collection Set: 0.08ms
[2026-05-27T11:23:25.764+0530][7.021s][info][gc,phases   ] GC(171)   Merge Heap Roots: 0.09ms
[2026-05-27T11:23:25.764+0530][7.021s][info][gc,phases   ] GC(171)   Evacuate Collection Set: 0.25ms
[2026-05-27T11:23:25.764+0530][7.021s][info][gc,phases   ] GC(171)   Post Evacuate Collection Set: 0.20ms
[2026-05-27T11:23:25.764+0530][7.021s][info][gc,phases   ] GC(171)   Other: 0.09ms
[2026-05-27T11:23:25.764+0530][7.021s][info][gc,heap     ] GC(171) Eden regions: 302->0(306)
[2026-05-27T11:23:25.764+0530][7.021s][info][gc,heap     ] GC(171) Survivor regions: 5->1(39)
[2026-05-27T11:23:25.764+0530][7.021s][info][gc,heap     ] GC(171) Old regions: 10->10
[2026-05-27T11:23:25.764+0530][7.021s][info][gc,heap     ] GC(171) Archive regions: 2->2
[2026-05-27T11:23:25.764+0530][7.021s][info][gc,heap     ] GC(171) Humongous regions: 9->0
[2026-05-27T11:23:25.764+0530][7.021s][info][gc,metaspace] GC(171) Metaspace: 1745K(2048K)->1745K(2048K) NonClass: 1568K(1728K)->1568K(1728K) Class: 177K(320K)->177K(320K)
[2026-05-27T11:23:25.764+0530][7.021s][info][gc          ] GC(171) Pause Young (Normal) (G1 Evacuation Pause) 325M->10M(512M) 0.777ms
[2026-05-27T11:23:25.764+0530][7.021s][info][gc,cpu      ] GC(171) User=0.00s Sys=0.00s Real=0.00s
[2026-05-27T11:23:25.803+0530][7.059s][info][gc,start    ] GC(172) Pause Young (Normal) (G1 Evacuation Pause)
[2026-05-27T11:23:25.803+0530][7.059s][info][gc,task     ] GC(172) Using 9 workers of 9 for evacuation
[2026-05-27T11:23:25.804+0530][7.060s][info][gc,phases   ] GC(172)   Pre Evacuate Collection Set: 0.07ms
[2026-05-27T11:23:25.804+0530][7.060s][info][gc,phases   ] GC(172)   Merge Heap Roots: 0.09ms
[2026-05-27T11:23:25.804+0530][7.060s][info][gc,phases   ] GC(172)   Evacuate Collection Set: 0.26ms
[2026-05-27T11:23:25.804+0530][7.060s][info][gc,phases   ] GC(172)   Post Evacuate Collection Set: 0.17ms
[2026-05-27T11:23:25.804+0530][7.060s][info][gc,phases   ] GC(172)   Other: 0.10ms
[2026-05-27T11:23:25.804+0530][7.060s][info][gc,heap     ] GC(172) Eden regions: 306->0(302)
[2026-05-27T11:23:25.804+0530][7.060s][info][gc,heap     ] GC(172) Survivor regions: 1->5(39)
[2026-05-27T11:23:25.804+0530][7.060s][info][gc,heap     ] GC(172) Old regions: 10->10
[2026-05-27T11:23:25.804+0530][7.060s][info][gc,heap     ] GC(172) Archive regions: 2->2
[2026-05-27T11:23:25.804+0530][7.060s][info][gc,heap     ] GC(172) Humongous regions: 9->0
[2026-05-27T11:23:25.804+0530][7.060s][info][gc,metaspace] GC(172) Metaspace: 1745K(2048K)->1745K(2048K) NonClass: 1568K(1728K)->1568K(1728K) Class: 177K(320K)->177K(320K)
[2026-05-27T11:23:25.804+0530][7.060s][info][gc          ] GC(172) Pause Young (Normal) (G1 Evacuation Pause) 325M->14M(512M) 0.765ms
[2026-05-27T11:23:25.804+0530][7.060s][info][gc,cpu      ] GC(172) User=0.00s Sys=0.00s Real=0.00s
[2026-05-27T11:23:25.844+0530][7.100s][info][gc,start    ] GC(173) Pause Young (Normal) (G1 Evacuation Pause)
[2026-05-27T11:23:25.844+0530][7.100s][info][gc,task     ] GC(173) Using 9 workers of 9 for evacuation
[2026-05-27T11:23:25.844+0530][7.100s][info][gc,phases   ] GC(173)   Pre Evacuate Collection Set: 0.10ms
[2026-05-27T11:23:25.844+0530][7.100s][info][gc,phases   ] GC(173)   Merge Heap Roots: 0.06ms
[2026-05-27T11:23:25.844+0530][7.100s][info][gc,phases   ] GC(173)   Evacuate Collection Set: 0.27ms
[2026-05-27T11:23:25.844+0530][7.100s][info][gc,phases   ] GC(173)   Post Evacuate Collection Set: 0.16ms
[2026-05-27T11:23:25.844+0530][7.100s][info][gc,phases   ] GC(173)   Other: 0.09ms
[2026-05-27T11:23:25.844+0530][7.100s][info][gc,heap     ] GC(173) Eden regions: 302->0(301)
[2026-05-27T11:23:25.844+0530][7.100s][info][gc,heap     ] GC(173) Survivor regions: 5->6(39)
[2026-05-27T11:23:25.844+0530][7.100s][info][gc,heap     ] GC(173) Old regions: 10->10
[2026-05-27T11:23:25.844+0530][7.100s][info][gc,heap     ] GC(173) Archive regions: 2->2
[2026-05-27T11:23:25.844+0530][7.100s][info][gc,heap     ] GC(173) Humongous regions: 0->0
[2026-05-27T11:23:25.844+0530][7.100s][info][gc,metaspace] GC(173) Metaspace: 1745K(2048K)->1745K(2048K) NonClass: 1568K(1728K)->1568K(1728K) Class: 177K(320K)->177K(320K)
[2026-05-27T11:23:25.844+0530][7.100s][info][gc          ] GC(173) Pause Young (Normal) (G1 Evacuation Pause) 316M->15M(512M) 0.762ms
[2026-05-27T11:23:25.844+0530][7.100s][info][gc,cpu      ] GC(173) User=0.01s Sys=0.00s Real=0.00s
[2026-05-27T11:23:25.882+0530][7.138s][info][gc,start    ] GC(174) Pause Young (Normal) (G1 Evacuation Pause)
[2026-05-27T11:23:25.882+0530][7.138s][info][gc,task     ] GC(174) Using 9 workers of 9 for evacuation
[2026-05-27T11:23:25.883+0530][7.139s][info][gc,phases   ] GC(174)   Pre Evacuate Collection Set: 0.08ms
[2026-05-27T11:23:25.883+0530][7.139s][info][gc,phases   ] GC(174)   Merge Heap Roots: 0.05ms
[2026-05-27T11:23:25.883+0530][7.139s][info][gc,phases   ] GC(174)   Evacuate Collection Set: 0.35ms
[2026-05-27T11:23:25.883+0530][7.139s][info][gc,phases   ] GC(174)   Post Evacuate Collection Set: 0.20ms
[2026-05-27T11:23:25.883+0530][7.139s][info][gc,phases   ] GC(174)   Other: 0.09ms
[2026-05-27T11:23:25.883+0530][7.139s][info][gc,heap     ] GC(174) Eden regions: 301->0(295)
[2026-05-27T11:23:25.883+0530][7.139s][info][gc,heap     ] GC(174) Survivor regions: 6->12(39)
[2026-05-27T11:23:25.883+0530][7.139s][info][gc,heap     ] GC(174) Old regions: 10->10
[2026-05-27T11:23:25.883+0530][7.139s][info][gc,heap     ] GC(174) Archive regions: 2->2
[2026-05-27T11:23:25.883+0530][7.139s][info][gc,heap     ] GC(174) Humongous regions: 0->0
[2026-05-27T11:23:25.883+0530][7.139s][info][gc,metaspace] GC(174) Metaspace: 1745K(2048K)->1745K(2048K) NonClass: 1568K(1728K)->1568K(1728K) Class: 177K(320K)->177K(320K)
[2026-05-27T11:23:25.883+0530][7.139s][info][gc          ] GC(174) Pause Young (Normal) (G1 Evacuation Pause) 316M->21M(512M) 0.837ms
[2026-05-27T11:23:25.883+0530][7.139s][info][gc,cpu      ] GC(174) User=0.00s Sys=0.00s Real=0.00s
[2026-05-27T11:23:25.922+0530][7.178s][info][gc,start    ] GC(175) Pause Young (Normal) (G1 Evacuation Pause)
[2026-05-27T11:23:25.922+0530][7.178s][info][gc,task     ] GC(175) Using 9 workers of 9 for evacuation
[2026-05-27T11:23:25.923+0530][7.179s][info][gc,phases   ] GC(175)   Pre Evacuate Collection Set: 0.13ms
[2026-05-27T11:23:25.923+0530][7.179s][info][gc,phases   ] GC(175)   Merge Heap Roots: 0.04ms
[2026-05-27T11:23:25.923+0530][7.179s][info][gc,phases   ] GC(175)   Evacuate Collection Set: 0.28ms
[2026-05-27T11:23:25.923+0530][7.179s][info][gc,phases   ] GC(175)   Post Evacuate Collection Set: 0.17ms
[2026-05-27T11:23:25.923+0530][7.179s][info][gc,phases   ] GC(175)   Other: 0.11ms
[2026-05-27T11:23:25.923+0530][7.179s][info][gc,heap     ] GC(175) Eden regions: 295->0(301)
[2026-05-27T11:23:25.923+0530][7.179s][info][gc,heap     ] GC(175) Survivor regions: 12->6(39)
[2026-05-27T11:23:25.923+0530][7.179s][info][gc,heap     ] GC(175) Old regions: 10->10
[2026-05-27T11:23:25.923+0530][7.179s][info][gc,heap     ] GC(175) Archive regions: 2->2
[2026-05-27T11:23:25.923+0530][7.179s][info][gc,heap     ] GC(175) Humongous regions: 9->0
[2026-05-27T11:23:25.923+0530][7.179s][info][gc,metaspace] GC(175) Metaspace: 1745K(2048K)->1745K(2048K) NonClass: 1568K(1728K)->1568K(1728K) Class: 177K(320K)->177K(320K)
[2026-05-27T11:23:25.923+0530][7.179s][info][gc          ] GC(175) Pause Young (Normal) (G1 Evacuation Pause) 325M->15M(512M) 0.811ms
[2026-05-27T11:23:25.923+0530][7.179s][info][gc,cpu      ] GC(175) User=0.01s Sys=0.00s Real=0.00s
[2026-05-27T11:23:25.959+0530][7.215s][info][gc,start    ] GC(176) Pause Young (Normal) (G1 Evacuation Pause)
[2026-05-27T11:23:25.959+0530][7.215s][info][gc,task     ] GC(176) Using 9 workers of 9 for evacuation
[2026-05-27T11:23:25.960+0530][7.216s][info][gc,phases   ] GC(176)   Pre Evacuate Collection Set: 0.12ms
[2026-05-27T11:23:25.960+0530][7.216s][info][gc,phases   ] GC(176)   Merge Heap Roots: 0.12ms
[2026-05-27T11:23:25.960+0530][7.216s][info][gc,phases   ] GC(176)   Evacuate Collection Set: 0.27ms
[2026-05-27T11:23:25.960+0530][7.216s][info][gc,phases   ] GC(176)   Post Evacuate Collection Set: 0.23ms
[2026-05-27T11:23:25.960+0530][7.216s][info][gc,phases   ] GC(176)   Other: 0.09ms
[2026-05-27T11:23:25.960+0530][7.216s][info][gc,heap     ] GC(176) Eden regions: 301->0(300)
[2026-05-27T11:23:25.960+0530][7.216s][info][gc,heap     ] GC(176) Survivor regions: 6->7(39)
[2026-05-27T11:23:25.960+0530][7.216s][info][gc,heap     ] GC(176) Old regions: 10->10
[2026-05-27T11:23:25.960+0530][7.216s][info][gc,heap     ] GC(176) Archive regions: 2->2
[2026-05-27T11:23:25.960+0530][7.216s][info][gc,heap     ] GC(176) Humongous regions: 0->0
[2026-05-27T11:23:25.960+0530][7.216s][info][gc,metaspace] GC(176) Metaspace: 1745K(2048K)->1745K(2048K) NonClass: 1568K(1728K)->1568K(1728K) Class: 177K(320K)->177K(320K)
[2026-05-27T11:23:25.960+0530][7.216s][info][gc          ] GC(176) Pause Young (Normal) (G1 Evacuation Pause) 316M->16M(512M) 0.884ms
[2026-05-27T11:23:25.960+0530][7.216s][info][gc,cpu      ] GC(176) User=0.01s Sys=0.00s Real=0.01s
[2026-05-27T11:23:26.000+0530][7.256s][info][gc,start    ] GC(177) Pause Young (Normal) (G1 Evacuation Pause)
[2026-05-27T11:23:26.000+0530][7.256s][info][gc,task     ] GC(177) Using 9 workers of 9 for evacuation
[2026-05-27T11:23:26.001+0530][7.257s][info][gc,phases   ] GC(177)   Pre Evacuate Collection Set: 0.10ms
[2026-05-27T11:23:26.001+0530][7.257s][info][gc,phases   ] GC(177)   Merge Heap Roots: 0.05ms
[2026-05-27T11:23:26.001+0530][7.257s][info][gc,phases   ] GC(177)   Evacuate Collection Set: 0.29ms
[2026-05-27T11:23:26.001+0530][7.257s][info][gc,phases   ] GC(177)   Post Evacuate Collection Set: 0.17ms
[2026-05-27T11:23:26.001+0530][7.257s][info][gc,phases   ] GC(177)   Other: 0.12ms
[2026-05-27T11:23:26.001+0530][7.257s][info][gc,heap     ] GC(177) Eden regions: 300->0(302)
[2026-05-27T11:23:26.001+0530][7.257s][info][gc,heap     ] GC(177) Survivor regions: 7->5(39)
[2026-05-27T11:23:26.001+0530][7.257s][info][gc,heap     ] GC(177) Old regions: 10->10
[2026-05-27T11:23:26.001+0530][7.257s][info][gc,heap     ] GC(177) Archive regions: 2->2
[2026-05-27T11:23:26.001+0530][7.257s][info][gc,heap     ] GC(177) Humongous regions: 0->0
[2026-05-27T11:23:26.001+0530][7.257s][info][gc,metaspace] GC(177) Metaspace: 1745K(2048K)->1745K(2048K) NonClass: 1568K(1728K)->1568K(1728K) Class: 177K(320K)->177K(320K)
[2026-05-27T11:23:26.001+0530][7.257s][info][gc          ] GC(177) Pause Young (Normal) (G1 Evacuation Pause) 316M->14M(512M) 0.798ms
[2026-05-27T11:23:26.001+0530][7.257s][info][gc,cpu      ] GC(177) User=0.00s Sys=0.00s Real=0.00s
[2026-05-27T11:23:26.038+0530][7.295s][info][gc,start    ] GC(178) Pause Young (Normal) (G1 Evacuation Pause)
[2026-05-27T11:23:26.038+0530][7.295s][info][gc,task     ] GC(178) Using 9 workers of 9 for evacuation
[2026-05-27T11:23:26.039+0530][7.295s][info][gc,phases   ] GC(178)   Pre Evacuate Collection Set: 0.09ms
[2026-05-27T11:23:26.039+0530][7.295s][info][gc,phases   ] GC(178)   Merge Heap Roots: 0.06ms
[2026-05-27T11:23:26.039+0530][7.295s][info][gc,phases   ] GC(178)   Evacuate Collection Set: 0.24ms
[2026-05-27T11:23:26.039+0530][7.295s][info][gc,phases   ] GC(178)   Post Evacuate Collection Set: 0.20ms
[2026-05-27T11:23:26.039+0530][7.295s][info][gc,phases   ] GC(178)   Other: 0.11ms
[2026-05-27T11:23:26.039+0530][7.295s][info][gc,heap     ] GC(178) Eden regions: 302->0(302)
[2026-05-27T11:23:26.039+0530][7.295s][info][gc,heap     ] GC(178) Survivor regions: 5->5(39)
[2026-05-27T11:23:26.039+0530][7.295s][info][gc,heap     ] GC(178) Old regions: 10->10
[2026-05-27T11:23:26.039+0530][7.295s][info][gc,heap     ] GC(178) Archive regions: 2->2
[2026-05-27T11:23:26.039+0530][7.295s][info][gc,heap     ] GC(178) Humongous regions: 0->0
[2026-05-27T11:23:26.039+0530][7.295s][info][gc,metaspace] GC(178) Metaspace: 1745K(2048K)->1745K(2048K) NonClass: 1568K(1728K)->1568K(1728K) Class: 177K(320K)->177K(320K)
[2026-05-27T11:23:26.039+0530][7.295s][info][gc          ] GC(178) Pause Young (Normal) (G1 Evacuation Pause) 316M->15M(512M) 0.753ms
[2026-05-27T11:23:26.039+0530][7.295s][info][gc,cpu      ] GC(178) User=0.00s Sys=0.00s Real=0.00s
[2026-05-27T11:23:26.076+0530][7.333s][info][gc,start    ] GC(179) Pause Young (Normal) (G1 Evacuation Pause)
[2026-05-27T11:23:26.077+0530][7.333s][info][gc,task     ] GC(179) Using 9 workers of 9 for evacuation
[2026-05-27T11:23:26.077+0530][7.333s][info][gc,phases   ] GC(179)   Pre Evacuate Collection Set: 0.08ms
[2026-05-27T11:23:26.077+0530][7.333s][info][gc,phases   ] GC(179)   Merge Heap Roots: 0.13ms
[2026-05-27T11:23:26.077+0530][7.333s][info][gc,phases   ] GC(179)   Evacuate Collection Set: 0.27ms
[2026-05-27T11:23:26.077+0530][7.333s][info][gc,phases   ] GC(179)   Post Evacuate Collection Set: 0.19ms
[2026-05-27T11:23:26.077+0530][7.333s][info][gc,phases   ] GC(179)   Other: 0.12ms
[2026-05-27T11:23:26.077+0530][7.333s][info][gc,heap     ] GC(179) Eden regions: 302->0(300)
[2026-05-27T11:23:26.077+0530][7.333s][info][gc,heap     ] GC(179) Survivor regions: 5->7(39)
[2026-05-27T11:23:26.077+0530][7.333s][info][gc,heap     ] GC(179) Old regions: 10->10
[2026-05-27T11:23:26.077+0530][7.333s][info][gc,heap     ] GC(179) Archive regions: 2->2
[2026-05-27T11:23:26.077+0530][7.333s][info][gc,heap     ] GC(179) Humongous regions: 0->0
[2026-05-27T11:23:26.077+0530][7.333s][info][gc,metaspace] GC(179) Metaspace: 1745K(2048K)->1745K(2048K) NonClass: 1568K(1728K)->1568K(1728K) Class: 177K(320K)->177K(320K)
[2026-05-27T11:23:26.077+0530][7.333s][info][gc          ] GC(179) Pause Young (Normal) (G1 Evacuation Pause) 316M->16M(512M) 0.849ms
[2026-05-27T11:23:26.077+0530][7.333s][info][gc,cpu      ] GC(179) User=0.00s Sys=0.00s Real=0.00s
[2026-05-27T11:23:26.118+0530][7.374s][info][gc,start    ] GC(180) Pause Young (Normal) (G1 Evacuation Pause)
[2026-05-27T11:23:26.118+0530][7.374s][info][gc,task     ] GC(180) Using 9 workers of 9 for evacuation
[2026-05-27T11:23:26.121+0530][7.378s][info][gc,phases   ] GC(180)   Pre Evacuate Collection Set: 0.11ms
[2026-05-27T11:23:26.121+0530][7.378s][info][gc,phases   ] GC(180)   Merge Heap Roots: 0.05ms
[2026-05-27T11:23:26.122+0530][7.378s][info][gc,phases   ] GC(180)   Evacuate Collection Set: 2.51ms
[2026-05-27T11:23:26.122+0530][7.378s][info][gc,phases   ] GC(180)   Post Evacuate Collection Set: 0.66ms
[2026-05-27T11:23:26.122+0530][7.378s][info][gc,phases   ] GC(180)   Other: 0.15ms
[2026-05-27T11:23:26.122+0530][7.378s][info][gc,heap     ] GC(180) Eden regions: 300->0(301)
[2026-05-27T11:23:26.122+0530][7.378s][info][gc,heap     ] GC(180) Survivor regions: 7->6(39)
[2026-05-27T11:23:26.122+0530][7.378s][info][gc,heap     ] GC(180) Old regions: 10->10
[2026-05-27T11:23:26.122+0530][7.378s][info][gc,heap     ] GC(180) Archive regions: 2->2
[2026-05-27T11:23:26.122+0530][7.378s][info][gc,heap     ] GC(180) Humongous regions: 0->0
[2026-05-27T11:23:26.122+0530][7.378s][info][gc,metaspace] GC(180) Metaspace: 1745K(2048K)->1745K(2048K) NonClass: 1568K(1728K)->1568K(1728K) Class: 177K(320K)->177K(320K)
[2026-05-27T11:23:26.122+0530][7.378s][info][gc          ] GC(180) Pause Young (Normal) (G1 Evacuation Pause) 316M->15M(512M) 3.722ms
[2026-05-27T11:23:26.122+0530][7.378s][info][gc,cpu      ] GC(180) User=0.00s Sys=0.00s Real=0.01s
[2026-05-27T11:23:26.161+0530][7.417s][info][gc,start    ] GC(181) Pause Young (Normal) (G1 Evacuation Pause)
[2026-05-27T11:23:26.161+0530][7.417s][info][gc,task     ] GC(181) Using 9 workers of 9 for evacuation
[2026-05-27T11:23:26.161+0530][7.417s][info][gc,phases   ] GC(181)   Pre Evacuate Collection Set: 0.09ms
[2026-05-27T11:23:26.161+0530][7.418s][info][gc,phases   ] GC(181)   Merge Heap Roots: 0.11ms
[2026-05-27T11:23:26.161+0530][7.418s][info][gc,phases   ] GC(181)   Evacuate Collection Set: 0.24ms
[2026-05-27T11:23:26.161+0530][7.418s][info][gc,phases   ] GC(181)   Post Evacuate Collection Set: 0.20ms
[2026-05-27T11:23:26.161+0530][7.418s][info][gc,phases   ] GC(181)   Other: 0.11ms
[2026-05-27T11:23:26.161+0530][7.418s][info][gc,heap     ] GC(181) Eden regions: 301->0(301)
[2026-05-27T11:23:26.161+0530][7.418s][info][gc,heap     ] GC(181) Survivor regions: 6->6(39)
[2026-05-27T11:23:26.161+0530][7.418s][info][gc,heap     ] GC(181) Old regions: 10->10
[2026-05-27T11:23:26.161+0530][7.418s][info][gc,heap     ] GC(181) Archive regions: 2->2
[2026-05-27T11:23:26.161+0530][7.418s][info][gc,heap     ] GC(181) Humongous regions: 0->0
[2026-05-27T11:23:26.161+0530][7.418s][info][gc,metaspace] GC(181) Metaspace: 1745K(2048K)->1745K(2048K) NonClass: 1568K(1728K)->1568K(1728K) Class: 177K(320K)->177K(320K)
[2026-05-27T11:23:26.161+0530][7.418s][info][gc          ] GC(181) Pause Young (Normal) (G1 Evacuation Pause) 316M->15M(512M) 0.813ms
[2026-05-27T11:23:26.161+0530][7.418s][info][gc,cpu      ] GC(181) User=0.00s Sys=0.00s Real=0.00s
[2026-05-27T11:23:26.202+0530][7.458s][info][gc,start    ] GC(182) Pause Young (Normal) (G1 Evacuation Pause)
[2026-05-27T11:23:26.202+0530][7.458s][info][gc,task     ] GC(182) Using 9 workers of 9 for evacuation
[2026-05-27T11:23:26.203+0530][7.459s][info][gc,phases   ] GC(182)   Pre Evacuate Collection Set: 0.09ms
[2026-05-27T11:23:26.203+0530][7.459s][info][gc,phases   ] GC(182)   Merge Heap Roots: 0.11ms
[2026-05-27T11:23:26.203+0530][7.459s][info][gc,phases   ] GC(182)   Evacuate Collection Set: 0.28ms
[2026-05-27T11:23:26.203+0530][7.459s][info][gc,phases   ] GC(182)   Post Evacuate Collection Set: 0.22ms
[2026-05-27T11:23:26.203+0530][7.459s][info][gc,phases   ] GC(182)   Other: 0.13ms
[2026-05-27T11:23:26.203+0530][7.459s][info][gc,heap     ] GC(182) Eden regions: 301->0(302)
[2026-05-27T11:23:26.203+0530][7.459s][info][gc,heap     ] GC(182) Survivor regions: 6->5(39)
[2026-05-27T11:23:26.203+0530][7.459s][info][gc,heap     ] GC(182) Old regions: 10->10
[2026-05-27T11:23:26.203+0530][7.459s][info][gc,heap     ] GC(182) Archive regions: 2->2
[2026-05-27T11:23:26.203+0530][7.459s][info][gc,heap     ] GC(182) Humongous regions: 0->0
[2026-05-27T11:23:26.203+0530][7.459s][info][gc,metaspace] GC(182) Metaspace: 1745K(2048K)->1745K(2048K) NonClass: 1568K(1728K)->1568K(1728K) Class: 177K(320K)->177K(320K)
[2026-05-27T11:23:26.203+0530][7.459s][info][gc          ] GC(182) Pause Young (Normal) (G1 Evacuation Pause) 316M->15M(512M) 0.892ms
[2026-05-27T11:23:26.203+0530][7.459s][info][gc,cpu      ] GC(182) User=0.00s Sys=0.00s Real=0.00s
[2026-05-27T11:23:26.241+0530][7.497s][info][gc,start    ] GC(183) Pause Young (Normal) (G1 Evacuation Pause)
[2026-05-27T11:23:26.241+0530][7.497s][info][gc,task     ] GC(183) Using 9 workers of 9 for evacuation
[2026-05-27T11:23:26.242+0530][7.498s][info][gc,phases   ] GC(183)   Pre Evacuate Collection Set: 0.12ms
[2026-05-27T11:23:26.242+0530][7.498s][info][gc,phases   ] GC(183)   Merge Heap Roots: 0.04ms
[2026-05-27T11:23:26.242+0530][7.498s][info][gc,phases   ] GC(183)   Evacuate Collection Set: 0.28ms
[2026-05-27T11:23:26.242+0530][7.498s][info][gc,phases   ] GC(183)   Post Evacuate Collection Set: 0.21ms
[2026-05-27T11:23:26.242+0530][7.498s][info][gc,phases   ] GC(183)   Other: 0.11ms
[2026-05-27T11:23:26.242+0530][7.498s][info][gc,heap     ] GC(183) Eden regions: 302->0(301)
[2026-05-27T11:23:26.242+0530][7.498s][info][gc,heap     ] GC(183) Survivor regions: 5->6(39)
[2026-05-27T11:23:26.242+0530][7.498s][info][gc,heap     ] GC(183) Old regions: 10->10
[2026-05-27T11:23:26.242+0530][7.498s][info][gc,heap     ] GC(183) Archive regions: 2->2
[2026-05-27T11:23:26.242+0530][7.498s][info][gc,heap     ] GC(183) Humongous regions: 0->0
[2026-05-27T11:23:26.242+0530][7.498s][info][gc,metaspace] GC(183) Metaspace: 1745K(2048K)->1745K(2048K) NonClass: 1568K(1728K)->1568K(1728K) Class: 177K(320K)->177K(320K)
[2026-05-27T11:23:26.242+0530][7.498s][info][gc          ] GC(183) Pause Young (Normal) (G1 Evacuation Pause) 316M->15M(512M) 0.836ms
[2026-05-27T11:23:26.242+0530][7.498s][info][gc,cpu      ] GC(183) User=0.00s Sys=0.00s Real=0.00s
[2026-05-27T11:23:26.282+0530][7.538s][info][gc,start    ] GC(184) Pause Young (Normal) (G1 Evacuation Pause)
[2026-05-27T11:23:26.282+0530][7.538s][info][gc,task     ] GC(184) Using 9 workers of 9 for evacuation
[2026-05-27T11:23:26.282+0530][7.538s][info][gc,phases   ] GC(184)   Pre Evacuate Collection Set: 0.06ms
[2026-05-27T11:23:26.282+0530][7.538s][info][gc,phases   ] GC(184)   Merge Heap Roots: 0.04ms
[2026-05-27T11:23:26.282+0530][7.538s][info][gc,phases   ] GC(184)   Evacuate Collection Set: 0.25ms
[2026-05-27T11:23:26.282+0530][7.538s][info][gc,phases   ] GC(184)   Post Evacuate Collection Set: 0.19ms
[2026-05-27T11:23:26.282+0530][7.538s][info][gc,phases   ] GC(184)   Other: 0.10ms
[2026-05-27T11:23:26.282+0530][7.538s][info][gc,heap     ] GC(184) Eden regions: 301->0(306)
[2026-05-27T11:23:26.282+0530][7.538s][info][gc,heap     ] GC(184) Survivor regions: 6->1(39)
[2026-05-27T11:23:26.282+0530][7.538s][info][gc,heap     ] GC(184) Old regions: 10->10
[2026-05-27T11:23:26.282+0530][7.538s][info][gc,heap     ] GC(184) Archive regions: 2->2
[2026-05-27T11:23:26.282+0530][7.538s][info][gc,heap     ] GC(184) Humongous regions: 0->0
[2026-05-27T11:23:26.282+0530][7.538s][info][gc,metaspace] GC(184) Metaspace: 1745K(2048K)->1745K(2048K) NonClass: 1568K(1728K)->1568K(1728K) Class: 177K(320K)->177K(320K)
[2026-05-27T11:23:26.282+0530][7.538s][info][gc          ] GC(184) Pause Young (Normal) (G1 Evacuation Pause) 316M->10M(512M) 0.713ms
[2026-05-27T11:23:26.282+0530][7.538s][info][gc,cpu      ] GC(184) User=0.00s Sys=0.00s Real=0.00s
[2026-05-27T11:23:26.322+0530][7.578s][info][gc,start    ] GC(185) Pause Young (Normal) (G1 Evacuation Pause)
[2026-05-27T11:23:26.322+0530][7.578s][info][gc,task     ] GC(185) Using 9 workers of 9 for evacuation
[2026-05-27T11:23:26.323+0530][7.579s][info][gc,phases   ] GC(185)   Pre Evacuate Collection Set: 0.08ms
[2026-05-27T11:23:26.323+0530][7.579s][info][gc,phases   ] GC(185)   Merge Heap Roots: 0.06ms
[2026-05-27T11:23:26.323+0530][7.579s][info][gc,phases   ] GC(185)   Evacuate Collection Set: 0.26ms
[2026-05-27T11:23:26.323+0530][7.579s][info][gc,phases   ] GC(185)   Post Evacuate Collection Set: 0.17ms
[2026-05-27T11:23:26.323+0530][7.579s][info][gc,phases   ] GC(185)   Other: 0.11ms
[2026-05-27T11:23:26.323+0530][7.579s][info][gc,heap     ] GC(185) Eden regions: 306->0(303)
[2026-05-27T11:23:26.323+0530][7.579s][info][gc,heap     ] GC(185) Survivor regions: 1->4(39)
[2026-05-27T11:23:26.323+0530][7.579s][info][gc,heap     ] GC(185) Old regions: 10->10
[2026-05-27T11:23:26.323+0530][7.579s][info][gc,heap     ] GC(185) Archive regions: 2->2
[2026-05-27T11:23:26.323+0530][7.579s][info][gc,heap     ] GC(185) Humongous regions: 0->0
[2026-05-27T11:23:26.323+0530][7.579s][info][gc,metaspace] GC(185) Metaspace: 1745K(2048K)->1745K(2048K) NonClass: 1568K(1728K)->1568K(1728K) Class: 177K(320K)->177K(320K)
[2026-05-27T11:23:26.323+0530][7.579s][info][gc          ] GC(185) Pause Young (Normal) (G1 Evacuation Pause) 316M->13M(512M) 0.730ms
[2026-05-27T11:23:26.323+0530][7.579s][info][gc,cpu      ] GC(185) User=0.00s Sys=0.00s Real=0.00s
[2026-05-27T11:23:26.361+0530][7.617s][info][gc,start    ] GC(186) Pause Young (Normal) (G1 Evacuation Pause)
[2026-05-27T11:23:26.361+0530][7.617s][info][gc,task     ] GC(186) Using 9 workers of 9 for evacuation
[2026-05-27T11:23:26.362+0530][7.618s][info][gc,phases   ] GC(186)   Pre Evacuate Collection Set: 0.07ms
[2026-05-27T11:23:26.362+0530][7.618s][info][gc,phases   ] GC(186)   Merge Heap Roots: 0.05ms
[2026-05-27T11:23:26.362+0530][7.618s][info][gc,phases   ] GC(186)   Evacuate Collection Set: 0.23ms
[2026-05-27T11:23:26.362+0530][7.618s][info][gc,phases   ] GC(186)   Post Evacuate Collection Set: 0.23ms
[2026-05-27T11:23:26.362+0530][7.618s][info][gc,phases   ] GC(186)   Other: 0.10ms
[2026-05-27T11:23:26.362+0530][7.618s][info][gc,heap     ] GC(186) Eden regions: 303->0(302)
[2026-05-27T11:23:26.362+0530][7.618s][info][gc,heap     ] GC(186) Survivor regions: 4->5(39)
[2026-05-27T11:23:26.362+0530][7.618s][info][gc,heap     ] GC(186) Old regions: 10->10
[2026-05-27T11:23:26.362+0530][7.618s][info][gc,heap     ] GC(186) Archive regions: 2->2
[2026-05-27T11:23:26.362+0530][7.618s][info][gc,heap     ] GC(186) Humongous regions: 0->0
[2026-05-27T11:23:26.362+0530][7.618s][info][gc,metaspace] GC(186) Metaspace: 1745K(2048K)->1745K(2048K) NonClass: 1568K(1728K)->1568K(1728K) Class: 177K(320K)->177K(320K)
[2026-05-27T11:23:26.362+0530][7.618s][info][gc          ] GC(186) Pause Young (Normal) (G1 Evacuation Pause) 316M->14M(512M) 0.724ms
[2026-05-27T11:23:26.362+0530][7.618s][info][gc,cpu      ] GC(186) User=0.01s Sys=0.00s Real=0.00s
[2026-05-27T11:23:26.401+0530][7.657s][info][gc,start    ] GC(187) Pause Young (Normal) (G1 Evacuation Pause)
[2026-05-27T11:23:26.401+0530][7.657s][info][gc,task     ] GC(187) Using 9 workers of 9 for evacuation
[2026-05-27T11:23:26.402+0530][7.658s][info][gc,phases   ] GC(187)   Pre Evacuate Collection Set: 0.08ms
[2026-05-27T11:23:26.402+0530][7.658s][info][gc,phases   ] GC(187)   Merge Heap Roots: 0.04ms
[2026-05-27T11:23:26.402+0530][7.658s][info][gc,phases   ] GC(187)   Evacuate Collection Set: 0.25ms
[2026-05-27T11:23:26.402+0530][7.658s][info][gc,phases   ] GC(187)   Post Evacuate Collection Set: 0.23ms
[2026-05-27T11:23:26.402+0530][7.658s][info][gc,phases   ] GC(187)   Other: 0.09ms
[2026-05-27T11:23:26.402+0530][7.658s][info][gc,heap     ] GC(187) Eden regions: 302->0(306)
[2026-05-27T11:23:26.402+0530][7.658s][info][gc,heap     ] GC(187) Survivor regions: 5->1(39)
[2026-05-27T11:23:26.402+0530][7.658s][info][gc,heap     ] GC(187) Old regions: 10->10
[2026-05-27T11:23:26.402+0530][7.658s][info][gc,heap     ] GC(187) Archive regions: 2->2
[2026-05-27T11:23:26.402+0530][7.658s][info][gc,heap     ] GC(187) Humongous regions: 9->0
[2026-05-27T11:23:26.402+0530][7.658s][info][gc,metaspace] GC(187) Metaspace: 1745K(2048K)->1745K(2048K) NonClass: 1568K(1728K)->1568K(1728K) Class: 177K(320K)->177K(320K)
[2026-05-27T11:23:26.402+0530][7.658s][info][gc          ] GC(187) Pause Young (Normal) (G1 Evacuation Pause) 325M->10M(512M) 0.780ms
[2026-05-27T11:23:26.402+0530][7.658s][info][gc,cpu      ] GC(187) User=0.00s Sys=0.01s Real=0.00s
[2026-05-27T11:23:26.440+0530][7.696s][info][gc,start    ] GC(188) Pause Young (Normal) (G1 Evacuation Pause)
[2026-05-27T11:23:26.440+0530][7.696s][info][gc,task     ] GC(188) Using 9 workers of 9 for evacuation
[2026-05-27T11:23:26.440+0530][7.696s][info][gc,phases   ] GC(188)   Pre Evacuate Collection Set: 0.07ms
[2026-05-27T11:23:26.440+0530][7.696s][info][gc,phases   ] GC(188)   Merge Heap Roots: 0.09ms
[2026-05-27T11:23:26.440+0530][7.696s][info][gc,phases   ] GC(188)   Evacuate Collection Set: 0.23ms
[2026-05-27T11:23:26.440+0530][7.696s][info][gc,phases   ] GC(188)   Post Evacuate Collection Set: 0.17ms
[2026-05-27T11:23:26.440+0530][7.696s][info][gc,phases   ] GC(188)   Other: 0.09ms
[2026-05-27T11:23:26.440+0530][7.696s][info][gc,heap     ] GC(188) Eden regions: 306->0(300)
[2026-05-27T11:23:26.440+0530][7.696s][info][gc,heap     ] GC(188) Survivor regions: 1->7(39)
[2026-05-27T11:23:26.440+0530][7.696s][info][gc,heap     ] GC(188) Old regions: 10->10
[2026-05-27T11:23:26.440+0530][7.696s][info][gc,heap     ] GC(188) Archive regions: 2->2
[2026-05-27T11:23:26.440+0530][7.696s][info][gc,heap     ] GC(188) Humongous regions: 9->9
[2026-05-27T11:23:26.440+0530][7.696s][info][gc,metaspace] GC(188) Metaspace: 1745K(2048K)->1745K(2048K) NonClass: 1568K(1728K)->1568K(1728K) Class: 177K(320K)->177K(320K)
[2026-05-27T11:23:26.440+0530][7.696s][info][gc          ] GC(188) Pause Young (Normal) (G1 Evacuation Pause) 325M->25M(512M) 0.709ms
[2026-05-27T11:23:26.440+0530][7.696s][info][gc,cpu      ] GC(188) User=0.01s Sys=0.00s Real=0.00s
[2026-05-27T11:23:26.480+0530][7.736s][info][gc,start    ] GC(189) Pause Young (Normal) (G1 Evacuation Pause)
[2026-05-27T11:23:26.480+0530][7.736s][info][gc,task     ] GC(189) Using 9 workers of 9 for evacuation
[2026-05-27T11:23:26.480+0530][7.736s][info][gc,phases   ] GC(189)   Pre Evacuate Collection Set: 0.12ms
[2026-05-27T11:23:26.480+0530][7.736s][info][gc,phases   ] GC(189)   Merge Heap Roots: 0.05ms
[2026-05-27T11:23:26.480+0530][7.736s][info][gc,phases   ] GC(189)   Evacuate Collection Set: 0.29ms
[2026-05-27T11:23:26.480+0530][7.736s][info][gc,phases   ] GC(189)   Post Evacuate Collection Set: 0.18ms
[2026-05-27T11:23:26.480+0530][7.736s][info][gc,phases   ] GC(189)   Other: 0.10ms
[2026-05-27T11:23:26.480+0530][7.736s][info][gc,heap     ] GC(189) Eden regions: 300->0(303)
[2026-05-27T11:23:26.480+0530][7.736s][info][gc,heap     ] GC(189) Survivor regions: 7->4(39)
[2026-05-27T11:23:26.480+0530][7.736s][info][gc,heap     ] GC(189) Old regions: 10->10
[2026-05-27T11:23:26.480+0530][7.736s][info][gc,heap     ] GC(189) Archive regions: 2->2
[2026-05-27T11:23:26.480+0530][7.736s][info][gc,heap     ] GC(189) Humongous regions: 9->0
[2026-05-27T11:23:26.480+0530][7.736s][info][gc,metaspace] GC(189) Metaspace: 1745K(2048K)->1745K(2048K) NonClass: 1568K(1728K)->1568K(1728K) Class: 177K(320K)->177K(320K)
[2026-05-27T11:23:26.480+0530][7.736s][info][gc          ] GC(189) Pause Young (Normal) (G1 Evacuation Pause) 325M->14M(512M) 0.814ms
[2026-05-27T11:23:26.480+0530][7.737s][info][gc,cpu      ] GC(189) User=0.00s Sys=0.00s Real=0.00s
[2026-05-27T11:23:26.519+0530][7.775s][info][gc,start    ] GC(190) Pause Young (Normal) (G1 Evacuation Pause)
[2026-05-27T11:23:26.519+0530][7.775s][info][gc,task     ] GC(190) Using 9 workers of 9 for evacuation
[2026-05-27T11:23:26.520+0530][7.776s][info][gc,phases   ] GC(190)   Pre Evacuate Collection Set: 0.08ms
[2026-05-27T11:23:26.520+0530][7.776s][info][gc,phases   ] GC(190)   Merge Heap Roots: 0.06ms
[2026-05-27T11:23:26.520+0530][7.776s][info][gc,phases   ] GC(190)   Evacuate Collection Set: 0.28ms
[2026-05-27T11:23:26.520+0530][7.776s][info][gc,phases   ] GC(190)   Post Evacuate Collection Set: 0.22ms
[2026-05-27T11:23:26.520+0530][7.776s][info][gc,phases   ] GC(190)   Other: 0.11ms
[2026-05-27T11:23:26.520+0530][7.776s][info][gc,heap     ] GC(190) Eden regions: 303->0(302)
[2026-05-27T11:23:26.520+0530][7.776s][info][gc,heap     ] GC(190) Survivor regions: 4->5(39)
[2026-05-27T11:23:26.520+0530][7.776s][info][gc,heap     ] GC(190) Old regions: 10->10
[2026-05-27T11:23:26.520+0530][7.776s][info][gc,heap     ] GC(190) Archive regions: 2->2
[2026-05-27T11:23:26.520+0530][7.776s][info][gc,heap     ] GC(190) Humongous regions: 0->0
[2026-05-27T11:23:26.520+0530][7.776s][info][gc,metaspace] GC(190) Metaspace: 1745K(2048K)->1745K(2048K) NonClass: 1568K(1728K)->1568K(1728K) Class: 177K(320K)->177K(320K)
[2026-05-27T11:23:26.520+0530][7.776s][info][gc          ] GC(190) Pause Young (Normal) (G1 Evacuation Pause) 316M->14M(512M) 0.825ms
[2026-05-27T11:23:26.520+0530][7.776s][info][gc,cpu      ] GC(190) User=0.00s Sys=0.00s Real=0.01s
[2026-05-27T11:23:26.558+0530][7.815s][info][gc,start    ] GC(191) Pause Young (Normal) (G1 Evacuation Pause)
[2026-05-27T11:23:26.559+0530][7.815s][info][gc,task     ] GC(191) Using 9 workers of 9 for evacuation
[2026-05-27T11:23:26.559+0530][7.815s][info][gc,phases   ] GC(191)   Pre Evacuate Collection Set: 0.10ms
[2026-05-27T11:23:26.559+0530][7.815s][info][gc,phases   ] GC(191)   Merge Heap Roots: 0.05ms
[2026-05-27T11:23:26.559+0530][7.815s][info][gc,phases   ] GC(191)   Evacuate Collection Set: 0.27ms
[2026-05-27T11:23:26.559+0530][7.815s][info][gc,phases   ] GC(191)   Post Evacuate Collection Set: 0.21ms
[2026-05-27T11:23:26.559+0530][7.815s][info][gc,phases   ] GC(191)   Other: 0.09ms
[2026-05-27T11:23:26.559+0530][7.815s][info][gc,heap     ] GC(191) Eden regions: 302->0(302)
[2026-05-27T11:23:26.559+0530][7.815s][info][gc,heap     ] GC(191) Survivor regions: 5->5(39)
[2026-05-27T11:23:26.559+0530][7.815s][info][gc,heap     ] GC(191) Old regions: 10->10
[2026-05-27T11:23:26.559+0530][7.815s][info][gc,heap     ] GC(191) Archive regions: 2->2
[2026-05-27T11:23:26.559+0530][7.815s][info][gc,heap     ] GC(191) Humongous regions: 9->0
[2026-05-27T11:23:26.559+0530][7.815s][info][gc,metaspace] GC(191) Metaspace: 1745K(2048K)->1745K(2048K) NonClass: 1568K(1728K)->1568K(1728K) Class: 177K(320K)->177K(320K)
[2026-05-27T11:23:26.559+0530][7.815s][info][gc          ] GC(191) Pause Young (Normal) (G1 Evacuation Pause) 325M->14M(512M) 0.783ms
[2026-05-27T11:23:26.559+0530][7.815s][info][gc,cpu      ] GC(191) User=0.00s Sys=0.00s Real=0.00s
[2026-05-27T11:23:26.599+0530][7.856s][info][gc,start    ] GC(192) Pause Young (Normal) (G1 Evacuation Pause)
[2026-05-27T11:23:26.600+0530][7.856s][info][gc,task     ] GC(192) Using 9 workers of 9 for evacuation
[2026-05-27T11:23:26.600+0530][7.856s][info][gc,phases   ] GC(192)   Pre Evacuate Collection Set: 0.08ms
[2026-05-27T11:23:26.600+0530][7.856s][info][gc,phases   ] GC(192)   Merge Heap Roots: 0.06ms
[2026-05-27T11:23:26.600+0530][7.856s][info][gc,phases   ] GC(192)   Evacuate Collection Set: 0.28ms
[2026-05-27T11:23:26.600+0530][7.856s][info][gc,phases   ] GC(192)   Post Evacuate Collection Set: 0.18ms
[2026-05-27T11:23:26.600+0530][7.856s][info][gc,phases   ] GC(192)   Other: 0.10ms
[2026-05-27T11:23:26.600+0530][7.856s][info][gc,heap     ] GC(192) Eden regions: 302->0(303)
[2026-05-27T11:23:26.600+0530][7.856s][info][gc,heap     ] GC(192) Survivor regions: 5->4(39)
[2026-05-27T11:23:26.600+0530][7.856s][info][gc,heap     ] GC(192) Old regions: 10->10
[2026-05-27T11:23:26.600+0530][7.856s][info][gc,heap     ] GC(192) Archive regions: 2->2
[2026-05-27T11:23:26.600+0530][7.856s][info][gc,heap     ] GC(192) Humongous regions: 9->0
[2026-05-27T11:23:26.600+0530][7.856s][info][gc,metaspace] GC(192) Metaspace: 1745K(2048K)->1745K(2048K) NonClass: 1568K(1728K)->1568K(1728K) Class: 177K(320K)->177K(320K)
[2026-05-27T11:23:26.600+0530][7.856s][info][gc          ] GC(192) Pause Young (Normal) (G1 Evacuation Pause) 325M->13M(512M) 0.770ms
[2026-05-27T11:23:26.600+0530][7.856s][info][gc,cpu      ] GC(192) User=0.00s Sys=0.00s Real=0.01s
[2026-05-27T11:23:26.640+0530][7.896s][info][gc,start    ] GC(193) Pause Young (Normal) (G1 Evacuation Pause)
[2026-05-27T11:23:26.640+0530][7.896s][info][gc,task     ] GC(193) Using 9 workers of 9 for evacuation
[2026-05-27T11:23:26.641+0530][7.897s][info][gc,phases   ] GC(193)   Pre Evacuate Collection Set: 0.08ms
[2026-05-27T11:23:26.641+0530][7.897s][info][gc,phases   ] GC(193)   Merge Heap Roots: 0.05ms
[2026-05-27T11:23:26.641+0530][7.897s][info][gc,phases   ] GC(193)   Evacuate Collection Set: 0.23ms
[2026-05-27T11:23:26.641+0530][7.897s][info][gc,phases   ] GC(193)   Post Evacuate Collection Set: 0.21ms
[2026-05-27T11:23:26.641+0530][7.897s][info][gc,phases   ] GC(193)   Other: 0.11ms
[2026-05-27T11:23:26.641+0530][7.897s][info][gc,heap     ] GC(193) Eden regions: 303->0(306)
[2026-05-27T11:23:26.641+0530][7.897s][info][gc,heap     ] GC(193) Survivor regions: 4->1(39)
[2026-05-27T11:23:26.641+0530][7.897s][info][gc,heap     ] GC(193) Old regions: 10->10
[2026-05-27T11:23:26.641+0530][7.897s][info][gc,heap     ] GC(193) Archive regions: 2->2
[2026-05-27T11:23:26.641+0530][7.897s][info][gc,heap     ] GC(193) Humongous regions: 0->0
[2026-05-27T11:23:26.641+0530][7.897s][info][gc,metaspace] GC(193) Metaspace: 1745K(2048K)->1745K(2048K) NonClass: 1568K(1728K)->1568K(1728K) Class: 177K(320K)->177K(320K)
[2026-05-27T11:23:26.641+0530][7.897s][info][gc          ] GC(193) Pause Young (Normal) (G1 Evacuation Pause) 316M->11M(512M) 0.757ms
[2026-05-27T11:23:26.641+0530][7.897s][info][gc,cpu      ] GC(193) User=0.00s Sys=0.01s Real=0.00s
[2026-05-27T11:23:26.680+0530][7.936s][info][gc,start    ] GC(194) Pause Young (Normal) (G1 Evacuation Pause)
[2026-05-27T11:23:26.680+0530][7.936s][info][gc,task     ] GC(194) Using 9 workers of 9 for evacuation
[2026-05-27T11:23:26.681+0530][7.937s][info][gc,phases   ] GC(194)   Pre Evacuate Collection Set: 0.08ms
[2026-05-27T11:23:26.681+0530][7.937s][info][gc,phases   ] GC(194)   Merge Heap Roots: 0.06ms
[2026-05-27T11:23:26.681+0530][7.937s][info][gc,phases   ] GC(194)   Evacuate Collection Set: 0.27ms
[2026-05-27T11:23:26.681+0530][7.937s][info][gc,phases   ] GC(194)   Post Evacuate Collection Set: 0.21ms
[2026-05-27T11:23:26.681+0530][7.937s][info][gc,phases   ] GC(194)   Other: 0.10ms
[2026-05-27T11:23:26.681+0530][7.937s][info][gc,heap     ] GC(194) Eden regions: 306->0(302)
[2026-05-27T11:23:26.681+0530][7.937s][info][gc,heap     ] GC(194) Survivor regions: 1->5(39)
[2026-05-27T11:23:26.681+0530][7.937s][info][gc,heap     ] GC(194) Old regions: 10->10
[2026-05-27T11:23:26.681+0530][7.937s][info][gc,heap     ] GC(194) Archive regions: 2->2
[2026-05-27T11:23:26.681+0530][7.937s][info][gc,heap     ] GC(194) Humongous regions: 9->0
[2026-05-27T11:23:26.681+0530][7.937s][info][gc,metaspace] GC(194) Metaspace: 1745K(2048K)->1745K(2048K) NonClass: 1568K(1728K)->1568K(1728K) Class: 177K(320K)->177K(320K)
[2026-05-27T11:23:26.681+0530][7.937s][info][gc          ] GC(194) Pause Young (Normal) (G1 Evacuation Pause) 325M->14M(512M) 0.774ms
[2026-05-27T11:23:26.681+0530][7.937s][info][gc,cpu      ] GC(194) User=0.01s Sys=0.00s Real=0.00s
[2026-05-27T11:23:26.720+0530][7.976s][info][gc,start    ] GC(195) Pause Young (Normal) (G1 Evacuation Pause)
[2026-05-27T11:23:26.720+0530][7.976s][info][gc,task     ] GC(195) Using 9 workers of 9 for evacuation
[2026-05-27T11:23:26.720+0530][7.977s][info][gc,phases   ] GC(195)   Pre Evacuate Collection Set: 0.07ms
[2026-05-27T11:23:26.720+0530][7.977s][info][gc,phases   ] GC(195)   Merge Heap Roots: 0.05ms
[2026-05-27T11:23:26.720+0530][7.977s][info][gc,phases   ] GC(195)   Evacuate Collection Set: 0.26ms
[2026-05-27T11:23:26.720+0530][7.977s][info][gc,phases   ] GC(195)   Post Evacuate Collection Set: 0.19ms
[2026-05-27T11:23:26.720+0530][7.977s][info][gc,phases   ] GC(195)   Other: 0.10ms
[2026-05-27T11:23:26.720+0530][7.977s][info][gc,heap     ] GC(195) Eden regions: 302->0(306)
[2026-05-27T11:23:26.720+0530][7.977s][info][gc,heap     ] GC(195) Survivor regions: 5->1(39)
[2026-05-27T11:23:26.720+0530][7.977s][info][gc,heap     ] GC(195) Old regions: 10->10
[2026-05-27T11:23:26.720+0530][7.977s][info][gc,heap     ] GC(195) Archive regions: 2->2
[2026-05-27T11:23:26.720+0530][7.977s][info][gc,heap     ] GC(195) Humongous regions: 9->0
[2026-05-27T11:23:26.720+0530][7.977s][info][gc,metaspace] GC(195) Metaspace: 1745K(2048K)->1745K(2048K) NonClass: 1568K(1728K)->1568K(1728K) Class: 177K(320K)->177K(320K)
[2026-05-27T11:23:26.720+0530][7.977s][info][gc          ] GC(195) Pause Young (Normal) (G1 Evacuation Pause) 325M->10M(512M) 0.751ms
[2026-05-27T11:23:26.720+0530][7.977s][info][gc,cpu      ] GC(195) User=0.00s Sys=0.00s Real=0.00s
[2026-05-27T11:23:26.761+0530][8.017s][info][gc,start    ] GC(196) Pause Young (Normal) (G1 Evacuation Pause)
[2026-05-27T11:23:26.761+0530][8.017s][info][gc,task     ] GC(196) Using 9 workers of 9 for evacuation
[2026-05-27T11:23:26.761+0530][8.017s][info][gc,phases   ] GC(196)   Pre Evacuate Collection Set: 0.11ms
[2026-05-27T11:23:26.761+0530][8.017s][info][gc,phases   ] GC(196)   Merge Heap Roots: 0.06ms
[2026-05-27T11:23:26.761+0530][8.017s][info][gc,phases   ] GC(196)   Evacuate Collection Set: 0.23ms
[2026-05-27T11:23:26.761+0530][8.017s][info][gc,phases   ] GC(196)   Post Evacuate Collection Set: 0.17ms
[2026-05-27T11:23:26.761+0530][8.017s][info][gc,phases   ] GC(196)   Other: 0.11ms
[2026-05-27T11:23:26.761+0530][8.017s][info][gc,heap     ] GC(196) Eden regions: 306->0(300)
[2026-05-27T11:23:26.761+0530][8.017s][info][gc,heap     ] GC(196) Survivor regions: 1->7(39)
[2026-05-27T11:23:26.761+0530][8.017s][info][gc,heap     ] GC(196) Old regions: 10->10
[2026-05-27T11:23:26.761+0530][8.017s][info][gc,heap     ] GC(196) Archive regions: 2->2
[2026-05-27T11:23:26.761+0530][8.017s][info][gc,heap     ] GC(196) Humongous regions: 9->0
[2026-05-27T11:23:26.761+0530][8.017s][info][gc,metaspace] GC(196) Metaspace: 1745K(2048K)->1745K(2048K) NonClass: 1568K(1728K)->1568K(1728K) Class: 177K(320K)->177K(320K)
[2026-05-27T11:23:26.761+0530][8.017s][info][gc          ] GC(196) Pause Young (Normal) (G1 Evacuation Pause) 325M->16M(512M) 0.756ms
[2026-05-27T11:23:26.761+0530][8.017s][info][gc,cpu      ] GC(196) User=0.00s Sys=0.00s Real=0.00s
[2026-05-27T11:23:26.801+0530][8.058s][info][gc,start    ] GC(197) Pause Young (Normal) (G1 Evacuation Pause)
[2026-05-27T11:23:26.801+0530][8.058s][info][gc,task     ] GC(197) Using 9 workers of 9 for evacuation
[2026-05-27T11:23:26.802+0530][8.058s][info][gc,phases   ] GC(197)   Pre Evacuate Collection Set: 0.14ms
[2026-05-27T11:23:26.802+0530][8.058s][info][gc,phases   ] GC(197)   Merge Heap Roots: 0.05ms
[2026-05-27T11:23:26.802+0530][8.058s][info][gc,phases   ] GC(197)   Evacuate Collection Set: 0.30ms
[2026-05-27T11:23:26.802+0530][8.058s][info][gc,phases   ] GC(197)   Post Evacuate Collection Set: 0.17ms
[2026-05-27T11:23:26.802+0530][8.058s][info][gc,phases   ] GC(197)   Other: 0.10ms
[2026-05-27T11:23:26.802+0530][8.058s][info][gc,heap     ] GC(197) Eden regions: 300->0(302)
[2026-05-27T11:23:26.802+0530][8.058s][info][gc,heap     ] GC(197) Survivor regions: 7->5(39)
[2026-05-27T11:23:26.802+0530][8.058s][info][gc,heap     ] GC(197) Old regions: 10->10
[2026-05-27T11:23:26.802+0530][8.058s][info][gc,heap     ] GC(197) Archive regions: 2->2
[2026-05-27T11:23:26.802+0530][8.058s][info][gc,heap     ] GC(197) Humongous regions: 0->0
[2026-05-27T11:23:26.802+0530][8.058s][info][gc,metaspace] GC(197) Metaspace: 1745K(2048K)->1745K(2048K) NonClass: 1568K(1728K)->1568K(1728K) Class: 177K(320K)->177K(320K)
[2026-05-27T11:23:26.802+0530][8.058s][info][gc          ] GC(197) Pause Young (Normal) (G1 Evacuation Pause) 316M->14M(512M) 0.834ms
[2026-05-27T11:23:26.802+0530][8.058s][info][gc,cpu      ] GC(197) User=0.00s Sys=0.00s Real=0.00s
[2026-05-27T11:23:26.845+0530][8.101s][info][gc,start    ] GC(198) Pause Young (Normal) (G1 Evacuation Pause)
[2026-05-27T11:23:26.845+0530][8.101s][info][gc,task     ] GC(198) Using 9 workers of 9 for evacuation
[2026-05-27T11:23:26.847+0530][8.103s][info][gc,phases   ] GC(198)   Pre Evacuate Collection Set: 0.96ms
[2026-05-27T11:23:26.847+0530][8.103s][info][gc,phases   ] GC(198)   Merge Heap Roots: 0.05ms
[2026-05-27T11:23:26.847+0530][8.103s][info][gc,phases   ] GC(198)   Evacuate Collection Set: 0.78ms
[2026-05-27T11:23:26.847+0530][8.103s][info][gc,phases   ] GC(198)   Post Evacuate Collection Set: 0.18ms
[2026-05-27T11:23:26.847+0530][8.103s][info][gc,phases   ] GC(198)   Other: 0.12ms
[2026-05-27T11:23:26.847+0530][8.103s][info][gc,heap     ] GC(198) Eden regions: 302->0(302)
[2026-05-27T11:23:26.847+0530][8.103s][info][gc,heap     ] GC(198) Survivor regions: 5->5(39)
[2026-05-27T11:23:26.847+0530][8.103s][info][gc,heap     ] GC(198) Old regions: 10->10
[2026-05-27T11:23:26.847+0530][8.103s][info][gc,heap     ] GC(198) Archive regions: 2->2
[2026-05-27T11:23:26.847+0530][8.103s][info][gc,heap     ] GC(198) Humongous regions: 0->0
[2026-05-27T11:23:26.847+0530][8.103s][info][gc,metaspace] GC(198) Metaspace: 1745K(2048K)->1745K(2048K) NonClass: 1568K(1728K)->1568K(1728K) Class: 177K(320K)->177K(320K)
[2026-05-27T11:23:26.847+0530][8.103s][info][gc          ] GC(198) Pause Young (Normal) (G1 Evacuation Pause) 316M->14M(512M) 2.185ms
[2026-05-27T11:23:26.847+0530][8.103s][info][gc,cpu      ] GC(198) User=0.00s Sys=0.00s Real=0.00s
[2026-05-27T11:23:26.893+0530][8.150s][info][gc,start    ] GC(199) Pause Young (Normal) (G1 Evacuation Pause)
[2026-05-27T11:23:26.894+0530][8.150s][info][gc,task     ] GC(199) Using 9 workers of 9 for evacuation
[2026-05-27T11:23:26.894+0530][8.151s][info][gc,phases   ] GC(199)   Pre Evacuate Collection Set: 0.09ms
[2026-05-27T11:23:26.894+0530][8.151s][info][gc,phases   ] GC(199)   Merge Heap Roots: 0.07ms
[2026-05-27T11:23:26.894+0530][8.151s][info][gc,phases   ] GC(199)   Evacuate Collection Set: 0.40ms
[2026-05-27T11:23:26.895+0530][8.151s][info][gc,phases   ] GC(199)   Post Evacuate Collection Set: 0.25ms
[2026-05-27T11:23:26.895+0530][8.151s][info][gc,phases   ] GC(199)   Other: 0.21ms
[2026-05-27T11:23:26.895+0530][8.151s][info][gc,heap     ] GC(199) Eden regions: 302->0(301)
[2026-05-27T11:23:26.895+0530][8.151s][info][gc,heap     ] GC(199) Survivor regions: 5->6(39)
[2026-05-27T11:23:26.895+0530][8.151s][info][gc,heap     ] GC(199) Old regions: 10->10
[2026-05-27T11:23:26.895+0530][8.151s][info][gc,heap     ] GC(199) Archive regions: 2->2
[2026-05-27T11:23:26.895+0530][8.151s][info][gc,heap     ] GC(199) Humongous regions: 0->0
[2026-05-27T11:23:26.895+0530][8.151s][info][gc,metaspace] GC(199) Metaspace: 1745K(2048K)->1745K(2048K) NonClass: 1568K(1728K)->1568K(1728K) Class: 177K(320K)->177K(320K)
[2026-05-27T11:23:26.895+0530][8.151s][info][gc          ] GC(199) Pause Young (Normal) (G1 Evacuation Pause) 316M->15M(512M) 1.330ms
[2026-05-27T11:23:26.895+0530][8.151s][info][gc,cpu      ] GC(199) User=0.00s Sys=0.00s Real=0.00s
[2026-05-27T11:23:26.945+0530][8.202s][info][gc,start    ] GC(200) Pause Young (Normal) (G1 Evacuation Pause)
[2026-05-27T11:23:26.946+0530][8.202s][info][gc,task     ] GC(200) Using 9 workers of 9 for evacuation
[2026-05-27T11:23:26.947+0530][8.203s][info][gc,phases   ] GC(200)   Pre Evacuate Collection Set: 0.31ms
[2026-05-27T11:23:26.947+0530][8.203s][info][gc,phases   ] GC(200)   Merge Heap Roots: 0.06ms
[2026-05-27T11:23:26.947+0530][8.203s][info][gc,phases   ] GC(200)   Evacuate Collection Set: 0.60ms
[2026-05-27T11:23:26.947+0530][8.203s][info][gc,phases   ] GC(200)   Post Evacuate Collection Set: 0.19ms
[2026-05-27T11:23:26.947+0530][8.203s][info][gc,phases   ] GC(200)   Other: 0.19ms
[2026-05-27T11:23:26.947+0530][8.203s][info][gc,heap     ] GC(200) Eden regions: 301->0(303)
[2026-05-27T11:23:26.947+0530][8.203s][info][gc,heap     ] GC(200) Survivor regions: 6->4(39)
[2026-05-27T11:23:26.947+0530][8.203s][info][gc,heap     ] GC(200) Old regions: 10->10
[2026-05-27T11:23:26.947+0530][8.203s][info][gc,heap     ] GC(200) Archive regions: 2->2
[2026-05-27T11:23:26.947+0530][8.203s][info][gc,heap     ] GC(200) Humongous regions: 0->0
[2026-05-27T11:23:26.947+0530][8.203s][info][gc,metaspace] GC(200) Metaspace: 1745K(2048K)->1745K(2048K) NonClass: 1568K(1728K)->1568K(1728K) Class: 177K(320K)->177K(320K)
[2026-05-27T11:23:26.947+0530][8.203s][info][gc          ] GC(200) Pause Young (Normal) (G1 Evacuation Pause) 316M->13M(512M) 1.434ms
[2026-05-27T11:23:26.947+0530][8.203s][info][gc,cpu      ] GC(200) User=0.00s Sys=0.00s Real=0.00s
[2026-05-27T11:23:26.987+0530][8.243s][info][gc,start    ] GC(201) Pause Young (Normal) (G1 Evacuation Pause)
[2026-05-27T11:23:26.987+0530][8.243s][info][gc,task     ] GC(201) Using 9 workers of 9 for evacuation
[2026-05-27T11:23:26.988+0530][8.244s][info][gc,phases   ] GC(201)   Pre Evacuate Collection Set: 0.05ms
[2026-05-27T11:23:26.988+0530][8.244s][info][gc,phases   ] GC(201)   Merge Heap Roots: 0.10ms
[2026-05-27T11:23:26.988+0530][8.244s][info][gc,phases   ] GC(201)   Evacuate Collection Set: 0.30ms
[2026-05-27T11:23:26.988+0530][8.244s][info][gc,phases   ] GC(201)   Post Evacuate Collection Set: 0.25ms
[2026-05-27T11:23:26.988+0530][8.244s][info][gc,phases   ] GC(201)   Other: 0.13ms
[2026-05-27T11:23:26.988+0530][8.244s][info][gc,heap     ] GC(201) Eden regions: 303->0(306)
[2026-05-27T11:23:26.988+0530][8.244s][info][gc,heap     ] GC(201) Survivor regions: 4->1(39)
[2026-05-27T11:23:26.988+0530][8.244s][info][gc,heap     ] GC(201) Old regions: 10->10
[2026-05-27T11:23:26.988+0530][8.244s][info][gc,heap     ] GC(201) Archive regions: 2->2
[2026-05-27T11:23:26.988+0530][8.244s][info][gc,heap     ] GC(201) Humongous regions: 0->0
[2026-05-27T11:23:26.988+0530][8.244s][info][gc,metaspace] GC(201) Metaspace: 1745K(2048K)->1745K(2048K) NonClass: 1568K(1728K)->1568K(1728K) Class: 177K(320K)->177K(320K)
[2026-05-27T11:23:26.988+0530][8.244s][info][gc          ] GC(201) Pause Young (Normal) (G1 Evacuation Pause) 316M->10M(512M) 0.895ms
[2026-05-27T11:23:26.988+0530][8.244s][info][gc,cpu      ] GC(201) User=0.00s Sys=0.00s Real=0.00s
[2026-05-27T11:23:27.027+0530][8.283s][info][gc,start    ] GC(202) Pause Young (Normal) (G1 Evacuation Pause)
[2026-05-27T11:23:27.027+0530][8.283s][info][gc,task     ] GC(202) Using 9 workers of 9 for evacuation
[2026-05-27T11:23:27.028+0530][8.284s][info][gc,phases   ] GC(202)   Pre Evacuate Collection Set: 0.07ms
[2026-05-27T11:23:27.028+0530][8.284s][info][gc,phases   ] GC(202)   Merge Heap Roots: 0.06ms
[2026-05-27T11:23:27.028+0530][8.284s][info][gc,phases   ] GC(202)   Evacuate Collection Set: 0.23ms
[2026-05-27T11:23:27.028+0530][8.284s][info][gc,phases   ] GC(202)   Post Evacuate Collection Set: 0.14ms
[2026-05-27T11:23:27.028+0530][8.284s][info][gc,phases   ] GC(202)   Other: 0.09ms
[2026-05-27T11:23:27.028+0530][8.284s][info][gc,heap     ] GC(202) Eden regions: 306->0(300)
[2026-05-27T11:23:27.028+0530][8.284s][info][gc,heap     ] GC(202) Survivor regions: 1->7(39)
[2026-05-27T11:23:27.028+0530][8.284s][info][gc,heap     ] GC(202) Old regions: 10->10
[2026-05-27T11:23:27.028+0530][8.284s][info][gc,heap     ] GC(202) Archive regions: 2->2
[2026-05-27T11:23:27.028+0530][8.284s][info][gc,heap     ] GC(202) Humongous regions: 9->0
[2026-05-27T11:23:27.028+0530][8.284s][info][gc,metaspace] GC(202) Metaspace: 1745K(2048K)->1745K(2048K) NonClass: 1568K(1728K)->1568K(1728K) Class: 177K(320K)->177K(320K)
[2026-05-27T11:23:27.028+0530][8.284s][info][gc          ] GC(202) Pause Young (Normal) (G1 Evacuation Pause) 325M->16M(512M) 0.654ms
[2026-05-27T11:23:27.028+0530][8.284s][info][gc,cpu      ] GC(202) User=0.01s Sys=0.00s Real=0.00s
[2026-05-27T11:23:27.072+0530][8.328s][info][gc,start    ] GC(203) Pause Young (Normal) (G1 Evacuation Pause)
[2026-05-27T11:23:27.072+0530][8.328s][info][gc,task     ] GC(203) Using 9 workers of 9 for evacuation
[2026-05-27T11:23:27.072+0530][8.329s][info][gc,phases   ] GC(203)   Pre Evacuate Collection Set: 0.08ms
[2026-05-27T11:23:27.072+0530][8.329s][info][gc,phases   ] GC(203)   Merge Heap Roots: 0.05ms
[2026-05-27T11:23:27.072+0530][8.329s][info][gc,phases   ] GC(203)   Evacuate Collection Set: 0.30ms
[2026-05-27T11:23:27.072+0530][8.329s][info][gc,phases   ] GC(203)   Post Evacuate Collection Set: 0.22ms
[2026-05-27T11:23:27.072+0530][8.329s][info][gc,phases   ] GC(203)   Other: 0.11ms
[2026-05-27T11:23:27.073+0530][8.329s][info][gc,heap     ] GC(203) Eden regions: 300->0(303)
[2026-05-27T11:23:27.073+0530][8.329s][info][gc,heap     ] GC(203) Survivor regions: 7->4(39)
[2026-05-27T11:23:27.073+0530][8.329s][info][gc,heap     ] GC(203) Old regions: 10->10
[2026-05-27T11:23:27.073+0530][8.329s][info][gc,heap     ] GC(203) Archive regions: 2->2
[2026-05-27T11:23:27.073+0530][8.329s][info][gc,heap     ] GC(203) Humongous regions: 0->0
[2026-05-27T11:23:27.073+0530][8.329s][info][gc,metaspace] GC(203) Metaspace: 1745K(2048K)->1745K(2048K) NonClass: 1568K(1728K)->1568K(1728K) Class: 177K(320K)->177K(320K)
[2026-05-27T11:23:27.073+0530][8.329s][info][gc          ] GC(203) Pause Young (Normal) (G1 Evacuation Pause) 316M->13M(512M) 0.820ms
[2026-05-27T11:23:27.073+0530][8.329s][info][gc,cpu      ] GC(203) User=0.00s Sys=0.00s Real=0.00s
[2026-05-27T11:23:27.112+0530][8.369s][info][gc,start    ] GC(204) Pause Young (Normal) (G1 Evacuation Pause)
[2026-05-27T11:23:27.112+0530][8.369s][info][gc,task     ] GC(204) Using 9 workers of 9 for evacuation
[2026-05-27T11:23:27.113+0530][8.369s][info][gc,phases   ] GC(204)   Pre Evacuate Collection Set: 0.06ms
[2026-05-27T11:23:27.113+0530][8.369s][info][gc,phases   ] GC(204)   Merge Heap Roots: 0.07ms
[2026-05-27T11:23:27.113+0530][8.369s][info][gc,phases   ] GC(204)   Evacuate Collection Set: 0.39ms
[2026-05-27T11:23:27.113+0530][8.369s][info][gc,phases   ] GC(204)   Post Evacuate Collection Set: 0.22ms
[2026-05-27T11:23:27.113+0530][8.369s][info][gc,phases   ] GC(204)   Other: 0.10ms
[2026-05-27T11:23:27.113+0530][8.369s][info][gc,heap     ] GC(204) Eden regions: 303->0(302)
[2026-05-27T11:23:27.113+0530][8.369s][info][gc,heap     ] GC(204) Survivor regions: 4->5(39)
[2026-05-27T11:23:27.113+0530][8.369s][info][gc,heap     ] GC(204) Old regions: 10->10
[2026-05-27T11:23:27.113+0530][8.369s][info][gc,heap     ] GC(204) Archive regions: 2->2
[2026-05-27T11:23:27.113+0530][8.369s][info][gc,heap     ] GC(204) Humongous regions: 0->0
[2026-05-27T11:23:27.113+0530][8.369s][info][gc,metaspace] GC(204) Metaspace: 1745K(2048K)->1745K(2048K) NonClass: 1568K(1728K)->1568K(1728K) Class: 177K(320K)->177K(320K)
[2026-05-27T11:23:27.113+0530][8.369s][info][gc          ] GC(204) Pause Young (Normal) (G1 Evacuation Pause) 315M->14M(512M) 0.913ms
[2026-05-27T11:23:27.113+0530][8.369s][info][gc,cpu      ] GC(204) User=0.00s Sys=0.00s Real=0.00s
[2026-05-27T11:23:27.158+0530][8.414s][info][gc,start    ] GC(205) Pause Young (Normal) (G1 Evacuation Pause)
[2026-05-27T11:23:27.158+0530][8.415s][info][gc,task     ] GC(205) Using 9 workers of 9 for evacuation
[2026-05-27T11:23:27.159+0530][8.415s][info][gc,phases   ] GC(205)   Pre Evacuate Collection Set: 0.08ms
[2026-05-27T11:23:27.159+0530][8.415s][info][gc,phases   ] GC(205)   Merge Heap Roots: 0.06ms
[2026-05-27T11:23:27.159+0530][8.415s][info][gc,phases   ] GC(205)   Evacuate Collection Set: 0.28ms
[2026-05-27T11:23:27.159+0530][8.415s][info][gc,phases   ] GC(205)   Post Evacuate Collection Set: 0.24ms
[2026-05-27T11:23:27.159+0530][8.415s][info][gc,phases   ] GC(205)   Other: 0.11ms
[2026-05-27T11:23:27.159+0530][8.415s][info][gc,heap     ] GC(205) Eden regions: 302->0(306)
[2026-05-27T11:23:27.159+0530][8.415s][info][gc,heap     ] GC(205) Survivor regions: 5->1(39)
[2026-05-27T11:23:27.159+0530][8.415s][info][gc,heap     ] GC(205) Old regions: 10->10
[2026-05-27T11:23:27.159+0530][8.415s][info][gc,heap     ] GC(205) Archive regions: 2->2
[2026-05-27T11:23:27.159+0530][8.415s][info][gc,heap     ] GC(205) Humongous regions: 0->0
[2026-05-27T11:23:27.159+0530][8.415s][info][gc,metaspace] GC(205) Metaspace: 1745K(2048K)->1745K(2048K) NonClass: 1568K(1728K)->1568K(1728K) Class: 177K(320K)->177K(320K)
[2026-05-27T11:23:27.159+0530][8.415s][info][gc          ] GC(205) Pause Young (Normal) (G1 Evacuation Pause) 316M->10M(512M) 0.853ms
[2026-05-27T11:23:27.159+0530][8.415s][info][gc,cpu      ] GC(205) User=0.00s Sys=0.00s Real=0.00s
[2026-05-27T11:23:27.200+0530][8.456s][info][gc,start    ] GC(206) Pause Young (Normal) (G1 Evacuation Pause)
[2026-05-27T11:23:27.200+0530][8.456s][info][gc,task     ] GC(206) Using 9 workers of 9 for evacuation
[2026-05-27T11:23:27.201+0530][8.457s][info][gc,phases   ] GC(206)   Pre Evacuate Collection Set: 0.08ms
[2026-05-27T11:23:27.201+0530][8.457s][info][gc,phases   ] GC(206)   Merge Heap Roots: 0.08ms
[2026-05-27T11:23:27.201+0530][8.457s][info][gc,phases   ] GC(206)   Evacuate Collection Set: 0.28ms
[2026-05-27T11:23:27.201+0530][8.457s][info][gc,phases   ] GC(206)   Post Evacuate Collection Set: 0.18ms
[2026-05-27T11:23:27.201+0530][8.457s][info][gc,phases   ] GC(206)   Other: 0.11ms
[2026-05-27T11:23:27.201+0530][8.457s][info][gc,heap     ] GC(206) Eden regions: 306->0(301)
[2026-05-27T11:23:27.201+0530][8.457s][info][gc,heap     ] GC(206) Survivor regions: 1->6(39)
[2026-05-27T11:23:27.201+0530][8.457s][info][gc,heap     ] GC(206) Old regions: 10->10
[2026-05-27T11:23:27.201+0530][8.457s][info][gc,heap     ] GC(206) Archive regions: 2->2
[2026-05-27T11:23:27.201+0530][8.457s][info][gc,heap     ] GC(206) Humongous regions: 0->0
[2026-05-27T11:23:27.201+0530][8.457s][info][gc,metaspace] GC(206) Metaspace: 1745K(2048K)->1745K(2048K) NonClass: 1568K(1728K)->1568K(1728K) Class: 177K(320K)->177K(320K)
[2026-05-27T11:23:27.201+0530][8.457s][info][gc          ] GC(206) Pause Young (Normal) (G1 Evacuation Pause) 316M->15M(512M) 0.800ms
[2026-05-27T11:23:27.201+0530][8.457s][info][gc,cpu      ] GC(206) User=0.00s Sys=0.00s Real=0.00s
[2026-05-27T11:23:27.238+0530][8.494s][info][gc,start    ] GC(207) Pause Young (Normal) (G1 Evacuation Pause)
[2026-05-27T11:23:27.238+0530][8.494s][info][gc,task     ] GC(207) Using 9 workers of 9 for evacuation
[2026-05-27T11:23:27.238+0530][8.495s][info][gc,phases   ] GC(207)   Pre Evacuate Collection Set: 0.08ms
[2026-05-27T11:23:27.238+0530][8.495s][info][gc,phases   ] GC(207)   Merge Heap Roots: 0.05ms
[2026-05-27T11:23:27.238+0530][8.495s][info][gc,phases   ] GC(207)   Evacuate Collection Set: 0.25ms
[2026-05-27T11:23:27.238+0530][8.495s][info][gc,phases   ] GC(207)   Post Evacuate Collection Set: 0.17ms
[2026-05-27T11:23:27.238+0530][8.495s][info][gc,phases   ] GC(207)   Other: 0.11ms
[2026-05-27T11:23:27.238+0530][8.495s][info][gc,heap     ] GC(207) Eden regions: 301->0(301)
[2026-05-27T11:23:27.238+0530][8.495s][info][gc,heap     ] GC(207) Survivor regions: 6->6(39)
[2026-05-27T11:23:27.239+0530][8.495s][info][gc,heap     ] GC(207) Old regions: 10->10
[2026-05-27T11:23:27.239+0530][8.495s][info][gc,heap     ] GC(207) Archive regions: 2->2
[2026-05-27T11:23:27.239+0530][8.495s][info][gc,heap     ] GC(207) Humongous regions: 0->0
[2026-05-27T11:23:27.239+0530][8.495s][info][gc,metaspace] GC(207) Metaspace: 1745K(2048K)->1745K(2048K) NonClass: 1568K(1728K)->1568K(1728K) Class: 177K(320K)->177K(320K)
[2026-05-27T11:23:27.239+0530][8.495s][info][gc          ] GC(207) Pause Young (Normal) (G1 Evacuation Pause) 316M->15M(512M) 0.752ms
[2026-05-27T11:23:27.239+0530][8.495s][info][gc,cpu      ] GC(207) User=0.01s Sys=0.01s Real=0.00s
[2026-05-27T11:23:27.279+0530][8.535s][info][gc,start    ] GC(208) Pause Young (Normal) (G1 Evacuation Pause)
[2026-05-27T11:23:27.279+0530][8.535s][info][gc,task     ] GC(208) Using 9 workers of 9 for evacuation
[2026-05-27T11:23:27.280+0530][8.536s][info][gc,phases   ] GC(208)   Pre Evacuate Collection Set: 0.12ms
[2026-05-27T11:23:27.280+0530][8.536s][info][gc,phases   ] GC(208)   Merge Heap Roots: 0.12ms
[2026-05-27T11:23:27.280+0530][8.536s][info][gc,phases   ] GC(208)   Evacuate Collection Set: 0.28ms
[2026-05-27T11:23:27.280+0530][8.536s][info][gc,phases   ] GC(208)   Post Evacuate Collection Set: 0.18ms
[2026-05-27T11:23:27.280+0530][8.536s][info][gc,phases   ] GC(208)   Other: 0.08ms
[2026-05-27T11:23:27.280+0530][8.536s][info][gc,heap     ] GC(208) Eden regions: 301->0(302)
[2026-05-27T11:23:27.280+0530][8.536s][info][gc,heap     ] GC(208) Survivor regions: 6->5(39)
[2026-05-27T11:23:27.280+0530][8.536s][info][gc,heap     ] GC(208) Old regions: 10->10
[2026-05-27T11:23:27.280+0530][8.536s][info][gc,heap     ] GC(208) Archive regions: 2->2
[2026-05-27T11:23:27.280+0530][8.536s][info][gc,heap     ] GC(208) Humongous regions: 0->0
[2026-05-27T11:23:27.280+0530][8.536s][info][gc,metaspace] GC(208) Metaspace: 1745K(2048K)->1745K(2048K) NonClass: 1568K(1728K)->1568K(1728K) Class: 177K(320K)->177K(320K)
[2026-05-27T11:23:27.280+0530][8.536s][info][gc          ] GC(208) Pause Young (Normal) (G1 Evacuation Pause) 316M->14M(512M) 0.837ms
[2026-05-27T11:23:27.280+0530][8.536s][info][gc,cpu      ] GC(208) User=0.01s Sys=0.00s Real=0.01s
[2026-05-27T11:23:27.317+0530][8.573s][info][gc,start    ] GC(209) Pause Young (Normal) (G1 Evacuation Pause)
[2026-05-27T11:23:27.317+0530][8.573s][info][gc,task     ] GC(209) Using 9 workers of 9 for evacuation
[2026-05-27T11:23:27.318+0530][8.574s][info][gc,phases   ] GC(209)   Pre Evacuate Collection Set: 0.11ms
[2026-05-27T11:23:27.318+0530][8.574s][info][gc,phases   ] GC(209)   Merge Heap Roots: 0.05ms
[2026-05-27T11:23:27.318+0530][8.574s][info][gc,phases   ] GC(209)   Evacuate Collection Set: 0.24ms
[2026-05-27T11:23:27.318+0530][8.574s][info][gc,phases   ] GC(209)   Post Evacuate Collection Set: 0.18ms
[2026-05-27T11:23:27.318+0530][8.574s][info][gc,phases   ] GC(209)   Other: 0.11ms
[2026-05-27T11:23:27.318+0530][8.574s][info][gc,heap     ] GC(209) Eden regions: 302->0(301)
[2026-05-27T11:23:27.318+0530][8.574s][info][gc,heap     ] GC(209) Survivor regions: 5->6(39)
[2026-05-27T11:23:27.318+0530][8.574s][info][gc,heap     ] GC(209) Old regions: 10->10
[2026-05-27T11:23:27.318+0530][8.574s][info][gc,heap     ] GC(209) Archive regions: 2->2
[2026-05-27T11:23:27.318+0530][8.574s][info][gc,heap     ] GC(209) Humongous regions: 0->0
[2026-05-27T11:23:27.318+0530][8.574s][info][gc,metaspace] GC(209) Metaspace: 1745K(2048K)->1745K(2048K) NonClass: 1568K(1728K)->1568K(1728K) Class: 177K(320K)->177K(320K)
[2026-05-27T11:23:27.318+0530][8.574s][info][gc          ] GC(209) Pause Young (Normal) (G1 Evacuation Pause) 316M->15M(512M) 0.763ms
[2026-05-27T11:23:27.318+0530][8.574s][info][gc,cpu      ] GC(209) User=0.00s Sys=0.00s Real=0.00s
[2026-05-27T11:23:27.357+0530][8.613s][info][gc,start    ] GC(210) Pause Young (Normal) (G1 Evacuation Pause)
[2026-05-27T11:23:27.357+0530][8.613s][info][gc,task     ] GC(210) Using 9 workers of 9 for evacuation
[2026-05-27T11:23:27.358+0530][8.614s][info][gc,phases   ] GC(210)   Pre Evacuate Collection Set: 0.06ms
[2026-05-27T11:23:27.358+0530][8.614s][info][gc,phases   ] GC(210)   Merge Heap Roots: 0.05ms
[2026-05-27T11:23:27.358+0530][8.614s][info][gc,phases   ] GC(210)   Evacuate Collection Set: 0.30ms
[2026-05-27T11:23:27.358+0530][8.614s][info][gc,phases   ] GC(210)   Post Evacuate Collection Set: 0.20ms
[2026-05-27T11:23:27.358+0530][8.614s][info][gc,phases   ] GC(210)   Other: 0.11ms
[2026-05-27T11:23:27.358+0530][8.614s][info][gc,heap     ] GC(210) Eden regions: 301->0(301)
[2026-05-27T11:23:27.358+0530][8.614s][info][gc,heap     ] GC(210) Survivor regions: 6->6(39)
[2026-05-27T11:23:27.358+0530][8.614s][info][gc,heap     ] GC(210) Old regions: 10->10
[2026-05-27T11:23:27.358+0530][8.614s][info][gc,heap     ] GC(210) Archive regions: 2->2
[2026-05-27T11:23:27.358+0530][8.614s][info][gc,heap     ] GC(210) Humongous regions: 0->0
[2026-05-27T11:23:27.358+0530][8.614s][info][gc,metaspace] GC(210) Metaspace: 1745K(2048K)->1745K(2048K) NonClass: 1568K(1728K)->1568K(1728K) Class: 177K(320K)->177K(320K)
[2026-05-27T11:23:27.358+0530][8.614s][info][gc          ] GC(210) Pause Young (Normal) (G1 Evacuation Pause) 316M->15M(512M) 0.791ms
[2026-05-27T11:23:27.358+0530][8.614s][info][gc,cpu      ] GC(210) User=0.00s Sys=0.00s Real=0.00s
[2026-05-27T11:23:27.399+0530][8.655s][info][gc,start    ] GC(211) Pause Young (Normal) (G1 Evacuation Pause)
[2026-05-27T11:23:27.399+0530][8.655s][info][gc,task     ] GC(211) Using 9 workers of 9 for evacuation
[2026-05-27T11:23:27.399+0530][8.656s][info][gc,phases   ] GC(211)   Pre Evacuate Collection Set: 0.05ms
[2026-05-27T11:23:27.399+0530][8.656s][info][gc,phases   ] GC(211)   Merge Heap Roots: 0.08ms
[2026-05-27T11:23:27.399+0530][8.656s][info][gc,phases   ] GC(211)   Evacuate Collection Set: 0.28ms
[2026-05-27T11:23:27.399+0530][8.656s][info][gc,phases   ] GC(211)   Post Evacuate Collection Set: 0.18ms
[2026-05-27T11:23:27.399+0530][8.656s][info][gc,phases   ] GC(211)   Other: 0.10ms
[2026-05-27T11:23:27.399+0530][8.656s][info][gc,heap     ] GC(211) Eden regions: 301->0(303)
[2026-05-27T11:23:27.399+0530][8.656s][info][gc,heap     ] GC(211) Survivor regions: 6->4(39)
[2026-05-27T11:23:27.399+0530][8.656s][info][gc,heap     ] GC(211) Old regions: 10->10
[2026-05-27T11:23:27.399+0530][8.656s][info][gc,heap     ] GC(211) Archive regions: 2->2
[2026-05-27T11:23:27.399+0530][8.656s][info][gc,heap     ] GC(211) Humongous regions: 9->0
[2026-05-27T11:23:27.399+0530][8.656s][info][gc,metaspace] GC(211) Metaspace: 1745K(2048K)->1745K(2048K) NonClass: 1568K(1728K)->1568K(1728K) Class: 177K(320K)->177K(320K)
[2026-05-27T11:23:27.399+0530][8.656s][info][gc          ] GC(211) Pause Young (Normal) (G1 Evacuation Pause) 325M->14M(512M) 0.780ms
[2026-05-27T11:23:27.399+0530][8.656s][info][gc,cpu      ] GC(211) User=0.00s Sys=0.00s Real=0.00s
[2026-05-27T11:23:27.442+0530][8.699s][info][gc,start    ] GC(212) Pause Young (Normal) (G1 Evacuation Pause)
[2026-05-27T11:23:27.442+0530][8.699s][info][gc,task     ] GC(212) Using 9 workers of 9 for evacuation
[2026-05-27T11:23:27.443+0530][8.699s][info][gc,phases   ] GC(212)   Pre Evacuate Collection Set: 0.11ms
[2026-05-27T11:23:27.443+0530][8.699s][info][gc,phases   ] GC(212)   Merge Heap Roots: 0.04ms
[2026-05-27T11:23:27.443+0530][8.699s][info][gc,phases   ] GC(212)   Evacuate Collection Set: 0.29ms
[2026-05-27T11:23:27.443+0530][8.699s][info][gc,phases   ] GC(212)   Post Evacuate Collection Set: 0.19ms
[2026-05-27T11:23:27.443+0530][8.699s][info][gc,phases   ] GC(212)   Other: 0.11ms
[2026-05-27T11:23:27.443+0530][8.699s][info][gc,heap     ] GC(212) Eden regions: 303->0(305)
[2026-05-27T11:23:27.443+0530][8.699s][info][gc,heap     ] GC(212) Survivor regions: 4->2(39)
[2026-05-27T11:23:27.443+0530][8.699s][info][gc,heap     ] GC(212) Old regions: 10->10
[2026-05-27T11:23:27.443+0530][8.699s][info][gc,heap     ] GC(212) Archive regions: 2->2
[2026-05-27T11:23:27.443+0530][8.699s][info][gc,heap     ] GC(212) Humongous regions: 0->0
[2026-05-27T11:23:27.443+0530][8.699s][info][gc,metaspace] GC(212) Metaspace: 1745K(2048K)->1745K(2048K) NonClass: 1568K(1728K)->1568K(1728K) Class: 177K(320K)->177K(320K)
[2026-05-27T11:23:27.443+0530][8.699s][info][gc          ] GC(212) Pause Young (Normal) (G1 Evacuation Pause) 316M->11M(512M) 0.862ms
[2026-05-27T11:23:27.443+0530][8.699s][info][gc,cpu      ] GC(212) User=0.01s Sys=0.00s Real=0.00s
[2026-05-27T11:23:27.481+0530][8.738s][info][gc,start    ] GC(213) Pause Young (Normal) (G1 Evacuation Pause)
[2026-05-27T11:23:27.481+0530][8.738s][info][gc,task     ] GC(213) Using 9 workers of 9 for evacuation
[2026-05-27T11:23:27.482+0530][8.738s][info][gc,phases   ] GC(213)   Pre Evacuate Collection Set: 0.11ms
[2026-05-27T11:23:27.482+0530][8.738s][info][gc,phases   ] GC(213)   Merge Heap Roots: 0.06ms
[2026-05-27T11:23:27.482+0530][8.738s][info][gc,phases   ] GC(213)   Evacuate Collection Set: 0.24ms
[2026-05-27T11:23:27.482+0530][8.738s][info][gc,phases   ] GC(213)   Post Evacuate Collection Set: 0.19ms
[2026-05-27T11:23:27.482+0530][8.738s][info][gc,phases   ] GC(213)   Other: 0.10ms
[2026-05-27T11:23:27.482+0530][8.738s][info][gc,heap     ] GC(213) Eden regions: 305->0(302)
[2026-05-27T11:23:27.482+0530][8.738s][info][gc,heap     ] GC(213) Survivor regions: 2->5(39)
[2026-05-27T11:23:27.482+0530][8.738s][info][gc,heap     ] GC(213) Old regions: 10->10
[2026-05-27T11:23:27.482+0530][8.738s][info][gc,heap     ] GC(213) Archive regions: 2->2
[2026-05-27T11:23:27.482+0530][8.738s][info][gc,heap     ] GC(213) Humongous regions: 9->0
[2026-05-27T11:23:27.482+0530][8.738s][info][gc,metaspace] GC(213) Metaspace: 1745K(2048K)->1745K(2048K) NonClass: 1568K(1728K)->1568K(1728K) Class: 177K(320K)->177K(320K)
[2026-05-27T11:23:27.482+0530][8.738s][info][gc          ] GC(213) Pause Young (Normal) (G1 Evacuation Pause) 325M->14M(512M) 0.785ms
[2026-05-27T11:23:27.482+0530][8.738s][info][gc,cpu      ] GC(213) User=0.00s Sys=0.00s Real=0.00s
[2026-05-27T11:23:27.524+0530][8.780s][info][gc,start    ] GC(214) Pause Young (Normal) (G1 Evacuation Pause)
[2026-05-27T11:23:27.524+0530][8.780s][info][gc,task     ] GC(214) Using 9 workers of 9 for evacuation
[2026-05-27T11:23:27.525+0530][8.781s][info][gc,phases   ] GC(214)   Pre Evacuate Collection Set: 0.14ms
[2026-05-27T11:23:27.525+0530][8.781s][info][gc,phases   ] GC(214)   Merge Heap Roots: 0.05ms
[2026-05-27T11:23:27.525+0530][8.781s][info][gc,phases   ] GC(214)   Evacuate Collection Set: 0.25ms
[2026-05-27T11:23:27.525+0530][8.781s][info][gc,phases   ] GC(214)   Post Evacuate Collection Set: 0.16ms
[2026-05-27T11:23:27.525+0530][8.781s][info][gc,phases   ] GC(214)   Other: 0.10ms
[2026-05-27T11:23:27.525+0530][8.781s][info][gc,heap     ] GC(214) Eden regions: 302->0(306)
[2026-05-27T11:23:27.525+0530][8.781s][info][gc,heap     ] GC(214) Survivor regions: 5->1(39)
[2026-05-27T11:23:27.525+0530][8.781s][info][gc,heap     ] GC(214) Old regions: 10->10
[2026-05-27T11:23:27.525+0530][8.781s][info][gc,heap     ] GC(214) Archive regions: 2->2
[2026-05-27T11:23:27.525+0530][8.781s][info][gc,heap     ] GC(214) Humongous regions: 0->0
[2026-05-27T11:23:27.525+0530][8.781s][info][gc,metaspace] GC(214) Metaspace: 1745K(2048K)->1745K(2048K) NonClass: 1568K(1728K)->1568K(1728K) Class: 177K(320K)->177K(320K)
[2026-05-27T11:23:27.525+0530][8.781s][info][gc          ] GC(214) Pause Young (Normal) (G1 Evacuation Pause) 316M->10M(512M) 0.801ms
[2026-05-27T11:23:27.525+0530][8.781s][info][gc,cpu      ] GC(214) User=0.00s Sys=0.01s Real=0.00s
[2026-05-27T11:23:27.567+0530][8.823s][info][gc,start    ] GC(215) Pause Young (Normal) (G1 Evacuation Pause)
[2026-05-27T11:23:27.567+0530][8.823s][info][gc,task     ] GC(215) Using 9 workers of 9 for evacuation
[2026-05-27T11:23:27.567+0530][8.824s][info][gc,phases   ] GC(215)   Pre Evacuate Collection Set: 0.15ms
[2026-05-27T11:23:27.567+0530][8.824s][info][gc,phases   ] GC(215)   Merge Heap Roots: 0.07ms
[2026-05-27T11:23:27.567+0530][8.824s][info][gc,phases   ] GC(215)   Evacuate Collection Set: 0.37ms
[2026-05-27T11:23:27.567+0530][8.824s][info][gc,phases   ] GC(215)   Post Evacuate Collection Set: 0.17ms
[2026-05-27T11:23:27.567+0530][8.824s][info][gc,phases   ] GC(215)   Other: 0.13ms
[2026-05-27T11:23:27.567+0530][8.824s][info][gc,heap     ] GC(215) Eden regions: 306->0(302)
[2026-05-27T11:23:27.567+0530][8.824s][info][gc,heap     ] GC(215) Survivor regions: 1->5(39)
[2026-05-27T11:23:27.567+0530][8.824s][info][gc,heap     ] GC(215) Old regions: 10->10
[2026-05-27T11:23:27.567+0530][8.824s][info][gc,heap     ] GC(215) Archive regions: 2->2
[2026-05-27T11:23:27.567+0530][8.824s][info][gc,heap     ] GC(215) Humongous regions: 0->0
[2026-05-27T11:23:27.567+0530][8.824s][info][gc,metaspace] GC(215) Metaspace: 1745K(2048K)->1745K(2048K) NonClass: 1568K(1728K)->1568K(1728K) Class: 177K(320K)->177K(320K)
[2026-05-27T11:23:27.567+0530][8.824s][info][gc          ] GC(215) Pause Young (Normal) (G1 Evacuation Pause) 316M->14M(512M) 0.973ms
[2026-05-27T11:23:27.567+0530][8.824s][info][gc,cpu      ] GC(215) User=0.00s Sys=0.00s Real=0.00s
[2026-05-27T11:23:27.608+0530][8.864s][info][gc,start    ] GC(216) Pause Young (Normal) (G1 Evacuation Pause)
[2026-05-27T11:23:27.608+0530][8.864s][info][gc,task     ] GC(216) Using 9 workers of 9 for evacuation
[2026-05-27T11:23:27.609+0530][8.865s][info][gc,phases   ] GC(216)   Pre Evacuate Collection Set: 0.06ms
[2026-05-27T11:23:27.609+0530][8.865s][info][gc,phases   ] GC(216)   Merge Heap Roots: 0.08ms
[2026-05-27T11:23:27.609+0530][8.865s][info][gc,phases   ] GC(216)   Evacuate Collection Set: 0.25ms
[2026-05-27T11:23:27.609+0530][8.865s][info][gc,phases   ] GC(216)   Post Evacuate Collection Set: 0.24ms
[2026-05-27T11:23:27.609+0530][8.865s][info][gc,phases   ] GC(216)   Other: 0.12ms
[2026-05-27T11:23:27.609+0530][8.865s][info][gc,heap     ] GC(216) Eden regions: 302->0(301)
[2026-05-27T11:23:27.609+0530][8.865s][info][gc,heap     ] GC(216) Survivor regions: 5->6(39)
[2026-05-27T11:23:27.609+0530][8.865s][info][gc,heap     ] GC(216) Old regions: 10->10
[2026-05-27T11:23:27.609+0530][8.865s][info][gc,heap     ] GC(216) Archive regions: 2->2
[2026-05-27T11:23:27.609+0530][8.865s][info][gc,heap     ] GC(216) Humongous regions: 0->0
[2026-05-27T11:23:27.609+0530][8.865s][info][gc,metaspace] GC(216) Metaspace: 1745K(2048K)->1745K(2048K) NonClass: 1568K(1728K)->1568K(1728K) Class: 177K(320K)->177K(320K)
[2026-05-27T11:23:27.609+0530][8.865s][info][gc          ] GC(216) Pause Young (Normal) (G1 Evacuation Pause) 316M->15M(512M) 1.016ms
[2026-05-27T11:23:27.609+0530][8.865s][info][gc,cpu      ] GC(216) User=0.01s Sys=0.00s Real=0.00s
[2026-05-27T11:23:27.648+0530][8.904s][info][gc,start    ] GC(217) Pause Young (Normal) (G1 Evacuation Pause)
[2026-05-27T11:23:27.648+0530][8.904s][info][gc,task     ] GC(217) Using 9 workers of 9 for evacuation
[2026-05-27T11:23:27.649+0530][8.905s][info][gc,phases   ] GC(217)   Pre Evacuate Collection Set: 0.09ms
[2026-05-27T11:23:27.649+0530][8.905s][info][gc,phases   ] GC(217)   Merge Heap Roots: 0.05ms
[2026-05-27T11:23:27.649+0530][8.905s][info][gc,phases   ] GC(217)   Evacuate Collection Set: 0.24ms
[2026-05-27T11:23:27.649+0530][8.905s][info][gc,phases   ] GC(217)   Post Evacuate Collection Set: 0.18ms
[2026-05-27T11:23:27.649+0530][8.905s][info][gc,phases   ] GC(217)   Other: 0.11ms
[2026-05-27T11:23:27.649+0530][8.905s][info][gc,heap     ] GC(217) Eden regions: 301->0(301)
[2026-05-27T11:23:27.649+0530][8.905s][info][gc,heap     ] GC(217) Survivor regions: 6->6(39)
[2026-05-27T11:23:27.649+0530][8.905s][info][gc,heap     ] GC(217) Old regions: 10->10
[2026-05-27T11:23:27.649+0530][8.905s][info][gc,heap     ] GC(217) Archive regions: 2->2
[2026-05-27T11:23:27.649+0530][8.905s][info][gc,heap     ] GC(217) Humongous regions: 0->0
[2026-05-27T11:23:27.649+0530][8.905s][info][gc,metaspace] GC(217) Metaspace: 1745K(2048K)->1745K(2048K) NonClass: 1568K(1728K)->1568K(1728K) Class: 177K(320K)->177K(320K)
[2026-05-27T11:23:27.649+0530][8.905s][info][gc          ] GC(217) Pause Young (Normal) (G1 Evacuation Pause) 316M->15M(512M) 0.730ms
[2026-05-27T11:23:27.649+0530][8.905s][info][gc,cpu      ] GC(217) User=0.00s Sys=0.00s Real=0.00s
[2026-05-27T11:23:27.691+0530][8.947s][info][gc,start    ] GC(218) Pause Young (Normal) (G1 Evacuation Pause)
[2026-05-27T11:23:27.691+0530][8.947s][info][gc,task     ] GC(218) Using 9 workers of 9 for evacuation
[2026-05-27T11:23:27.692+0530][8.948s][info][gc,phases   ] GC(218)   Pre Evacuate Collection Set: 0.06ms
[2026-05-27T11:23:27.692+0530][8.948s][info][gc,phases   ] GC(218)   Merge Heap Roots: 0.05ms
[2026-05-27T11:23:27.692+0530][8.948s][info][gc,phases   ] GC(218)   Evacuate Collection Set: 0.31ms
[2026-05-27T11:23:27.692+0530][8.948s][info][gc,phases   ] GC(218)   Post Evacuate Collection Set: 0.17ms
[2026-05-27T11:23:27.692+0530][8.948s][info][gc,phases   ] GC(218)   Other: 0.18ms
[2026-05-27T11:23:27.692+0530][8.948s][info][gc,heap     ] GC(218) Eden regions: 301->0(303)
[2026-05-27T11:23:27.692+0530][8.948s][info][gc,heap     ] GC(218) Survivor regions: 6->4(39)
[2026-05-27T11:23:27.692+0530][8.948s][info][gc,heap     ] GC(218) Old regions: 10->10
[2026-05-27T11:23:27.692+0530][8.948s][info][gc,heap     ] GC(218) Archive regions: 2->2
[2026-05-27T11:23:27.692+0530][8.948s][info][gc,heap     ] GC(218) Humongous regions: 0->0
[2026-05-27T11:23:27.692+0530][8.948s][info][gc,metaspace] GC(218) Metaspace: 1745K(2048K)->1745K(2048K) NonClass: 1568K(1728K)->1568K(1728K) Class: 177K(320K)->177K(320K)
[2026-05-27T11:23:27.692+0530][8.948s][info][gc          ] GC(218) Pause Young (Normal) (G1 Evacuation Pause) 316M->13M(512M) 0.842ms
[2026-05-27T11:23:27.692+0530][8.948s][info][gc,cpu      ] GC(218) User=0.00s Sys=0.00s Real=0.00s
[2026-05-27T11:23:27.736+0530][8.992s][info][gc,start    ] GC(219) Pause Young (Normal) (G1 Evacuation Pause)
[2026-05-27T11:23:27.736+0530][8.992s][info][gc,task     ] GC(219) Using 9 workers of 9 for evacuation
[2026-05-27T11:23:27.737+0530][8.993s][info][gc,phases   ] GC(219)   Pre Evacuate Collection Set: 0.05ms
[2026-05-27T11:23:27.737+0530][8.993s][info][gc,phases   ] GC(219)   Merge Heap Roots: 0.06ms
[2026-05-27T11:23:27.737+0530][8.993s][info][gc,phases   ] GC(219)   Evacuate Collection Set: 0.30ms
[2026-05-27T11:23:27.737+0530][8.993s][info][gc,phases   ] GC(219)   Post Evacuate Collection Set: 0.21ms
[2026-05-27T11:23:27.737+0530][8.993s][info][gc,phases   ] GC(219)   Other: 0.10ms
[2026-05-27T11:23:27.737+0530][8.993s][info][gc,heap     ] GC(219) Eden regions: 303->0(305)
[2026-05-27T11:23:27.737+0530][8.993s][info][gc,heap     ] GC(219) Survivor regions: 4->2(39)
[2026-05-27T11:23:27.737+0530][8.993s][info][gc,heap     ] GC(219) Old regions: 10->10
[2026-05-27T11:23:27.737+0530][8.993s][info][gc,heap     ] GC(219) Archive regions: 2->2
[2026-05-27T11:23:27.737+0530][8.993s][info][gc,heap     ] GC(219) Humongous regions: 0->0
[2026-05-27T11:23:27.737+0530][8.993s][info][gc,metaspace] GC(219) Metaspace: 1745K(2048K)->1745K(2048K) NonClass: 1568K(1728K)->1568K(1728K) Class: 177K(320K)->177K(320K)
[2026-05-27T11:23:27.737+0530][8.993s][info][gc          ] GC(219) Pause Young (Normal) (G1 Evacuation Pause) 316M->11M(512M) 0.781ms
[2026-05-27T11:23:27.737+0530][8.993s][info][gc,cpu      ] GC(219) User=0.01s Sys=0.00s Real=0.00s
[2026-05-27T11:23:27.777+0530][9.033s][info][gc,start    ] GC(220) Pause Young (Normal) (G1 Evacuation Pause)
[2026-05-27T11:23:27.777+0530][9.033s][info][gc,task     ] GC(220) Using 9 workers of 9 for evacuation
[2026-05-27T11:23:27.778+0530][9.034s][info][gc,phases   ] GC(220)   Pre Evacuate Collection Set: 0.11ms
[2026-05-27T11:23:27.778+0530][9.034s][info][gc,phases   ] GC(220)   Merge Heap Roots: 0.05ms
[2026-05-27T11:23:27.778+0530][9.034s][info][gc,phases   ] GC(220)   Evacuate Collection Set: 0.36ms
[2026-05-27T11:23:27.778+0530][9.034s][info][gc,phases   ] GC(220)   Post Evacuate Collection Set: 0.19ms
[2026-05-27T11:23:27.778+0530][9.034s][info][gc,phases   ] GC(220)   Other: 0.12ms
[2026-05-27T11:23:27.778+0530][9.034s][info][gc,heap     ] GC(220) Eden regions: 305->0(301)
[2026-05-27T11:23:27.778+0530][9.034s][info][gc,heap     ] GC(220) Survivor regions: 2->6(39)
[2026-05-27T11:23:27.778+0530][9.034s][info][gc,heap     ] GC(220) Old regions: 10->10
[2026-05-27T11:23:27.778+0530][9.034s][info][gc,heap     ] GC(220) Archive regions: 2->2
[2026-05-27T11:23:27.778+0530][9.034s][info][gc,heap     ] GC(220) Humongous regions: 0->0
[2026-05-27T11:23:27.778+0530][9.034s][info][gc,metaspace] GC(220) Metaspace: 1745K(2048K)->1745K(2048K) NonClass: 1568K(1728K)->1568K(1728K) Class: 177K(320K)->177K(320K)
[2026-05-27T11:23:27.778+0530][9.034s][info][gc          ] GC(220) Pause Young (Normal) (G1 Evacuation Pause) 316M->16M(512M) 0.904ms
[2026-05-27T11:23:27.778+0530][9.034s][info][gc,cpu      ] GC(220) User=0.00s Sys=0.00s Real=0.00s
[2026-05-27T11:23:27.820+0530][9.076s][info][gc,start    ] GC(221) Pause Young (Normal) (G1 Evacuation Pause)
[2026-05-27T11:23:27.820+0530][9.076s][info][gc,task     ] GC(221) Using 9 workers of 9 for evacuation
[2026-05-27T11:23:27.821+0530][9.077s][info][gc,phases   ] GC(221)   Pre Evacuate Collection Set: 0.10ms
[2026-05-27T11:23:27.821+0530][9.077s][info][gc,phases   ] GC(221)   Merge Heap Roots: 0.11ms
[2026-05-27T11:23:27.821+0530][9.077s][info][gc,phases   ] GC(221)   Evacuate Collection Set: 0.32ms
[2026-05-27T11:23:27.821+0530][9.077s][info][gc,phases   ] GC(221)   Post Evacuate Collection Set: 0.14ms
[2026-05-27T11:23:27.821+0530][9.077s][info][gc,phases   ] GC(221)   Other: 0.25ms
[2026-05-27T11:23:27.821+0530][9.077s][info][gc,heap     ] GC(221) Eden regions: 301->0(301)
[2026-05-27T11:23:27.821+0530][9.077s][info][gc,heap     ] GC(221) Survivor regions: 6->6(39)
[2026-05-27T11:23:27.821+0530][9.077s][info][gc,heap     ] GC(221) Old regions: 10->10
[2026-05-27T11:23:27.821+0530][9.077s][info][gc,heap     ] GC(221) Archive regions: 2->2
[2026-05-27T11:23:27.821+0530][9.077s][info][gc,heap     ] GC(221) Humongous regions: 0->0
[2026-05-27T11:23:27.821+0530][9.077s][info][gc,metaspace] GC(221) Metaspace: 1745K(2048K)->1745K(2048K) NonClass: 1568K(1728K)->1568K(1728K) Class: 177K(320K)->177K(320K)
[2026-05-27T11:23:27.821+0530][9.077s][info][gc          ] GC(221) Pause Young (Normal) (G1 Evacuation Pause) 316M->15M(512M) 0.977ms
[2026-05-27T11:23:27.821+0530][9.077s][info][gc,cpu      ] GC(221) User=0.00s Sys=0.00s Real=0.00s
[2026-05-27T11:23:27.861+0530][9.117s][info][gc,start    ] GC(222) Pause Young (Normal) (G1 Evacuation Pause)
[2026-05-27T11:23:27.861+0530][9.117s][info][gc,task     ] GC(222) Using 9 workers of 9 for evacuation
[2026-05-27T11:23:27.862+0530][9.118s][info][gc,phases   ] GC(222)   Pre Evacuate Collection Set: 0.09ms
[2026-05-27T11:23:27.862+0530][9.118s][info][gc,phases   ] GC(222)   Merge Heap Roots: 0.06ms
[2026-05-27T11:23:27.862+0530][9.118s][info][gc,phases   ] GC(222)   Evacuate Collection Set: 0.25ms
[2026-05-27T11:23:27.862+0530][9.118s][info][gc,phases   ] GC(222)   Post Evacuate Collection Set: 0.22ms
[2026-05-27T11:23:27.862+0530][9.118s][info][gc,phases   ] GC(222)   Other: 0.11ms
[2026-05-27T11:23:27.862+0530][9.118s][info][gc,heap     ] GC(222) Eden regions: 301->0(306)
[2026-05-27T11:23:27.862+0530][9.118s][info][gc,heap     ] GC(222) Survivor regions: 6->1(39)
[2026-05-27T11:23:27.862+0530][9.118s][info][gc,heap     ] GC(222) Old regions: 10->10
[2026-05-27T11:23:27.862+0530][9.118s][info][gc,heap     ] GC(222) Archive regions: 2->2
[2026-05-27T11:23:27.862+0530][9.118s][info][gc,heap     ] GC(222) Humongous regions: 9->0
[2026-05-27T11:23:27.862+0530][9.118s][info][gc,metaspace] GC(222) Metaspace: 1745K(2048K)->1745K(2048K) NonClass: 1568K(1728K)->1568K(1728K) Class: 177K(320K)->177K(320K)
[2026-05-27T11:23:27.862+0530][9.118s][info][gc          ] GC(222) Pause Young (Normal) (G1 Evacuation Pause) 325M->10M(512M) 0.824ms
[2026-05-27T11:23:27.862+0530][9.118s][info][gc,cpu      ] GC(222) User=0.00s Sys=0.00s Real=0.00s
[2026-05-27T11:23:27.903+0530][9.159s][info][gc,start    ] GC(223) Pause Young (Normal) (G1 Evacuation Pause)
[2026-05-27T11:23:27.903+0530][9.159s][info][gc,task     ] GC(223) Using 9 workers of 9 for evacuation
[2026-05-27T11:23:27.904+0530][9.160s][info][gc,phases   ] GC(223)   Pre Evacuate Collection Set: 0.07ms
[2026-05-27T11:23:27.904+0530][9.160s][info][gc,phases   ] GC(223)   Merge Heap Roots: 0.05ms
[2026-05-27T11:23:27.904+0530][9.160s][info][gc,phases   ] GC(223)   Evacuate Collection Set: 0.25ms
[2026-05-27T11:23:27.904+0530][9.160s][info][gc,phases   ] GC(223)   Post Evacuate Collection Set: 0.14ms
[2026-05-27T11:23:27.904+0530][9.160s][info][gc,phases   ] GC(223)   Other: 0.12ms
[2026-05-27T11:23:27.904+0530][9.160s][info][gc,heap     ] GC(223) Eden regions: 306->0(301)
[2026-05-27T11:23:27.904+0530][9.160s][info][gc,heap     ] GC(223) Survivor regions: 1->6(39)
[2026-05-27T11:23:27.904+0530][9.160s][info][gc,heap     ] GC(223) Old regions: 10->10
[2026-05-27T11:23:27.904+0530][9.160s][info][gc,heap     ] GC(223) Archive regions: 2->2
[2026-05-27T11:23:27.904+0530][9.160s][info][gc,heap     ] GC(223) Humongous regions: 0->0
[2026-05-27T11:23:27.904+0530][9.160s][info][gc,metaspace] GC(223) Metaspace: 1745K(2048K)->1745K(2048K) NonClass: 1568K(1728K)->1568K(1728K) Class: 177K(320K)->177K(320K)
[2026-05-27T11:23:27.904+0530][9.160s][info][gc          ] GC(223) Pause Young (Normal) (G1 Evacuation Pause) 316M->15M(512M) 0.698ms
[2026-05-27T11:23:27.904+0530][9.160s][info][gc,cpu      ] GC(223) User=0.00s Sys=0.00s Real=0.00s
[2026-05-27T11:23:27.945+0530][9.201s][info][gc,start    ] GC(224) Pause Young (Normal) (G1 Evacuation Pause)
[2026-05-27T11:23:27.945+0530][9.201s][info][gc,task     ] GC(224) Using 9 workers of 9 for evacuation
[2026-05-27T11:23:27.946+0530][9.202s][info][gc,phases   ] GC(224)   Pre Evacuate Collection Set: 0.07ms
[2026-05-27T11:23:27.946+0530][9.202s][info][gc,phases   ] GC(224)   Merge Heap Roots: 0.04ms
[2026-05-27T11:23:27.946+0530][9.202s][info][gc,phases   ] GC(224)   Evacuate Collection Set: 0.30ms
[2026-05-27T11:23:27.946+0530][9.202s][info][gc,phases   ] GC(224)   Post Evacuate Collection Set: 0.16ms
[2026-05-27T11:23:27.946+0530][9.202s][info][gc,phases   ] GC(224)   Other: 0.11ms
[2026-05-27T11:23:27.946+0530][9.202s][info][gc,heap     ] GC(224) Eden regions: 301->0(301)
[2026-05-27T11:23:27.946+0530][9.202s][info][gc,heap     ] GC(224) Survivor regions: 6->6(39)
[2026-05-27T11:23:27.946+0530][9.202s][info][gc,heap     ] GC(224) Old regions: 10->10
[2026-05-27T11:23:27.946+0530][9.202s][info][gc,heap     ] GC(224) Archive regions: 2->2
[2026-05-27T11:23:27.946+0530][9.202s][info][gc,heap     ] GC(224) Humongous regions: 0->0
[2026-05-27T11:23:27.946+0530][9.202s][info][gc,metaspace] GC(224) Metaspace: 1745K(2048K)->1745K(2048K) NonClass: 1568K(1728K)->1568K(1728K) Class: 177K(320K)->177K(320K)
[2026-05-27T11:23:27.946+0530][9.202s][info][gc          ] GC(224) Pause Young (Normal) (G1 Evacuation Pause) 316M->15M(512M) 0.775ms
[2026-05-27T11:23:27.946+0530][9.202s][info][gc,cpu      ] GC(224) User=0.00s Sys=0.00s Real=0.00s
[2026-05-27T11:23:27.985+0530][9.242s][info][gc,start    ] GC(225) Pause Young (Normal) (G1 Evacuation Pause)
[2026-05-27T11:23:27.985+0530][9.242s][info][gc,task     ] GC(225) Using 9 workers of 9 for evacuation
[2026-05-27T11:23:27.986+0530][9.242s][info][gc,phases   ] GC(225)   Pre Evacuate Collection Set: 0.08ms
[2026-05-27T11:23:27.986+0530][9.242s][info][gc,phases   ] GC(225)   Merge Heap Roots: 0.07ms
[2026-05-27T11:23:27.986+0530][9.242s][info][gc,phases   ] GC(225)   Evacuate Collection Set: 0.30ms
[2026-05-27T11:23:27.986+0530][9.242s][info][gc,phases   ] GC(225)   Post Evacuate Collection Set: 0.20ms
[2026-05-27T11:23:27.986+0530][9.242s][info][gc,phases   ] GC(225)   Other: 0.12ms
[2026-05-27T11:23:27.986+0530][9.242s][info][gc,heap     ] GC(225) Eden regions: 301->0(300)
[2026-05-27T11:23:27.986+0530][9.242s][info][gc,heap     ] GC(225) Survivor regions: 6->7(39)
[2026-05-27T11:23:27.986+0530][9.242s][info][gc,heap     ] GC(225) Old regions: 10->10
[2026-05-27T11:23:27.986+0530][9.242s][info][gc,heap     ] GC(225) Archive regions: 2->2
[2026-05-27T11:23:27.986+0530][9.242s][info][gc,heap     ] GC(225) Humongous regions: 0->0
[2026-05-27T11:23:27.986+0530][9.242s][info][gc,metaspace] GC(225) Metaspace: 1745K(2048K)->1745K(2048K) NonClass: 1568K(1728K)->1568K(1728K) Class: 177K(320K)->177K(320K)
[2026-05-27T11:23:27.986+0530][9.242s][info][gc          ] GC(225) Pause Young (Normal) (G1 Evacuation Pause) 316M->16M(512M) 0.847ms
[2026-05-27T11:23:27.986+0530][9.242s][info][gc,cpu      ] GC(225) User=0.00s Sys=0.00s Real=0.00s
[2026-05-27T11:23:28.027+0530][9.284s][info][gc,start    ] GC(226) Pause Young (Normal) (G1 Evacuation Pause)
[2026-05-27T11:23:28.027+0530][9.284s][info][gc,task     ] GC(226) Using 9 workers of 9 for evacuation
[2026-05-27T11:23:28.028+0530][9.284s][info][gc,phases   ] GC(226)   Pre Evacuate Collection Set: 0.07ms
[2026-05-27T11:23:28.028+0530][9.284s][info][gc,phases   ] GC(226)   Merge Heap Roots: 0.05ms
[2026-05-27T11:23:28.028+0530][9.284s][info][gc,phases   ] GC(226)   Evacuate Collection Set: 0.36ms
[2026-05-27T11:23:28.028+0530][9.284s][info][gc,phases   ] GC(226)   Post Evacuate Collection Set: 0.25ms
[2026-05-27T11:23:28.028+0530][9.284s][info][gc,phases   ] GC(226)   Other: 0.13ms
[2026-05-27T11:23:28.028+0530][9.284s][info][gc,heap     ] GC(226) Eden regions: 300->0(300)
[2026-05-27T11:23:28.028+0530][9.284s][info][gc,heap     ] GC(226) Survivor regions: 7->7(39)
[2026-05-27T11:23:28.028+0530][9.284s][info][gc,heap     ] GC(226) Old regions: 10->10
[2026-05-27T11:23:28.028+0530][9.284s][info][gc,heap     ] GC(226) Archive regions: 2->2
[2026-05-27T11:23:28.028+0530][9.284s][info][gc,heap     ] GC(226) Humongous regions: 0->0
[2026-05-27T11:23:28.028+0530][9.284s][info][gc,metaspace] GC(226) Metaspace: 1745K(2048K)->1745K(2048K) NonClass: 1568K(1728K)->1568K(1728K) Class: 177K(320K)->177K(320K)
[2026-05-27T11:23:28.028+0530][9.284s][info][gc          ] GC(226) Pause Young (Normal) (G1 Evacuation Pause) 316M->16M(512M) 0.949ms
[2026-05-27T11:23:28.028+0530][9.284s][info][gc,cpu      ] GC(226) User=0.00s Sys=0.00s Real=0.00s
[2026-05-27T11:23:28.068+0530][9.324s][info][gc,start    ] GC(227) Pause Young (Normal) (G1 Evacuation Pause)
[2026-05-27T11:23:28.068+0530][9.324s][info][gc,task     ] GC(227) Using 9 workers of 9 for evacuation
[2026-05-27T11:23:28.069+0530][9.325s][info][gc,phases   ] GC(227)   Pre Evacuate Collection Set: 0.10ms
[2026-05-27T11:23:28.069+0530][9.325s][info][gc,phases   ] GC(227)   Merge Heap Roots: 0.04ms
[2026-05-27T11:23:28.069+0530][9.325s][info][gc,phases   ] GC(227)   Evacuate Collection Set: 0.27ms
[2026-05-27T11:23:28.069+0530][9.325s][info][gc,phases   ] GC(227)   Post Evacuate Collection Set: 0.20ms
[2026-05-27T11:23:28.069+0530][9.325s][info][gc,phases   ] GC(227)   Other: 0.11ms
[2026-05-27T11:23:28.069+0530][9.325s][info][gc,heap     ] GC(227) Eden regions: 300->0(303)
[2026-05-27T11:23:28.069+0530][9.325s][info][gc,heap     ] GC(227) Survivor regions: 7->4(39)
[2026-05-27T11:23:28.069+0530][9.325s][info][gc,heap     ] GC(227) Old regions: 10->10
[2026-05-27T11:23:28.069+0530][9.325s][info][gc,heap     ] GC(227) Archive regions: 2->2
[2026-05-27T11:23:28.069+0530][9.325s][info][gc,heap     ] GC(227) Humongous regions: 0->0
[2026-05-27T11:23:28.069+0530][9.325s][info][gc,metaspace] GC(227) Metaspace: 1745K(2048K)->1745K(2048K) NonClass: 1568K(1728K)->1568K(1728K) Class: 177K(320K)->177K(320K)
[2026-05-27T11:23:28.069+0530][9.325s][info][gc          ] GC(227) Pause Young (Normal) (G1 Evacuation Pause) 316M->14M(512M) 0.795ms
[2026-05-27T11:23:28.069+0530][9.325s][info][gc,cpu      ] GC(227) User=0.00s Sys=0.00s Real=0.00s
[2026-05-27T11:23:28.107+0530][9.364s][info][gc,start    ] GC(228) Pause Young (Normal) (G1 Evacuation Pause)
[2026-05-27T11:23:28.107+0530][9.364s][info][gc,task     ] GC(228) Using 9 workers of 9 for evacuation
[2026-05-27T11:23:28.108+0530][9.364s][info][gc,phases   ] GC(228)   Pre Evacuate Collection Set: 0.12ms
[2026-05-27T11:23:28.108+0530][9.364s][info][gc,phases   ] GC(228)   Merge Heap Roots: 0.09ms
[2026-05-27T11:23:28.108+0530][9.364s][info][gc,phases   ] GC(228)   Evacuate Collection Set: 0.24ms
[2026-05-27T11:23:28.108+0530][9.364s][info][gc,phases   ] GC(228)   Post Evacuate Collection Set: 0.16ms
[2026-05-27T11:23:28.108+0530][9.364s][info][gc,phases   ] GC(228)   Other: 0.11ms
[2026-05-27T11:23:28.108+0530][9.364s][info][gc,heap     ] GC(228) Eden regions: 303->0(301)
[2026-05-27T11:23:28.108+0530][9.364s][info][gc,heap     ] GC(228) Survivor regions: 4->6(39)
[2026-05-27T11:23:28.108+0530][9.364s][info][gc,heap     ] GC(228) Old regions: 10->10
[2026-05-27T11:23:28.108+0530][9.364s][info][gc,heap     ] GC(228) Archive regions: 2->2
[2026-05-27T11:23:28.108+0530][9.364s][info][gc,heap     ] GC(228) Humongous regions: 9->0
[2026-05-27T11:23:28.108+0530][9.364s][info][gc,metaspace] GC(228) Metaspace: 1745K(2048K)->1745K(2048K) NonClass: 1568K(1728K)->1568K(1728K) Class: 177K(320K)->177K(320K)
[2026-05-27T11:23:28.108+0530][9.364s][info][gc          ] GC(228) Pause Young (Normal) (G1 Evacuation Pause) 325M->15M(512M) 0.793ms
[2026-05-27T11:23:28.108+0530][9.364s][info][gc,cpu      ] GC(228) User=0.01s Sys=0.00s Real=0.00s
[2026-05-27T11:23:28.175+0530][9.431s][info][gc,start    ] GC(229) Pause Young (Normal) (G1 Evacuation Pause)
[2026-05-27T11:23:28.175+0530][9.431s][info][gc,task     ] GC(229) Using 9 workers of 9 for evacuation
[2026-05-27T11:23:28.176+0530][9.432s][info][gc,phases   ] GC(229)   Pre Evacuate Collection Set: 0.11ms
[2026-05-27T11:23:28.176+0530][9.432s][info][gc,phases   ] GC(229)   Merge Heap Roots: 0.07ms
[2026-05-27T11:23:28.176+0530][9.432s][info][gc,phases   ] GC(229)   Evacuate Collection Set: 0.26ms
[2026-05-27T11:23:28.176+0530][9.432s][info][gc,phases   ] GC(229)   Post Evacuate Collection Set: 0.24ms
[2026-05-27T11:23:28.176+0530][9.432s][info][gc,phases   ] GC(229)   Other: 0.13ms
[2026-05-27T11:23:28.176+0530][9.432s][info][gc,heap     ] GC(229) Eden regions: 301->0(305)
[2026-05-27T11:23:28.176+0530][9.432s][info][gc,heap     ] GC(229) Survivor regions: 6->2(39)
[2026-05-27T11:23:28.176+0530][9.432s][info][gc,heap     ] GC(229) Old regions: 10->10
[2026-05-27T11:23:28.176+0530][9.432s][info][gc,heap     ] GC(229) Archive regions: 2->2
[2026-05-27T11:23:28.176+0530][9.432s][info][gc,heap     ] GC(229) Humongous regions: 0->0
[2026-05-27T11:23:28.176+0530][9.432s][info][gc,metaspace] GC(229) Metaspace: 1745K(2048K)->1745K(2048K) NonClass: 1568K(1728K)->1568K(1728K) Class: 177K(320K)->177K(320K)
[2026-05-27T11:23:28.176+0530][9.432s][info][gc          ] GC(229) Pause Young (Normal) (G1 Evacuation Pause) 316M->11M(512M) 0.911ms
[2026-05-27T11:23:28.176+0530][9.432s][info][gc,cpu      ] GC(229) User=0.00s Sys=0.00s Real=0.00s
[2026-05-27T11:23:28.219+0530][9.475s][info][gc,start    ] GC(230) Pause Young (Normal) (G1 Evacuation Pause)
[2026-05-27T11:23:28.219+0530][9.475s][info][gc,task     ] GC(230) Using 9 workers of 9 for evacuation
[2026-05-27T11:23:28.220+0530][9.476s][info][gc,phases   ] GC(230)   Pre Evacuate Collection Set: 0.06ms
[2026-05-27T11:23:28.220+0530][9.476s][info][gc,phases   ] GC(230)   Merge Heap Roots: 0.06ms
[2026-05-27T11:23:28.220+0530][9.476s][info][gc,phases   ] GC(230)   Evacuate Collection Set: 0.23ms
[2026-05-27T11:23:28.220+0530][9.476s][info][gc,phases   ] GC(230)   Post Evacuate Collection Set: 0.13ms
[2026-05-27T11:23:28.220+0530][9.476s][info][gc,phases   ] GC(230)   Other: 0.09ms
[2026-05-27T11:23:28.220+0530][9.476s][info][gc,heap     ] GC(230) Eden regions: 305->0(303)
[2026-05-27T11:23:28.220+0530][9.476s][info][gc,heap     ] GC(230) Survivor regions: 2->4(39)
[2026-05-27T11:23:28.220+0530][9.476s][info][gc,heap     ] GC(230) Old regions: 10->10
[2026-05-27T11:23:28.220+0530][9.476s][info][gc,heap     ] GC(230) Archive regions: 2->2
[2026-05-27T11:23:28.220+0530][9.476s][info][gc,heap     ] GC(230) Humongous regions: 0->0
[2026-05-27T11:23:28.220+0530][9.476s][info][gc,metaspace] GC(230) Metaspace: 1745K(2048K)->1745K(2048K) NonClass: 1568K(1728K)->1568K(1728K) Class: 177K(320K)->177K(320K)
[2026-05-27T11:23:28.220+0530][9.476s][info][gc          ] GC(230) Pause Young (Normal) (G1 Evacuation Pause) 316M->14M(512M) 0.651ms
[2026-05-27T11:23:28.220+0530][9.476s][info][gc,cpu      ] GC(230) User=0.00s Sys=0.00s Real=0.01s
[2026-05-27T11:23:28.261+0530][9.517s][info][gc,start    ] GC(231) Pause Young (Normal) (G1 Evacuation Pause)
[2026-05-27T11:23:28.261+0530][9.517s][info][gc,task     ] GC(231) Using 9 workers of 9 for evacuation
[2026-05-27T11:23:28.262+0530][9.518s][info][gc,phases   ] GC(231)   Pre Evacuate Collection Set: 0.09ms
[2026-05-27T11:23:28.262+0530][9.518s][info][gc,phases   ] GC(231)   Merge Heap Roots: 0.07ms
[2026-05-27T11:23:28.262+0530][9.518s][info][gc,phases   ] GC(231)   Evacuate Collection Set: 0.24ms
[2026-05-27T11:23:28.262+0530][9.518s][info][gc,phases   ] GC(231)   Post Evacuate Collection Set: 0.23ms
[2026-05-27T11:23:28.262+0530][9.518s][info][gc,phases   ] GC(231)   Other: 0.13ms
[2026-05-27T11:23:28.262+0530][9.518s][info][gc,heap     ] GC(231) Eden regions: 303->0(306)
[2026-05-27T11:23:28.262+0530][9.518s][info][gc,heap     ] GC(231) Survivor regions: 4->1(39)
[2026-05-27T11:23:28.262+0530][9.518s][info][gc,heap     ] GC(231) Old regions: 10->10
[2026-05-27T11:23:28.262+0530][9.518s][info][gc,heap     ] GC(231) Archive regions: 2->2
[2026-05-27T11:23:28.262+0530][9.518s][info][gc,heap     ] GC(231) Humongous regions: 0->0
[2026-05-27T11:23:28.262+0530][9.518s][info][gc,metaspace] GC(231) Metaspace: 1745K(2048K)->1745K(2048K) NonClass: 1568K(1728K)->1568K(1728K) Class: 177K(320K)->177K(320K)
[2026-05-27T11:23:28.262+0530][9.518s][info][gc          ] GC(231) Pause Young (Normal) (G1 Evacuation Pause) 316M->11M(512M) 0.852ms
[2026-05-27T11:23:28.262+0530][9.518s][info][gc,cpu      ] GC(231) User=0.00s Sys=0.00s Real=0.00s
[2026-05-27T11:23:28.302+0530][9.558s][info][gc,start    ] GC(232) Pause Young (Normal) (G1 Evacuation Pause)
[2026-05-27T11:23:28.302+0530][9.559s][info][gc,task     ] GC(232) Using 9 workers of 9 for evacuation
[2026-05-27T11:23:28.303+0530][9.559s][info][gc,phases   ] GC(232)   Pre Evacuate Collection Set: 0.07ms
[2026-05-27T11:23:28.303+0530][9.559s][info][gc,phases   ] GC(232)   Merge Heap Roots: 0.07ms
[2026-05-27T11:23:28.303+0530][9.559s][info][gc,phases   ] GC(232)   Evacuate Collection Set: 0.27ms
[2026-05-27T11:23:28.303+0530][9.559s][info][gc,phases   ] GC(232)   Post Evacuate Collection Set: 0.19ms
[2026-05-27T11:23:28.303+0530][9.559s][info][gc,phases   ] GC(232)   Other: 0.11ms
[2026-05-27T11:23:28.303+0530][9.559s][info][gc,heap     ] GC(232) Eden regions: 306->0(302)
[2026-05-27T11:23:28.303+0530][9.559s][info][gc,heap     ] GC(232) Survivor regions: 1->5(39)
[2026-05-27T11:23:28.303+0530][9.559s][info][gc,heap     ] GC(232) Old regions: 10->10
[2026-05-27T11:23:28.303+0530][9.559s][info][gc,heap     ] GC(232) Archive regions: 2->2
[2026-05-27T11:23:28.303+0530][9.559s][info][gc,heap     ] GC(232) Humongous regions: 9->0
[2026-05-27T11:23:28.303+0530][9.559s][info][gc,metaspace] GC(232) Metaspace: 1745K(2048K)->1745K(2048K) NonClass: 1568K(1728K)->1568K(1728K) Class: 177K(320K)->177K(320K)
[2026-05-27T11:23:28.303+0530][9.559s][info][gc          ] GC(232) Pause Young (Normal) (G1 Evacuation Pause) 325M->14M(512M) 0.791ms
[2026-05-27T11:23:28.303+0530][9.559s][info][gc,cpu      ] GC(232) User=0.00s Sys=0.00s Real=0.00s
[2026-05-27T11:23:28.342+0530][9.598s][info][gc,start    ] GC(233) Pause Young (Normal) (G1 Evacuation Pause)
[2026-05-27T11:23:28.342+0530][9.598s][info][gc,task     ] GC(233) Using 9 workers of 9 for evacuation
[2026-05-27T11:23:28.342+0530][9.599s][info][gc,phases   ] GC(233)   Pre Evacuate Collection Set: 0.15ms
[2026-05-27T11:23:28.343+0530][9.599s][info][gc,phases   ] GC(233)   Merge Heap Roots: 0.08ms
[2026-05-27T11:23:28.343+0530][9.599s][info][gc,phases   ] GC(233)   Evacuate Collection Set: 0.27ms
[2026-05-27T11:23:28.343+0530][9.599s][info][gc,phases   ] GC(233)   Post Evacuate Collection Set: 0.21ms
[2026-05-27T11:23:28.343+0530][9.599s][info][gc,phases   ] GC(233)   Other: 0.12ms
[2026-05-27T11:23:28.343+0530][9.599s][info][gc,heap     ] GC(233) Eden regions: 302->0(302)
[2026-05-27T11:23:28.343+0530][9.599s][info][gc,heap     ] GC(233) Survivor regions: 5->5(39)
[2026-05-27T11:23:28.343+0530][9.599s][info][gc,heap     ] GC(233) Old regions: 10->10
[2026-05-27T11:23:28.343+0530][9.599s][info][gc,heap     ] GC(233) Archive regions: 2->2
[2026-05-27T11:23:28.343+0530][9.599s][info][gc,heap     ] GC(233) Humongous regions: 0->0
[2026-05-27T11:23:28.343+0530][9.599s][info][gc,metaspace] GC(233) Metaspace: 1745K(2048K)->1745K(2048K) NonClass: 1568K(1728K)->1568K(1728K) Class: 177K(320K)->177K(320K)
[2026-05-27T11:23:28.343+0530][9.599s][info][gc          ] GC(233) Pause Young (Normal) (G1 Evacuation Pause) 316M->15M(512M) 0.908ms
[2026-05-27T11:23:28.343+0530][9.599s][info][gc,cpu      ] GC(233) User=0.01s Sys=0.00s Real=0.00s
[2026-05-27T11:23:28.382+0530][9.638s][info][gc,start    ] GC(234) Pause Young (Normal) (G1 Evacuation Pause)
[2026-05-27T11:23:28.382+0530][9.638s][info][gc,task     ] GC(234) Using 9 workers of 9 for evacuation
[2026-05-27T11:23:28.383+0530][9.639s][info][gc,phases   ] GC(234)   Pre Evacuate Collection Set: 0.09ms
[2026-05-27T11:23:28.383+0530][9.639s][info][gc,phases   ] GC(234)   Merge Heap Roots: 0.05ms
[2026-05-27T11:23:28.383+0530][9.639s][info][gc,phases   ] GC(234)   Evacuate Collection Set: 0.27ms
[2026-05-27T11:23:28.383+0530][9.639s][info][gc,phases   ] GC(234)   Post Evacuate Collection Set: 0.17ms
[2026-05-27T11:23:28.383+0530][9.639s][info][gc,phases   ] GC(234)   Other: 0.09ms
[2026-05-27T11:23:28.383+0530][9.639s][info][gc,heap     ] GC(234) Eden regions: 302->0(300)
[2026-05-27T11:23:28.383+0530][9.639s][info][gc,heap     ] GC(234) Survivor regions: 5->7(39)
[2026-05-27T11:23:28.383+0530][9.639s][info][gc,heap     ] GC(234) Old regions: 10->10
[2026-05-27T11:23:28.383+0530][9.639s][info][gc,heap     ] GC(234) Archive regions: 2->2
[2026-05-27T11:23:28.383+0530][9.639s][info][gc,heap     ] GC(234) Humongous regions: 9->0
[2026-05-27T11:23:28.383+0530][9.639s][info][gc,metaspace] GC(234) Metaspace: 1745K(2048K)->1745K(2048K) NonClass: 1568K(1728K)->1568K(1728K) Class: 177K(320K)->177K(320K)
[2026-05-27T11:23:28.383+0530][9.639s][info][gc          ] GC(234) Pause Young (Normal) (G1 Evacuation Pause) 325M->16M(512M) 0.742ms
[2026-05-27T11:23:28.383+0530][9.639s][info][gc,cpu      ] GC(234) User=0.00s Sys=0.00s Real=0.00s
[2026-05-27T11:23:28.422+0530][9.678s][info][gc,start    ] GC(235) Pause Young (Normal) (G1 Evacuation Pause)
[2026-05-27T11:23:28.422+0530][9.679s][info][gc,task     ] GC(235) Using 9 workers of 9 for evacuation
[2026-05-27T11:23:28.423+0530][9.679s][info][gc,phases   ] GC(235)   Pre Evacuate Collection Set: 0.08ms
[2026-05-27T11:23:28.423+0530][9.679s][info][gc,phases   ] GC(235)   Merge Heap Roots: 0.07ms
[2026-05-27T11:23:28.423+0530][9.679s][info][gc,phases   ] GC(235)   Evacuate Collection Set: 0.25ms
[2026-05-27T11:23:28.423+0530][9.679s][info][gc,phases   ] GC(235)   Post Evacuate Collection Set: 0.18ms
[2026-05-27T11:23:28.423+0530][9.679s][info][gc,phases   ] GC(235)   Other: 0.10ms
[2026-05-27T11:23:28.423+0530][9.679s][info][gc,heap     ] GC(235) Eden regions: 300->0(306)
[2026-05-27T11:23:28.423+0530][9.679s][info][gc,heap     ] GC(235) Survivor regions: 7->1(39)
[2026-05-27T11:23:28.423+0530][9.679s][info][gc,heap     ] GC(235) Old regions: 10->10
[2026-05-27T11:23:28.423+0530][9.679s][info][gc,heap     ] GC(235) Archive regions: 2->2
[2026-05-27T11:23:28.423+0530][9.679s][info][gc,heap     ] GC(235) Humongous regions: 0->0
[2026-05-27T11:23:28.423+0530][9.679s][info][gc,metaspace] GC(235) Metaspace: 1745K(2048K)->1745K(2048K) NonClass: 1568K(1728K)->1568K(1728K) Class: 177K(320K)->177K(320K)
[2026-05-27T11:23:28.423+0530][9.679s][info][gc          ] GC(235) Pause Young (Normal) (G1 Evacuation Pause) 316M->11M(512M) 0.755ms
[2026-05-27T11:23:28.423+0530][9.679s][info][gc,cpu      ] GC(235) User=0.00s Sys=0.00s Real=0.00s
[2026-05-27T11:23:28.460+0530][9.716s][info][gc,start    ] GC(236) Pause Young (Normal) (G1 Evacuation Pause)
[2026-05-27T11:23:28.460+0530][9.717s][info][gc,task     ] GC(236) Using 9 workers of 9 for evacuation
[2026-05-27T11:23:28.461+0530][9.717s][info][gc,phases   ] GC(236)   Pre Evacuate Collection Set: 0.09ms
[2026-05-27T11:23:28.461+0530][9.717s][info][gc,phases   ] GC(236)   Merge Heap Roots: 0.09ms
[2026-05-27T11:23:28.461+0530][9.717s][info][gc,phases   ] GC(236)   Evacuate Collection Set: 0.27ms
[2026-05-27T11:23:28.461+0530][9.717s][info][gc,phases   ] GC(236)   Post Evacuate Collection Set: 0.21ms
[2026-05-27T11:23:28.461+0530][9.717s][info][gc,phases   ] GC(236)   Other: 0.12ms
[2026-05-27T11:23:28.461+0530][9.717s][info][gc,heap     ] GC(236) Eden regions: 306->0(302)
[2026-05-27T11:23:28.461+0530][9.717s][info][gc,heap     ] GC(236) Survivor regions: 1->5(39)
[2026-05-27T11:23:28.461+0530][9.717s][info][gc,heap     ] GC(236) Old regions: 10->10
[2026-05-27T11:23:28.461+0530][9.717s][info][gc,heap     ] GC(236) Archive regions: 2->2
[2026-05-27T11:23:28.461+0530][9.717s][info][gc,heap     ] GC(236) Humongous regions: 0->0
[2026-05-27T11:23:28.461+0530][9.717s][info][gc,metaspace] GC(236) Metaspace: 1745K(2048K)->1745K(2048K) NonClass: 1568K(1728K)->1568K(1728K) Class: 177K(320K)->177K(320K)
[2026-05-27T11:23:28.461+0530][9.717s][info][gc          ] GC(236) Pause Young (Normal) (G1 Evacuation Pause) 316M->14M(512M) 0.854ms
[2026-05-27T11:23:28.461+0530][9.717s][info][gc,cpu      ] GC(236) User=0.00s Sys=0.00s Real=0.00s
[2026-05-27T11:23:28.500+0530][9.757s][info][gc,start    ] GC(237) Pause Young (Normal) (G1 Evacuation Pause)
[2026-05-27T11:23:28.500+0530][9.757s][info][gc,task     ] GC(237) Using 9 workers of 9 for evacuation
[2026-05-27T11:23:28.501+0530][9.757s][info][gc,phases   ] GC(237)   Pre Evacuate Collection Set: 0.08ms
[2026-05-27T11:23:28.501+0530][9.757s][info][gc,phases   ] GC(237)   Merge Heap Roots: 0.06ms
[2026-05-27T11:23:28.501+0530][9.757s][info][gc,phases   ] GC(237)   Evacuate Collection Set: 0.24ms
[2026-05-27T11:23:28.501+0530][9.757s][info][gc,phases   ] GC(237)   Post Evacuate Collection Set: 0.22ms
[2026-05-27T11:23:28.501+0530][9.757s][info][gc,phases   ] GC(237)   Other: 0.11ms
[2026-05-27T11:23:28.501+0530][9.757s][info][gc,heap     ] GC(237) Eden regions: 302->0(303)
[2026-05-27T11:23:28.501+0530][9.757s][info][gc,heap     ] GC(237) Survivor regions: 5->4(39)
[2026-05-27T11:23:28.501+0530][9.757s][info][gc,heap     ] GC(237) Old regions: 10->10
[2026-05-27T11:23:28.501+0530][9.757s][info][gc,heap     ] GC(237) Archive regions: 2->2
[2026-05-27T11:23:28.501+0530][9.757s][info][gc,heap     ] GC(237) Humongous regions: 0->0
[2026-05-27T11:23:28.501+0530][9.757s][info][gc,metaspace] GC(237) Metaspace: 1745K(2048K)->1745K(2048K) NonClass: 1568K(1728K)->1568K(1728K) Class: 177K(320K)->177K(320K)
[2026-05-27T11:23:28.501+0530][9.757s][info][gc          ] GC(237) Pause Young (Normal) (G1 Evacuation Pause) 316M->13M(512M) 0.808ms
[2026-05-27T11:23:28.501+0530][9.757s][info][gc,cpu      ] GC(237) User=0.00s Sys=0.00s Real=0.00s
[2026-05-27T11:23:28.540+0530][9.796s][info][gc,start    ] GC(238) Pause Young (Normal) (G1 Evacuation Pause)
[2026-05-27T11:23:28.540+0530][9.796s][info][gc,task     ] GC(238) Using 9 workers of 9 for evacuation
[2026-05-27T11:23:28.541+0530][9.797s][info][gc,phases   ] GC(238)   Pre Evacuate Collection Set: 0.09ms
[2026-05-27T11:23:28.541+0530][9.797s][info][gc,phases   ] GC(238)   Merge Heap Roots: 0.04ms
[2026-05-27T11:23:28.541+0530][9.797s][info][gc,phases   ] GC(238)   Evacuate Collection Set: 0.25ms
[2026-05-27T11:23:28.541+0530][9.797s][info][gc,phases   ] GC(238)   Post Evacuate Collection Set: 0.19ms
[2026-05-27T11:23:28.541+0530][9.797s][info][gc,phases   ] GC(238)   Other: 0.09ms
[2026-05-27T11:23:28.541+0530][9.797s][info][gc,heap     ] GC(238) Eden regions: 303->0(303)
[2026-05-27T11:23:28.541+0530][9.797s][info][gc,heap     ] GC(238) Survivor regions: 4->4(39)
[2026-05-27T11:23:28.541+0530][9.797s][info][gc,heap     ] GC(238) Old regions: 10->10
[2026-05-27T11:23:28.541+0530][9.797s][info][gc,heap     ] GC(238) Archive regions: 2->2
[2026-05-27T11:23:28.541+0530][9.797s][info][gc,heap     ] GC(238) Humongous regions: 0->0
[2026-05-27T11:23:28.541+0530][9.797s][info][gc,metaspace] GC(238) Metaspace: 1745K(2048K)->1745K(2048K) NonClass: 1568K(1728K)->1568K(1728K) Class: 177K(320K)->177K(320K)
[2026-05-27T11:23:28.541+0530][9.797s][info][gc          ] GC(238) Pause Young (Normal) (G1 Evacuation Pause) 316M->13M(512M) 0.747ms
[2026-05-27T11:23:28.541+0530][9.797s][info][gc,cpu      ] GC(238) User=0.00s Sys=0.00s Real=0.00s
[2026-05-27T11:23:28.582+0530][9.838s][info][gc,start    ] GC(239) Pause Young (Normal) (G1 Evacuation Pause)
[2026-05-27T11:23:28.582+0530][9.838s][info][gc,task     ] GC(239) Using 9 workers of 9 for evacuation
[2026-05-27T11:23:28.582+0530][9.838s][info][gc,phases   ] GC(239)   Pre Evacuate Collection Set: 0.08ms
[2026-05-27T11:23:28.582+0530][9.838s][info][gc,phases   ] GC(239)   Merge Heap Roots: 0.05ms
[2026-05-27T11:23:28.582+0530][9.838s][info][gc,phases   ] GC(239)   Evacuate Collection Set: 0.23ms
[2026-05-27T11:23:28.582+0530][9.838s][info][gc,phases   ] GC(239)   Post Evacuate Collection Set: 0.18ms
[2026-05-27T11:23:28.582+0530][9.838s][info][gc,phases   ] GC(239)   Other: 0.10ms
[2026-05-27T11:23:28.582+0530][9.838s][info][gc,heap     ] GC(239) Eden regions: 303->0(306)
[2026-05-27T11:23:28.582+0530][9.838s][info][gc,heap     ] GC(239) Survivor regions: 4->1(39)
[2026-05-27T11:23:28.582+0530][9.838s][info][gc,heap     ] GC(239) Old regions: 10->10
[2026-05-27T11:23:28.582+0530][9.838s][info][gc,heap     ] GC(239) Archive regions: 2->2
[2026-05-27T11:23:28.582+0530][9.838s][info][gc,heap     ] GC(239) Humongous regions: 0->0
[2026-05-27T11:23:28.582+0530][9.839s][info][gc,metaspace] GC(239) Metaspace: 1745K(2048K)->1745K(2048K) NonClass: 1568K(1728K)->1568K(1728K) Class: 177K(320K)->177K(320K)
[2026-05-27T11:23:28.582+0530][9.839s][info][gc          ] GC(239) Pause Young (Normal) (G1 Evacuation Pause) 316M->10M(512M) 0.712ms
[2026-05-27T11:23:28.582+0530][9.839s][info][gc,cpu      ] GC(239) User=0.01s Sys=0.00s Real=0.00s
[2026-05-27T11:23:28.623+0530][9.880s][info][gc,start    ] GC(240) Pause Young (Normal) (G1 Evacuation Pause)
[2026-05-27T11:23:28.624+0530][9.880s][info][gc,task     ] GC(240) Using 9 workers of 9 for evacuation
[2026-05-27T11:23:28.624+0530][9.880s][info][gc,phases   ] GC(240)   Pre Evacuate Collection Set: 0.08ms
[2026-05-27T11:23:28.624+0530][9.880s][info][gc,phases   ] GC(240)   Merge Heap Roots: 0.05ms
[2026-05-27T11:23:28.624+0530][9.880s][info][gc,phases   ] GC(240)   Evacuate Collection Set: 0.28ms
[2026-05-27T11:23:28.624+0530][9.880s][info][gc,phases   ] GC(240)   Post Evacuate Collection Set: 0.24ms
[2026-05-27T11:23:28.624+0530][9.880s][info][gc,phases   ] GC(240)   Other: 0.10ms
[2026-05-27T11:23:28.624+0530][9.880s][info][gc,heap     ] GC(240) Eden regions: 306->0(301)
[2026-05-27T11:23:28.624+0530][9.880s][info][gc,heap     ] GC(240) Survivor regions: 1->6(39)
[2026-05-27T11:23:28.624+0530][9.880s][info][gc,heap     ] GC(240) Old regions: 10->10
[2026-05-27T11:23:28.624+0530][9.880s][info][gc,heap     ] GC(240) Archive regions: 2->2
[2026-05-27T11:23:28.624+0530][9.880s][info][gc,heap     ] GC(240) Humongous regions: 0->0
[2026-05-27T11:23:28.624+0530][9.880s][info][gc,metaspace] GC(240) Metaspace: 1745K(2048K)->1745K(2048K) NonClass: 1568K(1728K)->1568K(1728K) Class: 177K(320K)->177K(320K)
[2026-05-27T11:23:28.624+0530][9.880s][info][gc          ] GC(240) Pause Young (Normal) (G1 Evacuation Pause) 316M->15M(512M) 0.822ms
[2026-05-27T11:23:28.624+0530][9.880s][info][gc,cpu      ] GC(240) User=0.00s Sys=0.00s Real=0.00s
[2026-05-27T11:23:28.666+0530][9.922s][info][gc,start    ] GC(241) Pause Young (Normal) (G1 Evacuation Pause)
[2026-05-27T11:23:28.666+0530][9.922s][info][gc,task     ] GC(241) Using 9 workers of 9 for evacuation
[2026-05-27T11:23:28.667+0530][9.924s][info][gc,phases   ] GC(241)   Pre Evacuate Collection Set: 0.09ms
[2026-05-27T11:23:28.667+0530][9.924s][info][gc,phases   ] GC(241)   Merge Heap Roots: 0.07ms
[2026-05-27T11:23:28.667+0530][9.924s][info][gc,phases   ] GC(241)   Evacuate Collection Set: 0.62ms
[2026-05-27T11:23:28.667+0530][9.924s][info][gc,phases   ] GC(241)   Post Evacuate Collection Set: 0.30ms
[2026-05-27T11:23:28.667+0530][9.924s][info][gc,phases   ] GC(241)   Other: 0.16ms
[2026-05-27T11:23:28.667+0530][9.924s][info][gc,heap     ] GC(241) Eden regions: 301->0(302)
[2026-05-27T11:23:28.667+0530][9.924s][info][gc,heap     ] GC(241) Survivor regions: 6->5(39)
[2026-05-27T11:23:28.667+0530][9.924s][info][gc,heap     ] GC(241) Old regions: 10->10
[2026-05-27T11:23:28.667+0530][9.924s][info][gc,heap     ] GC(241) Archive regions: 2->2
[2026-05-27T11:23:28.667+0530][9.924s][info][gc,heap     ] GC(241) Humongous regions: 0->0
[2026-05-27T11:23:28.667+0530][9.924s][info][gc,metaspace] GC(241) Metaspace: 1745K(2048K)->1745K(2048K) NonClass: 1568K(1728K)->1568K(1728K) Class: 177K(320K)->177K(320K)
[2026-05-27T11:23:28.668+0530][9.924s][info][gc          ] GC(241) Pause Young (Normal) (G1 Evacuation Pause) 316M->15M(512M) 1.354ms
[2026-05-27T11:23:28.668+0530][9.924s][info][gc,cpu      ] GC(241) User=0.00s Sys=0.00s Real=0.00s
[2026-05-27T11:23:28.709+0530][9.965s][info][gc,start    ] GC(242) Pause Young (Normal) (G1 Evacuation Pause)
[2026-05-27T11:23:28.709+0530][9.966s][info][gc,task     ] GC(242) Using 9 workers of 9 for evacuation
[2026-05-27T11:23:28.710+0530][9.966s][info][gc,phases   ] GC(242)   Pre Evacuate Collection Set: 0.09ms
[2026-05-27T11:23:28.710+0530][9.966s][info][gc,phases   ] GC(242)   Merge Heap Roots: 0.09ms
[2026-05-27T11:23:28.710+0530][9.966s][info][gc,phases   ] GC(242)   Evacuate Collection Set: 0.45ms
[2026-05-27T11:23:28.710+0530][9.966s][info][gc,phases   ] GC(242)   Post Evacuate Collection Set: 0.18ms
[2026-05-27T11:23:28.710+0530][9.966s][info][gc,phases   ] GC(242)   Other: 0.12ms
[2026-05-27T11:23:28.710+0530][9.966s][info][gc,heap     ] GC(242) Eden regions: 302->0(301)
[2026-05-27T11:23:28.710+0530][9.966s][info][gc,heap     ] GC(242) Survivor regions: 5->6(39)
[2026-05-27T11:23:28.710+0530][9.966s][info][gc,heap     ] GC(242) Old regions: 10->10
[2026-05-27T11:23:28.710+0530][9.967s][info][gc,heap     ] GC(242) Archive regions: 2->2
[2026-05-27T11:23:28.710+0530][9.967s][info][gc,heap     ] GC(242) Humongous regions: 0->0
[2026-05-27T11:23:28.710+0530][9.967s][info][gc,metaspace] GC(242) Metaspace: 1745K(2048K)->1745K(2048K) NonClass: 1568K(1728K)->1568K(1728K) Class: 177K(320K)->177K(320K)
[2026-05-27T11:23:28.710+0530][9.967s][info][gc          ] GC(242) Pause Young (Normal) (G1 Evacuation Pause) 316M->16M(512M) 1.045ms
[2026-05-27T11:23:28.710+0530][9.967s][info][gc,cpu      ] GC(242) User=0.00s Sys=0.00s Real=0.01s
[2026-05-27T11:23:28.753+0530][10.009s][info][gc,start    ] GC(243) Pause Young (Normal) (G1 Evacuation Pause)
[2026-05-27T11:23:28.753+0530][10.009s][info][gc,task     ] GC(243) Using 9 workers of 9 for evacuation
[2026-05-27T11:23:28.754+0530][10.010s][info][gc,phases   ] GC(243)   Pre Evacuate Collection Set: 0.09ms
[2026-05-27T11:23:28.754+0530][10.010s][info][gc,phases   ] GC(243)   Merge Heap Roots: 0.04ms
[2026-05-27T11:23:28.754+0530][10.010s][info][gc,phases   ] GC(243)   Evacuate Collection Set: 0.26ms
[2026-05-27T11:23:28.754+0530][10.010s][info][gc,phases   ] GC(243)   Post Evacuate Collection Set: 0.17ms
[2026-05-27T11:23:28.754+0530][10.010s][info][gc,phases   ] GC(243)   Other: 0.11ms
[2026-05-27T11:23:28.754+0530][10.010s][info][gc,heap     ] GC(243) Eden regions: 301->0(301)
[2026-05-27T11:23:28.754+0530][10.010s][info][gc,heap     ] GC(243) Survivor regions: 6->6(39)
[2026-05-27T11:23:28.754+0530][10.010s][info][gc,heap     ] GC(243) Old regions: 10->10
[2026-05-27T11:23:28.754+0530][10.010s][info][gc,heap     ] GC(243) Archive regions: 2->2
[2026-05-27T11:23:28.754+0530][10.010s][info][gc,heap     ] GC(243) Humongous regions: 9->0
[2026-05-27T11:23:28.754+0530][10.010s][info][gc,metaspace] GC(243) Metaspace: 1745K(2048K)->1745K(2048K) NonClass: 1568K(1728K)->1568K(1728K) Class: 177K(320K)->177K(320K)
[2026-05-27T11:23:28.754+0530][10.010s][info][gc          ] GC(243) Pause Young (Normal) (G1 Evacuation Pause) 325M->15M(512M) 0.759ms
[2026-05-27T11:23:28.754+0530][10.010s][info][gc,cpu      ] GC(243) User=0.00s Sys=0.00s Real=0.00s
[2026-05-27T11:23:28.793+0530][10.049s][info][gc,start    ] GC(244) Pause Young (Normal) (G1 Evacuation Pause)
[2026-05-27T11:23:28.793+0530][10.049s][info][gc,task     ] GC(244) Using 9 workers of 9 for evacuation
[2026-05-27T11:23:28.794+0530][10.050s][info][gc,phases   ] GC(244)   Pre Evacuate Collection Set: 0.07ms
[2026-05-27T11:23:28.794+0530][10.050s][info][gc,phases   ] GC(244)   Merge Heap Roots: 0.08ms
[2026-05-27T11:23:28.794+0530][10.050s][info][gc,phases   ] GC(244)   Evacuate Collection Set: 0.24ms
[2026-05-27T11:23:28.794+0530][10.050s][info][gc,phases   ] GC(244)   Post Evacuate Collection Set: 0.19ms
[2026-05-27T11:23:28.794+0530][10.050s][info][gc,phases   ] GC(244)   Other: 0.12ms
[2026-05-27T11:23:28.794+0530][10.050s][info][gc,heap     ] GC(244) Eden regions: 301->0(305)
[2026-05-27T11:23:28.794+0530][10.050s][info][gc,heap     ] GC(244) Survivor regions: 6->2(39)
[2026-05-27T11:23:28.794+0530][10.050s][info][gc,heap     ] GC(244) Old regions: 10->10
[2026-05-27T11:23:28.794+0530][10.050s][info][gc,heap     ] GC(244) Archive regions: 2->2
[2026-05-27T11:23:28.794+0530][10.050s][info][gc,heap     ] GC(244) Humongous regions: 0->0
[2026-05-27T11:23:28.794+0530][10.050s][info][gc,metaspace] GC(244) Metaspace: 1745K(2048K)->1745K(2048K) NonClass: 1568K(1728K)->1568K(1728K) Class: 177K(320K)->177K(320K)
[2026-05-27T11:23:28.794+0530][10.050s][info][gc          ] GC(244) Pause Young (Normal) (G1 Evacuation Pause) 316M->11M(512M) 0.786ms
[2026-05-27T11:23:28.794+0530][10.050s][info][gc,cpu      ] GC(244) User=0.01s Sys=0.01s Real=0.00s
[2026-05-27T11:23:28.836+0530][10.092s][info][gc,start    ] GC(245) Pause Young (Normal) (G1 Evacuation Pause)
[2026-05-27T11:23:28.836+0530][10.092s][info][gc,task     ] GC(245) Using 9 workers of 9 for evacuation
[2026-05-27T11:23:28.837+0530][10.093s][info][gc,phases   ] GC(245)   Pre Evacuate Collection Set: 0.08ms
[2026-05-27T11:23:28.837+0530][10.093s][info][gc,phases   ] GC(245)   Merge Heap Roots: 0.06ms
[2026-05-27T11:23:28.837+0530][10.093s][info][gc,phases   ] GC(245)   Evacuate Collection Set: 0.34ms
[2026-05-27T11:23:28.837+0530][10.093s][info][gc,phases   ] GC(245)   Post Evacuate Collection Set: 0.19ms
[2026-05-27T11:23:28.837+0530][10.093s][info][gc,phases   ] GC(245)   Other: 0.12ms
[2026-05-27T11:23:28.837+0530][10.093s][info][gc,heap     ] GC(245) Eden regions: 305->0(302)
[2026-05-27T11:23:28.837+0530][10.093s][info][gc,heap     ] GC(245) Survivor regions: 2->5(39)
[2026-05-27T11:23:28.837+0530][10.093s][info][gc,heap     ] GC(245) Old regions: 10->10
[2026-05-27T11:23:28.837+0530][10.093s][info][gc,heap     ] GC(245) Archive regions: 2->2
[2026-05-27T11:23:28.837+0530][10.093s][info][gc,heap     ] GC(245) Humongous regions: 9->0
[2026-05-27T11:23:28.837+0530][10.093s][info][gc,metaspace] GC(245) Metaspace: 1745K(2048K)->1745K(2048K) NonClass: 1568K(1728K)->1568K(1728K) Class: 177K(320K)->177K(320K)
[2026-05-27T11:23:28.837+0530][10.093s][info][gc          ] GC(245) Pause Young (Normal) (G1 Evacuation Pause) 325M->14M(512M) 0.891ms
[2026-05-27T11:23:28.837+0530][10.093s][info][gc,cpu      ] GC(245) User=0.01s Sys=0.00s Real=0.00s
[2026-05-27T11:23:28.877+0530][10.133s][info][gc,start    ] GC(246) Pause Young (Normal) (G1 Evacuation Pause)
[2026-05-27T11:23:28.877+0530][10.133s][info][gc,task     ] GC(246) Using 9 workers of 9 for evacuation
[2026-05-27T11:23:28.878+0530][10.134s][info][gc,phases   ] GC(246)   Pre Evacuate Collection Set: 0.12ms
[2026-05-27T11:23:28.878+0530][10.134s][info][gc,phases   ] GC(246)   Merge Heap Roots: 0.05ms
[2026-05-27T11:23:28.878+0530][10.134s][info][gc,phases   ] GC(246)   Evacuate Collection Set: 0.27ms
[2026-05-27T11:23:28.878+0530][10.134s][info][gc,phases   ] GC(246)   Post Evacuate Collection Set: 0.20ms
[2026-05-27T11:23:28.878+0530][10.134s][info][gc,phases   ] GC(246)   Other: 0.13ms
[2026-05-27T11:23:28.878+0530][10.134s][info][gc,heap     ] GC(246) Eden regions: 302->0(306)
[2026-05-27T11:23:28.878+0530][10.134s][info][gc,heap     ] GC(246) Survivor regions: 5->1(39)
[2026-05-27T11:23:28.878+0530][10.134s][info][gc,heap     ] GC(246) Old regions: 10->10
[2026-05-27T11:23:28.878+0530][10.134s][info][gc,heap     ] GC(246) Archive regions: 2->2
[2026-05-27T11:23:28.878+0530][10.134s][info][gc,heap     ] GC(246) Humongous regions: 9->0
[2026-05-27T11:23:28.878+0530][10.134s][info][gc,metaspace] GC(246) Metaspace: 1745K(2048K)->1745K(2048K) NonClass: 1568K(1728K)->1568K(1728K) Class: 177K(320K)->177K(320K)
[2026-05-27T11:23:28.878+0530][10.134s][info][gc          ] GC(246) Pause Young (Normal) (G1 Evacuation Pause) 325M->10M(512M) 0.861ms
[2026-05-27T11:23:28.878+0530][10.134s][info][gc,cpu      ] GC(246) User=0.00s Sys=0.00s Real=0.00s
[2026-05-27T11:23:28.921+0530][10.177s][info][gc,start    ] GC(247) Pause Young (Normal) (G1 Evacuation Pause)
[2026-05-27T11:23:28.921+0530][10.177s][info][gc,task     ] GC(247) Using 9 workers of 9 for evacuation
[2026-05-27T11:23:28.922+0530][10.178s][info][gc,phases   ] GC(247)   Pre Evacuate Collection Set: 0.10ms
[2026-05-27T11:23:28.922+0530][10.178s][info][gc,phases   ] GC(247)   Merge Heap Roots: 0.08ms
[2026-05-27T11:23:28.922+0530][10.178s][info][gc,phases   ] GC(247)   Evacuate Collection Set: 0.30ms
[2026-05-27T11:23:28.922+0530][10.178s][info][gc,phases   ] GC(247)   Post Evacuate Collection Set: 0.24ms
[2026-05-27T11:23:28.922+0530][10.178s][info][gc,phases   ] GC(247)   Other: 0.12ms
[2026-05-27T11:23:28.922+0530][10.178s][info][gc,heap     ] GC(247) Eden regions: 306->0(302)
[2026-05-27T11:23:28.922+0530][10.178s][info][gc,heap     ] GC(247) Survivor regions: 1->5(39)
[2026-05-27T11:23:28.922+0530][10.178s][info][gc,heap     ] GC(247) Old regions: 10->10
[2026-05-27T11:23:28.922+0530][10.178s][info][gc,heap     ] GC(247) Archive regions: 2->2
[2026-05-27T11:23:28.922+0530][10.178s][info][gc,heap     ] GC(247) Humongous regions: 0->0
[2026-05-27T11:23:28.922+0530][10.178s][info][gc,metaspace] GC(247) Metaspace: 1745K(2048K)->1745K(2048K) NonClass: 1568K(1728K)->1568K(1728K) Class: 177K(320K)->177K(320K)
[2026-05-27T11:23:28.922+0530][10.178s][info][gc          ] GC(247) Pause Young (Normal) (G1 Evacuation Pause) 316M->14M(512M) 0.913ms
[2026-05-27T11:23:28.922+0530][10.178s][info][gc,cpu      ] GC(247) User=0.01s Sys=0.00s Real=0.00s
[2026-05-27T11:23:28.961+0530][10.218s][info][gc,start    ] GC(248) Pause Young (Normal) (G1 Evacuation Pause)
[2026-05-27T11:23:28.962+0530][10.218s][info][gc,task     ] GC(248) Using 9 workers of 9 for evacuation
[2026-05-27T11:23:28.962+0530][10.218s][info][gc,phases   ] GC(248)   Pre Evacuate Collection Set: 0.06ms
[2026-05-27T11:23:28.962+0530][10.218s][info][gc,phases   ] GC(248)   Merge Heap Roots: 0.05ms
[2026-05-27T11:23:28.962+0530][10.218s][info][gc,phases   ] GC(248)   Evacuate Collection Set: 0.29ms
[2026-05-27T11:23:28.962+0530][10.218s][info][gc,phases   ] GC(248)   Post Evacuate Collection Set: 0.24ms
[2026-05-27T11:23:28.962+0530][10.218s][info][gc,phases   ] GC(248)   Other: 0.12ms
[2026-05-27T11:23:28.962+0530][10.218s][info][gc,heap     ] GC(248) Eden regions: 302->0(301)
[2026-05-27T11:23:28.962+0530][10.218s][info][gc,heap     ] GC(248) Survivor regions: 5->6(39)
[2026-05-27T11:23:28.962+0530][10.218s][info][gc,heap     ] GC(248) Old regions: 10->10
[2026-05-27T11:23:28.962+0530][10.218s][info][gc,heap     ] GC(248) Archive regions: 2->2
[2026-05-27T11:23:28.962+0530][10.218s][info][gc,heap     ] GC(248) Humongous regions: 9->0
[2026-05-27T11:23:28.962+0530][10.218s][info][gc,metaspace] GC(248) Metaspace: 1745K(2048K)->1745K(2048K) NonClass: 1568K(1728K)->1568K(1728K) Class: 177K(320K)->177K(320K)
[2026-05-27T11:23:28.962+0530][10.219s][info][gc          ] GC(248) Pause Young (Normal) (G1 Evacuation Pause) 325M->16M(512M) 0.859ms
[2026-05-27T11:23:28.962+0530][10.219s][info][gc,cpu      ] GC(248) User=0.00s Sys=0.00s Real=0.00s
[2026-05-27T11:23:29.005+0530][10.261s][info][gc,start    ] GC(249) Pause Young (Normal) (G1 Evacuation Pause)
[2026-05-27T11:23:29.005+0530][10.261s][info][gc,task     ] GC(249) Using 9 workers of 9 for evacuation
[2026-05-27T11:23:29.006+0530][10.262s][info][gc,phases   ] GC(249)   Pre Evacuate Collection Set: 0.09ms
[2026-05-27T11:23:29.006+0530][10.262s][info][gc,phases   ] GC(249)   Merge Heap Roots: 0.05ms
[2026-05-27T11:23:29.006+0530][10.262s][info][gc,phases   ] GC(249)   Evacuate Collection Set: 0.26ms
[2026-05-27T11:23:29.006+0530][10.262s][info][gc,phases   ] GC(249)   Post Evacuate Collection Set: 0.16ms
[2026-05-27T11:23:29.006+0530][10.262s][info][gc,phases   ] GC(249)   Other: 0.10ms
[2026-05-27T11:23:29.006+0530][10.262s][info][gc,heap     ] GC(249) Eden regions: 301->0(305)
[2026-05-27T11:23:29.006+0530][10.262s][info][gc,heap     ] GC(249) Survivor regions: 6->2(39)
[2026-05-27T11:23:29.006+0530][10.262s][info][gc,heap     ] GC(249) Old regions: 10->10
[2026-05-27T11:23:29.006+0530][10.262s][info][gc,heap     ] GC(249) Archive regions: 2->2
[2026-05-27T11:23:29.006+0530][10.262s][info][gc,heap     ] GC(249) Humongous regions: 0->0
[2026-05-27T11:23:29.006+0530][10.262s][info][gc,metaspace] GC(249) Metaspace: 1745K(2048K)->1745K(2048K) NonClass: 1568K(1728K)->1568K(1728K) Class: 177K(320K)->177K(320K)
[2026-05-27T11:23:29.006+0530][10.262s][info][gc          ] GC(249) Pause Young (Normal) (G1 Evacuation Pause) 316M->11M(512M) 0.741ms
[2026-05-27T11:23:29.006+0530][10.262s][info][gc,cpu      ] GC(249) User=0.00s Sys=0.00s Real=0.00s
[2026-05-27T11:23:29.045+0530][10.302s][info][gc,start    ] GC(250) Pause Young (Normal) (G1 Evacuation Pause)
[2026-05-27T11:23:29.046+0530][10.302s][info][gc,task     ] GC(250) Using 9 workers of 9 for evacuation
[2026-05-27T11:23:29.046+0530][10.302s][info][gc,phases   ] GC(250)   Pre Evacuate Collection Set: 0.10ms
[2026-05-27T11:23:29.046+0530][10.302s][info][gc,phases   ] GC(250)   Merge Heap Roots: 0.05ms
[2026-05-27T11:23:29.046+0530][10.302s][info][gc,phases   ] GC(250)   Evacuate Collection Set: 0.26ms
[2026-05-27T11:23:29.046+0530][10.302s][info][gc,phases   ] GC(250)   Post Evacuate Collection Set: 0.19ms
[2026-05-27T11:23:29.046+0530][10.302s][info][gc,phases   ] GC(250)   Other: 0.11ms
[2026-05-27T11:23:29.046+0530][10.302s][info][gc,heap     ] GC(250) Eden regions: 305->0(301)
[2026-05-27T11:23:29.046+0530][10.302s][info][gc,heap     ] GC(250) Survivor regions: 2->6(39)
[2026-05-27T11:23:29.046+0530][10.302s][info][gc,heap     ] GC(250) Old regions: 10->10
[2026-05-27T11:23:29.046+0530][10.302s][info][gc,heap     ] GC(250) Archive regions: 2->2
[2026-05-27T11:23:29.046+0530][10.302s][info][gc,heap     ] GC(250) Humongous regions: 0->0
[2026-05-27T11:23:29.046+0530][10.302s][info][gc,metaspace] GC(250) Metaspace: 1745K(2048K)->1745K(2048K) NonClass: 1568K(1728K)->1568K(1728K) Class: 177K(320K)->177K(320K)
[2026-05-27T11:23:29.046+0530][10.302s][info][gc          ] GC(250) Pause Young (Normal) (G1 Evacuation Pause) 316M->15M(512M) 0.791ms
[2026-05-27T11:23:29.046+0530][10.302s][info][gc,cpu      ] GC(250) User=0.00s Sys=0.00s Real=0.00s
[2026-05-27T11:23:29.087+0530][10.343s][info][gc,start    ] GC(251) Pause Young (Normal) (G1 Evacuation Pause)
[2026-05-27T11:23:29.087+0530][10.343s][info][gc,task     ] GC(251) Using 9 workers of 9 for evacuation
[2026-05-27T11:23:29.088+0530][10.344s][info][gc,phases   ] GC(251)   Pre Evacuate Collection Set: 0.07ms
[2026-05-27T11:23:29.088+0530][10.344s][info][gc,phases   ] GC(251)   Merge Heap Roots: 0.06ms
[2026-05-27T11:23:29.088+0530][10.344s][info][gc,phases   ] GC(251)   Evacuate Collection Set: 0.34ms
[2026-05-27T11:23:29.088+0530][10.344s][info][gc,phases   ] GC(251)   Post Evacuate Collection Set: 0.21ms
[2026-05-27T11:23:29.088+0530][10.344s][info][gc,phases   ] GC(251)   Other: 0.17ms
[2026-05-27T11:23:29.088+0530][10.344s][info][gc,heap     ] GC(251) Eden regions: 301->0(301)
[2026-05-27T11:23:29.088+0530][10.344s][info][gc,heap     ] GC(251) Survivor regions: 6->6(39)
[2026-05-27T11:23:29.088+0530][10.344s][info][gc,heap     ] GC(251) Old regions: 10->10
[2026-05-27T11:23:29.088+0530][10.344s][info][gc,heap     ] GC(251) Archive regions: 2->2
[2026-05-27T11:23:29.088+0530][10.344s][info][gc,heap     ] GC(251) Humongous regions: 0->0
[2026-05-27T11:23:29.088+0530][10.344s][info][gc,metaspace] GC(251) Metaspace: 1745K(2048K)->1745K(2048K) NonClass: 1568K(1728K)->1568K(1728K) Class: 177K(320K)->177K(320K)
[2026-05-27T11:23:29.088+0530][10.344s][info][gc          ] GC(251) Pause Young (Normal) (G1 Evacuation Pause) 316M->15M(512M) 0.927ms
[2026-05-27T11:23:29.088+0530][10.344s][info][gc,cpu      ] GC(251) User=0.01s Sys=0.00s Real=0.00s
[2026-05-27T11:23:29.136+0530][10.392s][info][gc,start    ] GC(252) Pause Young (Normal) (G1 Evacuation Pause)
[2026-05-27T11:23:29.136+0530][10.392s][info][gc,task     ] GC(252) Using 9 workers of 9 for evacuation
[2026-05-27T11:23:29.137+0530][10.393s][info][gc,phases   ] GC(252)   Pre Evacuate Collection Set: 0.10ms
[2026-05-27T11:23:29.137+0530][10.393s][info][gc,phases   ] GC(252)   Merge Heap Roots: 0.09ms
[2026-05-27T11:23:29.137+0530][10.393s][info][gc,phases   ] GC(252)   Evacuate Collection Set: 0.26ms
[2026-05-27T11:23:29.137+0530][10.393s][info][gc,phases   ] GC(252)   Post Evacuate Collection Set: 0.23ms
[2026-05-27T11:23:29.137+0530][10.393s][info][gc,phases   ] GC(252)   Other: 0.11ms
[2026-05-27T11:23:29.137+0530][10.393s][info][gc,heap     ] GC(252) Eden regions: 301->0(306)
[2026-05-27T11:23:29.137+0530][10.393s][info][gc,heap     ] GC(252) Survivor regions: 6->1(39)
[2026-05-27T11:23:29.137+0530][10.393s][info][gc,heap     ] GC(252) Old regions: 10->10
[2026-05-27T11:23:29.137+0530][10.393s][info][gc,heap     ] GC(252) Archive regions: 2->2
[2026-05-27T11:23:29.137+0530][10.393s][info][gc,heap     ] GC(252) Humongous regions: 9->0
[2026-05-27T11:23:29.137+0530][10.393s][info][gc,metaspace] GC(252) Metaspace: 1745K(2048K)->1745K(2048K) NonClass: 1568K(1728K)->1568K(1728K) Class: 177K(320K)->177K(320K)
[2026-05-27T11:23:29.137+0530][10.393s][info][gc          ] GC(252) Pause Young (Normal) (G1 Evacuation Pause) 325M->11M(512M) 0.883ms
[2026-05-27T11:23:29.137+0530][10.393s][info][gc,cpu      ] GC(252) User=0.00s Sys=0.00s Real=0.00s
[2026-05-27T11:23:29.177+0530][10.433s][info][gc,start    ] GC(253) Pause Young (Normal) (G1 Evacuation Pause)
[2026-05-27T11:23:29.177+0530][10.433s][info][gc,task     ] GC(253) Using 9 workers of 9 for evacuation
[2026-05-27T11:23:29.177+0530][10.433s][info][gc,phases   ] GC(253)   Pre Evacuate Collection Set: 0.05ms
[2026-05-27T11:23:29.177+0530][10.434s][info][gc,phases   ] GC(253)   Merge Heap Roots: 0.06ms
[2026-05-27T11:23:29.177+0530][10.434s][info][gc,phases   ] GC(253)   Evacuate Collection Set: 0.33ms
[2026-05-27T11:23:29.177+0530][10.434s][info][gc,phases   ] GC(253)   Post Evacuate Collection Set: 0.18ms
[2026-05-27T11:23:29.177+0530][10.434s][info][gc,phases   ] GC(253)   Other: 0.14ms
[2026-05-27T11:23:29.177+0530][10.434s][info][gc,heap     ] GC(253) Eden regions: 306->0(301)
[2026-05-27T11:23:29.177+0530][10.434s][info][gc,heap     ] GC(253) Survivor regions: 1->6(39)
[2026-05-27T11:23:29.177+0530][10.434s][info][gc,heap     ] GC(253) Old regions: 10->10
[2026-05-27T11:23:29.177+0530][10.434s][info][gc,heap     ] GC(253) Archive regions: 2->2
[2026-05-27T11:23:29.177+0530][10.434s][info][gc,heap     ] GC(253) Humongous regions: 0->0
[2026-05-27T11:23:29.177+0530][10.434s][info][gc,metaspace] GC(253) Metaspace: 1745K(2048K)->1745K(2048K) NonClass: 1568K(1728K)->1568K(1728K) Class: 177K(320K)->177K(320K)
[2026-05-27T11:23:29.177+0530][10.434s][info][gc          ] GC(253) Pause Young (Normal) (G1 Evacuation Pause) 317M->15M(512M) 0.872ms
[2026-05-27T11:23:29.177+0530][10.434s][info][gc,cpu      ] GC(253) User=0.00s Sys=0.00s Real=0.00s
[2026-05-27T11:23:29.218+0530][10.474s][info][gc,start    ] GC(254) Pause Young (Normal) (G1 Evacuation Pause)
[2026-05-27T11:23:29.218+0530][10.474s][info][gc,task     ] GC(254) Using 9 workers of 9 for evacuation
[2026-05-27T11:23:29.219+0530][10.475s][info][gc,phases   ] GC(254)   Pre Evacuate Collection Set: 0.06ms
[2026-05-27T11:23:29.219+0530][10.475s][info][gc,phases   ] GC(254)   Merge Heap Roots: 0.05ms
[2026-05-27T11:23:29.219+0530][10.475s][info][gc,phases   ] GC(254)   Evacuate Collection Set: 0.24ms
[2026-05-27T11:23:29.219+0530][10.475s][info][gc,phases   ] GC(254)   Post Evacuate Collection Set: 0.18ms
[2026-05-27T11:23:29.219+0530][10.475s][info][gc,phases   ] GC(254)   Other: 0.12ms
[2026-05-27T11:23:29.219+0530][10.475s][info][gc,heap     ] GC(254) Eden regions: 301->0(302)
[2026-05-27T11:23:29.219+0530][10.475s][info][gc,heap     ] GC(254) Survivor regions: 6->5(39)
[2026-05-27T11:23:29.219+0530][10.475s][info][gc,heap     ] GC(254) Old regions: 10->10
[2026-05-27T11:23:29.219+0530][10.475s][info][gc,heap     ] GC(254) Archive regions: 2->2
[2026-05-27T11:23:29.219+0530][10.475s][info][gc,heap     ] GC(254) Humongous regions: 0->0
[2026-05-27T11:23:29.219+0530][10.475s][info][gc,metaspace] GC(254) Metaspace: 1745K(2048K)->1745K(2048K) NonClass: 1568K(1728K)->1568K(1728K) Class: 177K(320K)->177K(320K)
[2026-05-27T11:23:29.219+0530][10.475s][info][gc          ] GC(254) Pause Young (Normal) (G1 Evacuation Pause) 316M->14M(512M) 0.767ms
[2026-05-27T11:23:29.219+0530][10.475s][info][gc,cpu      ] GC(254) User=0.00s Sys=0.00s Real=0.00s
[2026-05-27T11:23:29.262+0530][10.518s][info][gc,start    ] GC(255) Pause Young (Normal) (G1 Evacuation Pause)
[2026-05-27T11:23:29.262+0530][10.518s][info][gc,task     ] GC(255) Using 9 workers of 9 for evacuation
[2026-05-27T11:23:29.263+0530][10.519s][info][gc,phases   ] GC(255)   Pre Evacuate Collection Set: 0.09ms
[2026-05-27T11:23:29.263+0530][10.519s][info][gc,phases   ] GC(255)   Merge Heap Roots: 0.09ms
[2026-05-27T11:23:29.263+0530][10.519s][info][gc,phases   ] GC(255)   Evacuate Collection Set: 0.31ms
[2026-05-27T11:23:29.263+0530][10.519s][info][gc,phases   ] GC(255)   Post Evacuate Collection Set: 0.21ms
[2026-05-27T11:23:29.263+0530][10.519s][info][gc,phases   ] GC(255)   Other: 0.11ms
[2026-05-27T11:23:29.263+0530][10.519s][info][gc,heap     ] GC(255) Eden regions: 302->0(300)
[2026-05-27T11:23:29.263+0530][10.519s][info][gc,heap     ] GC(255) Survivor regions: 5->7(39)
[2026-05-27T11:23:29.263+0530][10.519s][info][gc,heap     ] GC(255) Old regions: 10->10
[2026-05-27T11:23:29.263+0530][10.519s][info][gc,heap     ] GC(255) Archive regions: 2->2
[2026-05-27T11:23:29.263+0530][10.519s][info][gc,heap     ] GC(255) Humongous regions: 0->0
[2026-05-27T11:23:29.263+0530][10.519s][info][gc,metaspace] GC(255) Metaspace: 1745K(2048K)->1745K(2048K) NonClass: 1568K(1728K)->1568K(1728K) Class: 177K(320K)->177K(320K)
[2026-05-27T11:23:29.263+0530][10.519s][info][gc          ] GC(255) Pause Young (Normal) (G1 Evacuation Pause) 316M->16M(512M) 0.892ms
[2026-05-27T11:23:29.263+0530][10.519s][info][gc,cpu      ] GC(255) User=0.00s Sys=0.00s Real=0.00s
[2026-05-27T11:23:29.303+0530][10.559s][info][gc,start    ] GC(256) Pause Young (Normal) (G1 Evacuation Pause)
[2026-05-27T11:23:29.303+0530][10.559s][info][gc,task     ] GC(256) Using 9 workers of 9 for evacuation
[2026-05-27T11:23:29.303+0530][10.560s][info][gc,phases   ] GC(256)   Pre Evacuate Collection Set: 0.10ms
[2026-05-27T11:23:29.303+0530][10.560s][info][gc,phases   ] GC(256)   Merge Heap Roots: 0.12ms
[2026-05-27T11:23:29.303+0530][10.560s][info][gc,phases   ] GC(256)   Evacuate Collection Set: 0.26ms
[2026-05-27T11:23:29.303+0530][10.560s][info][gc,phases   ] GC(256)   Post Evacuate Collection Set: 0.17ms
[2026-05-27T11:23:29.303+0530][10.560s][info][gc,phases   ] GC(256)   Other: 0.10ms
[2026-05-27T11:23:29.303+0530][10.560s][info][gc,heap     ] GC(256) Eden regions: 300->0(302)
[2026-05-27T11:23:29.303+0530][10.560s][info][gc,heap     ] GC(256) Survivor regions: 7->5(39)
[2026-05-27T11:23:29.303+0530][10.560s][info][gc,heap     ] GC(256) Old regions: 10->10
[2026-05-27T11:23:29.304+0530][10.560s][info][gc,heap     ] GC(256) Archive regions: 2->2
[2026-05-27T11:23:29.304+0530][10.560s][info][gc,heap     ] GC(256) Humongous regions: 0->0
[2026-05-27T11:23:29.304+0530][10.560s][info][gc,metaspace] GC(256) Metaspace: 1745K(2048K)->1745K(2048K) NonClass: 1568K(1728K)->1568K(1728K) Class: 177K(320K)->177K(320K)
[2026-05-27T11:23:29.304+0530][10.560s][info][gc          ] GC(256) Pause Young (Normal) (G1 Evacuation Pause) 316M->14M(512M) 0.860ms
[2026-05-27T11:23:29.304+0530][10.560s][info][gc,cpu      ] GC(256) User=0.00s Sys=0.01s Real=0.00s
[2026-05-27T11:23:29.346+0530][10.602s][info][gc,start    ] GC(257) Pause Young (Normal) (G1 Evacuation Pause)
[2026-05-27T11:23:29.346+0530][10.602s][info][gc,task     ] GC(257) Using 9 workers of 9 for evacuation
[2026-05-27T11:23:29.346+0530][10.603s][info][gc,phases   ] GC(257)   Pre Evacuate Collection Set: 0.10ms
[2026-05-27T11:23:29.346+0530][10.603s][info][gc,phases   ] GC(257)   Merge Heap Roots: 0.08ms
[2026-05-27T11:23:29.346+0530][10.603s][info][gc,phases   ] GC(257)   Evacuate Collection Set: 0.26ms
[2026-05-27T11:23:29.346+0530][10.603s][info][gc,phases   ] GC(257)   Post Evacuate Collection Set: 0.24ms
[2026-05-27T11:23:29.346+0530][10.603s][info][gc,phases   ] GC(257)   Other: 0.09ms
[2026-05-27T11:23:29.346+0530][10.603s][info][gc,heap     ] GC(257) Eden regions: 302->0(305)
[2026-05-27T11:23:29.346+0530][10.603s][info][gc,heap     ] GC(257) Survivor regions: 5->2(39)
[2026-05-27T11:23:29.346+0530][10.603s][info][gc,heap     ] GC(257) Old regions: 10->10
[2026-05-27T11:23:29.346+0530][10.603s][info][gc,heap     ] GC(257) Archive regions: 2->2
[2026-05-27T11:23:29.346+0530][10.603s][info][gc,heap     ] GC(257) Humongous regions: 0->0
[2026-05-27T11:23:29.346+0530][10.603s][info][gc,metaspace] GC(257) Metaspace: 1745K(2048K)->1745K(2048K) NonClass: 1568K(1728K)->1568K(1728K) Class: 177K(320K)->177K(320K)
[2026-05-27T11:23:29.346+0530][10.603s][info][gc          ] GC(257) Pause Young (Normal) (G1 Evacuation Pause) 316M->11M(512M) 0.830ms
[2026-05-27T11:23:29.346+0530][10.603s][info][gc,cpu      ] GC(257) User=0.00s Sys=0.00s Real=0.00s
[2026-05-27T11:23:29.386+0530][10.642s][info][gc,start    ] GC(258) Pause Young (Normal) (G1 Evacuation Pause)
[2026-05-27T11:23:29.386+0530][10.642s][info][gc,task     ] GC(258) Using 9 workers of 9 for evacuation
[2026-05-27T11:23:29.387+0530][10.643s][info][gc,phases   ] GC(258)   Pre Evacuate Collection Set: 0.11ms
[2026-05-27T11:23:29.387+0530][10.643s][info][gc,phases   ] GC(258)   Merge Heap Roots: 0.06ms
[2026-05-27T11:23:29.387+0530][10.643s][info][gc,phases   ] GC(258)   Evacuate Collection Set: 0.28ms
[2026-05-27T11:23:29.387+0530][10.643s][info][gc,phases   ] GC(258)   Post Evacuate Collection Set: 0.23ms
[2026-05-27T11:23:29.387+0530][10.643s][info][gc,phases   ] GC(258)   Other: 0.13ms
[2026-05-27T11:23:29.387+0530][10.643s][info][gc,heap     ] GC(258) Eden regions: 305->0(302)
[2026-05-27T11:23:29.387+0530][10.643s][info][gc,heap     ] GC(258) Survivor regions: 2->5(39)
[2026-05-27T11:23:29.387+0530][10.643s][info][gc,heap     ] GC(258) Old regions: 10->10
[2026-05-27T11:23:29.387+0530][10.643s][info][gc,heap     ] GC(258) Archive regions: 2->2
[2026-05-27T11:23:29.387+0530][10.643s][info][gc,heap     ] GC(258) Humongous regions: 9->0
[2026-05-27T11:23:29.387+0530][10.643s][info][gc,metaspace] GC(258) Metaspace: 1745K(2048K)->1745K(2048K) NonClass: 1568K(1728K)->1568K(1728K) Class: 177K(320K)->177K(320K)
[2026-05-27T11:23:29.387+0530][10.643s][info][gc          ] GC(258) Pause Young (Normal) (G1 Evacuation Pause) 325M->15M(512M) 1.018ms
[2026-05-27T11:23:29.387+0530][10.643s][info][gc,cpu      ] GC(258) User=0.01s Sys=0.00s Real=0.00s
[2026-05-27T11:23:29.428+0530][10.684s][info][gc,start    ] GC(259) Pause Young (Normal) (G1 Evacuation Pause)
[2026-05-27T11:23:29.428+0530][10.684s][info][gc,task     ] GC(259) Using 9 workers of 9 for evacuation
[2026-05-27T11:23:29.429+0530][10.685s][info][gc,phases   ] GC(259)   Pre Evacuate Collection Set: 0.08ms
[2026-05-27T11:23:29.429+0530][10.685s][info][gc,phases   ] GC(259)   Merge Heap Roots: 0.06ms
[2026-05-27T11:23:29.429+0530][10.685s][info][gc,phases   ] GC(259)   Evacuate Collection Set: 0.29ms
[2026-05-27T11:23:29.429+0530][10.685s][info][gc,phases   ] GC(259)   Post Evacuate Collection Set: 0.22ms
[2026-05-27T11:23:29.429+0530][10.685s][info][gc,phases   ] GC(259)   Other: 0.11ms
[2026-05-27T11:23:29.429+0530][10.685s][info][gc,heap     ] GC(259) Eden regions: 302->0(301)
[2026-05-27T11:23:29.429+0530][10.685s][info][gc,heap     ] GC(259) Survivor regions: 5->6(39)
[2026-05-27T11:23:29.429+0530][10.685s][info][gc,heap     ] GC(259) Old regions: 10->10
[2026-05-27T11:23:29.429+0530][10.685s][info][gc,heap     ] GC(259) Archive regions: 2->2
[2026-05-27T11:23:29.429+0530][10.685s][info][gc,heap     ] GC(259) Humongous regions: 0->0
[2026-05-27T11:23:29.429+0530][10.685s][info][gc,metaspace] GC(259) Metaspace: 1745K(2048K)->1745K(2048K) NonClass: 1568K(1728K)->1568K(1728K) Class: 177K(320K)->177K(320K)
[2026-05-27T11:23:29.429+0530][10.685s][info][gc          ] GC(259) Pause Young (Normal) (G1 Evacuation Pause) 316M->15M(512M) 0.838ms
[2026-05-27T11:23:29.429+0530][10.685s][info][gc,cpu      ] GC(259) User=0.01s Sys=0.00s Real=0.00s
[2026-05-27T11:23:29.469+0530][10.725s][info][gc,start    ] GC(260) Pause Young (Normal) (G1 Evacuation Pause)
[2026-05-27T11:23:29.469+0530][10.726s][info][gc,task     ] GC(260) Using 9 workers of 9 for evacuation
[2026-05-27T11:23:29.470+0530][10.726s][info][gc,phases   ] GC(260)   Pre Evacuate Collection Set: 0.12ms
[2026-05-27T11:23:29.470+0530][10.726s][info][gc,phases   ] GC(260)   Merge Heap Roots: 0.07ms
[2026-05-27T11:23:29.470+0530][10.726s][info][gc,phases   ] GC(260)   Evacuate Collection Set: 0.26ms
[2026-05-27T11:23:29.470+0530][10.726s][info][gc,phases   ] GC(260)   Post Evacuate Collection Set: 0.16ms
[2026-05-27T11:23:29.470+0530][10.726s][info][gc,phases   ] GC(260)   Other: 0.10ms
[2026-05-27T11:23:29.470+0530][10.726s][info][gc,heap     ] GC(260) Eden regions: 301->0(301)
[2026-05-27T11:23:29.470+0530][10.726s][info][gc,heap     ] GC(260) Survivor regions: 6->6(39)
[2026-05-27T11:23:29.470+0530][10.726s][info][gc,heap     ] GC(260) Old regions: 10->10
[2026-05-27T11:23:29.470+0530][10.726s][info][gc,heap     ] GC(260) Archive regions: 2->2
[2026-05-27T11:23:29.470+0530][10.726s][info][gc,heap     ] GC(260) Humongous regions: 18->0
[2026-05-27T11:23:29.470+0530][10.726s][info][gc,metaspace] GC(260) Metaspace: 1745K(2048K)->1745K(2048K) NonClass: 1568K(1728K)->1568K(1728K) Class: 177K(320K)->177K(320K)
[2026-05-27T11:23:29.470+0530][10.726s][info][gc          ] GC(260) Pause Young (Normal) (G1 Evacuation Pause) 334M->15M(512M) 0.773ms
[2026-05-27T11:23:29.470+0530][10.726s][info][gc,cpu      ] GC(260) User=0.00s Sys=0.01s Real=0.01s
[2026-05-27T11:23:29.510+0530][10.766s][info][gc,start    ] GC(261) Pause Young (Normal) (G1 Evacuation Pause)
[2026-05-27T11:23:29.510+0530][10.767s][info][gc,task     ] GC(261) Using 9 workers of 9 for evacuation
[2026-05-27T11:23:29.511+0530][10.767s][info][gc,phases   ] GC(261)   Pre Evacuate Collection Set: 0.06ms
[2026-05-27T11:23:29.511+0530][10.767s][info][gc,phases   ] GC(261)   Merge Heap Roots: 0.06ms
[2026-05-27T11:23:29.511+0530][10.767s][info][gc,phases   ] GC(261)   Evacuate Collection Set: 0.29ms
[2026-05-27T11:23:29.511+0530][10.767s][info][gc,phases   ] GC(261)   Post Evacuate Collection Set: 0.19ms
[2026-05-27T11:23:29.511+0530][10.767s][info][gc,phases   ] GC(261)   Other: 0.12ms
[2026-05-27T11:23:29.511+0530][10.767s][info][gc,heap     ] GC(261) Eden regions: 301->0(301)
[2026-05-27T11:23:29.511+0530][10.767s][info][gc,heap     ] GC(261) Survivor regions: 6->6(39)
[2026-05-27T11:23:29.511+0530][10.767s][info][gc,heap     ] GC(261) Old regions: 10->10
[2026-05-27T11:23:29.511+0530][10.767s][info][gc,heap     ] GC(261) Archive regions: 2->2
[2026-05-27T11:23:29.511+0530][10.767s][info][gc,heap     ] GC(261) Humongous regions: 9->0
[2026-05-27T11:23:29.511+0530][10.767s][info][gc,metaspace] GC(261) Metaspace: 1745K(2048K)->1745K(2048K) NonClass: 1568K(1728K)->1568K(1728K) Class: 177K(320K)->177K(320K)
[2026-05-27T11:23:29.511+0530][10.767s][info][gc          ] GC(261) Pause Young (Normal) (G1 Evacuation Pause) 325M->15M(512M) 0.785ms
[2026-05-27T11:23:29.511+0530][10.767s][info][gc,cpu      ] GC(261) User=0.00s Sys=0.00s Real=0.00s
[2026-05-27T11:23:29.552+0530][10.808s][info][gc,start    ] GC(262) Pause Young (Normal) (G1 Evacuation Pause)
[2026-05-27T11:23:29.552+0530][10.808s][info][gc,task     ] GC(262) Using 9 workers of 9 for evacuation
[2026-05-27T11:23:29.553+0530][10.809s][info][gc,phases   ] GC(262)   Pre Evacuate Collection Set: 0.10ms
[2026-05-27T11:23:29.553+0530][10.809s][info][gc,phases   ] GC(262)   Merge Heap Roots: 0.05ms
[2026-05-27T11:23:29.553+0530][10.809s][info][gc,phases   ] GC(262)   Evacuate Collection Set: 0.25ms
[2026-05-27T11:23:29.553+0530][10.809s][info][gc,phases   ] GC(262)   Post Evacuate Collection Set: 0.18ms
[2026-05-27T11:23:29.553+0530][10.809s][info][gc,phases   ] GC(262)   Other: 0.13ms
[2026-05-27T11:23:29.553+0530][10.809s][info][gc,heap     ] GC(262) Eden regions: 301->0(302)
[2026-05-27T11:23:29.553+0530][10.809s][info][gc,heap     ] GC(262) Survivor regions: 6->5(39)
[2026-05-27T11:23:29.553+0530][10.809s][info][gc,heap     ] GC(262) Old regions: 10->10
[2026-05-27T11:23:29.553+0530][10.809s][info][gc,heap     ] GC(262) Archive regions: 2->2
[2026-05-27T11:23:29.553+0530][10.809s][info][gc,heap     ] GC(262) Humongous regions: 0->0
[2026-05-27T11:23:29.553+0530][10.809s][info][gc,metaspace] GC(262) Metaspace: 1745K(2048K)->1745K(2048K) NonClass: 1568K(1728K)->1568K(1728K) Class: 177K(320K)->177K(320K)
[2026-05-27T11:23:29.553+0530][10.809s][info][gc          ] GC(262) Pause Young (Normal) (G1 Evacuation Pause) 316M->14M(512M) 0.789ms
[2026-05-27T11:23:29.553+0530][10.809s][info][gc,cpu      ] GC(262) User=0.00s Sys=0.00s Real=0.00s
[2026-05-27T11:23:29.595+0530][10.851s][info][gc,start    ] GC(263) Pause Young (Normal) (G1 Evacuation Pause)
[2026-05-27T11:23:29.595+0530][10.851s][info][gc,task     ] GC(263) Using 9 workers of 9 for evacuation
[2026-05-27T11:23:29.596+0530][10.852s][info][gc,phases   ] GC(263)   Pre Evacuate Collection Set: 0.11ms
[2026-05-27T11:23:29.596+0530][10.852s][info][gc,phases   ] GC(263)   Merge Heap Roots: 0.06ms
[2026-05-27T11:23:29.596+0530][10.852s][info][gc,phases   ] GC(263)   Evacuate Collection Set: 0.40ms
[2026-05-27T11:23:29.596+0530][10.852s][info][gc,phases   ] GC(263)   Post Evacuate Collection Set: 0.20ms
[2026-05-27T11:23:29.596+0530][10.852s][info][gc,phases   ] GC(263)   Other: 0.11ms
[2026-05-27T11:23:29.596+0530][10.852s][info][gc,heap     ] GC(263) Eden regions: 302->0(301)
[2026-05-27T11:23:29.596+0530][10.852s][info][gc,heap     ] GC(263) Survivor regions: 5->6(39)
[2026-05-27T11:23:29.596+0530][10.852s][info][gc,heap     ] GC(263) Old regions: 10->10
[2026-05-27T11:23:29.596+0530][10.852s][info][gc,heap     ] GC(263) Archive regions: 2->2
[2026-05-27T11:23:29.596+0530][10.852s][info][gc,heap     ] GC(263) Humongous regions: 9->0
[2026-05-27T11:23:29.596+0530][10.852s][info][gc,metaspace] GC(263) Metaspace: 1745K(2048K)->1745K(2048K) NonClass: 1568K(1728K)->1568K(1728K) Class: 177K(320K)->177K(320K)
[2026-05-27T11:23:29.596+0530][10.852s][info][gc          ] GC(263) Pause Young (Normal) (G1 Evacuation Pause) 325M->15M(512M) 0.975ms
[2026-05-27T11:23:29.596+0530][10.852s][info][gc,cpu      ] GC(263) User=0.00s Sys=0.00s Real=0.00s
[2026-05-27T11:23:29.637+0530][10.894s][info][gc,start    ] GC(264) Pause Young (Normal) (G1 Evacuation Pause)
[2026-05-27T11:23:29.638+0530][10.894s][info][gc,task     ] GC(264) Using 9 workers of 9 for evacuation
[2026-05-27T11:23:29.638+0530][10.894s][info][gc,phases   ] GC(264)   Pre Evacuate Collection Set: 0.10ms
[2026-05-27T11:23:29.638+0530][10.894s][info][gc,phases   ] GC(264)   Merge Heap Roots: 0.07ms
[2026-05-27T11:23:29.638+0530][10.894s][info][gc,phases   ] GC(264)   Evacuate Collection Set: 0.28ms
[2026-05-27T11:23:29.638+0530][10.894s][info][gc,phases   ] GC(264)   Post Evacuate Collection Set: 0.19ms
[2026-05-27T11:23:29.638+0530][10.894s][info][gc,phases   ] GC(264)   Other: 0.12ms
[2026-05-27T11:23:29.638+0530][10.894s][info][gc,heap     ] GC(264) Eden regions: 301->0(304)
[2026-05-27T11:23:29.638+0530][10.894s][info][gc,heap     ] GC(264) Survivor regions: 6->3(39)
[2026-05-27T11:23:29.638+0530][10.894s][info][gc,heap     ] GC(264) Old regions: 10->10
[2026-05-27T11:23:29.638+0530][10.894s][info][gc,heap     ] GC(264) Archive regions: 2->2
[2026-05-27T11:23:29.638+0530][10.894s][info][gc,heap     ] GC(264) Humongous regions: 0->0
[2026-05-27T11:23:29.638+0530][10.894s][info][gc,metaspace] GC(264) Metaspace: 1745K(2048K)->1745K(2048K) NonClass: 1568K(1728K)->1568K(1728K) Class: 177K(320K)->177K(320K)
[2026-05-27T11:23:29.638+0530][10.894s][info][gc          ] GC(264) Pause Young (Normal) (G1 Evacuation Pause) 316M->13M(512M) 0.849ms
[2026-05-27T11:23:29.638+0530][10.895s][info][gc,cpu      ] GC(264) User=0.00s Sys=0.01s Real=0.00s
[2026-05-27T11:23:29.679+0530][10.935s][info][gc,start    ] GC(265) Pause Young (Normal) (G1 Evacuation Pause)
[2026-05-27T11:23:29.679+0530][10.935s][info][gc,task     ] GC(265) Using 9 workers of 9 for evacuation
[2026-05-27T11:23:29.680+0530][10.936s][info][gc,phases   ] GC(265)   Pre Evacuate Collection Set: 0.09ms
[2026-05-27T11:23:29.680+0530][10.936s][info][gc,phases   ] GC(265)   Merge Heap Roots: 0.05ms
[2026-05-27T11:23:29.680+0530][10.936s][info][gc,phases   ] GC(265)   Evacuate Collection Set: 0.23ms
[2026-05-27T11:23:29.680+0530][10.936s][info][gc,phases   ] GC(265)   Post Evacuate Collection Set: 0.19ms
[2026-05-27T11:23:29.680+0530][10.936s][info][gc,phases   ] GC(265)   Other: 0.11ms
[2026-05-27T11:23:29.680+0530][10.936s][info][gc,heap     ] GC(265) Eden regions: 304->0(301)
[2026-05-27T11:23:29.680+0530][10.936s][info][gc,heap     ] GC(265) Survivor regions: 3->6(39)
[2026-05-27T11:23:29.680+0530][10.936s][info][gc,heap     ] GC(265) Old regions: 10->10
[2026-05-27T11:23:29.680+0530][10.936s][info][gc,heap     ] GC(265) Archive regions: 2->2
[2026-05-27T11:23:29.680+0530][10.936s][info][gc,heap     ] GC(265) Humongous regions: 0->0
[2026-05-27T11:23:29.680+0530][10.936s][info][gc,metaspace] GC(265) Metaspace: 1745K(2048K)->1745K(2048K) NonClass: 1568K(1728K)->1568K(1728K) Class: 177K(320K)->177K(320K)
[2026-05-27T11:23:29.680+0530][10.936s][info][gc          ] GC(265) Pause Young (Normal) (G1 Evacuation Pause) 316M->15M(512M) 0.729ms
[2026-05-27T11:23:29.680+0530][10.936s][info][gc,cpu      ] GC(265) User=0.00s Sys=0.00s Real=0.01s
[2026-05-27T11:23:29.720+0530][10.976s][info][gc,start    ] GC(266) Pause Young (Normal) (G1 Evacuation Pause)
[2026-05-27T11:23:29.720+0530][10.976s][info][gc,task     ] GC(266) Using 9 workers of 9 for evacuation
[2026-05-27T11:23:29.721+0530][10.977s][info][gc,phases   ] GC(266)   Pre Evacuate Collection Set: 0.09ms
[2026-05-27T11:23:29.721+0530][10.977s][info][gc,phases   ] GC(266)   Merge Heap Roots: 0.04ms
[2026-05-27T11:23:29.721+0530][10.977s][info][gc,phases   ] GC(266)   Evacuate Collection Set: 0.29ms
[2026-05-27T11:23:29.721+0530][10.977s][info][gc,phases   ] GC(266)   Post Evacuate Collection Set: 0.21ms
[2026-05-27T11:23:29.721+0530][10.977s][info][gc,phases   ] GC(266)   Other: 0.11ms
[2026-05-27T11:23:29.721+0530][10.977s][info][gc,heap     ] GC(266) Eden regions: 301->0(300)
[2026-05-27T11:23:29.721+0530][10.977s][info][gc,heap     ] GC(266) Survivor regions: 6->7(39)
[2026-05-27T11:23:29.721+0530][10.977s][info][gc,heap     ] GC(266) Old regions: 10->10
[2026-05-27T11:23:29.721+0530][10.977s][info][gc,heap     ] GC(266) Archive regions: 2->2
[2026-05-27T11:23:29.721+0530][10.977s][info][gc,heap     ] GC(266) Humongous regions: 0->0
[2026-05-27T11:23:29.721+0530][10.977s][info][gc,metaspace] GC(266) Metaspace: 1745K(2048K)->1745K(2048K) NonClass: 1568K(1728K)->1568K(1728K) Class: 177K(320K)->177K(320K)
[2026-05-27T11:23:29.721+0530][10.977s][info][gc          ] GC(266) Pause Young (Normal) (G1 Evacuation Pause) 316M->16M(512M) 0.824ms
[2026-05-27T11:23:29.721+0530][10.977s][info][gc,cpu      ] GC(266) User=0.00s Sys=0.00s Real=0.00s
[2026-05-27T11:23:29.761+0530][11.017s][info][gc,start    ] GC(267) Pause Young (Normal) (G1 Evacuation Pause)
[2026-05-27T11:23:29.761+0530][11.017s][info][gc,task     ] GC(267) Using 9 workers of 9 for evacuation
[2026-05-27T11:23:29.762+0530][11.018s][info][gc,phases   ] GC(267)   Pre Evacuate Collection Set: 0.08ms
[2026-05-27T11:23:29.762+0530][11.018s][info][gc,phases   ] GC(267)   Merge Heap Roots: 0.10ms
[2026-05-27T11:23:29.762+0530][11.018s][info][gc,phases   ] GC(267)   Evacuate Collection Set: 0.26ms
[2026-05-27T11:23:29.762+0530][11.018s][info][gc,phases   ] GC(267)   Post Evacuate Collection Set: 0.21ms
[2026-05-27T11:23:29.762+0530][11.018s][info][gc,phases   ] GC(267)   Other: 0.11ms
[2026-05-27T11:23:29.762+0530][11.018s][info][gc,heap     ] GC(267) Eden regions: 300->0(303)
[2026-05-27T11:23:29.762+0530][11.018s][info][gc,heap     ] GC(267) Survivor regions: 7->4(39)
[2026-05-27T11:23:29.762+0530][11.018s][info][gc,heap     ] GC(267) Old regions: 10->10
[2026-05-27T11:23:29.762+0530][11.018s][info][gc,heap     ] GC(267) Archive regions: 2->2
[2026-05-27T11:23:29.762+0530][11.018s][info][gc,heap     ] GC(267) Humongous regions: 0->0
[2026-05-27T11:23:29.762+0530][11.018s][info][gc,metaspace] GC(267) Metaspace: 1745K(2048K)->1745K(2048K) NonClass: 1568K(1728K)->1568K(1728K) Class: 177K(320K)->177K(320K)
[2026-05-27T11:23:29.762+0530][11.018s][info][gc          ] GC(267) Pause Young (Normal) (G1 Evacuation Pause) 315M->13M(512M) 0.835ms
[2026-05-27T11:23:29.762+0530][11.018s][info][gc,cpu      ] GC(267) User=0.00s Sys=0.00s Real=0.00s
[2026-05-27T11:23:29.803+0530][11.059s][info][gc,start    ] GC(268) Pause Young (Normal) (G1 Evacuation Pause)
[2026-05-27T11:23:29.803+0530][11.059s][info][gc,task     ] GC(268) Using 9 workers of 9 for evacuation
[2026-05-27T11:23:29.803+0530][11.060s][info][gc,phases   ] GC(268)   Pre Evacuate Collection Set: 0.07ms
[2026-05-27T11:23:29.803+0530][11.060s][info][gc,phases   ] GC(268)   Merge Heap Roots: 0.05ms
[2026-05-27T11:23:29.803+0530][11.060s][info][gc,phases   ] GC(268)   Evacuate Collection Set: 0.29ms
[2026-05-27T11:23:29.804+0530][11.060s][info][gc,phases   ] GC(268)   Post Evacuate Collection Set: 0.18ms
[2026-05-27T11:23:29.804+0530][11.060s][info][gc,phases   ] GC(268)   Other: 0.10ms
[2026-05-27T11:23:29.804+0530][11.060s][info][gc,heap     ] GC(268) Eden regions: 303->0(303)
[2026-05-27T11:23:29.804+0530][11.060s][info][gc,heap     ] GC(268) Survivor regions: 4->4(39)
[2026-05-27T11:23:29.804+0530][11.060s][info][gc,heap     ] GC(268) Old regions: 10->10
[2026-05-27T11:23:29.804+0530][11.060s][info][gc,heap     ] GC(268) Archive regions: 2->2
[2026-05-27T11:23:29.804+0530][11.060s][info][gc,heap     ] GC(268) Humongous regions: 0->0
[2026-05-27T11:23:29.804+0530][11.060s][info][gc,metaspace] GC(268) Metaspace: 1745K(2048K)->1745K(2048K) NonClass: 1568K(1728K)->1568K(1728K) Class: 177K(320K)->177K(320K)
[2026-05-27T11:23:29.804+0530][11.060s][info][gc          ] GC(268) Pause Young (Normal) (G1 Evacuation Pause) 316M->14M(512M) 0.765ms
[2026-05-27T11:23:29.804+0530][11.060s][info][gc,cpu      ] GC(268) User=0.00s Sys=0.00s Real=0.00s
[2026-05-27T11:23:29.843+0530][11.099s][info][gc,start    ] GC(269) Pause Young (Normal) (G1 Evacuation Pause)
[2026-05-27T11:23:29.843+0530][11.099s][info][gc,task     ] GC(269) Using 9 workers of 9 for evacuation
[2026-05-27T11:23:29.844+0530][11.100s][info][gc,phases   ] GC(269)   Pre Evacuate Collection Set: 0.07ms
[2026-05-27T11:23:29.844+0530][11.100s][info][gc,phases   ] GC(269)   Merge Heap Roots: 0.06ms
[2026-05-27T11:23:29.844+0530][11.100s][info][gc,phases   ] GC(269)   Evacuate Collection Set: 0.27ms
[2026-05-27T11:23:29.844+0530][11.100s][info][gc,phases   ] GC(269)   Post Evacuate Collection Set: 0.16ms
[2026-05-27T11:23:29.844+0530][11.100s][info][gc,phases   ] GC(269)   Other: 0.11ms
[2026-05-27T11:23:29.844+0530][11.100s][info][gc,heap     ] GC(269) Eden regions: 303->0(300)
[2026-05-27T11:23:29.844+0530][11.100s][info][gc,heap     ] GC(269) Survivor regions: 4->7(39)
[2026-05-27T11:23:29.844+0530][11.100s][info][gc,heap     ] GC(269) Old regions: 10->10
[2026-05-27T11:23:29.844+0530][11.100s][info][gc,heap     ] GC(269) Archive regions: 2->2
[2026-05-27T11:23:29.844+0530][11.100s][info][gc,heap     ] GC(269) Humongous regions: 0->0
[2026-05-27T11:23:29.844+0530][11.100s][info][gc,metaspace] GC(269) Metaspace: 1745K(2048K)->1745K(2048K) NonClass: 1568K(1728K)->1568K(1728K) Class: 177K(320K)->177K(320K)
[2026-05-27T11:23:29.844+0530][11.100s][info][gc          ] GC(269) Pause Young (Normal) (G1 Evacuation Pause) 316M->16M(512M) 0.745ms
[2026-05-27T11:23:29.844+0530][11.100s][info][gc,cpu      ] GC(269) User=0.00s Sys=0.00s Real=0.00s
[2026-05-27T11:23:29.884+0530][11.140s][info][gc,start    ] GC(270) Pause Young (Normal) (G1 Evacuation Pause)
[2026-05-27T11:23:29.884+0530][11.140s][info][gc,task     ] GC(270) Using 9 workers of 9 for evacuation
[2026-05-27T11:23:29.884+0530][11.141s][info][gc,phases   ] GC(270)   Pre Evacuate Collection Set: 0.08ms
[2026-05-27T11:23:29.884+0530][11.141s][info][gc,phases   ] GC(270)   Merge Heap Roots: 0.06ms
[2026-05-27T11:23:29.884+0530][11.141s][info][gc,phases   ] GC(270)   Evacuate Collection Set: 0.33ms
[2026-05-27T11:23:29.884+0530][11.141s][info][gc,phases   ] GC(270)   Post Evacuate Collection Set: 0.21ms
[2026-05-27T11:23:29.884+0530][11.141s][info][gc,phases   ] GC(270)   Other: 0.12ms
[2026-05-27T11:23:29.884+0530][11.141s][info][gc,heap     ] GC(270) Eden regions: 300->0(301)
[2026-05-27T11:23:29.884+0530][11.141s][info][gc,heap     ] GC(270) Survivor regions: 7->6(39)
[2026-05-27T11:23:29.884+0530][11.141s][info][gc,heap     ] GC(270) Old regions: 10->10
[2026-05-27T11:23:29.884+0530][11.141s][info][gc,heap     ] GC(270) Archive regions: 2->2
[2026-05-27T11:23:29.884+0530][11.141s][info][gc,heap     ] GC(270) Humongous regions: 0->0
[2026-05-27T11:23:29.884+0530][11.141s][info][gc,metaspace] GC(270) Metaspace: 1745K(2048K)->1745K(2048K) NonClass: 1568K(1728K)->1568K(1728K) Class: 177K(320K)->177K(320K)
[2026-05-27T11:23:29.884+0530][11.141s][info][gc          ] GC(270) Pause Young (Normal) (G1 Evacuation Pause) 316M->15M(512M) 0.854ms
[2026-05-27T11:23:29.884+0530][11.141s][info][gc,cpu      ] GC(270) User=0.00s Sys=0.00s Real=0.00s
[2026-05-27T11:23:29.930+0530][11.186s][info][gc,start    ] GC(271) Pause Young (Normal) (G1 Evacuation Pause)
[2026-05-27T11:23:29.930+0530][11.186s][info][gc,task     ] GC(271) Using 9 workers of 9 for evacuation
[2026-05-27T11:23:29.930+0530][11.186s][info][gc,phases   ] GC(271)   Pre Evacuate Collection Set: 0.08ms
[2026-05-27T11:23:29.930+0530][11.186s][info][gc,phases   ] GC(271)   Merge Heap Roots: 0.03ms
[2026-05-27T11:23:29.930+0530][11.186s][info][gc,phases   ] GC(271)   Evacuate Collection Set: 0.26ms
[2026-05-27T11:23:29.930+0530][11.186s][info][gc,phases   ] GC(271)   Post Evacuate Collection Set: 0.13ms
[2026-05-27T11:23:29.930+0530][11.186s][info][gc,phases   ] GC(271)   Other: 0.10ms
[2026-05-27T11:23:29.930+0530][11.186s][info][gc,heap     ] GC(271) Eden regions: 301->0(302)
[2026-05-27T11:23:29.930+0530][11.186s][info][gc,heap     ] GC(271) Survivor regions: 6->5(39)
[2026-05-27T11:23:29.930+0530][11.186s][info][gc,heap     ] GC(271) Old regions: 10->10
[2026-05-27T11:23:29.930+0530][11.186s][info][gc,heap     ] GC(271) Archive regions: 2->2
[2026-05-27T11:23:29.930+0530][11.186s][info][gc,heap     ] GC(271) Humongous regions: 0->0
[2026-05-27T11:23:29.930+0530][11.186s][info][gc,metaspace] GC(271) Metaspace: 1745K(2048K)->1745K(2048K) NonClass: 1568K(1728K)->1568K(1728K) Class: 177K(320K)->177K(320K)
[2026-05-27T11:23:29.930+0530][11.186s][info][gc          ] GC(271) Pause Young (Normal) (G1 Evacuation Pause) 316M->14M(512M) 0.662ms
[2026-05-27T11:23:29.930+0530][11.186s][info][gc,cpu      ] GC(271) User=0.00s Sys=0.00s Real=0.00s
[2026-05-27T11:23:29.969+0530][11.225s][info][gc,start    ] GC(272) Pause Young (Normal) (G1 Evacuation Pause)
[2026-05-27T11:23:29.969+0530][11.225s][info][gc,task     ] GC(272) Using 9 workers of 9 for evacuation
[2026-05-27T11:23:29.970+0530][11.226s][info][gc,phases   ] GC(272)   Pre Evacuate Collection Set: 0.10ms
[2026-05-27T11:23:29.970+0530][11.226s][info][gc,phases   ] GC(272)   Merge Heap Roots: 0.05ms
[2026-05-27T11:23:29.970+0530][11.226s][info][gc,phases   ] GC(272)   Evacuate Collection Set: 0.27ms
[2026-05-27T11:23:29.970+0530][11.226s][info][gc,phases   ] GC(272)   Post Evacuate Collection Set: 0.20ms
[2026-05-27T11:23:29.970+0530][11.226s][info][gc,phases   ] GC(272)   Other: 0.11ms
[2026-05-27T11:23:29.970+0530][11.226s][info][gc,heap     ] GC(272) Eden regions: 302->0(300)
[2026-05-27T11:23:29.970+0530][11.226s][info][gc,heap     ] GC(272) Survivor regions: 5->7(39)
[2026-05-27T11:23:29.970+0530][11.226s][info][gc,heap     ] GC(272) Old regions: 10->10
[2026-05-27T11:23:29.970+0530][11.226s][info][gc,heap     ] GC(272) Archive regions: 2->2
[2026-05-27T11:23:29.970+0530][11.226s][info][gc,heap     ] GC(272) Humongous regions: 0->0
[2026-05-27T11:23:29.970+0530][11.226s][info][gc,metaspace] GC(272) Metaspace: 1745K(2048K)->1745K(2048K) NonClass: 1568K(1728K)->1568K(1728K) Class: 177K(320K)->177K(320K)
[2026-05-27T11:23:29.970+0530][11.226s][info][gc          ] GC(272) Pause Young (Normal) (G1 Evacuation Pause) 316M->16M(512M) 0.822ms
[2026-05-27T11:23:29.970+0530][11.226s][info][gc,cpu      ] GC(272) User=0.00s Sys=0.00s Real=0.01s
[2026-05-27T11:23:30.013+0530][11.269s][info][gc,start    ] GC(273) Pause Young (Normal) (G1 Evacuation Pause)
[2026-05-27T11:23:30.013+0530][11.269s][info][gc,task     ] GC(273) Using 9 workers of 9 for evacuation
[2026-05-27T11:23:30.013+0530][11.270s][info][gc,phases   ] GC(273)   Pre Evacuate Collection Set: 0.11ms
[2026-05-27T11:23:30.013+0530][11.270s][info][gc,phases   ] GC(273)   Merge Heap Roots: 0.05ms
[2026-05-27T11:23:30.013+0530][11.270s][info][gc,phases   ] GC(273)   Evacuate Collection Set: 0.32ms
[2026-05-27T11:23:30.013+0530][11.270s][info][gc,phases   ] GC(273)   Post Evacuate Collection Set: 0.20ms
[2026-05-27T11:23:30.013+0530][11.270s][info][gc,phases   ] GC(273)   Other: 0.11ms
[2026-05-27T11:23:30.013+0530][11.270s][info][gc,heap     ] GC(273) Eden regions: 300->0(302)
[2026-05-27T11:23:30.013+0530][11.270s][info][gc,heap     ] GC(273) Survivor regions: 7->5(39)
[2026-05-27T11:23:30.013+0530][11.270s][info][gc,heap     ] GC(273) Old regions: 10->10
[2026-05-27T11:23:30.013+0530][11.270s][info][gc,heap     ] GC(273) Archive regions: 2->2
[2026-05-27T11:23:30.014+0530][11.270s][info][gc,heap     ] GC(273) Humongous regions: 0->0
[2026-05-27T11:23:30.014+0530][11.270s][info][gc,metaspace] GC(273) Metaspace: 1745K(2048K)->1745K(2048K) NonClass: 1568K(1728K)->1568K(1728K) Class: 177K(320K)->177K(320K)
[2026-05-27T11:23:30.014+0530][11.270s][info][gc          ] GC(273) Pause Young (Normal) (G1 Evacuation Pause) 316M->14M(512M) 0.874ms
[2026-05-27T11:23:30.014+0530][11.270s][info][gc,cpu      ] GC(273) User=0.01s Sys=0.00s Real=0.00s
[2026-05-27T11:23:30.053+0530][11.309s][info][gc,start    ] GC(274) Pause Young (Normal) (G1 Evacuation Pause)
[2026-05-27T11:23:30.053+0530][11.309s][info][gc,task     ] GC(274) Using 9 workers of 9 for evacuation
[2026-05-27T11:23:30.054+0530][11.310s][info][gc,phases   ] GC(274)   Pre Evacuate Collection Set: 0.07ms
[2026-05-27T11:23:30.054+0530][11.310s][info][gc,phases   ] GC(274)   Merge Heap Roots: 0.05ms
[2026-05-27T11:23:30.054+0530][11.310s][info][gc,phases   ] GC(274)   Evacuate Collection Set: 0.25ms
[2026-05-27T11:23:30.054+0530][11.310s][info][gc,phases   ] GC(274)   Post Evacuate Collection Set: 0.19ms
[2026-05-27T11:23:30.054+0530][11.310s][info][gc,phases   ] GC(274)   Other: 0.09ms
[2026-05-27T11:23:30.054+0530][11.310s][info][gc,heap     ] GC(274) Eden regions: 302->0(302)
[2026-05-27T11:23:30.054+0530][11.310s][info][gc,heap     ] GC(274) Survivor regions: 5->5(39)
[2026-05-27T11:23:30.054+0530][11.310s][info][gc,heap     ] GC(274) Old regions: 10->10
[2026-05-27T11:23:30.054+0530][11.310s][info][gc,heap     ] GC(274) Archive regions: 2->2
[2026-05-27T11:23:30.054+0530][11.310s][info][gc,heap     ] GC(274) Humongous regions: 0->0
[2026-05-27T11:23:30.054+0530][11.310s][info][gc,metaspace] GC(274) Metaspace: 1745K(2048K)->1745K(2048K) NonClass: 1568K(1728K)->1568K(1728K) Class: 177K(320K)->177K(320K)
[2026-05-27T11:23:30.054+0530][11.310s][info][gc          ] GC(274) Pause Young (Normal) (G1 Evacuation Pause) 316M->14M(512M) 0.723ms
[2026-05-27T11:23:30.054+0530][11.310s][info][gc,cpu      ] GC(274) User=0.00s Sys=0.00s Real=0.00s
[2026-05-27T11:23:30.095+0530][11.351s][info][gc,start    ] GC(275) Pause Young (Normal) (G1 Evacuation Pause)
[2026-05-27T11:23:30.095+0530][11.351s][info][gc,task     ] GC(275) Using 9 workers of 9 for evacuation
[2026-05-27T11:23:30.095+0530][11.352s][info][gc,phases   ] GC(275)   Pre Evacuate Collection Set: 0.10ms
[2026-05-27T11:23:30.095+0530][11.352s][info][gc,phases   ] GC(275)   Merge Heap Roots: 0.15ms
[2026-05-27T11:23:30.095+0530][11.352s][info][gc,phases   ] GC(275)   Evacuate Collection Set: 0.32ms
[2026-05-27T11:23:30.095+0530][11.352s][info][gc,phases   ] GC(275)   Post Evacuate Collection Set: 0.20ms
[2026-05-27T11:23:30.095+0530][11.352s][info][gc,phases   ] GC(275)   Other: 0.11ms
[2026-05-27T11:23:30.095+0530][11.352s][info][gc,heap     ] GC(275) Eden regions: 302->0(300)
[2026-05-27T11:23:30.095+0530][11.352s][info][gc,heap     ] GC(275) Survivor regions: 5->7(39)
[2026-05-27T11:23:30.095+0530][11.352s][info][gc,heap     ] GC(275) Old regions: 10->10
[2026-05-27T11:23:30.095+0530][11.352s][info][gc,heap     ] GC(275) Archive regions: 2->2
[2026-05-27T11:23:30.095+0530][11.352s][info][gc,heap     ] GC(275) Humongous regions: 0->0
[2026-05-27T11:23:30.095+0530][11.352s][info][gc,metaspace] GC(275) Metaspace: 1745K(2048K)->1745K(2048K) NonClass: 1568K(1728K)->1568K(1728K) Class: 177K(320K)->177K(320K)
[2026-05-27T11:23:30.095+0530][11.352s][info][gc          ] GC(275) Pause Young (Normal) (G1 Evacuation Pause) 316M->16M(512M) 0.934ms
[2026-05-27T11:23:30.095+0530][11.352s][info][gc,cpu      ] GC(275) User=0.00s Sys=0.00s Real=0.00s
[2026-05-27T11:23:30.141+0530][11.398s][info][gc,start    ] GC(276) Pause Young (Normal) (G1 Evacuation Pause)
[2026-05-27T11:23:30.142+0530][11.398s][info][gc,task     ] GC(276) Using 9 workers of 9 for evacuation
[2026-05-27T11:23:30.142+0530][11.398s][info][gc,phases   ] GC(276)   Pre Evacuate Collection Set: 0.10ms
[2026-05-27T11:23:30.142+0530][11.398s][info][gc,phases   ] GC(276)   Merge Heap Roots: 0.05ms
[2026-05-27T11:23:30.142+0530][11.398s][info][gc,phases   ] GC(276)   Evacuate Collection Set: 0.29ms
[2026-05-27T11:23:30.142+0530][11.398s][info][gc,phases   ] GC(276)   Post Evacuate Collection Set: 0.20ms
[2026-05-27T11:23:30.142+0530][11.398s][info][gc,phases   ] GC(276)   Other: 0.10ms
[2026-05-27T11:23:30.142+0530][11.398s][info][gc,heap     ] GC(276) Eden regions: 300->0(304)
[2026-05-27T11:23:30.142+0530][11.398s][info][gc,heap     ] GC(276) Survivor regions: 7->3(39)
[2026-05-27T11:23:30.142+0530][11.398s][info][gc,heap     ] GC(276) Old regions: 10->10
[2026-05-27T11:23:30.142+0530][11.398s][info][gc,heap     ] GC(276) Archive regions: 2->2
[2026-05-27T11:23:30.142+0530][11.398s][info][gc,heap     ] GC(276) Humongous regions: 0->0
[2026-05-27T11:23:30.142+0530][11.398s][info][gc,metaspace] GC(276) Metaspace: 1745K(2048K)->1745K(2048K) NonClass: 1568K(1728K)->1568K(1728K) Class: 177K(320K)->177K(320K)
[2026-05-27T11:23:30.142+0530][11.398s][info][gc          ] GC(276) Pause Young (Normal) (G1 Evacuation Pause) 316M->12M(512M) 0.807ms
[2026-05-27T11:23:30.142+0530][11.398s][info][gc,cpu      ] GC(276) User=0.00s Sys=0.01s Real=0.00s
[2026-05-27T11:23:30.182+0530][11.438s][info][gc,start    ] GC(277) Pause Young (Normal) (G1 Evacuation Pause)
[2026-05-27T11:23:30.182+0530][11.438s][info][gc,task     ] GC(277) Using 9 workers of 9 for evacuation
[2026-05-27T11:23:30.182+0530][11.439s][info][gc,phases   ] GC(277)   Pre Evacuate Collection Set: 0.08ms
[2026-05-27T11:23:30.183+0530][11.439s][info][gc,phases   ] GC(277)   Merge Heap Roots: 0.05ms
[2026-05-27T11:23:30.183+0530][11.439s][info][gc,phases   ] GC(277)   Evacuate Collection Set: 0.28ms
[2026-05-27T11:23:30.183+0530][11.439s][info][gc,phases   ] GC(277)   Post Evacuate Collection Set: 0.17ms
[2026-05-27T11:23:30.183+0530][11.439s][info][gc,phases   ] GC(277)   Other: 0.10ms
[2026-05-27T11:23:30.183+0530][11.439s][info][gc,heap     ] GC(277) Eden regions: 304->0(301)
[2026-05-27T11:23:30.183+0530][11.439s][info][gc,heap     ] GC(277) Survivor regions: 3->6(39)
[2026-05-27T11:23:30.183+0530][11.439s][info][gc,heap     ] GC(277) Old regions: 10->10
[2026-05-27T11:23:30.183+0530][11.439s][info][gc,heap     ] GC(277) Archive regions: 2->2
[2026-05-27T11:23:30.183+0530][11.439s][info][gc,heap     ] GC(277) Humongous regions: 9->0
[2026-05-27T11:23:30.183+0530][11.439s][info][gc,metaspace] GC(277) Metaspace: 1745K(2048K)->1745K(2048K) NonClass: 1568K(1728K)->1568K(1728K) Class: 177K(320K)->177K(320K)
[2026-05-27T11:23:30.183+0530][11.439s][info][gc          ] GC(277) Pause Young (Normal) (G1 Evacuation Pause) 325M->15M(512M) 0.779ms
[2026-05-27T11:23:30.183+0530][11.439s][info][gc,cpu      ] GC(277) User=0.00s Sys=0.00s Real=0.00s
[2026-05-27T11:23:30.222+0530][11.478s][info][gc,start    ] GC(278) Pause Young (Normal) (G1 Evacuation Pause)
[2026-05-27T11:23:30.222+0530][11.478s][info][gc,task     ] GC(278) Using 9 workers of 9 for evacuation
[2026-05-27T11:23:30.223+0530][11.479s][info][gc,phases   ] GC(278)   Pre Evacuate Collection Set: 0.07ms
[2026-05-27T11:23:30.223+0530][11.479s][info][gc,phases   ] GC(278)   Merge Heap Roots: 0.04ms
[2026-05-27T11:23:30.223+0530][11.479s][info][gc,phases   ] GC(278)   Evacuate Collection Set: 0.25ms
[2026-05-27T11:23:30.223+0530][11.479s][info][gc,phases   ] GC(278)   Post Evacuate Collection Set: 0.18ms
[2026-05-27T11:23:30.223+0530][11.479s][info][gc,phases   ] GC(278)   Other: 0.10ms
[2026-05-27T11:23:30.223+0530][11.479s][info][gc,heap     ] GC(278) Eden regions: 301->0(302)
[2026-05-27T11:23:30.223+0530][11.479s][info][gc,heap     ] GC(278) Survivor regions: 6->5(39)
[2026-05-27T11:23:30.223+0530][11.479s][info][gc,heap     ] GC(278) Old regions: 10->10
[2026-05-27T11:23:30.223+0530][11.479s][info][gc,heap     ] GC(278) Archive regions: 2->2
[2026-05-27T11:23:30.223+0530][11.479s][info][gc,heap     ] GC(278) Humongous regions: 9->0
[2026-05-27T11:23:30.223+0530][11.479s][info][gc,metaspace] GC(278) Metaspace: 1745K(2048K)->1745K(2048K) NonClass: 1568K(1728K)->1568K(1728K) Class: 177K(320K)->177K(320K)
[2026-05-27T11:23:30.223+0530][11.479s][info][gc          ] GC(278) Pause Young (Normal) (G1 Evacuation Pause) 325M->14M(512M) 0.710ms
[2026-05-27T11:23:30.223+0530][11.479s][info][gc,cpu      ] GC(278) User=0.00s Sys=0.00s Real=0.00s
[2026-05-27T11:23:30.264+0530][11.521s][info][gc,start    ] GC(279) Pause Young (Normal) (G1 Evacuation Pause)
[2026-05-27T11:23:30.265+0530][11.521s][info][gc,task     ] GC(279) Using 9 workers of 9 for evacuation
[2026-05-27T11:23:30.265+0530][11.521s][info][gc,phases   ] GC(279)   Pre Evacuate Collection Set: 0.05ms
[2026-05-27T11:23:30.265+0530][11.521s][info][gc,phases   ] GC(279)   Merge Heap Roots: 0.05ms
[2026-05-27T11:23:30.265+0530][11.521s][info][gc,phases   ] GC(279)   Evacuate Collection Set: 0.34ms
[2026-05-27T11:23:30.265+0530][11.521s][info][gc,phases   ] GC(279)   Post Evacuate Collection Set: 0.17ms
[2026-05-27T11:23:30.265+0530][11.521s][info][gc,phases   ] GC(279)   Other: 0.15ms
[2026-05-27T11:23:30.265+0530][11.521s][info][gc,heap     ] GC(279) Eden regions: 302->0(303)
[2026-05-27T11:23:30.265+0530][11.521s][info][gc,heap     ] GC(279) Survivor regions: 5->4(39)
[2026-05-27T11:23:30.265+0530][11.521s][info][gc,heap     ] GC(279) Old regions: 10->10
[2026-05-27T11:23:30.265+0530][11.521s][info][gc,heap     ] GC(279) Archive regions: 2->2
[2026-05-27T11:23:30.265+0530][11.521s][info][gc,heap     ] GC(279) Humongous regions: 9->0
[2026-05-27T11:23:30.265+0530][11.521s][info][gc,metaspace] GC(279) Metaspace: 1745K(2048K)->1745K(2048K) NonClass: 1568K(1728K)->1568K(1728K) Class: 177K(320K)->177K(320K)
[2026-05-27T11:23:30.265+0530][11.521s][info][gc          ] GC(279) Pause Young (Normal) (G1 Evacuation Pause) 325M->13M(512M) 0.834ms
[2026-05-27T11:23:30.265+0530][11.521s][info][gc,cpu      ] GC(279) User=0.00s Sys=0.00s Real=0.00s
[2026-05-27T11:23:30.306+0530][11.563s][info][gc,start    ] GC(280) Pause Young (Normal) (G1 Evacuation Pause)
[2026-05-27T11:23:30.307+0530][11.563s][info][gc,task     ] GC(280) Using 9 workers of 9 for evacuation
[2026-05-27T11:23:30.307+0530][11.563s][info][gc,phases   ] GC(280)   Pre Evacuate Collection Set: 0.14ms
[2026-05-27T11:23:30.307+0530][11.563s][info][gc,phases   ] GC(280)   Merge Heap Roots: 0.03ms
[2026-05-27T11:23:30.307+0530][11.563s][info][gc,phases   ] GC(280)   Evacuate Collection Set: 0.29ms
[2026-05-27T11:23:30.307+0530][11.563s][info][gc,phases   ] GC(280)   Post Evacuate Collection Set: 0.22ms
[2026-05-27T11:23:30.307+0530][11.563s][info][gc,phases   ] GC(280)   Other: 0.12ms
[2026-05-27T11:23:30.307+0530][11.563s][info][gc,heap     ] GC(280) Eden regions: 303->0(300)
[2026-05-27T11:23:30.307+0530][11.563s][info][gc,heap     ] GC(280) Survivor regions: 4->7(39)
[2026-05-27T11:23:30.307+0530][11.563s][info][gc,heap     ] GC(280) Old regions: 10->10
[2026-05-27T11:23:30.307+0530][11.563s][info][gc,heap     ] GC(280) Archive regions: 2->2
[2026-05-27T11:23:30.307+0530][11.563s][info][gc,heap     ] GC(280) Humongous regions: 0->0
[2026-05-27T11:23:30.307+0530][11.563s][info][gc,metaspace] GC(280) Metaspace: 1745K(2048K)->1745K(2048K) NonClass: 1568K(1728K)->1568K(1728K) Class: 177K(320K)->177K(320K)
[2026-05-27T11:23:30.307+0530][11.564s][info][gc          ] GC(280) Pause Young (Normal) (G1 Evacuation Pause) 316M->16M(512M) 0.862ms
[2026-05-27T11:23:30.307+0530][11.564s][info][gc,cpu      ] GC(280) User=0.00s Sys=0.00s Real=0.00s
[2026-05-27T11:23:30.346+0530][11.603s][info][gc,start    ] GC(281) Pause Young (Normal) (G1 Evacuation Pause)
[2026-05-27T11:23:30.346+0530][11.603s][info][gc,task     ] GC(281) Using 9 workers of 9 for evacuation
[2026-05-27T11:23:30.347+0530][11.603s][info][gc,phases   ] GC(281)   Pre Evacuate Collection Set: 0.06ms
[2026-05-27T11:23:30.347+0530][11.603s][info][gc,phases   ] GC(281)   Merge Heap Roots: 0.06ms
[2026-05-27T11:23:30.347+0530][11.603s][info][gc,phases   ] GC(281)   Evacuate Collection Set: 0.31ms
[2026-05-27T11:23:30.347+0530][11.603s][info][gc,phases   ] GC(281)   Post Evacuate Collection Set: 0.23ms
[2026-05-27T11:23:30.347+0530][11.603s][info][gc,phases   ] GC(281)   Other: 0.10ms
[2026-05-27T11:23:30.347+0530][11.603s][info][gc,heap     ] GC(281) Eden regions: 300->0(300)
[2026-05-27T11:23:30.347+0530][11.603s][info][gc,heap     ] GC(281) Survivor regions: 7->7(39)
[2026-05-27T11:23:30.347+0530][11.603s][info][gc,heap     ] GC(281) Old regions: 10->10
[2026-05-27T11:23:30.347+0530][11.603s][info][gc,heap     ] GC(281) Archive regions: 2->2
[2026-05-27T11:23:30.347+0530][11.603s][info][gc,heap     ] GC(281) Humongous regions: 9->0
[2026-05-27T11:23:30.347+0530][11.603s][info][gc,metaspace] GC(281) Metaspace: 1745K(2048K)->1745K(2048K) NonClass: 1568K(1728K)->1568K(1728K) Class: 177K(320K)->177K(320K)
[2026-05-27T11:23:30.347+0530][11.603s][info][gc          ] GC(281) Pause Young (Normal) (G1 Evacuation Pause) 325M->16M(512M) 0.820ms
[2026-05-27T11:23:30.347+0530][11.603s][info][gc,cpu      ] GC(281) User=0.00s Sys=0.00s Real=0.00s
[2026-05-27T11:23:30.387+0530][11.643s][info][gc,start    ] GC(282) Pause Young (Normal) (G1 Evacuation Pause)
[2026-05-27T11:23:30.387+0530][11.644s][info][gc,task     ] GC(282) Using 9 workers of 9 for evacuation
[2026-05-27T11:23:30.388+0530][11.644s][info][gc,phases   ] GC(282)   Pre Evacuate Collection Set: 0.09ms
[2026-05-27T11:23:30.388+0530][11.644s][info][gc,phases   ] GC(282)   Merge Heap Roots: 0.06ms
[2026-05-27T11:23:30.388+0530][11.644s][info][gc,phases   ] GC(282)   Evacuate Collection Set: 0.29ms
[2026-05-27T11:23:30.388+0530][11.644s][info][gc,phases   ] GC(282)   Post Evacuate Collection Set: 0.18ms
[2026-05-27T11:23:30.388+0530][11.644s][info][gc,phases   ] GC(282)   Other: 0.05ms
[2026-05-27T11:23:30.388+0530][11.644s][info][gc,heap     ] GC(282) Eden regions: 300->0(302)
[2026-05-27T11:23:30.388+0530][11.644s][info][gc,heap     ] GC(282) Survivor regions: 7->5(39)
[2026-05-27T11:23:30.388+0530][11.644s][info][gc,heap     ] GC(282) Old regions: 10->10
[2026-05-27T11:23:30.388+0530][11.644s][info][gc,heap     ] GC(282) Archive regions: 2->2
[2026-05-27T11:23:30.388+0530][11.644s][info][gc,heap     ] GC(282) Humongous regions: 9->0
[2026-05-27T11:23:30.388+0530][11.644s][info][gc,metaspace] GC(282) Metaspace: 1745K(2048K)->1745K(2048K) NonClass: 1568K(1728K)->1568K(1728K) Class: 177K(320K)->177K(320K)
[2026-05-27T11:23:30.388+0530][11.644s][info][gc          ] GC(282) Pause Young (Normal) (G1 Evacuation Pause) 325M->15M(512M) 0.736ms
[2026-05-27T11:23:30.388+0530][11.644s][info][gc,cpu      ] GC(282) User=0.01s Sys=0.00s Real=0.00s
[2026-05-27T11:23:30.428+0530][11.684s][info][gc,start    ] GC(283) Pause Young (Normal) (G1 Evacuation Pause)
[2026-05-27T11:23:30.428+0530][11.684s][info][gc,task     ] GC(283) Using 9 workers of 9 for evacuation
[2026-05-27T11:23:30.429+0530][11.685s][info][gc,phases   ] GC(283)   Pre Evacuate Collection Set: 0.08ms
[2026-05-27T11:23:30.429+0530][11.685s][info][gc,phases   ] GC(283)   Merge Heap Roots: 0.05ms
[2026-05-27T11:23:30.429+0530][11.685s][info][gc,phases   ] GC(283)   Evacuate Collection Set: 0.28ms
[2026-05-27T11:23:30.429+0530][11.685s][info][gc,phases   ] GC(283)   Post Evacuate Collection Set: 0.19ms
[2026-05-27T11:23:30.429+0530][11.685s][info][gc,phases   ] GC(283)   Other: 0.11ms
[2026-05-27T11:23:30.429+0530][11.685s][info][gc,heap     ] GC(283) Eden regions: 302->0(301)
[2026-05-27T11:23:30.429+0530][11.685s][info][gc,heap     ] GC(283) Survivor regions: 5->6(39)
[2026-05-27T11:23:30.429+0530][11.685s][info][gc,heap     ] GC(283) Old regions: 10->10
[2026-05-27T11:23:30.429+0530][11.685s][info][gc,heap     ] GC(283) Archive regions: 2->2
[2026-05-27T11:23:30.429+0530][11.685s][info][gc,heap     ] GC(283) Humongous regions: 0->0
[2026-05-27T11:23:30.429+0530][11.685s][info][gc,metaspace] GC(283) Metaspace: 1745K(2048K)->1745K(2048K) NonClass: 1568K(1728K)->1568K(1728K) Class: 177K(320K)->177K(320K)
[2026-05-27T11:23:30.429+0530][11.685s][info][gc          ] GC(283) Pause Young (Normal) (G1 Evacuation Pause) 316M->15M(512M) 0.772ms
[2026-05-27T11:23:30.429+0530][11.685s][info][gc,cpu      ] GC(283) User=0.00s Sys=0.00s Real=0.00s
[2026-05-27T11:23:30.469+0530][11.725s][info][gc,start    ] GC(284) Pause Young (Normal) (G1 Evacuation Pause)
[2026-05-27T11:23:30.469+0530][11.725s][info][gc,task     ] GC(284) Using 9 workers of 9 for evacuation
[2026-05-27T11:23:30.470+0530][11.726s][info][gc,phases   ] GC(284)   Pre Evacuate Collection Set: 0.05ms
[2026-05-27T11:23:30.470+0530][11.726s][info][gc,phases   ] GC(284)   Merge Heap Roots: 0.10ms
[2026-05-27T11:23:30.470+0530][11.726s][info][gc,phases   ] GC(284)   Evacuate Collection Set: 0.30ms
[2026-05-27T11:23:30.470+0530][11.726s][info][gc,phases   ] GC(284)   Post Evacuate Collection Set: 0.21ms
[2026-05-27T11:23:30.470+0530][11.726s][info][gc,phases   ] GC(284)   Other: 0.10ms
[2026-05-27T11:23:30.470+0530][11.726s][info][gc,heap     ] GC(284) Eden regions: 301->0(301)
[2026-05-27T11:23:30.470+0530][11.726s][info][gc,heap     ] GC(284) Survivor regions: 6->6(39)
[2026-05-27T11:23:30.470+0530][11.726s][info][gc,heap     ] GC(284) Old regions: 10->10
[2026-05-27T11:23:30.470+0530][11.726s][info][gc,heap     ] GC(284) Archive regions: 2->2
[2026-05-27T11:23:30.470+0530][11.726s][info][gc,heap     ] GC(284) Humongous regions: 0->0
[2026-05-27T11:23:30.470+0530][11.726s][info][gc,metaspace] GC(284) Metaspace: 1745K(2048K)->1745K(2048K) NonClass: 1568K(1728K)->1568K(1728K) Class: 177K(320K)->177K(320K)
[2026-05-27T11:23:30.470+0530][11.726s][info][gc          ] GC(284) Pause Young (Normal) (G1 Evacuation Pause) 316M->15M(512M) 0.831ms
[2026-05-27T11:23:30.470+0530][11.726s][info][gc,cpu      ] GC(284) User=0.00s Sys=0.00s Real=0.01s
[2026-05-27T11:23:30.510+0530][11.766s][info][gc,start    ] GC(285) Pause Young (Normal) (G1 Evacuation Pause)
[2026-05-27T11:23:30.510+0530][11.766s][info][gc,task     ] GC(285) Using 9 workers of 9 for evacuation
[2026-05-27T11:23:30.511+0530][11.767s][info][gc,phases   ] GC(285)   Pre Evacuate Collection Set: 0.11ms
[2026-05-27T11:23:30.511+0530][11.767s][info][gc,phases   ] GC(285)   Merge Heap Roots: 0.04ms
[2026-05-27T11:23:30.511+0530][11.767s][info][gc,phases   ] GC(285)   Evacuate Collection Set: 0.30ms
[2026-05-27T11:23:30.511+0530][11.767s][info][gc,phases   ] GC(285)   Post Evacuate Collection Set: 0.19ms
[2026-05-27T11:23:30.511+0530][11.767s][info][gc,phases   ] GC(285)   Other: 0.11ms
[2026-05-27T11:23:30.511+0530][11.767s][info][gc,heap     ] GC(285) Eden regions: 301->0(301)
[2026-05-27T11:23:30.511+0530][11.767s][info][gc,heap     ] GC(285) Survivor regions: 6->6(39)
[2026-05-27T11:23:30.511+0530][11.767s][info][gc,heap     ] GC(285) Old regions: 10->10
[2026-05-27T11:23:30.511+0530][11.767s][info][gc,heap     ] GC(285) Archive regions: 2->2
[2026-05-27T11:23:30.511+0530][11.767s][info][gc,heap     ] GC(285) Humongous regions: 0->0
[2026-05-27T11:23:30.511+0530][11.767s][info][gc,metaspace] GC(285) Metaspace: 1745K(2048K)->1745K(2048K) NonClass: 1568K(1728K)->1568K(1728K) Class: 177K(320K)->177K(320K)
[2026-05-27T11:23:30.511+0530][11.767s][info][gc          ] GC(285) Pause Young (Normal) (G1 Evacuation Pause) 316M->15M(512M) 0.839ms
[2026-05-27T11:23:30.511+0530][11.767s][info][gc,cpu      ] GC(285) User=0.01s Sys=0.00s Real=0.00s
[2026-05-27T11:23:30.551+0530][11.807s][info][gc,start    ] GC(286) Pause Young (Normal) (G1 Evacuation Pause)
[2026-05-27T11:23:30.551+0530][11.807s][info][gc,task     ] GC(286) Using 9 workers of 9 for evacuation
[2026-05-27T11:23:30.552+0530][11.808s][info][gc,phases   ] GC(286)   Pre Evacuate Collection Set: 0.09ms
[2026-05-27T11:23:30.552+0530][11.808s][info][gc,phases   ] GC(286)   Merge Heap Roots: 0.06ms
[2026-05-27T11:23:30.552+0530][11.808s][info][gc,phases   ] GC(286)   Evacuate Collection Set: 0.27ms
[2026-05-27T11:23:30.552+0530][11.808s][info][gc,phases   ] GC(286)   Post Evacuate Collection Set: 0.20ms
[2026-05-27T11:23:30.552+0530][11.808s][info][gc,phases   ] GC(286)   Other: 0.49ms
[2026-05-27T11:23:30.552+0530][11.808s][info][gc,heap     ] GC(286) Eden regions: 301->0(302)
[2026-05-27T11:23:30.552+0530][11.808s][info][gc,heap     ] GC(286) Survivor regions: 6->5(39)
[2026-05-27T11:23:30.552+0530][11.808s][info][gc,heap     ] GC(286) Old regions: 10->10
[2026-05-27T11:23:30.552+0530][11.808s][info][gc,heap     ] GC(286) Archive regions: 2->2
[2026-05-27T11:23:30.552+0530][11.808s][info][gc,heap     ] GC(286) Humongous regions: 0->0
[2026-05-27T11:23:30.552+0530][11.808s][info][gc,metaspace] GC(286) Metaspace: 1745K(2048K)->1745K(2048K) NonClass: 1568K(1728K)->1568K(1728K) Class: 177K(320K)->177K(320K)
[2026-05-27T11:23:30.552+0530][11.808s][info][gc          ] GC(286) Pause Young (Normal) (G1 Evacuation Pause) 316M->14M(512M) 1.192ms
[2026-05-27T11:23:30.552+0530][11.808s][info][gc,cpu      ] GC(286) User=0.00s Sys=0.00s Real=0.00s
[2026-05-27T11:23:30.591+0530][11.847s][info][gc,start    ] GC(287) Pause Young (Normal) (G1 Evacuation Pause)
[2026-05-27T11:23:30.591+0530][11.847s][info][gc,task     ] GC(287) Using 9 workers of 9 for evacuation
[2026-05-27T11:23:30.592+0530][11.848s][info][gc,phases   ] GC(287)   Pre Evacuate Collection Set: 0.09ms
[2026-05-27T11:23:30.592+0530][11.848s][info][gc,phases   ] GC(287)   Merge Heap Roots: 0.06ms
[2026-05-27T11:23:30.592+0530][11.848s][info][gc,phases   ] GC(287)   Evacuate Collection Set: 0.26ms
[2026-05-27T11:23:30.592+0530][11.848s][info][gc,phases   ] GC(287)   Post Evacuate Collection Set: 0.16ms
[2026-05-27T11:23:30.592+0530][11.848s][info][gc,phases   ] GC(287)   Other: 0.08ms
[2026-05-27T11:23:30.592+0530][11.848s][info][gc,heap     ] GC(287) Eden regions: 302->0(305)
[2026-05-27T11:23:30.592+0530][11.848s][info][gc,heap     ] GC(287) Survivor regions: 5->2(39)
[2026-05-27T11:23:30.592+0530][11.848s][info][gc,heap     ] GC(287) Old regions: 10->10
[2026-05-27T11:23:30.592+0530][11.848s][info][gc,heap     ] GC(287) Archive regions: 2->2
[2026-05-27T11:23:30.592+0530][11.848s][info][gc,heap     ] GC(287) Humongous regions: 0->0
[2026-05-27T11:23:30.592+0530][11.848s][info][gc,metaspace] GC(287) Metaspace: 1745K(2048K)->1745K(2048K) NonClass: 1568K(1728K)->1568K(1728K) Class: 177K(320K)->177K(320K)
[2026-05-27T11:23:30.592+0530][11.848s][info][gc          ] GC(287) Pause Young (Normal) (G1 Evacuation Pause) 316M->11M(512M) 0.700ms
[2026-05-27T11:23:30.592+0530][11.848s][info][gc,cpu      ] GC(287) User=0.00s Sys=0.00s Real=0.00s
[2026-05-27T11:23:30.633+0530][11.890s][info][gc,start    ] GC(288) Pause Young (Normal) (G1 Evacuation Pause)
[2026-05-27T11:23:30.633+0530][11.890s][info][gc,task     ] GC(288) Using 9 workers of 9 for evacuation
[2026-05-27T11:23:30.634+0530][11.890s][info][gc,phases   ] GC(288)   Pre Evacuate Collection Set: 0.09ms
[2026-05-27T11:23:30.634+0530][11.890s][info][gc,phases   ] GC(288)   Merge Heap Roots: 0.05ms
[2026-05-27T11:23:30.634+0530][11.890s][info][gc,phases   ] GC(288)   Evacuate Collection Set: 0.29ms
[2026-05-27T11:23:30.634+0530][11.890s][info][gc,phases   ] GC(288)   Post Evacuate Collection Set: 0.21ms
[2026-05-27T11:23:30.634+0530][11.890s][info][gc,phases   ] GC(288)   Other: 0.12ms
[2026-05-27T11:23:30.634+0530][11.890s][info][gc,heap     ] GC(288) Eden regions: 305->0(300)
[2026-05-27T11:23:30.634+0530][11.890s][info][gc,heap     ] GC(288) Survivor regions: 2->7(39)
[2026-05-27T11:23:30.634+0530][11.890s][info][gc,heap     ] GC(288) Old regions: 10->10
[2026-05-27T11:23:30.634+0530][11.890s][info][gc,heap     ] GC(288) Archive regions: 2->2
[2026-05-27T11:23:30.634+0530][11.890s][info][gc,heap     ] GC(288) Humongous regions: 0->0
[2026-05-27T11:23:30.634+0530][11.890s][info][gc,metaspace] GC(288) Metaspace: 1745K(2048K)->1745K(2048K) NonClass: 1568K(1728K)->1568K(1728K) Class: 177K(320K)->177K(320K)
[2026-05-27T11:23:30.634+0530][11.890s][info][gc          ] GC(288) Pause Young (Normal) (G1 Evacuation Pause) 316M->16M(512M) 0.826ms
[2026-05-27T11:23:30.634+0530][11.890s][info][gc,cpu      ] GC(288) User=0.00s Sys=0.00s Real=0.00s
[2026-05-27T11:23:30.676+0530][11.933s][info][gc,start    ] GC(289) Pause Young (Normal) (G1 Evacuation Pause)
[2026-05-27T11:23:30.677+0530][11.933s][info][gc,task     ] GC(289) Using 9 workers of 9 for evacuation
[2026-05-27T11:23:30.677+0530][11.933s][info][gc,phases   ] GC(289)   Pre Evacuate Collection Set: 0.07ms
[2026-05-27T11:23:30.677+0530][11.933s][info][gc,phases   ] GC(289)   Merge Heap Roots: 0.05ms
[2026-05-27T11:23:30.677+0530][11.933s][info][gc,phases   ] GC(289)   Evacuate Collection Set: 0.38ms
[2026-05-27T11:23:30.677+0530][11.933s][info][gc,phases   ] GC(289)   Post Evacuate Collection Set: 0.20ms
[2026-05-27T11:23:30.677+0530][11.933s][info][gc,phases   ] GC(289)   Other: 0.13ms
[2026-05-27T11:23:30.677+0530][11.933s][info][gc,heap     ] GC(289) Eden regions: 300->0(302)
[2026-05-27T11:23:30.677+0530][11.933s][info][gc,heap     ] GC(289) Survivor regions: 7->5(39)
[2026-05-27T11:23:30.677+0530][11.933s][info][gc,heap     ] GC(289) Old regions: 10->10
[2026-05-27T11:23:30.677+0530][11.933s][info][gc,heap     ] GC(289) Archive regions: 2->2
[2026-05-27T11:23:30.677+0530][11.933s][info][gc,heap     ] GC(289) Humongous regions: 0->0
[2026-05-27T11:23:30.677+0530][11.934s][info][gc,metaspace] GC(289) Metaspace: 1745K(2048K)->1745K(2048K) NonClass: 1568K(1728K)->1568K(1728K) Class: 177K(320K)->177K(320K)
[2026-05-27T11:23:30.677+0530][11.934s][info][gc          ] GC(289) Pause Young (Normal) (G1 Evacuation Pause) 316M->14M(512M) 0.903ms
[2026-05-27T11:23:30.677+0530][11.934s][info][gc,cpu      ] GC(289) User=0.00s Sys=0.00s Real=0.00s
[2026-05-27T11:23:30.717+0530][11.973s][info][gc,start    ] GC(290) Pause Young (Normal) (G1 Evacuation Pause)
[2026-05-27T11:23:30.717+0530][11.973s][info][gc,task     ] GC(290) Using 9 workers of 9 for evacuation
[2026-05-27T11:23:30.718+0530][11.974s][info][gc,phases   ] GC(290)   Pre Evacuate Collection Set: 0.05ms
[2026-05-27T11:23:30.718+0530][11.974s][info][gc,phases   ] GC(290)   Merge Heap Roots: 0.05ms
[2026-05-27T11:23:30.718+0530][11.974s][info][gc,phases   ] GC(290)   Evacuate Collection Set: 0.32ms
[2026-05-27T11:23:30.718+0530][11.974s][info][gc,phases   ] GC(290)   Post Evacuate Collection Set: 0.27ms
[2026-05-27T11:23:30.718+0530][11.974s][info][gc,phases   ] GC(290)   Other: 0.09ms
[2026-05-27T11:23:30.718+0530][11.974s][info][gc,heap     ] GC(290) Eden regions: 302->0(305)
[2026-05-27T11:23:30.718+0530][11.974s][info][gc,heap     ] GC(290) Survivor regions: 5->2(39)
[2026-05-27T11:23:30.718+0530][11.974s][info][gc,heap     ] GC(290) Old regions: 10->10
[2026-05-27T11:23:30.718+0530][11.974s][info][gc,heap     ] GC(290) Archive regions: 2->2
[2026-05-27T11:23:30.718+0530][11.974s][info][gc,heap     ] GC(290) Humongous regions: 0->0
[2026-05-27T11:23:30.718+0530][11.974s][info][gc,metaspace] GC(290) Metaspace: 1745K(2048K)->1745K(2048K) NonClass: 1568K(1728K)->1568K(1728K) Class: 177K(320K)->177K(320K)
[2026-05-27T11:23:30.718+0530][11.974s][info][gc          ] GC(290) Pause Young (Normal) (G1 Evacuation Pause) 316M->11M(512M) 0.878ms
[2026-05-27T11:23:30.718+0530][11.974s][info][gc,cpu      ] GC(290) User=0.00s Sys=0.00s Real=0.00s
[2026-05-27T11:23:30.762+0530][12.018s][info][gc,start    ] GC(291) Pause Young (Normal) (G1 Evacuation Pause)
[2026-05-27T11:23:30.762+0530][12.018s][info][gc,task     ] GC(291) Using 9 workers of 9 for evacuation
[2026-05-27T11:23:30.763+0530][12.019s][info][gc,phases   ] GC(291)   Pre Evacuate Collection Set: 0.07ms
[2026-05-27T11:23:30.763+0530][12.019s][info][gc,phases   ] GC(291)   Merge Heap Roots: 0.04ms
[2026-05-27T11:23:30.763+0530][12.019s][info][gc,phases   ] GC(291)   Evacuate Collection Set: 0.29ms
[2026-05-27T11:23:30.763+0530][12.019s][info][gc,phases   ] GC(291)   Post Evacuate Collection Set: 0.19ms
[2026-05-27T11:23:30.763+0530][12.019s][info][gc,phases   ] GC(291)   Other: 0.10ms
[2026-05-27T11:23:30.763+0530][12.019s][info][gc,heap     ] GC(291) Eden regions: 305->0(300)
[2026-05-27T11:23:30.763+0530][12.019s][info][gc,heap     ] GC(291) Survivor regions: 2->7(39)
[2026-05-27T11:23:30.763+0530][12.019s][info][gc,heap     ] GC(291) Old regions: 10->10
[2026-05-27T11:23:30.763+0530][12.019s][info][gc,heap     ] GC(291) Archive regions: 2->2
[2026-05-27T11:23:30.763+0530][12.019s][info][gc,heap     ] GC(291) Humongous regions: 0->0
[2026-05-27T11:23:30.763+0530][12.019s][info][gc,metaspace] GC(291) Metaspace: 1745K(2048K)->1745K(2048K) NonClass: 1568K(1728K)->1568K(1728K) Class: 177K(320K)->177K(320K)
[2026-05-27T11:23:30.763+0530][12.019s][info][gc          ] GC(291) Pause Young (Normal) (G1 Evacuation Pause) 316M->16M(512M) 0.754ms
[2026-05-27T11:23:30.763+0530][12.019s][info][gc,cpu      ] GC(291) User=0.01s Sys=0.00s Real=0.00s
[2026-05-27T11:23:30.802+0530][12.058s][info][gc,start    ] GC(292) Pause Young (Normal) (G1 Evacuation Pause)
[2026-05-27T11:23:30.802+0530][12.058s][info][gc,task     ] GC(292) Using 9 workers of 9 for evacuation
[2026-05-27T11:23:30.803+0530][12.059s][info][gc,phases   ] GC(292)   Pre Evacuate Collection Set: 0.12ms
[2026-05-27T11:23:30.803+0530][12.059s][info][gc,phases   ] GC(292)   Merge Heap Roots: 0.06ms
[2026-05-27T11:23:30.803+0530][12.059s][info][gc,phases   ] GC(292)   Evacuate Collection Set: 0.28ms
[2026-05-27T11:23:30.803+0530][12.059s][info][gc,phases   ] GC(292)   Post Evacuate Collection Set: 0.23ms
[2026-05-27T11:23:30.803+0530][12.059s][info][gc,phases   ] GC(292)   Other: 0.13ms
[2026-05-27T11:23:30.803+0530][12.059s][info][gc,heap     ] GC(292) Eden regions: 300->0(302)
[2026-05-27T11:23:30.803+0530][12.059s][info][gc,heap     ] GC(292) Survivor regions: 7->5(39)
[2026-05-27T11:23:30.803+0530][12.059s][info][gc,heap     ] GC(292) Old regions: 10->10
[2026-05-27T11:23:30.803+0530][12.059s][info][gc,heap     ] GC(292) Archive regions: 2->2
[2026-05-27T11:23:30.803+0530][12.059s][info][gc,heap     ] GC(292) Humongous regions: 0->0
[2026-05-27T11:23:30.803+0530][12.059s][info][gc,metaspace] GC(292) Metaspace: 1745K(2048K)->1745K(2048K) NonClass: 1568K(1728K)->1568K(1728K) Class: 177K(320K)->177K(320K)
[2026-05-27T11:23:30.803+0530][12.059s][info][gc          ] GC(292) Pause Young (Normal) (G1 Evacuation Pause) 316M->14M(512M) 0.872ms
[2026-05-27T11:23:30.803+0530][12.059s][info][gc,cpu      ] GC(292) User=0.00s Sys=0.00s Real=0.00s
[2026-05-27T11:23:30.841+0530][12.097s][info][gc,start    ] GC(293) Pause Young (Normal) (G1 Evacuation Pause)
[2026-05-27T11:23:30.841+0530][12.097s][info][gc,task     ] GC(293) Using 9 workers of 9 for evacuation
[2026-05-27T11:23:30.842+0530][12.098s][info][gc,phases   ] GC(293)   Pre Evacuate Collection Set: 0.08ms
[2026-05-27T11:23:30.842+0530][12.098s][info][gc,phases   ] GC(293)   Merge Heap Roots: 0.10ms
[2026-05-27T11:23:30.842+0530][12.098s][info][gc,phases   ] GC(293)   Evacuate Collection Set: 0.25ms
[2026-05-27T11:23:30.842+0530][12.098s][info][gc,phases   ] GC(293)   Post Evacuate Collection Set: 0.24ms
[2026-05-27T11:23:30.842+0530][12.098s][info][gc,phases   ] GC(293)   Other: 0.09ms
[2026-05-27T11:23:30.842+0530][12.098s][info][gc,heap     ] GC(293) Eden regions: 302->0(301)
[2026-05-27T11:23:30.842+0530][12.098s][info][gc,heap     ] GC(293) Survivor regions: 5->6(39)
[2026-05-27T11:23:30.842+0530][12.098s][info][gc,heap     ] GC(293) Old regions: 10->10
[2026-05-27T11:23:30.842+0530][12.098s][info][gc,heap     ] GC(293) Archive regions: 2->2
[2026-05-27T11:23:30.842+0530][12.098s][info][gc,heap     ] GC(293) Humongous regions: 0->0
[2026-05-27T11:23:30.842+0530][12.098s][info][gc,metaspace] GC(293) Metaspace: 1745K(2048K)->1745K(2048K) NonClass: 1568K(1728K)->1568K(1728K) Class: 177K(320K)->177K(320K)
[2026-05-27T11:23:30.842+0530][12.098s][info][gc          ] GC(293) Pause Young (Normal) (G1 Evacuation Pause) 316M->15M(512M) 0.864ms
[2026-05-27T11:23:30.842+0530][12.098s][info][gc,cpu      ] GC(293) User=0.01s Sys=0.00s Real=0.00s
[2026-05-27T11:23:30.882+0530][12.139s][info][gc,start    ] GC(294) Pause Young (Normal) (G1 Evacuation Pause)
[2026-05-27T11:23:30.883+0530][12.139s][info][gc,task     ] GC(294) Using 9 workers of 9 for evacuation
[2026-05-27T11:23:30.883+0530][12.139s][info][gc,phases   ] GC(294)   Pre Evacuate Collection Set: 0.08ms
[2026-05-27T11:23:30.883+0530][12.139s][info][gc,phases   ] GC(294)   Merge Heap Roots: 0.10ms
[2026-05-27T11:23:30.883+0530][12.139s][info][gc,phases   ] GC(294)   Evacuate Collection Set: 0.30ms
[2026-05-27T11:23:30.883+0530][12.139s][info][gc,phases   ] GC(294)   Post Evacuate Collection Set: 0.19ms
[2026-05-27T11:23:30.883+0530][12.139s][info][gc,phases   ] GC(294)   Other: 0.11ms
[2026-05-27T11:23:30.883+0530][12.139s][info][gc,heap     ] GC(294) Eden regions: 301->0(301)
[2026-05-27T11:23:30.883+0530][12.139s][info][gc,heap     ] GC(294) Survivor regions: 6->6(39)
[2026-05-27T11:23:30.883+0530][12.139s][info][gc,heap     ] GC(294) Old regions: 10->10
[2026-05-27T11:23:30.883+0530][12.139s][info][gc,heap     ] GC(294) Archive regions: 2->2
[2026-05-27T11:23:30.883+0530][12.139s][info][gc,heap     ] GC(294) Humongous regions: 9->0
[2026-05-27T11:23:30.883+0530][12.139s][info][gc,metaspace] GC(294) Metaspace: 1745K(2048K)->1745K(2048K) NonClass: 1568K(1728K)->1568K(1728K) Class: 177K(320K)->177K(320K)
[2026-05-27T11:23:30.883+0530][12.139s][info][gc          ] GC(294) Pause Young (Normal) (G1 Evacuation Pause) 325M->15M(512M) 0.857ms
[2026-05-27T11:23:30.883+0530][12.139s][info][gc,cpu      ] GC(294) User=0.00s Sys=0.00s Real=0.00s
[2026-05-27T11:23:30.925+0530][12.181s][info][gc,start    ] GC(295) Pause Young (Normal) (G1 Evacuation Pause)
[2026-05-27T11:23:30.925+0530][12.181s][info][gc,task     ] GC(295) Using 9 workers of 9 for evacuation
[2026-05-27T11:23:30.925+0530][12.181s][info][gc,phases   ] GC(295)   Pre Evacuate Collection Set: 0.06ms
[2026-05-27T11:23:30.925+0530][12.181s][info][gc,phases   ] GC(295)   Merge Heap Roots: 0.05ms
[2026-05-27T11:23:30.925+0530][12.181s][info][gc,phases   ] GC(295)   Evacuate Collection Set: 0.27ms
[2026-05-27T11:23:30.925+0530][12.181s][info][gc,phases   ] GC(295)   Post Evacuate Collection Set: 0.22ms
[2026-05-27T11:23:30.925+0530][12.181s][info][gc,phases   ] GC(295)   Other: 0.10ms
[2026-05-27T11:23:30.925+0530][12.181s][info][gc,heap     ] GC(295) Eden regions: 301->0(302)
[2026-05-27T11:23:30.925+0530][12.181s][info][gc,heap     ] GC(295) Survivor regions: 6->5(39)
[2026-05-27T11:23:30.925+0530][12.181s][info][gc,heap     ] GC(295) Old regions: 10->10
[2026-05-27T11:23:30.925+0530][12.181s][info][gc,heap     ] GC(295) Archive regions: 2->2
[2026-05-27T11:23:30.925+0530][12.181s][info][gc,heap     ] GC(295) Humongous regions: 9->0
[2026-05-27T11:23:30.925+0530][12.181s][info][gc,metaspace] GC(295) Metaspace: 1745K(2048K)->1745K(2048K) NonClass: 1568K(1728K)->1568K(1728K) Class: 177K(320K)->177K(320K)
[2026-05-27T11:23:30.925+0530][12.181s][info][gc          ] GC(295) Pause Young (Normal) (G1 Evacuation Pause) 325M->14M(512M) 0.782ms
[2026-05-27T11:23:30.925+0530][12.182s][info][gc,cpu      ] GC(295) User=0.00s Sys=0.00s Real=0.00s
[2026-05-27T11:23:30.966+0530][12.222s][info][gc,start    ] GC(296) Pause Young (Normal) (G1 Evacuation Pause)
[2026-05-27T11:23:30.966+0530][12.222s][info][gc,task     ] GC(296) Using 9 workers of 9 for evacuation
[2026-05-27T11:23:30.967+0530][12.223s][info][gc,phases   ] GC(296)   Pre Evacuate Collection Set: 0.06ms
[2026-05-27T11:23:30.967+0530][12.223s][info][gc,phases   ] GC(296)   Merge Heap Roots: 0.08ms
[2026-05-27T11:23:30.967+0530][12.223s][info][gc,phases   ] GC(296)   Evacuate Collection Set: 0.31ms
[2026-05-27T11:23:30.967+0530][12.223s][info][gc,phases   ] GC(296)   Post Evacuate Collection Set: 0.25ms
[2026-05-27T11:23:30.967+0530][12.223s][info][gc,phases   ] GC(296)   Other: 0.10ms
[2026-05-27T11:23:30.967+0530][12.223s][info][gc,heap     ] GC(296) Eden regions: 302->0(299)
[2026-05-27T11:23:30.967+0530][12.223s][info][gc,heap     ] GC(296) Survivor regions: 5->8(39)
[2026-05-27T11:23:30.967+0530][12.223s][info][gc,heap     ] GC(296) Old regions: 10->10
[2026-05-27T11:23:30.967+0530][12.223s][info][gc,heap     ] GC(296) Archive regions: 2->2
[2026-05-27T11:23:30.967+0530][12.223s][info][gc,heap     ] GC(296) Humongous regions: 0->0
[2026-05-27T11:23:30.967+0530][12.223s][info][gc,metaspace] GC(296) Metaspace: 1745K(2048K)->1745K(2048K) NonClass: 1568K(1728K)->1568K(1728K) Class: 177K(320K)->177K(320K)
[2026-05-27T11:23:30.967+0530][12.223s][info][gc          ] GC(296) Pause Young (Normal) (G1 Evacuation Pause) 316M->17M(512M) 0.877ms
[2026-05-27T11:23:30.967+0530][12.223s][info][gc,cpu      ] GC(296) User=0.00s Sys=0.00s Real=0.00s
[2026-05-27T11:23:31.005+0530][12.261s][info][gc,start    ] GC(297) Pause Young (Normal) (G1 Evacuation Pause)
[2026-05-27T11:23:31.005+0530][12.261s][info][gc,task     ] GC(297) Using 9 workers of 9 for evacuation
[2026-05-27T11:23:31.006+0530][12.262s][info][gc,phases   ] GC(297)   Pre Evacuate Collection Set: 0.08ms
[2026-05-27T11:23:31.006+0530][12.262s][info][gc,phases   ] GC(297)   Merge Heap Roots: 0.06ms
[2026-05-27T11:23:31.006+0530][12.262s][info][gc,phases   ] GC(297)   Evacuate Collection Set: 0.28ms
[2026-05-27T11:23:31.006+0530][12.262s][info][gc,phases   ] GC(297)   Post Evacuate Collection Set: 0.20ms
[2026-05-27T11:23:31.006+0530][12.262s][info][gc,phases   ] GC(297)   Other: 0.10ms
[2026-05-27T11:23:31.006+0530][12.262s][info][gc,heap     ] GC(297) Eden regions: 299->0(300)
[2026-05-27T11:23:31.006+0530][12.262s][info][gc,heap     ] GC(297) Survivor regions: 8->7(39)
[2026-05-27T11:23:31.006+0530][12.262s][info][gc,heap     ] GC(297) Old regions: 10->10
[2026-05-27T11:23:31.006+0530][12.262s][info][gc,heap     ] GC(297) Archive regions: 2->2
[2026-05-27T11:23:31.006+0530][12.262s][info][gc,heap     ] GC(297) Humongous regions: 0->0
[2026-05-27T11:23:31.006+0530][12.262s][info][gc,metaspace] GC(297) Metaspace: 1745K(2048K)->1745K(2048K) NonClass: 1568K(1728K)->1568K(1728K) Class: 177K(320K)->177K(320K)
[2026-05-27T11:23:31.006+0530][12.262s][info][gc          ] GC(297) Pause Young (Normal) (G1 Evacuation Pause) 316M->16M(512M) 0.786ms
[2026-05-27T11:23:31.006+0530][12.262s][info][gc,cpu      ] GC(297) User=0.01s Sys=0.00s Real=0.00s
[2026-05-27T11:23:31.049+0530][12.305s][info][gc,start    ] GC(298) Pause Young (Normal) (G1 Evacuation Pause)
[2026-05-27T11:23:31.049+0530][12.305s][info][gc,task     ] GC(298) Using 9 workers of 9 for evacuation
[2026-05-27T11:23:31.050+0530][12.306s][info][gc,phases   ] GC(298)   Pre Evacuate Collection Set: 0.11ms
[2026-05-27T11:23:31.050+0530][12.306s][info][gc,phases   ] GC(298)   Merge Heap Roots: 0.05ms
[2026-05-27T11:23:31.050+0530][12.306s][info][gc,phases   ] GC(298)   Evacuate Collection Set: 0.28ms
[2026-05-27T11:23:31.050+0530][12.306s][info][gc,phases   ] GC(298)   Post Evacuate Collection Set: 0.17ms
[2026-05-27T11:23:31.050+0530][12.306s][info][gc,phases   ] GC(298)   Other: 0.11ms
[2026-05-27T11:23:31.050+0530][12.306s][info][gc,heap     ] GC(298) Eden regions: 300->0(302)
[2026-05-27T11:23:31.050+0530][12.306s][info][gc,heap     ] GC(298) Survivor regions: 7->5(39)
[2026-05-27T11:23:31.050+0530][12.306s][info][gc,heap     ] GC(298) Old regions: 10->10
[2026-05-27T11:23:31.050+0530][12.306s][info][gc,heap     ] GC(298) Archive regions: 2->2
[2026-05-27T11:23:31.050+0530][12.306s][info][gc,heap     ] GC(298) Humongous regions: 0->0
[2026-05-27T11:23:31.050+0530][12.306s][info][gc,metaspace] GC(298) Metaspace: 1745K(2048K)->1745K(2048K) NonClass: 1568K(1728K)->1568K(1728K) Class: 177K(320K)->177K(320K)
[2026-05-27T11:23:31.050+0530][12.306s][info][gc          ] GC(298) Pause Young (Normal) (G1 Evacuation Pause) 316M->14M(512M) 0.806ms
[2026-05-27T11:23:31.050+0530][12.306s][info][gc,cpu      ] GC(298) User=0.01s Sys=0.00s Real=0.01s
[2026-05-27T11:23:31.090+0530][12.346s][info][gc,start    ] GC(299) Pause Young (Normal) (G1 Evacuation Pause)
[2026-05-27T11:23:31.090+0530][12.346s][info][gc,task     ] GC(299) Using 9 workers of 9 for evacuation
[2026-05-27T11:23:31.091+0530][12.347s][info][gc,phases   ] GC(299)   Pre Evacuate Collection Set: 0.09ms
[2026-05-27T11:23:31.091+0530][12.347s][info][gc,phases   ] GC(299)   Merge Heap Roots: 0.05ms
[2026-05-27T11:23:31.091+0530][12.347s][info][gc,phases   ] GC(299)   Evacuate Collection Set: 0.25ms
[2026-05-27T11:23:31.091+0530][12.347s][info][gc,phases   ] GC(299)   Post Evacuate Collection Set: 0.22ms
[2026-05-27T11:23:31.091+0530][12.347s][info][gc,phases   ] GC(299)   Other: 0.10ms
[2026-05-27T11:23:31.091+0530][12.347s][info][gc,heap     ] GC(299) Eden regions: 302->0(302)
[2026-05-27T11:23:31.091+0530][12.347s][info][gc,heap     ] GC(299) Survivor regions: 5->5(39)
[2026-05-27T11:23:31.091+0530][12.347s][info][gc,heap     ] GC(299) Old regions: 10->10
[2026-05-27T11:23:31.091+0530][12.347s][info][gc,heap     ] GC(299) Archive regions: 2->2
[2026-05-27T11:23:31.091+0530][12.347s][info][gc,heap     ] GC(299) Humongous regions: 9->0
[2026-05-27T11:23:31.091+0530][12.347s][info][gc,metaspace] GC(299) Metaspace: 1745K(2048K)->1745K(2048K) NonClass: 1568K(1728K)->1568K(1728K) Class: 177K(320K)->177K(320K)
[2026-05-27T11:23:31.091+0530][12.347s][info][gc          ] GC(299) Pause Young (Normal) (G1 Evacuation Pause) 325M->14M(512M) 0.779ms
[2026-05-27T11:23:31.091+0530][12.347s][info][gc,cpu      ] GC(299) User=0.00s Sys=0.00s Real=0.00s
[2026-05-27T11:23:31.136+0530][12.392s][info][gc,start    ] GC(300) Pause Young (Normal) (G1 Evacuation Pause)
[2026-05-27T11:23:31.136+0530][12.392s][info][gc,task     ] GC(300) Using 9 workers of 9 for evacuation
[2026-05-27T11:23:31.137+0530][12.393s][info][gc,phases   ] GC(300)   Pre Evacuate Collection Set: 0.07ms
[2026-05-27T11:23:31.137+0530][12.393s][info][gc,phases   ] GC(300)   Merge Heap Roots: 0.08ms
[2026-05-27T11:23:31.137+0530][12.393s][info][gc,phases   ] GC(300)   Evacuate Collection Set: 0.33ms
[2026-05-27T11:23:31.137+0530][12.393s][info][gc,phases   ] GC(300)   Post Evacuate Collection Set: 0.20ms
[2026-05-27T11:23:31.137+0530][12.393s][info][gc,phases   ] GC(300)   Other: 0.12ms
[2026-05-27T11:23:31.137+0530][12.393s][info][gc,heap     ] GC(300) Eden regions: 302->0(305)
[2026-05-27T11:23:31.137+0530][12.393s][info][gc,heap     ] GC(300) Survivor regions: 5->2(39)
[2026-05-27T11:23:31.137+0530][12.393s][info][gc,heap     ] GC(300) Old regions: 10->10
[2026-05-27T11:23:31.137+0530][12.393s][info][gc,heap     ] GC(300) Archive regions: 2->2
[2026-05-27T11:23:31.137+0530][12.393s][info][gc,heap     ] GC(300) Humongous regions: 0->0
[2026-05-27T11:23:31.137+0530][12.393s][info][gc,metaspace] GC(300) Metaspace: 1745K(2048K)->1745K(2048K) NonClass: 1568K(1728K)->1568K(1728K) Class: 177K(320K)->177K(320K)
[2026-05-27T11:23:31.137+0530][12.393s][info][gc          ] GC(300) Pause Young (Normal) (G1 Evacuation Pause) 316M->11M(512M) 0.879ms
[2026-05-27T11:23:31.137+0530][12.393s][info][gc,cpu      ] GC(300) User=0.00s Sys=0.00s Real=0.00s
[2026-05-27T11:23:31.178+0530][12.434s][info][gc,start    ] GC(301) Pause Young (Normal) (G1 Evacuation Pause)
[2026-05-27T11:23:31.178+0530][12.434s][info][gc,task     ] GC(301) Using 9 workers of 9 for evacuation
[2026-05-27T11:23:31.179+0530][12.435s][info][gc,phases   ] GC(301)   Pre Evacuate Collection Set: 0.09ms
[2026-05-27T11:23:31.179+0530][12.435s][info][gc,phases   ] GC(301)   Merge Heap Roots: 0.04ms
[2026-05-27T11:23:31.179+0530][12.435s][info][gc,phases   ] GC(301)   Evacuate Collection Set: 0.17ms
[2026-05-27T11:23:31.179+0530][12.435s][info][gc,phases   ] GC(301)   Post Evacuate Collection Set: 0.19ms
[2026-05-27T11:23:31.179+0530][12.435s][info][gc,phases   ] GC(301)   Other: 0.10ms
[2026-05-27T11:23:31.179+0530][12.435s][info][gc,heap     ] GC(301) Eden regions: 305->0(306)
[2026-05-27T11:23:31.179+0530][12.435s][info][gc,heap     ] GC(301) Survivor regions: 2->1(39)
[2026-05-27T11:23:31.179+0530][12.435s][info][gc,heap     ] GC(301) Old regions: 10->10
[2026-05-27T11:23:31.179+0530][12.435s][info][gc,heap     ] GC(301) Archive regions: 2->2
[2026-05-27T11:23:31.179+0530][12.435s][info][gc,heap     ] GC(301) Humongous regions: 0->0
[2026-05-27T11:23:31.179+0530][12.435s][info][gc,metaspace] GC(301) Metaspace: 1745K(2048K)->1745K(2048K) NonClass: 1568K(1728K)->1568K(1728K) Class: 177K(320K)->177K(320K)
[2026-05-27T11:23:31.179+0530][12.435s][info][gc          ] GC(301) Pause Young (Normal) (G1 Evacuation Pause) 316M->10M(512M) 0.674ms
[2026-05-27T11:23:31.179+0530][12.435s][info][gc,cpu      ] GC(301) User=0.00s Sys=0.00s Real=0.00s
[2026-05-27T11:23:31.221+0530][12.477s][info][gc,start    ] GC(302) Pause Young (Normal) (G1 Evacuation Pause)
[2026-05-27T11:23:31.221+0530][12.477s][info][gc,task     ] GC(302) Using 9 workers of 9 for evacuation
[2026-05-27T11:23:31.222+0530][12.478s][info][gc,phases   ] GC(302)   Pre Evacuate Collection Set: 0.06ms
[2026-05-27T11:23:31.222+0530][12.478s][info][gc,phases   ] GC(302)   Merge Heap Roots: 0.09ms
[2026-05-27T11:23:31.222+0530][12.478s][info][gc,phases   ] GC(302)   Evacuate Collection Set: 0.28ms
[2026-05-27T11:23:31.222+0530][12.478s][info][gc,phases   ] GC(302)   Post Evacuate Collection Set: 0.21ms
[2026-05-27T11:23:31.222+0530][12.478s][info][gc,phases   ] GC(302)   Other: 0.10ms
[2026-05-27T11:23:31.222+0530][12.478s][info][gc,heap     ] GC(302) Eden regions: 306->0(302)
[2026-05-27T11:23:31.222+0530][12.478s][info][gc,heap     ] GC(302) Survivor regions: 1->5(39)
[2026-05-27T11:23:31.222+0530][12.478s][info][gc,heap     ] GC(302) Old regions: 10->10
[2026-05-27T11:23:31.222+0530][12.478s][info][gc,heap     ] GC(302) Archive regions: 2->2
[2026-05-27T11:23:31.222+0530][12.478s][info][gc,heap     ] GC(302) Humongous regions: 9->0
[2026-05-27T11:23:31.222+0530][12.478s][info][gc,metaspace] GC(302) Metaspace: 1745K(2048K)->1745K(2048K) NonClass: 1568K(1728K)->1568K(1728K) Class: 177K(320K)->177K(320K)
[2026-05-27T11:23:31.222+0530][12.478s][info][gc          ] GC(302) Pause Young (Normal) (G1 Evacuation Pause) 325M->14M(512M) 0.805ms
[2026-05-27T11:23:31.222+0530][12.478s][info][gc,cpu      ] GC(302) User=0.00s Sys=0.00s Real=0.00s
[2026-05-27T11:23:31.260+0530][12.516s][info][gc,start    ] GC(303) Pause Young (Normal) (G1 Evacuation Pause)
[2026-05-27T11:23:31.260+0530][12.516s][info][gc,task     ] GC(303) Using 9 workers of 9 for evacuation
[2026-05-27T11:23:31.261+0530][12.517s][info][gc,phases   ] GC(303)   Pre Evacuate Collection Set: 0.13ms
[2026-05-27T11:23:31.261+0530][12.517s][info][gc,phases   ] GC(303)   Merge Heap Roots: 0.07ms
[2026-05-27T11:23:31.261+0530][12.517s][info][gc,phases   ] GC(303)   Evacuate Collection Set: 0.29ms
[2026-05-27T11:23:31.261+0530][12.517s][info][gc,phases   ] GC(303)   Post Evacuate Collection Set: 0.24ms
[2026-05-27T11:23:31.261+0530][12.517s][info][gc,phases   ] GC(303)   Other: 0.14ms
[2026-05-27T11:23:31.261+0530][12.517s][info][gc,heap     ] GC(303) Eden regions: 302->0(301)
[2026-05-27T11:23:31.261+0530][12.517s][info][gc,heap     ] GC(303) Survivor regions: 5->6(39)
[2026-05-27T11:23:31.261+0530][12.517s][info][gc,heap     ] GC(303) Old regions: 10->10
[2026-05-27T11:23:31.261+0530][12.517s][info][gc,heap     ] GC(303) Archive regions: 2->2
[2026-05-27T11:23:31.261+0530][12.517s][info][gc,heap     ] GC(303) Humongous regions: 0->0
[2026-05-27T11:23:31.261+0530][12.517s][info][gc,metaspace] GC(303) Metaspace: 1745K(2048K)->1745K(2048K) NonClass: 1568K(1728K)->1568K(1728K) Class: 177K(320K)->177K(320K)
[2026-05-27T11:23:31.261+0530][12.517s][info][gc          ] GC(303) Pause Young (Normal) (G1 Evacuation Pause) 316M->15M(512M) 0.904ms
[2026-05-27T11:23:31.261+0530][12.517s][info][gc,cpu      ] GC(303) User=0.00s Sys=0.00s Real=0.00s
[2026-05-27T11:23:31.301+0530][12.557s][info][gc,start    ] GC(304) Pause Young (Normal) (G1 Evacuation Pause)
[2026-05-27T11:23:31.301+0530][12.557s][info][gc,task     ] GC(304) Using 9 workers of 9 for evacuation
[2026-05-27T11:23:31.301+0530][12.558s][info][gc,phases   ] GC(304)   Pre Evacuate Collection Set: 0.13ms
[2026-05-27T11:23:31.302+0530][12.558s][info][gc,phases   ] GC(304)   Merge Heap Roots: 0.05ms
[2026-05-27T11:23:31.302+0530][12.558s][info][gc,phases   ] GC(304)   Evacuate Collection Set: 0.37ms
[2026-05-27T11:23:31.302+0530][12.558s][info][gc,phases   ] GC(304)   Post Evacuate Collection Set: 0.18ms
[2026-05-27T11:23:31.302+0530][12.558s][info][gc,phases   ] GC(304)   Other: 0.13ms
[2026-05-27T11:23:31.302+0530][12.558s][info][gc,heap     ] GC(304) Eden regions: 301->0(301)
[2026-05-27T11:23:31.302+0530][12.558s][info][gc,heap     ] GC(304) Survivor regions: 6->6(39)
[2026-05-27T11:23:31.302+0530][12.558s][info][gc,heap     ] GC(304) Old regions: 10->10
[2026-05-27T11:23:31.302+0530][12.558s][info][gc,heap     ] GC(304) Archive regions: 2->2
[2026-05-27T11:23:31.302+0530][12.558s][info][gc,heap     ] GC(304) Humongous regions: 0->0
[2026-05-27T11:23:31.302+0530][12.558s][info][gc,metaspace] GC(304) Metaspace: 1745K(2048K)->1745K(2048K) NonClass: 1568K(1728K)->1568K(1728K) Class: 177K(320K)->177K(320K)
[2026-05-27T11:23:31.302+0530][12.558s][info][gc          ] GC(304) Pause Young (Normal) (G1 Evacuation Pause) 316M->16M(512M) 0.943ms
[2026-05-27T11:23:31.302+0530][12.558s][info][gc,cpu      ] GC(304) User=0.00s Sys=0.00s Real=0.00s
[2026-05-27T11:23:31.343+0530][12.599s][info][gc,start    ] GC(305) Pause Young (Normal) (G1 Evacuation Pause)
[2026-05-27T11:23:31.343+0530][12.599s][info][gc,task     ] GC(305) Using 9 workers of 9 for evacuation
[2026-05-27T11:23:31.344+0530][12.600s][info][gc,phases   ] GC(305)   Pre Evacuate Collection Set: 0.10ms
[2026-05-27T11:23:31.344+0530][12.600s][info][gc,phases   ] GC(305)   Merge Heap Roots: 0.06ms
[2026-05-27T11:23:31.344+0530][12.600s][info][gc,phases   ] GC(305)   Evacuate Collection Set: 0.33ms
[2026-05-27T11:23:31.344+0530][12.600s][info][gc,phases   ] GC(305)   Post Evacuate Collection Set: 0.18ms
[2026-05-27T11:23:31.344+0530][12.600s][info][gc,phases   ] GC(305)   Other: 0.14ms
[2026-05-27T11:23:31.344+0530][12.600s][info][gc,heap     ] GC(305) Eden regions: 301->0(300)
[2026-05-27T11:23:31.344+0530][12.600s][info][gc,heap     ] GC(305) Survivor regions: 6->7(39)
[2026-05-27T11:23:31.344+0530][12.600s][info][gc,heap     ] GC(305) Old regions: 10->10
[2026-05-27T11:23:31.344+0530][12.600s][info][gc,heap     ] GC(305) Archive regions: 2->2
[2026-05-27T11:23:31.344+0530][12.600s][info][gc,heap     ] GC(305) Humongous regions: 0->0
[2026-05-27T11:23:31.344+0530][12.600s][info][gc,metaspace] GC(305) Metaspace: 1745K(2048K)->1745K(2048K) NonClass: 1568K(1728K)->1568K(1728K) Class: 177K(320K)->177K(320K)
[2026-05-27T11:23:31.344+0530][12.600s][info][gc          ] GC(305) Pause Young (Normal) (G1 Evacuation Pause) 316M->16M(512M) 0.839ms
[2026-05-27T11:23:31.344+0530][12.600s][info][gc,cpu      ] GC(305) User=0.00s Sys=0.00s Real=0.00s
[2026-05-27T11:23:31.383+0530][12.639s][info][gc,start    ] GC(306) Pause Young (Normal) (G1 Evacuation Pause)
[2026-05-27T11:23:31.383+0530][12.639s][info][gc,task     ] GC(306) Using 9 workers of 9 for evacuation
[2026-05-27T11:23:31.384+0530][12.640s][info][gc,phases   ] GC(306)   Pre Evacuate Collection Set: 0.13ms
[2026-05-27T11:23:31.384+0530][12.640s][info][gc,phases   ] GC(306)   Merge Heap Roots: 0.04ms
[2026-05-27T11:23:31.384+0530][12.640s][info][gc,phases   ] GC(306)   Evacuate Collection Set: 0.25ms
[2026-05-27T11:23:31.384+0530][12.640s][info][gc,phases   ] GC(306)   Post Evacuate Collection Set: 0.17ms
[2026-05-27T11:23:31.384+0530][12.640s][info][gc,phases   ] GC(306)   Other: 0.10ms
[2026-05-27T11:23:31.384+0530][12.640s][info][gc,heap     ] GC(306) Eden regions: 300->0(306)
[2026-05-27T11:23:31.384+0530][12.640s][info][gc,heap     ] GC(306) Survivor regions: 7->1(39)
[2026-05-27T11:23:31.384+0530][12.640s][info][gc,heap     ] GC(306) Old regions: 10->10
[2026-05-27T11:23:31.384+0530][12.640s][info][gc,heap     ] GC(306) Archive regions: 2->2
[2026-05-27T11:23:31.384+0530][12.640s][info][gc,heap     ] GC(306) Humongous regions: 0->0
[2026-05-27T11:23:31.384+0530][12.640s][info][gc,metaspace] GC(306) Metaspace: 1745K(2048K)->1745K(2048K) NonClass: 1568K(1728K)->1568K(1728K) Class: 177K(320K)->177K(320K)
[2026-05-27T11:23:31.384+0530][12.640s][info][gc          ] GC(306) Pause Young (Normal) (G1 Evacuation Pause) 316M->10M(512M) 0.759ms
[2026-05-27T11:23:31.384+0530][12.640s][info][gc,cpu      ] GC(306) User=0.00s Sys=0.00s Real=0.00s
[2026-05-27T11:23:31.424+0530][12.680s][info][gc,start    ] GC(307) Pause Young (Normal) (G1 Evacuation Pause)
[2026-05-27T11:23:31.424+0530][12.680s][info][gc,task     ] GC(307) Using 9 workers of 9 for evacuation
[2026-05-27T11:23:31.425+0530][12.681s][info][gc,phases   ] GC(307)   Pre Evacuate Collection Set: 0.07ms
[2026-05-27T11:23:31.425+0530][12.681s][info][gc,phases   ] GC(307)   Merge Heap Roots: 0.05ms
[2026-05-27T11:23:31.425+0530][12.681s][info][gc,phases   ] GC(307)   Evacuate Collection Set: 0.35ms
[2026-05-27T11:23:31.425+0530][12.681s][info][gc,phases   ] GC(307)   Post Evacuate Collection Set: 0.17ms
[2026-05-27T11:23:31.425+0530][12.681s][info][gc,phases   ] GC(307)   Other: 0.15ms
[2026-05-27T11:23:31.425+0530][12.681s][info][gc,heap     ] GC(307) Eden regions: 306->0(302)
[2026-05-27T11:23:31.425+0530][12.681s][info][gc,heap     ] GC(307) Survivor regions: 1->5(39)
[2026-05-27T11:23:31.425+0530][12.681s][info][gc,heap     ] GC(307) Old regions: 10->10
[2026-05-27T11:23:31.425+0530][12.681s][info][gc,heap     ] GC(307) Archive regions: 2->2
[2026-05-27T11:23:31.425+0530][12.681s][info][gc,heap     ] GC(307) Humongous regions: 0->0
[2026-05-27T11:23:31.425+0530][12.681s][info][gc,metaspace] GC(307) Metaspace: 1745K(2048K)->1745K(2048K) NonClass: 1568K(1728K)->1568K(1728K) Class: 177K(320K)->177K(320K)
[2026-05-27T11:23:31.425+0530][12.681s][info][gc          ] GC(307) Pause Young (Normal) (G1 Evacuation Pause) 316M->15M(512M) 0.860ms
[2026-05-27T11:23:31.425+0530][12.681s][info][gc,cpu      ] GC(307) User=0.00s Sys=0.00s Real=0.00s
[2026-05-27T11:23:31.464+0530][12.720s][info][gc,start    ] GC(308) Pause Young (Normal) (G1 Evacuation Pause)
[2026-05-27T11:23:31.464+0530][12.720s][info][gc,task     ] GC(308) Using 9 workers of 9 for evacuation
[2026-05-27T11:23:31.465+0530][12.721s][info][gc,phases   ] GC(308)   Pre Evacuate Collection Set: 0.10ms
[2026-05-27T11:23:31.465+0530][12.721s][info][gc,phases   ] GC(308)   Merge Heap Roots: 0.05ms
[2026-05-27T11:23:31.465+0530][12.721s][info][gc,phases   ] GC(308)   Evacuate Collection Set: 0.21ms
[2026-05-27T11:23:31.465+0530][12.721s][info][gc,phases   ] GC(308)   Post Evacuate Collection Set: 0.18ms
[2026-05-27T11:23:31.465+0530][12.721s][info][gc,phases   ] GC(308)   Other: 0.10ms
[2026-05-27T11:23:31.465+0530][12.721s][info][gc,heap     ] GC(308) Eden regions: 302->0(306)
[2026-05-27T11:23:31.465+0530][12.721s][info][gc,heap     ] GC(308) Survivor regions: 5->1(39)
[2026-05-27T11:23:31.465+0530][12.721s][info][gc,heap     ] GC(308) Old regions: 10->10
[2026-05-27T11:23:31.465+0530][12.721s][info][gc,heap     ] GC(308) Archive regions: 2->2
[2026-05-27T11:23:31.465+0530][12.721s][info][gc,heap     ] GC(308) Humongous regions: 0->0
[2026-05-27T11:23:31.465+0530][12.721s][info][gc,metaspace] GC(308) Metaspace: 1745K(2048K)->1745K(2048K) NonClass: 1568K(1728K)->1568K(1728K) Class: 177K(320K)->177K(320K)
[2026-05-27T11:23:31.465+0530][12.721s][info][gc          ] GC(308) Pause Young (Normal) (G1 Evacuation Pause) 317M->10M(512M) 0.719ms
[2026-05-27T11:23:31.465+0530][12.721s][info][gc,cpu      ] GC(308) User=0.01s Sys=0.00s Real=0.00s
[2026-05-27T11:23:31.506+0530][12.763s][info][gc,start    ] GC(309) Pause Young (Normal) (G1 Evacuation Pause)
[2026-05-27T11:23:31.506+0530][12.763s][info][gc,task     ] GC(309) Using 9 workers of 9 for evacuation
[2026-05-27T11:23:31.507+0530][12.763s][info][gc,phases   ] GC(309)   Pre Evacuate Collection Set: 0.12ms
[2026-05-27T11:23:31.507+0530][12.763s][info][gc,phases   ] GC(309)   Merge Heap Roots: 0.12ms
[2026-05-27T11:23:31.507+0530][12.763s][info][gc,phases   ] GC(309)   Evacuate Collection Set: 0.28ms
[2026-05-27T11:23:31.507+0530][12.763s][info][gc,phases   ] GC(309)   Post Evacuate Collection Set: 0.20ms
[2026-05-27T11:23:31.507+0530][12.763s][info][gc,phases   ] GC(309)   Other: 0.11ms
[2026-05-27T11:23:31.507+0530][12.763s][info][gc,heap     ] GC(309) Eden regions: 306->0(303)
[2026-05-27T11:23:31.507+0530][12.763s][info][gc,heap     ] GC(309) Survivor regions: 1->4(39)
[2026-05-27T11:23:31.507+0530][12.763s][info][gc,heap     ] GC(309) Old regions: 10->10
[2026-05-27T11:23:31.507+0530][12.763s][info][gc,heap     ] GC(309) Archive regions: 2->2
[2026-05-27T11:23:31.507+0530][12.763s][info][gc,heap     ] GC(309) Humongous regions: 0->0
[2026-05-27T11:23:31.507+0530][12.763s][info][gc,metaspace] GC(309) Metaspace: 1745K(2048K)->1745K(2048K) NonClass: 1568K(1728K)->1568K(1728K) Class: 177K(320K)->177K(320K)
[2026-05-27T11:23:31.507+0530][12.763s][info][gc          ] GC(309) Pause Young (Normal) (G1 Evacuation Pause) 316M->13M(512M) 0.894ms
[2026-05-27T11:23:31.507+0530][12.763s][info][gc,cpu      ] GC(309) User=0.00s Sys=0.00s Real=0.00s
[2026-05-27T11:23:31.548+0530][12.804s][info][gc,start    ] GC(310) Pause Young (Normal) (G1 Evacuation Pause)
[2026-05-27T11:23:31.548+0530][12.804s][info][gc,task     ] GC(310) Using 9 workers of 9 for evacuation
[2026-05-27T11:23:31.549+0530][12.805s][info][gc,phases   ] GC(310)   Pre Evacuate Collection Set: 0.08ms
[2026-05-27T11:23:31.549+0530][12.805s][info][gc,phases   ] GC(310)   Merge Heap Roots: 0.04ms
[2026-05-27T11:23:31.549+0530][12.805s][info][gc,phases   ] GC(310)   Evacuate Collection Set: 0.39ms
[2026-05-27T11:23:31.549+0530][12.805s][info][gc,phases   ] GC(310)   Post Evacuate Collection Set: 0.21ms
[2026-05-27T11:23:31.549+0530][12.805s][info][gc,phases   ] GC(310)   Other: 0.11ms
[2026-05-27T11:23:31.549+0530][12.805s][info][gc,heap     ] GC(310) Eden regions: 303->0(300)
[2026-05-27T11:23:31.549+0530][12.805s][info][gc,heap     ] GC(310) Survivor regions: 4->7(39)
[2026-05-27T11:23:31.549+0530][12.805s][info][gc,heap     ] GC(310) Old regions: 10->10
[2026-05-27T11:23:31.549+0530][12.805s][info][gc,heap     ] GC(310) Archive regions: 2->2
[2026-05-27T11:23:31.549+0530][12.805s][info][gc,heap     ] GC(310) Humongous regions: 0->0
[2026-05-27T11:23:31.549+0530][12.805s][info][gc,metaspace] GC(310) Metaspace: 1745K(2048K)->1745K(2048K) NonClass: 1568K(1728K)->1568K(1728K) Class: 177K(320K)->177K(320K)
[2026-05-27T11:23:31.549+0530][12.805s][info][gc          ] GC(310) Pause Young (Normal) (G1 Evacuation Pause) 316M->16M(512M) 0.919ms
[2026-05-27T11:23:31.549+0530][12.805s][info][gc,cpu      ] GC(310) User=0.00s Sys=0.00s Real=0.00s
[2026-05-27T11:23:31.590+0530][12.846s][info][gc,start    ] GC(311) Pause Young (Normal) (G1 Evacuation Pause)
[2026-05-27T11:23:31.590+0530][12.846s][info][gc,task     ] GC(311) Using 9 workers of 9 for evacuation
[2026-05-27T11:23:31.591+0530][12.847s][info][gc,phases   ] GC(311)   Pre Evacuate Collection Set: 0.08ms
[2026-05-27T11:23:31.591+0530][12.847s][info][gc,phases   ] GC(311)   Merge Heap Roots: 0.12ms
[2026-05-27T11:23:31.591+0530][12.847s][info][gc,phases   ] GC(311)   Evacuate Collection Set: 0.37ms
[2026-05-27T11:23:31.591+0530][12.847s][info][gc,phases   ] GC(311)   Post Evacuate Collection Set: 0.23ms
[2026-05-27T11:23:31.591+0530][12.847s][info][gc,phases   ] GC(311)   Other: 0.12ms
[2026-05-27T11:23:31.591+0530][12.847s][info][gc,heap     ] GC(311) Eden regions: 300->0(301)
[2026-05-27T11:23:31.591+0530][12.847s][info][gc,heap     ] GC(311) Survivor regions: 7->6(39)
[2026-05-27T11:23:31.591+0530][12.847s][info][gc,heap     ] GC(311) Old regions: 10->10
[2026-05-27T11:23:31.591+0530][12.847s][info][gc,heap     ] GC(311) Archive regions: 2->2
[2026-05-27T11:23:31.591+0530][12.847s][info][gc,heap     ] GC(311) Humongous regions: 0->0
[2026-05-27T11:23:31.591+0530][12.847s][info][gc,metaspace] GC(311) Metaspace: 1745K(2048K)->1745K(2048K) NonClass: 1568K(1728K)->1568K(1728K) Class: 177K(320K)->177K(320K)
[2026-05-27T11:23:31.591+0530][12.847s][info][gc          ] GC(311) Pause Young (Normal) (G1 Evacuation Pause) 316M->16M(512M) 1.024ms
[2026-05-27T11:23:31.591+0530][12.847s][info][gc,cpu      ] GC(311) User=0.00s Sys=0.00s Real=0.00s
[2026-05-27T11:23:31.634+0530][12.890s][info][gc,start    ] GC(312) Pause Young (Normal) (G1 Evacuation Pause)
[2026-05-27T11:23:31.634+0530][12.891s][info][gc,task     ] GC(312) Using 9 workers of 9 for evacuation
[2026-05-27T11:23:31.635+0530][12.892s][info][gc,phases   ] GC(312)   Pre Evacuate Collection Set: 0.07ms
[2026-05-27T11:23:31.636+0530][12.892s][info][gc,phases   ] GC(312)   Merge Heap Roots: 0.07ms
[2026-05-27T11:23:31.636+0530][12.892s][info][gc,phases   ] GC(312)   Evacuate Collection Set: 0.53ms
[2026-05-27T11:23:31.636+0530][12.892s][info][gc,phases   ] GC(312)   Post Evacuate Collection Set: 0.36ms
[2026-05-27T11:23:31.636+0530][12.892s][info][gc,phases   ] GC(312)   Other: 0.20ms
[2026-05-27T11:23:31.636+0530][12.892s][info][gc,heap     ] GC(312) Eden regions: 301->0(302)
[2026-05-27T11:23:31.636+0530][12.892s][info][gc,heap     ] GC(312) Survivor regions: 6->5(39)
[2026-05-27T11:23:31.636+0530][12.892s][info][gc,heap     ] GC(312) Old regions: 10->10
[2026-05-27T11:23:31.636+0530][12.892s][info][gc,heap     ] GC(312) Archive regions: 2->2
[2026-05-27T11:23:31.636+0530][12.892s][info][gc,heap     ] GC(312) Humongous regions: 9->0
[2026-05-27T11:23:31.636+0530][12.892s][info][gc,metaspace] GC(312) Metaspace: 1745K(2048K)->1745K(2048K) NonClass: 1568K(1728K)->1568K(1728K) Class: 177K(320K)->177K(320K)
[2026-05-27T11:23:31.636+0530][12.892s][info][gc          ] GC(312) Pause Young (Normal) (G1 Evacuation Pause) 325M->14M(512M) 1.319ms
[2026-05-27T11:23:31.636+0530][12.892s][info][gc,cpu      ] GC(312) User=0.00s Sys=0.00s Real=0.00s
[2026-05-27T11:23:31.674+0530][12.930s][info][gc,start    ] GC(313) Pause Young (Normal) (G1 Evacuation Pause)
[2026-05-27T11:23:31.674+0530][12.930s][info][gc,task     ] GC(313) Using 9 workers of 9 for evacuation
[2026-05-27T11:23:31.674+0530][12.930s][info][gc,phases   ] GC(313)   Pre Evacuate Collection Set: 0.09ms
[2026-05-27T11:23:31.674+0530][12.930s][info][gc,phases   ] GC(313)   Merge Heap Roots: 0.05ms
[2026-05-27T11:23:31.674+0530][12.930s][info][gc,phases   ] GC(313)   Evacuate Collection Set: 0.25ms
[2026-05-27T11:23:31.674+0530][12.930s][info][gc,phases   ] GC(313)   Post Evacuate Collection Set: 0.19ms
[2026-05-27T11:23:31.674+0530][12.930s][info][gc,phases   ] GC(313)   Other: 0.11ms
[2026-05-27T11:23:31.674+0530][12.930s][info][gc,heap     ] GC(313) Eden regions: 302->0(301)
[2026-05-27T11:23:31.674+0530][12.930s][info][gc,heap     ] GC(313) Survivor regions: 5->6(39)
[2026-05-27T11:23:31.674+0530][12.930s][info][gc,heap     ] GC(313) Old regions: 10->10
[2026-05-27T11:23:31.674+0530][12.930s][info][gc,heap     ] GC(313) Archive regions: 2->2
[2026-05-27T11:23:31.674+0530][12.930s][info][gc,heap     ] GC(313) Humongous regions: 0->0
[2026-05-27T11:23:31.674+0530][12.930s][info][gc,metaspace] GC(313) Metaspace: 1745K(2048K)->1745K(2048K) NonClass: 1568K(1728K)->1568K(1728K) Class: 177K(320K)->177K(320K)
[2026-05-27T11:23:31.674+0530][12.930s][info][gc          ] GC(313) Pause Young (Normal) (G1 Evacuation Pause) 316M->15M(512M) 0.756ms
[2026-05-27T11:23:31.674+0530][12.930s][info][gc,cpu      ] GC(313) User=0.01s Sys=0.00s Real=0.00s
[2026-05-27T11:23:31.715+0530][12.971s][info][gc,start    ] GC(314) Pause Young (Normal) (G1 Evacuation Pause)
[2026-05-27T11:23:31.715+0530][12.971s][info][gc,task     ] GC(314) Using 9 workers of 9 for evacuation
[2026-05-27T11:23:31.716+0530][12.972s][info][gc,phases   ] GC(314)   Pre Evacuate Collection Set: 0.16ms
[2026-05-27T11:23:31.716+0530][12.972s][info][gc,phases   ] GC(314)   Merge Heap Roots: 0.06ms
[2026-05-27T11:23:31.716+0530][12.972s][info][gc,phases   ] GC(314)   Evacuate Collection Set: 0.31ms
[2026-05-27T11:23:31.716+0530][12.972s][info][gc,phases   ] GC(314)   Post Evacuate Collection Set: 0.19ms
[2026-05-27T11:23:31.716+0530][12.972s][info][gc,phases   ] GC(314)   Other: 0.13ms
[2026-05-27T11:23:31.716+0530][12.972s][info][gc,heap     ] GC(314) Eden regions: 301->0(301)
[2026-05-27T11:23:31.716+0530][12.972s][info][gc,heap     ] GC(314) Survivor regions: 6->6(39)
[2026-05-27T11:23:31.716+0530][12.972s][info][gc,heap     ] GC(314) Old regions: 10->10
[2026-05-27T11:23:31.716+0530][12.972s][info][gc,heap     ] GC(314) Archive regions: 2->2
[2026-05-27T11:23:31.716+0530][12.972s][info][gc,heap     ] GC(314) Humongous regions: 0->0
[2026-05-27T11:23:31.716+0530][12.972s][info][gc,metaspace] GC(314) Metaspace: 1745K(2048K)->1745K(2048K) NonClass: 1568K(1728K)->1568K(1728K) Class: 177K(320K)->177K(320K)
[2026-05-27T11:23:31.716+0530][12.972s][info][gc          ] GC(314) Pause Young (Normal) (G1 Evacuation Pause) 316M->15M(512M) 0.931ms
[2026-05-27T11:23:31.716+0530][12.972s][info][gc,cpu      ] GC(314) User=0.00s Sys=0.00s Real=0.00s
[2026-05-27T11:23:31.757+0530][13.013s][info][gc,start    ] GC(315) Pause Young (Normal) (G1 Evacuation Pause)
[2026-05-27T11:23:31.757+0530][13.013s][info][gc,task     ] GC(315) Using 9 workers of 9 for evacuation
[2026-05-27T11:23:31.757+0530][13.014s][info][gc,phases   ] GC(315)   Pre Evacuate Collection Set: 0.09ms
[2026-05-27T11:23:31.757+0530][13.014s][info][gc,phases   ] GC(315)   Merge Heap Roots: 0.09ms
[2026-05-27T11:23:31.757+0530][13.014s][info][gc,phases   ] GC(315)   Evacuate Collection Set: 0.29ms
[2026-05-27T11:23:31.757+0530][13.014s][info][gc,phases   ] GC(315)   Post Evacuate Collection Set: 0.22ms
[2026-05-27T11:23:31.757+0530][13.014s][info][gc,phases   ] GC(315)   Other: 0.14ms
[2026-05-27T11:23:31.757+0530][13.014s][info][gc,heap     ] GC(315) Eden regions: 301->0(301)
[2026-05-27T11:23:31.757+0530][13.014s][info][gc,heap     ] GC(315) Survivor regions: 6->6(39)
[2026-05-27T11:23:31.757+0530][13.014s][info][gc,heap     ] GC(315) Old regions: 10->10
[2026-05-27T11:23:31.757+0530][13.014s][info][gc,heap     ] GC(315) Archive regions: 2->2
[2026-05-27T11:23:31.757+0530][13.014s][info][gc,heap     ] GC(315) Humongous regions: 0->0
[2026-05-27T11:23:31.757+0530][13.014s][info][gc,metaspace] GC(315) Metaspace: 1745K(2048K)->1745K(2048K) NonClass: 1568K(1728K)->1568K(1728K) Class: 177K(320K)->177K(320K)
[2026-05-27T11:23:31.757+0530][13.014s][info][gc          ] GC(315) Pause Young (Normal) (G1 Evacuation Pause) 316M->15M(512M) 0.918ms
[2026-05-27T11:23:31.757+0530][13.014s][info][gc,cpu      ] GC(315) User=0.00s Sys=0.00s Real=0.00s
[2026-05-27T11:23:31.800+0530][13.056s][info][gc,start    ] GC(316) Pause Young (Normal) (G1 Evacuation Pause)
[2026-05-27T11:23:31.800+0530][13.056s][info][gc,task     ] GC(316) Using 9 workers of 9 for evacuation
[2026-05-27T11:23:31.801+0530][13.057s][info][gc,phases   ] GC(316)   Pre Evacuate Collection Set: 0.11ms
[2026-05-27T11:23:31.801+0530][13.057s][info][gc,phases   ] GC(316)   Merge Heap Roots: 0.08ms
[2026-05-27T11:23:31.801+0530][13.057s][info][gc,phases   ] GC(316)   Evacuate Collection Set: 0.35ms
[2026-05-27T11:23:31.801+0530][13.057s][info][gc,phases   ] GC(316)   Post Evacuate Collection Set: 0.24ms
[2026-05-27T11:23:31.801+0530][13.057s][info][gc,phases   ] GC(316)   Other: 0.12ms
[2026-05-27T11:23:31.801+0530][13.057s][info][gc,heap     ] GC(316) Eden regions: 301->0(305)
[2026-05-27T11:23:31.801+0530][13.057s][info][gc,heap     ] GC(316) Survivor regions: 6->2(39)
[2026-05-27T11:23:31.801+0530][13.057s][info][gc,heap     ] GC(316) Old regions: 10->10
[2026-05-27T11:23:31.801+0530][13.057s][info][gc,heap     ] GC(316) Archive regions: 2->2
[2026-05-27T11:23:31.801+0530][13.057s][info][gc,heap     ] GC(316) Humongous regions: 0->0
[2026-05-27T11:23:31.801+0530][13.057s][info][gc,metaspace] GC(316) Metaspace: 1745K(2048K)->1745K(2048K) NonClass: 1568K(1728K)->1568K(1728K) Class: 177K(320K)->177K(320K)
[2026-05-27T11:23:31.801+0530][13.057s][info][gc          ] GC(316) Pause Young (Normal) (G1 Evacuation Pause) 316M->11M(512M) 0.956ms
[2026-05-27T11:23:31.801+0530][13.057s][info][gc,cpu      ] GC(316) User=0.00s Sys=0.00s Real=0.00s
[2026-05-27T11:23:31.839+0530][13.096s][info][gc,start    ] GC(317) Pause Young (Normal) (G1 Evacuation Pause)
[2026-05-27T11:23:31.839+0530][13.096s][info][gc,task     ] GC(317) Using 9 workers of 9 for evacuation
[2026-05-27T11:23:31.840+0530][13.096s][info][gc,phases   ] GC(317)   Pre Evacuate Collection Set: 0.07ms
[2026-05-27T11:23:31.840+0530][13.096s][info][gc,phases   ] GC(317)   Merge Heap Roots: 0.05ms
[2026-05-27T11:23:31.840+0530][13.096s][info][gc,phases   ] GC(317)   Evacuate Collection Set: 0.29ms
[2026-05-27T11:23:31.840+0530][13.096s][info][gc,phases   ] GC(317)   Post Evacuate Collection Set: 0.21ms
[2026-05-27T11:23:31.840+0530][13.096s][info][gc,phases   ] GC(317)   Other: 0.10ms
[2026-05-27T11:23:31.840+0530][13.096s][info][gc,heap     ] GC(317) Eden regions: 305->0(303)
[2026-05-27T11:23:31.840+0530][13.096s][info][gc,heap     ] GC(317) Survivor regions: 2->4(39)
[2026-05-27T11:23:31.840+0530][13.096s][info][gc,heap     ] GC(317) Old regions: 10->10
[2026-05-27T11:23:31.840+0530][13.096s][info][gc,heap     ] GC(317) Archive regions: 2->2
[2026-05-27T11:23:31.840+0530][13.096s][info][gc,heap     ] GC(317) Humongous regions: 0->0
[2026-05-27T11:23:31.840+0530][13.096s][info][gc,metaspace] GC(317) Metaspace: 1745K(2048K)->1745K(2048K) NonClass: 1568K(1728K)->1568K(1728K) Class: 177K(320K)->177K(320K)
[2026-05-27T11:23:31.840+0530][13.096s][info][gc          ] GC(317) Pause Young (Normal) (G1 Evacuation Pause) 316M->13M(512M) 0.792ms
[2026-05-27T11:23:31.840+0530][13.096s][info][gc,cpu      ] GC(317) User=0.00s Sys=0.00s Real=0.01s
[2026-05-27T11:23:31.885+0530][13.142s][info][gc,start    ] GC(318) Pause Young (Normal) (G1 Evacuation Pause)
[2026-05-27T11:23:31.885+0530][13.142s][info][gc,task     ] GC(318) Using 9 workers of 9 for evacuation
[2026-05-27T11:23:31.887+0530][13.143s][info][gc,phases   ] GC(318)   Pre Evacuate Collection Set: 0.25ms
[2026-05-27T11:23:31.887+0530][13.143s][info][gc,phases   ] GC(318)   Merge Heap Roots: 0.10ms
[2026-05-27T11:23:31.887+0530][13.143s][info][gc,phases   ] GC(318)   Evacuate Collection Set: 0.41ms
[2026-05-27T11:23:31.887+0530][13.143s][info][gc,phases   ] GC(318)   Post Evacuate Collection Set: 0.41ms
[2026-05-27T11:23:31.887+0530][13.143s][info][gc,phases   ] GC(318)   Other: 0.11ms
[2026-05-27T11:23:31.887+0530][13.143s][info][gc,heap     ] GC(318) Eden regions: 303->0(305)
[2026-05-27T11:23:31.887+0530][13.143s][info][gc,heap     ] GC(318) Survivor regions: 4->2(39)
[2026-05-27T11:23:31.887+0530][13.143s][info][gc,heap     ] GC(318) Old regions: 10->10
[2026-05-27T11:23:31.887+0530][13.143s][info][gc,heap     ] GC(318) Archive regions: 2->2
[2026-05-27T11:23:31.887+0530][13.143s][info][gc,heap     ] GC(318) Humongous regions: 9->0
[2026-05-27T11:23:31.887+0530][13.143s][info][gc,metaspace] GC(318) Metaspace: 1745K(2048K)->1745K(2048K) NonClass: 1568K(1728K)->1568K(1728K) Class: 177K(320K)->177K(320K)
[2026-05-27T11:23:31.887+0530][13.143s][info][gc          ] GC(318) Pause Young (Normal) (G1 Evacuation Pause) 325M->12M(512M) 1.371ms
[2026-05-27T11:23:31.887+0530][13.143s][info][gc,cpu      ] GC(318) User=0.00s Sys=0.00s Real=0.00s
[2026-05-27T11:23:31.930+0530][13.186s][info][gc,start    ] GC(319) Pause Young (Normal) (G1 Evacuation Pause)
[2026-05-27T11:23:31.930+0530][13.186s][info][gc,task     ] GC(319) Using 9 workers of 9 for evacuation
[2026-05-27T11:23:31.930+0530][13.187s][info][gc,phases   ] GC(319)   Pre Evacuate Collection Set: 0.09ms
[2026-05-27T11:23:31.930+0530][13.187s][info][gc,phases   ] GC(319)   Merge Heap Roots: 0.07ms
[2026-05-27T11:23:31.930+0530][13.187s][info][gc,phases   ] GC(319)   Evacuate Collection Set: 0.28ms
[2026-05-27T11:23:31.930+0530][13.187s][info][gc,phases   ] GC(319)   Post Evacuate Collection Set: 0.16ms
[2026-05-27T11:23:31.930+0530][13.187s][info][gc,phases   ] GC(319)   Other: 0.10ms
[2026-05-27T11:23:31.930+0530][13.187s][info][gc,heap     ] GC(319) Eden regions: 305->0(306)
[2026-05-27T11:23:31.930+0530][13.187s][info][gc,heap     ] GC(319) Survivor regions: 2->1(39)
[2026-05-27T11:23:31.930+0530][13.187s][info][gc,heap     ] GC(319) Old regions: 10->10
[2026-05-27T11:23:31.930+0530][13.187s][info][gc,heap     ] GC(319) Archive regions: 2->2
[2026-05-27T11:23:31.930+0530][13.187s][info][gc,heap     ] GC(319) Humongous regions: 0->0
[2026-05-27T11:23:31.930+0530][13.187s][info][gc,metaspace] GC(319) Metaspace: 1745K(2048K)->1745K(2048K) NonClass: 1568K(1728K)->1568K(1728K) Class: 177K(320K)->177K(320K)
[2026-05-27T11:23:31.930+0530][13.187s][info][gc          ] GC(319) Pause Young (Normal) (G1 Evacuation Pause) 317M->10M(512M) 0.768ms
[2026-05-27T11:23:31.930+0530][13.187s][info][gc,cpu      ] GC(319) User=0.00s Sys=0.00s Real=0.00s
[2026-05-27T11:23:31.973+0530][13.229s][info][gc,start    ] GC(320) Pause Young (Normal) (G1 Evacuation Pause)
[2026-05-27T11:23:31.973+0530][13.229s][info][gc,task     ] GC(320) Using 9 workers of 9 for evacuation
[2026-05-27T11:23:31.990+0530][13.247s][info][gc,phases   ] GC(320)   Pre Evacuate Collection Set: 4.73ms
[2026-05-27T11:23:31.990+0530][13.247s][info][gc,phases   ] GC(320)   Merge Heap Roots: 4.20ms
[2026-05-27T11:23:31.990+0530][13.247s][info][gc,phases   ] GC(320)   Evacuate Collection Set: 8.45ms
[2026-05-27T11:23:31.990+0530][13.247s][info][gc,phases   ] GC(320)   Post Evacuate Collection Set: 0.22ms
[2026-05-27T11:23:31.990+0530][13.247s][info][gc,phases   ] GC(320)   Other: 0.26ms
[2026-05-27T11:23:31.990+0530][13.247s][info][gc,heap     ] GC(320) Eden regions: 306->0(301)
[2026-05-27T11:23:31.990+0530][13.247s][info][gc,heap     ] GC(320) Survivor regions: 1->6(39)
[2026-05-27T11:23:31.990+0530][13.247s][info][gc,heap     ] GC(320) Old regions: 10->10
[2026-05-27T11:23:31.990+0530][13.247s][info][gc,heap     ] GC(320) Archive regions: 2->2
[2026-05-27T11:23:31.990+0530][13.247s][info][gc,heap     ] GC(320) Humongous regions: 0->0
[2026-05-27T11:23:31.990+0530][13.247s][info][gc,metaspace] GC(320) Metaspace: 1745K(2048K)->1745K(2048K) NonClass: 1568K(1728K)->1568K(1728K) Class: 177K(320K)->177K(320K)
[2026-05-27T11:23:31.990+0530][13.247s][info][gc          ] GC(320) Pause Young (Normal) (G1 Evacuation Pause) 316M->15M(512M) 17.945ms
[2026-05-27T11:23:31.990+0530][13.247s][info][gc,cpu      ] GC(320) User=0.01s Sys=0.00s Real=0.02s
[2026-05-27T11:23:32.032+0530][13.288s][info][gc,start    ] GC(321) Pause Young (Normal) (G1 Evacuation Pause)
[2026-05-27T11:23:32.032+0530][13.288s][info][gc,task     ] GC(321) Using 9 workers of 9 for evacuation
[2026-05-27T11:23:32.035+0530][13.291s][info][gc,phases   ] GC(321)   Pre Evacuate Collection Set: 1.98ms
[2026-05-27T11:23:32.035+0530][13.291s][info][gc,phases   ] GC(321)   Merge Heap Roots: 0.08ms
[2026-05-27T11:23:32.035+0530][13.291s][info][gc,phases   ] GC(321)   Evacuate Collection Set: 0.34ms
[2026-05-27T11:23:32.035+0530][13.291s][info][gc,phases   ] GC(321)   Post Evacuate Collection Set: 0.21ms
[2026-05-27T11:23:32.035+0530][13.291s][info][gc,phases   ] GC(321)   Other: 0.12ms
[2026-05-27T11:23:32.035+0530][13.291s][info][gc,heap     ] GC(321) Eden regions: 301->0(300)
[2026-05-27T11:23:32.035+0530][13.291s][info][gc,heap     ] GC(321) Survivor regions: 6->7(39)
[2026-05-27T11:23:32.035+0530][13.291s][info][gc,heap     ] GC(321) Old regions: 10->10
[2026-05-27T11:23:32.035+0530][13.291s][info][gc,heap     ] GC(321) Archive regions: 2->2
[2026-05-27T11:23:32.035+0530][13.291s][info][gc,heap     ] GC(321) Humongous regions: 0->0
[2026-05-27T11:23:32.035+0530][13.291s][info][gc,metaspace] GC(321) Metaspace: 1745K(2048K)->1745K(2048K) NonClass: 1568K(1728K)->1568K(1728K) Class: 177K(320K)->177K(320K)
[2026-05-27T11:23:32.035+0530][13.291s][info][gc          ] GC(321) Pause Young (Normal) (G1 Evacuation Pause) 316M->16M(512M) 2.832ms
[2026-05-27T11:23:32.035+0530][13.291s][info][gc,cpu      ] GC(321) User=0.01s Sys=0.00s Real=0.00s
[2026-05-27T11:23:32.074+0530][13.330s][info][gc,start    ] GC(322) Pause Young (Normal) (G1 Evacuation Pause)
[2026-05-27T11:23:32.074+0530][13.330s][info][gc,task     ] GC(322) Using 9 workers of 9 for evacuation
[2026-05-27T11:23:32.074+0530][13.331s][info][gc,phases   ] GC(322)   Pre Evacuate Collection Set: 0.10ms
[2026-05-27T11:23:32.074+0530][13.331s][info][gc,phases   ] GC(322)   Merge Heap Roots: 0.04ms
[2026-05-27T11:23:32.074+0530][13.331s][info][gc,phases   ] GC(322)   Evacuate Collection Set: 0.24ms
[2026-05-27T11:23:32.075+0530][13.331s][info][gc,phases   ] GC(322)   Post Evacuate Collection Set: 0.20ms
[2026-05-27T11:23:32.075+0530][13.331s][info][gc,phases   ] GC(322)   Other: 0.10ms
[2026-05-27T11:23:32.075+0530][13.331s][info][gc,heap     ] GC(322) Eden regions: 300->0(302)
[2026-05-27T11:23:32.075+0530][13.331s][info][gc,heap     ] GC(322) Survivor regions: 7->5(39)
[2026-05-27T11:23:32.075+0530][13.331s][info][gc,heap     ] GC(322) Old regions: 10->10
[2026-05-27T11:23:32.075+0530][13.331s][info][gc,heap     ] GC(322) Archive regions: 2->2
[2026-05-27T11:23:32.075+0530][13.331s][info][gc,heap     ] GC(322) Humongous regions: 0->0
[2026-05-27T11:23:32.075+0530][13.331s][info][gc,metaspace] GC(322) Metaspace: 1745K(2048K)->1745K(2048K) NonClass: 1568K(1728K)->1568K(1728K) Class: 177K(320K)->177K(320K)
[2026-05-27T11:23:32.075+0530][13.331s][info][gc          ] GC(322) Pause Young (Normal) (G1 Evacuation Pause) 316M->14M(512M) 0.755ms
[2026-05-27T11:23:32.075+0530][13.331s][info][gc,cpu      ] GC(322) User=0.00s Sys=0.01s Real=0.00s
[2026-05-27T11:23:32.119+0530][13.375s][info][gc,start    ] GC(323) Pause Young (Normal) (G1 Evacuation Pause)
[2026-05-27T11:23:32.119+0530][13.375s][info][gc,task     ] GC(323) Using 9 workers of 9 for evacuation
[2026-05-27T11:23:32.120+0530][13.376s][info][gc,phases   ] GC(323)   Pre Evacuate Collection Set: 0.11ms
[2026-05-27T11:23:32.120+0530][13.376s][info][gc,phases   ] GC(323)   Merge Heap Roots: 0.05ms
[2026-05-27T11:23:32.120+0530][13.376s][info][gc,phases   ] GC(323)   Evacuate Collection Set: 0.27ms
[2026-05-27T11:23:32.120+0530][13.376s][info][gc,phases   ] GC(323)   Post Evacuate Collection Set: 0.19ms
[2026-05-27T11:23:32.120+0530][13.376s][info][gc,phases   ] GC(323)   Other: 0.10ms
[2026-05-27T11:23:32.120+0530][13.376s][info][gc,heap     ] GC(323) Eden regions: 302->0(301)
[2026-05-27T11:23:32.120+0530][13.376s][info][gc,heap     ] GC(323) Survivor regions: 5->6(39)
[2026-05-27T11:23:32.120+0530][13.376s][info][gc,heap     ] GC(323) Old regions: 10->10
[2026-05-27T11:23:32.120+0530][13.376s][info][gc,heap     ] GC(323) Archive regions: 2->2
[2026-05-27T11:23:32.120+0530][13.376s][info][gc,heap     ] GC(323) Humongous regions: 9->0
[2026-05-27T11:23:32.120+0530][13.376s][info][gc,metaspace] GC(323) Metaspace: 1745K(2048K)->1745K(2048K) NonClass: 1568K(1728K)->1568K(1728K) Class: 177K(320K)->177K(320K)
[2026-05-27T11:23:32.120+0530][13.376s][info][gc          ] GC(323) Pause Young (Normal) (G1 Evacuation Pause) 325M->16M(512M) 0.822ms
[2026-05-27T11:23:32.120+0530][13.376s][info][gc,cpu      ] GC(323) User=0.00s Sys=0.00s Real=0.01s
[2026-05-27T11:23:32.162+0530][13.418s][info][gc,start    ] GC(324) Pause Young (Normal) (G1 Evacuation Pause)
[2026-05-27T11:23:32.162+0530][13.418s][info][gc,task     ] GC(324) Using 9 workers of 9 for evacuation
[2026-05-27T11:23:32.162+0530][13.419s][info][gc,phases   ] GC(324)   Pre Evacuate Collection Set: 0.06ms
[2026-05-27T11:23:32.162+0530][13.419s][info][gc,phases   ] GC(324)   Merge Heap Roots: 0.08ms
[2026-05-27T11:23:32.162+0530][13.419s][info][gc,phases   ] GC(324)   Evacuate Collection Set: 0.39ms
[2026-05-27T11:23:32.162+0530][13.419s][info][gc,phases   ] GC(324)   Post Evacuate Collection Set: 0.19ms
[2026-05-27T11:23:32.162+0530][13.419s][info][gc,phases   ] GC(324)   Other: 0.10ms
[2026-05-27T11:23:32.163+0530][13.419s][info][gc,heap     ] GC(324) Eden regions: 301->0(300)
[2026-05-27T11:23:32.163+0530][13.419s][info][gc,heap     ] GC(324) Survivor regions: 6->7(39)
[2026-05-27T11:23:32.163+0530][13.419s][info][gc,heap     ] GC(324) Old regions: 10->10
[2026-05-27T11:23:32.163+0530][13.419s][info][gc,heap     ] GC(324) Archive regions: 2->2
[2026-05-27T11:23:32.163+0530][13.419s][info][gc,heap     ] GC(324) Humongous regions: 0->0
[2026-05-27T11:23:32.163+0530][13.419s][info][gc,metaspace] GC(324) Metaspace: 1745K(2048K)->1745K(2048K) NonClass: 1568K(1728K)->1568K(1728K) Class: 177K(320K)->177K(320K)
[2026-05-27T11:23:32.163+0530][13.419s][info][gc          ] GC(324) Pause Young (Normal) (G1 Evacuation Pause) 316M->16M(512M) 0.912ms
[2026-05-27T11:23:32.163+0530][13.419s][info][gc,cpu      ] GC(324) User=0.00s Sys=0.00s Real=0.00s
[2026-05-27T11:23:32.202+0530][13.458s][info][gc,start    ] GC(325) Pause Young (Normal) (G1 Evacuation Pause)
[2026-05-27T11:23:32.202+0530][13.458s][info][gc,task     ] GC(325) Using 9 workers of 9 for evacuation
[2026-05-27T11:23:32.202+0530][13.459s][info][gc,phases   ] GC(325)   Pre Evacuate Collection Set: 0.09ms
[2026-05-27T11:23:32.203+0530][13.459s][info][gc,phases   ] GC(325)   Merge Heap Roots: 0.05ms
[2026-05-27T11:23:32.203+0530][13.459s][info][gc,phases   ] GC(325)   Evacuate Collection Set: 0.26ms
[2026-05-27T11:23:32.203+0530][13.459s][info][gc,phases   ] GC(325)   Post Evacuate Collection Set: 0.18ms
[2026-05-27T11:23:32.203+0530][13.459s][info][gc,phases   ] GC(325)   Other: 0.09ms
[2026-05-27T11:23:32.203+0530][13.459s][info][gc,heap     ] GC(325) Eden regions: 300->0(302)
[2026-05-27T11:23:32.203+0530][13.459s][info][gc,heap     ] GC(325) Survivor regions: 7->5(39)
[2026-05-27T11:23:32.203+0530][13.459s][info][gc,heap     ] GC(325) Old regions: 10->10
[2026-05-27T11:23:32.203+0530][13.459s][info][gc,heap     ] GC(325) Archive regions: 2->2
[2026-05-27T11:23:32.203+0530][13.459s][info][gc,heap     ] GC(325) Humongous regions: 9->0
[2026-05-27T11:23:32.203+0530][13.459s][info][gc,metaspace] GC(325) Metaspace: 1745K(2048K)->1745K(2048K) NonClass: 1568K(1728K)->1568K(1728K) Class: 177K(320K)->177K(320K)
[2026-05-27T11:23:32.203+0530][13.459s][info][gc          ] GC(325) Pause Young (Normal) (G1 Evacuation Pause) 325M->14M(512M) 0.734ms
[2026-05-27T11:23:32.203+0530][13.459s][info][gc,cpu      ] GC(325) User=0.00s Sys=0.00s Real=0.00s
[2026-05-27T11:23:32.241+0530][13.497s][info][gc,start    ] GC(326) Pause Young (Normal) (G1 Evacuation Pause)
[2026-05-27T11:23:32.241+0530][13.497s][info][gc,task     ] GC(326) Using 9 workers of 9 for evacuation
[2026-05-27T11:23:32.242+0530][13.498s][info][gc,phases   ] GC(326)   Pre Evacuate Collection Set: 0.08ms
[2026-05-27T11:23:32.242+0530][13.498s][info][gc,phases   ] GC(326)   Merge Heap Roots: 0.08ms
[2026-05-27T11:23:32.242+0530][13.498s][info][gc,phases   ] GC(326)   Evacuate Collection Set: 0.23ms
[2026-05-27T11:23:32.242+0530][13.498s][info][gc,phases   ] GC(326)   Post Evacuate Collection Set: 0.18ms
[2026-05-27T11:23:32.242+0530][13.498s][info][gc,phases   ] GC(326)   Other: 0.10ms
[2026-05-27T11:23:32.242+0530][13.498s][info][gc,heap     ] GC(326) Eden regions: 302->0(302)
[2026-05-27T11:23:32.242+0530][13.498s][info][gc,heap     ] GC(326) Survivor regions: 5->5(39)
[2026-05-27T11:23:32.242+0530][13.498s][info][gc,heap     ] GC(326) Old regions: 10->10
[2026-05-27T11:23:32.242+0530][13.498s][info][gc,heap     ] GC(326) Archive regions: 2->2
[2026-05-27T11:23:32.242+0530][13.498s][info][gc,heap     ] GC(326) Humongous regions: 0->0
[2026-05-27T11:23:32.242+0530][13.498s][info][gc,metaspace] GC(326) Metaspace: 1745K(2048K)->1745K(2048K) NonClass: 1568K(1728K)->1568K(1728K) Class: 177K(320K)->177K(320K)
[2026-05-27T11:23:32.242+0530][13.498s][info][gc          ] GC(326) Pause Young (Normal) (G1 Evacuation Pause) 316M->14M(512M) 0.730ms
[2026-05-27T11:23:32.242+0530][13.498s][info][gc,cpu      ] GC(326) User=0.00s Sys=0.00s Real=0.00s
[2026-05-27T11:23:32.281+0530][13.537s][info][gc,start    ] GC(327) Pause Young (Normal) (G1 Evacuation Pause)
[2026-05-27T11:23:32.281+0530][13.538s][info][gc,task     ] GC(327) Using 9 workers of 9 for evacuation
[2026-05-27T11:23:32.282+0530][13.538s][info][gc,phases   ] GC(327)   Pre Evacuate Collection Set: 0.12ms
[2026-05-27T11:23:32.282+0530][13.538s][info][gc,phases   ] GC(327)   Merge Heap Roots: 0.07ms
[2026-05-27T11:23:32.282+0530][13.538s][info][gc,phases   ] GC(327)   Evacuate Collection Set: 0.28ms
[2026-05-27T11:23:32.282+0530][13.538s][info][gc,phases   ] GC(327)   Post Evacuate Collection Set: 0.21ms
[2026-05-27T11:23:32.282+0530][13.538s][info][gc,phases   ] GC(327)   Other: 0.10ms
[2026-05-27T11:23:32.282+0530][13.538s][info][gc,heap     ] GC(327) Eden regions: 302->0(302)
[2026-05-27T11:23:32.282+0530][13.538s][info][gc,heap     ] GC(327) Survivor regions: 5->5(39)
[2026-05-27T11:23:32.282+0530][13.538s][info][gc,heap     ] GC(327) Old regions: 10->10
[2026-05-27T11:23:32.282+0530][13.538s][info][gc,heap     ] GC(327) Archive regions: 2->2
[2026-05-27T11:23:32.282+0530][13.538s][info][gc,heap     ] GC(327) Humongous regions: 18->0
[2026-05-27T11:23:32.282+0530][13.538s][info][gc,metaspace] GC(327) Metaspace: 1745K(2048K)->1745K(2048K) NonClass: 1568K(1728K)->1568K(1728K) Class: 177K(320K)->177K(320K)
[2026-05-27T11:23:32.282+0530][13.538s][info][gc          ] GC(327) Pause Young (Normal) (G1 Evacuation Pause) 334M->14M(512M) 0.826ms
[2026-05-27T11:23:32.282+0530][13.538s][info][gc,cpu      ] GC(327) User=0.01s Sys=0.00s Real=0.00s
[2026-05-27T11:23:32.321+0530][13.577s][info][gc,start    ] GC(328) Pause Young (Normal) (G1 Evacuation Pause)
[2026-05-27T11:23:32.321+0530][13.577s][info][gc,task     ] GC(328) Using 9 workers of 9 for evacuation
[2026-05-27T11:23:32.322+0530][13.578s][info][gc,phases   ] GC(328)   Pre Evacuate Collection Set: 0.08ms
[2026-05-27T11:23:32.322+0530][13.578s][info][gc,phases   ] GC(328)   Merge Heap Roots: 0.15ms
[2026-05-27T11:23:32.322+0530][13.578s][info][gc,phases   ] GC(328)   Evacuate Collection Set: 0.31ms
[2026-05-27T11:23:32.322+0530][13.578s][info][gc,phases   ] GC(328)   Post Evacuate Collection Set: 0.19ms
[2026-05-27T11:23:32.322+0530][13.578s][info][gc,phases   ] GC(328)   Other: 0.13ms
[2026-05-27T11:23:32.322+0530][13.578s][info][gc,heap     ] GC(328) Eden regions: 302->0(306)
[2026-05-27T11:23:32.322+0530][13.578s][info][gc,heap     ] GC(328) Survivor regions: 5->1(39)
[2026-05-27T11:23:32.322+0530][13.578s][info][gc,heap     ] GC(328) Old regions: 10->10
[2026-05-27T11:23:32.322+0530][13.578s][info][gc,heap     ] GC(328) Archive regions: 2->2
[2026-05-27T11:23:32.322+0530][13.578s][info][gc,heap     ] GC(328) Humongous regions: 9->0
[2026-05-27T11:23:32.322+0530][13.578s][info][gc,metaspace] GC(328) Metaspace: 1745K(2048K)->1745K(2048K) NonClass: 1568K(1728K)->1568K(1728K) Class: 177K(320K)->177K(320K)
[2026-05-27T11:23:32.322+0530][13.578s][info][gc          ] GC(328) Pause Young (Normal) (G1 Evacuation Pause) 325M->10M(512M) 0.919ms
[2026-05-27T11:23:32.322+0530][13.578s][info][gc,cpu      ] GC(328) User=0.00s Sys=0.00s Real=0.00s
[2026-05-27T11:23:32.364+0530][13.620s][info][gc,start    ] GC(329) Pause Young (Normal) (G1 Evacuation Pause)
[2026-05-27T11:23:32.364+0530][13.620s][info][gc,task     ] GC(329) Using 9 workers of 9 for evacuation
[2026-05-27T11:23:32.364+0530][13.621s][info][gc,phases   ] GC(329)   Pre Evacuate Collection Set: 0.07ms
[2026-05-27T11:23:32.364+0530][13.621s][info][gc,phases   ] GC(329)   Merge Heap Roots: 0.04ms
[2026-05-27T11:23:32.364+0530][13.621s][info][gc,phases   ] GC(329)   Evacuate Collection Set: 0.28ms
[2026-05-27T11:23:32.364+0530][13.621s][info][gc,phases   ] GC(329)   Post Evacuate Collection Set: 0.19ms
[2026-05-27T11:23:32.364+0530][13.621s][info][gc,phases   ] GC(329)   Other: 0.10ms
[2026-05-27T11:23:32.364+0530][13.621s][info][gc,heap     ] GC(329) Eden regions: 306->0(303)
[2026-05-27T11:23:32.364+0530][13.621s][info][gc,heap     ] GC(329) Survivor regions: 1->4(39)
[2026-05-27T11:23:32.365+0530][13.621s][info][gc,heap     ] GC(329) Old regions: 10->10
[2026-05-27T11:23:32.365+0530][13.621s][info][gc,heap     ] GC(329) Archive regions: 2->2
[2026-05-27T11:23:32.365+0530][13.621s][info][gc,heap     ] GC(329) Humongous regions: 0->0
[2026-05-27T11:23:32.365+0530][13.621s][info][gc,metaspace] GC(329) Metaspace: 1745K(2048K)->1745K(2048K) NonClass: 1568K(1728K)->1568K(1728K) Class: 177K(320K)->177K(320K)
[2026-05-27T11:23:32.365+0530][13.621s][info][gc          ] GC(329) Pause Young (Normal) (G1 Evacuation Pause) 316M->14M(512M) 0.744ms
[2026-05-27T11:23:32.365+0530][13.621s][info][gc,cpu      ] GC(329) User=0.00s Sys=0.01s Real=0.00s
[2026-05-27T11:23:32.404+0530][13.661s][info][gc,start    ] GC(330) Pause Young (Normal) (G1 Evacuation Pause)
[2026-05-27T11:23:32.404+0530][13.661s][info][gc,task     ] GC(330) Using 9 workers of 9 for evacuation
[2026-05-27T11:23:32.405+0530][13.661s][info][gc,phases   ] GC(330)   Pre Evacuate Collection Set: 0.07ms
[2026-05-27T11:23:32.405+0530][13.661s][info][gc,phases   ] GC(330)   Merge Heap Roots: 0.05ms
[2026-05-27T11:23:32.405+0530][13.661s][info][gc,phases   ] GC(330)   Evacuate Collection Set: 0.34ms
[2026-05-27T11:23:32.405+0530][13.661s][info][gc,phases   ] GC(330)   Post Evacuate Collection Set: 0.18ms
[2026-05-27T11:23:32.405+0530][13.661s][info][gc,phases   ] GC(330)   Other: 0.13ms
[2026-05-27T11:23:32.405+0530][13.661s][info][gc,heap     ] GC(330) Eden regions: 303->0(300)
[2026-05-27T11:23:32.405+0530][13.661s][info][gc,heap     ] GC(330) Survivor regions: 4->7(39)
[2026-05-27T11:23:32.405+0530][13.661s][info][gc,heap     ] GC(330) Old regions: 10->10
[2026-05-27T11:23:32.405+0530][13.661s][info][gc,heap     ] GC(330) Archive regions: 2->2
[2026-05-27T11:23:32.405+0530][13.661s][info][gc,heap     ] GC(330) Humongous regions: 0->0
[2026-05-27T11:23:32.405+0530][13.661s][info][gc,metaspace] GC(330) Metaspace: 1745K(2048K)->1745K(2048K) NonClass: 1568K(1728K)->1568K(1728K) Class: 177K(320K)->177K(320K)
[2026-05-27T11:23:32.405+0530][13.661s][info][gc          ] GC(330) Pause Young (Normal) (G1 Evacuation Pause) 316M->16M(512M) 0.841ms
[2026-05-27T11:23:32.405+0530][13.661s][info][gc,cpu      ] GC(330) User=0.00s Sys=0.00s Real=0.00s
[2026-05-27T11:23:32.443+0530][13.699s][info][gc,start    ] GC(331) Pause Young (Normal) (G1 Evacuation Pause)
[2026-05-27T11:23:32.443+0530][13.699s][info][gc,task     ] GC(331) Using 9 workers of 9 for evacuation
[2026-05-27T11:23:32.444+0530][13.700s][info][gc,phases   ] GC(331)   Pre Evacuate Collection Set: 0.05ms
[2026-05-27T11:23:32.444+0530][13.700s][info][gc,phases   ] GC(331)   Merge Heap Roots: 0.08ms
[2026-05-27T11:23:32.444+0530][13.700s][info][gc,phases   ] GC(331)   Evacuate Collection Set: 0.28ms
[2026-05-27T11:23:32.444+0530][13.700s][info][gc,phases   ] GC(331)   Post Evacuate Collection Set: 0.17ms
[2026-05-27T11:23:32.444+0530][13.700s][info][gc,phases   ] GC(331)   Other: 0.09ms
[2026-05-27T11:23:32.444+0530][13.700s][info][gc,heap     ] GC(331) Eden regions: 300->0(302)
[2026-05-27T11:23:32.444+0530][13.700s][info][gc,heap     ] GC(331) Survivor regions: 7->5(39)
[2026-05-27T11:23:32.444+0530][13.700s][info][gc,heap     ] GC(331) Old regions: 10->10
[2026-05-27T11:23:32.444+0530][13.700s][info][gc,heap     ] GC(331) Archive regions: 2->2
[2026-05-27T11:23:32.444+0530][13.700s][info][gc,heap     ] GC(331) Humongous regions: 0->0
[2026-05-27T11:23:32.444+0530][13.700s][info][gc,metaspace] GC(331) Metaspace: 1745K(2048K)->1745K(2048K) NonClass: 1568K(1728K)->1568K(1728K) Class: 177K(320K)->177K(320K)
[2026-05-27T11:23:32.444+0530][13.700s][info][gc          ] GC(331) Pause Young (Normal) (G1 Evacuation Pause) 316M->15M(512M) 0.737ms
[2026-05-27T11:23:32.444+0530][13.700s][info][gc,cpu      ] GC(331) User=0.00s Sys=0.00s Real=0.00s
[2026-05-27T11:23:32.485+0530][13.741s][info][gc,start    ] GC(332) Pause Young (Normal) (G1 Evacuation Pause)
[2026-05-27T11:23:32.485+0530][13.741s][info][gc,task     ] GC(332) Using 9 workers of 9 for evacuation
[2026-05-27T11:23:32.485+0530][13.741s][info][gc,phases   ] GC(332)   Pre Evacuate Collection Set: 0.07ms
[2026-05-27T11:23:32.485+0530][13.741s][info][gc,phases   ] GC(332)   Merge Heap Roots: 0.04ms
[2026-05-27T11:23:32.485+0530][13.742s][info][gc,phases   ] GC(332)   Evacuate Collection Set: 0.27ms
[2026-05-27T11:23:32.485+0530][13.742s][info][gc,phases   ] GC(332)   Post Evacuate Collection Set: 0.17ms
[2026-05-27T11:23:32.485+0530][13.742s][info][gc,phases   ] GC(332)   Other: 0.10ms
[2026-05-27T11:23:32.485+0530][13.742s][info][gc,heap     ] GC(332) Eden regions: 302->0(302)
[2026-05-27T11:23:32.485+0530][13.742s][info][gc,heap     ] GC(332) Survivor regions: 5->5(39)
[2026-05-27T11:23:32.485+0530][13.742s][info][gc,heap     ] GC(332) Old regions: 10->10
[2026-05-27T11:23:32.485+0530][13.742s][info][gc,heap     ] GC(332) Archive regions: 2->2
[2026-05-27T11:23:32.485+0530][13.742s][info][gc,heap     ] GC(332) Humongous regions: 0->0
[2026-05-27T11:23:32.485+0530][13.742s][info][gc,metaspace] GC(332) Metaspace: 1745K(2048K)->1745K(2048K) NonClass: 1568K(1728K)->1568K(1728K) Class: 177K(320K)->177K(320K)
[2026-05-27T11:23:32.485+0530][13.742s][info][gc          ] GC(332) Pause Young (Normal) (G1 Evacuation Pause) 316M->15M(512M) 0.710ms
[2026-05-27T11:23:32.485+0530][13.742s][info][gc,cpu      ] GC(332) User=0.00s Sys=0.00s Real=0.00s
[2026-05-27T11:23:32.524+0530][13.780s][info][gc,start    ] GC(333) Pause Young (Normal) (G1 Evacuation Pause)
[2026-05-27T11:23:32.524+0530][13.780s][info][gc,task     ] GC(333) Using 9 workers of 9 for evacuation
[2026-05-27T11:23:32.525+0530][13.781s][info][gc,phases   ] GC(333)   Pre Evacuate Collection Set: 0.08ms
[2026-05-27T11:23:32.525+0530][13.781s][info][gc,phases   ] GC(333)   Merge Heap Roots: 0.05ms
[2026-05-27T11:23:32.525+0530][13.781s][info][gc,phases   ] GC(333)   Evacuate Collection Set: 0.27ms
[2026-05-27T11:23:32.525+0530][13.781s][info][gc,phases   ] GC(333)   Post Evacuate Collection Set: 0.17ms
[2026-05-27T11:23:32.525+0530][13.781s][info][gc,phases   ] GC(333)   Other: 0.10ms
[2026-05-27T11:23:32.525+0530][13.781s][info][gc,heap     ] GC(333) Eden regions: 302->0(302)
[2026-05-27T11:23:32.525+0530][13.781s][info][gc,heap     ] GC(333) Survivor regions: 5->5(39)
[2026-05-27T11:23:32.525+0530][13.781s][info][gc,heap     ] GC(333) Old regions: 10->10
[2026-05-27T11:23:32.525+0530][13.781s][info][gc,heap     ] GC(333) Archive regions: 2->2
[2026-05-27T11:23:32.525+0530][13.781s][info][gc,heap     ] GC(333) Humongous regions: 0->0
[2026-05-27T11:23:32.525+0530][13.781s][info][gc,metaspace] GC(333) Metaspace: 1745K(2048K)->1745K(2048K) NonClass: 1568K(1728K)->1568K(1728K) Class: 177K(320K)->177K(320K)
[2026-05-27T11:23:32.525+0530][13.781s][info][gc          ] GC(333) Pause Young (Normal) (G1 Evacuation Pause) 316M->14M(512M) 0.744ms
[2026-05-27T11:23:32.525+0530][13.781s][info][gc,cpu      ] GC(333) User=0.00s Sys=0.00s Real=0.00s
[2026-05-27T11:23:32.564+0530][13.820s][info][gc,start    ] GC(334) Pause Young (Normal) (G1 Evacuation Pause)
[2026-05-27T11:23:32.564+0530][13.820s][info][gc,task     ] GC(334) Using 9 workers of 9 for evacuation
[2026-05-27T11:23:32.565+0530][13.821s][info][gc,phases   ] GC(334)   Pre Evacuate Collection Set: 0.10ms
[2026-05-27T11:23:32.565+0530][13.821s][info][gc,phases   ] GC(334)   Merge Heap Roots: 0.03ms
[2026-05-27T11:23:32.565+0530][13.821s][info][gc,phases   ] GC(334)   Evacuate Collection Set: 0.24ms
[2026-05-27T11:23:32.565+0530][13.821s][info][gc,phases   ] GC(334)   Post Evacuate Collection Set: 0.18ms
[2026-05-27T11:23:32.565+0530][13.821s][info][gc,phases   ] GC(334)   Other: 0.10ms
[2026-05-27T11:23:32.565+0530][13.821s][info][gc,heap     ] GC(334) Eden regions: 302->0(302)
[2026-05-27T11:23:32.565+0530][13.821s][info][gc,heap     ] GC(334) Survivor regions: 5->5(39)
[2026-05-27T11:23:32.565+0530][13.821s][info][gc,heap     ] GC(334) Old regions: 10->10
[2026-05-27T11:23:32.565+0530][13.821s][info][gc,heap     ] GC(334) Archive regions: 2->2
[2026-05-27T11:23:32.565+0530][13.821s][info][gc,heap     ] GC(334) Humongous regions: 9->0
[2026-05-27T11:23:32.565+0530][13.821s][info][gc,metaspace] GC(334) Metaspace: 1745K(2048K)->1745K(2048K) NonClass: 1568K(1728K)->1568K(1728K) Class: 177K(320K)->177K(320K)
[2026-05-27T11:23:32.565+0530][13.821s][info][gc          ] GC(334) Pause Young (Normal) (G1 Evacuation Pause) 325M->14M(512M) 0.745ms
[2026-05-27T11:23:32.565+0530][13.821s][info][gc,cpu      ] GC(334) User=0.01s Sys=0.00s Real=0.00s
[2026-05-27T11:23:32.606+0530][13.862s][info][gc,start    ] GC(335) Pause Young (Normal) (G1 Evacuation Pause)
[2026-05-27T11:23:32.606+0530][13.862s][info][gc,task     ] GC(335) Using 9 workers of 9 for evacuation
[2026-05-27T11:23:32.606+0530][13.862s][info][gc,phases   ] GC(335)   Pre Evacuate Collection Set: 0.06ms
[2026-05-27T11:23:32.606+0530][13.862s][info][gc,phases   ] GC(335)   Merge Heap Roots: 0.05ms
[2026-05-27T11:23:32.606+0530][13.862s][info][gc,phases   ] GC(335)   Evacuate Collection Set: 0.29ms
[2026-05-27T11:23:32.606+0530][13.862s][info][gc,phases   ] GC(335)   Post Evacuate Collection Set: 0.16ms
[2026-05-27T11:23:32.606+0530][13.862s][info][gc,phases   ] GC(335)   Other: 0.09ms
[2026-05-27T11:23:32.606+0530][13.862s][info][gc,heap     ] GC(335) Eden regions: 302->0(303)
[2026-05-27T11:23:32.606+0530][13.862s][info][gc,heap     ] GC(335) Survivor regions: 5->4(39)
[2026-05-27T11:23:32.606+0530][13.862s][info][gc,heap     ] GC(335) Old regions: 10->10
[2026-05-27T11:23:32.606+0530][13.862s][info][gc,heap     ] GC(335) Archive regions: 2->2
[2026-05-27T11:23:32.606+0530][13.862s][info][gc,heap     ] GC(335) Humongous regions: 0->0
[2026-05-27T11:23:32.606+0530][13.862s][info][gc,metaspace] GC(335) Metaspace: 1745K(2048K)->1745K(2048K) NonClass: 1568K(1728K)->1568K(1728K) Class: 177K(320K)->177K(320K)
[2026-05-27T11:23:32.606+0530][13.862s][info][gc          ] GC(335) Pause Young (Normal) (G1 Evacuation Pause) 316M->13M(512M) 0.709ms
[2026-05-27T11:23:32.606+0530][13.862s][info][gc,cpu      ] GC(335) User=0.00s Sys=0.00s Real=0.00s
[2026-05-27T11:23:32.648+0530][13.904s][info][gc,start    ] GC(336) Pause Young (Normal) (G1 Evacuation Pause)
[2026-05-27T11:23:32.648+0530][13.904s][info][gc,task     ] GC(336) Using 9 workers of 9 for evacuation
[2026-05-27T11:23:32.649+0530][13.905s][info][gc,phases   ] GC(336)   Pre Evacuate Collection Set: 0.09ms
[2026-05-27T11:23:32.649+0530][13.905s][info][gc,phases   ] GC(336)   Merge Heap Roots: 0.04ms
[2026-05-27T11:23:32.649+0530][13.905s][info][gc,phases   ] GC(336)   Evacuate Collection Set: 0.23ms
[2026-05-27T11:23:32.649+0530][13.905s][info][gc,phases   ] GC(336)   Post Evacuate Collection Set: 0.21ms
[2026-05-27T11:23:32.649+0530][13.905s][info][gc,phases   ] GC(336)   Other: 0.11ms
[2026-05-27T11:23:32.649+0530][13.905s][info][gc,heap     ] GC(336) Eden regions: 303->0(302)
[2026-05-27T11:23:32.649+0530][13.905s][info][gc,heap     ] GC(336) Survivor regions: 4->5(39)
[2026-05-27T11:23:32.649+0530][13.905s][info][gc,heap     ] GC(336) Old regions: 10->10
[2026-05-27T11:23:32.649+0530][13.905s][info][gc,heap     ] GC(336) Archive regions: 2->2
[2026-05-27T11:23:32.649+0530][13.905s][info][gc,heap     ] GC(336) Humongous regions: 0->0
[2026-05-27T11:23:32.649+0530][13.905s][info][gc,metaspace] GC(336) Metaspace: 1745K(2048K)->1745K(2048K) NonClass: 1568K(1728K)->1568K(1728K) Class: 177K(320K)->177K(320K)
[2026-05-27T11:23:32.649+0530][13.905s][info][gc          ] GC(336) Pause Young (Normal) (G1 Evacuation Pause) 315M->14M(512M) 0.739ms
[2026-05-27T11:23:32.649+0530][13.905s][info][gc,cpu      ] GC(336) User=0.00s Sys=0.00s Real=0.00s
[2026-05-27T11:23:32.690+0530][13.946s][info][gc,start    ] GC(337) Pause Young (Normal) (G1 Evacuation Pause)
[2026-05-27T11:23:32.690+0530][13.946s][info][gc,task     ] GC(337) Using 9 workers of 9 for evacuation
[2026-05-27T11:23:32.691+0530][13.947s][info][gc,phases   ] GC(337)   Pre Evacuate Collection Set: 0.09ms
[2026-05-27T11:23:32.691+0530][13.947s][info][gc,phases   ] GC(337)   Merge Heap Roots: 0.05ms
[2026-05-27T11:23:32.691+0530][13.947s][info][gc,phases   ] GC(337)   Evacuate Collection Set: 0.28ms
[2026-05-27T11:23:32.691+0530][13.947s][info][gc,phases   ] GC(337)   Post Evacuate Collection Set: 0.21ms
[2026-05-27T11:23:32.691+0530][13.947s][info][gc,phases   ] GC(337)   Other: 0.11ms
[2026-05-27T11:23:32.691+0530][13.947s][info][gc,heap     ] GC(337) Eden regions: 302->0(300)
[2026-05-27T11:23:32.691+0530][13.947s][info][gc,heap     ] GC(337) Survivor regions: 5->7(39)
[2026-05-27T11:23:32.691+0530][13.947s][info][gc,heap     ] GC(337) Old regions: 10->10
[2026-05-27T11:23:32.691+0530][13.947s][info][gc,heap     ] GC(337) Archive regions: 2->2
[2026-05-27T11:23:32.691+0530][13.947s][info][gc,heap     ] GC(337) Humongous regions: 0->0
[2026-05-27T11:23:32.691+0530][13.947s][info][gc,metaspace] GC(337) Metaspace: 1745K(2048K)->1745K(2048K) NonClass: 1568K(1728K)->1568K(1728K) Class: 177K(320K)->177K(320K)
[2026-05-27T11:23:32.691+0530][13.947s][info][gc          ] GC(337) Pause Young (Normal) (G1 Evacuation Pause) 316M->16M(512M) 0.824ms
[2026-05-27T11:23:32.691+0530][13.947s][info][gc,cpu      ] GC(337) User=0.00s Sys=0.00s Real=0.00s
[2026-05-27T11:23:32.732+0530][13.988s][info][gc,start    ] GC(338) Pause Young (Normal) (G1 Evacuation Pause)
[2026-05-27T11:23:32.732+0530][13.988s][info][gc,task     ] GC(338) Using 9 workers of 9 for evacuation
[2026-05-27T11:23:32.733+0530][13.989s][info][gc,phases   ] GC(338)   Pre Evacuate Collection Set: 0.09ms
[2026-05-27T11:23:32.733+0530][13.989s][info][gc,phases   ] GC(338)   Merge Heap Roots: 0.05ms
[2026-05-27T11:23:32.733+0530][13.989s][info][gc,phases   ] GC(338)   Evacuate Collection Set: 0.23ms
[2026-05-27T11:23:32.733+0530][13.989s][info][gc,phases   ] GC(338)   Post Evacuate Collection Set: 0.16ms
[2026-05-27T11:23:32.733+0530][13.989s][info][gc,phases   ] GC(338)   Other: 0.13ms
[2026-05-27T11:23:32.733+0530][13.989s][info][gc,heap     ] GC(338) Eden regions: 300->0(302)
[2026-05-27T11:23:32.733+0530][13.989s][info][gc,heap     ] GC(338) Survivor regions: 7->5(39)
[2026-05-27T11:23:32.733+0530][13.989s][info][gc,heap     ] GC(338) Old regions: 10->10
[2026-05-27T11:23:32.733+0530][13.989s][info][gc,heap     ] GC(338) Archive regions: 2->2
[2026-05-27T11:23:32.733+0530][13.989s][info][gc,heap     ] GC(338) Humongous regions: 0->0
[2026-05-27T11:23:32.733+0530][13.989s][info][gc,metaspace] GC(338) Metaspace: 1745K(2048K)->1745K(2048K) NonClass: 1568K(1728K)->1568K(1728K) Class: 177K(320K)->177K(320K)
[2026-05-27T11:23:32.733+0530][13.989s][info][gc          ] GC(338) Pause Young (Normal) (G1 Evacuation Pause) 316M->14M(512M) 0.738ms
[2026-05-27T11:23:32.733+0530][13.989s][info][gc,cpu      ] GC(338) User=0.00s Sys=0.01s Real=0.00s
[2026-05-27T11:23:32.774+0530][14.031s][info][gc,start    ] GC(339) Pause Young (Normal) (G1 Evacuation Pause)
[2026-05-27T11:23:32.774+0530][14.031s][info][gc,task     ] GC(339) Using 9 workers of 9 for evacuation
[2026-05-27T11:23:32.775+0530][14.031s][info][gc,phases   ] GC(339)   Pre Evacuate Collection Set: 0.06ms
[2026-05-27T11:23:32.775+0530][14.031s][info][gc,phases   ] GC(339)   Merge Heap Roots: 0.08ms
[2026-05-27T11:23:32.775+0530][14.031s][info][gc,phases   ] GC(339)   Evacuate Collection Set: 0.28ms
[2026-05-27T11:23:32.775+0530][14.031s][info][gc,phases   ] GC(339)   Post Evacuate Collection Set: 0.26ms
[2026-05-27T11:23:32.775+0530][14.031s][info][gc,phases   ] GC(339)   Other: 0.10ms
[2026-05-27T11:23:32.775+0530][14.031s][info][gc,heap     ] GC(339) Eden regions: 302->0(301)
[2026-05-27T11:23:32.775+0530][14.031s][info][gc,heap     ] GC(339) Survivor regions: 5->6(39)
[2026-05-27T11:23:32.775+0530][14.031s][info][gc,heap     ] GC(339) Old regions: 10->10
[2026-05-27T11:23:32.775+0530][14.031s][info][gc,heap     ] GC(339) Archive regions: 2->2
[2026-05-27T11:23:32.775+0530][14.031s][info][gc,heap     ] GC(339) Humongous regions: 9->0
[2026-05-27T11:23:32.775+0530][14.031s][info][gc,metaspace] GC(339) Metaspace: 1745K(2048K)->1745K(2048K) NonClass: 1568K(1728K)->1568K(1728K) Class: 177K(320K)->177K(320K)
[2026-05-27T11:23:32.775+0530][14.031s][info][gc          ] GC(339) Pause Young (Normal) (G1 Evacuation Pause) 325M->15M(512M) 0.851ms
[2026-05-27T11:23:32.775+0530][14.031s][info][gc,cpu      ] GC(339) User=0.00s Sys=0.00s Real=0.00s
[2026-05-27T11:23:32.816+0530][14.072s][info][gc,start    ] GC(340) Pause Young (Normal) (G1 Evacuation Pause)
[2026-05-27T11:23:32.816+0530][14.072s][info][gc,task     ] GC(340) Using 9 workers of 9 for evacuation
[2026-05-27T11:23:32.817+0530][14.073s][info][gc,phases   ] GC(340)   Pre Evacuate Collection Set: 0.11ms
[2026-05-27T11:23:32.817+0530][14.073s][info][gc,phases   ] GC(340)   Merge Heap Roots: 0.04ms
[2026-05-27T11:23:32.817+0530][14.073s][info][gc,phases   ] GC(340)   Evacuate Collection Set: 0.31ms
[2026-05-27T11:23:32.817+0530][14.073s][info][gc,phases   ] GC(340)   Post Evacuate Collection Set: 0.19ms
[2026-05-27T11:23:32.817+0530][14.073s][info][gc,phases   ] GC(340)   Other: 0.12ms
[2026-05-27T11:23:32.817+0530][14.073s][info][gc,heap     ] GC(340) Eden regions: 301->0(301)
[2026-05-27T11:23:32.817+0530][14.073s][info][gc,heap     ] GC(340) Survivor regions: 6->6(39)
[2026-05-27T11:23:32.817+0530][14.073s][info][gc,heap     ] GC(340) Old regions: 10->10
[2026-05-27T11:23:32.817+0530][14.073s][info][gc,heap     ] GC(340) Archive regions: 2->2
[2026-05-27T11:23:32.817+0530][14.073s][info][gc,heap     ] GC(340) Humongous regions: 0->0
[2026-05-27T11:23:32.817+0530][14.073s][info][gc,metaspace] GC(340) Metaspace: 1745K(2048K)->1745K(2048K) NonClass: 1568K(1728K)->1568K(1728K) Class: 177K(320K)->177K(320K)
[2026-05-27T11:23:32.817+0530][14.073s][info][gc          ] GC(340) Pause Young (Normal) (G1 Evacuation Pause) 316M->15M(512M) 0.884ms
[2026-05-27T11:23:32.817+0530][14.073s][info][gc,cpu      ] GC(340) User=0.00s Sys=0.01s Real=0.00s
[2026-05-27T11:23:32.855+0530][14.111s][info][gc,start    ] GC(341) Pause Young (Normal) (G1 Evacuation Pause)
[2026-05-27T11:23:32.855+0530][14.111s][info][gc,task     ] GC(341) Using 9 workers of 9 for evacuation
[2026-05-27T11:23:32.856+0530][14.112s][info][gc,phases   ] GC(341)   Pre Evacuate Collection Set: 0.10ms
[2026-05-27T11:23:32.856+0530][14.112s][info][gc,phases   ] GC(341)   Merge Heap Roots: 0.06ms
[2026-05-27T11:23:32.856+0530][14.112s][info][gc,phases   ] GC(341)   Evacuate Collection Set: 0.28ms
[2026-05-27T11:23:32.856+0530][14.112s][info][gc,phases   ] GC(341)   Post Evacuate Collection Set: 0.22ms
[2026-05-27T11:23:32.856+0530][14.112s][info][gc,phases   ] GC(341)   Other: 0.10ms
[2026-05-27T11:23:32.856+0530][14.112s][info][gc,heap     ] GC(341) Eden regions: 301->0(302)
[2026-05-27T11:23:32.856+0530][14.112s][info][gc,heap     ] GC(341) Survivor regions: 6->5(39)
[2026-05-27T11:23:32.856+0530][14.112s][info][gc,heap     ] GC(341) Old regions: 10->10
[2026-05-27T11:23:32.856+0530][14.112s][info][gc,heap     ] GC(341) Archive regions: 2->2
[2026-05-27T11:23:32.856+0530][14.112s][info][gc,heap     ] GC(341) Humongous regions: 0->0
[2026-05-27T11:23:32.856+0530][14.112s][info][gc,metaspace] GC(341) Metaspace: 1745K(2048K)->1745K(2048K) NonClass: 1568K(1728K)->1568K(1728K) Class: 177K(320K)->177K(320K)
[2026-05-27T11:23:32.856+0530][14.112s][info][gc          ] GC(341) Pause Young (Normal) (G1 Evacuation Pause) 316M->14M(512M) 0.826ms
[2026-05-27T11:23:32.856+0530][14.112s][info][gc,cpu      ] GC(341) User=0.00s Sys=0.00s Real=0.00s
[2026-05-27T11:23:32.897+0530][14.153s][info][gc,start    ] GC(342) Pause Young (Normal) (G1 Evacuation Pause)
[2026-05-27T11:23:32.897+0530][14.153s][info][gc,task     ] GC(342) Using 9 workers of 9 for evacuation
[2026-05-27T11:23:32.898+0530][14.154s][info][gc,phases   ] GC(342)   Pre Evacuate Collection Set: 0.07ms
[2026-05-27T11:23:32.898+0530][14.154s][info][gc,phases   ] GC(342)   Merge Heap Roots: 0.05ms
[2026-05-27T11:23:32.898+0530][14.154s][info][gc,phases   ] GC(342)   Evacuate Collection Set: 0.34ms
[2026-05-27T11:23:32.898+0530][14.154s][info][gc,phases   ] GC(342)   Post Evacuate Collection Set: 0.18ms
[2026-05-27T11:23:32.898+0530][14.154s][info][gc,phases   ] GC(342)   Other: 0.12ms
[2026-05-27T11:23:32.898+0530][14.154s][info][gc,heap     ] GC(342) Eden regions: 302->0(300)
[2026-05-27T11:23:32.898+0530][14.154s][info][gc,heap     ] GC(342) Survivor regions: 5->7(39)
[2026-05-27T11:23:32.898+0530][14.154s][info][gc,heap     ] GC(342) Old regions: 10->10
[2026-05-27T11:23:32.898+0530][14.154s][info][gc,heap     ] GC(342) Archive regions: 2->2
[2026-05-27T11:23:32.898+0530][14.154s][info][gc,heap     ] GC(342) Humongous regions: 9->0
[2026-05-27T11:23:32.898+0530][14.154s][info][gc,metaspace] GC(342) Metaspace: 1745K(2048K)->1745K(2048K) NonClass: 1568K(1728K)->1568K(1728K) Class: 177K(320K)->177K(320K)
[2026-05-27T11:23:32.898+0530][14.154s][info][gc          ] GC(342) Pause Young (Normal) (G1 Evacuation Pause) 325M->16M(512M) 0.813ms
[2026-05-27T11:23:32.898+0530][14.154s][info][gc,cpu      ] GC(342) User=0.00s Sys=0.00s Real=0.00s
[2026-05-27T11:23:32.936+0530][14.192s][info][gc,start    ] GC(343) Pause Young (Normal) (G1 Evacuation Pause)
[2026-05-27T11:23:32.936+0530][14.192s][info][gc,task     ] GC(343) Using 9 workers of 9 for evacuation
[2026-05-27T11:23:32.937+0530][14.193s][info][gc,phases   ] GC(343)   Pre Evacuate Collection Set: 0.09ms
[2026-05-27T11:23:32.937+0530][14.193s][info][gc,phases   ] GC(343)   Merge Heap Roots: 0.05ms
[2026-05-27T11:23:32.937+0530][14.193s][info][gc,phases   ] GC(343)   Evacuate Collection Set: 0.29ms
[2026-05-27T11:23:32.937+0530][14.193s][info][gc,phases   ] GC(343)   Post Evacuate Collection Set: 0.22ms
[2026-05-27T11:23:32.937+0530][14.193s][info][gc,phases   ] GC(343)   Other: 0.12ms
[2026-05-27T11:23:32.937+0530][14.193s][info][gc,heap     ] GC(343) Eden regions: 300->0(301)
[2026-05-27T11:23:32.937+0530][14.193s][info][gc,heap     ] GC(343) Survivor regions: 7->6(39)
[2026-05-27T11:23:32.937+0530][14.193s][info][gc,heap     ] GC(343) Old regions: 10->10
[2026-05-27T11:23:32.937+0530][14.193s][info][gc,heap     ] GC(343) Archive regions: 2->2
[2026-05-27T11:23:32.937+0530][14.193s][info][gc,heap     ] GC(343) Humongous regions: 0->0
[2026-05-27T11:23:32.937+0530][14.193s][info][gc,metaspace] GC(343) Metaspace: 1745K(2048K)->1745K(2048K) NonClass: 1568K(1728K)->1568K(1728K) Class: 177K(320K)->177K(320K)
[2026-05-27T11:23:32.937+0530][14.193s][info][gc          ] GC(343) Pause Young (Normal) (G1 Evacuation Pause) 316M->15M(512M) 0.905ms
[2026-05-27T11:23:32.937+0530][14.193s][info][gc,cpu      ] GC(343) User=0.00s Sys=0.00s Real=0.00s
[2026-05-27T11:23:32.978+0530][14.234s][info][gc,start    ] GC(344) Pause Young (Normal) (G1 Evacuation Pause)
[2026-05-27T11:23:32.978+0530][14.235s][info][gc,task     ] GC(344) Using 9 workers of 9 for evacuation
[2026-05-27T11:23:32.979+0530][14.235s][info][gc,phases   ] GC(344)   Pre Evacuate Collection Set: 0.08ms
[2026-05-27T11:23:32.979+0530][14.235s][info][gc,phases   ] GC(344)   Merge Heap Roots: 0.07ms
[2026-05-27T11:23:32.979+0530][14.235s][info][gc,phases   ] GC(344)   Evacuate Collection Set: 0.29ms
[2026-05-27T11:23:32.979+0530][14.235s][info][gc,phases   ] GC(344)   Post Evacuate Collection Set: 0.21ms
[2026-05-27T11:23:32.979+0530][14.235s][info][gc,phases   ] GC(344)   Other: 0.11ms
[2026-05-27T11:23:32.979+0530][14.235s][info][gc,heap     ] GC(344) Eden regions: 301->0(301)
[2026-05-27T11:23:32.979+0530][14.235s][info][gc,heap     ] GC(344) Survivor regions: 6->6(39)
[2026-05-27T11:23:32.979+0530][14.235s][info][gc,heap     ] GC(344) Old regions: 10->10
[2026-05-27T11:23:32.979+0530][14.235s][info][gc,heap     ] GC(344) Archive regions: 2->2
[2026-05-27T11:23:32.979+0530][14.235s][info][gc,heap     ] GC(344) Humongous regions: 0->0
[2026-05-27T11:23:32.979+0530][14.235s][info][gc,metaspace] GC(344) Metaspace: 1745K(2048K)->1745K(2048K) NonClass: 1568K(1728K)->1568K(1728K) Class: 177K(320K)->177K(320K)
[2026-05-27T11:23:32.979+0530][14.235s][info][gc          ] GC(344) Pause Young (Normal) (G1 Evacuation Pause) 316M->15M(512M) 0.838ms
[2026-05-27T11:23:32.979+0530][14.235s][info][gc,cpu      ] GC(344) User=0.00s Sys=0.00s Real=0.00s
[2026-05-27T11:23:33.019+0530][14.276s][info][gc,start    ] GC(345) Pause Young (Normal) (G1 Evacuation Pause)
[2026-05-27T11:23:33.019+0530][14.276s][info][gc,task     ] GC(345) Using 9 workers of 9 for evacuation
[2026-05-27T11:23:33.020+0530][14.276s][info][gc,phases   ] GC(345)   Pre Evacuate Collection Set: 0.10ms
[2026-05-27T11:23:33.020+0530][14.276s][info][gc,phases   ] GC(345)   Merge Heap Roots: 0.04ms
[2026-05-27T11:23:33.020+0530][14.276s][info][gc,phases   ] GC(345)   Evacuate Collection Set: 0.28ms
[2026-05-27T11:23:33.020+0530][14.276s][info][gc,phases   ] GC(345)   Post Evacuate Collection Set: 0.18ms
[2026-05-27T11:23:33.020+0530][14.276s][info][gc,phases   ] GC(345)   Other: 0.09ms
[2026-05-27T11:23:33.020+0530][14.276s][info][gc,heap     ] GC(345) Eden regions: 301->0(302)
[2026-05-27T11:23:33.020+0530][14.276s][info][gc,heap     ] GC(345) Survivor regions: 6->5(39)
[2026-05-27T11:23:33.020+0530][14.276s][info][gc,heap     ] GC(345) Old regions: 10->10
[2026-05-27T11:23:33.020+0530][14.276s][info][gc,heap     ] GC(345) Archive regions: 2->2
[2026-05-27T11:23:33.020+0530][14.276s][info][gc,heap     ] GC(345) Humongous regions: 0->0
[2026-05-27T11:23:33.020+0530][14.276s][info][gc,metaspace] GC(345) Metaspace: 1745K(2048K)->1745K(2048K) NonClass: 1568K(1728K)->1568K(1728K) Class: 177K(320K)->177K(320K)
[2026-05-27T11:23:33.020+0530][14.276s][info][gc          ] GC(345) Pause Young (Normal) (G1 Evacuation Pause) 316M->15M(512M) 0.752ms
[2026-05-27T11:23:33.020+0530][14.276s][info][gc,cpu      ] GC(345) User=0.00s Sys=0.00s Real=0.01s
[2026-05-27T11:23:33.062+0530][14.318s][info][gc,start    ] GC(346) Pause Young (Normal) (G1 Evacuation Pause)
[2026-05-27T11:23:33.062+0530][14.318s][info][gc,task     ] GC(346) Using 9 workers of 9 for evacuation
[2026-05-27T11:23:33.062+0530][14.318s][info][gc,phases   ] GC(346)   Pre Evacuate Collection Set: 0.11ms
[2026-05-27T11:23:33.062+0530][14.318s][info][gc,phases   ] GC(346)   Merge Heap Roots: 0.05ms
[2026-05-27T11:23:33.062+0530][14.318s][info][gc,phases   ] GC(346)   Evacuate Collection Set: 0.31ms
[2026-05-27T11:23:33.062+0530][14.318s][info][gc,phases   ] GC(346)   Post Evacuate Collection Set: 0.19ms
[2026-05-27T11:23:33.062+0530][14.318s][info][gc,phases   ] GC(346)   Other: 0.12ms
[2026-05-27T11:23:33.062+0530][14.319s][info][gc,heap     ] GC(346) Eden regions: 302->0(302)
[2026-05-27T11:23:33.062+0530][14.319s][info][gc,heap     ] GC(346) Survivor regions: 5->5(39)
[2026-05-27T11:23:33.062+0530][14.319s][info][gc,heap     ] GC(346) Old regions: 10->10
[2026-05-27T11:23:33.062+0530][14.319s][info][gc,heap     ] GC(346) Archive regions: 2->2
[2026-05-27T11:23:33.062+0530][14.319s][info][gc,heap     ] GC(346) Humongous regions: 0->0
[2026-05-27T11:23:33.062+0530][14.319s][info][gc,metaspace] GC(346) Metaspace: 1745K(2048K)->1745K(2048K) NonClass: 1568K(1728K)->1568K(1728K) Class: 177K(320K)->177K(320K)
[2026-05-27T11:23:33.062+0530][14.319s][info][gc          ] GC(346) Pause Young (Normal) (G1 Evacuation Pause) 316M->15M(512M) 0.833ms
[2026-05-27T11:23:33.062+0530][14.319s][info][gc,cpu      ] GC(346) User=0.00s Sys=0.00s Real=0.00s
[2026-05-27T11:23:33.103+0530][14.359s][info][gc,start    ] GC(347) Pause Young (Normal) (G1 Evacuation Pause)
[2026-05-27T11:23:33.103+0530][14.359s][info][gc,task     ] GC(347) Using 9 workers of 9 for evacuation
[2026-05-27T11:23:33.103+0530][14.359s][info][gc,phases   ] GC(347)   Pre Evacuate Collection Set: 0.08ms
[2026-05-27T11:23:33.103+0530][14.359s][info][gc,phases   ] GC(347)   Merge Heap Roots: 0.04ms
[2026-05-27T11:23:33.103+0530][14.359s][info][gc,phases   ] GC(347)   Evacuate Collection Set: 0.27ms
[2026-05-27T11:23:33.103+0530][14.359s][info][gc,phases   ] GC(347)   Post Evacuate Collection Set: 0.15ms
[2026-05-27T11:23:33.103+0530][14.359s][info][gc,phases   ] GC(347)   Other: 0.11ms
[2026-05-27T11:23:33.103+0530][14.359s][info][gc,heap     ] GC(347) Eden regions: 302->0(304)
[2026-05-27T11:23:33.103+0530][14.359s][info][gc,heap     ] GC(347) Survivor regions: 5->3(39)
[2026-05-27T11:23:33.103+0530][14.359s][info][gc,heap     ] GC(347) Old regions: 10->10
[2026-05-27T11:23:33.103+0530][14.359s][info][gc,heap     ] GC(347) Archive regions: 2->2
[2026-05-27T11:23:33.103+0530][14.359s][info][gc,heap     ] GC(347) Humongous regions: 0->0
[2026-05-27T11:23:33.103+0530][14.359s][info][gc,metaspace] GC(347) Metaspace: 1745K(2048K)->1745K(2048K) NonClass: 1568K(1728K)->1568K(1728K) Class: 177K(320K)->177K(320K)
[2026-05-27T11:23:33.103+0530][14.359s][info][gc          ] GC(347) Pause Young (Normal) (G1 Evacuation Pause) 316M->12M(512M) 0.700ms
[2026-05-27T11:23:33.103+0530][14.359s][info][gc,cpu      ] GC(347) User=0.00s Sys=0.00s Real=0.00s
[2026-05-27T11:23:33.147+0530][14.403s][info][gc,start    ] GC(348) Pause Young (Normal) (G1 Evacuation Pause)
[2026-05-27T11:23:33.147+0530][14.403s][info][gc,task     ] GC(348) Using 9 workers of 9 for evacuation
[2026-05-27T11:23:33.148+0530][14.404s][info][gc,phases   ] GC(348)   Pre Evacuate Collection Set: 0.08ms
[2026-05-27T11:23:33.148+0530][14.404s][info][gc,phases   ] GC(348)   Merge Heap Roots: 0.05ms
[2026-05-27T11:23:33.148+0530][14.404s][info][gc,phases   ] GC(348)   Evacuate Collection Set: 0.26ms
[2026-05-27T11:23:33.148+0530][14.404s][info][gc,phases   ] GC(348)   Post Evacuate Collection Set: 0.16ms
[2026-05-27T11:23:33.148+0530][14.404s][info][gc,phases   ] GC(348)   Other: 0.11ms
[2026-05-27T11:23:33.148+0530][14.404s][info][gc,heap     ] GC(348) Eden regions: 304->0(301)
[2026-05-27T11:23:33.148+0530][14.404s][info][gc,heap     ] GC(348) Survivor regions: 3->6(39)
[2026-05-27T11:23:33.148+0530][14.404s][info][gc,heap     ] GC(348) Old regions: 10->10
[2026-05-27T11:23:33.148+0530][14.404s][info][gc,heap     ] GC(348) Archive regions: 2->2
[2026-05-27T11:23:33.148+0530][14.404s][info][gc,heap     ] GC(348) Humongous regions: 0->0
[2026-05-27T11:23:33.148+0530][14.404s][info][gc,metaspace] GC(348) Metaspace: 1745K(2048K)->1745K(2048K) NonClass: 1568K(1728K)->1568K(1728K) Class: 177K(320K)->177K(320K)
[2026-05-27T11:23:33.148+0530][14.404s][info][gc          ] GC(348) Pause Young (Normal) (G1 Evacuation Pause) 316M->15M(512M) 0.740ms
[2026-05-27T11:23:33.148+0530][14.404s][info][gc,cpu      ] GC(348) User=0.01s Sys=0.00s Real=0.00s
[2026-05-27T11:23:33.189+0530][14.445s][info][gc,start    ] GC(349) Pause Young (Normal) (G1 Evacuation Pause)
[2026-05-27T11:23:33.189+0530][14.445s][info][gc,task     ] GC(349) Using 9 workers of 9 for evacuation
[2026-05-27T11:23:33.189+0530][14.445s][info][gc,phases   ] GC(349)   Pre Evacuate Collection Set: 0.11ms
[2026-05-27T11:23:33.189+0530][14.445s][info][gc,phases   ] GC(349)   Merge Heap Roots: 0.04ms
[2026-05-27T11:23:33.189+0530][14.445s][info][gc,phases   ] GC(349)   Evacuate Collection Set: 0.27ms
[2026-05-27T11:23:33.189+0530][14.445s][info][gc,phases   ] GC(349)   Post Evacuate Collection Set: 0.21ms
[2026-05-27T11:23:33.189+0530][14.445s][info][gc,phases   ] GC(349)   Other: 0.10ms
[2026-05-27T11:23:33.189+0530][14.445s][info][gc,heap     ] GC(349) Eden regions: 301->0(301)
[2026-05-27T11:23:33.189+0530][14.445s][info][gc,heap     ] GC(349) Survivor regions: 6->6(39)
[2026-05-27T11:23:33.189+0530][14.445s][info][gc,heap     ] GC(349) Old regions: 10->10
[2026-05-27T11:23:33.189+0530][14.445s][info][gc,heap     ] GC(349) Archive regions: 2->2
[2026-05-27T11:23:33.189+0530][14.445s][info][gc,heap     ] GC(349) Humongous regions: 0->0
[2026-05-27T11:23:33.189+0530][14.445s][info][gc,metaspace] GC(349) Metaspace: 1745K(2048K)->1745K(2048K) NonClass: 1568K(1728K)->1568K(1728K) Class: 177K(320K)->177K(320K)
[2026-05-27T11:23:33.189+0530][14.445s][info][gc          ] GC(349) Pause Young (Normal) (G1 Evacuation Pause) 316M->15M(512M) 0.792ms
[2026-05-27T11:23:33.189+0530][14.445s][info][gc,cpu      ] GC(349) User=0.00s Sys=0.00s Real=0.00s
[2026-05-27T11:23:33.230+0530][14.486s][info][gc,start    ] GC(350) Pause Young (Normal) (G1 Evacuation Pause)
[2026-05-27T11:23:33.230+0530][14.486s][info][gc,task     ] GC(350) Using 9 workers of 9 for evacuation
[2026-05-27T11:23:33.231+0530][14.487s][info][gc,phases   ] GC(350)   Pre Evacuate Collection Set: 0.07ms
[2026-05-27T11:23:33.231+0530][14.487s][info][gc,phases   ] GC(350)   Merge Heap Roots: 0.08ms
[2026-05-27T11:23:33.231+0530][14.487s][info][gc,phases   ] GC(350)   Evacuate Collection Set: 0.40ms
[2026-05-27T11:23:33.231+0530][14.487s][info][gc,phases   ] GC(350)   Post Evacuate Collection Set: 0.19ms
[2026-05-27T11:23:33.231+0530][14.487s][info][gc,phases   ] GC(350)   Other: 0.10ms
[2026-05-27T11:23:33.231+0530][14.487s][info][gc,heap     ] GC(350) Eden regions: 301->0(301)
[2026-05-27T11:23:33.231+0530][14.487s][info][gc,heap     ] GC(350) Survivor regions: 6->6(39)
[2026-05-27T11:23:33.231+0530][14.487s][info][gc,heap     ] GC(350) Old regions: 10->10
[2026-05-27T11:23:33.231+0530][14.487s][info][gc,heap     ] GC(350) Archive regions: 2->2
[2026-05-27T11:23:33.231+0530][14.487s][info][gc,heap     ] GC(350) Humongous regions: 0->0
[2026-05-27T11:23:33.231+0530][14.487s][info][gc,metaspace] GC(350) Metaspace: 1745K(2048K)->1745K(2048K) NonClass: 1568K(1728K)->1568K(1728K) Class: 177K(320K)->177K(320K)
[2026-05-27T11:23:33.231+0530][14.487s][info][gc          ] GC(350) Pause Young (Normal) (G1 Evacuation Pause) 316M->15M(512M) 0.918ms
[2026-05-27T11:23:33.231+0530][14.487s][info][gc,cpu      ] GC(350) User=0.00s Sys=0.00s Real=0.00s
[2026-05-27T11:23:33.271+0530][14.527s][info][gc,start    ] GC(351) Pause Young (Normal) (G1 Evacuation Pause)
[2026-05-27T11:23:33.271+0530][14.527s][info][gc,task     ] GC(351) Using 9 workers of 9 for evacuation
[2026-05-27T11:23:33.272+0530][14.528s][info][gc,phases   ] GC(351)   Pre Evacuate Collection Set: 0.13ms
[2026-05-27T11:23:33.272+0530][14.528s][info][gc,phases   ] GC(351)   Merge Heap Roots: 0.15ms
[2026-05-27T11:23:33.272+0530][14.528s][info][gc,phases   ] GC(351)   Evacuate Collection Set: 0.29ms
[2026-05-27T11:23:33.272+0530][14.528s][info][gc,phases   ] GC(351)   Post Evacuate Collection Set: 0.22ms
[2026-05-27T11:23:33.272+0530][14.528s][info][gc,phases   ] GC(351)   Other: 0.11ms
[2026-05-27T11:23:33.272+0530][14.528s][info][gc,heap     ] GC(351) Eden regions: 301->0(300)
[2026-05-27T11:23:33.272+0530][14.528s][info][gc,heap     ] GC(351) Survivor regions: 6->7(39)
[2026-05-27T11:23:33.272+0530][14.528s][info][gc,heap     ] GC(351) Old regions: 10->10
[2026-05-27T11:23:33.272+0530][14.528s][info][gc,heap     ] GC(351) Archive regions: 2->2
[2026-05-27T11:23:33.272+0530][14.528s][info][gc,heap     ] GC(351) Humongous regions: 9->0
[2026-05-27T11:23:33.272+0530][14.528s][info][gc,metaspace] GC(351) Metaspace: 1745K(2048K)->1745K(2048K) NonClass: 1568K(1728K)->1568K(1728K) Class: 177K(320K)->177K(320K)
[2026-05-27T11:23:33.272+0530][14.528s][info][gc          ] GC(351) Pause Young (Normal) (G1 Evacuation Pause) 325M->16M(512M) 0.969ms
[2026-05-27T11:23:33.272+0530][14.528s][info][gc,cpu      ] GC(351) User=0.00s Sys=0.00s Real=0.00s
[2026-05-27T11:23:33.311+0530][14.567s][info][gc,start    ] GC(352) Pause Young (Normal) (G1 Evacuation Pause)
[2026-05-27T11:23:33.311+0530][14.568s][info][gc,task     ] GC(352) Using 9 workers of 9 for evacuation
[2026-05-27T11:23:33.312+0530][14.568s][info][gc,phases   ] GC(352)   Pre Evacuate Collection Set: 0.12ms
[2026-05-27T11:23:33.312+0530][14.568s][info][gc,phases   ] GC(352)   Merge Heap Roots: 0.04ms
[2026-05-27T11:23:33.312+0530][14.568s][info][gc,phases   ] GC(352)   Evacuate Collection Set: 0.27ms
[2026-05-27T11:23:33.312+0530][14.568s][info][gc,phases   ] GC(352)   Post Evacuate Collection Set: 0.17ms
[2026-05-27T11:23:33.312+0530][14.568s][info][gc,phases   ] GC(352)   Other: 0.10ms
[2026-05-27T11:23:33.312+0530][14.568s][info][gc,heap     ] GC(352) Eden regions: 300->0(302)
[2026-05-27T11:23:33.312+0530][14.568s][info][gc,heap     ] GC(352) Survivor regions: 7->5(39)
[2026-05-27T11:23:33.312+0530][14.568s][info][gc,heap     ] GC(352) Old regions: 10->10
[2026-05-27T11:23:33.312+0530][14.568s][info][gc,heap     ] GC(352) Archive regions: 2->2
[2026-05-27T11:23:33.312+0530][14.568s][info][gc,heap     ] GC(352) Humongous regions: 0->0
[2026-05-27T11:23:33.312+0530][14.568s][info][gc,metaspace] GC(352) Metaspace: 1745K(2048K)->1745K(2048K) NonClass: 1568K(1728K)->1568K(1728K) Class: 177K(320K)->177K(320K)
[2026-05-27T11:23:33.312+0530][14.568s][info][gc          ] GC(352) Pause Young (Normal) (G1 Evacuation Pause) 316M->14M(512M) 0.766ms
[2026-05-27T11:23:33.312+0530][14.568s][info][gc,cpu      ] GC(352) User=0.00s Sys=0.00s Real=0.00s
[2026-05-27T11:23:33.352+0530][14.608s][info][gc,start    ] GC(353) Pause Young (Normal) (G1 Evacuation Pause)
[2026-05-27T11:23:33.352+0530][14.608s][info][gc,task     ] GC(353) Using 9 workers of 9 for evacuation
[2026-05-27T11:23:33.353+0530][14.609s][info][gc,phases   ] GC(353)   Pre Evacuate Collection Set: 0.06ms
[2026-05-27T11:23:33.353+0530][14.609s][info][gc,phases   ] GC(353)   Merge Heap Roots: 0.08ms
[2026-05-27T11:23:33.353+0530][14.609s][info][gc,phases   ] GC(353)   Evacuate Collection Set: 0.28ms
[2026-05-27T11:23:33.353+0530][14.609s][info][gc,phases   ] GC(353)   Post Evacuate Collection Set: 0.25ms
[2026-05-27T11:23:33.353+0530][14.609s][info][gc,phases   ] GC(353)   Other: 0.11ms
[2026-05-27T11:23:33.353+0530][14.609s][info][gc,heap     ] GC(353) Eden regions: 302->0(300)
[2026-05-27T11:23:33.353+0530][14.609s][info][gc,heap     ] GC(353) Survivor regions: 5->7(39)
[2026-05-27T11:23:33.353+0530][14.609s][info][gc,heap     ] GC(353) Old regions: 10->10
[2026-05-27T11:23:33.353+0530][14.609s][info][gc,heap     ] GC(353) Archive regions: 2->2
[2026-05-27T11:23:33.353+0530][14.609s][info][gc,heap     ] GC(353) Humongous regions: 0->0
[2026-05-27T11:23:33.353+0530][14.609s][info][gc,metaspace] GC(353) Metaspace: 1745K(2048K)->1745K(2048K) NonClass: 1568K(1728K)->1568K(1728K) Class: 177K(320K)->177K(320K)
[2026-05-27T11:23:33.353+0530][14.609s][info][gc          ] GC(353) Pause Young (Normal) (G1 Evacuation Pause) 316M->16M(512M) 0.832ms
[2026-05-27T11:23:33.353+0530][14.609s][info][gc,cpu      ] GC(353) User=0.00s Sys=0.01s Real=0.00s
[2026-05-27T11:23:33.391+0530][14.648s][info][gc,start    ] GC(354) Pause Young (Normal) (G1 Evacuation Pause)
[2026-05-27T11:23:33.391+0530][14.648s][info][gc,task     ] GC(354) Using 9 workers of 9 for evacuation
[2026-05-27T11:23:33.392+0530][14.648s][info][gc,phases   ] GC(354)   Pre Evacuate Collection Set: 0.12ms
[2026-05-27T11:23:33.392+0530][14.648s][info][gc,phases   ] GC(354)   Merge Heap Roots: 0.09ms
[2026-05-27T11:23:33.392+0530][14.648s][info][gc,phases   ] GC(354)   Evacuate Collection Set: 0.25ms
[2026-05-27T11:23:33.392+0530][14.648s][info][gc,phases   ] GC(354)   Post Evacuate Collection Set: 0.18ms
[2026-05-27T11:23:33.392+0530][14.648s][info][gc,phases   ] GC(354)   Other: 0.11ms
[2026-05-27T11:23:33.392+0530][14.648s][info][gc,heap     ] GC(354) Eden regions: 300->0(301)
[2026-05-27T11:23:33.392+0530][14.648s][info][gc,heap     ] GC(354) Survivor regions: 7->6(39)
[2026-05-27T11:23:33.392+0530][14.648s][info][gc,heap     ] GC(354) Old regions: 10->10
[2026-05-27T11:23:33.392+0530][14.648s][info][gc,heap     ] GC(354) Archive regions: 2->2
[2026-05-27T11:23:33.392+0530][14.648s][info][gc,heap     ] GC(354) Humongous regions: 0->0
[2026-05-27T11:23:33.392+0530][14.648s][info][gc,metaspace] GC(354) Metaspace: 1745K(2048K)->1745K(2048K) NonClass: 1568K(1728K)->1568K(1728K) Class: 177K(320K)->177K(320K)
[2026-05-27T11:23:33.392+0530][14.648s][info][gc          ] GC(354) Pause Young (Normal) (G1 Evacuation Pause) 316M->15M(512M) 0.842ms
[2026-05-27T11:23:33.392+0530][14.648s][info][gc,cpu      ] GC(354) User=0.01s Sys=0.00s Real=0.00s
[2026-05-27T11:23:33.432+0530][14.688s][info][gc,start    ] GC(355) Pause Young (Normal) (G1 Evacuation Pause)
[2026-05-27T11:23:33.432+0530][14.688s][info][gc,task     ] GC(355) Using 9 workers of 9 for evacuation
[2026-05-27T11:23:33.433+0530][14.689s][info][gc,phases   ] GC(355)   Pre Evacuate Collection Set: 0.05ms
[2026-05-27T11:23:33.433+0530][14.689s][info][gc,phases   ] GC(355)   Merge Heap Roots: 0.05ms
[2026-05-27T11:23:33.433+0530][14.689s][info][gc,phases   ] GC(355)   Evacuate Collection Set: 0.25ms
[2026-05-27T11:23:33.433+0530][14.689s][info][gc,phases   ] GC(355)   Post Evacuate Collection Set: 0.16ms
[2026-05-27T11:23:33.433+0530][14.689s][info][gc,phases   ] GC(355)   Other: 0.11ms
[2026-05-27T11:23:33.433+0530][14.689s][info][gc,heap     ] GC(355) Eden regions: 301->0(301)
[2026-05-27T11:23:33.433+0530][14.689s][info][gc,heap     ] GC(355) Survivor regions: 6->6(39)
[2026-05-27T11:23:33.433+0530][14.689s][info][gc,heap     ] GC(355) Old regions: 10->10
[2026-05-27T11:23:33.433+0530][14.689s][info][gc,heap     ] GC(355) Archive regions: 2->2
[2026-05-27T11:23:33.433+0530][14.689s][info][gc,heap     ] GC(355) Humongous regions: 9->0
[2026-05-27T11:23:33.433+0530][14.689s][info][gc,metaspace] GC(355) Metaspace: 1745K(2048K)->1745K(2048K) NonClass: 1568K(1728K)->1568K(1728K) Class: 177K(320K)->177K(320K)
[2026-05-27T11:23:33.433+0530][14.689s][info][gc          ] GC(355) Pause Young (Normal) (G1 Evacuation Pause) 325M->15M(512M) 0.694ms
[2026-05-27T11:23:33.433+0530][14.689s][info][gc,cpu      ] GC(355) User=0.00s Sys=0.00s Real=0.00s
[2026-05-27T11:23:33.474+0530][14.731s][info][gc,start    ] GC(356) Pause Young (Normal) (G1 Evacuation Pause)
[2026-05-27T11:23:33.474+0530][14.731s][info][gc,task     ] GC(356) Using 9 workers of 9 for evacuation
[2026-05-27T11:23:33.475+0530][14.731s][info][gc,phases   ] GC(356)   Pre Evacuate Collection Set: 0.14ms
[2026-05-27T11:23:33.475+0530][14.731s][info][gc,phases   ] GC(356)   Merge Heap Roots: 0.04ms
[2026-05-27T11:23:33.475+0530][14.731s][info][gc,phases   ] GC(356)   Evacuate Collection Set: 0.24ms
[2026-05-27T11:23:33.475+0530][14.731s][info][gc,phases   ] GC(356)   Post Evacuate Collection Set: 0.23ms
[2026-05-27T11:23:33.475+0530][14.731s][info][gc,phases   ] GC(356)   Other: 0.11ms
[2026-05-27T11:23:33.475+0530][14.731s][info][gc,heap     ] GC(356) Eden regions: 301->0(302)
[2026-05-27T11:23:33.475+0530][14.731s][info][gc,heap     ] GC(356) Survivor regions: 6->5(39)
[2026-05-27T11:23:33.475+0530][14.731s][info][gc,heap     ] GC(356) Old regions: 10->10
[2026-05-27T11:23:33.475+0530][14.731s][info][gc,heap     ] GC(356) Archive regions: 2->2
[2026-05-27T11:23:33.475+0530][14.731s][info][gc,heap     ] GC(356) Humongous regions: 9->0
[2026-05-27T11:23:33.475+0530][14.731s][info][gc,metaspace] GC(356) Metaspace: 1745K(2048K)->1745K(2048K) NonClass: 1568K(1728K)->1568K(1728K) Class: 177K(320K)->177K(320K)
[2026-05-27T11:23:33.475+0530][14.731s][info][gc          ] GC(356) Pause Young (Normal) (G1 Evacuation Pause) 325M->14M(512M) 0.830ms
[2026-05-27T11:23:33.475+0530][14.731s][info][gc,cpu      ] GC(356) User=0.00s Sys=0.00s Real=0.00s
[2026-05-27T11:23:33.515+0530][14.771s][info][gc,start    ] GC(357) Pause Young (Normal) (G1 Evacuation Pause)
[2026-05-27T11:23:33.515+0530][14.771s][info][gc,task     ] GC(357) Using 9 workers of 9 for evacuation
[2026-05-27T11:23:33.516+0530][14.772s][info][gc,phases   ] GC(357)   Pre Evacuate Collection Set: 0.07ms
[2026-05-27T11:23:33.516+0530][14.772s][info][gc,phases   ] GC(357)   Merge Heap Roots: 0.13ms
[2026-05-27T11:23:33.516+0530][14.772s][info][gc,phases   ] GC(357)   Evacuate Collection Set: 0.27ms
[2026-05-27T11:23:33.516+0530][14.772s][info][gc,phases   ] GC(357)   Post Evacuate Collection Set: 0.28ms
[2026-05-27T11:23:33.516+0530][14.772s][info][gc,phases   ] GC(357)   Other: 0.12ms
[2026-05-27T11:23:33.516+0530][14.772s][info][gc,heap     ] GC(357) Eden regions: 302->0(301)
[2026-05-27T11:23:33.516+0530][14.772s][info][gc,heap     ] GC(357) Survivor regions: 5->6(39)
[2026-05-27T11:23:33.516+0530][14.772s][info][gc,heap     ] GC(357) Old regions: 10->10
[2026-05-27T11:23:33.516+0530][14.772s][info][gc,heap     ] GC(357) Archive regions: 2->2
[2026-05-27T11:23:33.516+0530][14.772s][info][gc,heap     ] GC(357) Humongous regions: 9->0
[2026-05-27T11:23:33.516+0530][14.772s][info][gc,metaspace] GC(357) Metaspace: 1745K(2048K)->1745K(2048K) NonClass: 1568K(1728K)->1568K(1728K) Class: 177K(320K)->177K(320K)
[2026-05-27T11:23:33.516+0530][14.772s][info][gc          ] GC(357) Pause Young (Normal) (G1 Evacuation Pause) 325M->15M(512M) 0.975ms
[2026-05-27T11:23:33.516+0530][14.772s][info][gc,cpu      ] GC(357) User=0.00s Sys=0.00s Real=0.00s
[2026-05-27T11:23:33.557+0530][14.813s][info][gc,start    ] GC(358) Pause Young (Normal) (G1 Evacuation Pause)
[2026-05-27T11:23:33.557+0530][14.813s][info][gc,task     ] GC(358) Using 9 workers of 9 for evacuation
[2026-05-27T11:23:33.558+0530][14.814s][info][gc,phases   ] GC(358)   Pre Evacuate Collection Set: 0.14ms
[2026-05-27T11:23:33.558+0530][14.814s][info][gc,phases   ] GC(358)   Merge Heap Roots: 0.06ms
[2026-05-27T11:23:33.558+0530][14.814s][info][gc,phases   ] GC(358)   Evacuate Collection Set: 0.30ms
[2026-05-27T11:23:33.558+0530][14.814s][info][gc,phases   ] GC(358)   Post Evacuate Collection Set: 0.20ms
[2026-05-27T11:23:33.558+0530][14.814s][info][gc,phases   ] GC(358)   Other: 0.11ms
[2026-05-27T11:23:33.558+0530][14.814s][info][gc,heap     ] GC(358) Eden regions: 301->0(301)
[2026-05-27T11:23:33.558+0530][14.814s][info][gc,heap     ] GC(358) Survivor regions: 6->6(39)
[2026-05-27T11:23:33.558+0530][14.814s][info][gc,heap     ] GC(358) Old regions: 10->10
[2026-05-27T11:23:33.558+0530][14.814s][info][gc,heap     ] GC(358) Archive regions: 2->2
[2026-05-27T11:23:33.558+0530][14.814s][info][gc,heap     ] GC(358) Humongous regions: 0->0
[2026-05-27T11:23:33.558+0530][14.814s][info][gc,metaspace] GC(358) Metaspace: 1745K(2048K)->1745K(2048K) NonClass: 1568K(1728K)->1568K(1728K) Class: 177K(320K)->177K(320K)
[2026-05-27T11:23:33.558+0530][14.814s][info][gc          ] GC(358) Pause Young (Normal) (G1 Evacuation Pause) 316M->15M(512M) 0.889ms
[2026-05-27T11:23:33.558+0530][14.814s][info][gc,cpu      ] GC(358) User=0.00s Sys=0.00s Real=0.00s
[2026-05-27T11:23:33.600+0530][14.856s][info][gc,start    ] GC(359) Pause Young (Normal) (G1 Evacuation Pause)
[2026-05-27T11:23:33.600+0530][14.856s][info][gc,task     ] GC(359) Using 9 workers of 9 for evacuation
[2026-05-27T11:23:33.601+0530][14.857s][info][gc,phases   ] GC(359)   Pre Evacuate Collection Set: 0.09ms
[2026-05-27T11:23:33.601+0530][14.857s][info][gc,phases   ] GC(359)   Merge Heap Roots: 0.06ms
[2026-05-27T11:23:33.601+0530][14.857s][info][gc,phases   ] GC(359)   Evacuate Collection Set: 0.48ms
[2026-05-27T11:23:33.601+0530][14.857s][info][gc,phases   ] GC(359)   Post Evacuate Collection Set: 0.20ms
[2026-05-27T11:23:33.601+0530][14.857s][info][gc,phases   ] GC(359)   Other: 0.11ms
[2026-05-27T11:23:33.601+0530][14.857s][info][gc,heap     ] GC(359) Eden regions: 301->0(303)
[2026-05-27T11:23:33.601+0530][14.857s][info][gc,heap     ] GC(359) Survivor regions: 6->4(39)
[2026-05-27T11:23:33.601+0530][14.857s][info][gc,heap     ] GC(359) Old regions: 10->10
[2026-05-27T11:23:33.601+0530][14.857s][info][gc,heap     ] GC(359) Archive regions: 2->2
[2026-05-27T11:23:33.601+0530][14.857s][info][gc,heap     ] GC(359) Humongous regions: 0->0
[2026-05-27T11:23:33.601+0530][14.857s][info][gc,metaspace] GC(359) Metaspace: 1745K(2048K)->1745K(2048K) NonClass: 1568K(1728K)->1568K(1728K) Class: 177K(320K)->177K(320K)
[2026-05-27T11:23:33.601+0530][14.857s][info][gc          ] GC(359) Pause Young (Normal) (G1 Evacuation Pause) 316M->13M(512M) 1.132ms
[2026-05-27T11:23:33.601+0530][14.857s][info][gc,cpu      ] GC(359) User=0.00s Sys=0.00s Real=0.00s
[2026-05-27T11:23:33.639+0530][14.895s][info][gc,start    ] GC(360) Pause Young (Normal) (G1 Evacuation Pause)
[2026-05-27T11:23:33.639+0530][14.895s][info][gc,task     ] GC(360) Using 9 workers of 9 for evacuation
[2026-05-27T11:23:33.640+0530][14.896s][info][gc,phases   ] GC(360)   Pre Evacuate Collection Set: 0.10ms
[2026-05-27T11:23:33.640+0530][14.896s][info][gc,phases   ] GC(360)   Merge Heap Roots: 0.06ms
[2026-05-27T11:23:33.640+0530][14.896s][info][gc,phases   ] GC(360)   Evacuate Collection Set: 0.25ms
[2026-05-27T11:23:33.640+0530][14.896s][info][gc,phases   ] GC(360)   Post Evacuate Collection Set: 0.17ms
[2026-05-27T11:23:33.640+0530][14.896s][info][gc,phases   ] GC(360)   Other: 0.09ms
[2026-05-27T11:23:33.640+0530][14.896s][info][gc,heap     ] GC(360) Eden regions: 303->0(301)
[2026-05-27T11:23:33.640+0530][14.896s][info][gc,heap     ] GC(360) Survivor regions: 4->6(39)
[2026-05-27T11:23:33.640+0530][14.896s][info][gc,heap     ] GC(360) Old regions: 10->10
[2026-05-27T11:23:33.640+0530][14.896s][info][gc,heap     ] GC(360) Archive regions: 2->2
[2026-05-27T11:23:33.640+0530][14.896s][info][gc,heap     ] GC(360) Humongous regions: 0->0
[2026-05-27T11:23:33.640+0530][14.896s][info][gc,metaspace] GC(360) Metaspace: 1745K(2048K)->1745K(2048K) NonClass: 1568K(1728K)->1568K(1728K) Class: 177K(320K)->177K(320K)
[2026-05-27T11:23:33.640+0530][14.896s][info][gc          ] GC(360) Pause Young (Normal) (G1 Evacuation Pause) 316M->15M(512M) 0.737ms
[2026-05-27T11:23:33.640+0530][14.896s][info][gc,cpu      ] GC(360) User=0.00s Sys=0.00s Real=0.01s
[2026-05-27T11:23:33.683+0530][14.940s][info][gc,start    ] GC(361) Pause Young (Normal) (G1 Evacuation Pause)
[2026-05-27T11:23:33.683+0530][14.940s][info][gc,task     ] GC(361) Using 9 workers of 9 for evacuation
[2026-05-27T11:23:33.684+0530][14.940s][info][gc,phases   ] GC(361)   Pre Evacuate Collection Set: 0.06ms
[2026-05-27T11:23:33.684+0530][14.940s][info][gc,phases   ] GC(361)   Merge Heap Roots: 0.04ms
[2026-05-27T11:23:33.684+0530][14.940s][info][gc,phases   ] GC(361)   Evacuate Collection Set: 0.36ms
[2026-05-27T11:23:33.684+0530][14.940s][info][gc,phases   ] GC(361)   Post Evacuate Collection Set: 0.17ms
[2026-05-27T11:23:33.684+0530][14.940s][info][gc,phases   ] GC(361)   Other: 0.10ms
[2026-05-27T11:23:33.684+0530][14.940s][info][gc,heap     ] GC(361) Eden regions: 301->0(302)
[2026-05-27T11:23:33.684+0530][14.940s][info][gc,heap     ] GC(361) Survivor regions: 6->5(39)
[2026-05-27T11:23:33.684+0530][14.940s][info][gc,heap     ] GC(361) Old regions: 10->10
[2026-05-27T11:23:33.684+0530][14.940s][info][gc,heap     ] GC(361) Archive regions: 2->2
[2026-05-27T11:23:33.684+0530][14.940s][info][gc,heap     ] GC(361) Humongous regions: 9->0
[2026-05-27T11:23:33.684+0530][14.940s][info][gc,metaspace] GC(361) Metaspace: 1745K(2048K)->1745K(2048K) NonClass: 1568K(1728K)->1568K(1728K) Class: 177K(320K)->177K(320K)
[2026-05-27T11:23:33.684+0530][14.940s][info][gc          ] GC(361) Pause Young (Normal) (G1 Evacuation Pause) 325M->14M(512M) 0.821ms
[2026-05-27T11:23:33.684+0530][14.940s][info][gc,cpu      ] GC(361) User=0.00s Sys=0.00s Real=0.00s
[2026-05-27T11:23:33.723+0530][14.979s][info][gc,start    ] GC(362) Pause Young (Normal) (G1 Evacuation Pause)
[2026-05-27T11:23:33.723+0530][14.979s][info][gc,task     ] GC(362) Using 9 workers of 9 for evacuation
[2026-05-27T11:23:33.723+0530][14.980s][info][gc,phases   ] GC(362)   Pre Evacuate Collection Set: 0.07ms
[2026-05-27T11:23:33.723+0530][14.980s][info][gc,phases   ] GC(362)   Merge Heap Roots: 0.04ms
[2026-05-27T11:23:33.723+0530][14.980s][info][gc,phases   ] GC(362)   Evacuate Collection Set: 0.21ms
[2026-05-27T11:23:33.723+0530][14.980s][info][gc,phases   ] GC(362)   Post Evacuate Collection Set: 0.16ms
[2026-05-27T11:23:33.723+0530][14.980s][info][gc,phases   ] GC(362)   Other: 0.10ms
[2026-05-27T11:23:33.723+0530][14.980s][info][gc,heap     ] GC(362) Eden regions: 302->0(306)
[2026-05-27T11:23:33.723+0530][14.980s][info][gc,heap     ] GC(362) Survivor regions: 5->1(39)
[2026-05-27T11:23:33.723+0530][14.980s][info][gc,heap     ] GC(362) Old regions: 10->10
[2026-05-27T11:23:33.723+0530][14.980s][info][gc,heap     ] GC(362) Archive regions: 2->2
[2026-05-27T11:23:33.723+0530][14.980s][info][gc,heap     ] GC(362) Humongous regions: 9->0
[2026-05-27T11:23:33.723+0530][14.980s][info][gc,metaspace] GC(362) Metaspace: 1745K(2048K)->1745K(2048K) NonClass: 1568K(1728K)->1568K(1728K) Class: 177K(320K)->177K(320K)
[2026-05-27T11:23:33.723+0530][14.980s][info][gc          ] GC(362) Pause Young (Normal) (G1 Evacuation Pause) 325M->10M(512M) 0.645ms
[2026-05-27T11:23:33.724+0530][14.980s][info][gc,cpu      ] GC(362) User=0.00s Sys=0.00s Real=0.00s
[2026-05-27T11:23:33.766+0530][15.022s][info][gc,start    ] GC(363) Pause Young (Normal) (G1 Evacuation Pause)
[2026-05-27T11:23:33.766+0530][15.023s][info][gc,task     ] GC(363) Using 9 workers of 9 for evacuation
[2026-05-27T11:23:33.767+0530][15.023s][info][gc,phases   ] GC(363)   Pre Evacuate Collection Set: 0.12ms
[2026-05-27T11:23:33.767+0530][15.023s][info][gc,phases   ] GC(363)   Merge Heap Roots: 0.05ms
[2026-05-27T11:23:33.767+0530][15.023s][info][gc,phases   ] GC(363)   Evacuate Collection Set: 0.31ms
[2026-05-27T11:23:33.767+0530][15.023s][info][gc,phases   ] GC(363)   Post Evacuate Collection Set: 0.22ms
[2026-05-27T11:23:33.767+0530][15.023s][info][gc,phases   ] GC(363)   Other: 0.14ms
[2026-05-27T11:23:33.767+0530][15.023s][info][gc,heap     ] GC(363) Eden regions: 306->0(306)
[2026-05-27T11:23:33.767+0530][15.023s][info][gc,heap     ] GC(363) Survivor regions: 1->1(39)
[2026-05-27T11:23:33.767+0530][15.023s][info][gc,heap     ] GC(363) Old regions: 10->10
[2026-05-27T11:23:33.767+0530][15.023s][info][gc,heap     ] GC(363) Archive regions: 2->2
[2026-05-27T11:23:33.767+0530][15.023s][info][gc,heap     ] GC(363) Humongous regions: 0->0
[2026-05-27T11:23:33.767+0530][15.023s][info][gc,metaspace] GC(363) Metaspace: 1745K(2048K)->1745K(2048K) NonClass: 1568K(1728K)->1568K(1728K) Class: 177K(320K)->177K(320K)
[2026-05-27T11:23:33.767+0530][15.023s][info][gc          ] GC(363) Pause Young (Normal) (G1 Evacuation Pause) 316M->10M(512M) 0.925ms
[2026-05-27T11:23:33.767+0530][15.023s][info][gc,cpu      ] GC(363) User=0.00s Sys=0.00s Real=0.00s
[2026-05-27T11:23:33.808+0530][15.064s][info][gc,start    ] GC(364) Pause Young (Normal) (G1 Evacuation Pause)
[2026-05-27T11:23:33.808+0530][15.064s][info][gc,task     ] GC(364) Using 9 workers of 9 for evacuation
[2026-05-27T11:23:33.809+0530][15.065s][info][gc,phases   ] GC(364)   Pre Evacuate Collection Set: 0.06ms
[2026-05-27T11:23:33.809+0530][15.065s][info][gc,phases   ] GC(364)   Merge Heap Roots: 0.05ms
[2026-05-27T11:23:33.809+0530][15.065s][info][gc,phases   ] GC(364)   Evacuate Collection Set: 0.34ms
[2026-05-27T11:23:33.809+0530][15.065s][info][gc,phases   ] GC(364)   Post Evacuate Collection Set: 0.19ms
[2026-05-27T11:23:33.809+0530][15.065s][info][gc,phases   ] GC(364)   Other: 0.11ms
[2026-05-27T11:23:33.809+0530][15.065s][info][gc,heap     ] GC(364) Eden regions: 306->0(302)
[2026-05-27T11:23:33.809+0530][15.065s][info][gc,heap     ] GC(364) Survivor regions: 1->5(39)
[2026-05-27T11:23:33.809+0530][15.065s][info][gc,heap     ] GC(364) Old regions: 10->10
[2026-05-27T11:23:33.809+0530][15.065s][info][gc,heap     ] GC(364) Archive regions: 2->2
[2026-05-27T11:23:33.809+0530][15.065s][info][gc,heap     ] GC(364) Humongous regions: 9->0
[2026-05-27T11:23:33.809+0530][15.065s][info][gc,metaspace] GC(364) Metaspace: 1745K(2048K)->1745K(2048K) NonClass: 1568K(1728K)->1568K(1728K) Class: 177K(320K)->177K(320K)
[2026-05-27T11:23:33.809+0530][15.065s][info][gc          ] GC(364) Pause Young (Normal) (G1 Evacuation Pause) 325M->14M(512M) 0.841ms
[2026-05-27T11:23:33.809+0530][15.065s][info][gc,cpu      ] GC(364) User=0.01s Sys=0.00s Real=0.00s
[2026-05-27T11:23:33.852+0530][15.108s][info][gc,start    ] GC(365) Pause Young (Normal) (G1 Evacuation Pause)
[2026-05-27T11:23:33.852+0530][15.108s][info][gc,task     ] GC(365) Using 9 workers of 9 for evacuation
[2026-05-27T11:23:33.852+0530][15.109s][info][gc,phases   ] GC(365)   Pre Evacuate Collection Set: 0.11ms
[2026-05-27T11:23:33.852+0530][15.109s][info][gc,phases   ] GC(365)   Merge Heap Roots: 0.06ms
[2026-05-27T11:23:33.852+0530][15.109s][info][gc,phases   ] GC(365)   Evacuate Collection Set: 0.31ms
[2026-05-27T11:23:33.852+0530][15.109s][info][gc,phases   ] GC(365)   Post Evacuate Collection Set: 0.21ms
[2026-05-27T11:23:33.852+0530][15.109s][info][gc,phases   ] GC(365)   Other: 0.10ms
[2026-05-27T11:23:33.852+0530][15.109s][info][gc,heap     ] GC(365) Eden regions: 302->0(302)
[2026-05-27T11:23:33.852+0530][15.109s][info][gc,heap     ] GC(365) Survivor regions: 5->5(39)
[2026-05-27T11:23:33.852+0530][15.109s][info][gc,heap     ] GC(365) Old regions: 10->10
[2026-05-27T11:23:33.852+0530][15.109s][info][gc,heap     ] GC(365) Archive regions: 2->2
[2026-05-27T11:23:33.852+0530][15.109s][info][gc,heap     ] GC(365) Humongous regions: 9->0
[2026-05-27T11:23:33.852+0530][15.109s][info][gc,metaspace] GC(365) Metaspace: 1745K(2048K)->1745K(2048K) NonClass: 1568K(1728K)->1568K(1728K) Class: 177K(320K)->177K(320K)
[2026-05-27T11:23:33.852+0530][15.109s][info][gc          ] GC(365) Pause Young (Normal) (G1 Evacuation Pause) 325M->15M(512M) 0.883ms
[2026-05-27T11:23:33.852+0530][15.109s][info][gc,cpu      ] GC(365) User=0.00s Sys=0.00s Real=0.00s
[2026-05-27T11:23:33.894+0530][15.151s][info][gc,start    ] GC(366) Pause Young (Normal) (G1 Evacuation Pause)
[2026-05-27T11:23:33.894+0530][15.151s][info][gc,task     ] GC(366) Using 9 workers of 9 for evacuation
[2026-05-27T11:23:33.895+0530][15.151s][info][gc,phases   ] GC(366)   Pre Evacuate Collection Set: 0.08ms
[2026-05-27T11:23:33.895+0530][15.151s][info][gc,phases   ] GC(366)   Merge Heap Roots: 0.06ms
[2026-05-27T11:23:33.895+0530][15.151s][info][gc,phases   ] GC(366)   Evacuate Collection Set: 0.30ms
[2026-05-27T11:23:33.895+0530][15.151s][info][gc,phases   ] GC(366)   Post Evacuate Collection Set: 0.18ms
[2026-05-27T11:23:33.895+0530][15.151s][info][gc,phases   ] GC(366)   Other: 0.10ms
[2026-05-27T11:23:33.895+0530][15.151s][info][gc,heap     ] GC(366) Eden regions: 302->0(301)
[2026-05-27T11:23:33.895+0530][15.151s][info][gc,heap     ] GC(366) Survivor regions: 5->6(39)
[2026-05-27T11:23:33.895+0530][15.151s][info][gc,heap     ] GC(366) Old regions: 10->10
[2026-05-27T11:23:33.895+0530][15.151s][info][gc,heap     ] GC(366) Archive regions: 2->2
[2026-05-27T11:23:33.895+0530][15.151s][info][gc,heap     ] GC(366) Humongous regions: 0->0
[2026-05-27T11:23:33.895+0530][15.151s][info][gc,metaspace] GC(366) Metaspace: 1745K(2048K)->1745K(2048K) NonClass: 1568K(1728K)->1568K(1728K) Class: 177K(320K)->177K(320K)
[2026-05-27T11:23:33.895+0530][15.151s][info][gc          ] GC(366) Pause Young (Normal) (G1 Evacuation Pause) 316M->15M(512M) 0.814ms
[2026-05-27T11:23:33.895+0530][15.151s][info][gc,cpu      ] GC(366) User=0.00s Sys=0.00s Real=0.00s
[2026-05-27T11:23:33.935+0530][15.191s][info][gc,start    ] GC(367) Pause Young (Normal) (G1 Evacuation Pause)
[2026-05-27T11:23:33.935+0530][15.191s][info][gc,task     ] GC(367) Using 9 workers of 9 for evacuation
[2026-05-27T11:23:33.936+0530][15.192s][info][gc,phases   ] GC(367)   Pre Evacuate Collection Set: 0.10ms
[2026-05-27T11:23:33.936+0530][15.192s][info][gc,phases   ] GC(367)   Merge Heap Roots: 0.05ms
[2026-05-27T11:23:33.936+0530][15.192s][info][gc,phases   ] GC(367)   Evacuate Collection Set: 0.25ms
[2026-05-27T11:23:33.936+0530][15.192s][info][gc,phases   ] GC(367)   Post Evacuate Collection Set: 0.18ms
[2026-05-27T11:23:33.936+0530][15.192s][info][gc,phases   ] GC(367)   Other: 0.14ms
[2026-05-27T11:23:33.936+0530][15.192s][info][gc,heap     ] GC(367) Eden regions: 301->0(301)
[2026-05-27T11:23:33.936+0530][15.192s][info][gc,heap     ] GC(367) Survivor regions: 6->6(39)
[2026-05-27T11:23:33.936+0530][15.192s][info][gc,heap     ] GC(367) Old regions: 10->10
[2026-05-27T11:23:33.936+0530][15.192s][info][gc,heap     ] GC(367) Archive regions: 2->2
[2026-05-27T11:23:33.936+0530][15.192s][info][gc,heap     ] GC(367) Humongous regions: 0->0
[2026-05-27T11:23:33.936+0530][15.192s][info][gc,metaspace] GC(367) Metaspace: 1745K(2048K)->1745K(2048K) NonClass: 1568K(1728K)->1568K(1728K) Class: 177K(320K)->177K(320K)
[2026-05-27T11:23:33.936+0530][15.192s][info][gc          ] GC(367) Pause Young (Normal) (G1 Evacuation Pause) 316M->15M(512M) 0.757ms
[2026-05-27T11:23:33.936+0530][15.192s][info][gc,cpu      ] GC(367) User=0.01s Sys=0.00s Real=0.00s
[2026-05-27T11:23:33.975+0530][15.231s][info][gc,start    ] GC(368) Pause Young (Normal) (G1 Evacuation Pause)
[2026-05-27T11:23:33.975+0530][15.231s][info][gc,task     ] GC(368) Using 9 workers of 9 for evacuation
[2026-05-27T11:23:33.975+0530][15.231s][info][gc,phases   ] GC(368)   Pre Evacuate Collection Set: 0.08ms
[2026-05-27T11:23:33.975+0530][15.231s][info][gc,phases   ] GC(368)   Merge Heap Roots: 0.05ms
[2026-05-27T11:23:33.975+0530][15.231s][info][gc,phases   ] GC(368)   Evacuate Collection Set: 0.28ms
[2026-05-27T11:23:33.975+0530][15.231s][info][gc,phases   ] GC(368)   Post Evacuate Collection Set: 0.19ms
[2026-05-27T11:23:33.975+0530][15.232s][info][gc,phases   ] GC(368)   Other: 0.12ms
[2026-05-27T11:23:33.975+0530][15.232s][info][gc,heap     ] GC(368) Eden regions: 301->0(301)
[2026-05-27T11:23:33.975+0530][15.232s][info][gc,heap     ] GC(368) Survivor regions: 6->6(39)
[2026-05-27T11:23:33.975+0530][15.232s][info][gc,heap     ] GC(368) Old regions: 10->10
[2026-05-27T11:23:33.975+0530][15.232s][info][gc,heap     ] GC(368) Archive regions: 2->2
[2026-05-27T11:23:33.975+0530][15.232s][info][gc,heap     ] GC(368) Humongous regions: 0->0
[2026-05-27T11:23:33.975+0530][15.232s][info][gc,metaspace] GC(368) Metaspace: 1745K(2048K)->1745K(2048K) NonClass: 1568K(1728K)->1568K(1728K) Class: 177K(320K)->177K(320K)
[2026-05-27T11:23:33.975+0530][15.232s][info][gc          ] GC(368) Pause Young (Normal) (G1 Evacuation Pause) 316M->16M(512M) 0.795ms
[2026-05-27T11:23:33.975+0530][15.232s][info][gc,cpu      ] GC(368) User=0.00s Sys=0.00s Real=0.00s
[2026-05-27T11:23:34.017+0530][15.273s][info][gc,start    ] GC(369) Pause Young (Normal) (G1 Evacuation Pause)
[2026-05-27T11:23:34.017+0530][15.273s][info][gc,task     ] GC(369) Using 9 workers of 9 for evacuation
[2026-05-27T11:23:34.018+0530][15.274s][info][gc,phases   ] GC(369)   Pre Evacuate Collection Set: 0.14ms
[2026-05-27T11:23:34.018+0530][15.274s][info][gc,phases   ] GC(369)   Merge Heap Roots: 0.15ms
[2026-05-27T11:23:34.018+0530][15.274s][info][gc,phases   ] GC(369)   Evacuate Collection Set: 0.46ms
[2026-05-27T11:23:34.018+0530][15.274s][info][gc,phases   ] GC(369)   Post Evacuate Collection Set: 0.19ms
[2026-05-27T11:23:34.018+0530][15.274s][info][gc,phases   ] GC(369)   Other: 0.13ms
[2026-05-27T11:23:34.018+0530][15.274s][info][gc,heap     ] GC(369) Eden regions: 301->0(302)
[2026-05-27T11:23:34.018+0530][15.274s][info][gc,heap     ] GC(369) Survivor regions: 6->5(39)
[2026-05-27T11:23:34.018+0530][15.274s][info][gc,heap     ] GC(369) Old regions: 10->10
[2026-05-27T11:23:34.018+0530][15.274s][info][gc,heap     ] GC(369) Archive regions: 2->2
[2026-05-27T11:23:34.018+0530][15.274s][info][gc,heap     ] GC(369) Humongous regions: 9->0
[2026-05-27T11:23:34.018+0530][15.274s][info][gc,metaspace] GC(369) Metaspace: 1745K(2048K)->1745K(2048K) NonClass: 1568K(1728K)->1568K(1728K) Class: 177K(320K)->177K(320K)
[2026-05-27T11:23:34.018+0530][15.274s][info][gc          ] GC(369) Pause Young (Normal) (G1 Evacuation Pause) 325M->15M(512M) 1.141ms
[2026-05-27T11:23:34.018+0530][15.274s][info][gc,cpu      ] GC(369) User=0.00s Sys=0.00s Real=0.00s
[2026-05-27T11:23:34.059+0530][15.315s][info][gc,start    ] GC(370) Pause Young (Normal) (G1 Evacuation Pause)
[2026-05-27T11:23:34.059+0530][15.315s][info][gc,task     ] GC(370) Using 9 workers of 9 for evacuation
[2026-05-27T11:23:34.060+0530][15.316s][info][gc,phases   ] GC(370)   Pre Evacuate Collection Set: 0.13ms
[2026-05-27T11:23:34.060+0530][15.316s][info][gc,phases   ] GC(370)   Merge Heap Roots: 0.10ms
[2026-05-27T11:23:34.060+0530][15.316s][info][gc,phases   ] GC(370)   Evacuate Collection Set: 0.32ms
[2026-05-27T11:23:34.060+0530][15.316s][info][gc,phases   ] GC(370)   Post Evacuate Collection Set: 0.21ms
[2026-05-27T11:23:34.060+0530][15.316s][info][gc,phases   ] GC(370)   Other: 0.12ms
[2026-05-27T11:23:34.060+0530][15.316s][info][gc,heap     ] GC(370) Eden regions: 302->0(305)
[2026-05-27T11:23:34.060+0530][15.316s][info][gc,heap     ] GC(370) Survivor regions: 5->2(39)
[2026-05-27T11:23:34.060+0530][15.316s][info][gc,heap     ] GC(370) Old regions: 10->10
[2026-05-27T11:23:34.060+0530][15.316s][info][gc,heap     ] GC(370) Archive regions: 2->2
[2026-05-27T11:23:34.060+0530][15.316s][info][gc,heap     ] GC(370) Humongous regions: 9->0
[2026-05-27T11:23:34.060+0530][15.316s][info][gc,metaspace] GC(370) Metaspace: 1745K(2048K)->1745K(2048K) NonClass: 1568K(1728K)->1568K(1728K) Class: 177K(320K)->177K(320K)
[2026-05-27T11:23:34.060+0530][15.316s][info][gc          ] GC(370) Pause Young (Normal) (G1 Evacuation Pause) 325M->11M(512M) 0.961ms
[2026-05-27T11:23:34.060+0530][15.316s][info][gc,cpu      ] GC(370) User=0.00s Sys=0.00s Real=0.01s
[2026-05-27T11:23:34.099+0530][15.355s][info][gc,start    ] GC(371) Pause Young (Normal) (G1 Evacuation Pause)
[2026-05-27T11:23:34.099+0530][15.355s][info][gc,task     ] GC(371) Using 9 workers of 9 for evacuation
[2026-05-27T11:23:34.099+0530][15.355s][info][gc,phases   ] GC(371)   Pre Evacuate Collection Set: 0.08ms
[2026-05-27T11:23:34.099+0530][15.355s][info][gc,phases   ] GC(371)   Merge Heap Roots: 0.05ms
[2026-05-27T11:23:34.099+0530][15.355s][info][gc,phases   ] GC(371)   Evacuate Collection Set: 0.24ms
[2026-05-27T11:23:34.099+0530][15.355s][info][gc,phases   ] GC(371)   Post Evacuate Collection Set: 0.25ms
[2026-05-27T11:23:34.099+0530][15.355s][info][gc,phases   ] GC(371)   Other: 0.10ms
[2026-05-27T11:23:34.099+0530][15.355s][info][gc,heap     ] GC(371) Eden regions: 305->0(300)
[2026-05-27T11:23:34.099+0530][15.355s][info][gc,heap     ] GC(371) Survivor regions: 2->7(39)
[2026-05-27T11:23:34.099+0530][15.356s][info][gc,heap     ] GC(371) Old regions: 10->10
[2026-05-27T11:23:34.099+0530][15.356s][info][gc,heap     ] GC(371) Archive regions: 2->2
[2026-05-27T11:23:34.099+0530][15.356s][info][gc,heap     ] GC(371) Humongous regions: 9->0
[2026-05-27T11:23:34.099+0530][15.356s][info][gc,metaspace] GC(371) Metaspace: 1745K(2048K)->1745K(2048K) NonClass: 1568K(1728K)->1568K(1728K) Class: 177K(320K)->177K(320K)
[2026-05-27T11:23:34.099+0530][15.356s][info][gc          ] GC(371) Pause Young (Normal) (G1 Evacuation Pause) 324M->16M(512M) 0.765ms
[2026-05-27T11:23:34.099+0530][15.356s][info][gc,cpu      ] GC(371) User=0.00s Sys=0.00s Real=0.00s
[2026-05-27T11:23:34.144+0530][15.401s][info][gc,start    ] GC(372) Pause Young (Normal) (G1 Evacuation Pause)
[2026-05-27T11:23:34.144+0530][15.401s][info][gc,task     ] GC(372) Using 9 workers of 9 for evacuation
[2026-05-27T11:23:34.145+0530][15.401s][info][gc,phases   ] GC(372)   Pre Evacuate Collection Set: 0.06ms
[2026-05-27T11:23:34.145+0530][15.401s][info][gc,phases   ] GC(372)   Merge Heap Roots: 0.05ms
[2026-05-27T11:23:34.145+0530][15.401s][info][gc,phases   ] GC(372)   Evacuate Collection Set: 0.30ms
[2026-05-27T11:23:34.145+0530][15.401s][info][gc,phases   ] GC(372)   Post Evacuate Collection Set: 0.25ms
[2026-05-27T11:23:34.145+0530][15.401s][info][gc,phases   ] GC(372)   Other: 0.10ms
[2026-05-27T11:23:34.145+0530][15.401s][info][gc,heap     ] GC(372) Eden regions: 300->0(302)
[2026-05-27T11:23:34.145+0530][15.401s][info][gc,heap     ] GC(372) Survivor regions: 7->5(39)
[2026-05-27T11:23:34.145+0530][15.401s][info][gc,heap     ] GC(372) Old regions: 10->10
[2026-05-27T11:23:34.145+0530][15.401s][info][gc,heap     ] GC(372) Archive regions: 2->2
[2026-05-27T11:23:34.145+0530][15.401s][info][gc,heap     ] GC(372) Humongous regions: 9->0
[2026-05-27T11:23:34.145+0530][15.401s][info][gc,metaspace] GC(372) Metaspace: 1745K(2048K)->1745K(2048K) NonClass: 1568K(1728K)->1568K(1728K) Class: 177K(320K)->177K(320K)
[2026-05-27T11:23:34.145+0530][15.401s][info][gc          ] GC(372) Pause Young (Normal) (G1 Evacuation Pause) 325M->14M(512M) 0.847ms
[2026-05-27T11:23:34.145+0530][15.401s][info][gc,cpu      ] GC(372) User=0.00s Sys=0.00s Real=0.00s
[2026-05-27T11:23:34.187+0530][15.443s][info][gc,start    ] GC(373) Pause Young (Normal) (G1 Evacuation Pause)
[2026-05-27T11:23:34.187+0530][15.443s][info][gc,task     ] GC(373) Using 9 workers of 9 for evacuation
[2026-05-27T11:23:34.188+0530][15.444s][info][gc,phases   ] GC(373)   Pre Evacuate Collection Set: 0.07ms
[2026-05-27T11:23:34.188+0530][15.444s][info][gc,phases   ] GC(373)   Merge Heap Roots: 0.06ms
[2026-05-27T11:23:34.188+0530][15.444s][info][gc,phases   ] GC(373)   Evacuate Collection Set: 0.22ms
[2026-05-27T11:23:34.188+0530][15.444s][info][gc,phases   ] GC(373)   Post Evacuate Collection Set: 0.19ms
[2026-05-27T11:23:34.188+0530][15.444s][info][gc,phases   ] GC(373)   Other: 0.12ms
[2026-05-27T11:23:34.188+0530][15.444s][info][gc,heap     ] GC(373) Eden regions: 302->0(302)
[2026-05-27T11:23:34.188+0530][15.444s][info][gc,heap     ] GC(373) Survivor regions: 5->5(39)
[2026-05-27T11:23:34.188+0530][15.444s][info][gc,heap     ] GC(373) Old regions: 10->10
[2026-05-27T11:23:34.188+0530][15.444s][info][gc,heap     ] GC(373) Archive regions: 2->2
[2026-05-27T11:23:34.188+0530][15.444s][info][gc,heap     ] GC(373) Humongous regions: 9->0
[2026-05-27T11:23:34.188+0530][15.444s][info][gc,metaspace] GC(373) Metaspace: 1745K(2048K)->1745K(2048K) NonClass: 1568K(1728K)->1568K(1728K) Class: 177K(320K)->177K(320K)
[2026-05-27T11:23:34.188+0530][15.444s][info][gc          ] GC(373) Pause Young (Normal) (G1 Evacuation Pause) 325M->14M(512M) 0.721ms
[2026-05-27T11:23:34.188+0530][15.444s][info][gc,cpu      ] GC(373) User=0.00s Sys=0.00s Real=0.00s
[2026-05-27T11:23:34.229+0530][15.485s][info][gc,start    ] GC(374) Pause Young (Normal) (G1 Evacuation Pause)
[2026-05-27T11:23:34.229+0530][15.485s][info][gc,task     ] GC(374) Using 9 workers of 9 for evacuation
[2026-05-27T11:23:34.230+0530][15.486s][info][gc,phases   ] GC(374)   Pre Evacuate Collection Set: 0.13ms
[2026-05-27T11:23:34.230+0530][15.486s][info][gc,phases   ] GC(374)   Merge Heap Roots: 0.05ms
[2026-05-27T11:23:34.230+0530][15.486s][info][gc,phases   ] GC(374)   Evacuate Collection Set: 0.32ms
[2026-05-27T11:23:34.230+0530][15.486s][info][gc,phases   ] GC(374)   Post Evacuate Collection Set: 0.21ms
[2026-05-27T11:23:34.230+0530][15.486s][info][gc,phases   ] GC(374)   Other: 0.13ms
[2026-05-27T11:23:34.230+0530][15.486s][info][gc,heap     ] GC(374) Eden regions: 302->0(302)
[2026-05-27T11:23:34.230+0530][15.486s][info][gc,heap     ] GC(374) Survivor regions: 5->5(39)
[2026-05-27T11:23:34.230+0530][15.486s][info][gc,heap     ] GC(374) Old regions: 10->10
[2026-05-27T11:23:34.230+0530][15.486s][info][gc,heap     ] GC(374) Archive regions: 2->2
[2026-05-27T11:23:34.230+0530][15.486s][info][gc,heap     ] GC(374) Humongous regions: 9->0
[2026-05-27T11:23:34.230+0530][15.486s][info][gc,metaspace] GC(374) Metaspace: 1745K(2048K)->1745K(2048K) NonClass: 1568K(1728K)->1568K(1728K) Class: 177K(320K)->177K(320K)
[2026-05-27T11:23:34.230+0530][15.486s][info][gc          ] GC(374) Pause Young (Normal) (G1 Evacuation Pause) 325M->14M(512M) 0.933ms
[2026-05-27T11:23:34.230+0530][15.486s][info][gc,cpu      ] GC(374) User=0.00s Sys=0.00s Real=0.01s
[2026-05-27T11:23:34.271+0530][15.527s][info][gc,start    ] GC(375) Pause Young (Normal) (G1 Evacuation Pause)
[2026-05-27T11:23:34.271+0530][15.527s][info][gc,task     ] GC(375) Using 9 workers of 9 for evacuation
[2026-05-27T11:23:34.272+0530][15.528s][info][gc,phases   ] GC(375)   Pre Evacuate Collection Set: 0.07ms
[2026-05-27T11:23:34.272+0530][15.528s][info][gc,phases   ] GC(375)   Merge Heap Roots: 0.05ms
[2026-05-27T11:23:34.272+0530][15.528s][info][gc,phases   ] GC(375)   Evacuate Collection Set: 0.28ms
[2026-05-27T11:23:34.272+0530][15.528s][info][gc,phases   ] GC(375)   Post Evacuate Collection Set: 0.22ms
[2026-05-27T11:23:34.272+0530][15.528s][info][gc,phases   ] GC(375)   Other: 0.10ms
[2026-05-27T11:23:34.272+0530][15.528s][info][gc,heap     ] GC(375) Eden regions: 302->0(301)
[2026-05-27T11:23:34.272+0530][15.528s][info][gc,heap     ] GC(375) Survivor regions: 5->6(39)
[2026-05-27T11:23:34.272+0530][15.528s][info][gc,heap     ] GC(375) Old regions: 10->10
[2026-05-27T11:23:34.272+0530][15.528s][info][gc,heap     ] GC(375) Archive regions: 2->2
[2026-05-27T11:23:34.272+0530][15.528s][info][gc,heap     ] GC(375) Humongous regions: 9->0
[2026-05-27T11:23:34.272+0530][15.528s][info][gc,metaspace] GC(375) Metaspace: 1745K(2048K)->1745K(2048K) NonClass: 1568K(1728K)->1568K(1728K) Class: 177K(320K)->177K(320K)
[2026-05-27T11:23:34.272+0530][15.528s][info][gc          ] GC(375) Pause Young (Normal) (G1 Evacuation Pause) 325M->15M(512M) 0.781ms
[2026-05-27T11:23:34.272+0530][15.528s][info][gc,cpu      ] GC(375) User=0.00s Sys=0.00s Real=0.00s
[2026-05-27T11:23:34.311+0530][15.568s][info][gc,start    ] GC(376) Pause Young (Normal) (G1 Evacuation Pause)
[2026-05-27T11:23:34.312+0530][15.568s][info][gc,task     ] GC(376) Using 9 workers of 9 for evacuation
[2026-05-27T11:23:34.312+0530][15.568s][info][gc,phases   ] GC(376)   Pre Evacuate Collection Set: 0.07ms
[2026-05-27T11:23:34.312+0530][15.568s][info][gc,phases   ] GC(376)   Merge Heap Roots: 0.04ms
[2026-05-27T11:23:34.312+0530][15.568s][info][gc,phases   ] GC(376)   Evacuate Collection Set: 0.26ms
[2026-05-27T11:23:34.312+0530][15.568s][info][gc,phases   ] GC(376)   Post Evacuate Collection Set: 0.18ms
[2026-05-27T11:23:34.312+0530][15.568s][info][gc,phases   ] GC(376)   Other: 0.11ms
[2026-05-27T11:23:34.312+0530][15.568s][info][gc,heap     ] GC(376) Eden regions: 301->0(301)
[2026-05-27T11:23:34.312+0530][15.568s][info][gc,heap     ] GC(376) Survivor regions: 6->6(39)
[2026-05-27T11:23:34.312+0530][15.568s][info][gc,heap     ] GC(376) Old regions: 10->10
[2026-05-27T11:23:34.312+0530][15.568s][info][gc,heap     ] GC(376) Archive regions: 2->2
[2026-05-27T11:23:34.312+0530][15.568s][info][gc,heap     ] GC(376) Humongous regions: 0->0
[2026-05-27T11:23:34.312+0530][15.568s][info][gc,metaspace] GC(376) Metaspace: 1745K(2048K)->1745K(2048K) NonClass: 1568K(1728K)->1568K(1728K) Class: 177K(320K)->177K(320K)
[2026-05-27T11:23:34.312+0530][15.568s][info][gc          ] GC(376) Pause Young (Normal) (G1 Evacuation Pause) 316M->15M(512M) 0.747ms
[2026-05-27T11:23:34.312+0530][15.568s][info][gc,cpu      ] GC(376) User=0.01s Sys=0.00s Real=0.00s
[2026-05-27T11:23:34.354+0530][15.610s][info][gc,start    ] GC(377) Pause Young (Normal) (G1 Evacuation Pause)
[2026-05-27T11:23:34.354+0530][15.610s][info][gc,task     ] GC(377) Using 9 workers of 9 for evacuation
[2026-05-27T11:23:34.355+0530][15.611s][info][gc,phases   ] GC(377)   Pre Evacuate Collection Set: 0.08ms
[2026-05-27T11:23:34.355+0530][15.611s][info][gc,phases   ] GC(377)   Merge Heap Roots: 0.05ms
[2026-05-27T11:23:34.355+0530][15.611s][info][gc,phases   ] GC(377)   Evacuate Collection Set: 0.30ms
[2026-05-27T11:23:34.355+0530][15.611s][info][gc,phases   ] GC(377)   Post Evacuate Collection Set: 0.18ms
[2026-05-27T11:23:34.355+0530][15.611s][info][gc,phases   ] GC(377)   Other: 0.10ms
[2026-05-27T11:23:34.355+0530][15.611s][info][gc,heap     ] GC(377) Eden regions: 301->0(303)
[2026-05-27T11:23:34.355+0530][15.611s][info][gc,heap     ] GC(377) Survivor regions: 6->4(39)
[2026-05-27T11:23:34.355+0530][15.611s][info][gc,heap     ] GC(377) Old regions: 10->10
[2026-05-27T11:23:34.355+0530][15.611s][info][gc,heap     ] GC(377) Archive regions: 2->2
[2026-05-27T11:23:34.355+0530][15.611s][info][gc,heap     ] GC(377) Humongous regions: 9->0
[2026-05-27T11:23:34.355+0530][15.611s][info][gc,metaspace] GC(377) Metaspace: 1745K(2048K)->1745K(2048K) NonClass: 1568K(1728K)->1568K(1728K) Class: 177K(320K)->177K(320K)
[2026-05-27T11:23:34.355+0530][15.611s][info][gc          ] GC(377) Pause Young (Normal) (G1 Evacuation Pause) 325M->14M(512M) 0.771ms
[2026-05-27T11:23:34.355+0530][15.611s][info][gc,cpu      ] GC(377) User=0.00s Sys=0.00s Real=0.00s
[2026-05-27T11:23:34.404+0530][15.660s][info][gc,start    ] GC(378) Pause Young (Normal) (G1 Evacuation Pause)
[2026-05-27T11:23:34.404+0530][15.660s][info][gc,task     ] GC(378) Using 9 workers of 9 for evacuation
[2026-05-27T11:23:34.409+0530][15.665s][info][gc,phases   ] GC(378)   Pre Evacuate Collection Set: 0.06ms
[2026-05-27T11:23:34.409+0530][15.665s][info][gc,phases   ] GC(378)   Merge Heap Roots: 0.09ms
[2026-05-27T11:23:34.409+0530][15.665s][info][gc,phases   ] GC(378)   Evacuate Collection Set: 4.43ms
[2026-05-27T11:23:34.409+0530][15.665s][info][gc,phases   ] GC(378)   Post Evacuate Collection Set: 0.39ms
[2026-05-27T11:23:34.409+0530][15.665s][info][gc,phases   ] GC(378)   Other: 0.13ms
[2026-05-27T11:23:34.409+0530][15.665s][info][gc,heap     ] GC(378) Eden regions: 303->0(306)
[2026-05-27T11:23:34.409+0530][15.665s][info][gc,heap     ] GC(378) Survivor regions: 4->1(39)
[2026-05-27T11:23:34.409+0530][15.665s][info][gc,heap     ] GC(378) Old regions: 10->10
[2026-05-27T11:23:34.409+0530][15.665s][info][gc,heap     ] GC(378) Archive regions: 2->2
[2026-05-27T11:23:34.409+0530][15.666s][info][gc,heap     ] GC(378) Humongous regions: 9->0
[2026-05-27T11:23:34.409+0530][15.666s][info][gc,metaspace] GC(378) Metaspace: 1745K(2048K)->1745K(2048K) NonClass: 1568K(1728K)->1568K(1728K) Class: 177K(320K)->177K(320K)
[2026-05-27T11:23:34.409+0530][15.666s][info][gc          ] GC(378) Pause Young (Normal) (G1 Evacuation Pause) 326M->10M(512M) 5.344ms
[2026-05-27T11:23:34.409+0530][15.666s][info][gc,cpu      ] GC(378) User=0.00s Sys=0.01s Real=0.00s
[2026-05-27T11:23:34.456+0530][15.713s][info][gc,start    ] GC(379) Pause Young (Normal) (G1 Evacuation Pause)
[2026-05-27T11:23:34.456+0530][15.713s][info][gc,task     ] GC(379) Using 9 workers of 9 for evacuation
[2026-05-27T11:23:34.457+0530][15.713s][info][gc,phases   ] GC(379)   Pre Evacuate Collection Set: 0.08ms
[2026-05-27T11:23:34.457+0530][15.713s][info][gc,phases   ] GC(379)   Merge Heap Roots: 0.13ms
[2026-05-27T11:23:34.457+0530][15.713s][info][gc,phases   ] GC(379)   Evacuate Collection Set: 0.31ms
[2026-05-27T11:23:34.457+0530][15.713s][info][gc,phases   ] GC(379)   Post Evacuate Collection Set: 0.22ms
[2026-05-27T11:23:34.457+0530][15.713s][info][gc,phases   ] GC(379)   Other: 0.13ms
[2026-05-27T11:23:34.457+0530][15.713s][info][gc,heap     ] GC(379) Eden regions: 306->0(300)
[2026-05-27T11:23:34.457+0530][15.713s][info][gc,heap     ] GC(379) Survivor regions: 1->7(39)
[2026-05-27T11:23:34.457+0530][15.713s][info][gc,heap     ] GC(379) Old regions: 10->10
[2026-05-27T11:23:34.457+0530][15.713s][info][gc,heap     ] GC(379) Archive regions: 2->2
[2026-05-27T11:23:34.457+0530][15.713s][info][gc,heap     ] GC(379) Humongous regions: 0->0
[2026-05-27T11:23:34.457+0530][15.713s][info][gc,metaspace] GC(379) Metaspace: 1745K(2048K)->1745K(2048K) NonClass: 1568K(1728K)->1568K(1728K) Class: 177K(320K)->177K(320K)
[2026-05-27T11:23:34.457+0530][15.714s][info][gc          ] GC(379) Pause Young (Normal) (G1 Evacuation Pause) 316M->16M(512M) 0.959ms
[2026-05-27T11:23:34.457+0530][15.714s][info][gc,cpu      ] GC(379) User=0.00s Sys=0.00s Real=0.00s
[2026-05-27T11:23:34.495+0530][15.751s][info][gc,start    ] GC(380) Pause Young (Normal) (G1 Evacuation Pause)
[2026-05-27T11:23:34.495+0530][15.751s][info][gc,task     ] GC(380) Using 9 workers of 9 for evacuation
[2026-05-27T11:23:34.496+0530][15.752s][info][gc,phases   ] GC(380)   Pre Evacuate Collection Set: 0.09ms
[2026-05-27T11:23:34.496+0530][15.752s][info][gc,phases   ] GC(380)   Merge Heap Roots: 0.05ms
[2026-05-27T11:23:34.496+0530][15.752s][info][gc,phases   ] GC(380)   Evacuate Collection Set: 0.32ms
[2026-05-27T11:23:34.496+0530][15.752s][info][gc,phases   ] GC(380)   Post Evacuate Collection Set: 0.20ms
[2026-05-27T11:23:34.496+0530][15.752s][info][gc,phases   ] GC(380)   Other: 0.09ms
[2026-05-27T11:23:34.496+0530][15.752s][info][gc,heap     ] GC(380) Eden regions: 300->0(303)
[2026-05-27T11:23:34.496+0530][15.752s][info][gc,heap     ] GC(380) Survivor regions: 7->4(39)
[2026-05-27T11:23:34.496+0530][15.752s][info][gc,heap     ] GC(380) Old regions: 10->10
[2026-05-27T11:23:34.496+0530][15.752s][info][gc,heap     ] GC(380) Archive regions: 2->2
[2026-05-27T11:23:34.496+0530][15.752s][info][gc,heap     ] GC(380) Humongous regions: 0->0
[2026-05-27T11:23:34.496+0530][15.752s][info][gc,metaspace] GC(380) Metaspace: 1745K(2048K)->1745K(2048K) NonClass: 1568K(1728K)->1568K(1728K) Class: 177K(320K)->177K(320K)
[2026-05-27T11:23:34.496+0530][15.752s][info][gc          ] GC(380) Pause Young (Normal) (G1 Evacuation Pause) 316M->13M(512M) 0.803ms
[2026-05-27T11:23:34.496+0530][15.752s][info][gc,cpu      ] GC(380) User=0.00s Sys=0.00s Real=0.00s
[2026-05-27T11:23:34.537+0530][15.793s][info][gc,start    ] GC(381) Pause Young (Normal) (G1 Evacuation Pause)
[2026-05-27T11:23:34.537+0530][15.793s][info][gc,task     ] GC(381) Using 9 workers of 9 for evacuation
[2026-05-27T11:23:34.537+0530][15.793s][info][gc,phases   ] GC(381)   Pre Evacuate Collection Set: 0.05ms
[2026-05-27T11:23:34.537+0530][15.793s][info][gc,phases   ] GC(381)   Merge Heap Roots: 0.07ms
[2026-05-27T11:23:34.537+0530][15.793s][info][gc,phases   ] GC(381)   Evacuate Collection Set: 0.27ms
[2026-05-27T11:23:34.537+0530][15.793s][info][gc,phases   ] GC(381)   Post Evacuate Collection Set: 0.16ms
[2026-05-27T11:23:34.537+0530][15.793s][info][gc,phases   ] GC(381)   Other: 0.10ms
[2026-05-27T11:23:34.537+0530][15.793s][info][gc,heap     ] GC(381) Eden regions: 303->0(301)
[2026-05-27T11:23:34.537+0530][15.793s][info][gc,heap     ] GC(381) Survivor regions: 4->6(39)
[2026-05-27T11:23:34.537+0530][15.793s][info][gc,heap     ] GC(381) Old regions: 10->10
[2026-05-27T11:23:34.537+0530][15.793s][info][gc,heap     ] GC(381) Archive regions: 2->2
[2026-05-27T11:23:34.537+0530][15.793s][info][gc,heap     ] GC(381) Humongous regions: 0->0
[2026-05-27T11:23:34.537+0530][15.793s][info][gc,metaspace] GC(381) Metaspace: 1745K(2048K)->1745K(2048K) NonClass: 1568K(1728K)->1568K(1728K) Class: 177K(320K)->177K(320K)
[2026-05-27T11:23:34.537+0530][15.793s][info][gc          ] GC(381) Pause Young (Normal) (G1 Evacuation Pause) 316M->15M(512M) 0.714ms
[2026-05-27T11:23:34.537+0530][15.793s][info][gc,cpu      ] GC(381) User=0.01s Sys=0.00s Real=0.00s
[2026-05-27T11:23:34.576+0530][15.832s][info][gc,start    ] GC(382) Pause Young (Normal) (G1 Evacuation Pause)
[2026-05-27T11:23:34.576+0530][15.832s][info][gc,task     ] GC(382) Using 9 workers of 9 for evacuation
[2026-05-27T11:23:34.576+0530][15.833s][info][gc,phases   ] GC(382)   Pre Evacuate Collection Set: 0.11ms
[2026-05-27T11:23:34.576+0530][15.833s][info][gc,phases   ] GC(382)   Merge Heap Roots: 0.04ms
[2026-05-27T11:23:34.576+0530][15.833s][info][gc,phases   ] GC(382)   Evacuate Collection Set: 0.27ms
[2026-05-27T11:23:34.576+0530][15.833s][info][gc,phases   ] GC(382)   Post Evacuate Collection Set: 0.21ms
[2026-05-27T11:23:34.577+0530][15.833s][info][gc,phases   ] GC(382)   Other: 0.11ms
[2026-05-27T11:23:34.577+0530][15.833s][info][gc,heap     ] GC(382) Eden regions: 301->0(301)
[2026-05-27T11:23:34.577+0530][15.833s][info][gc,heap     ] GC(382) Survivor regions: 6->6(39)
[2026-05-27T11:23:34.577+0530][15.833s][info][gc,heap     ] GC(382) Old regions: 10->10
[2026-05-27T11:23:34.577+0530][15.833s][info][gc,heap     ] GC(382) Archive regions: 2->2
[2026-05-27T11:23:34.577+0530][15.833s][info][gc,heap     ] GC(382) Humongous regions: 0->0
[2026-05-27T11:23:34.577+0530][15.833s][info][gc,metaspace] GC(382) Metaspace: 1745K(2048K)->1745K(2048K) NonClass: 1568K(1728K)->1568K(1728K) Class: 177K(320K)->177K(320K)
[2026-05-27T11:23:34.577+0530][15.833s][info][gc          ] GC(382) Pause Young (Normal) (G1 Evacuation Pause) 316M->15M(512M) 0.829ms
[2026-05-27T11:23:34.577+0530][15.833s][info][gc,cpu      ] GC(382) User=0.00s Sys=0.00s Real=0.00s
[2026-05-27T11:23:34.619+0530][15.875s][info][gc,start    ] GC(383) Pause Young (Normal) (G1 Evacuation Pause)
[2026-05-27T11:23:34.619+0530][15.875s][info][gc,task     ] GC(383) Using 9 workers of 9 for evacuation
[2026-05-27T11:23:34.620+0530][15.876s][info][gc,phases   ] GC(383)   Pre Evacuate Collection Set: 0.08ms
[2026-05-27T11:23:34.620+0530][15.876s][info][gc,phases   ] GC(383)   Merge Heap Roots: 0.05ms
[2026-05-27T11:23:34.620+0530][15.876s][info][gc,phases   ] GC(383)   Evacuate Collection Set: 0.26ms
[2026-05-27T11:23:34.620+0530][15.876s][info][gc,phases   ] GC(383)   Post Evacuate Collection Set: 0.20ms
[2026-05-27T11:23:34.620+0530][15.876s][info][gc,phases   ] GC(383)   Other: 0.10ms
[2026-05-27T11:23:34.620+0530][15.876s][info][gc,heap     ] GC(383) Eden regions: 301->0(302)
[2026-05-27T11:23:34.620+0530][15.876s][info][gc,heap     ] GC(383) Survivor regions: 6->5(39)
[2026-05-27T11:23:34.620+0530][15.876s][info][gc,heap     ] GC(383) Old regions: 10->10
[2026-05-27T11:23:34.620+0530][15.876s][info][gc,heap     ] GC(383) Archive regions: 2->2
[2026-05-27T11:23:34.620+0530][15.876s][info][gc,heap     ] GC(383) Humongous regions: 0->0
[2026-05-27T11:23:34.620+0530][15.876s][info][gc,metaspace] GC(383) Metaspace: 1745K(2048K)->1745K(2048K) NonClass: 1568K(1728K)->1568K(1728K) Class: 177K(320K)->177K(320K)
[2026-05-27T11:23:34.620+0530][15.876s][info][gc          ] GC(383) Pause Young (Normal) (G1 Evacuation Pause) 316M->14M(512M) 0.754ms
[2026-05-27T11:23:34.620+0530][15.876s][info][gc,cpu      ] GC(383) User=0.00s Sys=0.00s Real=0.01s
[2026-05-27T11:23:34.662+0530][15.918s][info][gc,start    ] GC(384) Pause Young (Normal) (G1 Evacuation Pause)
[2026-05-27T11:23:34.662+0530][15.918s][info][gc,task     ] GC(384) Using 9 workers of 9 for evacuation
[2026-05-27T11:23:34.663+0530][15.919s][info][gc,phases   ] GC(384)   Pre Evacuate Collection Set: 0.06ms
[2026-05-27T11:23:34.663+0530][15.919s][info][gc,phases   ] GC(384)   Merge Heap Roots: 0.06ms
[2026-05-27T11:23:34.663+0530][15.919s][info][gc,phases   ] GC(384)   Evacuate Collection Set: 0.54ms
[2026-05-27T11:23:34.663+0530][15.919s][info][gc,phases   ] GC(384)   Post Evacuate Collection Set: 0.18ms
[2026-05-27T11:23:34.663+0530][15.919s][info][gc,phases   ] GC(384)   Other: 0.11ms
[2026-05-27T11:23:34.663+0530][15.919s][info][gc,heap     ] GC(384) Eden regions: 302->0(295)
[2026-05-27T11:23:34.663+0530][15.919s][info][gc,heap     ] GC(384) Survivor regions: 5->12(39)
[2026-05-27T11:23:34.663+0530][15.919s][info][gc,heap     ] GC(384) Old regions: 10->10
[2026-05-27T11:23:34.663+0530][15.919s][info][gc,heap     ] GC(384) Archive regions: 2->2
[2026-05-27T11:23:34.663+0530][15.919s][info][gc,heap     ] GC(384) Humongous regions: 9->0
[2026-05-27T11:23:34.663+0530][15.919s][info][gc,metaspace] GC(384) Metaspace: 1745K(2048K)->1745K(2048K) NonClass: 1568K(1728K)->1568K(1728K) Class: 177K(320K)->177K(320K)
[2026-05-27T11:23:34.663+0530][15.919s][info][gc          ] GC(384) Pause Young (Normal) (G1 Evacuation Pause) 325M->21M(512M) 1.043ms
[2026-05-27T11:23:34.663+0530][15.919s][info][gc,cpu      ] GC(384) User=0.00s Sys=0.00s Real=0.00s
[2026-05-27T11:23:34.704+0530][15.960s][info][gc,start    ] GC(385) Pause Young (Normal) (G1 Evacuation Pause)
[2026-05-27T11:23:34.704+0530][15.960s][info][gc,task     ] GC(385) Using 9 workers of 9 for evacuation
[2026-05-27T11:23:34.705+0530][15.961s][info][gc,phases   ] GC(385)   Pre Evacuate Collection Set: 0.08ms
[2026-05-27T11:23:34.705+0530][15.961s][info][gc,phases   ] GC(385)   Merge Heap Roots: 0.05ms
[2026-05-27T11:23:34.705+0530][15.961s][info][gc,phases   ] GC(385)   Evacuate Collection Set: 0.30ms
[2026-05-27T11:23:34.705+0530][15.961s][info][gc,phases   ] GC(385)   Post Evacuate Collection Set: 0.18ms
[2026-05-27T11:23:34.705+0530][15.961s][info][gc,phases   ] GC(385)   Other: 0.13ms
[2026-05-27T11:23:34.705+0530][15.961s][info][gc,heap     ] GC(385) Eden regions: 295->0(300)
[2026-05-27T11:23:34.705+0530][15.961s][info][gc,heap     ] GC(385) Survivor regions: 12->7(39)
[2026-05-27T11:23:34.705+0530][15.961s][info][gc,heap     ] GC(385) Old regions: 10->10
[2026-05-27T11:23:34.705+0530][15.961s][info][gc,heap     ] GC(385) Archive regions: 2->2
[2026-05-27T11:23:34.705+0530][15.961s][info][gc,heap     ] GC(385) Humongous regions: 0->0
[2026-05-27T11:23:34.705+0530][15.961s][info][gc,metaspace] GC(385) Metaspace: 1745K(2048K)->1745K(2048K) NonClass: 1568K(1728K)->1568K(1728K) Class: 177K(320K)->177K(320K)
[2026-05-27T11:23:34.705+0530][15.961s][info][gc          ] GC(385) Pause Young (Normal) (G1 Evacuation Pause) 316M->16M(512M) 0.814ms
[2026-05-27T11:23:34.705+0530][15.961s][info][gc,cpu      ] GC(385) User=0.00s Sys=0.00s Real=0.00s
[2026-05-27T11:23:34.747+0530][16.003s][info][gc,start    ] GC(386) Pause Young (Normal) (G1 Evacuation Pause)
[2026-05-27T11:23:34.747+0530][16.003s][info][gc,task     ] GC(386) Using 9 workers of 9 for evacuation
[2026-05-27T11:23:34.747+0530][16.004s][info][gc,phases   ] GC(386)   Pre Evacuate Collection Set: 0.05ms
[2026-05-27T11:23:34.747+0530][16.004s][info][gc,phases   ] GC(386)   Merge Heap Roots: 0.08ms
[2026-05-27T11:23:34.747+0530][16.004s][info][gc,phases   ] GC(386)   Evacuate Collection Set: 0.24ms
[2026-05-27T11:23:34.747+0530][16.004s][info][gc,phases   ] GC(386)   Post Evacuate Collection Set: 0.20ms
[2026-05-27T11:23:34.747+0530][16.004s][info][gc,phases   ] GC(386)   Other: 0.12ms
[2026-05-27T11:23:34.747+0530][16.004s][info][gc,heap     ] GC(386) Eden regions: 300->0(302)
[2026-05-27T11:23:34.747+0530][16.004s][info][gc,heap     ] GC(386) Survivor regions: 7->5(39)
[2026-05-27T11:23:34.747+0530][16.004s][info][gc,heap     ] GC(386) Old regions: 10->10
[2026-05-27T11:23:34.747+0530][16.004s][info][gc,heap     ] GC(386) Archive regions: 2->2
[2026-05-27T11:23:34.747+0530][16.004s][info][gc,heap     ] GC(386) Humongous regions: 9->0
[2026-05-27T11:23:34.747+0530][16.004s][info][gc,metaspace] GC(386) Metaspace: 1745K(2048K)->1745K(2048K) NonClass: 1568K(1728K)->1568K(1728K) Class: 177K(320K)->177K(320K)
[2026-05-27T11:23:34.748+0530][16.004s][info][gc          ] GC(386) Pause Young (Normal) (G1 Evacuation Pause) 325M->14M(512M) 0.757ms
[2026-05-27T11:23:34.748+0530][16.004s][info][gc,cpu      ] GC(386) User=0.00s Sys=0.00s Real=0.00s
[2026-05-27T11:23:34.787+0530][16.043s][info][gc,start    ] GC(387) Pause Young (Normal) (G1 Evacuation Pause)
[2026-05-27T11:23:34.787+0530][16.043s][info][gc,task     ] GC(387) Using 9 workers of 9 for evacuation
[2026-05-27T11:23:34.788+0530][16.044s][info][gc,phases   ] GC(387)   Pre Evacuate Collection Set: 0.09ms
[2026-05-27T11:23:34.788+0530][16.044s][info][gc,phases   ] GC(387)   Merge Heap Roots: 0.04ms
[2026-05-27T11:23:34.788+0530][16.044s][info][gc,phases   ] GC(387)   Evacuate Collection Set: 0.31ms
[2026-05-27T11:23:34.788+0530][16.044s][info][gc,phases   ] GC(387)   Post Evacuate Collection Set: 0.16ms
[2026-05-27T11:23:34.788+0530][16.044s][info][gc,phases   ] GC(387)   Other: 0.12ms
[2026-05-27T11:23:34.788+0530][16.044s][info][gc,heap     ] GC(387) Eden regions: 302->0(301)
[2026-05-27T11:23:34.788+0530][16.044s][info][gc,heap     ] GC(387) Survivor regions: 5->6(39)
[2026-05-27T11:23:34.788+0530][16.044s][info][gc,heap     ] GC(387) Old regions: 10->10
[2026-05-27T11:23:34.788+0530][16.044s][info][gc,heap     ] GC(387) Archive regions: 2->2
[2026-05-27T11:23:34.788+0530][16.044s][info][gc,heap     ] GC(387) Humongous regions: 0->0
[2026-05-27T11:23:34.788+0530][16.044s][info][gc,metaspace] GC(387) Metaspace: 1745K(2048K)->1745K(2048K) NonClass: 1568K(1728K)->1568K(1728K) Class: 177K(320K)->177K(320K)
[2026-05-27T11:23:34.788+0530][16.044s][info][gc          ] GC(387) Pause Young (Normal) (G1 Evacuation Pause) 316M->15M(512M) 0.808ms
[2026-05-27T11:23:34.788+0530][16.044s][info][gc,cpu      ] GC(387) User=0.00s Sys=0.01s Real=0.00s
[2026-05-27T11:23:34.828+0530][16.084s][info][gc,start    ] GC(388) Pause Young (Normal) (G1 Evacuation Pause)
[2026-05-27T11:23:34.828+0530][16.084s][info][gc,task     ] GC(388) Using 9 workers of 9 for evacuation
[2026-05-27T11:23:34.829+0530][16.085s][info][gc,phases   ] GC(388)   Pre Evacuate Collection Set: 0.12ms
[2026-05-27T11:23:34.829+0530][16.085s][info][gc,phases   ] GC(388)   Merge Heap Roots: 0.06ms
[2026-05-27T11:23:34.829+0530][16.085s][info][gc,phases   ] GC(388)   Evacuate Collection Set: 0.25ms
[2026-05-27T11:23:34.829+0530][16.085s][info][gc,phases   ] GC(388)   Post Evacuate Collection Set: 0.21ms
[2026-05-27T11:23:34.829+0530][16.085s][info][gc,phases   ] GC(388)   Other: 0.11ms
[2026-05-27T11:23:34.829+0530][16.085s][info][gc,heap     ] GC(388) Eden regions: 301->0(306)
[2026-05-27T11:23:34.829+0530][16.085s][info][gc,heap     ] GC(388) Survivor regions: 6->1(39)
[2026-05-27T11:23:34.829+0530][16.085s][info][gc,heap     ] GC(388) Old regions: 10->10
[2026-05-27T11:23:34.829+0530][16.085s][info][gc,heap     ] GC(388) Archive regions: 2->2
[2026-05-27T11:23:34.829+0530][16.085s][info][gc,heap     ] GC(388) Humongous regions: 0->0
[2026-05-27T11:23:34.829+0530][16.085s][info][gc,metaspace] GC(388) Metaspace: 1745K(2048K)->1745K(2048K) NonClass: 1568K(1728K)->1568K(1728K) Class: 177K(320K)->177K(320K)
[2026-05-27T11:23:34.829+0530][16.085s][info][gc          ] GC(388) Pause Young (Normal) (G1 Evacuation Pause) 316M->10M(512M) 0.805ms
[2026-05-27T11:23:34.829+0530][16.085s][info][gc,cpu      ] GC(388) User=0.00s Sys=0.00s Real=0.00s
[2026-05-27T11:23:34.869+0530][16.125s][info][gc,start    ] GC(389) Pause Young (Normal) (G1 Evacuation Pause)
[2026-05-27T11:23:34.869+0530][16.125s][info][gc,task     ] GC(389) Using 9 workers of 9 for evacuation
[2026-05-27T11:23:34.870+0530][16.126s][info][gc,phases   ] GC(389)   Pre Evacuate Collection Set: 0.10ms
[2026-05-27T11:23:34.870+0530][16.126s][info][gc,phases   ] GC(389)   Merge Heap Roots: 0.04ms
[2026-05-27T11:23:34.870+0530][16.126s][info][gc,phases   ] GC(389)   Evacuate Collection Set: 0.23ms
[2026-05-27T11:23:34.870+0530][16.126s][info][gc,phases   ] GC(389)   Post Evacuate Collection Set: 0.22ms
[2026-05-27T11:23:34.870+0530][16.126s][info][gc,phases   ] GC(389)   Other: 0.10ms
[2026-05-27T11:23:34.870+0530][16.126s][info][gc,heap     ] GC(389) Eden regions: 306->0(303)
[2026-05-27T11:23:34.870+0530][16.126s][info][gc,heap     ] GC(389) Survivor regions: 1->4(39)
[2026-05-27T11:23:34.870+0530][16.126s][info][gc,heap     ] GC(389) Old regions: 10->10
[2026-05-27T11:23:34.870+0530][16.126s][info][gc,heap     ] GC(389) Archive regions: 2->2
[2026-05-27T11:23:34.870+0530][16.126s][info][gc,heap     ] GC(389) Humongous regions: 0->0
[2026-05-27T11:23:34.870+0530][16.126s][info][gc,metaspace] GC(389) Metaspace: 1745K(2048K)->1745K(2048K) NonClass: 1568K(1728K)->1568K(1728K) Class: 177K(320K)->177K(320K)
[2026-05-27T11:23:34.870+0530][16.126s][info][gc          ] GC(389) Pause Young (Normal) (G1 Evacuation Pause) 316M->13M(512M) 0.777ms
[2026-05-27T11:23:34.870+0530][16.126s][info][gc,cpu      ] GC(389) User=0.00s Sys=0.00s Real=0.01s
[2026-05-27T11:23:34.912+0530][16.168s][info][gc,start    ] GC(390) Pause Young (Normal) (G1 Evacuation Pause)
[2026-05-27T11:23:34.912+0530][16.168s][info][gc,task     ] GC(390) Using 9 workers of 9 for evacuation
[2026-05-27T11:23:34.913+0530][16.169s][info][gc,phases   ] GC(390)   Pre Evacuate Collection Set: 0.12ms
[2026-05-27T11:23:34.913+0530][16.169s][info][gc,phases   ] GC(390)   Merge Heap Roots: 0.05ms
[2026-05-27T11:23:34.913+0530][16.169s][info][gc,phases   ] GC(390)   Evacuate Collection Set: 0.25ms
[2026-05-27T11:23:34.913+0530][16.169s][info][gc,phases   ] GC(390)   Post Evacuate Collection Set: 0.18ms
[2026-05-27T11:23:34.913+0530][16.169s][info][gc,phases   ] GC(390)   Other: 0.11ms
[2026-05-27T11:23:34.913+0530][16.169s][info][gc,heap     ] GC(390) Eden regions: 303->0(301)
[2026-05-27T11:23:34.913+0530][16.169s][info][gc,heap     ] GC(390) Survivor regions: 4->6(39)
[2026-05-27T11:23:34.913+0530][16.169s][info][gc,heap     ] GC(390) Old regions: 10->10
[2026-05-27T11:23:34.913+0530][16.169s][info][gc,heap     ] GC(390) Archive regions: 2->2
[2026-05-27T11:23:34.913+0530][16.169s][info][gc,heap     ] GC(390) Humongous regions: 9->0
[2026-05-27T11:23:34.913+0530][16.169s][info][gc,metaspace] GC(390) Metaspace: 1745K(2048K)->1745K(2048K) NonClass: 1568K(1728K)->1568K(1728K) Class: 177K(320K)->177K(320K)
[2026-05-27T11:23:34.913+0530][16.169s][info][gc          ] GC(390) Pause Young (Normal) (G1 Evacuation Pause) 325M->15M(512M) 0.783ms
[2026-05-27T11:23:34.913+0530][16.169s][info][gc,cpu      ] GC(390) User=0.00s Sys=0.00s Real=0.00s
[2026-05-27T11:23:34.954+0530][16.211s][info][gc,start    ] GC(391) Pause Young (Normal) (G1 Evacuation Pause)
[2026-05-27T11:23:34.954+0530][16.211s][info][gc,task     ] GC(391) Using 9 workers of 9 for evacuation
[2026-05-27T11:23:34.955+0530][16.211s][info][gc,phases   ] GC(391)   Pre Evacuate Collection Set: 0.09ms
[2026-05-27T11:23:34.955+0530][16.211s][info][gc,phases   ] GC(391)   Merge Heap Roots: 0.05ms
[2026-05-27T11:23:34.955+0530][16.211s][info][gc,phases   ] GC(391)   Evacuate Collection Set: 0.27ms
[2026-05-27T11:23:34.955+0530][16.211s][info][gc,phases   ] GC(391)   Post Evacuate Collection Set: 0.26ms
[2026-05-27T11:23:34.955+0530][16.211s][info][gc,phases   ] GC(391)   Other: 0.11ms
[2026-05-27T11:23:34.955+0530][16.211s][info][gc,heap     ] GC(391) Eden regions: 301->0(306)
[2026-05-27T11:23:34.955+0530][16.211s][info][gc,heap     ] GC(391) Survivor regions: 6->1(39)
[2026-05-27T11:23:34.955+0530][16.211s][info][gc,heap     ] GC(391) Old regions: 10->10
[2026-05-27T11:23:34.955+0530][16.211s][info][gc,heap     ] GC(391) Archive regions: 2->2
[2026-05-27T11:23:34.955+0530][16.211s][info][gc,heap     ] GC(391) Humongous regions: 0->0
[2026-05-27T11:23:34.955+0530][16.211s][info][gc,metaspace] GC(391) Metaspace: 1745K(2048K)->1745K(2048K) NonClass: 1568K(1728K)->1568K(1728K) Class: 177K(320K)->177K(320K)
[2026-05-27T11:23:34.955+0530][16.211s][info][gc          ] GC(391) Pause Young (Normal) (G1 Evacuation Pause) 316M->10M(512M) 0.822ms
[2026-05-27T11:23:34.955+0530][16.211s][info][gc,cpu      ] GC(391) User=0.01s Sys=0.00s Real=0.00s
[2026-05-27T11:23:34.996+0530][16.252s][info][gc,start    ] GC(392) Pause Young (Normal) (G1 Evacuation Pause)
[2026-05-27T11:23:34.996+0530][16.252s][info][gc,task     ] GC(392) Using 9 workers of 9 for evacuation
[2026-05-27T11:23:34.997+0530][16.253s][info][gc,phases   ] GC(392)   Pre Evacuate Collection Set: 0.06ms
[2026-05-27T11:23:34.997+0530][16.253s][info][gc,phases   ] GC(392)   Merge Heap Roots: 0.05ms
[2026-05-27T11:23:34.997+0530][16.253s][info][gc,phases   ] GC(392)   Evacuate Collection Set: 0.37ms
[2026-05-27T11:23:34.997+0530][16.253s][info][gc,phases   ] GC(392)   Post Evacuate Collection Set: 0.19ms
[2026-05-27T11:23:34.997+0530][16.253s][info][gc,phases   ] GC(392)   Other: 0.12ms
[2026-05-27T11:23:34.997+0530][16.253s][info][gc,heap     ] GC(392) Eden regions: 306->0(301)
[2026-05-27T11:23:34.997+0530][16.253s][info][gc,heap     ] GC(392) Survivor regions: 1->6(39)
[2026-05-27T11:23:34.997+0530][16.253s][info][gc,heap     ] GC(392) Old regions: 10->10
[2026-05-27T11:23:34.997+0530][16.253s][info][gc,heap     ] GC(392) Archive regions: 2->2
[2026-05-27T11:23:34.997+0530][16.253s][info][gc,heap     ] GC(392) Humongous regions: 0->0
[2026-05-27T11:23:34.997+0530][16.253s][info][gc,metaspace] GC(392) Metaspace: 1745K(2048K)->1745K(2048K) NonClass: 1568K(1728K)->1568K(1728K) Class: 177K(320K)->177K(320K)
[2026-05-27T11:23:34.997+0530][16.253s][info][gc          ] GC(392) Pause Young (Normal) (G1 Evacuation Pause) 316M->15M(512M) 0.872ms
[2026-05-27T11:23:34.997+0530][16.253s][info][gc,cpu      ] GC(392) User=0.01s Sys=0.00s Real=0.00s
[2026-05-27T11:23:35.036+0530][16.293s][info][gc,start    ] GC(393) Pause Young (Normal) (G1 Evacuation Pause)
[2026-05-27T11:23:35.036+0530][16.293s][info][gc,task     ] GC(393) Using 9 workers of 9 for evacuation
[2026-05-27T11:23:35.037+0530][16.293s][info][gc,phases   ] GC(393)   Pre Evacuate Collection Set: 0.12ms
[2026-05-27T11:23:35.037+0530][16.293s][info][gc,phases   ] GC(393)   Merge Heap Roots: 0.06ms
[2026-05-27T11:23:35.037+0530][16.293s][info][gc,phases   ] GC(393)   Evacuate Collection Set: 0.33ms
[2026-05-27T11:23:35.037+0530][16.293s][info][gc,phases   ] GC(393)   Post Evacuate Collection Set: 0.24ms
[2026-05-27T11:23:35.037+0530][16.294s][info][gc,phases   ] GC(393)   Other: 0.12ms
[2026-05-27T11:23:35.037+0530][16.294s][info][gc,heap     ] GC(393) Eden regions: 301->0(300)
[2026-05-27T11:23:35.037+0530][16.294s][info][gc,heap     ] GC(393) Survivor regions: 6->7(39)
[2026-05-27T11:23:35.037+0530][16.294s][info][gc,heap     ] GC(393) Old regions: 10->10
[2026-05-27T11:23:35.037+0530][16.294s][info][gc,heap     ] GC(393) Archive regions: 2->2
[2026-05-27T11:23:35.037+0530][16.294s][info][gc,heap     ] GC(393) Humongous regions: 9->0
[2026-05-27T11:23:35.037+0530][16.294s][info][gc,metaspace] GC(393) Metaspace: 1745K(2048K)->1745K(2048K) NonClass: 1568K(1728K)->1568K(1728K) Class: 177K(320K)->177K(320K)
[2026-05-27T11:23:35.037+0530][16.294s][info][gc          ] GC(393) Pause Young (Normal) (G1 Evacuation Pause) 325M->16M(512M) 0.970ms
[2026-05-27T11:23:35.037+0530][16.294s][info][gc,cpu      ] GC(393) User=0.00s Sys=0.01s Real=0.00s
[2026-05-27T11:23:35.078+0530][16.334s][info][gc,start    ] GC(394) Pause Young (Normal) (G1 Evacuation Pause)
[2026-05-27T11:23:35.078+0530][16.334s][info][gc,task     ] GC(394) Using 9 workers of 9 for evacuation
[2026-05-27T11:23:35.079+0530][16.335s][info][gc,phases   ] GC(394)   Pre Evacuate Collection Set: 0.07ms
[2026-05-27T11:23:35.079+0530][16.335s][info][gc,phases   ] GC(394)   Merge Heap Roots: 0.05ms
[2026-05-27T11:23:35.079+0530][16.335s][info][gc,phases   ] GC(394)   Evacuate Collection Set: 0.29ms
[2026-05-27T11:23:35.079+0530][16.335s][info][gc,phases   ] GC(394)   Post Evacuate Collection Set: 0.20ms
[2026-05-27T11:23:35.079+0530][16.335s][info][gc,phases   ] GC(394)   Other: 0.10ms
[2026-05-27T11:23:35.079+0530][16.335s][info][gc,heap     ] GC(394) Eden regions: 300->0(302)
[2026-05-27T11:23:35.079+0530][16.335s][info][gc,heap     ] GC(394) Survivor regions: 7->5(39)
[2026-05-27T11:23:35.079+0530][16.335s][info][gc,heap     ] GC(394) Old regions: 10->10
[2026-05-27T11:23:35.079+0530][16.335s][info][gc,heap     ] GC(394) Archive regions: 2->2
[2026-05-27T11:23:35.079+0530][16.335s][info][gc,heap     ] GC(394) Humongous regions: 0->0
[2026-05-27T11:23:35.079+0530][16.335s][info][gc,metaspace] GC(394) Metaspace: 1745K(2048K)->1745K(2048K) NonClass: 1568K(1728K)->1568K(1728K) Class: 177K(320K)->177K(320K)
[2026-05-27T11:23:35.079+0530][16.335s][info][gc          ] GC(394) Pause Young (Normal) (G1 Evacuation Pause) 316M->14M(512M) 0.793ms
[2026-05-27T11:23:35.079+0530][16.335s][info][gc,cpu      ] GC(394) User=0.00s Sys=0.00s Real=0.00s
[2026-05-27T11:23:35.125+0530][16.381s][info][gc,start    ] GC(395) Pause Young (Normal) (G1 Evacuation Pause)
[2026-05-27T11:23:35.125+0530][16.381s][info][gc,task     ] GC(395) Using 9 workers of 9 for evacuation
[2026-05-27T11:23:35.126+0530][16.382s][info][gc,phases   ] GC(395)   Pre Evacuate Collection Set: 0.05ms
[2026-05-27T11:23:35.126+0530][16.382s][info][gc,phases   ] GC(395)   Merge Heap Roots: 0.07ms
[2026-05-27T11:23:35.126+0530][16.382s][info][gc,phases   ] GC(395)   Evacuate Collection Set: 0.60ms
[2026-05-27T11:23:35.126+0530][16.382s][info][gc,phases   ] GC(395)   Post Evacuate Collection Set: 0.21ms
[2026-05-27T11:23:35.126+0530][16.382s][info][gc,phases   ] GC(395)   Other: 0.11ms
[2026-05-27T11:23:35.126+0530][16.382s][info][gc,heap     ] GC(395) Eden regions: 302->0(301)
[2026-05-27T11:23:35.126+0530][16.382s][info][gc,heap     ] GC(395) Survivor regions: 5->6(39)
[2026-05-27T11:23:35.126+0530][16.382s][info][gc,heap     ] GC(395) Old regions: 10->10
[2026-05-27T11:23:35.126+0530][16.382s][info][gc,heap     ] GC(395) Archive regions: 2->2
[2026-05-27T11:23:35.126+0530][16.382s][info][gc,heap     ] GC(395) Humongous regions: 0->0
[2026-05-27T11:23:35.126+0530][16.382s][info][gc,metaspace] GC(395) Metaspace: 1745K(2048K)->1745K(2048K) NonClass: 1568K(1728K)->1568K(1728K) Class: 177K(320K)->177K(320K)
[2026-05-27T11:23:35.126+0530][16.382s][info][gc          ] GC(395) Pause Young (Normal) (G1 Evacuation Pause) 316M->15M(512M) 1.131ms
[2026-05-27T11:23:35.126+0530][16.382s][info][gc,cpu      ] GC(395) User=0.01s Sys=0.01s Real=0.00s
[2026-05-27T11:23:35.166+0530][16.422s][info][gc,start    ] GC(396) Pause Young (Normal) (G1 Evacuation Pause)
[2026-05-27T11:23:35.166+0530][16.422s][info][gc,task     ] GC(396) Using 9 workers of 9 for evacuation
[2026-05-27T11:23:35.167+0530][16.423s][info][gc,phases   ] GC(396)   Pre Evacuate Collection Set: 0.06ms
[2026-05-27T11:23:35.167+0530][16.423s][info][gc,phases   ] GC(396)   Merge Heap Roots: 0.06ms
[2026-05-27T11:23:35.167+0530][16.423s][info][gc,phases   ] GC(396)   Evacuate Collection Set: 0.30ms
[2026-05-27T11:23:35.167+0530][16.423s][info][gc,phases   ] GC(396)   Post Evacuate Collection Set: 0.26ms
[2026-05-27T11:23:35.167+0530][16.423s][info][gc,phases   ] GC(396)   Other: 0.12ms
[2026-05-27T11:23:35.167+0530][16.423s][info][gc,heap     ] GC(396) Eden regions: 301->0(302)
[2026-05-27T11:23:35.167+0530][16.423s][info][gc,heap     ] GC(396) Survivor regions: 6->5(39)
[2026-05-27T11:23:35.167+0530][16.423s][info][gc,heap     ] GC(396) Old regions: 10->10
[2026-05-27T11:23:35.167+0530][16.423s][info][gc,heap     ] GC(396) Archive regions: 2->2
[2026-05-27T11:23:35.167+0530][16.423s][info][gc,heap     ] GC(396) Humongous regions: 9->0
[2026-05-27T11:23:35.167+0530][16.423s][info][gc,metaspace] GC(396) Metaspace: 1745K(2048K)->1745K(2048K) NonClass: 1568K(1728K)->1568K(1728K) Class: 177K(320K)->177K(320K)
[2026-05-27T11:23:35.167+0530][16.423s][info][gc          ] GC(396) Pause Young (Normal) (G1 Evacuation Pause) 325M->14M(512M) 0.891ms
[2026-05-27T11:23:35.167+0530][16.423s][info][gc,cpu      ] GC(396) User=0.00s Sys=0.00s Real=0.00s
[2026-05-27T11:23:35.207+0530][16.463s][info][gc,start    ] GC(397) Pause Young (Normal) (G1 Evacuation Pause)
[2026-05-27T11:23:35.207+0530][16.463s][info][gc,task     ] GC(397) Using 9 workers of 9 for evacuation
[2026-05-27T11:23:35.207+0530][16.463s][info][gc,phases   ] GC(397)   Pre Evacuate Collection Set: 0.06ms
[2026-05-27T11:23:35.207+0530][16.463s][info][gc,phases   ] GC(397)   Merge Heap Roots: 0.04ms
[2026-05-27T11:23:35.207+0530][16.463s][info][gc,phases   ] GC(397)   Evacuate Collection Set: 0.28ms
[2026-05-27T11:23:35.207+0530][16.463s][info][gc,phases   ] GC(397)   Post Evacuate Collection Set: 0.18ms
[2026-05-27T11:23:35.207+0530][16.463s][info][gc,phases   ] GC(397)   Other: 0.13ms
[2026-05-27T11:23:35.207+0530][16.463s][info][gc,heap     ] GC(397) Eden regions: 302->0(300)
[2026-05-27T11:23:35.207+0530][16.463s][info][gc,heap     ] GC(397) Survivor regions: 5->7(39)
[2026-05-27T11:23:35.207+0530][16.463s][info][gc,heap     ] GC(397) Old regions: 10->10
[2026-05-27T11:23:35.207+0530][16.463s][info][gc,heap     ] GC(397) Archive regions: 2->2
[2026-05-27T11:23:35.207+0530][16.464s][info][gc,heap     ] GC(397) Humongous regions: 0->0
[2026-05-27T11:23:35.207+0530][16.464s][info][gc,metaspace] GC(397) Metaspace: 1745K(2048K)->1745K(2048K) NonClass: 1568K(1728K)->1568K(1728K) Class: 177K(320K)->177K(320K)
[2026-05-27T11:23:35.207+0530][16.464s][info][gc          ] GC(397) Pause Young (Normal) (G1 Evacuation Pause) 316M->16M(512M) 0.764ms
[2026-05-27T11:23:35.207+0530][16.464s][info][gc,cpu      ] GC(397) User=0.00s Sys=0.00s Real=0.00s
[2026-05-27T11:23:35.252+0530][16.508s][info][gc,start    ] GC(398) Pause Young (Normal) (G1 Evacuation Pause)
[2026-05-27T11:23:35.252+0530][16.508s][info][gc,task     ] GC(398) Using 9 workers of 9 for evacuation
[2026-05-27T11:23:35.253+0530][16.509s][info][gc,phases   ] GC(398)   Pre Evacuate Collection Set: 0.10ms
[2026-05-27T11:23:35.253+0530][16.509s][info][gc,phases   ] GC(398)   Merge Heap Roots: 0.11ms
[2026-05-27T11:23:35.253+0530][16.509s][info][gc,phases   ] GC(398)   Evacuate Collection Set: 0.32ms
[2026-05-27T11:23:35.253+0530][16.509s][info][gc,phases   ] GC(398)   Post Evacuate Collection Set: 0.19ms
[2026-05-27T11:23:35.253+0530][16.509s][info][gc,phases   ] GC(398)   Other: 0.13ms
[2026-05-27T11:23:35.253+0530][16.509s][info][gc,heap     ] GC(398) Eden regions: 300->0(303)
[2026-05-27T11:23:35.253+0530][16.509s][info][gc,heap     ] GC(398) Survivor regions: 7->4(39)
[2026-05-27T11:23:35.253+0530][16.509s][info][gc,heap     ] GC(398) Old regions: 10->10
[2026-05-27T11:23:35.253+0530][16.509s][info][gc,heap     ] GC(398) Archive regions: 2->2
[2026-05-27T11:23:35.253+0530][16.509s][info][gc,heap     ] GC(398) Humongous regions: 9->0
[2026-05-27T11:23:35.253+0530][16.509s][info][gc,metaspace] GC(398) Metaspace: 1745K(2048K)->1745K(2048K) NonClass: 1568K(1728K)->1568K(1728K) Class: 177K(320K)->177K(320K)
[2026-05-27T11:23:35.253+0530][16.509s][info][gc          ] GC(398) Pause Young (Normal) (G1 Evacuation Pause) 325M->13M(512M) 0.907ms
[2026-05-27T11:23:35.253+0530][16.509s][info][gc,cpu      ] GC(398) User=0.00s Sys=0.00s Real=0.00s
[2026-05-27T11:23:35.294+0530][16.550s][info][gc,start    ] GC(399) Pause Young (Normal) (G1 Evacuation Pause)
[2026-05-27T11:23:35.294+0530][16.550s][info][gc,task     ] GC(399) Using 9 workers of 9 for evacuation
[2026-05-27T11:23:35.294+0530][16.551s][info][gc,phases   ] GC(399)   Pre Evacuate Collection Set: 0.08ms
[2026-05-27T11:23:35.294+0530][16.551s][info][gc,phases   ] GC(399)   Merge Heap Roots: 0.05ms
[2026-05-27T11:23:35.294+0530][16.551s][info][gc,phases   ] GC(399)   Evacuate Collection Set: 0.27ms
[2026-05-27T11:23:35.294+0530][16.551s][info][gc,phases   ] GC(399)   Post Evacuate Collection Set: 0.20ms
[2026-05-27T11:23:35.294+0530][16.551s][info][gc,phases   ] GC(399)   Other: 0.11ms
[2026-05-27T11:23:35.294+0530][16.551s][info][gc,heap     ] GC(399) Eden regions: 303->0(301)
[2026-05-27T11:23:35.294+0530][16.551s][info][gc,heap     ] GC(399) Survivor regions: 4->6(39)
[2026-05-27T11:23:35.294+0530][16.551s][info][gc,heap     ] GC(399) Old regions: 10->10
[2026-05-27T11:23:35.294+0530][16.551s][info][gc,heap     ] GC(399) Archive regions: 2->2
[2026-05-27T11:23:35.294+0530][16.551s][info][gc,heap     ] GC(399) Humongous regions: 9->0
[2026-05-27T11:23:35.294+0530][16.551s][info][gc,metaspace] GC(399) Metaspace: 1745K(2048K)->1745K(2048K) NonClass: 1568K(1728K)->1568K(1728K) Class: 177K(320K)->177K(320K)
[2026-05-27T11:23:35.294+0530][16.551s][info][gc          ] GC(399) Pause Young (Normal) (G1 Evacuation Pause) 325M->15M(512M) 0.782ms
[2026-05-27T11:23:35.294+0530][16.551s][info][gc,cpu      ] GC(399) User=0.00s Sys=0.00s Real=0.00s
[2026-05-27T11:23:35.336+0530][16.592s][info][gc,start    ] GC(400) Pause Young (Normal) (G1 Evacuation Pause)
[2026-05-27T11:23:35.336+0530][16.592s][info][gc,task     ] GC(400) Using 9 workers of 9 for evacuation
[2026-05-27T11:23:35.336+0530][16.593s][info][gc,phases   ] GC(400)   Pre Evacuate Collection Set: 0.05ms
[2026-05-27T11:23:35.336+0530][16.593s][info][gc,phases   ] GC(400)   Merge Heap Roots: 0.09ms
[2026-05-27T11:23:35.336+0530][16.593s][info][gc,phases   ] GC(400)   Evacuate Collection Set: 0.28ms
[2026-05-27T11:23:35.336+0530][16.593s][info][gc,phases   ] GC(400)   Post Evacuate Collection Set: 0.26ms
[2026-05-27T11:23:35.336+0530][16.593s][info][gc,phases   ] GC(400)   Other: 0.10ms
[2026-05-27T11:23:35.336+0530][16.593s][info][gc,heap     ] GC(400) Eden regions: 301->0(302)
[2026-05-27T11:23:35.336+0530][16.593s][info][gc,heap     ] GC(400) Survivor regions: 6->5(39)
[2026-05-27T11:23:35.337+0530][16.593s][info][gc,heap     ] GC(400) Old regions: 10->10
[2026-05-27T11:23:35.337+0530][16.593s][info][gc,heap     ] GC(400) Archive regions: 2->2
[2026-05-27T11:23:35.337+0530][16.593s][info][gc,heap     ] GC(400) Humongous regions: 0->0
[2026-05-27T11:23:35.337+0530][16.593s][info][gc,metaspace] GC(400) Metaspace: 1745K(2048K)->1745K(2048K) NonClass: 1568K(1728K)->1568K(1728K) Class: 177K(320K)->177K(320K)
[2026-05-27T11:23:35.337+0530][16.593s][info][gc          ] GC(400) Pause Young (Normal) (G1 Evacuation Pause) 316M->14M(512M) 0.845ms
[2026-05-27T11:23:35.337+0530][16.593s][info][gc,cpu      ] GC(400) User=0.00s Sys=0.00s Real=0.00s
[2026-05-27T11:23:35.378+0530][16.634s][info][gc,start    ] GC(401) Pause Young (Normal) (G1 Evacuation Pause)
[2026-05-27T11:23:35.378+0530][16.634s][info][gc,task     ] GC(401) Using 9 workers of 9 for evacuation
[2026-05-27T11:23:35.379+0530][16.635s][info][gc,phases   ] GC(401)   Pre Evacuate Collection Set: 0.05ms
[2026-05-27T11:23:35.379+0530][16.635s][info][gc,phases   ] GC(401)   Merge Heap Roots: 0.05ms
[2026-05-27T11:23:35.379+0530][16.635s][info][gc,phases   ] GC(401)   Evacuate Collection Set: 0.29ms
[2026-05-27T11:23:35.379+0530][16.635s][info][gc,phases   ] GC(401)   Post Evacuate Collection Set: 0.16ms
[2026-05-27T11:23:35.379+0530][16.635s][info][gc,phases   ] GC(401)   Other: 0.11ms
[2026-05-27T11:23:35.379+0530][16.635s][info][gc,heap     ] GC(401) Eden regions: 302->0(306)
[2026-05-27T11:23:35.379+0530][16.635s][info][gc,heap     ] GC(401) Survivor regions: 5->1(39)
[2026-05-27T11:23:35.379+0530][16.635s][info][gc,heap     ] GC(401) Old regions: 10->10
[2026-05-27T11:23:35.379+0530][16.635s][info][gc,heap     ] GC(401) Archive regions: 2->2
[2026-05-27T11:23:35.379+0530][16.635s][info][gc,heap     ] GC(401) Humongous regions: 0->0
[2026-05-27T11:23:35.379+0530][16.635s][info][gc,metaspace] GC(401) Metaspace: 1745K(2048K)->1745K(2048K) NonClass: 1568K(1728K)->1568K(1728K) Class: 177K(320K)->177K(320K)
[2026-05-27T11:23:35.379+0530][16.635s][info][gc          ] GC(401) Pause Young (Normal) (G1 Evacuation Pause) 316M->10M(512M) 0.747ms
[2026-05-27T11:23:35.379+0530][16.635s][info][gc,cpu      ] GC(401) User=0.00s Sys=0.00s Real=0.00s
[2026-05-27T11:23:35.420+0530][16.676s][info][gc,start    ] GC(402) Pause Young (Normal) (G1 Evacuation Pause)
[2026-05-27T11:23:35.420+0530][16.676s][info][gc,task     ] GC(402) Using 9 workers of 9 for evacuation
[2026-05-27T11:23:35.420+0530][16.677s][info][gc,phases   ] GC(402)   Pre Evacuate Collection Set: 0.08ms
[2026-05-27T11:23:35.420+0530][16.677s][info][gc,phases   ] GC(402)   Merge Heap Roots: 0.05ms
[2026-05-27T11:23:35.420+0530][16.677s][info][gc,phases   ] GC(402)   Evacuate Collection Set: 0.35ms
[2026-05-27T11:23:35.420+0530][16.677s][info][gc,phases   ] GC(402)   Post Evacuate Collection Set: 0.18ms
[2026-05-27T11:23:35.420+0530][16.677s][info][gc,phases   ] GC(402)   Other: 0.11ms
[2026-05-27T11:23:35.420+0530][16.677s][info][gc,heap     ] GC(402) Eden regions: 306->0(300)
[2026-05-27T11:23:35.420+0530][16.677s][info][gc,heap     ] GC(402) Survivor regions: 1->7(39)
[2026-05-27T11:23:35.420+0530][16.677s][info][gc,heap     ] GC(402) Old regions: 10->10
[2026-05-27T11:23:35.420+0530][16.677s][info][gc,heap     ] GC(402) Archive regions: 2->2
[2026-05-27T11:23:35.420+0530][16.677s][info][gc,heap     ] GC(402) Humongous regions: 9->0
[2026-05-27T11:23:35.420+0530][16.677s][info][gc,metaspace] GC(402) Metaspace: 1745K(2048K)->1745K(2048K) NonClass: 1568K(1728K)->1568K(1728K) Class: 177K(320K)->177K(320K)
[2026-05-27T11:23:35.420+0530][16.677s][info][gc          ] GC(402) Pause Young (Normal) (G1 Evacuation Pause) 325M->16M(512M) 0.821ms
[2026-05-27T11:23:35.420+0530][16.677s][info][gc,cpu      ] GC(402) User=0.00s Sys=0.00s Real=0.00s
[2026-05-27T11:23:35.460+0530][16.716s][info][gc,start    ] GC(403) Pause Young (Normal) (G1 Evacuation Pause)
[2026-05-27T11:23:35.460+0530][16.716s][info][gc,task     ] GC(403) Using 9 workers of 9 for evacuation
[2026-05-27T11:23:35.460+0530][16.716s][info][gc,phases   ] GC(403)   Pre Evacuate Collection Set: 0.10ms
[2026-05-27T11:23:35.460+0530][16.717s][info][gc,phases   ] GC(403)   Merge Heap Roots: 0.05ms
[2026-05-27T11:23:35.460+0530][16.717s][info][gc,phases   ] GC(403)   Evacuate Collection Set: 0.25ms
[2026-05-27T11:23:35.460+0530][16.717s][info][gc,phases   ] GC(403)   Post Evacuate Collection Set: 0.20ms
[2026-05-27T11:23:35.460+0530][16.717s][info][gc,phases   ] GC(403)   Other: 0.11ms
[2026-05-27T11:23:35.460+0530][16.717s][info][gc,heap     ] GC(403) Eden regions: 300->0(302)
[2026-05-27T11:23:35.460+0530][16.717s][info][gc,heap     ] GC(403) Survivor regions: 7->5(39)
[2026-05-27T11:23:35.460+0530][16.717s][info][gc,heap     ] GC(403) Old regions: 10->10
[2026-05-27T11:23:35.460+0530][16.717s][info][gc,heap     ] GC(403) Archive regions: 2->2
[2026-05-27T11:23:35.460+0530][16.717s][info][gc,heap     ] GC(403) Humongous regions: 0->0
[2026-05-27T11:23:35.460+0530][16.717s][info][gc,metaspace] GC(403) Metaspace: 1745K(2048K)->1745K(2048K) NonClass: 1568K(1728K)->1568K(1728K) Class: 177K(320K)->177K(320K)
[2026-05-27T11:23:35.460+0530][16.717s][info][gc          ] GC(403) Pause Young (Normal) (G1 Evacuation Pause) 316M->14M(512M) 0.839ms
[2026-05-27T11:23:35.460+0530][16.717s][info][gc,cpu      ] GC(403) User=0.00s Sys=0.00s Real=0.00s
[2026-05-27T11:23:35.499+0530][16.755s][info][gc,start    ] GC(404) Pause Young (Normal) (G1 Evacuation Pause)
[2026-05-27T11:23:35.499+0530][16.755s][info][gc,task     ] GC(404) Using 9 workers of 9 for evacuation
[2026-05-27T11:23:35.499+0530][16.755s][info][gc,phases   ] GC(404)   Pre Evacuate Collection Set: 0.11ms
[2026-05-27T11:23:35.499+0530][16.755s][info][gc,phases   ] GC(404)   Merge Heap Roots: 0.05ms
[2026-05-27T11:23:35.499+0530][16.755s][info][gc,phases   ] GC(404)   Evacuate Collection Set: 0.24ms
[2026-05-27T11:23:35.499+0530][16.755s][info][gc,phases   ] GC(404)   Post Evacuate Collection Set: 0.24ms
[2026-05-27T11:23:35.499+0530][16.755s][info][gc,phases   ] GC(404)   Other: 0.10ms
[2026-05-27T11:23:35.499+0530][16.755s][info][gc,heap     ] GC(404) Eden regions: 302->0(300)
[2026-05-27T11:23:35.499+0530][16.755s][info][gc,heap     ] GC(404) Survivor regions: 5->7(39)
[2026-05-27T11:23:35.499+0530][16.755s][info][gc,heap     ] GC(404) Old regions: 10->10
[2026-05-27T11:23:35.499+0530][16.755s][info][gc,heap     ] GC(404) Archive regions: 2->2
[2026-05-27T11:23:35.499+0530][16.755s][info][gc,heap     ] GC(404) Humongous regions: 9->0
[2026-05-27T11:23:35.499+0530][16.755s][info][gc,metaspace] GC(404) Metaspace: 1745K(2048K)->1745K(2048K) NonClass: 1568K(1728K)->1568K(1728K) Class: 177K(320K)->177K(320K)
[2026-05-27T11:23:35.499+0530][16.756s][info][gc          ] GC(404) Pause Young (Normal) (G1 Evacuation Pause) 325M->16M(512M) 0.803ms
[2026-05-27T11:23:35.499+0530][16.756s][info][gc,cpu      ] GC(404) User=0.01s Sys=0.00s Real=0.00s
[2026-05-27T11:23:35.543+0530][16.799s][info][gc,start    ] GC(405) Pause Young (Normal) (G1 Evacuation Pause)
[2026-05-27T11:23:35.543+0530][16.799s][info][gc,task     ] GC(405) Using 9 workers of 9 for evacuation
[2026-05-27T11:23:35.544+0530][16.800s][info][gc,phases   ] GC(405)   Pre Evacuate Collection Set: 0.08ms
[2026-05-27T11:23:35.544+0530][16.800s][info][gc,phases   ] GC(405)   Merge Heap Roots: 0.04ms
[2026-05-27T11:23:35.544+0530][16.800s][info][gc,phases   ] GC(405)   Evacuate Collection Set: 0.28ms
[2026-05-27T11:23:35.544+0530][16.800s][info][gc,phases   ] GC(405)   Post Evacuate Collection Set: 0.15ms
[2026-05-27T11:23:35.544+0530][16.800s][info][gc,phases   ] GC(405)   Other: 0.12ms
[2026-05-27T11:23:35.544+0530][16.800s][info][gc,heap     ] GC(405) Eden regions: 300->0(301)
[2026-05-27T11:23:35.544+0530][16.800s][info][gc,heap     ] GC(405) Survivor regions: 7->6(39)
[2026-05-27T11:23:35.544+0530][16.800s][info][gc,heap     ] GC(405) Old regions: 10->10
[2026-05-27T11:23:35.544+0530][16.800s][info][gc,heap     ] GC(405) Archive regions: 2->2
[2026-05-27T11:23:35.544+0530][16.800s][info][gc,heap     ] GC(405) Humongous regions: 9->0
[2026-05-27T11:23:35.544+0530][16.800s][info][gc,metaspace] GC(405) Metaspace: 1745K(2048K)->1745K(2048K) NonClass: 1568K(1728K)->1568K(1728K) Class: 177K(320K)->177K(320K)
[2026-05-27T11:23:35.544+0530][16.800s][info][gc          ] GC(405) Pause Young (Normal) (G1 Evacuation Pause) 325M->15M(512M) 0.740ms
[2026-05-27T11:23:35.544+0530][16.800s][info][gc,cpu      ] GC(405) User=0.00s Sys=0.00s Real=0.00s
[2026-05-27T11:23:35.584+0530][16.841s][info][gc,start    ] GC(406) Pause Young (Normal) (G1 Evacuation Pause)
[2026-05-27T11:23:35.585+0530][16.841s][info][gc,task     ] GC(406) Using 9 workers of 9 for evacuation
[2026-05-27T11:23:35.585+0530][16.842s][info][gc,phases   ] GC(406)   Pre Evacuate Collection Set: 0.11ms
[2026-05-27T11:23:35.585+0530][16.842s][info][gc,phases   ] GC(406)   Merge Heap Roots: 0.11ms
[2026-05-27T11:23:35.585+0530][16.842s][info][gc,phases   ] GC(406)   Evacuate Collection Set: 0.39ms
[2026-05-27T11:23:35.585+0530][16.842s][info][gc,phases   ] GC(406)   Post Evacuate Collection Set: 0.20ms
[2026-05-27T11:23:35.585+0530][16.842s][info][gc,phases   ] GC(406)   Other: 0.16ms
[2026-05-27T11:23:35.585+0530][16.842s][info][gc,heap     ] GC(406) Eden regions: 301->0(301)
[2026-05-27T11:23:35.585+0530][16.842s][info][gc,heap     ] GC(406) Survivor regions: 6->6(39)
[2026-05-27T11:23:35.585+0530][16.842s][info][gc,heap     ] GC(406) Old regions: 10->10
[2026-05-27T11:23:35.585+0530][16.842s][info][gc,heap     ] GC(406) Archive regions: 2->2
[2026-05-27T11:23:35.585+0530][16.842s][info][gc,heap     ] GC(406) Humongous regions: 9->0
[2026-05-27T11:23:35.585+0530][16.842s][info][gc,metaspace] GC(406) Metaspace: 1745K(2048K)->1745K(2048K) NonClass: 1568K(1728K)->1568K(1728K) Class: 177K(320K)->177K(320K)
[2026-05-27T11:23:35.585+0530][16.842s][info][gc          ] GC(406) Pause Young (Normal) (G1 Evacuation Pause) 325M->15M(512M) 1.042ms
[2026-05-27T11:23:35.585+0530][16.842s][info][gc,cpu      ] GC(406) User=0.00s Sys=0.00s Real=0.00s
[2026-05-27T11:23:35.655+0530][16.912s][info][gc,start    ] GC(407) Pause Young (Normal) (G1 Evacuation Pause)
[2026-05-27T11:23:35.655+0530][16.912s][info][gc,task     ] GC(407) Using 9 workers of 9 for evacuation
[2026-05-27T11:23:35.661+0530][16.917s][info][gc,phases   ] GC(407)   Pre Evacuate Collection Set: 0.69ms
[2026-05-27T11:23:35.661+0530][16.917s][info][gc,phases   ] GC(407)   Merge Heap Roots: 0.04ms
[2026-05-27T11:23:35.661+0530][16.917s][info][gc,phases   ] GC(407)   Evacuate Collection Set: 1.22ms
[2026-05-27T11:23:35.661+0530][16.917s][info][gc,phases   ] GC(407)   Post Evacuate Collection Set: 3.16ms
[2026-05-27T11:23:35.661+0530][16.917s][info][gc,phases   ] GC(407)   Other: 0.12ms
[2026-05-27T11:23:35.661+0530][16.917s][info][gc,heap     ] GC(407) Eden regions: 301->0(302)
[2026-05-27T11:23:35.661+0530][16.917s][info][gc,heap     ] GC(407) Survivor regions: 6->5(39)
[2026-05-27T11:23:35.661+0530][16.917s][info][gc,heap     ] GC(407) Old regions: 10->10
[2026-05-27T11:23:35.661+0530][16.917s][info][gc,heap     ] GC(407) Archive regions: 2->2
[2026-05-27T11:23:35.661+0530][16.917s][info][gc,heap     ] GC(407) Humongous regions: 0->0
[2026-05-27T11:23:35.661+0530][16.917s][info][gc,metaspace] GC(407) Metaspace: 1745K(2048K)->1745K(2048K) NonClass: 1568K(1728K)->1568K(1728K) Class: 177K(320K)->177K(320K)
[2026-05-27T11:23:35.661+0530][16.917s][info][gc          ] GC(407) Pause Young (Normal) (G1 Evacuation Pause) 316M->15M(512M) 5.707ms
[2026-05-27T11:23:35.661+0530][16.917s][info][gc,cpu      ] GC(407) User=0.00s Sys=0.00s Real=0.01s
[2026-05-27T11:23:35.713+0530][16.970s][info][gc,start    ] GC(408) Pause Young (Normal) (G1 Evacuation Pause)
[2026-05-27T11:23:35.714+0530][16.970s][info][gc,task     ] GC(408) Using 9 workers of 9 for evacuation
[2026-05-27T11:23:35.714+0530][16.970s][info][gc,phases   ] GC(408)   Pre Evacuate Collection Set: 0.10ms
[2026-05-27T11:23:35.714+0530][16.970s][info][gc,phases   ] GC(408)   Merge Heap Roots: 0.05ms
[2026-05-27T11:23:35.714+0530][16.970s][info][gc,phases   ] GC(408)   Evacuate Collection Set: 0.26ms
[2026-05-27T11:23:35.714+0530][16.970s][info][gc,phases   ] GC(408)   Post Evacuate Collection Set: 0.17ms
[2026-05-27T11:23:35.714+0530][16.970s][info][gc,phases   ] GC(408)   Other: 0.11ms
[2026-05-27T11:23:35.714+0530][16.970s][info][gc,heap     ] GC(408) Eden regions: 302->0(306)
[2026-05-27T11:23:35.714+0530][16.970s][info][gc,heap     ] GC(408) Survivor regions: 5->1(39)
[2026-05-27T11:23:35.714+0530][16.970s][info][gc,heap     ] GC(408) Old regions: 10->10
[2026-05-27T11:23:35.714+0530][16.970s][info][gc,heap     ] GC(408) Archive regions: 2->2
[2026-05-27T11:23:35.714+0530][16.970s][info][gc,heap     ] GC(408) Humongous regions: 0->0
[2026-05-27T11:23:35.714+0530][16.970s][info][gc,metaspace] GC(408) Metaspace: 1745K(2048K)->1745K(2048K) NonClass: 1568K(1728K)->1568K(1728K) Class: 177K(320K)->177K(320K)
[2026-05-27T11:23:35.714+0530][16.970s][info][gc          ] GC(408) Pause Young (Normal) (G1 Evacuation Pause) 316M->11M(512M) 0.770ms
[2026-05-27T11:23:35.714+0530][16.970s][info][gc,cpu      ] GC(408) User=0.00s Sys=0.00s Real=0.00s
[2026-05-27T11:23:35.752+0530][17.008s][info][gc,start    ] GC(409) Pause Young (Normal) (G1 Evacuation Pause)
[2026-05-27T11:23:35.752+0530][17.008s][info][gc,task     ] GC(409) Using 9 workers of 9 for evacuation
[2026-05-27T11:23:35.753+0530][17.009s][info][gc,phases   ] GC(409)   Pre Evacuate Collection Set: 0.10ms
[2026-05-27T11:23:35.753+0530][17.009s][info][gc,phases   ] GC(409)   Merge Heap Roots: 0.05ms
[2026-05-27T11:23:35.753+0530][17.009s][info][gc,phases   ] GC(409)   Evacuate Collection Set: 0.23ms
[2026-05-27T11:23:35.753+0530][17.009s][info][gc,phases   ] GC(409)   Post Evacuate Collection Set: 0.15ms
[2026-05-27T11:23:35.753+0530][17.009s][info][gc,phases   ] GC(409)   Other: 0.10ms
[2026-05-27T11:23:35.753+0530][17.009s][info][gc,heap     ] GC(409) Eden regions: 306->0(300)
[2026-05-27T11:23:35.753+0530][17.009s][info][gc,heap     ] GC(409) Survivor regions: 1->7(39)
[2026-05-27T11:23:35.753+0530][17.009s][info][gc,heap     ] GC(409) Old regions: 10->10
[2026-05-27T11:23:35.753+0530][17.009s][info][gc,heap     ] GC(409) Archive regions: 2->2
[2026-05-27T11:23:35.753+0530][17.009s][info][gc,heap     ] GC(409) Humongous regions: 0->0
[2026-05-27T11:23:35.753+0530][17.009s][info][gc,metaspace] GC(409) Metaspace: 1745K(2048K)->1745K(2048K) NonClass: 1568K(1728K)->1568K(1728K) Class: 177K(320K)->177K(320K)
[2026-05-27T11:23:35.753+0530][17.009s][info][gc          ] GC(409) Pause Young (Normal) (G1 Evacuation Pause) 316M->16M(512M) 0.697ms
[2026-05-27T11:23:35.753+0530][17.009s][info][gc,cpu      ] GC(409) User=0.01s Sys=0.00s Real=0.00s
[2026-05-27T11:23:35.794+0530][17.050s][info][gc,start    ] GC(410) Pause Young (Normal) (G1 Evacuation Pause)
[2026-05-27T11:23:35.794+0530][17.050s][info][gc,task     ] GC(410) Using 9 workers of 9 for evacuation
[2026-05-27T11:23:35.794+0530][17.050s][info][gc,phases   ] GC(410)   Pre Evacuate Collection Set: 0.06ms
[2026-05-27T11:23:35.794+0530][17.050s][info][gc,phases   ] GC(410)   Merge Heap Roots: 0.06ms
[2026-05-27T11:23:35.794+0530][17.050s][info][gc,phases   ] GC(410)   Evacuate Collection Set: 0.27ms
[2026-05-27T11:23:35.794+0530][17.050s][info][gc,phases   ] GC(410)   Post Evacuate Collection Set: 0.23ms
[2026-05-27T11:23:35.794+0530][17.050s][info][gc,phases   ] GC(410)   Other: 0.12ms
[2026-05-27T11:23:35.794+0530][17.050s][info][gc,heap     ] GC(410) Eden regions: 300->0(303)
[2026-05-27T11:23:35.794+0530][17.051s][info][gc,heap     ] GC(410) Survivor regions: 7->4(39)
[2026-05-27T11:23:35.794+0530][17.051s][info][gc,heap     ] GC(410) Old regions: 10->10
[2026-05-27T11:23:35.794+0530][17.051s][info][gc,heap     ] GC(410) Archive regions: 2->2
[2026-05-27T11:23:35.794+0530][17.051s][info][gc,heap     ] GC(410) Humongous regions: 0->0
[2026-05-27T11:23:35.794+0530][17.051s][info][gc,metaspace] GC(410) Metaspace: 1745K(2048K)->1745K(2048K) NonClass: 1568K(1728K)->1568K(1728K) Class: 177K(320K)->177K(320K)
[2026-05-27T11:23:35.794+0530][17.051s][info][gc          ] GC(410) Pause Young (Normal) (G1 Evacuation Pause) 316M->14M(512M) 0.817ms
[2026-05-27T11:23:35.794+0530][17.051s][info][gc,cpu      ] GC(410) User=0.00s Sys=0.00s Real=0.00s
[2026-05-27T11:23:35.834+0530][17.091s][info][gc,start    ] GC(411) Pause Young (Normal) (G1 Evacuation Pause)
[2026-05-27T11:23:35.834+0530][17.091s][info][gc,task     ] GC(411) Using 9 workers of 9 for evacuation
[2026-05-27T11:23:35.835+0530][17.091s][info][gc,phases   ] GC(411)   Pre Evacuate Collection Set: 0.06ms
[2026-05-27T11:23:35.835+0530][17.091s][info][gc,phases   ] GC(411)   Merge Heap Roots: 0.09ms
[2026-05-27T11:23:35.835+0530][17.091s][info][gc,phases   ] GC(411)   Evacuate Collection Set: 0.26ms
[2026-05-27T11:23:35.835+0530][17.091s][info][gc,phases   ] GC(411)   Post Evacuate Collection Set: 0.19ms
[2026-05-27T11:23:35.835+0530][17.091s][info][gc,phases   ] GC(411)   Other: 0.11ms
[2026-05-27T11:23:35.835+0530][17.091s][info][gc,heap     ] GC(411) Eden regions: 303->0(300)
[2026-05-27T11:23:35.835+0530][17.091s][info][gc,heap     ] GC(411) Survivor regions: 4->7(39)
[2026-05-27T11:23:35.835+0530][17.091s][info][gc,heap     ] GC(411) Old regions: 10->10
[2026-05-27T11:23:35.835+0530][17.091s][info][gc,heap     ] GC(411) Archive regions: 2->2
[2026-05-27T11:23:35.835+0530][17.091s][info][gc,heap     ] GC(411) Humongous regions: 0->0
[2026-05-27T11:23:35.835+0530][17.091s][info][gc,metaspace] GC(411) Metaspace: 1745K(2048K)->1745K(2048K) NonClass: 1568K(1728K)->1568K(1728K) Class: 177K(320K)->177K(320K)
[2026-05-27T11:23:35.835+0530][17.091s][info][gc          ] GC(411) Pause Young (Normal) (G1 Evacuation Pause) 316M->16M(512M) 0.782ms
[2026-05-27T11:23:35.835+0530][17.091s][info][gc,cpu      ] GC(411) User=0.00s Sys=0.00s Real=0.00s
[2026-05-27T11:23:35.878+0530][17.134s][info][gc,start    ] GC(412) Pause Young (Normal) (G1 Evacuation Pause)
[2026-05-27T11:23:35.878+0530][17.134s][info][gc,task     ] GC(412) Using 9 workers of 9 for evacuation
[2026-05-27T11:23:35.879+0530][17.135s][info][gc,phases   ] GC(412)   Pre Evacuate Collection Set: 0.06ms
[2026-05-27T11:23:35.879+0530][17.135s][info][gc,phases   ] GC(412)   Merge Heap Roots: 0.05ms
[2026-05-27T11:23:35.879+0530][17.135s][info][gc,phases   ] GC(412)   Evacuate Collection Set: 0.27ms
[2026-05-27T11:23:35.879+0530][17.135s][info][gc,phases   ] GC(412)   Post Evacuate Collection Set: 0.18ms
[2026-05-27T11:23:35.879+0530][17.135s][info][gc,phases   ] GC(412)   Other: 0.09ms
[2026-05-27T11:23:35.879+0530][17.135s][info][gc,heap     ] GC(412) Eden regions: 300->0(304)
[2026-05-27T11:23:35.879+0530][17.135s][info][gc,heap     ] GC(412) Survivor regions: 7->3(39)
[2026-05-27T11:23:35.879+0530][17.135s][info][gc,heap     ] GC(412) Old regions: 10->10
[2026-05-27T11:23:35.879+0530][17.135s][info][gc,heap     ] GC(412) Archive regions: 2->2
[2026-05-27T11:23:35.879+0530][17.135s][info][gc,heap     ] GC(412) Humongous regions: 9->0
[2026-05-27T11:23:35.879+0530][17.135s][info][gc,metaspace] GC(412) Metaspace: 1745K(2048K)->1745K(2048K) NonClass: 1568K(1728K)->1568K(1728K) Class: 177K(320K)->177K(320K)
[2026-05-27T11:23:35.879+0530][17.135s][info][gc          ] GC(412) Pause Young (Normal) (G1 Evacuation Pause) 325M->13M(512M) 0.708ms
[2026-05-27T11:23:35.879+0530][17.135s][info][gc,cpu      ] GC(412) User=0.00s Sys=0.00s Real=0.00s
[2026-05-27T11:23:35.921+0530][17.177s][info][gc,start    ] GC(413) Pause Young (Normal) (G1 Evacuation Pause)
[2026-05-27T11:23:35.921+0530][17.177s][info][gc,task     ] GC(413) Using 9 workers of 9 for evacuation
[2026-05-27T11:23:35.922+0530][17.178s][info][gc,phases   ] GC(413)   Pre Evacuate Collection Set: 0.14ms
[2026-05-27T11:23:35.922+0530][17.178s][info][gc,phases   ] GC(413)   Merge Heap Roots: 0.05ms
[2026-05-27T11:23:35.922+0530][17.178s][info][gc,phases   ] GC(413)   Evacuate Collection Set: 0.31ms
[2026-05-27T11:23:35.922+0530][17.178s][info][gc,phases   ] GC(413)   Post Evacuate Collection Set: 0.25ms
[2026-05-27T11:23:35.922+0530][17.178s][info][gc,phases   ] GC(413)   Other: 0.12ms
[2026-05-27T11:23:35.922+0530][17.178s][info][gc,heap     ] GC(413) Eden regions: 304->0(305)
[2026-05-27T11:23:35.922+0530][17.178s][info][gc,heap     ] GC(413) Survivor regions: 3->2(39)
[2026-05-27T11:23:35.922+0530][17.178s][info][gc,heap     ] GC(413) Old regions: 10->10
[2026-05-27T11:23:35.922+0530][17.178s][info][gc,heap     ] GC(413) Archive regions: 2->2
[2026-05-27T11:23:35.922+0530][17.178s][info][gc,heap     ] GC(413) Humongous regions: 9->0
[2026-05-27T11:23:35.922+0530][17.178s][info][gc,metaspace] GC(413) Metaspace: 1745K(2048K)->1745K(2048K) NonClass: 1568K(1728K)->1568K(1728K) Class: 177K(320K)->177K(320K)
[2026-05-27T11:23:35.922+0530][17.178s][info][gc          ] GC(413) Pause Young (Normal) (G1 Evacuation Pause) 325M->11M(512M) 0.953ms
[2026-05-27T11:23:35.922+0530][17.178s][info][gc,cpu      ] GC(413) User=0.00s Sys=0.00s Real=0.00s
[2026-05-27T11:23:35.961+0530][17.217s][info][gc,start    ] GC(414) Pause Young (Normal) (G1 Evacuation Pause)
[2026-05-27T11:23:35.961+0530][17.217s][info][gc,task     ] GC(414) Using 9 workers of 9 for evacuation
[2026-05-27T11:23:35.961+0530][17.218s][info][gc,phases   ] GC(414)   Pre Evacuate Collection Set: 0.12ms
[2026-05-27T11:23:35.961+0530][17.218s][info][gc,phases   ] GC(414)   Merge Heap Roots: 0.04ms
[2026-05-27T11:23:35.961+0530][17.218s][info][gc,phases   ] GC(414)   Evacuate Collection Set: 0.25ms
[2026-05-27T11:23:35.961+0530][17.218s][info][gc,phases   ] GC(414)   Post Evacuate Collection Set: 0.23ms
[2026-05-27T11:23:35.961+0530][17.218s][info][gc,phases   ] GC(414)   Other: 0.11ms
[2026-05-27T11:23:35.961+0530][17.218s][info][gc,heap     ] GC(414) Eden regions: 305->0(302)
[2026-05-27T11:23:35.961+0530][17.218s][info][gc,heap     ] GC(414) Survivor regions: 2->5(39)
[2026-05-27T11:23:35.961+0530][17.218s][info][gc,heap     ] GC(414) Old regions: 10->10
[2026-05-27T11:23:35.961+0530][17.218s][info][gc,heap     ] GC(414) Archive regions: 2->2
[2026-05-27T11:23:35.961+0530][17.218s][info][gc,heap     ] GC(414) Humongous regions: 9->0
[2026-05-27T11:23:35.961+0530][17.218s][info][gc,metaspace] GC(414) Metaspace: 1745K(2048K)->1745K(2048K) NonClass: 1568K(1728K)->1568K(1728K) Class: 177K(320K)->177K(320K)
[2026-05-27T11:23:35.962+0530][17.218s][info][gc          ] GC(414) Pause Young (Normal) (G1 Evacuation Pause) 325M->14M(512M) 0.803ms
[2026-05-27T11:23:35.962+0530][17.218s][info][gc,cpu      ] GC(414) User=0.00s Sys=0.00s Real=0.00s
[2026-05-27T11:23:36.004+0530][17.260s][info][gc,start    ] GC(415) Pause Young (Normal) (G1 Evacuation Pause)
[2026-05-27T11:23:36.004+0530][17.260s][info][gc,task     ] GC(415) Using 9 workers of 9 for evacuation
[2026-05-27T11:23:36.005+0530][17.261s][info][gc,phases   ] GC(415)   Pre Evacuate Collection Set: 0.11ms
[2026-05-27T11:23:36.005+0530][17.261s][info][gc,phases   ] GC(415)   Merge Heap Roots: 0.05ms
[2026-05-27T11:23:36.005+0530][17.261s][info][gc,phases   ] GC(415)   Evacuate Collection Set: 0.39ms
[2026-05-27T11:23:36.005+0530][17.261s][info][gc,phases   ] GC(415)   Post Evacuate Collection Set: 0.21ms
[2026-05-27T11:23:36.005+0530][17.261s][info][gc,phases   ] GC(415)   Other: 0.12ms
[2026-05-27T11:23:36.005+0530][17.261s][info][gc,heap     ] GC(415) Eden regions: 302->0(294)
[2026-05-27T11:23:36.005+0530][17.261s][info][gc,heap     ] GC(415) Survivor regions: 5->13(39)
[2026-05-27T11:23:36.005+0530][17.261s][info][gc,heap     ] GC(415) Old regions: 10->10
[2026-05-27T11:23:36.005+0530][17.261s][info][gc,heap     ] GC(415) Archive regions: 2->2
[2026-05-27T11:23:36.005+0530][17.261s][info][gc,heap     ] GC(415) Humongous regions: 0->0
[2026-05-27T11:23:36.005+0530][17.261s][info][gc,metaspace] GC(415) Metaspace: 1745K(2048K)->1745K(2048K) NonClass: 1568K(1728K)->1568K(1728K) Class: 177K(320K)->177K(320K)
[2026-05-27T11:23:36.005+0530][17.261s][info][gc          ] GC(415) Pause Young (Normal) (G1 Evacuation Pause) 316M->22M(512M) 0.976ms
[2026-05-27T11:23:36.005+0530][17.261s][info][gc,cpu      ] GC(415) User=0.00s Sys=0.00s Real=0.00s
[2026-05-27T11:23:36.043+0530][17.299s][info][gc,start    ] GC(416) Pause Young (Normal) (G1 Evacuation Pause)
[2026-05-27T11:23:36.043+0530][17.299s][info][gc,task     ] GC(416) Using 9 workers of 9 for evacuation
[2026-05-27T11:23:36.044+0530][17.300s][info][gc,phases   ] GC(416)   Pre Evacuate Collection Set: 0.08ms
[2026-05-27T11:23:36.044+0530][17.300s][info][gc,phases   ] GC(416)   Merge Heap Roots: 0.05ms
[2026-05-27T11:23:36.044+0530][17.300s][info][gc,phases   ] GC(416)   Evacuate Collection Set: 0.27ms
[2026-05-27T11:23:36.044+0530][17.300s][info][gc,phases   ] GC(416)   Post Evacuate Collection Set: 0.19ms
[2026-05-27T11:23:36.044+0530][17.300s][info][gc,phases   ] GC(416)   Other: 0.11ms
[2026-05-27T11:23:36.044+0530][17.300s][info][gc,heap     ] GC(416) Eden regions: 294->0(301)
[2026-05-27T11:23:36.044+0530][17.300s][info][gc,heap     ] GC(416) Survivor regions: 13->6(39)
[2026-05-27T11:23:36.044+0530][17.300s][info][gc,heap     ] GC(416) Old regions: 10->10
[2026-05-27T11:23:36.044+0530][17.300s][info][gc,heap     ] GC(416) Archive regions: 2->2
[2026-05-27T11:23:36.044+0530][17.300s][info][gc,heap     ] GC(416) Humongous regions: 9->0
[2026-05-27T11:23:36.044+0530][17.300s][info][gc,metaspace] GC(416) Metaspace: 1745K(2048K)->1745K(2048K) NonClass: 1568K(1728K)->1568K(1728K) Class: 177K(320K)->177K(320K)
[2026-05-27T11:23:36.044+0530][17.300s][info][gc          ] GC(416) Pause Young (Normal) (G1 Evacuation Pause) 325M->15M(512M) 0.767ms
[2026-05-27T11:23:36.044+0530][17.300s][info][gc,cpu      ] GC(416) User=0.00s Sys=0.00s Real=0.00s
[2026-05-27T11:23:36.084+0530][17.340s][info][gc,start    ] GC(417) Pause Young (Normal) (G1 Evacuation Pause)
[2026-05-27T11:23:36.084+0530][17.340s][info][gc,task     ] GC(417) Using 9 workers of 9 for evacuation
[2026-05-27T11:23:36.085+0530][17.341s][info][gc,phases   ] GC(417)   Pre Evacuate Collection Set: 0.11ms
[2026-05-27T11:23:36.085+0530][17.341s][info][gc,phases   ] GC(417)   Merge Heap Roots: 0.06ms
[2026-05-27T11:23:36.085+0530][17.341s][info][gc,phases   ] GC(417)   Evacuate Collection Set: 0.30ms
[2026-05-27T11:23:36.085+0530][17.341s][info][gc,phases   ] GC(417)   Post Evacuate Collection Set: 0.24ms
[2026-05-27T11:23:36.085+0530][17.341s][info][gc,phases   ] GC(417)   Other: 0.14ms
[2026-05-27T11:23:36.085+0530][17.341s][info][gc,heap     ] GC(417) Eden regions: 301->0(300)
[2026-05-27T11:23:36.085+0530][17.341s][info][gc,heap     ] GC(417) Survivor regions: 6->7(39)
[2026-05-27T11:23:36.085+0530][17.341s][info][gc,heap     ] GC(417) Old regions: 10->10
[2026-05-27T11:23:36.085+0530][17.341s][info][gc,heap     ] GC(417) Archive regions: 2->2
[2026-05-27T11:23:36.085+0530][17.341s][info][gc,heap     ] GC(417) Humongous regions: 0->0
[2026-05-27T11:23:36.085+0530][17.341s][info][gc,metaspace] GC(417) Metaspace: 1745K(2048K)->1745K(2048K) NonClass: 1568K(1728K)->1568K(1728K) Class: 177K(320K)->177K(320K)
[2026-05-27T11:23:36.085+0530][17.341s][info][gc          ] GC(417) Pause Young (Normal) (G1 Evacuation Pause) 316M->16M(512M) 0.941ms
[2026-05-27T11:23:36.085+0530][17.341s][info][gc,cpu      ] GC(417) User=0.00s Sys=0.00s Real=0.00s
[2026-05-27T11:23:36.131+0530][17.387s][info][gc,start    ] GC(418) Pause Young (Normal) (G1 Evacuation Pause)
[2026-05-27T11:23:36.131+0530][17.387s][info][gc,task     ] GC(418) Using 9 workers of 9 for evacuation
[2026-05-27T11:23:36.132+0530][17.388s][info][gc,phases   ] GC(418)   Pre Evacuate Collection Set: 0.11ms
[2026-05-27T11:23:36.132+0530][17.388s][info][gc,phases   ] GC(418)   Merge Heap Roots: 0.09ms
[2026-05-27T11:23:36.132+0530][17.388s][info][gc,phases   ] GC(418)   Evacuate Collection Set: 0.30ms
[2026-05-27T11:23:36.132+0530][17.388s][info][gc,phases   ] GC(418)   Post Evacuate Collection Set: 0.20ms
[2026-05-27T11:23:36.132+0530][17.388s][info][gc,phases   ] GC(418)   Other: 0.10ms
[2026-05-27T11:23:36.132+0530][17.388s][info][gc,heap     ] GC(418) Eden regions: 300->0(302)
[2026-05-27T11:23:36.132+0530][17.388s][info][gc,heap     ] GC(418) Survivor regions: 7->5(39)
[2026-05-27T11:23:36.132+0530][17.388s][info][gc,heap     ] GC(418) Old regions: 10->10
[2026-05-27T11:23:36.132+0530][17.388s][info][gc,heap     ] GC(418) Archive regions: 2->2
[2026-05-27T11:23:36.132+0530][17.388s][info][gc,heap     ] GC(418) Humongous regions: 9->0
[2026-05-27T11:23:36.132+0530][17.388s][info][gc,metaspace] GC(418) Metaspace: 1745K(2048K)->1745K(2048K) NonClass: 1568K(1728K)->1568K(1728K) Class: 177K(320K)->177K(320K)
[2026-05-27T11:23:36.132+0530][17.388s][info][gc          ] GC(418) Pause Young (Normal) (G1 Evacuation Pause) 325M->14M(512M) 0.872ms
[2026-05-27T11:23:36.132+0530][17.388s][info][gc,cpu      ] GC(418) User=0.00s Sys=0.00s Real=0.00s
[2026-05-27T11:23:36.171+0530][17.427s][info][gc,start    ] GC(419) Pause Young (Normal) (G1 Evacuation Pause)
[2026-05-27T11:23:36.171+0530][17.427s][info][gc,task     ] GC(419) Using 9 workers of 9 for evacuation
[2026-05-27T11:23:36.172+0530][17.428s][info][gc,phases   ] GC(419)   Pre Evacuate Collection Set: 0.07ms
[2026-05-27T11:23:36.172+0530][17.428s][info][gc,phases   ] GC(419)   Merge Heap Roots: 0.05ms
[2026-05-27T11:23:36.172+0530][17.428s][info][gc,phases   ] GC(419)   Evacuate Collection Set: 0.26ms
[2026-05-27T11:23:36.172+0530][17.428s][info][gc,phases   ] GC(419)   Post Evacuate Collection Set: 0.18ms
[2026-05-27T11:23:36.172+0530][17.428s][info][gc,phases   ] GC(419)   Other: 0.11ms
[2026-05-27T11:23:36.172+0530][17.428s][info][gc,heap     ] GC(419) Eden regions: 302->0(301)
[2026-05-27T11:23:36.172+0530][17.428s][info][gc,heap     ] GC(419) Survivor regions: 5->6(39)
[2026-05-27T11:23:36.172+0530][17.428s][info][gc,heap     ] GC(419) Old regions: 10->10
[2026-05-27T11:23:36.172+0530][17.428s][info][gc,heap     ] GC(419) Archive regions: 2->2
[2026-05-27T11:23:36.172+0530][17.428s][info][gc,heap     ] GC(419) Humongous regions: 0->0
[2026-05-27T11:23:36.172+0530][17.428s][info][gc,metaspace] GC(419) Metaspace: 1745K(2048K)->1745K(2048K) NonClass: 1568K(1728K)->1568K(1728K) Class: 177K(320K)->177K(320K)
[2026-05-27T11:23:36.172+0530][17.428s][info][gc          ] GC(419) Pause Young (Normal) (G1 Evacuation Pause) 316M->15M(512M) 0.739ms
[2026-05-27T11:23:36.172+0530][17.428s][info][gc,cpu      ] GC(419) User=0.01s Sys=0.00s Real=0.00s
[2026-05-27T11:23:36.214+0530][17.470s][info][gc,start    ] GC(420) Pause Young (Normal) (G1 Evacuation Pause)
[2026-05-27T11:23:36.214+0530][17.470s][info][gc,task     ] GC(420) Using 9 workers of 9 for evacuation
[2026-05-27T11:23:36.214+0530][17.471s][info][gc,phases   ] GC(420)   Pre Evacuate Collection Set: 0.06ms
[2026-05-27T11:23:36.214+0530][17.471s][info][gc,phases   ] GC(420)   Merge Heap Roots: 0.06ms
[2026-05-27T11:23:36.214+0530][17.471s][info][gc,phases   ] GC(420)   Evacuate Collection Set: 0.28ms
[2026-05-27T11:23:36.214+0530][17.471s][info][gc,phases   ] GC(420)   Post Evacuate Collection Set: 0.21ms
[2026-05-27T11:23:36.214+0530][17.471s][info][gc,phases   ] GC(420)   Other: 0.10ms
[2026-05-27T11:23:36.214+0530][17.471s][info][gc,heap     ] GC(420) Eden regions: 301->0(301)
[2026-05-27T11:23:36.215+0530][17.471s][info][gc,heap     ] GC(420) Survivor regions: 6->6(39)
[2026-05-27T11:23:36.215+0530][17.471s][info][gc,heap     ] GC(420) Old regions: 10->10
[2026-05-27T11:23:36.215+0530][17.471s][info][gc,heap     ] GC(420) Archive regions: 2->2
[2026-05-27T11:23:36.215+0530][17.471s][info][gc,heap     ] GC(420) Humongous regions: 0->0
[2026-05-27T11:23:36.215+0530][17.471s][info][gc,metaspace] GC(420) Metaspace: 1745K(2048K)->1745K(2048K) NonClass: 1568K(1728K)->1568K(1728K) Class: 177K(320K)->177K(320K)
[2026-05-27T11:23:36.215+0530][17.471s][info][gc          ] GC(420) Pause Young (Normal) (G1 Evacuation Pause) 316M->15M(512M) 0.812ms
[2026-05-27T11:23:36.215+0530][17.471s][info][gc,cpu      ] GC(420) User=0.01s Sys=0.00s Real=0.00s
[2026-05-27T11:23:36.254+0530][17.510s][info][gc,start    ] GC(421) Pause Young (Normal) (G1 Evacuation Pause)
[2026-05-27T11:23:36.254+0530][17.510s][info][gc,task     ] GC(421) Using 9 workers of 9 for evacuation
[2026-05-27T11:23:36.255+0530][17.511s][info][gc,phases   ] GC(421)   Pre Evacuate Collection Set: 0.08ms
[2026-05-27T11:23:36.255+0530][17.511s][info][gc,phases   ] GC(421)   Merge Heap Roots: 0.05ms
[2026-05-27T11:23:36.255+0530][17.511s][info][gc,phases   ] GC(421)   Evacuate Collection Set: 0.28ms
[2026-05-27T11:23:36.255+0530][17.511s][info][gc,phases   ] GC(421)   Post Evacuate Collection Set: 0.15ms
[2026-05-27T11:23:36.255+0530][17.511s][info][gc,phases   ] GC(421)   Other: 0.10ms
[2026-05-27T11:23:36.255+0530][17.511s][info][gc,heap     ] GC(421) Eden regions: 301->0(300)
[2026-05-27T11:23:36.255+0530][17.511s][info][gc,heap     ] GC(421) Survivor regions: 6->7(39)
[2026-05-27T11:23:36.255+0530][17.511s][info][gc,heap     ] GC(421) Old regions: 10->10
[2026-05-27T11:23:36.255+0530][17.511s][info][gc,heap     ] GC(421) Archive regions: 2->2
[2026-05-27T11:23:36.255+0530][17.511s][info][gc,heap     ] GC(421) Humongous regions: 0->0
[2026-05-27T11:23:36.255+0530][17.511s][info][gc,metaspace] GC(421) Metaspace: 1745K(2048K)->1745K(2048K) NonClass: 1568K(1728K)->1568K(1728K) Class: 177K(320K)->177K(320K)
[2026-05-27T11:23:36.255+0530][17.511s][info][gc          ] GC(421) Pause Young (Normal) (G1 Evacuation Pause) 316M->16M(512M) 0.729ms
[2026-05-27T11:23:36.255+0530][17.511s][info][gc,cpu      ] GC(421) User=0.00s Sys=0.00s Real=0.00s
[2026-05-27T11:23:36.293+0530][17.549s][info][gc,start    ] GC(422) Pause Young (Normal) (G1 Evacuation Pause)
[2026-05-27T11:23:36.293+0530][17.549s][info][gc,task     ] GC(422) Using 9 workers of 9 for evacuation
[2026-05-27T11:23:36.293+0530][17.550s][info][gc,phases   ] GC(422)   Pre Evacuate Collection Set: 0.11ms
[2026-05-27T11:23:36.293+0530][17.550s][info][gc,phases   ] GC(422)   Merge Heap Roots: 0.06ms
[2026-05-27T11:23:36.294+0530][17.550s][info][gc,phases   ] GC(422)   Evacuate Collection Set: 0.24ms
[2026-05-27T11:23:36.294+0530][17.550s][info][gc,phases   ] GC(422)   Post Evacuate Collection Set: 0.19ms
[2026-05-27T11:23:36.294+0530][17.550s][info][gc,phases   ] GC(422)   Other: 0.14ms
[2026-05-27T11:23:36.294+0530][17.550s][info][gc,heap     ] GC(422) Eden regions: 300->0(301)
[2026-05-27T11:23:36.294+0530][17.550s][info][gc,heap     ] GC(422) Survivor regions: 7->6(39)
[2026-05-27T11:23:36.294+0530][17.550s][info][gc,heap     ] GC(422) Old regions: 10->10
[2026-05-27T11:23:36.294+0530][17.550s][info][gc,heap     ] GC(422) Archive regions: 2->2
[2026-05-27T11:23:36.294+0530][17.550s][info][gc,heap     ] GC(422) Humongous regions: 0->0
[2026-05-27T11:23:36.294+0530][17.550s][info][gc,metaspace] GC(422) Metaspace: 1745K(2048K)->1745K(2048K) NonClass: 1568K(1728K)->1568K(1728K) Class: 177K(320K)->177K(320K)
[2026-05-27T11:23:36.294+0530][17.550s][info][gc          ] GC(422) Pause Young (Normal) (G1 Evacuation Pause) 316M->15M(512M) 0.810ms
[2026-05-27T11:23:36.294+0530][17.550s][info][gc,cpu      ] GC(422) User=0.01s Sys=0.00s Real=0.00s
[2026-05-27T11:23:36.336+0530][17.592s][info][gc,start    ] GC(423) Pause Young (Normal) (G1 Evacuation Pause)
[2026-05-27T11:23:36.336+0530][17.592s][info][gc,task     ] GC(423) Using 9 workers of 9 for evacuation
[2026-05-27T11:23:36.337+0530][17.593s][info][gc,phases   ] GC(423)   Pre Evacuate Collection Set: 0.09ms
[2026-05-27T11:23:36.337+0530][17.593s][info][gc,phases   ] GC(423)   Merge Heap Roots: 0.05ms
[2026-05-27T11:23:36.337+0530][17.593s][info][gc,phases   ] GC(423)   Evacuate Collection Set: 0.28ms
[2026-05-27T11:23:36.337+0530][17.593s][info][gc,phases   ] GC(423)   Post Evacuate Collection Set: 0.22ms
[2026-05-27T11:23:36.337+0530][17.593s][info][gc,phases   ] GC(423)   Other: 0.11ms
[2026-05-27T11:23:36.337+0530][17.593s][info][gc,heap     ] GC(423) Eden regions: 301->0(302)
[2026-05-27T11:23:36.337+0530][17.593s][info][gc,heap     ] GC(423) Survivor regions: 6->5(39)
[2026-05-27T11:23:36.337+0530][17.593s][info][gc,heap     ] GC(423) Old regions: 10->10
[2026-05-27T11:23:36.337+0530][17.593s][info][gc,heap     ] GC(423) Archive regions: 2->2
[2026-05-27T11:23:36.337+0530][17.593s][info][gc,heap     ] GC(423) Humongous regions: 0->0
[2026-05-27T11:23:36.337+0530][17.593s][info][gc,metaspace] GC(423) Metaspace: 1745K(2048K)->1745K(2048K) NonClass: 1568K(1728K)->1568K(1728K) Class: 177K(320K)->177K(320K)
[2026-05-27T11:23:36.337+0530][17.593s][info][gc          ] GC(423) Pause Young (Normal) (G1 Evacuation Pause) 316M->14M(512M) 0.819ms
[2026-05-27T11:23:36.337+0530][17.593s][info][gc,cpu      ] GC(423) User=0.01s Sys=0.00s Real=0.00s
[2026-05-27T11:23:36.378+0530][17.634s][info][gc,start    ] GC(424) Pause Young (Normal) (G1 Evacuation Pause)
[2026-05-27T11:23:36.378+0530][17.634s][info][gc,task     ] GC(424) Using 9 workers of 9 for evacuation
[2026-05-27T11:23:36.379+0530][17.635s][info][gc,phases   ] GC(424)   Pre Evacuate Collection Set: 0.07ms
[2026-05-27T11:23:36.379+0530][17.635s][info][gc,phases   ] GC(424)   Merge Heap Roots: 0.05ms
[2026-05-27T11:23:36.379+0530][17.635s][info][gc,phases   ] GC(424)   Evacuate Collection Set: 0.29ms
[2026-05-27T11:23:36.379+0530][17.635s][info][gc,phases   ] GC(424)   Post Evacuate Collection Set: 0.18ms
[2026-05-27T11:23:36.379+0530][17.635s][info][gc,phases   ] GC(424)   Other: 0.12ms
[2026-05-27T11:23:36.379+0530][17.635s][info][gc,heap     ] GC(424) Eden regions: 302->0(302)
[2026-05-27T11:23:36.379+0530][17.635s][info][gc,heap     ] GC(424) Survivor regions: 5->5(39)
[2026-05-27T11:23:36.379+0530][17.635s][info][gc,heap     ] GC(424) Old regions: 10->10
[2026-05-27T11:23:36.379+0530][17.635s][info][gc,heap     ] GC(424) Archive regions: 2->2
[2026-05-27T11:23:36.379+0530][17.635s][info][gc,heap     ] GC(424) Humongous regions: 9->0
[2026-05-27T11:23:36.379+0530][17.635s][info][gc,metaspace] GC(424) Metaspace: 1745K(2048K)->1745K(2048K) NonClass: 1568K(1728K)->1568K(1728K) Class: 177K(320K)->177K(320K)
[2026-05-27T11:23:36.379+0530][17.635s][info][gc          ] GC(424) Pause Young (Normal) (G1 Evacuation Pause) 325M->14M(512M) 0.800ms
[2026-05-27T11:23:36.379+0530][17.635s][info][gc,cpu      ] GC(424) User=0.01s Sys=0.00s Real=0.00s
[2026-05-27T11:23:36.421+0530][17.677s][info][gc,start    ] GC(425) Pause Young (Normal) (G1 Evacuation Pause)
[2026-05-27T11:23:36.421+0530][17.677s][info][gc,task     ] GC(425) Using 9 workers of 9 for evacuation
[2026-05-27T11:23:36.422+0530][17.678s][info][gc,phases   ] GC(425)   Pre Evacuate Collection Set: 0.09ms
[2026-05-27T11:23:36.422+0530][17.678s][info][gc,phases   ] GC(425)   Merge Heap Roots: 0.05ms
[2026-05-27T11:23:36.422+0530][17.678s][info][gc,phases   ] GC(425)   Evacuate Collection Set: 0.28ms
[2026-05-27T11:23:36.422+0530][17.678s][info][gc,phases   ] GC(425)   Post Evacuate Collection Set: 0.16ms
[2026-05-27T11:23:36.422+0530][17.678s][info][gc,phases   ] GC(425)   Other: 0.10ms
[2026-05-27T11:23:36.422+0530][17.678s][info][gc,heap     ] GC(425) Eden regions: 302->0(301)
[2026-05-27T11:23:36.422+0530][17.678s][info][gc,heap     ] GC(425) Survivor regions: 5->6(39)
[2026-05-27T11:23:36.422+0530][17.678s][info][gc,heap     ] GC(425) Old regions: 10->10
[2026-05-27T11:23:36.422+0530][17.678s][info][gc,heap     ] GC(425) Archive regions: 2->2
[2026-05-27T11:23:36.422+0530][17.678s][info][gc,heap     ] GC(425) Humongous regions: 0->0
[2026-05-27T11:23:36.422+0530][17.678s][info][gc,metaspace] GC(425) Metaspace: 1745K(2048K)->1745K(2048K) NonClass: 1568K(1728K)->1568K(1728K) Class: 177K(320K)->177K(320K)
[2026-05-27T11:23:36.422+0530][17.678s][info][gc          ] GC(425) Pause Young (Normal) (G1 Evacuation Pause) 316M->16M(512M) 0.747ms
[2026-05-27T11:23:36.422+0530][17.678s][info][gc,cpu      ] GC(425) User=0.01s Sys=0.00s Real=0.00s
[2026-05-27T11:23:36.461+0530][17.717s][info][gc,start    ] GC(426) Pause Young (Normal) (G1 Evacuation Pause)
[2026-05-27T11:23:36.461+0530][17.717s][info][gc,task     ] GC(426) Using 9 workers of 9 for evacuation
[2026-05-27T11:23:36.461+0530][17.718s][info][gc,phases   ] GC(426)   Pre Evacuate Collection Set: 0.08ms
[2026-05-27T11:23:36.462+0530][17.718s][info][gc,phases   ] GC(426)   Merge Heap Roots: 0.04ms
[2026-05-27T11:23:36.462+0530][17.718s][info][gc,phases   ] GC(426)   Evacuate Collection Set: 0.26ms
[2026-05-27T11:23:36.462+0530][17.718s][info][gc,phases   ] GC(426)   Post Evacuate Collection Set: 0.22ms
[2026-05-27T11:23:36.462+0530][17.718s][info][gc,phases   ] GC(426)   Other: 0.10ms
[2026-05-27T11:23:36.462+0530][17.718s][info][gc,heap     ] GC(426) Eden regions: 301->0(299)
[2026-05-27T11:23:36.462+0530][17.718s][info][gc,heap     ] GC(426) Survivor regions: 6->8(39)
[2026-05-27T11:23:36.462+0530][17.718s][info][gc,heap     ] GC(426) Old regions: 10->10
[2026-05-27T11:23:36.462+0530][17.718s][info][gc,heap     ] GC(426) Archive regions: 2->2
[2026-05-27T11:23:36.462+0530][17.718s][info][gc,heap     ] GC(426) Humongous regions: 0->0
[2026-05-27T11:23:36.462+0530][17.718s][info][gc,metaspace] GC(426) Metaspace: 1745K(2048K)->1745K(2048K) NonClass: 1568K(1728K)->1568K(1728K) Class: 177K(320K)->177K(320K)
[2026-05-27T11:23:36.462+0530][17.718s][info][gc          ] GC(426) Pause Young (Normal) (G1 Evacuation Pause) 316M->17M(512M) 0.786ms
[2026-05-27T11:23:36.462+0530][17.718s][info][gc,cpu      ] GC(426) User=0.00s Sys=0.00s Real=0.00s
[2026-05-27T11:23:36.501+0530][17.757s][info][gc,start    ] GC(427) Pause Young (Normal) (G1 Evacuation Pause)
[2026-05-27T11:23:36.501+0530][17.757s][info][gc,task     ] GC(427) Using 9 workers of 9 for evacuation
[2026-05-27T11:23:36.502+0530][17.758s][info][gc,phases   ] GC(427)   Pre Evacuate Collection Set: 0.08ms
[2026-05-27T11:23:36.502+0530][17.758s][info][gc,phases   ] GC(427)   Merge Heap Roots: 0.06ms
[2026-05-27T11:23:36.502+0530][17.758s][info][gc,phases   ] GC(427)   Evacuate Collection Set: 0.36ms
[2026-05-27T11:23:36.502+0530][17.758s][info][gc,phases   ] GC(427)   Post Evacuate Collection Set: 0.20ms
[2026-05-27T11:23:36.502+0530][17.758s][info][gc,phases   ] GC(427)   Other: 0.16ms
[2026-05-27T11:23:36.502+0530][17.758s][info][gc,heap     ] GC(427) Eden regions: 299->0(300)
[2026-05-27T11:23:36.502+0530][17.758s][info][gc,heap     ] GC(427) Survivor regions: 8->7(39)
[2026-05-27T11:23:36.502+0530][17.758s][info][gc,heap     ] GC(427) Old regions: 10->10
[2026-05-27T11:23:36.502+0530][17.758s][info][gc,heap     ] GC(427) Archive regions: 2->2
[2026-05-27T11:23:36.502+0530][17.758s][info][gc,heap     ] GC(427) Humongous regions: 0->0
[2026-05-27T11:23:36.502+0530][17.758s][info][gc,metaspace] GC(427) Metaspace: 1745K(2048K)->1745K(2048K) NonClass: 1568K(1728K)->1568K(1728K) Class: 177K(320K)->177K(320K)
[2026-05-27T11:23:36.502+0530][17.758s][info][gc          ] GC(427) Pause Young (Normal) (G1 Evacuation Pause) 316M->16M(512M) 0.936ms
[2026-05-27T11:23:36.502+0530][17.758s][info][gc,cpu      ] GC(427) User=0.00s Sys=0.00s Real=0.00s
[2026-05-27T11:23:36.543+0530][17.799s][info][gc,start    ] GC(428) Pause Young (Normal) (G1 Evacuation Pause)
[2026-05-27T11:23:36.543+0530][17.799s][info][gc,task     ] GC(428) Using 9 workers of 9 for evacuation
[2026-05-27T11:23:36.543+0530][17.799s][info][gc,phases   ] GC(428)   Pre Evacuate Collection Set: 0.07ms
[2026-05-27T11:23:36.543+0530][17.799s][info][gc,phases   ] GC(428)   Merge Heap Roots: 0.05ms
[2026-05-27T11:23:36.543+0530][17.799s][info][gc,phases   ] GC(428)   Evacuate Collection Set: 0.27ms
[2026-05-27T11:23:36.543+0530][17.799s][info][gc,phases   ] GC(428)   Post Evacuate Collection Set: 0.19ms
[2026-05-27T11:23:36.543+0530][17.799s][info][gc,phases   ] GC(428)   Other: 0.10ms
[2026-05-27T11:23:36.543+0530][17.799s][info][gc,heap     ] GC(428) Eden regions: 300->0(301)
[2026-05-27T11:23:36.543+0530][17.799s][info][gc,heap     ] GC(428) Survivor regions: 7->6(39)
[2026-05-27T11:23:36.543+0530][17.799s][info][gc,heap     ] GC(428) Old regions: 10->10
[2026-05-27T11:23:36.543+0530][17.799s][info][gc,heap     ] GC(428) Archive regions: 2->2
[2026-05-27T11:23:36.543+0530][17.799s][info][gc,heap     ] GC(428) Humongous regions: 0->0
[2026-05-27T11:23:36.543+0530][17.799s][info][gc,metaspace] GC(428) Metaspace: 1745K(2048K)->1745K(2048K) NonClass: 1568K(1728K)->1568K(1728K) Class: 177K(320K)->177K(320K)
[2026-05-27T11:23:36.543+0530][17.799s][info][gc          ] GC(428) Pause Young (Normal) (G1 Evacuation Pause) 316M->15M(512M) 0.730ms
[2026-05-27T11:23:36.543+0530][17.799s][info][gc,cpu      ] GC(428) User=0.01s Sys=0.00s Real=0.00s
[2026-05-27T11:23:36.586+0530][17.842s][info][gc,start    ] GC(429) Pause Young (Normal) (G1 Evacuation Pause)
[2026-05-27T11:23:36.586+0530][17.842s][info][gc,task     ] GC(429) Using 9 workers of 9 for evacuation
[2026-05-27T11:23:36.586+0530][17.843s][info][gc,phases   ] GC(429)   Pre Evacuate Collection Set: 0.07ms
[2026-05-27T11:23:36.586+0530][17.843s][info][gc,phases   ] GC(429)   Merge Heap Roots: 0.05ms
[2026-05-27T11:23:36.586+0530][17.843s][info][gc,phases   ] GC(429)   Evacuate Collection Set: 0.33ms
[2026-05-27T11:23:36.586+0530][17.843s][info][gc,phases   ] GC(429)   Post Evacuate Collection Set: 0.20ms
[2026-05-27T11:23:36.586+0530][17.843s][info][gc,phases   ] GC(429)   Other: 0.11ms
[2026-05-27T11:23:36.586+0530][17.843s][info][gc,heap     ] GC(429) Eden regions: 301->0(301)
[2026-05-27T11:23:36.586+0530][17.843s][info][gc,heap     ] GC(429) Survivor regions: 6->6(39)
[2026-05-27T11:23:36.586+0530][17.843s][info][gc,heap     ] GC(429) Old regions: 10->10
[2026-05-27T11:23:36.586+0530][17.843s][info][gc,heap     ] GC(429) Archive regions: 2->2
[2026-05-27T11:23:36.586+0530][17.843s][info][gc,heap     ] GC(429) Humongous regions: 0->0
[2026-05-27T11:23:36.586+0530][17.843s][info][gc,metaspace] GC(429) Metaspace: 1745K(2048K)->1745K(2048K) NonClass: 1568K(1728K)->1568K(1728K) Class: 177K(320K)->177K(320K)
[2026-05-27T11:23:36.587+0530][17.843s][info][gc          ] GC(429) Pause Young (Normal) (G1 Evacuation Pause) 316M->16M(512M) 0.864ms
[2026-05-27T11:23:36.587+0530][17.843s][info][gc,cpu      ] GC(429) User=0.01s Sys=0.00s Real=0.00s
[2026-05-27T11:23:36.627+0530][17.883s][info][gc,start    ] GC(430) Pause Young (Normal) (G1 Evacuation Pause)
[2026-05-27T11:23:36.627+0530][17.883s][info][gc,task     ] GC(430) Using 9 workers of 9 for evacuation
[2026-05-27T11:23:36.627+0530][17.884s][info][gc,phases   ] GC(430)   Pre Evacuate Collection Set: 0.05ms
[2026-05-27T11:23:36.627+0530][17.884s][info][gc,phases   ] GC(430)   Merge Heap Roots: 0.05ms
[2026-05-27T11:23:36.627+0530][17.884s][info][gc,phases   ] GC(430)   Evacuate Collection Set: 0.26ms
[2026-05-27T11:23:36.627+0530][17.884s][info][gc,phases   ] GC(430)   Post Evacuate Collection Set: 0.16ms
[2026-05-27T11:23:36.627+0530][17.884s][info][gc,phases   ] GC(430)   Other: 0.11ms
[2026-05-27T11:23:36.627+0530][17.884s][info][gc,heap     ] GC(430) Eden regions: 301->0(306)
[2026-05-27T11:23:36.627+0530][17.884s][info][gc,heap     ] GC(430) Survivor regions: 6->1(39)
[2026-05-27T11:23:36.627+0530][17.884s][info][gc,heap     ] GC(430) Old regions: 10->10
[2026-05-27T11:23:36.627+0530][17.884s][info][gc,heap     ] GC(430) Archive regions: 2->2
[2026-05-27T11:23:36.627+0530][17.884s][info][gc,heap     ] GC(430) Humongous regions: 0->0
[2026-05-27T11:23:36.627+0530][17.884s][info][gc,metaspace] GC(430) Metaspace: 1745K(2048K)->1745K(2048K) NonClass: 1568K(1728K)->1568K(1728K) Class: 177K(320K)->177K(320K)
[2026-05-27T11:23:36.627+0530][17.884s][info][gc          ] GC(430) Pause Young (Normal) (G1 Evacuation Pause) 317M->10M(512M) 0.675ms
[2026-05-27T11:23:36.627+0530][17.884s][info][gc,cpu      ] GC(430) User=0.00s Sys=0.00s Real=0.00s
[2026-05-27T11:23:36.667+0530][17.923s][info][gc,start    ] GC(431) Pause Young (Normal) (G1 Evacuation Pause)
[2026-05-27T11:23:36.667+0530][17.923s][info][gc,task     ] GC(431) Using 9 workers of 9 for evacuation
[2026-05-27T11:23:36.668+0530][17.924s][info][gc,phases   ] GC(431)   Pre Evacuate Collection Set: 0.05ms
[2026-05-27T11:23:36.668+0530][17.924s][info][gc,phases   ] GC(431)   Merge Heap Roots: 0.07ms
[2026-05-27T11:23:36.668+0530][17.924s][info][gc,phases   ] GC(431)   Evacuate Collection Set: 0.33ms
[2026-05-27T11:23:36.668+0530][17.924s][info][gc,phases   ] GC(431)   Post Evacuate Collection Set: 0.17ms
[2026-05-27T11:23:36.668+0530][17.924s][info][gc,phases   ] GC(431)   Other: 0.11ms
[2026-05-27T11:23:36.668+0530][17.924s][info][gc,heap     ] GC(431) Eden regions: 306->0(301)
[2026-05-27T11:23:36.668+0530][17.924s][info][gc,heap     ] GC(431) Survivor regions: 1->6(39)
[2026-05-27T11:23:36.668+0530][17.924s][info][gc,heap     ] GC(431) Old regions: 10->10
[2026-05-27T11:23:36.668+0530][17.924s][info][gc,heap     ] GC(431) Archive regions: 2->2
[2026-05-27T11:23:36.668+0530][17.924s][info][gc,heap     ] GC(431) Humongous regions: 0->0
[2026-05-27T11:23:36.668+0530][17.924s][info][gc,metaspace] GC(431) Metaspace: 1745K(2048K)->1745K(2048K) NonClass: 1568K(1728K)->1568K(1728K) Class: 177K(320K)->177K(320K)
[2026-05-27T11:23:36.668+0530][17.924s][info][gc          ] GC(431) Pause Young (Normal) (G1 Evacuation Pause) 316M->15M(512M) 0.807ms
[2026-05-27T11:23:36.668+0530][17.924s][info][gc,cpu      ] GC(431) User=0.00s Sys=0.00s Real=0.00s
[2026-05-27T11:23:36.712+0530][17.968s][info][gc,start    ] GC(432) Pause Young (Normal) (G1 Evacuation Pause)
[2026-05-27T11:23:36.712+0530][17.968s][info][gc,task     ] GC(432) Using 9 workers of 9 for evacuation
[2026-05-27T11:23:36.713+0530][17.969s][info][gc,phases   ] GC(432)   Pre Evacuate Collection Set: 0.11ms
[2026-05-27T11:23:36.713+0530][17.969s][info][gc,phases   ] GC(432)   Merge Heap Roots: 0.05ms
[2026-05-27T11:23:36.713+0530][17.969s][info][gc,phases   ] GC(432)   Evacuate Collection Set: 0.36ms
[2026-05-27T11:23:36.713+0530][17.969s][info][gc,phases   ] GC(432)   Post Evacuate Collection Set: 0.19ms
[2026-05-27T11:23:36.713+0530][17.969s][info][gc,phases   ] GC(432)   Other: 0.10ms
[2026-05-27T11:23:36.713+0530][17.969s][info][gc,heap     ] GC(432) Eden regions: 301->0(303)
[2026-05-27T11:23:36.713+0530][17.969s][info][gc,heap     ] GC(432) Survivor regions: 6->4(39)
[2026-05-27T11:23:36.713+0530][17.969s][info][gc,heap     ] GC(432) Old regions: 10->10
[2026-05-27T11:23:36.713+0530][17.969s][info][gc,heap     ] GC(432) Archive regions: 2->2
[2026-05-27T11:23:36.713+0530][17.969s][info][gc,heap     ] GC(432) Humongous regions: 0->0
[2026-05-27T11:23:36.713+0530][17.969s][info][gc,metaspace] GC(432) Metaspace: 1745K(2048K)->1745K(2048K) NonClass: 1568K(1728K)->1568K(1728K) Class: 177K(320K)->177K(320K)
[2026-05-27T11:23:36.713+0530][17.969s][info][gc          ] GC(432) Pause Young (Normal) (G1 Evacuation Pause) 316M->13M(512M) 0.917ms
[2026-05-27T11:23:36.713+0530][17.969s][info][gc,cpu      ] GC(432) User=0.00s Sys=0.00s Real=0.00s
[2026-05-27T11:23:36.753+0530][18.009s][info][gc,start    ] GC(433) Pause Young (Normal) (G1 Evacuation Pause)
[2026-05-27T11:23:36.753+0530][18.009s][info][gc,task     ] GC(433) Using 9 workers of 9 for evacuation
[2026-05-27T11:23:36.753+0530][18.010s][info][gc,phases   ] GC(433)   Pre Evacuate Collection Set: 0.06ms
[2026-05-27T11:23:36.753+0530][18.010s][info][gc,phases   ] GC(433)   Merge Heap Roots: 0.07ms
[2026-05-27T11:23:36.753+0530][18.010s][info][gc,phases   ] GC(433)   Evacuate Collection Set: 0.31ms
[2026-05-27T11:23:36.753+0530][18.010s][info][gc,phases   ] GC(433)   Post Evacuate Collection Set: 0.18ms
[2026-05-27T11:23:36.753+0530][18.010s][info][gc,phases   ] GC(433)   Other: 0.09ms
[2026-05-27T11:23:36.753+0530][18.010s][info][gc,heap     ] GC(433) Eden regions: 303->0(302)
[2026-05-27T11:23:36.753+0530][18.010s][info][gc,heap     ] GC(433) Survivor regions: 4->5(39)
[2026-05-27T11:23:36.753+0530][18.010s][info][gc,heap     ] GC(433) Old regions: 10->10
[2026-05-27T11:23:36.753+0530][18.010s][info][gc,heap     ] GC(433) Archive regions: 2->2
[2026-05-27T11:23:36.753+0530][18.010s][info][gc,heap     ] GC(433) Humongous regions: 0->0
[2026-05-27T11:23:36.753+0530][18.010s][info][gc,metaspace] GC(433) Metaspace: 1745K(2048K)->1745K(2048K) NonClass: 1568K(1728K)->1568K(1728K) Class: 177K(320K)->177K(320K)
[2026-05-27T11:23:36.754+0530][18.010s][info][gc          ] GC(433) Pause Young (Normal) (G1 Evacuation Pause) 316M->15M(512M) 0.797ms
[2026-05-27T11:23:36.754+0530][18.010s][info][gc,cpu      ] GC(433) User=0.01s Sys=0.00s Real=0.00s
[2026-05-27T11:23:36.795+0530][18.051s][info][gc,start    ] GC(434) Pause Young (Normal) (G1 Evacuation Pause)
[2026-05-27T11:23:36.795+0530][18.051s][info][gc,task     ] GC(434) Using 9 workers of 9 for evacuation
[2026-05-27T11:23:36.796+0530][18.052s][info][gc,phases   ] GC(434)   Pre Evacuate Collection Set: 0.10ms
[2026-05-27T11:23:36.796+0530][18.052s][info][gc,phases   ] GC(434)   Merge Heap Roots: 0.05ms
[2026-05-27T11:23:36.796+0530][18.052s][info][gc,phases   ] GC(434)   Evacuate Collection Set: 0.23ms
[2026-05-27T11:23:36.796+0530][18.052s][info][gc,phases   ] GC(434)   Post Evacuate Collection Set: 0.16ms
[2026-05-27T11:23:36.796+0530][18.052s][info][gc,phases   ] GC(434)   Other: 0.09ms
[2026-05-27T11:23:36.796+0530][18.052s][info][gc,heap     ] GC(434) Eden regions: 302->0(305)
[2026-05-27T11:23:36.796+0530][18.052s][info][gc,heap     ] GC(434) Survivor regions: 5->2(39)
[2026-05-27T11:23:36.796+0530][18.052s][info][gc,heap     ] GC(434) Old regions: 10->10
[2026-05-27T11:23:36.796+0530][18.052s][info][gc,heap     ] GC(434) Archive regions: 2->2
[2026-05-27T11:23:36.796+0530][18.052s][info][gc,heap     ] GC(434) Humongous regions: 9->0
[2026-05-27T11:23:36.796+0530][18.052s][info][gc,metaspace] GC(434) Metaspace: 1745K(2048K)->1745K(2048K) NonClass: 1568K(1728K)->1568K(1728K) Class: 177K(320K)->177K(320K)
[2026-05-27T11:23:36.796+0530][18.052s][info][gc          ] GC(434) Pause Young (Normal) (G1 Evacuation Pause) 325M->11M(512M) 0.692ms
[2026-05-27T11:23:36.796+0530][18.052s][info][gc,cpu      ] GC(434) User=0.00s Sys=0.00s Real=0.00s
[2026-05-27T11:23:36.836+0530][18.092s][info][gc,start    ] GC(435) Pause Young (Normal) (G1 Evacuation Pause)
[2026-05-27T11:23:36.836+0530][18.092s][info][gc,task     ] GC(435) Using 9 workers of 9 for evacuation
[2026-05-27T11:23:36.837+0530][18.093s][info][gc,phases   ] GC(435)   Pre Evacuate Collection Set: 0.06ms
[2026-05-27T11:23:36.837+0530][18.093s][info][gc,phases   ] GC(435)   Merge Heap Roots: 0.07ms
[2026-05-27T11:23:36.837+0530][18.093s][info][gc,phases   ] GC(435)   Evacuate Collection Set: 0.39ms
[2026-05-27T11:23:36.837+0530][18.093s][info][gc,phases   ] GC(435)   Post Evacuate Collection Set: 0.19ms
[2026-05-27T11:23:36.837+0530][18.093s][info][gc,phases   ] GC(435)   Other: 0.11ms
[2026-05-27T11:23:36.837+0530][18.093s][info][gc,heap     ] GC(435) Eden regions: 305->0(301)
[2026-05-27T11:23:36.837+0530][18.093s][info][gc,heap     ] GC(435) Survivor regions: 2->6(39)
[2026-05-27T11:23:36.837+0530][18.093s][info][gc,heap     ] GC(435) Old regions: 10->10
[2026-05-27T11:23:36.837+0530][18.093s][info][gc,heap     ] GC(435) Archive regions: 2->2
[2026-05-27T11:23:36.837+0530][18.093s][info][gc,heap     ] GC(435) Humongous regions: 0->0
[2026-05-27T11:23:36.837+0530][18.093s][info][gc,metaspace] GC(435) Metaspace: 1745K(2048K)->1745K(2048K) NonClass: 1568K(1728K)->1568K(1728K) Class: 177K(320K)->177K(320K)
[2026-05-27T11:23:36.837+0530][18.093s][info][gc          ] GC(435) Pause Young (Normal) (G1 Evacuation Pause) 316M->15M(512M) 0.961ms
[2026-05-27T11:23:36.837+0530][18.093s][info][gc,cpu      ] GC(435) User=0.00s Sys=0.00s Real=0.00s
[2026-05-27T11:23:36.878+0530][18.134s][info][gc,start    ] GC(436) Pause Young (Normal) (G1 Evacuation Pause)
[2026-05-27T11:23:36.878+0530][18.134s][info][gc,task     ] GC(436) Using 9 workers of 9 for evacuation
[2026-05-27T11:23:36.879+0530][18.135s][info][gc,phases   ] GC(436)   Pre Evacuate Collection Set: 0.12ms
[2026-05-27T11:23:36.879+0530][18.135s][info][gc,phases   ] GC(436)   Merge Heap Roots: 0.07ms
[2026-05-27T11:23:36.879+0530][18.135s][info][gc,phases   ] GC(436)   Evacuate Collection Set: 0.37ms
[2026-05-27T11:23:36.879+0530][18.135s][info][gc,phases   ] GC(436)   Post Evacuate Collection Set: 0.24ms
[2026-05-27T11:23:36.879+0530][18.135s][info][gc,phases   ] GC(436)   Other: 0.11ms
[2026-05-27T11:23:36.879+0530][18.135s][info][gc,heap     ] GC(436) Eden regions: 301->0(296)
[2026-05-27T11:23:36.879+0530][18.135s][info][gc,heap     ] GC(436) Survivor regions: 6->11(39)
[2026-05-27T11:23:36.879+0530][18.135s][info][gc,heap     ] GC(436) Old regions: 10->10
[2026-05-27T11:23:36.879+0530][18.135s][info][gc,heap     ] GC(436) Archive regions: 2->2
[2026-05-27T11:23:36.879+0530][18.135s][info][gc,heap     ] GC(436) Humongous regions: 0->0
[2026-05-27T11:23:36.879+0530][18.135s][info][gc,metaspace] GC(436) Metaspace: 1745K(2048K)->1745K(2048K) NonClass: 1568K(1728K)->1568K(1728K) Class: 177K(320K)->177K(320K)
[2026-05-27T11:23:36.879+0530][18.135s][info][gc          ] GC(436) Pause Young (Normal) (G1 Evacuation Pause) 316M->20M(512M) 0.973ms
[2026-05-27T11:23:36.879+0530][18.135s][info][gc,cpu      ] GC(436) User=0.00s Sys=0.01s Real=0.00s
[2026-05-27T11:23:36.919+0530][18.175s][info][gc,start    ] GC(437) Pause Young (Normal) (G1 Evacuation Pause)
[2026-05-27T11:23:36.919+0530][18.175s][info][gc,task     ] GC(437) Using 9 workers of 9 for evacuation
[2026-05-27T11:23:36.920+0530][18.176s][info][gc,phases   ] GC(437)   Pre Evacuate Collection Set: 0.09ms
[2026-05-27T11:23:36.920+0530][18.176s][info][gc,phases   ] GC(437)   Merge Heap Roots: 0.06ms
[2026-05-27T11:23:36.920+0530][18.176s][info][gc,phases   ] GC(437)   Evacuate Collection Set: 0.28ms
[2026-05-27T11:23:36.920+0530][18.176s][info][gc,phases   ] GC(437)   Post Evacuate Collection Set: 0.17ms
[2026-05-27T11:23:36.920+0530][18.176s][info][gc,phases   ] GC(437)   Other: 0.11ms
[2026-05-27T11:23:36.920+0530][18.176s][info][gc,heap     ] GC(437) Eden regions: 296->0(300)
[2026-05-27T11:23:36.920+0530][18.176s][info][gc,heap     ] GC(437) Survivor regions: 11->7(39)
[2026-05-27T11:23:36.920+0530][18.176s][info][gc,heap     ] GC(437) Old regions: 10->10
[2026-05-27T11:23:36.920+0530][18.176s][info][gc,heap     ] GC(437) Archive regions: 2->2
[2026-05-27T11:23:36.920+0530][18.176s][info][gc,heap     ] GC(437) Humongous regions: 0->0
[2026-05-27T11:23:36.920+0530][18.176s][info][gc,metaspace] GC(437) Metaspace: 1745K(2048K)->1745K(2048K) NonClass: 1568K(1728K)->1568K(1728K) Class: 177K(320K)->177K(320K)
[2026-05-27T11:23:36.920+0530][18.176s][info][gc          ] GC(437) Pause Young (Normal) (G1 Evacuation Pause) 316M->16M(512M) 0.760ms
[2026-05-27T11:23:36.920+0530][18.176s][info][gc,cpu      ] GC(437) User=0.01s Sys=0.00s Real=0.01s
[2026-05-27T11:23:36.962+0530][18.218s][info][gc,start    ] GC(438) Pause Young (Normal) (G1 Evacuation Pause)
[2026-05-27T11:23:36.962+0530][18.218s][info][gc,task     ] GC(438) Using 9 workers of 9 for evacuation
[2026-05-27T11:23:36.963+0530][18.219s][info][gc,phases   ] GC(438)   Pre Evacuate Collection Set: 0.06ms
[2026-05-27T11:23:36.963+0530][18.219s][info][gc,phases   ] GC(438)   Merge Heap Roots: 0.09ms
[2026-05-27T11:23:36.963+0530][18.219s][info][gc,phases   ] GC(438)   Evacuate Collection Set: 0.26ms
[2026-05-27T11:23:36.963+0530][18.219s][info][gc,phases   ] GC(438)   Post Evacuate Collection Set: 0.17ms
[2026-05-27T11:23:36.963+0530][18.219s][info][gc,phases   ] GC(438)   Other: 0.10ms
[2026-05-27T11:23:36.963+0530][18.219s][info][gc,heap     ] GC(438) Eden regions: 300->0(303)
[2026-05-27T11:23:36.963+0530][18.219s][info][gc,heap     ] GC(438) Survivor regions: 7->4(39)
[2026-05-27T11:23:36.963+0530][18.219s][info][gc,heap     ] GC(438) Old regions: 10->10
[2026-05-27T11:23:36.963+0530][18.219s][info][gc,heap     ] GC(438) Archive regions: 2->2
[2026-05-27T11:23:36.963+0530][18.219s][info][gc,heap     ] GC(438) Humongous regions: 0->0
[2026-05-27T11:23:36.963+0530][18.219s][info][gc,metaspace] GC(438) Metaspace: 1745K(2048K)->1745K(2048K) NonClass: 1568K(1728K)->1568K(1728K) Class: 177K(320K)->177K(320K)
[2026-05-27T11:23:36.963+0530][18.219s][info][gc          ] GC(438) Pause Young (Normal) (G1 Evacuation Pause) 316M->13M(512M) 0.761ms
[2026-05-27T11:23:36.963+0530][18.219s][info][gc,cpu      ] GC(438) User=0.01s Sys=0.00s Real=0.00s
[2026-05-27T11:23:37.007+0530][18.263s][info][gc,start    ] GC(439) Pause Young (Normal) (G1 Evacuation Pause)
[2026-05-27T11:23:37.007+0530][18.264s][info][gc,task     ] GC(439) Using 9 workers of 9 for evacuation
[2026-05-27T11:23:37.008+0530][18.264s][info][gc,phases   ] GC(439)   Pre Evacuate Collection Set: 0.08ms
[2026-05-27T11:23:37.008+0530][18.264s][info][gc,phases   ] GC(439)   Merge Heap Roots: 0.06ms
[2026-05-27T11:23:37.008+0530][18.264s][info][gc,phases   ] GC(439)   Evacuate Collection Set: 0.32ms
[2026-05-27T11:23:37.008+0530][18.264s][info][gc,phases   ] GC(439)   Post Evacuate Collection Set: 0.21ms
[2026-05-27T11:23:37.008+0530][18.264s][info][gc,phases   ] GC(439)   Other: 0.11ms
[2026-05-27T11:23:37.008+0530][18.264s][info][gc,heap     ] GC(439) Eden regions: 303->0(302)
[2026-05-27T11:23:37.008+0530][18.264s][info][gc,heap     ] GC(439) Survivor regions: 4->5(39)
[2026-05-27T11:23:37.008+0530][18.264s][info][gc,heap     ] GC(439) Old regions: 10->10
[2026-05-27T11:23:37.008+0530][18.264s][info][gc,heap     ] GC(439) Archive regions: 2->2
[2026-05-27T11:23:37.008+0530][18.264s][info][gc,heap     ] GC(439) Humongous regions: 0->0
[2026-05-27T11:23:37.008+0530][18.264s][info][gc,metaspace] GC(439) Metaspace: 1745K(2048K)->1745K(2048K) NonClass: 1568K(1728K)->1568K(1728K) Class: 177K(320K)->177K(320K)
[2026-05-27T11:23:37.008+0530][18.264s][info][gc          ] GC(439) Pause Young (Normal) (G1 Evacuation Pause) 316M->14M(512M) 0.857ms
[2026-05-27T11:23:37.008+0530][18.264s][info][gc,cpu      ] GC(439) User=0.00s Sys=0.01s Real=0.00s
[2026-05-27T11:23:37.047+0530][18.303s][info][gc,start    ] GC(440) Pause Young (Normal) (G1 Evacuation Pause)
[2026-05-27T11:23:37.047+0530][18.303s][info][gc,task     ] GC(440) Using 9 workers of 9 for evacuation
[2026-05-27T11:23:37.048+0530][18.304s][info][gc,phases   ] GC(440)   Pre Evacuate Collection Set: 0.12ms
[2026-05-27T11:23:37.048+0530][18.304s][info][gc,phases   ] GC(440)   Merge Heap Roots: 0.05ms
[2026-05-27T11:23:37.048+0530][18.304s][info][gc,phases   ] GC(440)   Evacuate Collection Set: 0.23ms
[2026-05-27T11:23:37.048+0530][18.304s][info][gc,phases   ] GC(440)   Post Evacuate Collection Set: 0.16ms
[2026-05-27T11:23:37.048+0530][18.304s][info][gc,phases   ] GC(440)   Other: 0.11ms
[2026-05-27T11:23:37.048+0530][18.304s][info][gc,heap     ] GC(440) Eden regions: 302->0(302)
[2026-05-27T11:23:37.048+0530][18.304s][info][gc,heap     ] GC(440) Survivor regions: 5->5(39)
[2026-05-27T11:23:37.048+0530][18.304s][info][gc,heap     ] GC(440) Old regions: 10->10
[2026-05-27T11:23:37.048+0530][18.304s][info][gc,heap     ] GC(440) Archive regions: 2->2
[2026-05-27T11:23:37.048+0530][18.304s][info][gc,heap     ] GC(440) Humongous regions: 0->0
[2026-05-27T11:23:37.048+0530][18.304s][info][gc,metaspace] GC(440) Metaspace: 1745K(2048K)->1745K(2048K) NonClass: 1568K(1728K)->1568K(1728K) Class: 177K(320K)->177K(320K)
[2026-05-27T11:23:37.048+0530][18.304s][info][gc          ] GC(440) Pause Young (Normal) (G1 Evacuation Pause) 316M->14M(512M) 0.734ms
[2026-05-27T11:23:37.048+0530][18.304s][info][gc,cpu      ] GC(440) User=0.01s Sys=0.00s Real=0.00s
[2026-05-27T11:23:37.088+0530][18.344s][info][gc,start    ] GC(441) Pause Young (Normal) (G1 Evacuation Pause)
[2026-05-27T11:23:37.088+0530][18.344s][info][gc,task     ] GC(441) Using 9 workers of 9 for evacuation
[2026-05-27T11:23:37.089+0530][18.345s][info][gc,phases   ] GC(441)   Pre Evacuate Collection Set: 0.08ms
[2026-05-27T11:23:37.089+0530][18.345s][info][gc,phases   ] GC(441)   Merge Heap Roots: 0.06ms
[2026-05-27T11:23:37.089+0530][18.345s][info][gc,phases   ] GC(441)   Evacuate Collection Set: 0.23ms
[2026-05-27T11:23:37.089+0530][18.345s][info][gc,phases   ] GC(441)   Post Evacuate Collection Set: 0.16ms
[2026-05-27T11:23:37.089+0530][18.345s][info][gc,phases   ] GC(441)   Other: 0.10ms
[2026-05-27T11:23:37.089+0530][18.345s][info][gc,heap     ] GC(441) Eden regions: 302->0(303)
[2026-05-27T11:23:37.089+0530][18.345s][info][gc,heap     ] GC(441) Survivor regions: 5->4(39)
[2026-05-27T11:23:37.089+0530][18.345s][info][gc,heap     ] GC(441) Old regions: 10->10
[2026-05-27T11:23:37.089+0530][18.345s][info][gc,heap     ] GC(441) Archive regions: 2->2
[2026-05-27T11:23:37.089+0530][18.345s][info][gc,heap     ] GC(441) Humongous regions: 0->0
[2026-05-27T11:23:37.089+0530][18.345s][info][gc,metaspace] GC(441) Metaspace: 1745K(2048K)->1745K(2048K) NonClass: 1568K(1728K)->1568K(1728K) Class: 177K(320K)->177K(320K)
[2026-05-27T11:23:37.089+0530][18.345s][info][gc          ] GC(441) Pause Young (Normal) (G1 Evacuation Pause) 316M->14M(512M) 0.683ms
[2026-05-27T11:23:37.089+0530][18.345s][info][gc,cpu      ] GC(441) User=0.00s Sys=0.00s Real=0.00s
[2026-05-27T11:23:37.134+0530][18.390s][info][gc,start    ] GC(442) Pause Young (Normal) (G1 Evacuation Pause)
[2026-05-27T11:23:37.134+0530][18.390s][info][gc,task     ] GC(442) Using 9 workers of 9 for evacuation
[2026-05-27T11:23:37.134+0530][18.390s][info][gc,phases   ] GC(442)   Pre Evacuate Collection Set: 0.06ms
[2026-05-27T11:23:37.134+0530][18.391s][info][gc,phases   ] GC(442)   Merge Heap Roots: 0.07ms
[2026-05-27T11:23:37.134+0530][18.391s][info][gc,phases   ] GC(442)   Evacuate Collection Set: 0.27ms
[2026-05-27T11:23:37.134+0530][18.391s][info][gc,phases   ] GC(442)   Post Evacuate Collection Set: 0.16ms
[2026-05-27T11:23:37.134+0530][18.391s][info][gc,phases   ] GC(442)   Other: 0.09ms
[2026-05-27T11:23:37.134+0530][18.391s][info][gc,heap     ] GC(442) Eden regions: 303->0(305)
[2026-05-27T11:23:37.134+0530][18.391s][info][gc,heap     ] GC(442) Survivor regions: 4->2(39)
[2026-05-27T11:23:37.134+0530][18.391s][info][gc,heap     ] GC(442) Old regions: 10->10
[2026-05-27T11:23:37.134+0530][18.391s][info][gc,heap     ] GC(442) Archive regions: 2->2
[2026-05-27T11:23:37.134+0530][18.391s][info][gc,heap     ] GC(442) Humongous regions: 0->0
[2026-05-27T11:23:37.134+0530][18.391s][info][gc,metaspace] GC(442) Metaspace: 1745K(2048K)->1745K(2048K) NonClass: 1568K(1728K)->1568K(1728K) Class: 177K(320K)->177K(320K)
[2026-05-27T11:23:37.134+0530][18.391s][info][gc          ] GC(442) Pause Young (Normal) (G1 Evacuation Pause) 316M->11M(512M) 0.719ms
[2026-05-27T11:23:37.134+0530][18.391s][info][gc,cpu      ] GC(442) User=0.00s Sys=0.00s Real=0.00s
[2026-05-27T11:23:37.175+0530][18.432s][info][gc,start    ] GC(443) Pause Young (Normal) (G1 Evacuation Pause)
[2026-05-27T11:23:37.175+0530][18.432s][info][gc,task     ] GC(443) Using 9 workers of 9 for evacuation
[2026-05-27T11:23:37.176+0530][18.432s][info][gc,phases   ] GC(443)   Pre Evacuate Collection Set: 0.07ms
[2026-05-27T11:23:37.176+0530][18.432s][info][gc,phases   ] GC(443)   Merge Heap Roots: 0.06ms
[2026-05-27T11:23:37.176+0530][18.432s][info][gc,phases   ] GC(443)   Evacuate Collection Set: 0.28ms
[2026-05-27T11:23:37.176+0530][18.432s][info][gc,phases   ] GC(443)   Post Evacuate Collection Set: 0.19ms
[2026-05-27T11:23:37.176+0530][18.432s][info][gc,phases   ] GC(443)   Other: 0.11ms
[2026-05-27T11:23:37.176+0530][18.432s][info][gc,heap     ] GC(443) Eden regions: 305->0(301)
[2026-05-27T11:23:37.176+0530][18.432s][info][gc,heap     ] GC(443) Survivor regions: 2->6(39)
[2026-05-27T11:23:37.176+0530][18.432s][info][gc,heap     ] GC(443) Old regions: 10->10
[2026-05-27T11:23:37.176+0530][18.432s][info][gc,heap     ] GC(443) Archive regions: 2->2
[2026-05-27T11:23:37.176+0530][18.432s][info][gc,heap     ] GC(443) Humongous regions: 0->0
[2026-05-27T11:23:37.176+0530][18.432s][info][gc,metaspace] GC(443) Metaspace: 1745K(2048K)->1745K(2048K) NonClass: 1568K(1728K)->1568K(1728K) Class: 177K(320K)->177K(320K)
[2026-05-27T11:23:37.176+0530][18.432s][info][gc          ] GC(443) Pause Young (Normal) (G1 Evacuation Pause) 316M->15M(512M) 0.808ms
[2026-05-27T11:23:37.176+0530][18.432s][info][gc,cpu      ] GC(443) User=0.00s Sys=0.00s Real=0.00s
[2026-05-27T11:23:37.215+0530][18.471s][info][gc,start    ] GC(444) Pause Young (Normal) (G1 Evacuation Pause)
[2026-05-27T11:23:37.215+0530][18.471s][info][gc,task     ] GC(444) Using 9 workers of 9 for evacuation
[2026-05-27T11:23:37.215+0530][18.471s][info][gc,phases   ] GC(444)   Pre Evacuate Collection Set: 0.06ms
[2026-05-27T11:23:37.215+0530][18.471s][info][gc,phases   ] GC(444)   Merge Heap Roots: 0.05ms
[2026-05-27T11:23:37.215+0530][18.471s][info][gc,phases   ] GC(444)   Evacuate Collection Set: 0.25ms
[2026-05-27T11:23:37.215+0530][18.471s][info][gc,phases   ] GC(444)   Post Evacuate Collection Set: 0.17ms
[2026-05-27T11:23:37.215+0530][18.471s][info][gc,phases   ] GC(444)   Other: 0.11ms
[2026-05-27T11:23:37.215+0530][18.471s][info][gc,heap     ] GC(444) Eden regions: 301->0(301)
[2026-05-27T11:23:37.215+0530][18.471s][info][gc,heap     ] GC(444) Survivor regions: 6->6(39)
[2026-05-27T11:23:37.215+0530][18.472s][info][gc,heap     ] GC(444) Old regions: 10->10
[2026-05-27T11:23:37.215+0530][18.472s][info][gc,heap     ] GC(444) Archive regions: 2->2
[2026-05-27T11:23:37.215+0530][18.472s][info][gc,heap     ] GC(444) Humongous regions: 9->0
[2026-05-27T11:23:37.215+0530][18.472s][info][gc,metaspace] GC(444) Metaspace: 1745K(2048K)->1745K(2048K) NonClass: 1568K(1728K)->1568K(1728K) Class: 177K(320K)->177K(320K)
[2026-05-27T11:23:37.215+0530][18.472s][info][gc          ] GC(444) Pause Young (Normal) (G1 Evacuation Pause) 325M->15M(512M) 0.714ms
[2026-05-27T11:23:37.215+0530][18.472s][info][gc,cpu      ] GC(444) User=0.00s Sys=0.01s Real=0.00s
[2026-05-27T11:23:37.255+0530][18.511s][info][gc,start    ] GC(445) Pause Young (Normal) (G1 Evacuation Pause)
[2026-05-27T11:23:37.255+0530][18.511s][info][gc,task     ] GC(445) Using 9 workers of 9 for evacuation
[2026-05-27T11:23:37.255+0530][18.511s][info][gc,phases   ] GC(445)   Pre Evacuate Collection Set: 0.10ms
[2026-05-27T11:23:37.255+0530][18.511s][info][gc,phases   ] GC(445)   Merge Heap Roots: 0.05ms
[2026-05-27T11:23:37.255+0530][18.511s][info][gc,phases   ] GC(445)   Evacuate Collection Set: 0.24ms
[2026-05-27T11:23:37.255+0530][18.511s][info][gc,phases   ] GC(445)   Post Evacuate Collection Set: 0.17ms
[2026-05-27T11:23:37.255+0530][18.511s][info][gc,phases   ] GC(445)   Other: 0.11ms
[2026-05-27T11:23:37.255+0530][18.511s][info][gc,heap     ] GC(445) Eden regions: 301->0(302)
[2026-05-27T11:23:37.255+0530][18.511s][info][gc,heap     ] GC(445) Survivor regions: 6->5(39)
[2026-05-27T11:23:37.255+0530][18.511s][info][gc,heap     ] GC(445) Old regions: 10->10
[2026-05-27T11:23:37.255+0530][18.511s][info][gc,heap     ] GC(445) Archive regions: 2->2
[2026-05-27T11:23:37.255+0530][18.511s][info][gc,heap     ] GC(445) Humongous regions: 0->0
[2026-05-27T11:23:37.255+0530][18.511s][info][gc,metaspace] GC(445) Metaspace: 1745K(2048K)->1745K(2048K) NonClass: 1568K(1728K)->1568K(1728K) Class: 177K(320K)->177K(320K)
[2026-05-27T11:23:37.255+0530][18.511s][info][gc          ] GC(445) Pause Young (Normal) (G1 Evacuation Pause) 316M->14M(512M) 0.746ms
[2026-05-27T11:23:37.255+0530][18.511s][info][gc,cpu      ] GC(445) User=0.00s Sys=0.00s Real=0.00s
[2026-05-27T11:23:37.294+0530][18.550s][info][gc,start    ] GC(446) Pause Young (Normal) (G1 Evacuation Pause)
[2026-05-27T11:23:37.294+0530][18.550s][info][gc,task     ] GC(446) Using 9 workers of 9 for evacuation
[2026-05-27T11:23:37.294+0530][18.550s][info][gc,phases   ] GC(446)   Pre Evacuate Collection Set: 0.06ms
[2026-05-27T11:23:37.294+0530][18.551s][info][gc,phases   ] GC(446)   Merge Heap Roots: 0.10ms
[2026-05-27T11:23:37.294+0530][18.551s][info][gc,phases   ] GC(446)   Evacuate Collection Set: 0.26ms
[2026-05-27T11:23:37.294+0530][18.551s][info][gc,phases   ] GC(446)   Post Evacuate Collection Set: 0.26ms
[2026-05-27T11:23:37.294+0530][18.551s][info][gc,phases   ] GC(446)   Other: 0.11ms
[2026-05-27T11:23:37.294+0530][18.551s][info][gc,heap     ] GC(446) Eden regions: 302->0(301)
[2026-05-27T11:23:37.294+0530][18.551s][info][gc,heap     ] GC(446) Survivor regions: 5->6(39)
[2026-05-27T11:23:37.294+0530][18.551s][info][gc,heap     ] GC(446) Old regions: 10->10
[2026-05-27T11:23:37.294+0530][18.551s][info][gc,heap     ] GC(446) Archive regions: 2->2
[2026-05-27T11:23:37.294+0530][18.551s][info][gc,heap     ] GC(446) Humongous regions: 0->0
[2026-05-27T11:23:37.294+0530][18.551s][info][gc,metaspace] GC(446) Metaspace: 1745K(2048K)->1745K(2048K) NonClass: 1568K(1728K)->1568K(1728K) Class: 177K(320K)->177K(320K)
[2026-05-27T11:23:37.294+0530][18.551s][info][gc          ] GC(446) Pause Young (Normal) (G1 Evacuation Pause) 316M->15M(512M) 0.879ms
[2026-05-27T11:23:37.294+0530][18.551s][info][gc,cpu      ] GC(446) User=0.00s Sys=0.00s Real=0.00s
[2026-05-27T11:23:37.334+0530][18.590s][info][gc,start    ] GC(447) Pause Young (Normal) (G1 Evacuation Pause)
[2026-05-27T11:23:37.334+0530][18.590s][info][gc,task     ] GC(447) Using 9 workers of 9 for evacuation
[2026-05-27T11:23:37.335+0530][18.591s][info][gc,phases   ] GC(447)   Pre Evacuate Collection Set: 0.05ms
[2026-05-27T11:23:37.335+0530][18.591s][info][gc,phases   ] GC(447)   Merge Heap Roots: 0.05ms
[2026-05-27T11:23:37.335+0530][18.591s][info][gc,phases   ] GC(447)   Evacuate Collection Set: 0.32ms
[2026-05-27T11:23:37.335+0530][18.591s][info][gc,phases   ] GC(447)   Post Evacuate Collection Set: 0.16ms
[2026-05-27T11:23:37.335+0530][18.591s][info][gc,phases   ] GC(447)   Other: 0.11ms
[2026-05-27T11:23:37.335+0530][18.591s][info][gc,heap     ] GC(447) Eden regions: 301->0(303)
[2026-05-27T11:23:37.335+0530][18.591s][info][gc,heap     ] GC(447) Survivor regions: 6->4(39)
[2026-05-27T11:23:37.335+0530][18.591s][info][gc,heap     ] GC(447) Old regions: 10->10
[2026-05-27T11:23:37.335+0530][18.591s][info][gc,heap     ] GC(447) Archive regions: 2->2
[2026-05-27T11:23:37.335+0530][18.591s][info][gc,heap     ] GC(447) Humongous regions: 0->0
[2026-05-27T11:23:37.335+0530][18.591s][info][gc,metaspace] GC(447) Metaspace: 1745K(2048K)->1745K(2048K) NonClass: 1568K(1728K)->1568K(1728K) Class: 177K(320K)->177K(320K)
[2026-05-27T11:23:37.335+0530][18.591s][info][gc          ] GC(447) Pause Young (Normal) (G1 Evacuation Pause) 316M->13M(512M) 0.760ms
[2026-05-27T11:23:37.335+0530][18.591s][info][gc,cpu      ] GC(447) User=0.00s Sys=0.00s Real=0.00s
[2026-05-27T11:23:37.375+0530][18.631s][info][gc,start    ] GC(448) Pause Young (Normal) (G1 Evacuation Pause)
[2026-05-27T11:23:37.375+0530][18.631s][info][gc,task     ] GC(448) Using 9 workers of 9 for evacuation
[2026-05-27T11:23:37.375+0530][18.631s][info][gc,phases   ] GC(448)   Pre Evacuate Collection Set: 0.08ms
[2026-05-27T11:23:37.375+0530][18.631s][info][gc,phases   ] GC(448)   Merge Heap Roots: 0.05ms
[2026-05-27T11:23:37.375+0530][18.631s][info][gc,phases   ] GC(448)   Evacuate Collection Set: 0.22ms
[2026-05-27T11:23:37.375+0530][18.631s][info][gc,phases   ] GC(448)   Post Evacuate Collection Set: 0.16ms
[2026-05-27T11:23:37.375+0530][18.631s][info][gc,phases   ] GC(448)   Other: 0.08ms
[2026-05-27T11:23:37.375+0530][18.631s][info][gc,heap     ] GC(448) Eden regions: 303->0(301)
[2026-05-27T11:23:37.375+0530][18.631s][info][gc,heap     ] GC(448) Survivor regions: 4->6(39)
[2026-05-27T11:23:37.375+0530][18.631s][info][gc,heap     ] GC(448) Old regions: 10->10
[2026-05-27T11:23:37.375+0530][18.631s][info][gc,heap     ] GC(448) Archive regions: 2->2
[2026-05-27T11:23:37.375+0530][18.631s][info][gc,heap     ] GC(448) Humongous regions: 0->0
[2026-05-27T11:23:37.375+0530][18.631s][info][gc,metaspace] GC(448) Metaspace: 1745K(2048K)->1745K(2048K) NonClass: 1568K(1728K)->1568K(1728K) Class: 177K(320K)->177K(320K)
[2026-05-27T11:23:37.375+0530][18.631s][info][gc          ] GC(448) Pause Young (Normal) (G1 Evacuation Pause) 316M->15M(512M) 0.686ms
[2026-05-27T11:23:37.375+0530][18.631s][info][gc,cpu      ] GC(448) User=0.01s Sys=0.00s Real=0.00s
[2026-05-27T11:23:37.415+0530][18.672s][info][gc,start    ] GC(449) Pause Young (Normal) (G1 Evacuation Pause)
[2026-05-27T11:23:37.416+0530][18.672s][info][gc,task     ] GC(449) Using 9 workers of 9 for evacuation
[2026-05-27T11:23:37.416+0530][18.672s][info][gc,phases   ] GC(449)   Pre Evacuate Collection Set: 0.13ms
[2026-05-27T11:23:37.416+0530][18.672s][info][gc,phases   ] GC(449)   Merge Heap Roots: 0.07ms
[2026-05-27T11:23:37.416+0530][18.672s][info][gc,phases   ] GC(449)   Evacuate Collection Set: 0.25ms
[2026-05-27T11:23:37.416+0530][18.672s][info][gc,phases   ] GC(449)   Post Evacuate Collection Set: 0.17ms
[2026-05-27T11:23:37.416+0530][18.672s][info][gc,phases   ] GC(449)   Other: 0.11ms
[2026-05-27T11:23:37.416+0530][18.672s][info][gc,heap     ] GC(449) Eden regions: 301->0(301)
[2026-05-27T11:23:37.416+0530][18.672s][info][gc,heap     ] GC(449) Survivor regions: 6->6(39)
[2026-05-27T11:23:37.416+0530][18.672s][info][gc,heap     ] GC(449) Old regions: 10->10
[2026-05-27T11:23:37.416+0530][18.672s][info][gc,heap     ] GC(449) Archive regions: 2->2
[2026-05-27T11:23:37.416+0530][18.672s][info][gc,heap     ] GC(449) Humongous regions: 0->0
[2026-05-27T11:23:37.416+0530][18.672s][info][gc,metaspace] GC(449) Metaspace: 1745K(2048K)->1745K(2048K) NonClass: 1568K(1728K)->1568K(1728K) Class: 177K(320K)->177K(320K)
[2026-05-27T11:23:37.416+0530][18.672s][info][gc          ] GC(449) Pause Young (Normal) (G1 Evacuation Pause) 316M->15M(512M) 0.827ms
[2026-05-27T11:23:37.416+0530][18.672s][info][gc,cpu      ] GC(449) User=0.00s Sys=0.00s Real=0.00s
[2026-05-27T11:23:37.457+0530][18.713s][info][gc,start    ] GC(450) Pause Young (Normal) (G1 Evacuation Pause)
[2026-05-27T11:23:37.457+0530][18.713s][info][gc,task     ] GC(450) Using 9 workers of 9 for evacuation
[2026-05-27T11:23:37.457+0530][18.713s][info][gc,phases   ] GC(450)   Pre Evacuate Collection Set: 0.07ms
[2026-05-27T11:23:37.457+0530][18.713s][info][gc,phases   ] GC(450)   Merge Heap Roots: 0.12ms
[2026-05-27T11:23:37.457+0530][18.713s][info][gc,phases   ] GC(450)   Evacuate Collection Set: 0.26ms
[2026-05-27T11:23:37.457+0530][18.714s][info][gc,phases   ] GC(450)   Post Evacuate Collection Set: 0.23ms
[2026-05-27T11:23:37.457+0530][18.714s][info][gc,phases   ] GC(450)   Other: 0.14ms
[2026-05-27T11:23:37.457+0530][18.714s][info][gc,heap     ] GC(450) Eden regions: 301->0(301)
[2026-05-27T11:23:37.457+0530][18.714s][info][gc,heap     ] GC(450) Survivor regions: 6->6(39)
[2026-05-27T11:23:37.457+0530][18.714s][info][gc,heap     ] GC(450) Old regions: 10->10
[2026-05-27T11:23:37.457+0530][18.714s][info][gc,heap     ] GC(450) Archive regions: 2->2
[2026-05-27T11:23:37.457+0530][18.714s][info][gc,heap     ] GC(450) Humongous regions: 0->0
[2026-05-27T11:23:37.457+0530][18.714s][info][gc,metaspace] GC(450) Metaspace: 1745K(2048K)->1745K(2048K) NonClass: 1568K(1728K)->1568K(1728K) Class: 177K(320K)->177K(320K)
[2026-05-27T11:23:37.457+0530][18.714s][info][gc          ] GC(450) Pause Young (Normal) (G1 Evacuation Pause) 316M->15M(512M) 0.905ms
[2026-05-27T11:23:37.457+0530][18.714s][info][gc,cpu      ] GC(450) User=0.00s Sys=0.00s Real=0.00s
[2026-05-27T11:23:37.498+0530][18.754s][info][gc,start    ] GC(451) Pause Young (Normal) (G1 Evacuation Pause)
[2026-05-27T11:23:37.498+0530][18.754s][info][gc,task     ] GC(451) Using 9 workers of 9 for evacuation
[2026-05-27T11:23:37.499+0530][18.755s][info][gc,phases   ] GC(451)   Pre Evacuate Collection Set: 0.09ms
[2026-05-27T11:23:37.499+0530][18.755s][info][gc,phases   ] GC(451)   Merge Heap Roots: 0.05ms
[2026-05-27T11:23:37.499+0530][18.755s][info][gc,phases   ] GC(451)   Evacuate Collection Set: 0.28ms
[2026-05-27T11:23:37.499+0530][18.755s][info][gc,phases   ] GC(451)   Post Evacuate Collection Set: 0.23ms
[2026-05-27T11:23:37.499+0530][18.755s][info][gc,phases   ] GC(451)   Other: 0.11ms
[2026-05-27T11:23:37.499+0530][18.755s][info][gc,heap     ] GC(451) Eden regions: 301->0(302)
[2026-05-27T11:23:37.499+0530][18.755s][info][gc,heap     ] GC(451) Survivor regions: 6->5(39)
[2026-05-27T11:23:37.499+0530][18.755s][info][gc,heap     ] GC(451) Old regions: 10->10
[2026-05-27T11:23:37.499+0530][18.755s][info][gc,heap     ] GC(451) Archive regions: 2->2
[2026-05-27T11:23:37.499+0530][18.755s][info][gc,heap     ] GC(451) Humongous regions: 0->0
[2026-05-27T11:23:37.499+0530][18.755s][info][gc,metaspace] GC(451) Metaspace: 1745K(2048K)->1745K(2048K) NonClass: 1568K(1728K)->1568K(1728K) Class: 177K(320K)->177K(320K)
[2026-05-27T11:23:37.499+0530][18.755s][info][gc          ] GC(451) Pause Young (Normal) (G1 Evacuation Pause) 316M->14M(512M) 0.828ms
[2026-05-27T11:23:37.499+0530][18.755s][info][gc,cpu      ] GC(451) User=0.00s Sys=0.00s Real=0.00s
[2026-05-27T11:23:37.540+0530][18.796s][info][gc,start    ] GC(452) Pause Young (Normal) (G1 Evacuation Pause)
[2026-05-27T11:23:37.540+0530][18.796s][info][gc,task     ] GC(452) Using 9 workers of 9 for evacuation
[2026-05-27T11:23:37.541+0530][18.797s][info][gc,phases   ] GC(452)   Pre Evacuate Collection Set: 0.09ms
[2026-05-27T11:23:37.541+0530][18.797s][info][gc,phases   ] GC(452)   Merge Heap Roots: 0.06ms
[2026-05-27T11:23:37.541+0530][18.797s][info][gc,phases   ] GC(452)   Evacuate Collection Set: 0.27ms
[2026-05-27T11:23:37.541+0530][18.797s][info][gc,phases   ] GC(452)   Post Evacuate Collection Set: 0.23ms
[2026-05-27T11:23:37.541+0530][18.797s][info][gc,phases   ] GC(452)   Other: 0.11ms
[2026-05-27T11:23:37.541+0530][18.797s][info][gc,heap     ] GC(452) Eden regions: 302->0(300)
[2026-05-27T11:23:37.541+0530][18.797s][info][gc,heap     ] GC(452) Survivor regions: 5->7(39)
[2026-05-27T11:23:37.541+0530][18.797s][info][gc,heap     ] GC(452) Old regions: 10->10
[2026-05-27T11:23:37.541+0530][18.797s][info][gc,heap     ] GC(452) Archive regions: 2->2
[2026-05-27T11:23:37.541+0530][18.797s][info][gc,heap     ] GC(452) Humongous regions: 0->0
[2026-05-27T11:23:37.541+0530][18.797s][info][gc,metaspace] GC(452) Metaspace: 1745K(2048K)->1745K(2048K) NonClass: 1568K(1728K)->1568K(1728K) Class: 177K(320K)->177K(320K)
[2026-05-27T11:23:37.541+0530][18.797s][info][gc          ] GC(452) Pause Young (Normal) (G1 Evacuation Pause) 316M->16M(512M) 0.841ms
[2026-05-27T11:23:37.541+0530][18.797s][info][gc,cpu      ] GC(452) User=0.00s Sys=0.00s Real=0.00s
[2026-05-27T11:23:37.581+0530][18.837s][info][gc,start    ] GC(453) Pause Young (Normal) (G1 Evacuation Pause)
[2026-05-27T11:23:37.581+0530][18.837s][info][gc,task     ] GC(453) Using 9 workers of 9 for evacuation
[2026-05-27T11:23:37.582+0530][18.838s][info][gc,phases   ] GC(453)   Pre Evacuate Collection Set: 0.09ms
[2026-05-27T11:23:37.582+0530][18.838s][info][gc,phases   ] GC(453)   Merge Heap Roots: 0.06ms
[2026-05-27T11:23:37.582+0530][18.838s][info][gc,phases   ] GC(453)   Evacuate Collection Set: 0.27ms
[2026-05-27T11:23:37.582+0530][18.838s][info][gc,phases   ] GC(453)   Post Evacuate Collection Set: 0.22ms
[2026-05-27T11:23:37.582+0530][18.838s][info][gc,phases   ] GC(453)   Other: 0.13ms
[2026-05-27T11:23:37.582+0530][18.838s][info][gc,heap     ] GC(453) Eden regions: 300->0(300)
[2026-05-27T11:23:37.582+0530][18.838s][info][gc,heap     ] GC(453) Survivor regions: 7->7(39)
[2026-05-27T11:23:37.582+0530][18.838s][info][gc,heap     ] GC(453) Old regions: 10->10
[2026-05-27T11:23:37.582+0530][18.838s][info][gc,heap     ] GC(453) Archive regions: 2->2
[2026-05-27T11:23:37.582+0530][18.838s][info][gc,heap     ] GC(453) Humongous regions: 0->0
[2026-05-27T11:23:37.582+0530][18.838s][info][gc,metaspace] GC(453) Metaspace: 1745K(2048K)->1745K(2048K) NonClass: 1568K(1728K)->1568K(1728K) Class: 177K(320K)->177K(320K)
[2026-05-27T11:23:37.582+0530][18.838s][info][gc          ] GC(453) Pause Young (Normal) (G1 Evacuation Pause) 316M->16M(512M) 0.818ms
[2026-05-27T11:23:37.582+0530][18.838s][info][gc,cpu      ] GC(453) User=0.00s Sys=0.00s Real=0.00s
[2026-05-27T11:23:37.625+0530][18.881s][info][gc,start    ] GC(454) Pause Young (Normal) (G1 Evacuation Pause)
[2026-05-27T11:23:37.625+0530][18.881s][info][gc,task     ] GC(454) Using 9 workers of 9 for evacuation
[2026-05-27T11:23:37.625+0530][18.882s][info][gc,phases   ] GC(454)   Pre Evacuate Collection Set: 0.12ms
[2026-05-27T11:23:37.625+0530][18.882s][info][gc,phases   ] GC(454)   Merge Heap Roots: 0.09ms
[2026-05-27T11:23:37.626+0530][18.882s][info][gc,phases   ] GC(454)   Evacuate Collection Set: 0.27ms
[2026-05-27T11:23:37.626+0530][18.882s][info][gc,phases   ] GC(454)   Post Evacuate Collection Set: 0.23ms
[2026-05-27T11:23:37.626+0530][18.882s][info][gc,phases   ] GC(454)   Other: 0.09ms
[2026-05-27T11:23:37.626+0530][18.882s][info][gc,heap     ] GC(454) Eden regions: 300->0(302)
[2026-05-27T11:23:37.626+0530][18.882s][info][gc,heap     ] GC(454) Survivor regions: 7->5(39)
[2026-05-27T11:23:37.626+0530][18.882s][info][gc,heap     ] GC(454) Old regions: 10->10
[2026-05-27T11:23:37.626+0530][18.882s][info][gc,heap     ] GC(454) Archive regions: 2->2
[2026-05-27T11:23:37.626+0530][18.882s][info][gc,heap     ] GC(454) Humongous regions: 9->0
[2026-05-27T11:23:37.626+0530][18.882s][info][gc,metaspace] GC(454) Metaspace: 1745K(2048K)->1745K(2048K) NonClass: 1568K(1728K)->1568K(1728K) Class: 177K(320K)->177K(320K)
[2026-05-27T11:23:37.626+0530][18.882s][info][gc          ] GC(454) Pause Young (Normal) (G1 Evacuation Pause) 325M->14M(512M) 0.867ms
[2026-05-27T11:23:37.626+0530][18.882s][info][gc,cpu      ] GC(454) User=0.01s Sys=0.00s Real=0.00s
[2026-05-27T11:23:37.666+0530][18.922s][info][gc,start    ] GC(455) Pause Young (Normal) (G1 Evacuation Pause)
[2026-05-27T11:23:37.666+0530][18.922s][info][gc,task     ] GC(455) Using 9 workers of 9 for evacuation
[2026-05-27T11:23:37.667+0530][18.923s][info][gc,phases   ] GC(455)   Pre Evacuate Collection Set: 0.10ms
[2026-05-27T11:23:37.667+0530][18.923s][info][gc,phases   ] GC(455)   Merge Heap Roots: 0.06ms
[2026-05-27T11:23:37.667+0530][18.923s][info][gc,phases   ] GC(455)   Evacuate Collection Set: 0.39ms
[2026-05-27T11:23:37.667+0530][18.923s][info][gc,phases   ] GC(455)   Post Evacuate Collection Set: 0.21ms
[2026-05-27T11:23:37.667+0530][18.923s][info][gc,phases   ] GC(455)   Other: 0.09ms
[2026-05-27T11:23:37.667+0530][18.923s][info][gc,heap     ] GC(455) Eden regions: 302->0(300)
[2026-05-27T11:23:37.667+0530][18.923s][info][gc,heap     ] GC(455) Survivor regions: 5->7(39)
[2026-05-27T11:23:37.667+0530][18.923s][info][gc,heap     ] GC(455) Old regions: 10->10
[2026-05-27T11:23:37.667+0530][18.923s][info][gc,heap     ] GC(455) Archive regions: 2->2
[2026-05-27T11:23:37.667+0530][18.923s][info][gc,heap     ] GC(455) Humongous regions: 0->0
[2026-05-27T11:23:37.667+0530][18.923s][info][gc,metaspace] GC(455) Metaspace: 1745K(2048K)->1745K(2048K) NonClass: 1568K(1728K)->1568K(1728K) Class: 177K(320K)->177K(320K)
[2026-05-27T11:23:37.667+0530][18.923s][info][gc          ] GC(455) Pause Young (Normal) (G1 Evacuation Pause) 316M->16M(512M) 0.925ms
[2026-05-27T11:23:37.667+0530][18.923s][info][gc,cpu      ] GC(455) User=0.00s Sys=0.00s Real=0.00s
[2026-05-27T11:23:37.711+0530][18.967s][info][gc,start    ] GC(456) Pause Young (Normal) (G1 Evacuation Pause)
[2026-05-27T11:23:37.711+0530][18.967s][info][gc,task     ] GC(456) Using 9 workers of 9 for evacuation
[2026-05-27T11:23:37.712+0530][18.968s][info][gc,phases   ] GC(456)   Pre Evacuate Collection Set: 0.08ms
[2026-05-27T11:23:37.712+0530][18.968s][info][gc,phases   ] GC(456)   Merge Heap Roots: 0.17ms
[2026-05-27T11:23:37.712+0530][18.968s][info][gc,phases   ] GC(456)   Evacuate Collection Set: 0.49ms
[2026-05-27T11:23:37.712+0530][18.968s][info][gc,phases   ] GC(456)   Post Evacuate Collection Set: 0.25ms
[2026-05-27T11:23:37.712+0530][18.968s][info][gc,phases   ] GC(456)   Other: 0.12ms
[2026-05-27T11:23:37.712+0530][18.968s][info][gc,heap     ] GC(456) Eden regions: 300->0(295)
[2026-05-27T11:23:37.712+0530][18.968s][info][gc,heap     ] GC(456) Survivor regions: 7->12(39)
[2026-05-27T11:23:37.712+0530][18.968s][info][gc,heap     ] GC(456) Old regions: 10->10
[2026-05-27T11:23:37.712+0530][18.968s][info][gc,heap     ] GC(456) Archive regions: 2->2
[2026-05-27T11:23:37.712+0530][18.968s][info][gc,heap     ] GC(456) Humongous regions: 0->0
[2026-05-27T11:23:37.712+0530][18.968s][info][gc,metaspace] GC(456) Metaspace: 1745K(2048K)->1745K(2048K) NonClass: 1568K(1728K)->1568K(1728K) Class: 177K(320K)->177K(320K)
[2026-05-27T11:23:37.712+0530][18.968s][info][gc          ] GC(456) Pause Young (Normal) (G1 Evacuation Pause) 316M->21M(512M) 1.196ms
[2026-05-27T11:23:37.712+0530][18.968s][info][gc,cpu      ] GC(456) User=0.00s Sys=0.00s Real=0.00s
[2026-05-27T11:23:37.751+0530][19.007s][info][gc,start    ] GC(457) Pause Young (Normal) (G1 Evacuation Pause)
[2026-05-27T11:23:37.751+0530][19.007s][info][gc,task     ] GC(457) Using 9 workers of 9 for evacuation
[2026-05-27T11:23:37.752+0530][19.008s][info][gc,phases   ] GC(457)   Pre Evacuate Collection Set: 0.09ms
[2026-05-27T11:23:37.752+0530][19.008s][info][gc,phases   ] GC(457)   Merge Heap Roots: 0.05ms
[2026-05-27T11:23:37.752+0530][19.008s][info][gc,phases   ] GC(457)   Evacuate Collection Set: 0.34ms
[2026-05-27T11:23:37.752+0530][19.008s][info][gc,phases   ] GC(457)   Post Evacuate Collection Set: 0.28ms
[2026-05-27T11:23:37.752+0530][19.008s][info][gc,phases   ] GC(457)   Other: 0.12ms
[2026-05-27T11:23:37.752+0530][19.008s][info][gc,heap     ] GC(457) Eden regions: 295->0(302)
[2026-05-27T11:23:37.752+0530][19.008s][info][gc,heap     ] GC(457) Survivor regions: 12->5(39)
[2026-05-27T11:23:37.752+0530][19.008s][info][gc,heap     ] GC(457) Old regions: 10->10
[2026-05-27T11:23:37.752+0530][19.008s][info][gc,heap     ] GC(457) Archive regions: 2->2
[2026-05-27T11:23:37.752+0530][19.008s][info][gc,heap     ] GC(457) Humongous regions: 0->0
[2026-05-27T11:23:37.752+0530][19.008s][info][gc,metaspace] GC(457) Metaspace: 1745K(2048K)->1745K(2048K) NonClass: 1568K(1728K)->1568K(1728K) Class: 177K(320K)->177K(320K)
[2026-05-27T11:23:37.752+0530][19.008s][info][gc          ] GC(457) Pause Young (Normal) (G1 Evacuation Pause) 316M->14M(512M) 1.078ms
[2026-05-27T11:23:37.752+0530][19.008s][info][gc,cpu      ] GC(457) User=0.00s Sys=0.00s Real=0.00s
[2026-05-27T11:23:37.793+0530][19.049s][info][gc,start    ] GC(458) Pause Young (Normal) (G1 Evacuation Pause)
[2026-05-27T11:23:37.793+0530][19.049s][info][gc,task     ] GC(458) Using 9 workers of 9 for evacuation
[2026-05-27T11:23:37.793+0530][19.049s][info][gc,phases   ] GC(458)   Pre Evacuate Collection Set: 0.06ms
[2026-05-27T11:23:37.793+0530][19.049s][info][gc,phases   ] GC(458)   Merge Heap Roots: 0.08ms
[2026-05-27T11:23:37.793+0530][19.049s][info][gc,phases   ] GC(458)   Evacuate Collection Set: 0.23ms
[2026-05-27T11:23:37.793+0530][19.049s][info][gc,phases   ] GC(458)   Post Evacuate Collection Set: 0.17ms
[2026-05-27T11:23:37.793+0530][19.049s][info][gc,phases   ] GC(458)   Other: 0.10ms
[2026-05-27T11:23:37.793+0530][19.049s][info][gc,heap     ] GC(458) Eden regions: 302->0(301)
[2026-05-27T11:23:37.793+0530][19.049s][info][gc,heap     ] GC(458) Survivor regions: 5->6(39)
[2026-05-27T11:23:37.793+0530][19.049s][info][gc,heap     ] GC(458) Old regions: 10->10
[2026-05-27T11:23:37.793+0530][19.049s][info][gc,heap     ] GC(458) Archive regions: 2->2
[2026-05-27T11:23:37.793+0530][19.049s][info][gc,heap     ] GC(458) Humongous regions: 0->0
[2026-05-27T11:23:37.793+0530][19.049s][info][gc,metaspace] GC(458) Metaspace: 1745K(2048K)->1745K(2048K) NonClass: 1568K(1728K)->1568K(1728K) Class: 177K(320K)->177K(320K)
[2026-05-27T11:23:37.793+0530][19.049s][info][gc          ] GC(458) Pause Young (Normal) (G1 Evacuation Pause) 316M->15M(512M) 0.705ms
[2026-05-27T11:23:37.793+0530][19.049s][info][gc,cpu      ] GC(458) User=0.01s Sys=0.00s Real=0.00s
[2026-05-27T11:23:37.834+0530][19.090s][info][gc,start    ] GC(459) Pause Young (Normal) (G1 Evacuation Pause)
[2026-05-27T11:23:37.834+0530][19.090s][info][gc,task     ] GC(459) Using 9 workers of 9 for evacuation
[2026-05-27T11:23:37.835+0530][19.091s][info][gc,phases   ] GC(459)   Pre Evacuate Collection Set: 0.06ms
[2026-05-27T11:23:37.835+0530][19.091s][info][gc,phases   ] GC(459)   Merge Heap Roots: 0.11ms
[2026-05-27T11:23:37.835+0530][19.091s][info][gc,phases   ] GC(459)   Evacuate Collection Set: 0.28ms
[2026-05-27T11:23:37.835+0530][19.091s][info][gc,phases   ] GC(459)   Post Evacuate Collection Set: 0.20ms
[2026-05-27T11:23:37.835+0530][19.091s][info][gc,phases   ] GC(459)   Other: 0.11ms
[2026-05-27T11:23:37.835+0530][19.091s][info][gc,heap     ] GC(459) Eden regions: 301->0(305)
[2026-05-27T11:23:37.835+0530][19.091s][info][gc,heap     ] GC(459) Survivor regions: 6->2(39)
[2026-05-27T11:23:37.835+0530][19.091s][info][gc,heap     ] GC(459) Old regions: 10->10
[2026-05-27T11:23:37.835+0530][19.091s][info][gc,heap     ] GC(459) Archive regions: 2->2
[2026-05-27T11:23:37.835+0530][19.091s][info][gc,heap     ] GC(459) Humongous regions: 9->0
[2026-05-27T11:23:37.835+0530][19.091s][info][gc,metaspace] GC(459) Metaspace: 1745K(2048K)->1745K(2048K) NonClass: 1568K(1728K)->1568K(1728K) Class: 177K(320K)->177K(320K)
[2026-05-27T11:23:37.835+0530][19.091s][info][gc          ] GC(459) Pause Young (Normal) (G1 Evacuation Pause) 325M->11M(512M) 0.848ms
[2026-05-27T11:23:37.835+0530][19.091s][info][gc,cpu      ] GC(459) User=0.00s Sys=0.00s Real=0.00s
[2026-05-27T11:23:37.876+0530][19.132s][info][gc,start    ] GC(460) Pause Young (Normal) (G1 Evacuation Pause)
[2026-05-27T11:23:37.876+0530][19.132s][info][gc,task     ] GC(460) Using 9 workers of 9 for evacuation
[2026-05-27T11:23:37.877+0530][19.133s][info][gc,phases   ] GC(460)   Pre Evacuate Collection Set: 0.10ms
[2026-05-27T11:23:37.877+0530][19.133s][info][gc,phases   ] GC(460)   Merge Heap Roots: 0.05ms
[2026-05-27T11:23:37.877+0530][19.133s][info][gc,phases   ] GC(460)   Evacuate Collection Set: 0.34ms
[2026-05-27T11:23:37.877+0530][19.133s][info][gc,phases   ] GC(460)   Post Evacuate Collection Set: 0.21ms
[2026-05-27T11:23:37.877+0530][19.133s][info][gc,phases   ] GC(460)   Other: 0.12ms
[2026-05-27T11:23:37.877+0530][19.133s][info][gc,heap     ] GC(460) Eden regions: 305->0(301)
[2026-05-27T11:23:37.877+0530][19.133s][info][gc,heap     ] GC(460) Survivor regions: 2->6(39)
[2026-05-27T11:23:37.877+0530][19.133s][info][gc,heap     ] GC(460) Old regions: 10->10
[2026-05-27T11:23:37.877+0530][19.133s][info][gc,heap     ] GC(460) Archive regions: 2->2
[2026-05-27T11:23:37.877+0530][19.133s][info][gc,heap     ] GC(460) Humongous regions: 0->0
[2026-05-27T11:23:37.877+0530][19.133s][info][gc,metaspace] GC(460) Metaspace: 1745K(2048K)->1745K(2048K) NonClass: 1568K(1728K)->1568K(1728K) Class: 177K(320K)->177K(320K)
[2026-05-27T11:23:37.877+0530][19.133s][info][gc          ] GC(460) Pause Young (Normal) (G1 Evacuation Pause) 316M->15M(512M) 0.947ms
[2026-05-27T11:23:37.877+0530][19.133s][info][gc,cpu      ] GC(460) User=0.00s Sys=0.00s Real=0.00s
[2026-05-27T11:23:37.918+0530][19.174s][info][gc,start    ] GC(461) Pause Young (Normal) (G1 Evacuation Pause)
[2026-05-27T11:23:37.918+0530][19.174s][info][gc,task     ] GC(461) Using 9 workers of 9 for evacuation
[2026-05-27T11:23:37.918+0530][19.175s][info][gc,phases   ] GC(461)   Pre Evacuate Collection Set: 0.06ms
[2026-05-27T11:23:37.918+0530][19.175s][info][gc,phases   ] GC(461)   Merge Heap Roots: 0.04ms
[2026-05-27T11:23:37.918+0530][19.175s][info][gc,phases   ] GC(461)   Evacuate Collection Set: 0.34ms
[2026-05-27T11:23:37.918+0530][19.175s][info][gc,phases   ] GC(461)   Post Evacuate Collection Set: 0.26ms
[2026-05-27T11:23:37.918+0530][19.175s][info][gc,phases   ] GC(461)   Other: 0.12ms
[2026-05-27T11:23:37.918+0530][19.175s][info][gc,heap     ] GC(461) Eden regions: 301->0(301)
[2026-05-27T11:23:37.918+0530][19.175s][info][gc,heap     ] GC(461) Survivor regions: 6->6(39)
[2026-05-27T11:23:37.918+0530][19.175s][info][gc,heap     ] GC(461) Old regions: 10->10
[2026-05-27T11:23:37.918+0530][19.175s][info][gc,heap     ] GC(461) Archive regions: 2->2
[2026-05-27T11:23:37.918+0530][19.175s][info][gc,heap     ] GC(461) Humongous regions: 0->0
[2026-05-27T11:23:37.918+0530][19.175s][info][gc,metaspace] GC(461) Metaspace: 1745K(2048K)->1745K(2048K) NonClass: 1568K(1728K)->1568K(1728K) Class: 177K(320K)->177K(320K)
[2026-05-27T11:23:37.918+0530][19.175s][info][gc          ] GC(461) Pause Young (Normal) (G1 Evacuation Pause) 316M->15M(512M) 0.899ms
[2026-05-27T11:23:37.918+0530][19.175s][info][gc,cpu      ] GC(461) User=0.00s Sys=0.00s Real=0.00s
[2026-05-27T11:23:37.961+0530][19.217s][info][gc,start    ] GC(462) Pause Young (Normal) (G1 Evacuation Pause)
[2026-05-27T11:23:37.961+0530][19.217s][info][gc,task     ] GC(462) Using 9 workers of 9 for evacuation
[2026-05-27T11:23:37.962+0530][19.218s][info][gc,phases   ] GC(462)   Pre Evacuate Collection Set: 0.09ms
[2026-05-27T11:23:37.962+0530][19.218s][info][gc,phases   ] GC(462)   Merge Heap Roots: 0.08ms
[2026-05-27T11:23:37.962+0530][19.218s][info][gc,phases   ] GC(462)   Evacuate Collection Set: 0.38ms
[2026-05-27T11:23:37.962+0530][19.218s][info][gc,phases   ] GC(462)   Post Evacuate Collection Set: 0.17ms
[2026-05-27T11:23:37.962+0530][19.218s][info][gc,phases   ] GC(462)   Other: 0.13ms
[2026-05-27T11:23:37.962+0530][19.218s][info][gc,heap     ] GC(462) Eden regions: 301->0(301)
[2026-05-27T11:23:37.962+0530][19.218s][info][gc,heap     ] GC(462) Survivor regions: 6->6(39)
[2026-05-27T11:23:37.962+0530][19.218s][info][gc,heap     ] GC(462) Old regions: 10->10
[2026-05-27T11:23:37.962+0530][19.218s][info][gc,heap     ] GC(462) Archive regions: 2->2
[2026-05-27T11:23:37.962+0530][19.218s][info][gc,heap     ] GC(462) Humongous regions: 0->0
[2026-05-27T11:23:37.962+0530][19.218s][info][gc,metaspace] GC(462) Metaspace: 1745K(2048K)->1745K(2048K) NonClass: 1568K(1728K)->1568K(1728K) Class: 177K(320K)->177K(320K)
[2026-05-27T11:23:37.962+0530][19.218s][info][gc          ] GC(462) Pause Young (Normal) (G1 Evacuation Pause) 316M->15M(512M) 0.917ms
[2026-05-27T11:23:37.962+0530][19.218s][info][gc,cpu      ] GC(462) User=0.00s Sys=0.00s Real=0.00s
[2026-05-27T11:23:38.001+0530][19.257s][info][gc,start    ] GC(463) Pause Young (Normal) (G1 Evacuation Pause)
[2026-05-27T11:23:38.001+0530][19.257s][info][gc,task     ] GC(463) Using 9 workers of 9 for evacuation
[2026-05-27T11:23:38.002+0530][19.258s][info][gc,phases   ] GC(463)   Pre Evacuate Collection Set: 0.07ms
[2026-05-27T11:23:38.002+0530][19.258s][info][gc,phases   ] GC(463)   Merge Heap Roots: 0.08ms
[2026-05-27T11:23:38.002+0530][19.258s][info][gc,phases   ] GC(463)   Evacuate Collection Set: 0.42ms
[2026-05-27T11:23:38.002+0530][19.258s][info][gc,phases   ] GC(463)   Post Evacuate Collection Set: 0.24ms
[2026-05-27T11:23:38.002+0530][19.258s][info][gc,phases   ] GC(463)   Other: 0.10ms
[2026-05-27T11:23:38.002+0530][19.258s][info][gc,heap     ] GC(463) Eden regions: 301->0(300)
[2026-05-27T11:23:38.002+0530][19.258s][info][gc,heap     ] GC(463) Survivor regions: 6->7(39)
[2026-05-27T11:23:38.002+0530][19.258s][info][gc,heap     ] GC(463) Old regions: 10->10
[2026-05-27T11:23:38.002+0530][19.258s][info][gc,heap     ] GC(463) Archive regions: 2->2
[2026-05-27T11:23:38.002+0530][19.258s][info][gc,heap     ] GC(463) Humongous regions: 0->0
[2026-05-27T11:23:38.002+0530][19.258s][info][gc,metaspace] GC(463) Metaspace: 1745K(2048K)->1745K(2048K) NonClass: 1568K(1728K)->1568K(1728K) Class: 177K(320K)->177K(320K)
[2026-05-27T11:23:38.002+0530][19.258s][info][gc          ] GC(463) Pause Young (Normal) (G1 Evacuation Pause) 316M->16M(512M) 1.020ms
[2026-05-27T11:23:38.002+0530][19.258s][info][gc,cpu      ] GC(463) User=0.01s Sys=0.00s Real=0.00s
[2026-05-27T11:23:38.042+0530][19.298s][info][gc,start    ] GC(464) Pause Young (Normal) (G1 Evacuation Pause)
[2026-05-27T11:23:38.042+0530][19.298s][info][gc,task     ] GC(464) Using 9 workers of 9 for evacuation
[2026-05-27T11:23:38.042+0530][19.299s][info][gc,phases   ] GC(464)   Pre Evacuate Collection Set: 0.09ms
[2026-05-27T11:23:38.042+0530][19.299s][info][gc,phases   ] GC(464)   Merge Heap Roots: 0.05ms
[2026-05-27T11:23:38.042+0530][19.299s][info][gc,phases   ] GC(464)   Evacuate Collection Set: 0.29ms
[2026-05-27T11:23:38.042+0530][19.299s][info][gc,phases   ] GC(464)   Post Evacuate Collection Set: 0.19ms
[2026-05-27T11:23:38.042+0530][19.299s][info][gc,phases   ] GC(464)   Other: 0.11ms
[2026-05-27T11:23:38.042+0530][19.299s][info][gc,heap     ] GC(464) Eden regions: 300->0(302)
[2026-05-27T11:23:38.042+0530][19.299s][info][gc,heap     ] GC(464) Survivor regions: 7->5(39)
[2026-05-27T11:23:38.042+0530][19.299s][info][gc,heap     ] GC(464) Old regions: 10->10
[2026-05-27T11:23:38.042+0530][19.299s][info][gc,heap     ] GC(464) Archive regions: 2->2
[2026-05-27T11:23:38.042+0530][19.299s][info][gc,heap     ] GC(464) Humongous regions: 0->0
[2026-05-27T11:23:38.042+0530][19.299s][info][gc,metaspace] GC(464) Metaspace: 1745K(2048K)->1745K(2048K) NonClass: 1568K(1728K)->1568K(1728K) Class: 177K(320K)->177K(320K)
[2026-05-27T11:23:38.043+0530][19.299s][info][gc          ] GC(464) Pause Young (Normal) (G1 Evacuation Pause) 316M->14M(512M) 0.825ms
[2026-05-27T11:23:38.043+0530][19.299s][info][gc,cpu      ] GC(464) User=0.00s Sys=0.00s Real=0.00s
[2026-05-27T11:23:38.083+0530][19.339s][info][gc,start    ] GC(465) Pause Young (Normal) (G1 Evacuation Pause)
[2026-05-27T11:23:38.083+0530][19.340s][info][gc,task     ] GC(465) Using 9 workers of 9 for evacuation
[2026-05-27T11:23:38.084+0530][19.340s][info][gc,phases   ] GC(465)   Pre Evacuate Collection Set: 0.07ms
[2026-05-27T11:23:38.084+0530][19.340s][info][gc,phases   ] GC(465)   Merge Heap Roots: 0.04ms
[2026-05-27T11:23:38.084+0530][19.340s][info][gc,phases   ] GC(465)   Evacuate Collection Set: 0.24ms
[2026-05-27T11:23:38.084+0530][19.340s][info][gc,phases   ] GC(465)   Post Evacuate Collection Set: 0.18ms
[2026-05-27T11:23:38.084+0530][19.340s][info][gc,phases   ] GC(465)   Other: 0.11ms
[2026-05-27T11:23:38.084+0530][19.340s][info][gc,heap     ] GC(465) Eden regions: 302->0(301)
[2026-05-27T11:23:38.084+0530][19.340s][info][gc,heap     ] GC(465) Survivor regions: 5->6(39)
[2026-05-27T11:23:38.084+0530][19.340s][info][gc,heap     ] GC(465) Old regions: 10->10
[2026-05-27T11:23:38.084+0530][19.340s][info][gc,heap     ] GC(465) Archive regions: 2->2
[2026-05-27T11:23:38.084+0530][19.340s][info][gc,heap     ] GC(465) Humongous regions: 0->0
[2026-05-27T11:23:38.084+0530][19.340s][info][gc,metaspace] GC(465) Metaspace: 1745K(2048K)->1745K(2048K) NonClass: 1568K(1728K)->1568K(1728K) Class: 177K(320K)->177K(320K)
[2026-05-27T11:23:38.084+0530][19.340s][info][gc          ] GC(465) Pause Young (Normal) (G1 Evacuation Pause) 316M->15M(512M) 0.729ms
[2026-05-27T11:23:38.084+0530][19.340s][info][gc,cpu      ] GC(465) User=0.00s Sys=0.00s Real=0.00s
[2026-05-27T11:23:38.133+0530][19.389s][info][gc,start    ] GC(466) Pause Young (Normal) (G1 Evacuation Pause)
[2026-05-27T11:23:38.133+0530][19.389s][info][gc,task     ] GC(466) Using 9 workers of 9 for evacuation
[2026-05-27T11:23:38.134+0530][19.390s][info][gc,phases   ] GC(466)   Pre Evacuate Collection Set: 0.06ms
[2026-05-27T11:23:38.134+0530][19.390s][info][gc,phases   ] GC(466)   Merge Heap Roots: 0.05ms
[2026-05-27T11:23:38.134+0530][19.390s][info][gc,phases   ] GC(466)   Evacuate Collection Set: 0.38ms
[2026-05-27T11:23:38.134+0530][19.390s][info][gc,phases   ] GC(466)   Post Evacuate Collection Set: 0.22ms
[2026-05-27T11:23:38.134+0530][19.390s][info][gc,phases   ] GC(466)   Other: 0.11ms
[2026-05-27T11:23:38.134+0530][19.390s][info][gc,heap     ] GC(466) Eden regions: 301->0(301)
[2026-05-27T11:23:38.134+0530][19.390s][info][gc,heap     ] GC(466) Survivor regions: 6->6(39)
[2026-05-27T11:23:38.134+0530][19.390s][info][gc,heap     ] GC(466) Old regions: 10->10
[2026-05-27T11:23:38.134+0530][19.390s][info][gc,heap     ] GC(466) Archive regions: 2->2
[2026-05-27T11:23:38.134+0530][19.390s][info][gc,heap     ] GC(466) Humongous regions: 9->0
[2026-05-27T11:23:38.134+0530][19.390s][info][gc,metaspace] GC(466) Metaspace: 1745K(2048K)->1745K(2048K) NonClass: 1568K(1728K)->1568K(1728K) Class: 177K(320K)->177K(320K)
[2026-05-27T11:23:38.134+0530][19.390s][info][gc          ] GC(466) Pause Young (Normal) (G1 Evacuation Pause) 325M->15M(512M) 0.914ms
[2026-05-27T11:23:38.134+0530][19.390s][info][gc,cpu      ] GC(466) User=0.00s Sys=0.00s Real=0.00s
[2026-05-27T11:23:38.174+0530][19.430s][info][gc,start    ] GC(467) Pause Young (Normal) (G1 Evacuation Pause)
[2026-05-27T11:23:38.174+0530][19.430s][info][gc,task     ] GC(467) Using 9 workers of 9 for evacuation
[2026-05-27T11:23:38.174+0530][19.430s][info][gc,phases   ] GC(467)   Pre Evacuate Collection Set: 0.08ms
[2026-05-27T11:23:38.174+0530][19.430s][info][gc,phases   ] GC(467)   Merge Heap Roots: 0.04ms
[2026-05-27T11:23:38.174+0530][19.430s][info][gc,phases   ] GC(467)   Evacuate Collection Set: 0.29ms
[2026-05-27T11:23:38.174+0530][19.430s][info][gc,phases   ] GC(467)   Post Evacuate Collection Set: 0.16ms
[2026-05-27T11:23:38.174+0530][19.430s][info][gc,phases   ] GC(467)   Other: 0.11ms
[2026-05-27T11:23:38.174+0530][19.430s][info][gc,heap     ] GC(467) Eden regions: 301->0(306)
[2026-05-27T11:23:38.174+0530][19.430s][info][gc,heap     ] GC(467) Survivor regions: 6->1(39)
[2026-05-27T11:23:38.174+0530][19.430s][info][gc,heap     ] GC(467) Old regions: 10->10
[2026-05-27T11:23:38.174+0530][19.430s][info][gc,heap     ] GC(467) Archive regions: 2->2
[2026-05-27T11:23:38.174+0530][19.430s][info][gc,heap     ] GC(467) Humongous regions: 0->0
[2026-05-27T11:23:38.174+0530][19.430s][info][gc,metaspace] GC(467) Metaspace: 1745K(2048K)->1745K(2048K) NonClass: 1568K(1728K)->1568K(1728K) Class: 177K(320K)->177K(320K)
[2026-05-27T11:23:38.174+0530][19.430s][info][gc          ] GC(467) Pause Young (Normal) (G1 Evacuation Pause) 316M->11M(512M) 0.737ms
[2026-05-27T11:23:38.174+0530][19.430s][info][gc,cpu      ] GC(467) User=0.00s Sys=0.01s Real=0.00s
[2026-05-27T11:23:38.212+0530][19.468s][info][gc,start    ] GC(468) Pause Young (Normal) (G1 Evacuation Pause)
[2026-05-27T11:23:38.212+0530][19.468s][info][gc,task     ] GC(468) Using 9 workers of 9 for evacuation
[2026-05-27T11:23:38.213+0530][19.469s][info][gc,phases   ] GC(468)   Pre Evacuate Collection Set: 0.09ms
[2026-05-27T11:23:38.213+0530][19.469s][info][gc,phases   ] GC(468)   Merge Heap Roots: 0.07ms
[2026-05-27T11:23:38.213+0530][19.469s][info][gc,phases   ] GC(468)   Evacuate Collection Set: 0.24ms
[2026-05-27T11:23:38.213+0530][19.469s][info][gc,phases   ] GC(468)   Post Evacuate Collection Set: 0.16ms
[2026-05-27T11:23:38.213+0530][19.469s][info][gc,phases   ] GC(468)   Other: 0.11ms
[2026-05-27T11:23:38.213+0530][19.469s][info][gc,heap     ] GC(468) Eden regions: 306->0(301)
[2026-05-27T11:23:38.213+0530][19.469s][info][gc,heap     ] GC(468) Survivor regions: 1->6(39)
[2026-05-27T11:23:38.213+0530][19.469s][info][gc,heap     ] GC(468) Old regions: 10->10
[2026-05-27T11:23:38.213+0530][19.469s][info][gc,heap     ] GC(468) Archive regions: 2->2
[2026-05-27T11:23:38.213+0530][19.469s][info][gc,heap     ] GC(468) Humongous regions: 0->0
[2026-05-27T11:23:38.213+0530][19.469s][info][gc,metaspace] GC(468) Metaspace: 1745K(2048K)->1745K(2048K) NonClass: 1568K(1728K)->1568K(1728K) Class: 177K(320K)->177K(320K)
[2026-05-27T11:23:38.213+0530][19.469s][info][gc          ] GC(468) Pause Young (Normal) (G1 Evacuation Pause) 316M->15M(512M) 0.732ms
[2026-05-27T11:23:38.213+0530][19.469s][info][gc,cpu      ] GC(468) User=0.00s Sys=0.00s Real=0.00s
[2026-05-27T11:23:38.253+0530][19.509s][info][gc,start    ] GC(469) Pause Young (Normal) (G1 Evacuation Pause)
[2026-05-27T11:23:38.253+0530][19.509s][info][gc,task     ] GC(469) Using 9 workers of 9 for evacuation
[2026-05-27T11:23:38.254+0530][19.510s][info][gc,phases   ] GC(469)   Pre Evacuate Collection Set: 0.11ms
[2026-05-27T11:23:38.254+0530][19.510s][info][gc,phases   ] GC(469)   Merge Heap Roots: 0.04ms
[2026-05-27T11:23:38.254+0530][19.510s][info][gc,phases   ] GC(469)   Evacuate Collection Set: 0.31ms
[2026-05-27T11:23:38.254+0530][19.510s][info][gc,phases   ] GC(469)   Post Evacuate Collection Set: 0.22ms
[2026-05-27T11:23:38.254+0530][19.510s][info][gc,phases   ] GC(469)   Other: 0.12ms
[2026-05-27T11:23:38.254+0530][19.510s][info][gc,heap     ] GC(469) Eden regions: 301->0(300)
[2026-05-27T11:23:38.254+0530][19.510s][info][gc,heap     ] GC(469) Survivor regions: 6->7(39)
[2026-05-27T11:23:38.254+0530][19.510s][info][gc,heap     ] GC(469) Old regions: 10->10
[2026-05-27T11:23:38.254+0530][19.510s][info][gc,heap     ] GC(469) Archive regions: 2->2
[2026-05-27T11:23:38.254+0530][19.510s][info][gc,heap     ] GC(469) Humongous regions: 0->0
[2026-05-27T11:23:38.254+0530][19.510s][info][gc,metaspace] GC(469) Metaspace: 1745K(2048K)->1745K(2048K) NonClass: 1568K(1728K)->1568K(1728K) Class: 177K(320K)->177K(320K)
[2026-05-27T11:23:38.254+0530][19.510s][info][gc          ] GC(469) Pause Young (Normal) (G1 Evacuation Pause) 316M->16M(512M) 0.859ms
[2026-05-27T11:23:38.254+0530][19.510s][info][gc,cpu      ] GC(469) User=0.00s Sys=0.00s Real=0.00s
[2026-05-27T11:23:38.293+0530][19.549s][info][gc,start    ] GC(470) Pause Young (Normal) (G1 Evacuation Pause)
[2026-05-27T11:23:38.293+0530][19.549s][info][gc,task     ] GC(470) Using 9 workers of 9 for evacuation
[2026-05-27T11:23:38.293+0530][19.550s][info][gc,phases   ] GC(470)   Pre Evacuate Collection Set: 0.09ms
[2026-05-27T11:23:38.293+0530][19.550s][info][gc,phases   ] GC(470)   Merge Heap Roots: 0.05ms
[2026-05-27T11:23:38.293+0530][19.550s][info][gc,phases   ] GC(470)   Evacuate Collection Set: 0.27ms
[2026-05-27T11:23:38.293+0530][19.550s][info][gc,phases   ] GC(470)   Post Evacuate Collection Set: 0.20ms
[2026-05-27T11:23:38.294+0530][19.550s][info][gc,phases   ] GC(470)   Other: 0.10ms
[2026-05-27T11:23:38.294+0530][19.550s][info][gc,heap     ] GC(470) Eden regions: 300->0(304)
[2026-05-27T11:23:38.294+0530][19.550s][info][gc,heap     ] GC(470) Survivor regions: 7->3(39)
[2026-05-27T11:23:38.294+0530][19.550s][info][gc,heap     ] GC(470) Old regions: 10->10
[2026-05-27T11:23:38.294+0530][19.550s][info][gc,heap     ] GC(470) Archive regions: 2->2
[2026-05-27T11:23:38.294+0530][19.550s][info][gc,heap     ] GC(470) Humongous regions: 0->0
[2026-05-27T11:23:38.294+0530][19.550s][info][gc,metaspace] GC(470) Metaspace: 1745K(2048K)->1745K(2048K) NonClass: 1568K(1728K)->1568K(1728K) Class: 177K(320K)->177K(320K)
[2026-05-27T11:23:38.294+0530][19.550s][info][gc          ] GC(470) Pause Young (Normal) (G1 Evacuation Pause) 316M->13M(512M) 0.792ms
[2026-05-27T11:23:38.294+0530][19.550s][info][gc,cpu      ] GC(470) User=0.00s Sys=0.00s Real=0.00s
[2026-05-27T11:23:38.332+0530][19.588s][info][gc,start    ] GC(471) Pause Young (Normal) (G1 Evacuation Pause)
[2026-05-27T11:23:38.332+0530][19.588s][info][gc,task     ] GC(471) Using 9 workers of 9 for evacuation
[2026-05-27T11:23:38.333+0530][19.589s][info][gc,phases   ] GC(471)   Pre Evacuate Collection Set: 0.09ms
[2026-05-27T11:23:38.333+0530][19.589s][info][gc,phases   ] GC(471)   Merge Heap Roots: 0.06ms
[2026-05-27T11:23:38.333+0530][19.589s][info][gc,phases   ] GC(471)   Evacuate Collection Set: 0.25ms
[2026-05-27T11:23:38.333+0530][19.589s][info][gc,phases   ] GC(471)   Post Evacuate Collection Set: 0.23ms
[2026-05-27T11:23:38.333+0530][19.589s][info][gc,phases   ] GC(471)   Other: 0.10ms
[2026-05-27T11:23:38.333+0530][19.589s][info][gc,heap     ] GC(471) Eden regions: 304->0(301)
[2026-05-27T11:23:38.333+0530][19.589s][info][gc,heap     ] GC(471) Survivor regions: 3->6(39)
[2026-05-27T11:23:38.333+0530][19.589s][info][gc,heap     ] GC(471) Old regions: 10->10
[2026-05-27T11:23:38.333+0530][19.589s][info][gc,heap     ] GC(471) Archive regions: 2->2
[2026-05-27T11:23:38.333+0530][19.589s][info][gc,heap     ] GC(471) Humongous regions: 0->0
[2026-05-27T11:23:38.333+0530][19.589s][info][gc,metaspace] GC(471) Metaspace: 1745K(2048K)->1745K(2048K) NonClass: 1568K(1728K)->1568K(1728K) Class: 177K(320K)->177K(320K)
[2026-05-27T11:23:38.333+0530][19.589s][info][gc          ] GC(471) Pause Young (Normal) (G1 Evacuation Pause) 316M->15M(512M) 0.777ms
[2026-05-27T11:23:38.333+0530][19.589s][info][gc,cpu      ] GC(471) User=0.00s Sys=0.00s Real=0.00s
[2026-05-27T11:23:38.374+0530][19.630s][info][gc,start    ] GC(472) Pause Young (Normal) (G1 Evacuation Pause)
[2026-05-27T11:23:38.374+0530][19.630s][info][gc,task     ] GC(472) Using 9 workers of 9 for evacuation
[2026-05-27T11:23:38.374+0530][19.630s][info][gc,phases   ] GC(472)   Pre Evacuate Collection Set: 0.07ms
[2026-05-27T11:23:38.374+0530][19.630s][info][gc,phases   ] GC(472)   Merge Heap Roots: 0.05ms
[2026-05-27T11:23:38.374+0530][19.630s][info][gc,phases   ] GC(472)   Evacuate Collection Set: 0.26ms
[2026-05-27T11:23:38.374+0530][19.630s][info][gc,phases   ] GC(472)   Post Evacuate Collection Set: 0.17ms
[2026-05-27T11:23:38.374+0530][19.630s][info][gc,phases   ] GC(472)   Other: 0.12ms
[2026-05-27T11:23:38.374+0530][19.630s][info][gc,heap     ] GC(472) Eden regions: 301->0(301)
[2026-05-27T11:23:38.374+0530][19.630s][info][gc,heap     ] GC(472) Survivor regions: 6->6(39)
[2026-05-27T11:23:38.374+0530][19.630s][info][gc,heap     ] GC(472) Old regions: 10->10
[2026-05-27T11:23:38.374+0530][19.630s][info][gc,heap     ] GC(472) Archive regions: 2->2
[2026-05-27T11:23:38.374+0530][19.630s][info][gc,heap     ] GC(472) Humongous regions: 0->0
[2026-05-27T11:23:38.374+0530][19.630s][info][gc,metaspace] GC(472) Metaspace: 1745K(2048K)->1745K(2048K) NonClass: 1568K(1728K)->1568K(1728K) Class: 177K(320K)->177K(320K)
[2026-05-27T11:23:38.374+0530][19.630s][info][gc          ] GC(472) Pause Young (Normal) (G1 Evacuation Pause) 316M->15M(512M) 0.751ms
[2026-05-27T11:23:38.374+0530][19.630s][info][gc,cpu      ] GC(472) User=0.00s Sys=0.01s Real=0.00s
[2026-05-27T11:23:38.413+0530][19.669s][info][gc,start    ] GC(473) Pause Young (Normal) (G1 Evacuation Pause)
[2026-05-27T11:23:38.413+0530][19.669s][info][gc,task     ] GC(473) Using 9 workers of 9 for evacuation
[2026-05-27T11:23:38.414+0530][19.670s][info][gc,phases   ] GC(473)   Pre Evacuate Collection Set: 0.07ms
[2026-05-27T11:23:38.414+0530][19.670s][info][gc,phases   ] GC(473)   Merge Heap Roots: 0.04ms
[2026-05-27T11:23:38.414+0530][19.670s][info][gc,phases   ] GC(473)   Evacuate Collection Set: 0.25ms
[2026-05-27T11:23:38.414+0530][19.670s][info][gc,phases   ] GC(473)   Post Evacuate Collection Set: 0.16ms
[2026-05-27T11:23:38.414+0530][19.670s][info][gc,phases   ] GC(473)   Other: 0.12ms
[2026-05-27T11:23:38.414+0530][19.670s][info][gc,heap     ] GC(473) Eden regions: 301->0(303)
[2026-05-27T11:23:38.414+0530][19.670s][info][gc,heap     ] GC(473) Survivor regions: 6->4(39)
[2026-05-27T11:23:38.414+0530][19.670s][info][gc,heap     ] GC(473) Old regions: 10->10
[2026-05-27T11:23:38.414+0530][19.670s][info][gc,heap     ] GC(473) Archive regions: 2->2
[2026-05-27T11:23:38.414+0530][19.670s][info][gc,heap     ] GC(473) Humongous regions: 9->0
[2026-05-27T11:23:38.414+0530][19.670s][info][gc,metaspace] GC(473) Metaspace: 1745K(2048K)->1745K(2048K) NonClass: 1568K(1728K)->1568K(1728K) Class: 177K(320K)->177K(320K)
[2026-05-27T11:23:38.414+0530][19.670s][info][gc          ] GC(473) Pause Young (Normal) (G1 Evacuation Pause) 325M->14M(512M) 0.694ms
[2026-05-27T11:23:38.414+0530][19.670s][info][gc,cpu      ] GC(473) User=0.00s Sys=0.00s Real=0.00s
[2026-05-27T11:23:38.453+0530][19.710s][info][gc,start    ] GC(474) Pause Young (Normal) (G1 Evacuation Pause)
[2026-05-27T11:23:38.453+0530][19.710s][info][gc,task     ] GC(474) Using 9 workers of 9 for evacuation
[2026-05-27T11:23:38.454+0530][19.710s][info][gc,phases   ] GC(474)   Pre Evacuate Collection Set: 0.07ms
[2026-05-27T11:23:38.454+0530][19.710s][info][gc,phases   ] GC(474)   Merge Heap Roots: 0.05ms
[2026-05-27T11:23:38.454+0530][19.710s][info][gc,phases   ] GC(474)   Evacuate Collection Set: 0.27ms
[2026-05-27T11:23:38.454+0530][19.710s][info][gc,phases   ] GC(474)   Post Evacuate Collection Set: 0.18ms
[2026-05-27T11:23:38.454+0530][19.710s][info][gc,phases   ] GC(474)   Other: 0.11ms
[2026-05-27T11:23:38.454+0530][19.710s][info][gc,heap     ] GC(474) Eden regions: 303->0(301)
[2026-05-27T11:23:38.454+0530][19.710s][info][gc,heap     ] GC(474) Survivor regions: 4->6(39)
[2026-05-27T11:23:38.454+0530][19.710s][info][gc,heap     ] GC(474) Old regions: 10->10
[2026-05-27T11:23:38.454+0530][19.710s][info][gc,heap     ] GC(474) Archive regions: 2->2
[2026-05-27T11:23:38.454+0530][19.710s][info][gc,heap     ] GC(474) Humongous regions: 0->0
[2026-05-27T11:23:38.454+0530][19.710s][info][gc,metaspace] GC(474) Metaspace: 1745K(2048K)->1745K(2048K) NonClass: 1568K(1728K)->1568K(1728K) Class: 177K(320K)->177K(320K)
[2026-05-27T11:23:38.454+0530][19.710s][info][gc          ] GC(474) Pause Young (Normal) (G1 Evacuation Pause) 316M->15M(512M) 0.739ms
[2026-05-27T11:23:38.454+0530][19.710s][info][gc,cpu      ] GC(474) User=0.00s Sys=0.00s Real=0.00s
[2026-05-27T11:23:38.491+0530][19.747s][info][gc,start    ] GC(475) Pause Young (Normal) (G1 Evacuation Pause)
[2026-05-27T11:23:38.491+0530][19.747s][info][gc,task     ] GC(475) Using 9 workers of 9 for evacuation
[2026-05-27T11:23:38.492+0530][19.748s][info][gc,phases   ] GC(475)   Pre Evacuate Collection Set: 0.08ms
[2026-05-27T11:23:38.492+0530][19.748s][info][gc,phases   ] GC(475)   Merge Heap Roots: 0.05ms
[2026-05-27T11:23:38.492+0530][19.748s][info][gc,phases   ] GC(475)   Evacuate Collection Set: 0.24ms
[2026-05-27T11:23:38.492+0530][19.748s][info][gc,phases   ] GC(475)   Post Evacuate Collection Set: 0.20ms
[2026-05-27T11:23:38.492+0530][19.748s][info][gc,phases   ] GC(475)   Other: 0.11ms
[2026-05-27T11:23:38.492+0530][19.748s][info][gc,heap     ] GC(475) Eden regions: 301->0(301)
[2026-05-27T11:23:38.492+0530][19.748s][info][gc,heap     ] GC(475) Survivor regions: 6->6(39)
[2026-05-27T11:23:38.492+0530][19.748s][info][gc,heap     ] GC(475) Old regions: 10->10
[2026-05-27T11:23:38.492+0530][19.748s][info][gc,heap     ] GC(475) Archive regions: 2->2
[2026-05-27T11:23:38.492+0530][19.748s][info][gc,heap     ] GC(475) Humongous regions: 0->0
[2026-05-27T11:23:38.492+0530][19.748s][info][gc,metaspace] GC(475) Metaspace: 1745K(2048K)->1745K(2048K) NonClass: 1568K(1728K)->1568K(1728K) Class: 177K(320K)->177K(320K)
[2026-05-27T11:23:38.492+0530][19.748s][info][gc          ] GC(475) Pause Young (Normal) (G1 Evacuation Pause) 316M->15M(512M) 0.746ms
[2026-05-27T11:23:38.492+0530][19.748s][info][gc,cpu      ] GC(475) User=0.01s Sys=0.00s Real=0.00s
[2026-05-27T11:23:38.532+0530][19.788s][info][gc,start    ] GC(476) Pause Young (Normal) (G1 Evacuation Pause)
[2026-05-27T11:23:38.532+0530][19.788s][info][gc,task     ] GC(476) Using 9 workers of 9 for evacuation
[2026-05-27T11:23:38.533+0530][19.789s][info][gc,phases   ] GC(476)   Pre Evacuate Collection Set: 0.08ms
[2026-05-27T11:23:38.533+0530][19.789s][info][gc,phases   ] GC(476)   Merge Heap Roots: 0.05ms
[2026-05-27T11:23:38.533+0530][19.789s][info][gc,phases   ] GC(476)   Evacuate Collection Set: 0.24ms
[2026-05-27T11:23:38.533+0530][19.789s][info][gc,phases   ] GC(476)   Post Evacuate Collection Set: 0.17ms
[2026-05-27T11:23:38.533+0530][19.789s][info][gc,phases   ] GC(476)   Other: 0.11ms
[2026-05-27T11:23:38.533+0530][19.789s][info][gc,heap     ] GC(476) Eden regions: 301->0(306)
[2026-05-27T11:23:38.533+0530][19.789s][info][gc,heap     ] GC(476) Survivor regions: 6->1(39)
[2026-05-27T11:23:38.533+0530][19.789s][info][gc,heap     ] GC(476) Old regions: 10->10
[2026-05-27T11:23:38.533+0530][19.789s][info][gc,heap     ] GC(476) Archive regions: 2->2
[2026-05-27T11:23:38.533+0530][19.789s][info][gc,heap     ] GC(476) Humongous regions: 9->0
[2026-05-27T11:23:38.533+0530][19.789s][info][gc,metaspace] GC(476) Metaspace: 1745K(2048K)->1745K(2048K) NonClass: 1568K(1728K)->1568K(1728K) Class: 177K(320K)->177K(320K)
[2026-05-27T11:23:38.533+0530][19.789s][info][gc          ] GC(476) Pause Young (Normal) (G1 Evacuation Pause) 325M->10M(512M) 0.744ms
[2026-05-27T11:23:38.533+0530][19.789s][info][gc,cpu      ] GC(476) User=0.00s Sys=0.00s Real=0.00s
[2026-05-27T11:23:38.572+0530][19.828s][info][gc,start    ] GC(477) Pause Young (Normal) (G1 Evacuation Pause)
[2026-05-27T11:23:38.572+0530][19.828s][info][gc,task     ] GC(477) Using 9 workers of 9 for evacuation
[2026-05-27T11:23:38.573+0530][19.829s][info][gc,phases   ] GC(477)   Pre Evacuate Collection Set: 0.07ms
[2026-05-27T11:23:38.573+0530][19.829s][info][gc,phases   ] GC(477)   Merge Heap Roots: 0.05ms
[2026-05-27T11:23:38.573+0530][19.829s][info][gc,phases   ] GC(477)   Evacuate Collection Set: 0.28ms
[2026-05-27T11:23:38.573+0530][19.829s][info][gc,phases   ] GC(477)   Post Evacuate Collection Set: 0.17ms
[2026-05-27T11:23:38.573+0530][19.829s][info][gc,phases   ] GC(477)   Other: 0.09ms
[2026-05-27T11:23:38.573+0530][19.829s][info][gc,heap     ] GC(477) Eden regions: 306->0(299)
[2026-05-27T11:23:38.573+0530][19.829s][info][gc,heap     ] GC(477) Survivor regions: 1->8(39)
[2026-05-27T11:23:38.573+0530][19.829s][info][gc,heap     ] GC(477) Old regions: 10->10
[2026-05-27T11:23:38.573+0530][19.829s][info][gc,heap     ] GC(477) Archive regions: 2->2
[2026-05-27T11:23:38.573+0530][19.829s][info][gc,heap     ] GC(477) Humongous regions: 0->0
[2026-05-27T11:23:38.573+0530][19.829s][info][gc,metaspace] GC(477) Metaspace: 1745K(2048K)->1745K(2048K) NonClass: 1568K(1728K)->1568K(1728K) Class: 177K(320K)->177K(320K)
[2026-05-27T11:23:38.573+0530][19.829s][info][gc          ] GC(477) Pause Young (Normal) (G1 Evacuation Pause) 316M->17M(512M) 0.728ms
[2026-05-27T11:23:38.573+0530][19.829s][info][gc,cpu      ] GC(477) User=0.00s Sys=0.00s Real=0.00s
[2026-05-27T11:23:38.612+0530][19.868s][info][gc,start    ] GC(478) Pause Young (Normal) (G1 Evacuation Pause)
[2026-05-27T11:23:38.612+0530][19.868s][info][gc,task     ] GC(478) Using 9 workers of 9 for evacuation
[2026-05-27T11:23:38.613+0530][19.869s][info][gc,phases   ] GC(478)   Pre Evacuate Collection Set: 0.07ms
[2026-05-27T11:23:38.613+0530][19.869s][info][gc,phases   ] GC(478)   Merge Heap Roots: 0.05ms
[2026-05-27T11:23:38.613+0530][19.869s][info][gc,phases   ] GC(478)   Evacuate Collection Set: 0.29ms
[2026-05-27T11:23:38.613+0530][19.869s][info][gc,phases   ] GC(478)   Post Evacuate Collection Set: 0.17ms
[2026-05-27T11:23:38.613+0530][19.869s][info][gc,phases   ] GC(478)   Other: 0.09ms
[2026-05-27T11:23:38.613+0530][19.869s][info][gc,heap     ] GC(478) Eden regions: 299->0(300)
[2026-05-27T11:23:38.613+0530][19.869s][info][gc,heap     ] GC(478) Survivor regions: 8->7(39)
[2026-05-27T11:23:38.613+0530][19.869s][info][gc,heap     ] GC(478) Old regions: 10->10
[2026-05-27T11:23:38.613+0530][19.869s][info][gc,heap     ] GC(478) Archive regions: 2->2
[2026-05-27T11:23:38.613+0530][19.869s][info][gc,heap     ] GC(478) Humongous regions: 0->0
[2026-05-27T11:23:38.613+0530][19.869s][info][gc,metaspace] GC(478) Metaspace: 1745K(2048K)->1745K(2048K) NonClass: 1568K(1728K)->1568K(1728K) Class: 177K(320K)->177K(320K)
[2026-05-27T11:23:38.613+0530][19.869s][info][gc          ] GC(478) Pause Young (Normal) (G1 Evacuation Pause) 316M->16M(512M) 0.744ms
[2026-05-27T11:23:38.613+0530][19.869s][info][gc,cpu      ] GC(478) User=0.01s Sys=0.00s Real=0.00s
[2026-05-27T11:23:38.655+0530][19.911s][info][gc,start    ] GC(479) Pause Young (Normal) (G1 Evacuation Pause)
[2026-05-27T11:23:38.655+0530][19.911s][info][gc,task     ] GC(479) Using 9 workers of 9 for evacuation
[2026-05-27T11:23:38.655+0530][19.911s][info][gc,phases   ] GC(479)   Pre Evacuate Collection Set: 0.10ms
[2026-05-27T11:23:38.655+0530][19.911s][info][gc,phases   ] GC(479)   Merge Heap Roots: 0.05ms
[2026-05-27T11:23:38.655+0530][19.911s][info][gc,phases   ] GC(479)   Evacuate Collection Set: 0.29ms
[2026-05-27T11:23:38.655+0530][19.911s][info][gc,phases   ] GC(479)   Post Evacuate Collection Set: 0.17ms
[2026-05-27T11:23:38.655+0530][19.911s][info][gc,phases   ] GC(479)   Other: 0.10ms
[2026-05-27T11:23:38.655+0530][19.911s][info][gc,heap     ] GC(479) Eden regions: 300->0(302)
[2026-05-27T11:23:38.655+0530][19.911s][info][gc,heap     ] GC(479) Survivor regions: 7->5(39)
[2026-05-27T11:23:38.655+0530][19.911s][info][gc,heap     ] GC(479) Old regions: 10->10
[2026-05-27T11:23:38.655+0530][19.911s][info][gc,heap     ] GC(479) Archive regions: 2->2
[2026-05-27T11:23:38.655+0530][19.911s][info][gc,heap     ] GC(479) Humongous regions: 0->0
[2026-05-27T11:23:38.655+0530][19.911s][info][gc,metaspace] GC(479) Metaspace: 1745K(2048K)->1745K(2048K) NonClass: 1568K(1728K)->1568K(1728K) Class: 177K(320K)->177K(320K)
[2026-05-27T11:23:38.655+0530][19.911s][info][gc          ] GC(479) Pause Young (Normal) (G1 Evacuation Pause) 316M->14M(512M) 0.800ms
[2026-05-27T11:23:38.655+0530][19.911s][info][gc,cpu      ] GC(479) User=0.01s Sys=0.00s Real=0.00s
[2026-05-27T11:23:38.697+0530][19.953s][info][gc,start    ] GC(480) Pause Young (Normal) (G1 Evacuation Pause)
[2026-05-27T11:23:38.697+0530][19.953s][info][gc,task     ] GC(480) Using 9 workers of 9 for evacuation
[2026-05-27T11:23:38.697+0530][19.953s][info][gc,phases   ] GC(480)   Pre Evacuate Collection Set: 0.07ms
[2026-05-27T11:23:38.697+0530][19.953s][info][gc,phases   ] GC(480)   Merge Heap Roots: 0.05ms
[2026-05-27T11:23:38.697+0530][19.953s][info][gc,phases   ] GC(480)   Evacuate Collection Set: 0.30ms
[2026-05-27T11:23:38.697+0530][19.953s][info][gc,phases   ] GC(480)   Post Evacuate Collection Set: 0.20ms
[2026-05-27T11:23:38.697+0530][19.953s][info][gc,phases   ] GC(480)   Other: 0.10ms
[2026-05-27T11:23:38.697+0530][19.953s][info][gc,heap     ] GC(480) Eden regions: 302->0(300)
[2026-05-27T11:23:38.697+0530][19.953s][info][gc,heap     ] GC(480) Survivor regions: 5->7(39)
[2026-05-27T11:23:38.697+0530][19.953s][info][gc,heap     ] GC(480) Old regions: 10->10
[2026-05-27T11:23:38.697+0530][19.953s][info][gc,heap     ] GC(480) Archive regions: 2->2
[2026-05-27T11:23:38.697+0530][19.953s][info][gc,heap     ] GC(480) Humongous regions: 0->0
[2026-05-27T11:23:38.697+0530][19.953s][info][gc,metaspace] GC(480) Metaspace: 1745K(2048K)->1745K(2048K) NonClass: 1568K(1728K)->1568K(1728K) Class: 177K(320K)->177K(320K)
[2026-05-27T11:23:38.697+0530][19.953s][info][gc          ] GC(480) Pause Young (Normal) (G1 Evacuation Pause) 316M->16M(512M) 0.822ms
[2026-05-27T11:23:38.697+0530][19.953s][info][gc,cpu      ] GC(480) User=0.00s Sys=0.00s Real=0.00s
[2026-05-27T11:23:38.738+0530][19.994s][info][gc,start    ] GC(481) Pause Young (Normal) (G1 Evacuation Pause)
[2026-05-27T11:23:38.738+0530][19.994s][info][gc,task     ] GC(481) Using 9 workers of 9 for evacuation
[2026-05-27T11:23:38.739+0530][19.995s][info][gc,phases   ] GC(481)   Pre Evacuate Collection Set: 0.10ms
[2026-05-27T11:23:38.739+0530][19.995s][info][gc,phases   ] GC(481)   Merge Heap Roots: 0.06ms
[2026-05-27T11:23:38.739+0530][19.995s][info][gc,phases   ] GC(481)   Evacuate Collection Set: 0.25ms
[2026-05-27T11:23:38.739+0530][19.995s][info][gc,phases   ] GC(481)   Post Evacuate Collection Set: 0.24ms
[2026-05-27T11:23:38.739+0530][19.995s][info][gc,phases   ] GC(481)   Other: 0.11ms
[2026-05-27T11:23:38.739+0530][19.995s][info][gc,heap     ] GC(481) Eden regions: 300->0(302)
[2026-05-27T11:23:38.739+0530][19.995s][info][gc,heap     ] GC(481) Survivor regions: 7->5(39)
[2026-05-27T11:23:38.739+0530][19.995s][info][gc,heap     ] GC(481) Old regions: 10->10
[2026-05-27T11:23:38.739+0530][19.995s][info][gc,heap     ] GC(481) Archive regions: 2->2
[2026-05-27T11:23:38.739+0530][19.995s][info][gc,heap     ] GC(481) Humongous regions: 0->0
[2026-05-27T11:23:38.739+0530][19.995s][info][gc,metaspace] GC(481) Metaspace: 1745K(2048K)->1745K(2048K) NonClass: 1568K(1728K)->1568K(1728K) Class: 177K(320K)->177K(320K)
[2026-05-27T11:23:38.739+0530][19.995s][info][gc          ] GC(481) Pause Young (Normal) (G1 Evacuation Pause) 316M->14M(512M) 0.848ms
[2026-05-27T11:23:38.739+0530][19.995s][info][gc,cpu      ] GC(481) User=0.00s Sys=0.00s Real=0.00s
[2026-05-27T11:23:38.779+0530][20.036s][info][gc,start    ] GC(482) Pause Young (Normal) (G1 Evacuation Pause)
[2026-05-27T11:23:38.779+0530][20.036s][info][gc,task     ] GC(482) Using 9 workers of 9 for evacuation
[2026-05-27T11:23:38.780+0530][20.036s][info][gc,phases   ] GC(482)   Pre Evacuate Collection Set: 0.06ms
[2026-05-27T11:23:38.780+0530][20.036s][info][gc,phases   ] GC(482)   Merge Heap Roots: 0.09ms
[2026-05-27T11:23:38.780+0530][20.036s][info][gc,phases   ] GC(482)   Evacuate Collection Set: 0.25ms
[2026-05-27T11:23:38.780+0530][20.036s][info][gc,phases   ] GC(482)   Post Evacuate Collection Set: 0.17ms
[2026-05-27T11:23:38.780+0530][20.036s][info][gc,phases   ] GC(482)   Other: 0.11ms
[2026-05-27T11:23:38.780+0530][20.036s][info][gc,heap     ] GC(482) Eden regions: 302->0(305)
[2026-05-27T11:23:38.780+0530][20.036s][info][gc,heap     ] GC(482) Survivor regions: 5->2(39)
[2026-05-27T11:23:38.780+0530][20.036s][info][gc,heap     ] GC(482) Old regions: 10->10
[2026-05-27T11:23:38.780+0530][20.036s][info][gc,heap     ] GC(482) Archive regions: 2->2
[2026-05-27T11:23:38.780+0530][20.036s][info][gc,heap     ] GC(482) Humongous regions: 9->0
[2026-05-27T11:23:38.780+0530][20.036s][info][gc,metaspace] GC(482) Metaspace: 1745K(2048K)->1745K(2048K) NonClass: 1568K(1728K)->1568K(1728K) Class: 177K(320K)->177K(320K)
[2026-05-27T11:23:38.780+0530][20.036s][info][gc          ] GC(482) Pause Young (Normal) (G1 Evacuation Pause) 325M->11M(512M) 0.738ms
[2026-05-27T11:23:38.780+0530][20.036s][info][gc,cpu      ] GC(482) User=0.00s Sys=0.00s Real=0.01s
[2026-05-27T11:23:38.821+0530][20.077s][info][gc,start    ] GC(483) Pause Young (Normal) (G1 Evacuation Pause)
[2026-05-27T11:23:38.821+0530][20.077s][info][gc,task     ] GC(483) Using 9 workers of 9 for evacuation
[2026-05-27T11:23:38.822+0530][20.078s][info][gc,phases   ] GC(483)   Pre Evacuate Collection Set: 0.11ms
[2026-05-27T11:23:38.822+0530][20.078s][info][gc,phases   ] GC(483)   Merge Heap Roots: 0.06ms
[2026-05-27T11:23:38.822+0530][20.078s][info][gc,phases   ] GC(483)   Evacuate Collection Set: 0.32ms
[2026-05-27T11:23:38.822+0530][20.078s][info][gc,phases   ] GC(483)   Post Evacuate Collection Set: 0.20ms
[2026-05-27T11:23:38.822+0530][20.078s][info][gc,phases   ] GC(483)   Other: 0.11ms
[2026-05-27T11:23:38.822+0530][20.078s][info][gc,heap     ] GC(483) Eden regions: 305->0(302)
[2026-05-27T11:23:38.822+0530][20.078s][info][gc,heap     ] GC(483) Survivor regions: 2->5(39)
[2026-05-27T11:23:38.822+0530][20.078s][info][gc,heap     ] GC(483) Old regions: 10->10
[2026-05-27T11:23:38.822+0530][20.078s][info][gc,heap     ] GC(483) Archive regions: 2->2
[2026-05-27T11:23:38.822+0530][20.078s][info][gc,heap     ] GC(483) Humongous regions: 0->0
[2026-05-27T11:23:38.822+0530][20.078s][info][gc,metaspace] GC(483) Metaspace: 1745K(2048K)->1745K(2048K) NonClass: 1568K(1728K)->1568K(1728K) Class: 177K(320K)->177K(320K)
[2026-05-27T11:23:38.822+0530][20.078s][info][gc          ] GC(483) Pause Young (Normal) (G1 Evacuation Pause) 316M->15M(512M) 0.872ms
[2026-05-27T11:23:38.822+0530][20.078s][info][gc,cpu      ] GC(483) User=0.00s Sys=0.00s Real=0.00s
[2026-05-27T11:23:38.862+0530][20.118s][info][gc,start    ] GC(484) Pause Young (Normal) (G1 Evacuation Pause)
[2026-05-27T11:23:38.862+0530][20.118s][info][gc,task     ] GC(484) Using 9 workers of 9 for evacuation
[2026-05-27T11:23:38.862+0530][20.118s][info][gc,phases   ] GC(484)   Pre Evacuate Collection Set: 0.08ms
[2026-05-27T11:23:38.862+0530][20.118s][info][gc,phases   ] GC(484)   Merge Heap Roots: 0.05ms
[2026-05-27T11:23:38.862+0530][20.118s][info][gc,phases   ] GC(484)   Evacuate Collection Set: 0.28ms
[2026-05-27T11:23:38.862+0530][20.118s][info][gc,phases   ] GC(484)   Post Evacuate Collection Set: 0.17ms
[2026-05-27T11:23:38.862+0530][20.118s][info][gc,phases   ] GC(484)   Other: 0.11ms
[2026-05-27T11:23:38.862+0530][20.118s][info][gc,heap     ] GC(484) Eden regions: 302->0(300)
[2026-05-27T11:23:38.862+0530][20.118s][info][gc,heap     ] GC(484) Survivor regions: 5->7(39)
[2026-05-27T11:23:38.862+0530][20.118s][info][gc,heap     ] GC(484) Old regions: 10->10
[2026-05-27T11:23:38.862+0530][20.118s][info][gc,heap     ] GC(484) Archive regions: 2->2
[2026-05-27T11:23:38.862+0530][20.118s][info][gc,heap     ] GC(484) Humongous regions: 9->0
[2026-05-27T11:23:38.862+0530][20.118s][info][gc,metaspace] GC(484) Metaspace: 1745K(2048K)->1745K(2048K) NonClass: 1568K(1728K)->1568K(1728K) Class: 177K(320K)->177K(320K)
[2026-05-27T11:23:38.862+0530][20.118s][info][gc          ] GC(484) Pause Young (Normal) (G1 Evacuation Pause) 325M->16M(512M) 0.771ms
[2026-05-27T11:23:38.862+0530][20.118s][info][gc,cpu      ] GC(484) User=0.00s Sys=0.00s Real=0.00s
[2026-05-27T11:23:38.906+0530][20.162s][info][gc,start    ] GC(485) Pause Young (Normal) (G1 Evacuation Pause)
[2026-05-27T11:23:38.906+0530][20.162s][info][gc,task     ] GC(485) Using 9 workers of 9 for evacuation
[2026-05-27T11:23:38.907+0530][20.163s][info][gc,phases   ] GC(485)   Pre Evacuate Collection Set: 0.05ms
[2026-05-27T11:23:38.907+0530][20.163s][info][gc,phases   ] GC(485)   Merge Heap Roots: 0.06ms
[2026-05-27T11:23:38.907+0530][20.163s][info][gc,phases   ] GC(485)   Evacuate Collection Set: 0.39ms
[2026-05-27T11:23:38.907+0530][20.163s][info][gc,phases   ] GC(485)   Post Evacuate Collection Set: 0.26ms
[2026-05-27T11:23:38.907+0530][20.163s][info][gc,phases   ] GC(485)   Other: 0.15ms
[2026-05-27T11:23:38.907+0530][20.163s][info][gc,heap     ] GC(485) Eden regions: 300->0(304)
[2026-05-27T11:23:38.907+0530][20.163s][info][gc,heap     ] GC(485) Survivor regions: 7->3(39)
[2026-05-27T11:23:38.907+0530][20.163s][info][gc,heap     ] GC(485) Old regions: 10->10
[2026-05-27T11:23:38.907+0530][20.163s][info][gc,heap     ] GC(485) Archive regions: 2->2
[2026-05-27T11:23:38.907+0530][20.163s][info][gc,heap     ] GC(485) Humongous regions: 0->0
[2026-05-27T11:23:38.907+0530][20.163s][info][gc,metaspace] GC(485) Metaspace: 1745K(2048K)->1745K(2048K) NonClass: 1568K(1728K)->1568K(1728K) Class: 177K(320K)->177K(320K)
[2026-05-27T11:23:38.907+0530][20.163s][info][gc          ] GC(485) Pause Young (Normal) (G1 Evacuation Pause) 316M->12M(512M) 0.991ms
[2026-05-27T11:23:38.907+0530][20.163s][info][gc,cpu      ] GC(485) User=0.00s Sys=0.00s Real=0.00s
[2026-05-27T11:23:38.946+0530][20.203s][info][gc,start    ] GC(486) Pause Young (Normal) (G1 Evacuation Pause)
[2026-05-27T11:23:38.947+0530][20.203s][info][gc,task     ] GC(486) Using 9 workers of 9 for evacuation
[2026-05-27T11:23:38.947+0530][20.203s][info][gc,phases   ] GC(486)   Pre Evacuate Collection Set: 0.06ms
[2026-05-27T11:23:38.947+0530][20.203s][info][gc,phases   ] GC(486)   Merge Heap Roots: 0.15ms
[2026-05-27T11:23:38.947+0530][20.203s][info][gc,phases   ] GC(486)   Evacuate Collection Set: 0.23ms
[2026-05-27T11:23:38.947+0530][20.203s][info][gc,phases   ] GC(486)   Post Evacuate Collection Set: 0.20ms
[2026-05-27T11:23:38.947+0530][20.203s][info][gc,phases   ] GC(486)   Other: 0.10ms
[2026-05-27T11:23:38.947+0530][20.203s][info][gc,heap     ] GC(486) Eden regions: 304->0(301)
[2026-05-27T11:23:38.947+0530][20.203s][info][gc,heap     ] GC(486) Survivor regions: 3->6(39)
[2026-05-27T11:23:38.947+0530][20.203s][info][gc,heap     ] GC(486) Old regions: 10->10
[2026-05-27T11:23:38.947+0530][20.203s][info][gc,heap     ] GC(486) Archive regions: 2->2
[2026-05-27T11:23:38.947+0530][20.203s][info][gc,heap     ] GC(486) Humongous regions: 0->0
[2026-05-27T11:23:38.947+0530][20.203s][info][gc,metaspace] GC(486) Metaspace: 1745K(2048K)->1745K(2048K) NonClass: 1568K(1728K)->1568K(1728K) Class: 177K(320K)->177K(320K)
[2026-05-27T11:23:38.947+0530][20.203s][info][gc          ] GC(486) Pause Young (Normal) (G1 Evacuation Pause) 316M->15M(512M) 0.829ms
[2026-05-27T11:23:38.947+0530][20.203s][info][gc,cpu      ] GC(486) User=0.00s Sys=0.00s Real=0.00s
[2026-05-27T11:23:38.987+0530][20.243s][info][gc,start    ] GC(487) Pause Young (Normal) (G1 Evacuation Pause)
[2026-05-27T11:23:38.987+0530][20.243s][info][gc,task     ] GC(487) Using 9 workers of 9 for evacuation
[2026-05-27T11:23:38.988+0530][20.244s][info][gc,phases   ] GC(487)   Pre Evacuate Collection Set: 0.05ms
[2026-05-27T11:23:38.988+0530][20.244s][info][gc,phases   ] GC(487)   Merge Heap Roots: 0.06ms
[2026-05-27T11:23:38.988+0530][20.244s][info][gc,phases   ] GC(487)   Evacuate Collection Set: 0.31ms
[2026-05-27T11:23:38.988+0530][20.244s][info][gc,phases   ] GC(487)   Post Evacuate Collection Set: 0.21ms
[2026-05-27T11:23:38.988+0530][20.244s][info][gc,phases   ] GC(487)   Other: 0.10ms
[2026-05-27T11:23:38.988+0530][20.244s][info][gc,heap     ] GC(487) Eden regions: 301->0(306)
[2026-05-27T11:23:38.988+0530][20.244s][info][gc,heap     ] GC(487) Survivor regions: 6->1(39)
[2026-05-27T11:23:38.988+0530][20.244s][info][gc,heap     ] GC(487) Old regions: 10->10
[2026-05-27T11:23:38.988+0530][20.244s][info][gc,heap     ] GC(487) Archive regions: 2->2
[2026-05-27T11:23:38.988+0530][20.244s][info][gc,heap     ] GC(487) Humongous regions: 0->0
[2026-05-27T11:23:38.988+0530][20.244s][info][gc,metaspace] GC(487) Metaspace: 1745K(2048K)->1745K(2048K) NonClass: 1568K(1728K)->1568K(1728K) Class: 177K(320K)->177K(320K)
[2026-05-27T11:23:38.988+0530][20.244s][info][gc          ] GC(487) Pause Young (Normal) (G1 Evacuation Pause) 316M->10M(512M) 0.829ms
[2026-05-27T11:23:38.988+0530][20.244s][info][gc,cpu      ] GC(487) User=0.00s Sys=0.00s Real=0.00s
[2026-05-27T11:23:39.032+0530][20.288s][info][gc,start    ] GC(488) Pause Young (Normal) (G1 Evacuation Pause)
[2026-05-27T11:23:39.032+0530][20.288s][info][gc,task     ] GC(488) Using 9 workers of 9 for evacuation
[2026-05-27T11:23:39.032+0530][20.289s][info][gc,phases   ] GC(488)   Pre Evacuate Collection Set: 0.08ms
[2026-05-27T11:23:39.032+0530][20.289s][info][gc,phases   ] GC(488)   Merge Heap Roots: 0.05ms
[2026-05-27T11:23:39.032+0530][20.289s][info][gc,phases   ] GC(488)   Evacuate Collection Set: 0.36ms
[2026-05-27T11:23:39.032+0530][20.289s][info][gc,phases   ] GC(488)   Post Evacuate Collection Set: 0.18ms
[2026-05-27T11:23:39.032+0530][20.289s][info][gc,phases   ] GC(488)   Other: 0.10ms
[2026-05-27T11:23:39.032+0530][20.289s][info][gc,heap     ] GC(488) Eden regions: 306->0(302)
[2026-05-27T11:23:39.032+0530][20.289s][info][gc,heap     ] GC(488) Survivor regions: 1->5(39)
[2026-05-27T11:23:39.032+0530][20.289s][info][gc,heap     ] GC(488) Old regions: 10->10
[2026-05-27T11:23:39.032+0530][20.289s][info][gc,heap     ] GC(488) Archive regions: 2->2
[2026-05-27T11:23:39.032+0530][20.289s][info][gc,heap     ] GC(488) Humongous regions: 0->0
[2026-05-27T11:23:39.032+0530][20.289s][info][gc,metaspace] GC(488) Metaspace: 1745K(2048K)->1745K(2048K) NonClass: 1568K(1728K)->1568K(1728K) Class: 177K(320K)->177K(320K)
[2026-05-27T11:23:39.033+0530][20.289s][info][gc          ] GC(488) Pause Young (Normal) (G1 Evacuation Pause) 316M->14M(512M) 0.868ms
[2026-05-27T11:23:39.033+0530][20.289s][info][gc,cpu      ] GC(488) User=0.00s Sys=0.00s Real=0.00s
[2026-05-27T11:23:39.072+0530][20.328s][info][gc,start    ] GC(489) Pause Young (Normal) (G1 Evacuation Pause)
[2026-05-27T11:23:39.072+0530][20.328s][info][gc,task     ] GC(489) Using 9 workers of 9 for evacuation
[2026-05-27T11:23:39.073+0530][20.329s][info][gc,phases   ] GC(489)   Pre Evacuate Collection Set: 0.07ms
[2026-05-27T11:23:39.073+0530][20.329s][info][gc,phases   ] GC(489)   Merge Heap Roots: 0.05ms
[2026-05-27T11:23:39.073+0530][20.329s][info][gc,phases   ] GC(489)   Evacuate Collection Set: 0.32ms
[2026-05-27T11:23:39.073+0530][20.329s][info][gc,phases   ] GC(489)   Post Evacuate Collection Set: 0.22ms
[2026-05-27T11:23:39.073+0530][20.329s][info][gc,phases   ] GC(489)   Other: 0.12ms
[2026-05-27T11:23:39.073+0530][20.329s][info][gc,heap     ] GC(489) Eden regions: 302->0(302)
[2026-05-27T11:23:39.073+0530][20.329s][info][gc,heap     ] GC(489) Survivor regions: 5->5(39)
[2026-05-27T11:23:39.073+0530][20.329s][info][gc,heap     ] GC(489) Old regions: 10->10
[2026-05-27T11:23:39.073+0530][20.329s][info][gc,heap     ] GC(489) Archive regions: 2->2
[2026-05-27T11:23:39.073+0530][20.329s][info][gc,heap     ] GC(489) Humongous regions: 0->0
[2026-05-27T11:23:39.073+0530][20.329s][info][gc,metaspace] GC(489) Metaspace: 1745K(2048K)->1745K(2048K) NonClass: 1568K(1728K)->1568K(1728K) Class: 177K(320K)->177K(320K)
[2026-05-27T11:23:39.073+0530][20.329s][info][gc          ] GC(489) Pause Young (Normal) (G1 Evacuation Pause) 316M->14M(512M) 0.875ms
[2026-05-27T11:23:39.073+0530][20.329s][info][gc,cpu      ] GC(489) User=0.01s Sys=0.00s Real=0.00s
[2026-05-27T11:23:39.113+0530][20.369s][info][gc,start    ] GC(490) Pause Young (Normal) (G1 Evacuation Pause)
[2026-05-27T11:23:39.113+0530][20.369s][info][gc,task     ] GC(490) Using 9 workers of 9 for evacuation
[2026-05-27T11:23:39.114+0530][20.370s][info][gc,phases   ] GC(490)   Pre Evacuate Collection Set: 0.09ms
[2026-05-27T11:23:39.114+0530][20.370s][info][gc,phases   ] GC(490)   Merge Heap Roots: 0.05ms
[2026-05-27T11:23:39.114+0530][20.370s][info][gc,phases   ] GC(490)   Evacuate Collection Set: 0.25ms
[2026-05-27T11:23:39.114+0530][20.370s][info][gc,phases   ] GC(490)   Post Evacuate Collection Set: 0.16ms
[2026-05-27T11:23:39.114+0530][20.370s][info][gc,phases   ] GC(490)   Other: 0.12ms
[2026-05-27T11:23:39.114+0530][20.370s][info][gc,heap     ] GC(490) Eden regions: 302->0(300)
[2026-05-27T11:23:39.114+0530][20.370s][info][gc,heap     ] GC(490) Survivor regions: 5->7(39)
[2026-05-27T11:23:39.114+0530][20.370s][info][gc,heap     ] GC(490) Old regions: 10->10
[2026-05-27T11:23:39.114+0530][20.370s][info][gc,heap     ] GC(490) Archive regions: 2->2
[2026-05-27T11:23:39.114+0530][20.370s][info][gc,heap     ] GC(490) Humongous regions: 0->0
[2026-05-27T11:23:39.114+0530][20.370s][info][gc,metaspace] GC(490) Metaspace: 1745K(2048K)->1745K(2048K) NonClass: 1568K(1728K)->1568K(1728K) Class: 177K(320K)->177K(320K)
[2026-05-27T11:23:39.114+0530][20.370s][info][gc          ] GC(490) Pause Young (Normal) (G1 Evacuation Pause) 316M->16M(512M) 0.742ms
[2026-05-27T11:23:39.114+0530][20.370s][info][gc,cpu      ] GC(490) User=0.00s Sys=0.00s Real=0.00s
[2026-05-27T11:23:39.163+0530][20.419s][info][gc,start    ] GC(491) Pause Young (Normal) (G1 Evacuation Pause)
[2026-05-27T11:23:39.163+0530][20.419s][info][gc,task     ] GC(491) Using 9 workers of 9 for evacuation
[2026-05-27T11:23:39.164+0530][20.420s][info][gc,phases   ] GC(491)   Pre Evacuate Collection Set: 0.06ms
[2026-05-27T11:23:39.164+0530][20.420s][info][gc,phases   ] GC(491)   Merge Heap Roots: 0.06ms
[2026-05-27T11:23:39.164+0530][20.420s][info][gc,phases   ] GC(491)   Evacuate Collection Set: 0.49ms
[2026-05-27T11:23:39.164+0530][20.420s][info][gc,phases   ] GC(491)   Post Evacuate Collection Set: 0.15ms
[2026-05-27T11:23:39.164+0530][20.420s][info][gc,phases   ] GC(491)   Other: 0.12ms
[2026-05-27T11:23:39.164+0530][20.420s][info][gc,heap     ] GC(491) Eden regions: 300->0(306)
[2026-05-27T11:23:39.164+0530][20.420s][info][gc,heap     ] GC(491) Survivor regions: 7->1(39)
[2026-05-27T11:23:39.164+0530][20.420s][info][gc,heap     ] GC(491) Old regions: 10->10
[2026-05-27T11:23:39.164+0530][20.420s][info][gc,heap     ] GC(491) Archive regions: 2->2
[2026-05-27T11:23:39.164+0530][20.420s][info][gc,heap     ] GC(491) Humongous regions: 9->0
[2026-05-27T11:23:39.164+0530][20.420s][info][gc,metaspace] GC(491) Metaspace: 1745K(2048K)->1745K(2048K) NonClass: 1568K(1728K)->1568K(1728K) Class: 177K(320K)->177K(320K)
[2026-05-27T11:23:39.164+0530][20.420s][info][gc          ] GC(491) Pause Young (Normal) (G1 Evacuation Pause) 325M->10M(512M) 0.960ms
[2026-05-27T11:23:39.164+0530][20.420s][info][gc,cpu      ] GC(491) User=0.01s Sys=0.00s Real=0.00s
[2026-05-27T11:23:39.206+0530][20.462s][info][gc,start    ] GC(492) Pause Young (Normal) (G1 Evacuation Pause)
[2026-05-27T11:23:39.206+0530][20.462s][info][gc,task     ] GC(492) Using 9 workers of 9 for evacuation
[2026-05-27T11:23:39.207+0530][20.463s][info][gc,phases   ] GC(492)   Pre Evacuate Collection Set: 0.12ms
[2026-05-27T11:23:39.207+0530][20.463s][info][gc,phases   ] GC(492)   Merge Heap Roots: 0.05ms
[2026-05-27T11:23:39.207+0530][20.463s][info][gc,phases   ] GC(492)   Evacuate Collection Set: 0.35ms
[2026-05-27T11:23:39.207+0530][20.463s][info][gc,phases   ] GC(492)   Post Evacuate Collection Set: 0.22ms
[2026-05-27T11:23:39.207+0530][20.463s][info][gc,phases   ] GC(492)   Other: 0.12ms
[2026-05-27T11:23:39.207+0530][20.463s][info][gc,heap     ] GC(492) Eden regions: 306->0(300)
[2026-05-27T11:23:39.207+0530][20.463s][info][gc,heap     ] GC(492) Survivor regions: 1->7(39)
[2026-05-27T11:23:39.207+0530][20.463s][info][gc,heap     ] GC(492) Old regions: 10->10
[2026-05-27T11:23:39.207+0530][20.463s][info][gc,heap     ] GC(492) Archive regions: 2->2
[2026-05-27T11:23:39.207+0530][20.463s][info][gc,heap     ] GC(492) Humongous regions: 0->0
[2026-05-27T11:23:39.207+0530][20.463s][info][gc,metaspace] GC(492) Metaspace: 1745K(2048K)->1745K(2048K) NonClass: 1568K(1728K)->1568K(1728K) Class: 177K(320K)->177K(320K)
[2026-05-27T11:23:39.207+0530][20.463s][info][gc          ] GC(492) Pause Young (Normal) (G1 Evacuation Pause) 316M->16M(512M) 0.962ms
[2026-05-27T11:23:39.207+0530][20.463s][info][gc,cpu      ] GC(492) User=0.01s Sys=0.00s Real=0.00s
[2026-05-27T11:23:39.246+0530][20.502s][info][gc,start    ] GC(493) Pause Young (Normal) (G1 Evacuation Pause)
[2026-05-27T11:23:39.246+0530][20.503s][info][gc,task     ] GC(493) Using 9 workers of 9 for evacuation
[2026-05-27T11:23:39.247+0530][20.503s][info][gc,phases   ] GC(493)   Pre Evacuate Collection Set: 0.10ms
[2026-05-27T11:23:39.247+0530][20.503s][info][gc,phases   ] GC(493)   Merge Heap Roots: 0.12ms
[2026-05-27T11:23:39.247+0530][20.503s][info][gc,phases   ] GC(493)   Evacuate Collection Set: 0.25ms
[2026-05-27T11:23:39.247+0530][20.503s][info][gc,phases   ] GC(493)   Post Evacuate Collection Set: 0.28ms
[2026-05-27T11:23:39.247+0530][20.503s][info][gc,phases   ] GC(493)   Other: 0.13ms
[2026-05-27T11:23:39.247+0530][20.503s][info][gc,heap     ] GC(493) Eden regions: 300->0(301)
[2026-05-27T11:23:39.247+0530][20.503s][info][gc,heap     ] GC(493) Survivor regions: 7->6(39)
[2026-05-27T11:23:39.247+0530][20.503s][info][gc,heap     ] GC(493) Old regions: 10->10
[2026-05-27T11:23:39.247+0530][20.503s][info][gc,heap     ] GC(493) Archive regions: 2->2
[2026-05-27T11:23:39.247+0530][20.503s][info][gc,heap     ] GC(493) Humongous regions: 0->0
[2026-05-27T11:23:39.247+0530][20.503s][info][gc,metaspace] GC(493) Metaspace: 1745K(2048K)->1745K(2048K) NonClass: 1568K(1728K)->1568K(1728K) Class: 177K(320K)->177K(320K)
[2026-05-27T11:23:39.247+0530][20.503s][info][gc          ] GC(493) Pause Young (Normal) (G1 Evacuation Pause) 316M->15M(512M) 0.963ms
[2026-05-27T11:23:39.247+0530][20.503s][info][gc,cpu      ] GC(493) User=0.00s Sys=0.00s Real=0.00s
[2026-05-27T11:23:39.287+0530][20.544s][info][gc,start    ] GC(494) Pause Young (Normal) (G1 Evacuation Pause)
[2026-05-27T11:23:39.287+0530][20.544s][info][gc,task     ] GC(494) Using 9 workers of 9 for evacuation
[2026-05-27T11:23:39.288+0530][20.544s][info][gc,phases   ] GC(494)   Pre Evacuate Collection Set: 0.10ms
[2026-05-27T11:23:39.288+0530][20.544s][info][gc,phases   ] GC(494)   Merge Heap Roots: 0.09ms
[2026-05-27T11:23:39.288+0530][20.544s][info][gc,phases   ] GC(494)   Evacuate Collection Set: 0.30ms
[2026-05-27T11:23:39.288+0530][20.544s][info][gc,phases   ] GC(494)   Post Evacuate Collection Set: 0.22ms
[2026-05-27T11:23:39.288+0530][20.544s][info][gc,phases   ] GC(494)   Other: 0.14ms
[2026-05-27T11:23:39.288+0530][20.544s][info][gc,heap     ] GC(494) Eden regions: 301->0(301)
[2026-05-27T11:23:39.288+0530][20.544s][info][gc,heap     ] GC(494) Survivor regions: 6->6(39)
[2026-05-27T11:23:39.288+0530][20.544s][info][gc,heap     ] GC(494) Old regions: 10->10
[2026-05-27T11:23:39.288+0530][20.544s][info][gc,heap     ] GC(494) Archive regions: 2->2
[2026-05-27T11:23:39.288+0530][20.544s][info][gc,heap     ] GC(494) Humongous regions: 0->0
[2026-05-27T11:23:39.288+0530][20.544s][info][gc,metaspace] GC(494) Metaspace: 1745K(2048K)->1745K(2048K) NonClass: 1568K(1728K)->1568K(1728K) Class: 177K(320K)->177K(320K)
[2026-05-27T11:23:39.288+0530][20.544s][info][gc          ] GC(494) Pause Young (Normal) (G1 Evacuation Pause) 316M->15M(512M) 0.928ms
[2026-05-27T11:23:39.288+0530][20.544s][info][gc,cpu      ] GC(494) User=0.00s Sys=0.00s Real=0.00s
[2026-05-27T11:23:39.328+0530][20.584s][info][gc,start    ] GC(495) Pause Young (Normal) (G1 Evacuation Pause)
[2026-05-27T11:23:39.328+0530][20.584s][info][gc,task     ] GC(495) Using 9 workers of 9 for evacuation
[2026-05-27T11:23:39.329+0530][20.585s][info][gc,phases   ] GC(495)   Pre Evacuate Collection Set: 0.12ms
[2026-05-27T11:23:39.329+0530][20.585s][info][gc,phases   ] GC(495)   Merge Heap Roots: 0.06ms
[2026-05-27T11:23:39.329+0530][20.585s][info][gc,phases   ] GC(495)   Evacuate Collection Set: 0.35ms
[2026-05-27T11:23:39.329+0530][20.585s][info][gc,phases   ] GC(495)   Post Evacuate Collection Set: 0.19ms
[2026-05-27T11:23:39.329+0530][20.585s][info][gc,phases   ] GC(495)   Other: 0.11ms
[2026-05-27T11:23:39.329+0530][20.585s][info][gc,heap     ] GC(495) Eden regions: 301->0(296)
[2026-05-27T11:23:39.329+0530][20.585s][info][gc,heap     ] GC(495) Survivor regions: 6->11(39)
[2026-05-27T11:23:39.329+0530][20.585s][info][gc,heap     ] GC(495) Old regions: 10->10
[2026-05-27T11:23:39.329+0530][20.585s][info][gc,heap     ] GC(495) Archive regions: 2->2
[2026-05-27T11:23:39.329+0530][20.585s][info][gc,heap     ] GC(495) Humongous regions: 0->0
[2026-05-27T11:23:39.329+0530][20.585s][info][gc,metaspace] GC(495) Metaspace: 1745K(2048K)->1745K(2048K) NonClass: 1568K(1728K)->1568K(1728K) Class: 177K(320K)->177K(320K)
[2026-05-27T11:23:39.329+0530][20.585s][info][gc          ] GC(495) Pause Young (Normal) (G1 Evacuation Pause) 316M->20M(512M) 0.913ms
[2026-05-27T11:23:39.329+0530][20.585s][info][gc,cpu      ] GC(495) User=0.01s Sys=0.00s Real=0.00s
[2026-05-27T11:23:39.368+0530][20.624s][info][gc,start    ] GC(496) Pause Young (Normal) (G1 Evacuation Pause)
[2026-05-27T11:23:39.368+0530][20.624s][info][gc,task     ] GC(496) Using 9 workers of 9 for evacuation
[2026-05-27T11:23:39.369+0530][20.625s][info][gc,phases   ] GC(496)   Pre Evacuate Collection Set: 0.07ms
[2026-05-27T11:23:39.369+0530][20.625s][info][gc,phases   ] GC(496)   Merge Heap Roots: 0.04ms
[2026-05-27T11:23:39.369+0530][20.625s][info][gc,phases   ] GC(496)   Evacuate Collection Set: 0.20ms
[2026-05-27T11:23:39.369+0530][20.625s][info][gc,phases   ] GC(496)   Post Evacuate Collection Set: 0.18ms
[2026-05-27T11:23:39.369+0530][20.625s][info][gc,phases   ] GC(496)   Other: 0.11ms
[2026-05-27T11:23:39.369+0530][20.625s][info][gc,heap     ] GC(496) Eden regions: 296->0(300)
[2026-05-27T11:23:39.369+0530][20.625s][info][gc,heap     ] GC(496) Survivor regions: 11->7(39)
[2026-05-27T11:23:39.369+0530][20.625s][info][gc,heap     ] GC(496) Old regions: 10->10
[2026-05-27T11:23:39.369+0530][20.625s][info][gc,heap     ] GC(496) Archive regions: 2->2
[2026-05-27T11:23:39.369+0530][20.625s][info][gc,heap     ] GC(496) Humongous regions: 0->0
[2026-05-27T11:23:39.369+0530][20.625s][info][gc,metaspace] GC(496) Metaspace: 1745K(2048K)->1745K(2048K) NonClass: 1568K(1728K)->1568K(1728K) Class: 177K(320K)->177K(320K)
[2026-05-27T11:23:39.369+0530][20.625s][info][gc          ] GC(496) Pause Young (Normal) (G1 Evacuation Pause) 316M->16M(512M) 0.661ms
[2026-05-27T11:23:39.369+0530][20.625s][info][gc,cpu      ] GC(496) User=0.00s Sys=0.00s Real=0.00s
[2026-05-27T11:23:39.410+0530][20.667s][info][gc,start    ] GC(497) Pause Young (Normal) (G1 Evacuation Pause)
[2026-05-27T11:23:39.410+0530][20.667s][info][gc,task     ] GC(497) Using 9 workers of 9 for evacuation
[2026-05-27T11:23:39.411+0530][20.667s][info][gc,phases   ] GC(497)   Pre Evacuate Collection Set: 0.08ms
[2026-05-27T11:23:39.411+0530][20.667s][info][gc,phases   ] GC(497)   Merge Heap Roots: 0.06ms
[2026-05-27T11:23:39.411+0530][20.667s][info][gc,phases   ] GC(497)   Evacuate Collection Set: 0.26ms
[2026-05-27T11:23:39.411+0530][20.667s][info][gc,phases   ] GC(497)   Post Evacuate Collection Set: 0.21ms
[2026-05-27T11:23:39.411+0530][20.667s][info][gc,phases   ] GC(497)   Other: 0.10ms
[2026-05-27T11:23:39.411+0530][20.667s][info][gc,heap     ] GC(497) Eden regions: 300->0(301)
[2026-05-27T11:23:39.411+0530][20.667s][info][gc,heap     ] GC(497) Survivor regions: 7->6(39)
[2026-05-27T11:23:39.411+0530][20.667s][info][gc,heap     ] GC(497) Old regions: 10->10
[2026-05-27T11:23:39.411+0530][20.667s][info][gc,heap     ] GC(497) Archive regions: 2->2
[2026-05-27T11:23:39.411+0530][20.667s][info][gc,heap     ] GC(497) Humongous regions: 9->0
[2026-05-27T11:23:39.411+0530][20.667s][info][gc,metaspace] GC(497) Metaspace: 1745K(2048K)->1745K(2048K) NonClass: 1568K(1728K)->1568K(1728K) Class: 177K(320K)->177K(320K)
[2026-05-27T11:23:39.411+0530][20.667s][info][gc          ] GC(497) Pause Young (Normal) (G1 Evacuation Pause) 325M->15M(512M) 0.770ms
[2026-05-27T11:23:39.411+0530][20.667s][info][gc,cpu      ] GC(497) User=0.00s Sys=0.00s Real=0.00s
[2026-05-27T11:23:39.450+0530][20.706s][info][gc,start    ] GC(498) Pause Young (Normal) (G1 Evacuation Pause)
[2026-05-27T11:23:39.450+0530][20.706s][info][gc,task     ] GC(498) Using 9 workers of 9 for evacuation
[2026-05-27T11:23:39.450+0530][20.707s][info][gc,phases   ] GC(498)   Pre Evacuate Collection Set: 0.10ms
[2026-05-27T11:23:39.450+0530][20.707s][info][gc,phases   ] GC(498)   Merge Heap Roots: 0.05ms
[2026-05-27T11:23:39.450+0530][20.707s][info][gc,phases   ] GC(498)   Evacuate Collection Set: 0.27ms
[2026-05-27T11:23:39.450+0530][20.707s][info][gc,phases   ] GC(498)   Post Evacuate Collection Set: 0.18ms
[2026-05-27T11:23:39.450+0530][20.707s][info][gc,phases   ] GC(498)   Other: 0.10ms
[2026-05-27T11:23:39.450+0530][20.707s][info][gc,heap     ] GC(498) Eden regions: 301->0(301)
[2026-05-27T11:23:39.450+0530][20.707s][info][gc,heap     ] GC(498) Survivor regions: 6->6(39)
[2026-05-27T11:23:39.450+0530][20.707s][info][gc,heap     ] GC(498) Old regions: 10->10
[2026-05-27T11:23:39.450+0530][20.707s][info][gc,heap     ] GC(498) Archive regions: 2->2
[2026-05-27T11:23:39.450+0530][20.707s][info][gc,heap     ] GC(498) Humongous regions: 0->0
[2026-05-27T11:23:39.450+0530][20.707s][info][gc,metaspace] GC(498) Metaspace: 1745K(2048K)->1745K(2048K) NonClass: 1568K(1728K)->1568K(1728K) Class: 177K(320K)->177K(320K)
[2026-05-27T11:23:39.450+0530][20.707s][info][gc          ] GC(498) Pause Young (Normal) (G1 Evacuation Pause) 316M->16M(512M) 0.788ms
[2026-05-27T11:23:39.450+0530][20.707s][info][gc,cpu      ] GC(498) User=0.01s Sys=0.00s Real=0.00s
[2026-05-27T11:23:39.489+0530][20.745s][info][gc,start    ] GC(499) Pause Young (Normal) (G1 Evacuation Pause)
[2026-05-27T11:23:39.489+0530][20.745s][info][gc,task     ] GC(499) Using 9 workers of 9 for evacuation
[2026-05-27T11:23:39.489+0530][20.746s][info][gc,phases   ] GC(499)   Pre Evacuate Collection Set: 0.12ms
[2026-05-27T11:23:39.489+0530][20.746s][info][gc,phases   ] GC(499)   Merge Heap Roots: 0.03ms
[2026-05-27T11:23:39.489+0530][20.746s][info][gc,phases   ] GC(499)   Evacuate Collection Set: 0.31ms
[2026-05-27T11:23:39.489+0530][20.746s][info][gc,phases   ] GC(499)   Post Evacuate Collection Set: 0.21ms
[2026-05-27T11:23:39.489+0530][20.746s][info][gc,phases   ] GC(499)   Other: 0.10ms
[2026-05-27T11:23:39.489+0530][20.746s][info][gc,heap     ] GC(499) Eden regions: 301->0(300)
[2026-05-27T11:23:39.489+0530][20.746s][info][gc,heap     ] GC(499) Survivor regions: 6->7(39)
[2026-05-27T11:23:39.489+0530][20.746s][info][gc,heap     ] GC(499) Old regions: 10->10
[2026-05-27T11:23:39.489+0530][20.746s][info][gc,heap     ] GC(499) Archive regions: 2->2
[2026-05-27T11:23:39.489+0530][20.746s][info][gc,heap     ] GC(499) Humongous regions: 0->0
[2026-05-27T11:23:39.489+0530][20.746s][info][gc,metaspace] GC(499) Metaspace: 1745K(2048K)->1745K(2048K) NonClass: 1568K(1728K)->1568K(1728K) Class: 177K(320K)->177K(320K)
[2026-05-27T11:23:39.489+0530][20.746s][info][gc          ] GC(499) Pause Young (Normal) (G1 Evacuation Pause) 316M->16M(512M) 0.848ms
[2026-05-27T11:23:39.489+0530][20.746s][info][gc,cpu      ] GC(499) User=0.00s Sys=0.00s Real=0.00s
[2026-05-27T11:23:39.528+0530][20.784s][info][gc,start    ] GC(500) Pause Young (Normal) (G1 Evacuation Pause)
[2026-05-27T11:23:39.528+0530][20.784s][info][gc,task     ] GC(500) Using 9 workers of 9 for evacuation
[2026-05-27T11:23:39.529+0530][20.785s][info][gc,phases   ] GC(500)   Pre Evacuate Collection Set: 0.10ms
[2026-05-27T11:23:39.529+0530][20.785s][info][gc,phases   ] GC(500)   Merge Heap Roots: 0.04ms
[2026-05-27T11:23:39.529+0530][20.785s][info][gc,phases   ] GC(500)   Evacuate Collection Set: 0.33ms
[2026-05-27T11:23:39.529+0530][20.785s][info][gc,phases   ] GC(500)   Post Evacuate Collection Set: 0.16ms
[2026-05-27T11:23:39.529+0530][20.785s][info][gc,phases   ] GC(500)   Other: 0.09ms
[2026-05-27T11:23:39.529+0530][20.785s][info][gc,heap     ] GC(500) Eden regions: 300->0(296)
[2026-05-27T11:23:39.529+0530][20.785s][info][gc,heap     ] GC(500) Survivor regions: 7->11(39)
[2026-05-27T11:23:39.529+0530][20.785s][info][gc,heap     ] GC(500) Old regions: 10->10
[2026-05-27T11:23:39.529+0530][20.785s][info][gc,heap     ] GC(500) Archive regions: 2->2
[2026-05-27T11:23:39.529+0530][20.785s][info][gc,heap     ] GC(500) Humongous regions: 0->0
[2026-05-27T11:23:39.529+0530][20.785s][info][gc,metaspace] GC(500) Metaspace: 1745K(2048K)->1745K(2048K) NonClass: 1568K(1728K)->1568K(1728K) Class: 177K(320K)->177K(320K)
[2026-05-27T11:23:39.529+0530][20.785s][info][gc          ] GC(500) Pause Young (Normal) (G1 Evacuation Pause) 316M->20M(512M) 0.791ms
[2026-05-27T11:23:39.529+0530][20.785s][info][gc,cpu      ] GC(500) User=0.01s Sys=0.01s Real=0.00s
[2026-05-27T11:23:39.565+0530][20.821s][info][gc,start    ] GC(501) Pause Young (Normal) (G1 Evacuation Pause)
[2026-05-27T11:23:39.565+0530][20.821s][info][gc,task     ] GC(501) Using 9 workers of 9 for evacuation
[2026-05-27T11:23:39.565+0530][20.822s][info][gc,phases   ] GC(501)   Pre Evacuate Collection Set: 0.06ms
[2026-05-27T11:23:39.565+0530][20.822s][info][gc,phases   ] GC(501)   Merge Heap Roots: 0.05ms
[2026-05-27T11:23:39.565+0530][20.822s][info][gc,phases   ] GC(501)   Evacuate Collection Set: 0.27ms
[2026-05-27T11:23:39.565+0530][20.822s][info][gc,phases   ] GC(501)   Post Evacuate Collection Set: 0.17ms
[2026-05-27T11:23:39.565+0530][20.822s][info][gc,phases   ] GC(501)   Other: 0.10ms
[2026-05-27T11:23:39.565+0530][20.822s][info][gc,heap     ] GC(501) Eden regions: 296->0(300)
[2026-05-27T11:23:39.565+0530][20.822s][info][gc,heap     ] GC(501) Survivor regions: 11->7(39)
[2026-05-27T11:23:39.565+0530][20.822s][info][gc,heap     ] GC(501) Old regions: 10->10
[2026-05-27T11:23:39.565+0530][20.822s][info][gc,heap     ] GC(501) Archive regions: 2->2
[2026-05-27T11:23:39.565+0530][20.822s][info][gc,heap     ] GC(501) Humongous regions: 0->0
[2026-05-27T11:23:39.565+0530][20.822s][info][gc,metaspace] GC(501) Metaspace: 1745K(2048K)->1745K(2048K) NonClass: 1568K(1728K)->1568K(1728K) Class: 177K(320K)->177K(320K)
[2026-05-27T11:23:39.565+0530][20.822s][info][gc          ] GC(501) Pause Young (Normal) (G1 Evacuation Pause) 316M->16M(512M) 0.709ms
[2026-05-27T11:23:39.565+0530][20.822s][info][gc,cpu      ] GC(501) User=0.00s Sys=0.00s Real=0.00s
[2026-05-27T11:23:39.605+0530][20.861s][info][gc,start    ] GC(502) Pause Young (Normal) (G1 Evacuation Pause)
[2026-05-27T11:23:39.605+0530][20.861s][info][gc,task     ] GC(502) Using 9 workers of 9 for evacuation
[2026-05-27T11:23:39.606+0530][20.862s][info][gc,phases   ] GC(502)   Pre Evacuate Collection Set: 0.08ms
[2026-05-27T11:23:39.606+0530][20.862s][info][gc,phases   ] GC(502)   Merge Heap Roots: 0.05ms
[2026-05-27T11:23:39.606+0530][20.862s][info][gc,phases   ] GC(502)   Evacuate Collection Set: 0.28ms
[2026-05-27T11:23:39.606+0530][20.862s][info][gc,phases   ] GC(502)   Post Evacuate Collection Set: 0.17ms
[2026-05-27T11:23:39.606+0530][20.862s][info][gc,phases   ] GC(502)   Other: 0.09ms
[2026-05-27T11:23:39.606+0530][20.862s][info][gc,heap     ] GC(502) Eden regions: 300->0(301)
[2026-05-27T11:23:39.606+0530][20.862s][info][gc,heap     ] GC(502) Survivor regions: 7->6(39)
[2026-05-27T11:23:39.606+0530][20.862s][info][gc,heap     ] GC(502) Old regions: 10->10
[2026-05-27T11:23:39.606+0530][20.862s][info][gc,heap     ] GC(502) Archive regions: 2->2
[2026-05-27T11:23:39.606+0530][20.862s][info][gc,heap     ] GC(502) Humongous regions: 0->0
[2026-05-27T11:23:39.606+0530][20.862s][info][gc,metaspace] GC(502) Metaspace: 1745K(2048K)->1745K(2048K) NonClass: 1568K(1728K)->1568K(1728K) Class: 177K(320K)->177K(320K)
[2026-05-27T11:23:39.606+0530][20.862s][info][gc          ] GC(502) Pause Young (Normal) (G1 Evacuation Pause) 316M->15M(512M) 0.730ms
[2026-05-27T11:23:39.606+0530][20.862s][info][gc,cpu      ] GC(502) User=0.00s Sys=0.00s Real=0.00s
[2026-05-27T11:23:39.645+0530][20.901s][info][gc,start    ] GC(503) Pause Young (Normal) (G1 Evacuation Pause)
[2026-05-27T11:23:39.645+0530][20.901s][info][gc,task     ] GC(503) Using 9 workers of 9 for evacuation
[2026-05-27T11:23:39.645+0530][20.901s][info][gc,phases   ] GC(503)   Pre Evacuate Collection Set: 0.08ms
[2026-05-27T11:23:39.645+0530][20.901s][info][gc,phases   ] GC(503)   Merge Heap Roots: 0.04ms
[2026-05-27T11:23:39.645+0530][20.901s][info][gc,phases   ] GC(503)   Evacuate Collection Set: 0.20ms
[2026-05-27T11:23:39.645+0530][20.901s][info][gc,phases   ] GC(503)   Post Evacuate Collection Set: 0.18ms
[2026-05-27T11:23:39.645+0530][20.901s][info][gc,phases   ] GC(503)   Other: 0.10ms
[2026-05-27T11:23:39.645+0530][20.901s][info][gc,heap     ] GC(503) Eden regions: 301->0(306)
[2026-05-27T11:23:39.645+0530][20.901s][info][gc,heap     ] GC(503) Survivor regions: 6->1(39)
[2026-05-27T11:23:39.645+0530][20.901s][info][gc,heap     ] GC(503) Old regions: 10->10
[2026-05-27T11:23:39.645+0530][20.901s][info][gc,heap     ] GC(503) Archive regions: 2->2
[2026-05-27T11:23:39.645+0530][20.901s][info][gc,heap     ] GC(503) Humongous regions: 9->0
[2026-05-27T11:23:39.645+0530][20.901s][info][gc,metaspace] GC(503) Metaspace: 1745K(2048K)->1745K(2048K) NonClass: 1568K(1728K)->1568K(1728K) Class: 177K(320K)->177K(320K)
[2026-05-27T11:23:39.645+0530][20.901s][info][gc          ] GC(503) Pause Young (Normal) (G1 Evacuation Pause) 325M->10M(512M) 0.657ms
[2026-05-27T11:23:39.645+0530][20.901s][info][gc,cpu      ] GC(503) User=0.00s Sys=0.00s Real=0.00s
[2026-05-27T11:23:39.684+0530][20.941s][info][gc,start    ] GC(504) Pause Young (Normal) (G1 Evacuation Pause)
[2026-05-27T11:23:39.685+0530][20.941s][info][gc,task     ] GC(504) Using 9 workers of 9 for evacuation
[2026-05-27T11:23:39.685+0530][20.941s][info][gc,phases   ] GC(504)   Pre Evacuate Collection Set: 0.11ms
[2026-05-27T11:23:39.685+0530][20.941s][info][gc,phases   ] GC(504)   Merge Heap Roots: 0.04ms
[2026-05-27T11:23:39.685+0530][20.941s][info][gc,phases   ] GC(504)   Evacuate Collection Set: 0.24ms
[2026-05-27T11:23:39.685+0530][20.941s][info][gc,phases   ] GC(504)   Post Evacuate Collection Set: 0.18ms
[2026-05-27T11:23:39.685+0530][20.941s][info][gc,phases   ] GC(504)   Other: 0.11ms
[2026-05-27T11:23:39.685+0530][20.941s][info][gc,heap     ] GC(504) Eden regions: 306->0(302)
[2026-05-27T11:23:39.685+0530][20.941s][info][gc,heap     ] GC(504) Survivor regions: 1->5(39)
[2026-05-27T11:23:39.685+0530][20.941s][info][gc,heap     ] GC(504) Old regions: 10->10
[2026-05-27T11:23:39.685+0530][20.941s][info][gc,heap     ] GC(504) Archive regions: 2->2
[2026-05-27T11:23:39.685+0530][20.941s][info][gc,heap     ] GC(504) Humongous regions: 0->0
[2026-05-27T11:23:39.685+0530][20.941s][info][gc,metaspace] GC(504) Metaspace: 1745K(2048K)->1745K(2048K) NonClass: 1568K(1728K)->1568K(1728K) Class: 177K(320K)->177K(320K)
[2026-05-27T11:23:39.685+0530][20.941s][info][gc          ] GC(504) Pause Young (Normal) (G1 Evacuation Pause) 316M->14M(512M) 0.747ms
[2026-05-27T11:23:39.685+0530][20.941s][info][gc,cpu      ] GC(504) User=0.01s Sys=0.00s Real=0.00s
[2026-05-27T11:23:39.724+0530][20.980s][info][gc,start    ] GC(505) Pause Young (Normal) (G1 Evacuation Pause)
[2026-05-27T11:23:39.724+0530][20.980s][info][gc,task     ] GC(505) Using 9 workers of 9 for evacuation
[2026-05-27T11:23:39.725+0530][20.981s][info][gc,phases   ] GC(505)   Pre Evacuate Collection Set: 0.08ms
[2026-05-27T11:23:39.725+0530][20.981s][info][gc,phases   ] GC(505)   Merge Heap Roots: 0.10ms
[2026-05-27T11:23:39.725+0530][20.981s][info][gc,phases   ] GC(505)   Evacuate Collection Set: 0.30ms
[2026-05-27T11:23:39.725+0530][20.981s][info][gc,phases   ] GC(505)   Post Evacuate Collection Set: 0.18ms
[2026-05-27T11:23:39.725+0530][20.981s][info][gc,phases   ] GC(505)   Other: 0.11ms
[2026-05-27T11:23:39.725+0530][20.981s][info][gc,heap     ] GC(505) Eden regions: 302->0(302)
[2026-05-27T11:23:39.725+0530][20.981s][info][gc,heap     ] GC(505) Survivor regions: 5->5(39)
[2026-05-27T11:23:39.725+0530][20.981s][info][gc,heap     ] GC(505) Old regions: 10->10
[2026-05-27T11:23:39.725+0530][20.981s][info][gc,heap     ] GC(505) Archive regions: 2->2
[2026-05-27T11:23:39.725+0530][20.981s][info][gc,heap     ] GC(505) Humongous regions: 0->0
[2026-05-27T11:23:39.725+0530][20.981s][info][gc,metaspace] GC(505) Metaspace: 1745K(2048K)->1745K(2048K) NonClass: 1568K(1728K)->1568K(1728K) Class: 177K(320K)->177K(320K)
[2026-05-27T11:23:39.725+0530][20.981s][info][gc          ] GC(505) Pause Young (Normal) (G1 Evacuation Pause) 316M->15M(512M) 0.835ms
[2026-05-27T11:23:39.725+0530][20.981s][info][gc,cpu      ] GC(505) User=0.00s Sys=0.00s Real=0.00s
[2026-05-27T11:23:39.763+0530][21.019s][info][gc,start    ] GC(506) Pause Young (Normal) (G1 Evacuation Pause)
[2026-05-27T11:23:39.763+0530][21.019s][info][gc,task     ] GC(506) Using 9 workers of 9 for evacuation
[2026-05-27T11:23:39.764+0530][21.020s][info][gc,phases   ] GC(506)   Pre Evacuate Collection Set: 0.06ms
[2026-05-27T11:23:39.764+0530][21.020s][info][gc,phases   ] GC(506)   Merge Heap Roots: 0.05ms
[2026-05-27T11:23:39.764+0530][21.020s][info][gc,phases   ] GC(506)   Evacuate Collection Set: 0.26ms
[2026-05-27T11:23:39.764+0530][21.020s][info][gc,phases   ] GC(506)   Post Evacuate Collection Set: 0.19ms
[2026-05-27T11:23:39.764+0530][21.020s][info][gc,phases   ] GC(506)   Other: 0.09ms
[2026-05-27T11:23:39.764+0530][21.020s][info][gc,heap     ] GC(506) Eden regions: 302->0(300)
[2026-05-27T11:23:39.764+0530][21.020s][info][gc,heap     ] GC(506) Survivor regions: 5->7(39)
[2026-05-27T11:23:39.764+0530][21.020s][info][gc,heap     ] GC(506) Old regions: 10->10
[2026-05-27T11:23:39.764+0530][21.020s][info][gc,heap     ] GC(506) Archive regions: 2->2
[2026-05-27T11:23:39.764+0530][21.020s][info][gc,heap     ] GC(506) Humongous regions: 0->0
[2026-05-27T11:23:39.764+0530][21.020s][info][gc,metaspace] GC(506) Metaspace: 1745K(2048K)->1745K(2048K) NonClass: 1568K(1728K)->1568K(1728K) Class: 177K(320K)->177K(320K)
[2026-05-27T11:23:39.764+0530][21.020s][info][gc          ] GC(506) Pause Young (Normal) (G1 Evacuation Pause) 316M->16M(512M) 0.741ms
[2026-05-27T11:23:39.764+0530][21.020s][info][gc,cpu      ] GC(506) User=0.01s Sys=0.00s Real=0.00s
[2026-05-27T11:23:39.803+0530][21.059s][info][gc,start    ] GC(507) Pause Young (Normal) (G1 Evacuation Pause)
[2026-05-27T11:23:39.803+0530][21.059s][info][gc,task     ] GC(507) Using 9 workers of 9 for evacuation
[2026-05-27T11:23:39.804+0530][21.060s][info][gc,phases   ] GC(507)   Pre Evacuate Collection Set: 0.07ms
[2026-05-27T11:23:39.804+0530][21.060s][info][gc,phases   ] GC(507)   Merge Heap Roots: 0.05ms
[2026-05-27T11:23:39.804+0530][21.060s][info][gc,phases   ] GC(507)   Evacuate Collection Set: 0.24ms
[2026-05-27T11:23:39.804+0530][21.060s][info][gc,phases   ] GC(507)   Post Evacuate Collection Set: 0.16ms
[2026-05-27T11:23:39.804+0530][21.060s][info][gc,phases   ] GC(507)   Other: 0.10ms
[2026-05-27T11:23:39.804+0530][21.060s][info][gc,heap     ] GC(507) Eden regions: 300->0(301)
[2026-05-27T11:23:39.804+0530][21.060s][info][gc,heap     ] GC(507) Survivor regions: 7->6(39)
[2026-05-27T11:23:39.804+0530][21.060s][info][gc,heap     ] GC(507) Old regions: 10->10
[2026-05-27T11:23:39.804+0530][21.060s][info][gc,heap     ] GC(507) Archive regions: 2->2
[2026-05-27T11:23:39.804+0530][21.060s][info][gc,heap     ] GC(507) Humongous regions: 9->0
[2026-05-27T11:23:39.804+0530][21.060s][info][gc,metaspace] GC(507) Metaspace: 1745K(2048K)->1745K(2048K) NonClass: 1568K(1728K)->1568K(1728K) Class: 177K(320K)->177K(320K)
[2026-05-27T11:23:39.804+0530][21.060s][info][gc          ] GC(507) Pause Young (Normal) (G1 Evacuation Pause) 325M->15M(512M) 0.673ms
[2026-05-27T11:23:39.804+0530][21.060s][info][gc,cpu      ] GC(507) User=0.00s Sys=0.00s Real=0.00s
[2026-05-27T11:23:39.843+0530][21.099s][info][gc,start    ] GC(508) Pause Young (Normal) (G1 Evacuation Pause)
[2026-05-27T11:23:39.843+0530][21.099s][info][gc,task     ] GC(508) Using 9 workers of 9 for evacuation
[2026-05-27T11:23:39.844+0530][21.100s][info][gc,phases   ] GC(508)   Pre Evacuate Collection Set: 0.07ms
[2026-05-27T11:23:39.844+0530][21.100s][info][gc,phases   ] GC(508)   Merge Heap Roots: 0.05ms
[2026-05-27T11:23:39.844+0530][21.100s][info][gc,phases   ] GC(508)   Evacuate Collection Set: 0.27ms
[2026-05-27T11:23:39.844+0530][21.100s][info][gc,phases   ] GC(508)   Post Evacuate Collection Set: 0.23ms
[2026-05-27T11:23:39.844+0530][21.100s][info][gc,phases   ] GC(508)   Other: 0.09ms
[2026-05-27T11:23:39.844+0530][21.100s][info][gc,heap     ] GC(508) Eden regions: 301->0(301)
[2026-05-27T11:23:39.844+0530][21.100s][info][gc,heap     ] GC(508) Survivor regions: 6->6(39)
[2026-05-27T11:23:39.844+0530][21.100s][info][gc,heap     ] GC(508) Old regions: 10->10
[2026-05-27T11:23:39.844+0530][21.100s][info][gc,heap     ] GC(508) Archive regions: 2->2
[2026-05-27T11:23:39.844+0530][21.100s][info][gc,heap     ] GC(508) Humongous regions: 9->0
[2026-05-27T11:23:39.844+0530][21.100s][info][gc,metaspace] GC(508) Metaspace: 1745K(2048K)->1745K(2048K) NonClass: 1568K(1728K)->1568K(1728K) Class: 177K(320K)->177K(320K)
[2026-05-27T11:23:39.844+0530][21.100s][info][gc          ] GC(508) Pause Young (Normal) (G1 Evacuation Pause) 325M->15M(512M) 0.760ms
[2026-05-27T11:23:39.844+0530][21.100s][info][gc,cpu      ] GC(508) User=0.00s Sys=0.00s Real=0.00s
[2026-05-27T11:23:39.885+0530][21.141s][info][gc,start    ] GC(509) Pause Young (Normal) (G1 Evacuation Pause)
[2026-05-27T11:23:39.885+0530][21.141s][info][gc,task     ] GC(509) Using 9 workers of 9 for evacuation
[2026-05-27T11:23:39.885+0530][21.142s][info][gc,phases   ] GC(509)   Pre Evacuate Collection Set: 0.05ms
[2026-05-27T11:23:39.885+0530][21.142s][info][gc,phases   ] GC(509)   Merge Heap Roots: 0.05ms
[2026-05-27T11:23:39.885+0530][21.142s][info][gc,phases   ] GC(509)   Evacuate Collection Set: 0.28ms
[2026-05-27T11:23:39.885+0530][21.142s][info][gc,phases   ] GC(509)   Post Evacuate Collection Set: 0.19ms
[2026-05-27T11:23:39.885+0530][21.142s][info][gc,phases   ] GC(509)   Other: 0.11ms
[2026-05-27T11:23:39.886+0530][21.142s][info][gc,heap     ] GC(509) Eden regions: 301->0(302)
[2026-05-27T11:23:39.886+0530][21.142s][info][gc,heap     ] GC(509) Survivor regions: 6->5(39)
[2026-05-27T11:23:39.886+0530][21.142s][info][gc,heap     ] GC(509) Old regions: 10->10
[2026-05-27T11:23:39.886+0530][21.142s][info][gc,heap     ] GC(509) Archive regions: 2->2
[2026-05-27T11:23:39.886+0530][21.142s][info][gc,heap     ] GC(509) Humongous regions: 0->0
[2026-05-27T11:23:39.886+0530][21.142s][info][gc,metaspace] GC(509) Metaspace: 1745K(2048K)->1745K(2048K) NonClass: 1568K(1728K)->1568K(1728K) Class: 177K(320K)->177K(320K)
[2026-05-27T11:23:39.886+0530][21.142s][info][gc          ] GC(509) Pause Young (Normal) (G1 Evacuation Pause) 316M->14M(512M) 0.750ms
[2026-05-27T11:23:39.886+0530][21.142s][info][gc,cpu      ] GC(509) User=0.00s Sys=0.00s Real=0.00s
[2026-05-27T11:23:39.926+0530][21.182s][info][gc,start    ] GC(510) Pause Young (Normal) (G1 Evacuation Pause)
[2026-05-27T11:23:39.926+0530][21.182s][info][gc,task     ] GC(510) Using 9 workers of 9 for evacuation
[2026-05-27T11:23:39.927+0530][21.183s][info][gc,phases   ] GC(510)   Pre Evacuate Collection Set: 0.07ms
[2026-05-27T11:23:39.927+0530][21.183s][info][gc,phases   ] GC(510)   Merge Heap Roots: 0.05ms
[2026-05-27T11:23:39.927+0530][21.183s][info][gc,phases   ] GC(510)   Evacuate Collection Set: 0.28ms
[2026-05-27T11:23:39.927+0530][21.183s][info][gc,phases   ] GC(510)   Post Evacuate Collection Set: 0.20ms
[2026-05-27T11:23:39.927+0530][21.183s][info][gc,phases   ] GC(510)   Other: 0.12ms
[2026-05-27T11:23:39.927+0530][21.183s][info][gc,heap     ] GC(510) Eden regions: 302->0(304)
[2026-05-27T11:23:39.927+0530][21.183s][info][gc,heap     ] GC(510) Survivor regions: 5->3(39)
[2026-05-27T11:23:39.927+0530][21.183s][info][gc,heap     ] GC(510) Old regions: 10->10
[2026-05-27T11:23:39.927+0530][21.183s][info][gc,heap     ] GC(510) Archive regions: 2->2
[2026-05-27T11:23:39.927+0530][21.183s][info][gc,heap     ] GC(510) Humongous regions: 0->0
[2026-05-27T11:23:39.927+0530][21.183s][info][gc,metaspace] GC(510) Metaspace: 1745K(2048K)->1745K(2048K) NonClass: 1568K(1728K)->1568K(1728K) Class: 177K(320K)->177K(320K)
[2026-05-27T11:23:39.927+0530][21.183s][info][gc          ] GC(510) Pause Young (Normal) (G1 Evacuation Pause) 316M->12M(512M) 0.839ms
[2026-05-27T11:23:39.927+0530][21.183s][info][gc,cpu      ] GC(510) User=0.00s Sys=0.00s Real=0.00s
[2026-05-27T11:23:39.968+0530][21.224s][info][gc,start    ] GC(511) Pause Young (Normal) (G1 Evacuation Pause)
[2026-05-27T11:23:39.968+0530][21.224s][info][gc,task     ] GC(511) Using 9 workers of 9 for evacuation
[2026-05-27T11:23:39.968+0530][21.224s][info][gc,phases   ] GC(511)   Pre Evacuate Collection Set: 0.10ms
[2026-05-27T11:23:39.968+0530][21.224s][info][gc,phases   ] GC(511)   Merge Heap Roots: 0.04ms
[2026-05-27T11:23:39.968+0530][21.224s][info][gc,phases   ] GC(511)   Evacuate Collection Set: 0.26ms
[2026-05-27T11:23:39.968+0530][21.224s][info][gc,phases   ] GC(511)   Post Evacuate Collection Set: 0.17ms
[2026-05-27T11:23:39.968+0530][21.224s][info][gc,phases   ] GC(511)   Other: 0.10ms
[2026-05-27T11:23:39.968+0530][21.224s][info][gc,heap     ] GC(511) Eden regions: 304->0(305)
[2026-05-27T11:23:39.968+0530][21.224s][info][gc,heap     ] GC(511) Survivor regions: 3->2(39)
[2026-05-27T11:23:39.968+0530][21.224s][info][gc,heap     ] GC(511) Old regions: 10->10
[2026-05-27T11:23:39.968+0530][21.224s][info][gc,heap     ] GC(511) Archive regions: 2->2
[2026-05-27T11:23:39.968+0530][21.224s][info][gc,heap     ] GC(511) Humongous regions: 9->0
[2026-05-27T11:23:39.968+0530][21.224s][info][gc,metaspace] GC(511) Metaspace: 1745K(2048K)->1745K(2048K) NonClass: 1568K(1728K)->1568K(1728K) Class: 177K(320K)->177K(320K)
[2026-05-27T11:23:39.968+0530][21.225s][info][gc          ] GC(511) Pause Young (Normal) (G1 Evacuation Pause) 325M->11M(512M) 0.769ms
[2026-05-27T11:23:39.968+0530][21.225s][info][gc,cpu      ] GC(511) User=0.00s Sys=0.00s Real=0.00s
[2026-05-27T11:23:40.006+0530][21.262s][info][gc,start    ] GC(512) Pause Young (Normal) (G1 Evacuation Pause)
[2026-05-27T11:23:40.006+0530][21.262s][info][gc,task     ] GC(512) Using 9 workers of 9 for evacuation
[2026-05-27T11:23:40.007+0530][21.263s][info][gc,phases   ] GC(512)   Pre Evacuate Collection Set: 0.07ms
[2026-05-27T11:23:40.007+0530][21.263s][info][gc,phases   ] GC(512)   Merge Heap Roots: 0.05ms
[2026-05-27T11:23:40.007+0530][21.263s][info][gc,phases   ] GC(512)   Evacuate Collection Set: 0.25ms
[2026-05-27T11:23:40.007+0530][21.263s][info][gc,phases   ] GC(512)   Post Evacuate Collection Set: 0.20ms
[2026-05-27T11:23:40.007+0530][21.263s][info][gc,phases   ] GC(512)   Other: 0.10ms
[2026-05-27T11:23:40.007+0530][21.263s][info][gc,heap     ] GC(512) Eden regions: 305->0(302)
[2026-05-27T11:23:40.007+0530][21.263s][info][gc,heap     ] GC(512) Survivor regions: 2->5(39)
[2026-05-27T11:23:40.007+0530][21.263s][info][gc,heap     ] GC(512) Old regions: 10->10
[2026-05-27T11:23:40.007+0530][21.263s][info][gc,heap     ] GC(512) Archive regions: 2->2
[2026-05-27T11:23:40.007+0530][21.263s][info][gc,heap     ] GC(512) Humongous regions: 0->0
[2026-05-27T11:23:40.007+0530][21.263s][info][gc,metaspace] GC(512) Metaspace: 1745K(2048K)->1745K(2048K) NonClass: 1568K(1728K)->1568K(1728K) Class: 177K(320K)->177K(320K)
[2026-05-27T11:23:40.007+0530][21.263s][info][gc          ] GC(512) Pause Young (Normal) (G1 Evacuation Pause) 316M->14M(512M) 0.739ms
[2026-05-27T11:23:40.007+0530][21.263s][info][gc,cpu      ] GC(512) User=0.00s Sys=0.00s Real=0.00s
[2026-05-27T11:23:40.047+0530][21.303s][info][gc,start    ] GC(513) Pause Young (Normal) (G1 Evacuation Pause)
[2026-05-27T11:23:40.047+0530][21.303s][info][gc,task     ] GC(513) Using 9 workers of 9 for evacuation
[2026-05-27T11:23:40.048+0530][21.304s][info][gc,phases   ] GC(513)   Pre Evacuate Collection Set: 0.06ms
[2026-05-27T11:23:40.048+0530][21.304s][info][gc,phases   ] GC(513)   Merge Heap Roots: 0.05ms
[2026-05-27T11:23:40.048+0530][21.304s][info][gc,phases   ] GC(513)   Evacuate Collection Set: 0.26ms
[2026-05-27T11:23:40.048+0530][21.304s][info][gc,phases   ] GC(513)   Post Evacuate Collection Set: 0.19ms
[2026-05-27T11:23:40.048+0530][21.304s][info][gc,phases   ] GC(513)   Other: 0.12ms
[2026-05-27T11:23:40.048+0530][21.304s][info][gc,heap     ] GC(513) Eden regions: 302->0(304)
[2026-05-27T11:23:40.048+0530][21.304s][info][gc,heap     ] GC(513) Survivor regions: 5->3(39)
[2026-05-27T11:23:40.048+0530][21.304s][info][gc,heap     ] GC(513) Old regions: 10->10
[2026-05-27T11:23:40.048+0530][21.304s][info][gc,heap     ] GC(513) Archive regions: 2->2
[2026-05-27T11:23:40.048+0530][21.304s][info][gc,heap     ] GC(513) Humongous regions: 9->0
[2026-05-27T11:23:40.048+0530][21.304s][info][gc,metaspace] GC(513) Metaspace: 1745K(2048K)->1745K(2048K) NonClass: 1568K(1728K)->1568K(1728K) Class: 177K(320K)->177K(320K)
[2026-05-27T11:23:40.048+0530][21.304s][info][gc          ] GC(513) Pause Young (Normal) (G1 Evacuation Pause) 325M->12M(512M) 0.728ms
[2026-05-27T11:23:40.048+0530][21.304s][info][gc,cpu      ] GC(513) User=0.01s Sys=0.00s Real=0.00s
[2026-05-27T11:23:40.086+0530][21.342s][info][gc,start    ] GC(514) Pause Young (Normal) (G1 Evacuation Pause)
[2026-05-27T11:23:40.086+0530][21.342s][info][gc,task     ] GC(514) Using 9 workers of 9 for evacuation
[2026-05-27T11:23:40.087+0530][21.343s][info][gc,phases   ] GC(514)   Pre Evacuate Collection Set: 0.11ms
[2026-05-27T11:23:40.087+0530][21.343s][info][gc,phases   ] GC(514)   Merge Heap Roots: 0.04ms
[2026-05-27T11:23:40.087+0530][21.343s][info][gc,phases   ] GC(514)   Evacuate Collection Set: 0.27ms
[2026-05-27T11:23:40.087+0530][21.343s][info][gc,phases   ] GC(514)   Post Evacuate Collection Set: 0.22ms
[2026-05-27T11:23:40.087+0530][21.343s][info][gc,phases   ] GC(514)   Other: 0.09ms
[2026-05-27T11:23:40.087+0530][21.343s][info][gc,heap     ] GC(514) Eden regions: 304->0(301)
[2026-05-27T11:23:40.087+0530][21.343s][info][gc,heap     ] GC(514) Survivor regions: 3->6(39)
[2026-05-27T11:23:40.087+0530][21.343s][info][gc,heap     ] GC(514) Old regions: 10->10
[2026-05-27T11:23:40.087+0530][21.343s][info][gc,heap     ] GC(514) Archive regions: 2->2
[2026-05-27T11:23:40.087+0530][21.343s][info][gc,heap     ] GC(514) Humongous regions: 0->0
[2026-05-27T11:23:40.087+0530][21.343s][info][gc,metaspace] GC(514) Metaspace: 1745K(2048K)->1745K(2048K) NonClass: 1568K(1728K)->1568K(1728K) Class: 177K(320K)->177K(320K)
[2026-05-27T11:23:40.087+0530][21.343s][info][gc          ] GC(514) Pause Young (Normal) (G1 Evacuation Pause) 316M->15M(512M) 0.816ms
[2026-05-27T11:23:40.087+0530][21.343s][info][gc,cpu      ] GC(514) User=0.00s Sys=0.00s Real=0.00s
[2026-05-27T11:23:40.130+0530][21.386s][info][gc,start    ] GC(515) Pause Young (Normal) (G1 Evacuation Pause)
[2026-05-27T11:23:40.130+0530][21.386s][info][gc,task     ] GC(515) Using 9 workers of 9 for evacuation
[2026-05-27T11:23:40.131+0530][21.387s][info][gc,phases   ] GC(515)   Pre Evacuate Collection Set: 0.07ms
[2026-05-27T11:23:40.131+0530][21.387s][info][gc,phases   ] GC(515)   Merge Heap Roots: 0.05ms
[2026-05-27T11:23:40.131+0530][21.387s][info][gc,phases   ] GC(515)   Evacuate Collection Set: 0.29ms
[2026-05-27T11:23:40.131+0530][21.387s][info][gc,phases   ] GC(515)   Post Evacuate Collection Set: 0.19ms
[2026-05-27T11:23:40.131+0530][21.387s][info][gc,phases   ] GC(515)   Other: 0.11ms
[2026-05-27T11:23:40.131+0530][21.387s][info][gc,heap     ] GC(515) Eden regions: 301->0(301)
[2026-05-27T11:23:40.131+0530][21.387s][info][gc,heap     ] GC(515) Survivor regions: 6->6(39)
[2026-05-27T11:23:40.131+0530][21.387s][info][gc,heap     ] GC(515) Old regions: 10->10
[2026-05-27T11:23:40.131+0530][21.387s][info][gc,heap     ] GC(515) Archive regions: 2->2
[2026-05-27T11:23:40.131+0530][21.387s][info][gc,heap     ] GC(515) Humongous regions: 0->0
[2026-05-27T11:23:40.131+0530][21.387s][info][gc,metaspace] GC(515) Metaspace: 1745K(2048K)->1745K(2048K) NonClass: 1568K(1728K)->1568K(1728K) Class: 177K(320K)->177K(320K)
[2026-05-27T11:23:40.131+0530][21.387s][info][gc          ] GC(515) Pause Young (Normal) (G1 Evacuation Pause) 316M->15M(512M) 0.767ms
[2026-05-27T11:23:40.131+0530][21.387s][info][gc,cpu      ] GC(515) User=0.01s Sys=0.00s Real=0.00s
[2026-05-27T11:23:40.169+0530][21.425s][info][gc,start    ] GC(516) Pause Young (Normal) (G1 Evacuation Pause)
[2026-05-27T11:23:40.169+0530][21.425s][info][gc,task     ] GC(516) Using 9 workers of 9 for evacuation
[2026-05-27T11:23:40.170+0530][21.426s][info][gc,phases   ] GC(516)   Pre Evacuate Collection Set: 0.11ms
[2026-05-27T11:23:40.170+0530][21.426s][info][gc,phases   ] GC(516)   Merge Heap Roots: 0.04ms
[2026-05-27T11:23:40.170+0530][21.426s][info][gc,phases   ] GC(516)   Evacuate Collection Set: 0.20ms
[2026-05-27T11:23:40.170+0530][21.426s][info][gc,phases   ] GC(516)   Post Evacuate Collection Set: 0.17ms
[2026-05-27T11:23:40.170+0530][21.426s][info][gc,phases   ] GC(516)   Other: 0.10ms
[2026-05-27T11:23:40.170+0530][21.426s][info][gc,heap     ] GC(516) Eden regions: 301->0(302)
[2026-05-27T11:23:40.170+0530][21.426s][info][gc,heap     ] GC(516) Survivor regions: 6->5(39)
[2026-05-27T11:23:40.170+0530][21.426s][info][gc,heap     ] GC(516) Old regions: 10->10
[2026-05-27T11:23:40.170+0530][21.426s][info][gc,heap     ] GC(516) Archive regions: 2->2
[2026-05-27T11:23:40.170+0530][21.426s][info][gc,heap     ] GC(516) Humongous regions: 0->0
[2026-05-27T11:23:40.170+0530][21.426s][info][gc,metaspace] GC(516) Metaspace: 1745K(2048K)->1745K(2048K) NonClass: 1568K(1728K)->1568K(1728K) Class: 177K(320K)->177K(320K)
[2026-05-27T11:23:40.170+0530][21.426s][info][gc          ] GC(516) Pause Young (Normal) (G1 Evacuation Pause) 316M->14M(512M) 0.688ms
[2026-05-27T11:23:40.170+0530][21.426s][info][gc,cpu      ] GC(516) User=0.00s Sys=0.00s Real=0.01s
[2026-05-27T11:23:40.210+0530][21.466s][info][gc,start    ] GC(517) Pause Young (Normal) (G1 Evacuation Pause)
[2026-05-27T11:23:40.210+0530][21.466s][info][gc,task     ] GC(517) Using 9 workers of 9 for evacuation
[2026-05-27T11:23:40.211+0530][21.467s][info][gc,phases   ] GC(517)   Pre Evacuate Collection Set: 0.12ms
[2026-05-27T11:23:40.211+0530][21.467s][info][gc,phases   ] GC(517)   Merge Heap Roots: 0.04ms
[2026-05-27T11:23:40.211+0530][21.467s][info][gc,phases   ] GC(517)   Evacuate Collection Set: 0.35ms
[2026-05-27T11:23:40.211+0530][21.467s][info][gc,phases   ] GC(517)   Post Evacuate Collection Set: 0.24ms
[2026-05-27T11:23:40.211+0530][21.467s][info][gc,phases   ] GC(517)   Other: 0.10ms
[2026-05-27T11:23:40.211+0530][21.467s][info][gc,heap     ] GC(517) Eden regions: 302->0(306)
[2026-05-27T11:23:40.211+0530][21.467s][info][gc,heap     ] GC(517) Survivor regions: 5->1(39)
[2026-05-27T11:23:40.211+0530][21.467s][info][gc,heap     ] GC(517) Old regions: 10->10
[2026-05-27T11:23:40.211+0530][21.467s][info][gc,heap     ] GC(517) Archive regions: 2->2
[2026-05-27T11:23:40.211+0530][21.467s][info][gc,heap     ] GC(517) Humongous regions: 0->0
[2026-05-27T11:23:40.211+0530][21.467s][info][gc,metaspace] GC(517) Metaspace: 1745K(2048K)->1745K(2048K) NonClass: 1568K(1728K)->1568K(1728K) Class: 177K(320K)->177K(320K)
[2026-05-27T11:23:40.211+0530][21.467s][info][gc          ] GC(517) Pause Young (Normal) (G1 Evacuation Pause) 316M->10M(512M) 0.896ms
[2026-05-27T11:23:40.211+0530][21.467s][info][gc,cpu      ] GC(517) User=0.00s Sys=0.00s Real=0.00s
[2026-05-27T11:23:40.249+0530][21.506s][info][gc,start    ] GC(518) Pause Young (Normal) (G1 Evacuation Pause)
[2026-05-27T11:23:40.249+0530][21.506s][info][gc,task     ] GC(518) Using 9 workers of 9 for evacuation
[2026-05-27T11:23:40.250+0530][21.506s][info][gc,phases   ] GC(518)   Pre Evacuate Collection Set: 0.12ms
[2026-05-27T11:23:40.250+0530][21.506s][info][gc,phases   ] GC(518)   Merge Heap Roots: 0.09ms
[2026-05-27T11:23:40.250+0530][21.506s][info][gc,phases   ] GC(518)   Evacuate Collection Set: 0.35ms
[2026-05-27T11:23:40.250+0530][21.506s][info][gc,phases   ] GC(518)   Post Evacuate Collection Set: 0.24ms
[2026-05-27T11:23:40.250+0530][21.506s][info][gc,phases   ] GC(518)   Other: 0.11ms
[2026-05-27T11:23:40.250+0530][21.506s][info][gc,heap     ] GC(518) Eden regions: 306->0(301)
[2026-05-27T11:23:40.250+0530][21.506s][info][gc,heap     ] GC(518) Survivor regions: 1->6(39)
[2026-05-27T11:23:40.250+0530][21.506s][info][gc,heap     ] GC(518) Old regions: 10->10
[2026-05-27T11:23:40.250+0530][21.506s][info][gc,heap     ] GC(518) Archive regions: 2->2
[2026-05-27T11:23:40.250+0530][21.506s][info][gc,heap     ] GC(518) Humongous regions: 0->0
[2026-05-27T11:23:40.250+0530][21.507s][info][gc,metaspace] GC(518) Metaspace: 1745K(2048K)->1745K(2048K) NonClass: 1568K(1728K)->1568K(1728K) Class: 177K(320K)->177K(320K)
[2026-05-27T11:23:40.250+0530][21.507s][info][gc          ] GC(518) Pause Young (Normal) (G1 Evacuation Pause) 316M->15M(512M) 0.971ms
[2026-05-27T11:23:40.250+0530][21.507s][info][gc,cpu      ] GC(518) User=0.00s Sys=0.00s Real=0.01s
[2026-05-27T11:23:40.287+0530][21.544s][info][gc,start    ] GC(519) Pause Young (Normal) (G1 Evacuation Pause)
[2026-05-27T11:23:40.288+0530][21.544s][info][gc,task     ] GC(519) Using 9 workers of 9 for evacuation
[2026-05-27T11:23:40.288+0530][21.544s][info][gc,phases   ] GC(519)   Pre Evacuate Collection Set: 0.10ms
[2026-05-27T11:23:40.288+0530][21.544s][info][gc,phases   ] GC(519)   Merge Heap Roots: 0.05ms
[2026-05-27T11:23:40.288+0530][21.544s][info][gc,phases   ] GC(519)   Evacuate Collection Set: 0.24ms
[2026-05-27T11:23:40.288+0530][21.544s][info][gc,phases   ] GC(519)   Post Evacuate Collection Set: 0.17ms
[2026-05-27T11:23:40.288+0530][21.544s][info][gc,phases   ] GC(519)   Other: 0.11ms
[2026-05-27T11:23:40.288+0530][21.544s][info][gc,heap     ] GC(519) Eden regions: 301->0(300)
[2026-05-27T11:23:40.288+0530][21.544s][info][gc,heap     ] GC(519) Survivor regions: 6->7(39)
[2026-05-27T11:23:40.288+0530][21.544s][info][gc,heap     ] GC(519) Old regions: 10->10
[2026-05-27T11:23:40.288+0530][21.544s][info][gc,heap     ] GC(519) Archive regions: 2->2
[2026-05-27T11:23:40.288+0530][21.544s][info][gc,heap     ] GC(519) Humongous regions: 0->0
[2026-05-27T11:23:40.288+0530][21.544s][info][gc,metaspace] GC(519) Metaspace: 1745K(2048K)->1745K(2048K) NonClass: 1568K(1728K)->1568K(1728K) Class: 177K(320K)->177K(320K)
[2026-05-27T11:23:40.288+0530][21.544s][info][gc          ] GC(519) Pause Young (Normal) (G1 Evacuation Pause) 316M->16M(512M) 0.741ms
[2026-05-27T11:23:40.288+0530][21.544s][info][gc,cpu      ] GC(519) User=0.00s Sys=0.01s Real=0.00s
[2026-05-27T11:23:40.329+0530][21.585s][info][gc,start    ] GC(520) Pause Young (Normal) (G1 Evacuation Pause)
[2026-05-27T11:23:40.329+0530][21.585s][info][gc,task     ] GC(520) Using 9 workers of 9 for evacuation
[2026-05-27T11:23:40.330+0530][21.586s][info][gc,phases   ] GC(520)   Pre Evacuate Collection Set: 0.07ms
[2026-05-27T11:23:40.330+0530][21.586s][info][gc,phases   ] GC(520)   Merge Heap Roots: 0.03ms
[2026-05-27T11:23:40.330+0530][21.586s][info][gc,phases   ] GC(520)   Evacuate Collection Set: 0.28ms
[2026-05-27T11:23:40.330+0530][21.586s][info][gc,phases   ] GC(520)   Post Evacuate Collection Set: 0.17ms
[2026-05-27T11:23:40.330+0530][21.586s][info][gc,phases   ] GC(520)   Other: 0.11ms
[2026-05-27T11:23:40.330+0530][21.586s][info][gc,heap     ] GC(520) Eden regions: 300->0(301)
[2026-05-27T11:23:40.330+0530][21.586s][info][gc,heap     ] GC(520) Survivor regions: 7->6(39)
[2026-05-27T11:23:40.330+0530][21.586s][info][gc,heap     ] GC(520) Old regions: 10->10
[2026-05-27T11:23:40.330+0530][21.586s][info][gc,heap     ] GC(520) Archive regions: 2->2
[2026-05-27T11:23:40.330+0530][21.586s][info][gc,heap     ] GC(520) Humongous regions: 0->0
[2026-05-27T11:23:40.330+0530][21.586s][info][gc,metaspace] GC(520) Metaspace: 1745K(2048K)->1745K(2048K) NonClass: 1568K(1728K)->1568K(1728K) Class: 177K(320K)->177K(320K)
[2026-05-27T11:23:40.330+0530][21.586s][info][gc          ] GC(520) Pause Young (Normal) (G1 Evacuation Pause) 316M->15M(512M) 0.718ms
[2026-05-27T11:23:40.330+0530][21.586s][info][gc,cpu      ] GC(520) User=0.01s Sys=0.00s Real=0.01s
[2026-05-27T11:23:40.369+0530][21.625s][info][gc,start    ] GC(521) Pause Young (Normal) (G1 Evacuation Pause)
[2026-05-27T11:23:40.369+0530][21.625s][info][gc,task     ] GC(521) Using 9 workers of 9 for evacuation
[2026-05-27T11:23:40.369+0530][21.625s][info][gc,phases   ] GC(521)   Pre Evacuate Collection Set: 0.07ms
[2026-05-27T11:23:40.369+0530][21.625s][info][gc,phases   ] GC(521)   Merge Heap Roots: 0.05ms
[2026-05-27T11:23:40.369+0530][21.625s][info][gc,phases   ] GC(521)   Evacuate Collection Set: 0.26ms
[2026-05-27T11:23:40.369+0530][21.625s][info][gc,phases   ] GC(521)   Post Evacuate Collection Set: 0.21ms
[2026-05-27T11:23:40.369+0530][21.625s][info][gc,phases   ] GC(521)   Other: 0.10ms
[2026-05-27T11:23:40.369+0530][21.625s][info][gc,heap     ] GC(521) Eden regions: 301->0(304)
[2026-05-27T11:23:40.369+0530][21.625s][info][gc,heap     ] GC(521) Survivor regions: 6->3(39)
[2026-05-27T11:23:40.369+0530][21.625s][info][gc,heap     ] GC(521) Old regions: 10->10
[2026-05-27T11:23:40.369+0530][21.625s][info][gc,heap     ] GC(521) Archive regions: 2->2
[2026-05-27T11:23:40.369+0530][21.625s][info][gc,heap     ] GC(521) Humongous regions: 0->0
[2026-05-27T11:23:40.369+0530][21.625s][info][gc,metaspace] GC(521) Metaspace: 1745K(2048K)->1745K(2048K) NonClass: 1568K(1728K)->1568K(1728K) Class: 177K(320K)->177K(320K)
[2026-05-27T11:23:40.369+0530][21.626s][info][gc          ] GC(521) Pause Young (Normal) (G1 Evacuation Pause) 316M->12M(512M) 0.765ms
[2026-05-27T11:23:40.369+0530][21.626s][info][gc,cpu      ] GC(521) User=0.00s Sys=0.00s Real=0.00s
[2026-05-27T11:23:40.410+0530][21.666s][info][gc,start    ] GC(522) Pause Young (Normal) (G1 Evacuation Pause)
[2026-05-27T11:23:40.410+0530][21.666s][info][gc,task     ] GC(522) Using 9 workers of 9 for evacuation
[2026-05-27T11:23:40.410+0530][21.667s][info][gc,phases   ] GC(522)   Pre Evacuate Collection Set: 0.12ms
[2026-05-27T11:23:40.410+0530][21.667s][info][gc,phases   ] GC(522)   Merge Heap Roots: 0.04ms
[2026-05-27T11:23:40.410+0530][21.667s][info][gc,phases   ] GC(522)   Evacuate Collection Set: 0.24ms
[2026-05-27T11:23:40.410+0530][21.667s][info][gc,phases   ] GC(522)   Post Evacuate Collection Set: 0.22ms
[2026-05-27T11:23:40.410+0530][21.667s][info][gc,phases   ] GC(522)   Other: 0.12ms
[2026-05-27T11:23:40.410+0530][21.667s][info][gc,heap     ] GC(522) Eden regions: 304->0(306)
[2026-05-27T11:23:40.410+0530][21.667s][info][gc,heap     ] GC(522) Survivor regions: 3->1(39)
[2026-05-27T11:23:40.410+0530][21.667s][info][gc,heap     ] GC(522) Old regions: 10->10
[2026-05-27T11:23:40.410+0530][21.667s][info][gc,heap     ] GC(522) Archive regions: 2->2
[2026-05-27T11:23:40.410+0530][21.667s][info][gc,heap     ] GC(522) Humongous regions: 9->0
[2026-05-27T11:23:40.410+0530][21.667s][info][gc,metaspace] GC(522) Metaspace: 1745K(2048K)->1745K(2048K) NonClass: 1568K(1728K)->1568K(1728K) Class: 177K(320K)->177K(320K)
[2026-05-27T11:23:40.410+0530][21.667s][info][gc          ] GC(522) Pause Young (Normal) (G1 Evacuation Pause) 325M->10M(512M) 0.786ms
[2026-05-27T11:23:40.410+0530][21.667s][info][gc,cpu      ] GC(522) User=0.00s Sys=0.00s Real=0.00s
[2026-05-27T11:23:40.449+0530][21.705s][info][gc,start    ] GC(523) Pause Young (Normal) (G1 Evacuation Pause)
[2026-05-27T11:23:40.449+0530][21.705s][info][gc,task     ] GC(523) Using 9 workers of 9 for evacuation
[2026-05-27T11:23:40.450+0530][21.706s][info][gc,phases   ] GC(523)   Pre Evacuate Collection Set: 0.14ms
[2026-05-27T11:23:40.450+0530][21.706s][info][gc,phases   ] GC(523)   Merge Heap Roots: 0.11ms
[2026-05-27T11:23:40.450+0530][21.706s][info][gc,phases   ] GC(523)   Evacuate Collection Set: 0.26ms
[2026-05-27T11:23:40.450+0530][21.706s][info][gc,phases   ] GC(523)   Post Evacuate Collection Set: 0.23ms
[2026-05-27T11:23:40.450+0530][21.706s][info][gc,phases   ] GC(523)   Other: 0.10ms
[2026-05-27T11:23:40.450+0530][21.706s][info][gc,heap     ] GC(523) Eden regions: 306->0(303)
[2026-05-27T11:23:40.450+0530][21.706s][info][gc,heap     ] GC(523) Survivor regions: 1->4(39)
[2026-05-27T11:23:40.450+0530][21.706s][info][gc,heap     ] GC(523) Old regions: 10->10
[2026-05-27T11:23:40.450+0530][21.706s][info][gc,heap     ] GC(523) Archive regions: 2->2
[2026-05-27T11:23:40.450+0530][21.706s][info][gc,heap     ] GC(523) Humongous regions: 0->0
[2026-05-27T11:23:40.450+0530][21.706s][info][gc,metaspace] GC(523) Metaspace: 1745K(2048K)->1745K(2048K) NonClass: 1568K(1728K)->1568K(1728K) Class: 177K(320K)->177K(320K)
[2026-05-27T11:23:40.450+0530][21.706s][info][gc          ] GC(523) Pause Young (Normal) (G1 Evacuation Pause) 316M->13M(512M) 0.895ms
[2026-05-27T11:23:40.450+0530][21.706s][info][gc,cpu      ] GC(523) User=0.01s Sys=0.00s Real=0.01s
[2026-05-27T11:23:40.489+0530][21.745s][info][gc,start    ] GC(524) Pause Young (Normal) (G1 Evacuation Pause)
[2026-05-27T11:23:40.489+0530][21.745s][info][gc,task     ] GC(524) Using 9 workers of 9 for evacuation
[2026-05-27T11:23:40.490+0530][21.746s][info][gc,phases   ] GC(524)   Pre Evacuate Collection Set: 0.09ms
[2026-05-27T11:23:40.490+0530][21.746s][info][gc,phases   ] GC(524)   Merge Heap Roots: 0.09ms
[2026-05-27T11:23:40.490+0530][21.746s][info][gc,phases   ] GC(524)   Evacuate Collection Set: 0.21ms
[2026-05-27T11:23:40.490+0530][21.746s][info][gc,phases   ] GC(524)   Post Evacuate Collection Set: 0.16ms
[2026-05-27T11:23:40.490+0530][21.746s][info][gc,phases   ] GC(524)   Other: 0.11ms
[2026-05-27T11:23:40.490+0530][21.746s][info][gc,heap     ] GC(524) Eden regions: 303->0(306)
[2026-05-27T11:23:40.490+0530][21.746s][info][gc,heap     ] GC(524) Survivor regions: 4->1(39)
[2026-05-27T11:23:40.490+0530][21.746s][info][gc,heap     ] GC(524) Old regions: 10->10
[2026-05-27T11:23:40.490+0530][21.746s][info][gc,heap     ] GC(524) Archive regions: 2->2
[2026-05-27T11:23:40.490+0530][21.746s][info][gc,heap     ] GC(524) Humongous regions: 0->0
[2026-05-27T11:23:40.490+0530][21.746s][info][gc,metaspace] GC(524) Metaspace: 1745K(2048K)->1745K(2048K) NonClass: 1568K(1728K)->1568K(1728K) Class: 177K(320K)->177K(320K)
[2026-05-27T11:23:40.490+0530][21.746s][info][gc          ] GC(524) Pause Young (Normal) (G1 Evacuation Pause) 316M->10M(512M) 0.718ms
[2026-05-27T11:23:40.490+0530][21.746s][info][gc,cpu      ] GC(524) User=0.00s Sys=0.00s Real=0.01s
[2026-05-27T11:23:40.530+0530][21.786s][info][gc,start    ] GC(525) Pause Young (Normal) (G1 Evacuation Pause)
[2026-05-27T11:23:40.530+0530][21.786s][info][gc,task     ] GC(525) Using 9 workers of 9 for evacuation
[2026-05-27T11:23:40.531+0530][21.787s][info][gc,phases   ] GC(525)   Pre Evacuate Collection Set: 0.08ms
[2026-05-27T11:23:40.531+0530][21.787s][info][gc,phases   ] GC(525)   Merge Heap Roots: 0.05ms
[2026-05-27T11:23:40.531+0530][21.787s][info][gc,phases   ] GC(525)   Evacuate Collection Set: 0.24ms
[2026-05-27T11:23:40.531+0530][21.787s][info][gc,phases   ] GC(525)   Post Evacuate Collection Set: 0.22ms
[2026-05-27T11:23:40.531+0530][21.787s][info][gc,phases   ] GC(525)   Other: 0.10ms
[2026-05-27T11:23:40.531+0530][21.787s][info][gc,heap     ] GC(525) Eden regions: 306->0(302)
[2026-05-27T11:23:40.531+0530][21.787s][info][gc,heap     ] GC(525) Survivor regions: 1->5(39)
[2026-05-27T11:23:40.531+0530][21.787s][info][gc,heap     ] GC(525) Old regions: 10->10
[2026-05-27T11:23:40.531+0530][21.787s][info][gc,heap     ] GC(525) Archive regions: 2->2
[2026-05-27T11:23:40.531+0530][21.787s][info][gc,heap     ] GC(525) Humongous regions: 0->0
[2026-05-27T11:23:40.531+0530][21.787s][info][gc,metaspace] GC(525) Metaspace: 1745K(2048K)->1745K(2048K) NonClass: 1568K(1728K)->1568K(1728K) Class: 177K(320K)->177K(320K)
[2026-05-27T11:23:40.531+0530][21.787s][info][gc          ] GC(525) Pause Young (Normal) (G1 Evacuation Pause) 316M->14M(512M) 0.776ms
[2026-05-27T11:23:40.531+0530][21.787s][info][gc,cpu      ] GC(525) User=0.00s Sys=0.00s Real=0.00s
[2026-05-27T11:23:40.570+0530][21.826s][info][gc,start    ] GC(526) Pause Young (Normal) (G1 Evacuation Pause)
[2026-05-27T11:23:40.570+0530][21.827s][info][gc,task     ] GC(526) Using 9 workers of 9 for evacuation
[2026-05-27T11:23:40.571+0530][21.827s][info][gc,phases   ] GC(526)   Pre Evacuate Collection Set: 0.10ms
[2026-05-27T11:23:40.571+0530][21.827s][info][gc,phases   ] GC(526)   Merge Heap Roots: 0.05ms
[2026-05-27T11:23:40.571+0530][21.827s][info][gc,phases   ] GC(526)   Evacuate Collection Set: 0.28ms
[2026-05-27T11:23:40.571+0530][21.827s][info][gc,phases   ] GC(526)   Post Evacuate Collection Set: 0.15ms
[2026-05-27T11:23:40.571+0530][21.827s][info][gc,phases   ] GC(526)   Other: 0.11ms
[2026-05-27T11:23:40.571+0530][21.827s][info][gc,heap     ] GC(526) Eden regions: 302->0(303)
[2026-05-27T11:23:40.571+0530][21.827s][info][gc,heap     ] GC(526) Survivor regions: 5->4(39)
[2026-05-27T11:23:40.571+0530][21.827s][info][gc,heap     ] GC(526) Old regions: 10->10
[2026-05-27T11:23:40.571+0530][21.827s][info][gc,heap     ] GC(526) Archive regions: 2->2
[2026-05-27T11:23:40.571+0530][21.827s][info][gc,heap     ] GC(526) Humongous regions: 0->0
[2026-05-27T11:23:40.571+0530][21.827s][info][gc,metaspace] GC(526) Metaspace: 1745K(2048K)->1745K(2048K) NonClass: 1568K(1728K)->1568K(1728K) Class: 177K(320K)->177K(320K)
[2026-05-27T11:23:40.571+0530][21.827s][info][gc          ] GC(526) Pause Young (Normal) (G1 Evacuation Pause) 316M->13M(512M) 0.762ms
[2026-05-27T11:23:40.571+0530][21.827s][info][gc,cpu      ] GC(526) User=0.00s Sys=0.00s Real=0.00s
[2026-05-27T11:23:40.611+0530][21.867s][info][gc,start    ] GC(527) Pause Young (Normal) (G1 Evacuation Pause)
[2026-05-27T11:23:40.611+0530][21.867s][info][gc,task     ] GC(527) Using 9 workers of 9 for evacuation
[2026-05-27T11:23:40.612+0530][21.868s][info][gc,phases   ] GC(527)   Pre Evacuate Collection Set: 0.09ms
[2026-05-27T11:23:40.612+0530][21.868s][info][gc,phases   ] GC(527)   Merge Heap Roots: 0.05ms
[2026-05-27T11:23:40.612+0530][21.868s][info][gc,phases   ] GC(527)   Evacuate Collection Set: 0.24ms
[2026-05-27T11:23:40.612+0530][21.868s][info][gc,phases   ] GC(527)   Post Evacuate Collection Set: 0.21ms
[2026-05-27T11:23:40.612+0530][21.868s][info][gc,phases   ] GC(527)   Other: 0.11ms
[2026-05-27T11:23:40.612+0530][21.868s][info][gc,heap     ] GC(527) Eden regions: 303->0(306)
[2026-05-27T11:23:40.612+0530][21.868s][info][gc,heap     ] GC(527) Survivor regions: 4->1(39)
[2026-05-27T11:23:40.612+0530][21.868s][info][gc,heap     ] GC(527) Old regions: 10->10
[2026-05-27T11:23:40.612+0530][21.868s][info][gc,heap     ] GC(527) Archive regions: 2->2
[2026-05-27T11:23:40.612+0530][21.868s][info][gc,heap     ] GC(527) Humongous regions: 0->0
[2026-05-27T11:23:40.612+0530][21.868s][info][gc,metaspace] GC(527) Metaspace: 1745K(2048K)->1745K(2048K) NonClass: 1568K(1728K)->1568K(1728K) Class: 177K(320K)->177K(320K)
[2026-05-27T11:23:40.612+0530][21.868s][info][gc          ] GC(527) Pause Young (Normal) (G1 Evacuation Pause) 316M->10M(512M) 0.798ms
[2026-05-27T11:23:40.612+0530][21.868s][info][gc,cpu      ] GC(527) User=0.00s Sys=0.00s Real=0.00s
[2026-05-27T11:23:40.653+0530][21.909s][info][gc,start    ] GC(528) Pause Young (Normal) (G1 Evacuation Pause)
[2026-05-27T11:23:40.653+0530][21.909s][info][gc,task     ] GC(528) Using 9 workers of 9 for evacuation
[2026-05-27T11:23:40.654+0530][21.910s][info][gc,phases   ] GC(528)   Pre Evacuate Collection Set: 0.10ms
[2026-05-27T11:23:40.654+0530][21.910s][info][gc,phases   ] GC(528)   Merge Heap Roots: 0.05ms
[2026-05-27T11:23:40.654+0530][21.910s][info][gc,phases   ] GC(528)   Evacuate Collection Set: 0.26ms
[2026-05-27T11:23:40.654+0530][21.910s][info][gc,phases   ] GC(528)   Post Evacuate Collection Set: 0.21ms
[2026-05-27T11:23:40.654+0530][21.910s][info][gc,phases   ] GC(528)   Other: 0.12ms
[2026-05-27T11:23:40.654+0530][21.910s][info][gc,heap     ] GC(528) Eden regions: 306->0(305)
[2026-05-27T11:23:40.654+0530][21.910s][info][gc,heap     ] GC(528) Survivor regions: 1->2(39)
[2026-05-27T11:23:40.654+0530][21.910s][info][gc,heap     ] GC(528) Old regions: 10->10
[2026-05-27T11:23:40.654+0530][21.910s][info][gc,heap     ] GC(528) Archive regions: 2->2
[2026-05-27T11:23:40.654+0530][21.910s][info][gc,heap     ] GC(528) Humongous regions: 0->0
[2026-05-27T11:23:40.654+0530][21.910s][info][gc,metaspace] GC(528) Metaspace: 1745K(2048K)->1745K(2048K) NonClass: 1568K(1728K)->1568K(1728K) Class: 177K(320K)->177K(320K)
[2026-05-27T11:23:40.654+0530][21.910s][info][gc          ] GC(528) Pause Young (Normal) (G1 Evacuation Pause) 316M->11M(512M) 0.825ms
[2026-05-27T11:23:40.654+0530][21.910s][info][gc,cpu      ] GC(528) User=0.00s Sys=0.00s Real=0.00s
[2026-05-27T11:23:40.694+0530][21.950s][info][gc,start    ] GC(529) Pause Young (Normal) (G1 Evacuation Pause)
[2026-05-27T11:23:40.694+0530][21.950s][info][gc,task     ] GC(529) Using 9 workers of 9 for evacuation
[2026-05-27T11:23:40.695+0530][21.951s][info][gc,phases   ] GC(529)   Pre Evacuate Collection Set: 0.10ms
[2026-05-27T11:23:40.695+0530][21.951s][info][gc,phases   ] GC(529)   Merge Heap Roots: 0.05ms
[2026-05-27T11:23:40.695+0530][21.951s][info][gc,phases   ] GC(529)   Evacuate Collection Set: 0.22ms
[2026-05-27T11:23:40.695+0530][21.951s][info][gc,phases   ] GC(529)   Post Evacuate Collection Set: 0.21ms
[2026-05-27T11:23:40.695+0530][21.951s][info][gc,phases   ] GC(529)   Other: 0.11ms
[2026-05-27T11:23:40.695+0530][21.951s][info][gc,heap     ] GC(529) Eden regions: 305->0(302)
[2026-05-27T11:23:40.695+0530][21.951s][info][gc,heap     ] GC(529) Survivor regions: 2->5(39)
[2026-05-27T11:23:40.695+0530][21.951s][info][gc,heap     ] GC(529) Old regions: 10->10
[2026-05-27T11:23:40.695+0530][21.951s][info][gc,heap     ] GC(529) Archive regions: 2->2
[2026-05-27T11:23:40.695+0530][21.951s][info][gc,heap     ] GC(529) Humongous regions: 0->0
[2026-05-27T11:23:40.695+0530][21.951s][info][gc,metaspace] GC(529) Metaspace: 1745K(2048K)->1745K(2048K) NonClass: 1568K(1728K)->1568K(1728K) Class: 177K(320K)->177K(320K)
[2026-05-27T11:23:40.695+0530][21.951s][info][gc          ] GC(529) Pause Young (Normal) (G1 Evacuation Pause) 316M->14M(512M) 0.758ms
[2026-05-27T11:23:40.695+0530][21.951s][info][gc,cpu      ] GC(529) User=0.00s Sys=0.00s Real=0.00s
[2026-05-27T11:23:40.735+0530][21.991s][info][gc,start    ] GC(530) Pause Young (Normal) (G1 Evacuation Pause)
[2026-05-27T11:23:40.735+0530][21.991s][info][gc,task     ] GC(530) Using 9 workers of 9 for evacuation
[2026-05-27T11:23:40.735+0530][21.991s][info][gc,phases   ] GC(530)   Pre Evacuate Collection Set: 0.05ms
[2026-05-27T11:23:40.735+0530][21.991s][info][gc,phases   ] GC(530)   Merge Heap Roots: 0.04ms
[2026-05-27T11:23:40.735+0530][21.991s][info][gc,phases   ] GC(530)   Evacuate Collection Set: 0.31ms
[2026-05-27T11:23:40.735+0530][21.991s][info][gc,phases   ] GC(530)   Post Evacuate Collection Set: 0.16ms
[2026-05-27T11:23:40.735+0530][21.991s][info][gc,phases   ] GC(530)   Other: 0.09ms
[2026-05-27T11:23:40.735+0530][21.991s][info][gc,heap     ] GC(530) Eden regions: 302->0(300)
[2026-05-27T11:23:40.735+0530][21.991s][info][gc,heap     ] GC(530) Survivor regions: 5->7(39)
[2026-05-27T11:23:40.735+0530][21.991s][info][gc,heap     ] GC(530) Old regions: 10->10
[2026-05-27T11:23:40.735+0530][21.991s][info][gc,heap     ] GC(530) Archive regions: 2->2
[2026-05-27T11:23:40.735+0530][21.991s][info][gc,heap     ] GC(530) Humongous regions: 0->0
[2026-05-27T11:23:40.735+0530][21.991s][info][gc,metaspace] GC(530) Metaspace: 1745K(2048K)->1745K(2048K) NonClass: 1568K(1728K)->1568K(1728K) Class: 177K(320K)->177K(320K)
[2026-05-27T11:23:40.735+0530][21.991s][info][gc          ] GC(530) Pause Young (Normal) (G1 Evacuation Pause) 316M->16M(512M) 0.742ms
[2026-05-27T11:23:40.735+0530][21.991s][info][gc,cpu      ] GC(530) User=0.01s Sys=0.00s Real=0.00s
[2026-05-27T11:23:40.773+0530][22.030s][info][gc,start    ] GC(531) Pause Young (Normal) (G1 Evacuation Pause)
[2026-05-27T11:23:40.773+0530][22.030s][info][gc,task     ] GC(531) Using 9 workers of 9 for evacuation
[2026-05-27T11:23:40.774+0530][22.030s][info][gc,phases   ] GC(531)   Pre Evacuate Collection Set: 0.07ms
[2026-05-27T11:23:40.774+0530][22.030s][info][gc,phases   ] GC(531)   Merge Heap Roots: 0.04ms
[2026-05-27T11:23:40.774+0530][22.030s][info][gc,phases   ] GC(531)   Evacuate Collection Set: 0.25ms
[2026-05-27T11:23:40.774+0530][22.030s][info][gc,phases   ] GC(531)   Post Evacuate Collection Set: 0.17ms
[2026-05-27T11:23:40.774+0530][22.030s][info][gc,phases   ] GC(531)   Other: 0.10ms
[2026-05-27T11:23:40.774+0530][22.030s][info][gc,heap     ] GC(531) Eden regions: 300->0(303)
[2026-05-27T11:23:40.774+0530][22.030s][info][gc,heap     ] GC(531) Survivor regions: 7->4(39)
[2026-05-27T11:23:40.774+0530][22.030s][info][gc,heap     ] GC(531) Old regions: 10->10
[2026-05-27T11:23:40.774+0530][22.030s][info][gc,heap     ] GC(531) Archive regions: 2->2
[2026-05-27T11:23:40.774+0530][22.030s][info][gc,heap     ] GC(531) Humongous regions: 0->0
[2026-05-27T11:23:40.774+0530][22.030s][info][gc,metaspace] GC(531) Metaspace: 1745K(2048K)->1745K(2048K) NonClass: 1568K(1728K)->1568K(1728K) Class: 177K(320K)->177K(320K)
[2026-05-27T11:23:40.774+0530][22.030s][info][gc          ] GC(531) Pause Young (Normal) (G1 Evacuation Pause) 316M->14M(512M) 0.702ms
[2026-05-27T11:23:40.774+0530][22.030s][info][gc,cpu      ] GC(531) User=0.00s Sys=0.00s Real=0.00s
[2026-05-27T11:23:40.813+0530][22.069s][info][gc,start    ] GC(532) Pause Young (Normal) (G1 Evacuation Pause)
[2026-05-27T11:23:40.813+0530][22.069s][info][gc,task     ] GC(532) Using 9 workers of 9 for evacuation
[2026-05-27T11:23:40.814+0530][22.070s][info][gc,phases   ] GC(532)   Pre Evacuate Collection Set: 0.10ms
[2026-05-27T11:23:40.814+0530][22.070s][info][gc,phases   ] GC(532)   Merge Heap Roots: 0.04ms
[2026-05-27T11:23:40.814+0530][22.070s][info][gc,phases   ] GC(532)   Evacuate Collection Set: 0.21ms
[2026-05-27T11:23:40.814+0530][22.070s][info][gc,phases   ] GC(532)   Post Evacuate Collection Set: 0.18ms
[2026-05-27T11:23:40.814+0530][22.070s][info][gc,phases   ] GC(532)   Other: 0.09ms
[2026-05-27T11:23:40.814+0530][22.070s][info][gc,heap     ] GC(532) Eden regions: 303->0(306)
[2026-05-27T11:23:40.814+0530][22.070s][info][gc,heap     ] GC(532) Survivor regions: 4->1(39)
[2026-05-27T11:23:40.814+0530][22.070s][info][gc,heap     ] GC(532) Old regions: 10->10
[2026-05-27T11:23:40.814+0530][22.070s][info][gc,heap     ] GC(532) Archive regions: 2->2
[2026-05-27T11:23:40.814+0530][22.070s][info][gc,heap     ] GC(532) Humongous regions: 0->0
[2026-05-27T11:23:40.814+0530][22.070s][info][gc,metaspace] GC(532) Metaspace: 1745K(2048K)->1745K(2048K) NonClass: 1568K(1728K)->1568K(1728K) Class: 177K(320K)->177K(320K)
[2026-05-27T11:23:40.814+0530][22.070s][info][gc          ] GC(532) Pause Young (Normal) (G1 Evacuation Pause) 317M->10M(512M) 0.676ms
[2026-05-27T11:23:40.814+0530][22.070s][info][gc,cpu      ] GC(532) User=0.01s Sys=0.00s Real=0.00s
[2026-05-27T11:23:40.854+0530][22.110s][info][gc,start    ] GC(533) Pause Young (Normal) (G1 Evacuation Pause)
[2026-05-27T11:23:40.854+0530][22.110s][info][gc,task     ] GC(533) Using 9 workers of 9 for evacuation
[2026-05-27T11:23:40.855+0530][22.111s][info][gc,phases   ] GC(533)   Pre Evacuate Collection Set: 0.10ms
[2026-05-27T11:23:40.855+0530][22.111s][info][gc,phases   ] GC(533)   Merge Heap Roots: 0.05ms
[2026-05-27T11:23:40.855+0530][22.111s][info][gc,phases   ] GC(533)   Evacuate Collection Set: 0.27ms
[2026-05-27T11:23:40.855+0530][22.111s][info][gc,phases   ] GC(533)   Post Evacuate Collection Set: 0.16ms
[2026-05-27T11:23:40.855+0530][22.111s][info][gc,phases   ] GC(533)   Other: 0.09ms
[2026-05-27T11:23:40.855+0530][22.111s][info][gc,heap     ] GC(533) Eden regions: 306->0(304)
[2026-05-27T11:23:40.855+0530][22.111s][info][gc,heap     ] GC(533) Survivor regions: 1->3(39)
[2026-05-27T11:23:40.855+0530][22.111s][info][gc,heap     ] GC(533) Old regions: 10->10
[2026-05-27T11:23:40.855+0530][22.111s][info][gc,heap     ] GC(533) Archive regions: 2->2
[2026-05-27T11:23:40.855+0530][22.111s][info][gc,heap     ] GC(533) Humongous regions: 0->0
[2026-05-27T11:23:40.855+0530][22.111s][info][gc,metaspace] GC(533) Metaspace: 1745K(2048K)->1745K(2048K) NonClass: 1568K(1728K)->1568K(1728K) Class: 177K(320K)->177K(320K)
[2026-05-27T11:23:40.855+0530][22.111s][info][gc          ] GC(533) Pause Young (Normal) (G1 Evacuation Pause) 316M->12M(512M) 0.758ms
[2026-05-27T11:23:40.855+0530][22.111s][info][gc,cpu      ] GC(533) User=0.01s Sys=0.00s Real=0.00s
[2026-05-27T11:23:40.894+0530][22.151s][info][gc,start    ] GC(534) Pause Young (Normal) (G1 Evacuation Pause)
[2026-05-27T11:23:40.894+0530][22.151s][info][gc,task     ] GC(534) Using 9 workers of 9 for evacuation
[2026-05-27T11:23:40.895+0530][22.151s][info][gc,phases   ] GC(534)   Pre Evacuate Collection Set: 0.08ms
[2026-05-27T11:23:40.895+0530][22.151s][info][gc,phases   ] GC(534)   Merge Heap Roots: 0.05ms
[2026-05-27T11:23:40.895+0530][22.151s][info][gc,phases   ] GC(534)   Evacuate Collection Set: 0.33ms
[2026-05-27T11:23:40.895+0530][22.151s][info][gc,phases   ] GC(534)   Post Evacuate Collection Set: 0.23ms
[2026-05-27T11:23:40.895+0530][22.151s][info][gc,phases   ] GC(534)   Other: 0.09ms
[2026-05-27T11:23:40.895+0530][22.151s][info][gc,heap     ] GC(534) Eden regions: 304->0(303)
[2026-05-27T11:23:40.895+0530][22.151s][info][gc,heap     ] GC(534) Survivor regions: 3->4(39)
[2026-05-27T11:23:40.895+0530][22.151s][info][gc,heap     ] GC(534) Old regions: 10->10
[2026-05-27T11:23:40.895+0530][22.151s][info][gc,heap     ] GC(534) Archive regions: 2->2
[2026-05-27T11:23:40.895+0530][22.151s][info][gc,heap     ] GC(534) Humongous regions: 0->0
[2026-05-27T11:23:40.895+0530][22.151s][info][gc,metaspace] GC(534) Metaspace: 1745K(2048K)->1745K(2048K) NonClass: 1568K(1728K)->1568K(1728K) Class: 177K(320K)->177K(320K)
[2026-05-27T11:23:40.895+0530][22.151s][info][gc          ] GC(534) Pause Young (Normal) (G1 Evacuation Pause) 316M->13M(512M) 0.866ms
[2026-05-27T11:23:40.895+0530][22.151s][info][gc,cpu      ] GC(534) User=0.00s Sys=0.00s Real=0.00s
[2026-05-27T11:23:40.933+0530][22.189s][info][gc,start    ] GC(535) Pause Young (Normal) (G1 Evacuation Pause)
[2026-05-27T11:23:40.933+0530][22.189s][info][gc,task     ] GC(535) Using 9 workers of 9 for evacuation
[2026-05-27T11:23:40.933+0530][22.190s][info][gc,phases   ] GC(535)   Pre Evacuate Collection Set: 0.08ms
[2026-05-27T11:23:40.934+0530][22.190s][info][gc,phases   ] GC(535)   Merge Heap Roots: 0.05ms
[2026-05-27T11:23:40.934+0530][22.190s][info][gc,phases   ] GC(535)   Evacuate Collection Set: 0.26ms
[2026-05-27T11:23:40.934+0530][22.190s][info][gc,phases   ] GC(535)   Post Evacuate Collection Set: 0.18ms
[2026-05-27T11:23:40.934+0530][22.190s][info][gc,phases   ] GC(535)   Other: 0.09ms
[2026-05-27T11:23:40.934+0530][22.190s][info][gc,heap     ] GC(535) Eden regions: 303->0(300)
[2026-05-27T11:23:40.934+0530][22.190s][info][gc,heap     ] GC(535) Survivor regions: 4->7(39)
[2026-05-27T11:23:40.934+0530][22.190s][info][gc,heap     ] GC(535) Old regions: 10->10
[2026-05-27T11:23:40.934+0530][22.190s][info][gc,heap     ] GC(535) Archive regions: 2->2
[2026-05-27T11:23:40.934+0530][22.190s][info][gc,heap     ] GC(535) Humongous regions: 0->0
[2026-05-27T11:23:40.934+0530][22.190s][info][gc,metaspace] GC(535) Metaspace: 1745K(2048K)->1745K(2048K) NonClass: 1568K(1728K)->1568K(1728K) Class: 177K(320K)->177K(320K)
[2026-05-27T11:23:40.934+0530][22.190s][info][gc          ] GC(535) Pause Young (Normal) (G1 Evacuation Pause) 316M->16M(512M) 0.730ms
[2026-05-27T11:23:40.934+0530][22.190s][info][gc,cpu      ] GC(535) User=0.01s Sys=0.01s Real=0.00s
[2026-05-27T11:23:40.971+0530][22.227s][info][gc,start    ] GC(536) Pause Young (Normal) (G1 Evacuation Pause)
[2026-05-27T11:23:40.971+0530][22.227s][info][gc,task     ] GC(536) Using 9 workers of 9 for evacuation
[2026-05-27T11:23:40.972+0530][22.228s][info][gc,phases   ] GC(536)   Pre Evacuate Collection Set: 0.08ms
[2026-05-27T11:23:40.972+0530][22.228s][info][gc,phases   ] GC(536)   Merge Heap Roots: 0.05ms
[2026-05-27T11:23:40.972+0530][22.228s][info][gc,phases   ] GC(536)   Evacuate Collection Set: 0.25ms
[2026-05-27T11:23:40.972+0530][22.228s][info][gc,phases   ] GC(536)   Post Evacuate Collection Set: 0.19ms
[2026-05-27T11:23:40.972+0530][22.228s][info][gc,phases   ] GC(536)   Other: 0.11ms
[2026-05-27T11:23:40.972+0530][22.228s][info][gc,heap     ] GC(536) Eden regions: 300->0(297)
[2026-05-27T11:23:40.972+0530][22.228s][info][gc,heap     ] GC(536) Survivor regions: 7->10(39)
[2026-05-27T11:23:40.972+0530][22.228s][info][gc,heap     ] GC(536) Old regions: 10->10
[2026-05-27T11:23:40.972+0530][22.228s][info][gc,heap     ] GC(536) Archive regions: 2->2
[2026-05-27T11:23:40.972+0530][22.228s][info][gc,heap     ] GC(536) Humongous regions: 0->0
[2026-05-27T11:23:40.972+0530][22.228s][info][gc,metaspace] GC(536) Metaspace: 1745K(2048K)->1745K(2048K) NonClass: 1568K(1728K)->1568K(1728K) Class: 177K(320K)->177K(320K)
[2026-05-27T11:23:40.972+0530][22.228s][info][gc          ] GC(536) Pause Young (Normal) (G1 Evacuation Pause) 316M->19M(512M) 0.752ms
[2026-05-27T11:23:40.972+0530][22.228s][info][gc,cpu      ] GC(536) User=0.00s Sys=0.00s Real=0.00s
[2026-05-27T11:23:41.011+0530][22.267s][info][gc,start    ] GC(537) Pause Young (Normal) (G1 Evacuation Pause)
[2026-05-27T11:23:41.011+0530][22.267s][info][gc,task     ] GC(537) Using 9 workers of 9 for evacuation
[2026-05-27T11:23:41.011+0530][22.267s][info][gc,phases   ] GC(537)   Pre Evacuate Collection Set: 0.08ms
[2026-05-27T11:23:41.011+0530][22.267s][info][gc,phases   ] GC(537)   Merge Heap Roots: 0.05ms
[2026-05-27T11:23:41.011+0530][22.267s][info][gc,phases   ] GC(537)   Evacuate Collection Set: 0.22ms
[2026-05-27T11:23:41.011+0530][22.267s][info][gc,phases   ] GC(537)   Post Evacuate Collection Set: 0.19ms
[2026-05-27T11:23:41.011+0530][22.267s][info][gc,phases   ] GC(537)   Other: 0.11ms
[2026-05-27T11:23:41.011+0530][22.267s][info][gc,heap     ] GC(537) Eden regions: 297->0(306)
[2026-05-27T11:23:41.011+0530][22.267s][info][gc,heap     ] GC(537) Survivor regions: 10->1(39)
[2026-05-27T11:23:41.011+0530][22.267s][info][gc,heap     ] GC(537) Old regions: 10->10
[2026-05-27T11:23:41.011+0530][22.267s][info][gc,heap     ] GC(537) Archive regions: 2->2
[2026-05-27T11:23:41.011+0530][22.267s][info][gc,heap     ] GC(537) Humongous regions: 0->0
[2026-05-27T11:23:41.011+0530][22.267s][info][gc,metaspace] GC(537) Metaspace: 1745K(2048K)->1745K(2048K) NonClass: 1568K(1728K)->1568K(1728K) Class: 177K(320K)->177K(320K)
[2026-05-27T11:23:41.011+0530][22.268s][info][gc          ] GC(537) Pause Young (Normal) (G1 Evacuation Pause) 316M->10M(512M) 0.744ms
[2026-05-27T11:23:41.011+0530][22.268s][info][gc,cpu      ] GC(537) User=0.01s Sys=0.00s Real=0.00s
[2026-05-27T11:23:41.051+0530][22.307s][info][gc,start    ] GC(538) Pause Young (Normal) (G1 Evacuation Pause)
[2026-05-27T11:23:41.051+0530][22.307s][info][gc,task     ] GC(538) Using 9 workers of 9 for evacuation
[2026-05-27T11:23:41.051+0530][22.308s][info][gc,phases   ] GC(538)   Pre Evacuate Collection Set: 0.12ms
[2026-05-27T11:23:41.051+0530][22.308s][info][gc,phases   ] GC(538)   Merge Heap Roots: 0.08ms
[2026-05-27T11:23:41.051+0530][22.308s][info][gc,phases   ] GC(538)   Evacuate Collection Set: 0.30ms
[2026-05-27T11:23:41.051+0530][22.308s][info][gc,phases   ] GC(538)   Post Evacuate Collection Set: 0.19ms
[2026-05-27T11:23:41.051+0530][22.308s][info][gc,phases   ] GC(538)   Other: 0.08ms
[2026-05-27T11:23:41.051+0530][22.308s][info][gc,heap     ] GC(538) Eden regions: 306->0(303)
[2026-05-27T11:23:41.051+0530][22.308s][info][gc,heap     ] GC(538) Survivor regions: 1->4(39)
[2026-05-27T11:23:41.051+0530][22.308s][info][gc,heap     ] GC(538) Old regions: 10->10
[2026-05-27T11:23:41.051+0530][22.308s][info][gc,heap     ] GC(538) Archive regions: 2->2
[2026-05-27T11:23:41.051+0530][22.308s][info][gc,heap     ] GC(538) Humongous regions: 0->0
[2026-05-27T11:23:41.051+0530][22.308s][info][gc,metaspace] GC(538) Metaspace: 1745K(2048K)->1745K(2048K) NonClass: 1568K(1728K)->1568K(1728K) Class: 177K(320K)->177K(320K)
[2026-05-27T11:23:41.051+0530][22.308s][info][gc          ] GC(538) Pause Young (Normal) (G1 Evacuation Pause) 316M->13M(512M) 0.839ms
[2026-05-27T11:23:41.051+0530][22.308s][info][gc,cpu      ] GC(538) User=0.00s Sys=0.00s Real=0.00s
[2026-05-27T11:23:41.090+0530][22.346s][info][gc,start    ] GC(539) Pause Young (Normal) (G1 Evacuation Pause)
[2026-05-27T11:23:41.090+0530][22.346s][info][gc,task     ] GC(539) Using 9 workers of 9 for evacuation
[2026-05-27T11:23:41.090+0530][22.347s][info][gc,phases   ] GC(539)   Pre Evacuate Collection Set: 0.12ms
[2026-05-27T11:23:41.091+0530][22.347s][info][gc,phases   ] GC(539)   Merge Heap Roots: 0.10ms
[2026-05-27T11:23:41.091+0530][22.347s][info][gc,phases   ] GC(539)   Evacuate Collection Set: 0.26ms
[2026-05-27T11:23:41.091+0530][22.347s][info][gc,phases   ] GC(539)   Post Evacuate Collection Set: 0.22ms
[2026-05-27T11:23:41.091+0530][22.347s][info][gc,phases   ] GC(539)   Other: 0.11ms
[2026-05-27T11:23:41.091+0530][22.347s][info][gc,heap     ] GC(539) Eden regions: 303->0(302)
[2026-05-27T11:23:41.091+0530][22.347s][info][gc,heap     ] GC(539) Survivor regions: 4->5(39)
[2026-05-27T11:23:41.091+0530][22.347s][info][gc,heap     ] GC(539) Old regions: 10->10
[2026-05-27T11:23:41.091+0530][22.347s][info][gc,heap     ] GC(539) Archive regions: 2->2
[2026-05-27T11:23:41.091+0530][22.347s][info][gc,heap     ] GC(539) Humongous regions: 0->0
[2026-05-27T11:23:41.091+0530][22.347s][info][gc,metaspace] GC(539) Metaspace: 1745K(2048K)->1745K(2048K) NonClass: 1568K(1728K)->1568K(1728K) Class: 177K(320K)->177K(320K)
[2026-05-27T11:23:41.091+0530][22.347s][info][gc          ] GC(539) Pause Young (Normal) (G1 Evacuation Pause) 316M->14M(512M) 0.883ms
[2026-05-27T11:23:41.091+0530][22.347s][info][gc,cpu      ] GC(539) User=0.01s Sys=0.00s Real=0.00s
[2026-05-27T11:23:41.132+0530][22.388s][info][gc,start    ] GC(540) Pause Young (Normal) (G1 Evacuation Pause)
[2026-05-27T11:23:41.132+0530][22.388s][info][gc,task     ] GC(540) Using 9 workers of 9 for evacuation
[2026-05-27T11:23:41.132+0530][22.388s][info][gc,phases   ] GC(540)   Pre Evacuate Collection Set: 0.08ms
[2026-05-27T11:23:41.132+0530][22.389s][info][gc,phases   ] GC(540)   Merge Heap Roots: 0.10ms
[2026-05-27T11:23:41.132+0530][22.389s][info][gc,phases   ] GC(540)   Evacuate Collection Set: 0.25ms
[2026-05-27T11:23:41.132+0530][22.389s][info][gc,phases   ] GC(540)   Post Evacuate Collection Set: 0.26ms
[2026-05-27T11:23:41.132+0530][22.389s][info][gc,phases   ] GC(540)   Other: 0.11ms
[2026-05-27T11:23:41.132+0530][22.389s][info][gc,heap     ] GC(540) Eden regions: 302->0(302)
[2026-05-27T11:23:41.132+0530][22.389s][info][gc,heap     ] GC(540) Survivor regions: 5->5(39)
[2026-05-27T11:23:41.132+0530][22.389s][info][gc,heap     ] GC(540) Old regions: 10->10
[2026-05-27T11:23:41.132+0530][22.389s][info][gc,heap     ] GC(540) Archive regions: 2->2
[2026-05-27T11:23:41.132+0530][22.389s][info][gc,heap     ] GC(540) Humongous regions: 0->0
[2026-05-27T11:23:41.132+0530][22.389s][info][gc,metaspace] GC(540) Metaspace: 1745K(2048K)->1745K(2048K) NonClass: 1568K(1728K)->1568K(1728K) Class: 177K(320K)->177K(320K)
[2026-05-27T11:23:41.132+0530][22.389s][info][gc          ] GC(540) Pause Young (Normal) (G1 Evacuation Pause) 316M->14M(512M) 0.860ms
[2026-05-27T11:23:41.132+0530][22.389s][info][gc,cpu      ] GC(540) User=0.00s Sys=0.00s Real=0.00s
[2026-05-27T11:23:41.173+0530][22.429s][info][gc,start    ] GC(541) Pause Young (Normal) (G1 Evacuation Pause)
[2026-05-27T11:23:41.173+0530][22.430s][info][gc,task     ] GC(541) Using 9 workers of 9 for evacuation
[2026-05-27T11:23:41.174+0530][22.430s][info][gc,phases   ] GC(541)   Pre Evacuate Collection Set: 0.09ms
[2026-05-27T11:23:41.174+0530][22.430s][info][gc,phases   ] GC(541)   Merge Heap Roots: 0.04ms
[2026-05-27T11:23:41.174+0530][22.430s][info][gc,phases   ] GC(541)   Evacuate Collection Set: 0.28ms
[2026-05-27T11:23:41.174+0530][22.430s][info][gc,phases   ] GC(541)   Post Evacuate Collection Set: 0.17ms
[2026-05-27T11:23:41.174+0530][22.430s][info][gc,phases   ] GC(541)   Other: 0.11ms
[2026-05-27T11:23:41.174+0530][22.430s][info][gc,heap     ] GC(541) Eden regions: 302->0(306)
[2026-05-27T11:23:41.174+0530][22.430s][info][gc,heap     ] GC(541) Survivor regions: 5->1(39)
[2026-05-27T11:23:41.174+0530][22.430s][info][gc,heap     ] GC(541) Old regions: 10->10
[2026-05-27T11:23:41.174+0530][22.430s][info][gc,heap     ] GC(541) Archive regions: 2->2
[2026-05-27T11:23:41.174+0530][22.430s][info][gc,heap     ] GC(541) Humongous regions: 0->0
[2026-05-27T11:23:41.174+0530][22.430s][info][gc,metaspace] GC(541) Metaspace: 1745K(2048K)->1745K(2048K) NonClass: 1568K(1728K)->1568K(1728K) Class: 177K(320K)->177K(320K)
[2026-05-27T11:23:41.174+0530][22.430s][info][gc          ] GC(541) Pause Young (Normal) (G1 Evacuation Pause) 316M->10M(512M) 0.759ms
[2026-05-27T11:23:41.174+0530][22.430s][info][gc,cpu      ] GC(541) User=0.00s Sys=0.00s Real=0.00s
[2026-05-27T11:23:41.211+0530][22.467s][info][gc,start    ] GC(542) Pause Young (Normal) (G1 Evacuation Pause)
[2026-05-27T11:23:41.211+0530][22.467s][info][gc,task     ] GC(542) Using 9 workers of 9 for evacuation
[2026-05-27T11:23:41.212+0530][22.468s][info][gc,phases   ] GC(542)   Pre Evacuate Collection Set: 0.11ms
[2026-05-27T11:23:41.212+0530][22.468s][info][gc,phases   ] GC(542)   Merge Heap Roots: 0.04ms
[2026-05-27T11:23:41.212+0530][22.468s][info][gc,phases   ] GC(542)   Evacuate Collection Set: 0.21ms
[2026-05-27T11:23:41.212+0530][22.468s][info][gc,phases   ] GC(542)   Post Evacuate Collection Set: 0.16ms
[2026-05-27T11:23:41.212+0530][22.468s][info][gc,phases   ] GC(542)   Other: 0.10ms
[2026-05-27T11:23:41.212+0530][22.468s][info][gc,heap     ] GC(542) Eden regions: 306->0(303)
[2026-05-27T11:23:41.212+0530][22.468s][info][gc,heap     ] GC(542) Survivor regions: 1->4(39)
[2026-05-27T11:23:41.212+0530][22.468s][info][gc,heap     ] GC(542) Old regions: 10->10
[2026-05-27T11:23:41.212+0530][22.468s][info][gc,heap     ] GC(542) Archive regions: 2->2
[2026-05-27T11:23:41.212+0530][22.468s][info][gc,heap     ] GC(542) Humongous regions: 0->0
[2026-05-27T11:23:41.212+0530][22.468s][info][gc,metaspace] GC(542) Metaspace: 1745K(2048K)->1745K(2048K) NonClass: 1568K(1728K)->1568K(1728K) Class: 177K(320K)->177K(320K)
[2026-05-27T11:23:41.212+0530][22.468s][info][gc          ] GC(542) Pause Young (Normal) (G1 Evacuation Pause) 316M->13M(512M) 0.677ms
[2026-05-27T11:23:41.212+0530][22.468s][info][gc,cpu      ] GC(542) User=0.00s Sys=0.00s Real=0.00s
[2026-05-27T11:23:41.252+0530][22.509s][info][gc,start    ] GC(543) Pause Young (Normal) (G1 Evacuation Pause)
[2026-05-27T11:23:41.253+0530][22.509s][info][gc,task     ] GC(543) Using 9 workers of 9 for evacuation
[2026-05-27T11:23:41.253+0530][22.509s][info][gc,phases   ] GC(543)   Pre Evacuate Collection Set: 0.10ms
[2026-05-27T11:23:41.253+0530][22.509s][info][gc,phases   ] GC(543)   Merge Heap Roots: 0.10ms
[2026-05-27T11:23:41.253+0530][22.509s][info][gc,phases   ] GC(543)   Evacuate Collection Set: 0.25ms
[2026-05-27T11:23:41.253+0530][22.509s][info][gc,phases   ] GC(543)   Post Evacuate Collection Set: 0.18ms
[2026-05-27T11:23:41.253+0530][22.509s][info][gc,phases   ] GC(543)   Other: 0.11ms
[2026-05-27T11:23:41.253+0530][22.509s][info][gc,heap     ] GC(543) Eden regions: 303->0(301)
[2026-05-27T11:23:41.253+0530][22.509s][info][gc,heap     ] GC(543) Survivor regions: 4->6(39)
[2026-05-27T11:23:41.253+0530][22.509s][info][gc,heap     ] GC(543) Old regions: 10->10
[2026-05-27T11:23:41.253+0530][22.509s][info][gc,heap     ] GC(543) Archive regions: 2->2
[2026-05-27T11:23:41.253+0530][22.509s][info][gc,heap     ] GC(543) Humongous regions: 0->0
[2026-05-27T11:23:41.253+0530][22.509s][info][gc,metaspace] GC(543) Metaspace: 1745K(2048K)->1745K(2048K) NonClass: 1568K(1728K)->1568K(1728K) Class: 177K(320K)->177K(320K)
[2026-05-27T11:23:41.253+0530][22.509s][info][gc          ] GC(543) Pause Young (Normal) (G1 Evacuation Pause) 316M->15M(512M) 0.807ms
[2026-05-27T11:23:41.253+0530][22.509s][info][gc,cpu      ] GC(543) User=0.00s Sys=0.00s Real=0.00s
[2026-05-27T11:23:41.293+0530][22.549s][info][gc,start    ] GC(544) Pause Young (Normal) (G1 Evacuation Pause)
[2026-05-27T11:23:41.293+0530][22.549s][info][gc,task     ] GC(544) Using 9 workers of 9 for evacuation
[2026-05-27T11:23:41.293+0530][22.550s][info][gc,phases   ] GC(544)   Pre Evacuate Collection Set: 0.08ms
[2026-05-27T11:23:41.293+0530][22.550s][info][gc,phases   ] GC(544)   Merge Heap Roots: 0.05ms
[2026-05-27T11:23:41.293+0530][22.550s][info][gc,phases   ] GC(544)   Evacuate Collection Set: 0.26ms
[2026-05-27T11:23:41.294+0530][22.550s][info][gc,phases   ] GC(544)   Post Evacuate Collection Set: 0.17ms
[2026-05-27T11:23:41.294+0530][22.550s][info][gc,phases   ] GC(544)   Other: 0.10ms
[2026-05-27T11:23:41.294+0530][22.550s][info][gc,heap     ] GC(544) Eden regions: 301->0(300)
[2026-05-27T11:23:41.294+0530][22.550s][info][gc,heap     ] GC(544) Survivor regions: 6->7(39)
[2026-05-27T11:23:41.294+0530][22.550s][info][gc,heap     ] GC(544) Old regions: 10->10
[2026-05-27T11:23:41.294+0530][22.550s][info][gc,heap     ] GC(544) Archive regions: 2->2
[2026-05-27T11:23:41.294+0530][22.550s][info][gc,heap     ] GC(544) Humongous regions: 9->0
[2026-05-27T11:23:41.294+0530][22.550s][info][gc,metaspace] GC(544) Metaspace: 1745K(2048K)->1745K(2048K) NonClass: 1568K(1728K)->1568K(1728K) Class: 177K(320K)->177K(320K)
[2026-05-27T11:23:41.294+0530][22.550s][info][gc          ] GC(544) Pause Young (Normal) (G1 Evacuation Pause) 325M->16M(512M) 0.707ms
[2026-05-27T11:23:41.294+0530][22.550s][info][gc,cpu      ] GC(544) User=0.01s Sys=0.01s Real=0.00s
[2026-05-27T11:23:41.334+0530][22.590s][info][gc,start    ] GC(545) Pause Young (Normal) (G1 Evacuation Pause)
[2026-05-27T11:23:41.334+0530][22.590s][info][gc,task     ] GC(545) Using 9 workers of 9 for evacuation
[2026-05-27T11:23:41.335+0530][22.591s][info][gc,phases   ] GC(545)   Pre Evacuate Collection Set: 0.12ms
[2026-05-27T11:23:41.335+0530][22.591s][info][gc,phases   ] GC(545)   Merge Heap Roots: 0.05ms
[2026-05-27T11:23:41.335+0530][22.591s][info][gc,phases   ] GC(545)   Evacuate Collection Set: 0.39ms
[2026-05-27T11:23:41.335+0530][22.591s][info][gc,phases   ] GC(545)   Post Evacuate Collection Set: 0.25ms
[2026-05-27T11:23:41.335+0530][22.591s][info][gc,phases   ] GC(545)   Other: 0.13ms
[2026-05-27T11:23:41.335+0530][22.591s][info][gc,heap     ] GC(545) Eden regions: 300->0(302)
[2026-05-27T11:23:41.335+0530][22.591s][info][gc,heap     ] GC(545) Survivor regions: 7->5(39)
[2026-05-27T11:23:41.335+0530][22.591s][info][gc,heap     ] GC(545) Old regions: 10->10
[2026-05-27T11:23:41.335+0530][22.591s][info][gc,heap     ] GC(545) Archive regions: 2->2
[2026-05-27T11:23:41.335+0530][22.591s][info][gc,heap     ] GC(545) Humongous regions: 0->0
[2026-05-27T11:23:41.335+0530][22.591s][info][gc,metaspace] GC(545) Metaspace: 1745K(2048K)->1745K(2048K) NonClass: 1568K(1728K)->1568K(1728K) Class: 177K(320K)->177K(320K)
[2026-05-27T11:23:41.335+0530][22.591s][info][gc          ] GC(545) Pause Young (Normal) (G1 Evacuation Pause) 316M->14M(512M) 1.054ms
[2026-05-27T11:23:41.335+0530][22.591s][info][gc,cpu      ] GC(545) User=0.00s Sys=0.00s Real=0.00s
[2026-05-27T11:23:41.377+0530][22.633s][info][gc,start    ] GC(546) Pause Young (Normal) (G1 Evacuation Pause)
[2026-05-27T11:23:41.377+0530][22.633s][info][gc,task     ] GC(546) Using 9 workers of 9 for evacuation
[2026-05-27T11:23:41.378+0530][22.634s][info][gc,phases   ] GC(546)   Pre Evacuate Collection Set: 0.07ms
[2026-05-27T11:23:41.378+0530][22.634s][info][gc,phases   ] GC(546)   Merge Heap Roots: 0.06ms
[2026-05-27T11:23:41.378+0530][22.634s][info][gc,phases   ] GC(546)   Evacuate Collection Set: 0.41ms
[2026-05-27T11:23:41.378+0530][22.634s][info][gc,phases   ] GC(546)   Post Evacuate Collection Set: 0.20ms
[2026-05-27T11:23:41.378+0530][22.634s][info][gc,phases   ] GC(546)   Other: 0.10ms
[2026-05-27T11:23:41.378+0530][22.634s][info][gc,heap     ] GC(546) Eden regions: 302->0(302)
[2026-05-27T11:23:41.378+0530][22.634s][info][gc,heap     ] GC(546) Survivor regions: 5->5(39)
[2026-05-27T11:23:41.378+0530][22.634s][info][gc,heap     ] GC(546) Old regions: 10->10
[2026-05-27T11:23:41.378+0530][22.634s][info][gc,heap     ] GC(546) Archive regions: 2->2
[2026-05-27T11:23:41.378+0530][22.634s][info][gc,heap     ] GC(546) Humongous regions: 0->0
[2026-05-27T11:23:41.378+0530][22.634s][info][gc,metaspace] GC(546) Metaspace: 1745K(2048K)->1745K(2048K) NonClass: 1568K(1728K)->1568K(1728K) Class: 177K(320K)->177K(320K)
[2026-05-27T11:23:41.378+0530][22.634s][info][gc          ] GC(546) Pause Young (Normal) (G1 Evacuation Pause) 316M->15M(512M) 0.909ms
[2026-05-27T11:23:41.378+0530][22.634s][info][gc,cpu      ] GC(546) User=0.00s Sys=0.00s Real=0.00s
[2026-05-27T11:23:41.417+0530][22.673s][info][gc,start    ] GC(547) Pause Young (Normal) (G1 Evacuation Pause)
[2026-05-27T11:23:41.417+0530][22.674s][info][gc,task     ] GC(547) Using 9 workers of 9 for evacuation
[2026-05-27T11:23:41.418+0530][22.674s][info][gc,phases   ] GC(547)   Pre Evacuate Collection Set: 0.10ms
[2026-05-27T11:23:41.418+0530][22.674s][info][gc,phases   ] GC(547)   Merge Heap Roots: 0.09ms
[2026-05-27T11:23:41.418+0530][22.674s][info][gc,phases   ] GC(547)   Evacuate Collection Set: 0.27ms
[2026-05-27T11:23:41.418+0530][22.674s][info][gc,phases   ] GC(547)   Post Evacuate Collection Set: 0.19ms
[2026-05-27T11:23:41.418+0530][22.674s][info][gc,phases   ] GC(547)   Other: 0.12ms
[2026-05-27T11:23:41.418+0530][22.674s][info][gc,heap     ] GC(547) Eden regions: 302->0(301)
[2026-05-27T11:23:41.418+0530][22.674s][info][gc,heap     ] GC(547) Survivor regions: 5->6(39)
[2026-05-27T11:23:41.418+0530][22.674s][info][gc,heap     ] GC(547) Old regions: 10->10
[2026-05-27T11:23:41.418+0530][22.674s][info][gc,heap     ] GC(547) Archive regions: 2->2
[2026-05-27T11:23:41.418+0530][22.674s][info][gc,heap     ] GC(547) Humongous regions: 18->0
[2026-05-27T11:23:41.418+0530][22.674s][info][gc,metaspace] GC(547) Metaspace: 1745K(2048K)->1745K(2048K) NonClass: 1568K(1728K)->1568K(1728K) Class: 177K(320K)->177K(320K)
[2026-05-27T11:23:41.418+0530][22.674s][info][gc          ] GC(547) Pause Young (Normal) (G1 Evacuation Pause) 334M->15M(512M) 0.847ms
[2026-05-27T11:23:41.418+0530][22.674s][info][gc,cpu      ] GC(547) User=0.00s Sys=0.00s Real=0.00s
[2026-05-27T11:23:41.458+0530][22.715s][info][gc,start    ] GC(548) Pause Young (Normal) (G1 Evacuation Pause)
[2026-05-27T11:23:41.458+0530][22.715s][info][gc,task     ] GC(548) Using 9 workers of 9 for evacuation
[2026-05-27T11:23:41.459+0530][22.715s][info][gc,phases   ] GC(548)   Pre Evacuate Collection Set: 0.06ms
[2026-05-27T11:23:41.459+0530][22.715s][info][gc,phases   ] GC(548)   Merge Heap Roots: 0.08ms
[2026-05-27T11:23:41.459+0530][22.715s][info][gc,phases   ] GC(548)   Evacuate Collection Set: 0.36ms
[2026-05-27T11:23:41.459+0530][22.715s][info][gc,phases   ] GC(548)   Post Evacuate Collection Set: 0.20ms
[2026-05-27T11:23:41.459+0530][22.715s][info][gc,phases   ] GC(548)   Other: 0.14ms
[2026-05-27T11:23:41.459+0530][22.715s][info][gc,heap     ] GC(548) Eden regions: 301->0(301)
[2026-05-27T11:23:41.459+0530][22.715s][info][gc,heap     ] GC(548) Survivor regions: 6->6(39)
[2026-05-27T11:23:41.459+0530][22.715s][info][gc,heap     ] GC(548) Old regions: 10->10
[2026-05-27T11:23:41.459+0530][22.715s][info][gc,heap     ] GC(548) Archive regions: 2->2
[2026-05-27T11:23:41.459+0530][22.715s][info][gc,heap     ] GC(548) Humongous regions: 0->0
[2026-05-27T11:23:41.459+0530][22.715s][info][gc,metaspace] GC(548) Metaspace: 1745K(2048K)->1745K(2048K) NonClass: 1568K(1728K)->1568K(1728K) Class: 177K(320K)->177K(320K)
[2026-05-27T11:23:41.459+0530][22.715s][info][gc          ] GC(548) Pause Young (Normal) (G1 Evacuation Pause) 316M->15M(512M) 0.944ms
[2026-05-27T11:23:41.459+0530][22.715s][info][gc,cpu      ] GC(548) User=0.01s Sys=0.00s Real=0.00s
[2026-05-27T11:23:41.497+0530][22.753s][info][gc,start    ] GC(549) Pause Young (Normal) (G1 Evacuation Pause)
[2026-05-27T11:23:41.497+0530][22.753s][info][gc,task     ] GC(549) Using 9 workers of 9 for evacuation
[2026-05-27T11:23:41.497+0530][22.754s][info][gc,phases   ] GC(549)   Pre Evacuate Collection Set: 0.05ms
[2026-05-27T11:23:41.497+0530][22.754s][info][gc,phases   ] GC(549)   Merge Heap Roots: 0.04ms
[2026-05-27T11:23:41.497+0530][22.754s][info][gc,phases   ] GC(549)   Evacuate Collection Set: 0.22ms
[2026-05-27T11:23:41.497+0530][22.754s][info][gc,phases   ] GC(549)   Post Evacuate Collection Set: 0.18ms
[2026-05-27T11:23:41.497+0530][22.754s][info][gc,phases   ] GC(549)   Other: 0.10ms
[2026-05-27T11:23:41.498+0530][22.754s][info][gc,heap     ] GC(549) Eden regions: 301->0(301)
[2026-05-27T11:23:41.498+0530][22.754s][info][gc,heap     ] GC(549) Survivor regions: 6->6(39)
[2026-05-27T11:23:41.498+0530][22.754s][info][gc,heap     ] GC(549) Old regions: 10->10
[2026-05-27T11:23:41.498+0530][22.754s][info][gc,heap     ] GC(549) Archive regions: 2->2
[2026-05-27T11:23:41.498+0530][22.754s][info][gc,heap     ] GC(549) Humongous regions: 0->0
[2026-05-27T11:23:41.498+0530][22.754s][info][gc,metaspace] GC(549) Metaspace: 1745K(2048K)->1745K(2048K) NonClass: 1568K(1728K)->1568K(1728K) Class: 177K(320K)->177K(320K)
[2026-05-27T11:23:41.498+0530][22.754s][info][gc          ] GC(549) Pause Young (Normal) (G1 Evacuation Pause) 316M->15M(512M) 0.661ms
[2026-05-27T11:23:41.498+0530][22.754s][info][gc,cpu      ] GC(549) User=0.00s Sys=0.00s Real=0.00s
[2026-05-27T11:23:41.537+0530][22.793s][info][gc,start    ] GC(550) Pause Young (Normal) (G1 Evacuation Pause)
[2026-05-27T11:23:41.537+0530][22.793s][info][gc,task     ] GC(550) Using 9 workers of 9 for evacuation
[2026-05-27T11:23:41.537+0530][22.794s][info][gc,phases   ] GC(550)   Pre Evacuate Collection Set: 0.08ms
[2026-05-27T11:23:41.537+0530][22.794s][info][gc,phases   ] GC(550)   Merge Heap Roots: 0.05ms
[2026-05-27T11:23:41.537+0530][22.794s][info][gc,phases   ] GC(550)   Evacuate Collection Set: 0.29ms
[2026-05-27T11:23:41.537+0530][22.794s][info][gc,phases   ] GC(550)   Post Evacuate Collection Set: 0.22ms
[2026-05-27T11:23:41.537+0530][22.794s][info][gc,phases   ] GC(550)   Other: 0.14ms
[2026-05-27T11:23:41.537+0530][22.794s][info][gc,heap     ] GC(550) Eden regions: 301->0(301)
[2026-05-27T11:23:41.537+0530][22.794s][info][gc,heap     ] GC(550) Survivor regions: 6->6(39)
[2026-05-27T11:23:41.537+0530][22.794s][info][gc,heap     ] GC(550) Old regions: 10->10
[2026-05-27T11:23:41.537+0530][22.794s][info][gc,heap     ] GC(550) Archive regions: 2->2
[2026-05-27T11:23:41.537+0530][22.794s][info][gc,heap     ] GC(550) Humongous regions: 0->0
[2026-05-27T11:23:41.537+0530][22.794s][info][gc,metaspace] GC(550) Metaspace: 1745K(2048K)->1745K(2048K) NonClass: 1568K(1728K)->1568K(1728K) Class: 177K(320K)->177K(320K)
[2026-05-27T11:23:41.537+0530][22.794s][info][gc          ] GC(550) Pause Young (Normal) (G1 Evacuation Pause) 316M->15M(512M) 0.868ms
[2026-05-27T11:23:41.538+0530][22.794s][info][gc,cpu      ] GC(550) User=0.00s Sys=0.00s Real=0.00s
[2026-05-27T11:23:41.580+0530][22.836s][info][gc,start    ] GC(551) Pause Young (Normal) (G1 Evacuation Pause)
[2026-05-27T11:23:41.580+0530][22.836s][info][gc,task     ] GC(551) Using 9 workers of 9 for evacuation
[2026-05-27T11:23:41.580+0530][22.837s][info][gc,phases   ] GC(551)   Pre Evacuate Collection Set: 0.07ms
[2026-05-27T11:23:41.581+0530][22.837s][info][gc,phases   ] GC(551)   Merge Heap Roots: 0.05ms
[2026-05-27T11:23:41.581+0530][22.837s][info][gc,phases   ] GC(551)   Evacuate Collection Set: 0.27ms
[2026-05-27T11:23:41.581+0530][22.837s][info][gc,phases   ] GC(551)   Post Evacuate Collection Set: 0.24ms
[2026-05-27T11:23:41.581+0530][22.837s][info][gc,phases   ] GC(551)   Other: 0.11ms
[2026-05-27T11:23:41.581+0530][22.837s][info][gc,heap     ] GC(551) Eden regions: 301->0(300)
[2026-05-27T11:23:41.581+0530][22.837s][info][gc,heap     ] GC(551) Survivor regions: 6->7(39)
[2026-05-27T11:23:41.581+0530][22.837s][info][gc,heap     ] GC(551) Old regions: 10->10
[2026-05-27T11:23:41.581+0530][22.837s][info][gc,heap     ] GC(551) Archive regions: 2->2
[2026-05-27T11:23:41.581+0530][22.837s][info][gc,heap     ] GC(551) Humongous regions: 0->0
[2026-05-27T11:23:41.581+0530][22.837s][info][gc,metaspace] GC(551) Metaspace: 1745K(2048K)->1745K(2048K) NonClass: 1568K(1728K)->1568K(1728K) Class: 177K(320K)->177K(320K)
[2026-05-27T11:23:41.581+0530][22.837s][info][gc          ] GC(551) Pause Young (Normal) (G1 Evacuation Pause) 316M->16M(512M) 0.820ms
[2026-05-27T11:23:41.581+0530][22.837s][info][gc,cpu      ] GC(551) User=0.01s Sys=0.00s Real=0.00s
[2026-05-27T11:23:41.620+0530][22.876s][info][gc,start    ] GC(552) Pause Young (Normal) (G1 Evacuation Pause)
[2026-05-27T11:23:41.620+0530][22.876s][info][gc,task     ] GC(552) Using 9 workers of 9 for evacuation
[2026-05-27T11:23:41.621+0530][22.877s][info][gc,phases   ] GC(552)   Pre Evacuate Collection Set: 0.05ms
[2026-05-27T11:23:41.621+0530][22.877s][info][gc,phases   ] GC(552)   Merge Heap Roots: 0.06ms
[2026-05-27T11:23:41.621+0530][22.877s][info][gc,phases   ] GC(552)   Evacuate Collection Set: 0.23ms
[2026-05-27T11:23:41.621+0530][22.877s][info][gc,phases   ] GC(552)   Post Evacuate Collection Set: 0.17ms
[2026-05-27T11:23:41.621+0530][22.877s][info][gc,phases   ] GC(552)   Other: 0.10ms
[2026-05-27T11:23:41.621+0530][22.877s][info][gc,heap     ] GC(552) Eden regions: 300->0(301)
[2026-05-27T11:23:41.621+0530][22.877s][info][gc,heap     ] GC(552) Survivor regions: 7->6(39)
[2026-05-27T11:23:41.621+0530][22.877s][info][gc,heap     ] GC(552) Old regions: 10->10
[2026-05-27T11:23:41.621+0530][22.877s][info][gc,heap     ] GC(552) Archive regions: 2->2
[2026-05-27T11:23:41.621+0530][22.877s][info][gc,heap     ] GC(552) Humongous regions: 0->0
[2026-05-27T11:23:41.621+0530][22.877s][info][gc,metaspace] GC(552) Metaspace: 1745K(2048K)->1745K(2048K) NonClass: 1568K(1728K)->1568K(1728K) Class: 177K(320K)->177K(320K)
[2026-05-27T11:23:41.621+0530][22.877s][info][gc          ] GC(552) Pause Young (Normal) (G1 Evacuation Pause) 316M->15M(512M) 0.672ms
[2026-05-27T11:23:41.621+0530][22.877s][info][gc,cpu      ] GC(552) User=0.00s Sys=0.00s Real=0.00s
[2026-05-27T11:23:41.663+0530][22.919s][info][gc,start    ] GC(553) Pause Young (Normal) (G1 Evacuation Pause)
[2026-05-27T11:23:41.663+0530][22.919s][info][gc,task     ] GC(553) Using 9 workers of 9 for evacuation
[2026-05-27T11:23:41.663+0530][22.919s][info][gc,phases   ] GC(553)   Pre Evacuate Collection Set: 0.08ms
[2026-05-27T11:23:41.663+0530][22.919s][info][gc,phases   ] GC(553)   Merge Heap Roots: 0.04ms
[2026-05-27T11:23:41.663+0530][22.919s][info][gc,phases   ] GC(553)   Evacuate Collection Set: 0.25ms
[2026-05-27T11:23:41.663+0530][22.919s][info][gc,phases   ] GC(553)   Post Evacuate Collection Set: 0.19ms
[2026-05-27T11:23:41.663+0530][22.919s][info][gc,phases   ] GC(553)   Other: 0.12ms
[2026-05-27T11:23:41.663+0530][22.919s][info][gc,heap     ] GC(553) Eden regions: 301->0(301)
[2026-05-27T11:23:41.663+0530][22.919s][info][gc,heap     ] GC(553) Survivor regions: 6->6(39)
[2026-05-27T11:23:41.663+0530][22.919s][info][gc,heap     ] GC(553) Old regions: 10->10
[2026-05-27T11:23:41.663+0530][22.919s][info][gc,heap     ] GC(553) Archive regions: 2->2
[2026-05-27T11:23:41.663+0530][22.919s][info][gc,heap     ] GC(553) Humongous regions: 0->0
[2026-05-27T11:23:41.663+0530][22.919s][info][gc,metaspace] GC(553) Metaspace: 1745K(2048K)->1745K(2048K) NonClass: 1568K(1728K)->1568K(1728K) Class: 177K(320K)->177K(320K)
[2026-05-27T11:23:41.663+0530][22.919s][info][gc          ] GC(553) Pause Young (Normal) (G1 Evacuation Pause) 316M->15M(512M) 0.740ms
[2026-05-27T11:23:41.663+0530][22.919s][info][gc,cpu      ] GC(553) User=0.00s Sys=0.00s Real=0.00s
[2026-05-27T11:23:41.702+0530][22.958s][info][gc,start    ] GC(554) Pause Young (Normal) (G1 Evacuation Pause)
[2026-05-27T11:23:41.702+0530][22.958s][info][gc,task     ] GC(554) Using 9 workers of 9 for evacuation
[2026-05-27T11:23:41.703+0530][22.959s][info][gc,phases   ] GC(554)   Pre Evacuate Collection Set: 0.14ms
[2026-05-27T11:23:41.703+0530][22.959s][info][gc,phases   ] GC(554)   Merge Heap Roots: 0.15ms
[2026-05-27T11:23:41.703+0530][22.959s][info][gc,phases   ] GC(554)   Evacuate Collection Set: 0.26ms
[2026-05-27T11:23:41.703+0530][22.959s][info][gc,phases   ] GC(554)   Post Evacuate Collection Set: 0.19ms
[2026-05-27T11:23:41.703+0530][22.959s][info][gc,phases   ] GC(554)   Other: 0.10ms
[2026-05-27T11:23:41.703+0530][22.959s][info][gc,heap     ] GC(554) Eden regions: 301->0(301)
[2026-05-27T11:23:41.703+0530][22.959s][info][gc,heap     ] GC(554) Survivor regions: 6->6(39)
[2026-05-27T11:23:41.703+0530][22.959s][info][gc,heap     ] GC(554) Old regions: 10->10
[2026-05-27T11:23:41.703+0530][22.959s][info][gc,heap     ] GC(554) Archive regions: 2->2
[2026-05-27T11:23:41.703+0530][22.959s][info][gc,heap     ] GC(554) Humongous regions: 0->0
[2026-05-27T11:23:41.703+0530][22.959s][info][gc,metaspace] GC(554) Metaspace: 1745K(2048K)->1745K(2048K) NonClass: 1568K(1728K)->1568K(1728K) Class: 177K(320K)->177K(320K)
[2026-05-27T11:23:41.703+0530][22.959s][info][gc          ] GC(554) Pause Young (Normal) (G1 Evacuation Pause) 316M->15M(512M) 0.902ms
[2026-05-27T11:23:41.703+0530][22.959s][info][gc,cpu      ] GC(554) User=0.01s Sys=0.00s Real=0.00s
[2026-05-27T11:23:41.743+0530][22.999s][info][gc,start    ] GC(555) Pause Young (Normal) (G1 Evacuation Pause)
[2026-05-27T11:23:41.743+0530][22.999s][info][gc,task     ] GC(555) Using 9 workers of 9 for evacuation
[2026-05-27T11:23:41.743+0530][23.000s][info][gc,phases   ] GC(555)   Pre Evacuate Collection Set: 0.09ms
[2026-05-27T11:23:41.743+0530][23.000s][info][gc,phases   ] GC(555)   Merge Heap Roots: 0.05ms
[2026-05-27T11:23:41.743+0530][23.000s][info][gc,phases   ] GC(555)   Evacuate Collection Set: 0.25ms
[2026-05-27T11:23:41.743+0530][23.000s][info][gc,phases   ] GC(555)   Post Evacuate Collection Set: 0.21ms
[2026-05-27T11:23:41.743+0530][23.000s][info][gc,phases   ] GC(555)   Other: 0.13ms
[2026-05-27T11:23:41.743+0530][23.000s][info][gc,heap     ] GC(555) Eden regions: 301->0(306)
[2026-05-27T11:23:41.744+0530][23.000s][info][gc,heap     ] GC(555) Survivor regions: 6->1(39)
[2026-05-27T11:23:41.744+0530][23.000s][info][gc,heap     ] GC(555) Old regions: 10->10
[2026-05-27T11:23:41.744+0530][23.000s][info][gc,heap     ] GC(555) Archive regions: 2->2
[2026-05-27T11:23:41.744+0530][23.000s][info][gc,heap     ] GC(555) Humongous regions: 0->0
[2026-05-27T11:23:41.744+0530][23.000s][info][gc,metaspace] GC(555) Metaspace: 1745K(2048K)->1745K(2048K) NonClass: 1568K(1728K)->1568K(1728K) Class: 177K(320K)->177K(320K)
[2026-05-27T11:23:41.744+0530][23.000s][info][gc          ] GC(555) Pause Young (Normal) (G1 Evacuation Pause) 316M->10M(512M) 0.852ms
[2026-05-27T11:23:41.744+0530][23.000s][info][gc,cpu      ] GC(555) User=0.00s Sys=0.00s Real=0.00s
[2026-05-27T11:23:41.786+0530][23.042s][info][gc,start    ] GC(556) Pause Young (Normal) (G1 Evacuation Pause)
[2026-05-27T11:23:41.786+0530][23.042s][info][gc,task     ] GC(556) Using 9 workers of 9 for evacuation
[2026-05-27T11:23:41.787+0530][23.043s][info][gc,phases   ] GC(556)   Pre Evacuate Collection Set: 0.05ms
[2026-05-27T11:23:41.787+0530][23.043s][info][gc,phases   ] GC(556)   Merge Heap Roots: 0.04ms
[2026-05-27T11:23:41.787+0530][23.043s][info][gc,phases   ] GC(556)   Evacuate Collection Set: 0.51ms
[2026-05-27T11:23:41.787+0530][23.043s][info][gc,phases   ] GC(556)   Post Evacuate Collection Set: 0.25ms
[2026-05-27T11:23:41.787+0530][23.043s][info][gc,phases   ] GC(556)   Other: 0.16ms
[2026-05-27T11:23:41.787+0530][23.043s][info][gc,heap     ] GC(556) Eden regions: 306->0(301)
[2026-05-27T11:23:41.787+0530][23.043s][info][gc,heap     ] GC(556) Survivor regions: 1->6(39)
[2026-05-27T11:23:41.787+0530][23.043s][info][gc,heap     ] GC(556) Old regions: 10->10
[2026-05-27T11:23:41.787+0530][23.043s][info][gc,heap     ] GC(556) Archive regions: 2->2
[2026-05-27T11:23:41.787+0530][23.043s][info][gc,heap     ] GC(556) Humongous regions: 0->0
[2026-05-27T11:23:41.787+0530][23.043s][info][gc,metaspace] GC(556) Metaspace: 1745K(2048K)->1745K(2048K) NonClass: 1568K(1728K)->1568K(1728K) Class: 177K(320K)->177K(320K)
[2026-05-27T11:23:41.787+0530][23.043s][info][gc          ] GC(556) Pause Young (Normal) (G1 Evacuation Pause) 316M->16M(512M) 1.119ms
[2026-05-27T11:23:41.787+0530][23.043s][info][gc,cpu      ] GC(556) User=0.00s Sys=0.00s Real=0.00s
[2026-05-27T11:23:41.826+0530][23.082s][info][gc,start    ] GC(557) Pause Young (Normal) (G1 Evacuation Pause)
[2026-05-27T11:23:41.826+0530][23.082s][info][gc,task     ] GC(557) Using 9 workers of 9 for evacuation
[2026-05-27T11:23:41.827+0530][23.083s][info][gc,phases   ] GC(557)   Pre Evacuate Collection Set: 0.13ms
[2026-05-27T11:23:41.827+0530][23.083s][info][gc,phases   ] GC(557)   Merge Heap Roots: 0.07ms
[2026-05-27T11:23:41.827+0530][23.083s][info][gc,phases   ] GC(557)   Evacuate Collection Set: 0.32ms
[2026-05-27T11:23:41.827+0530][23.083s][info][gc,phases   ] GC(557)   Post Evacuate Collection Set: 0.24ms
[2026-05-27T11:23:41.827+0530][23.083s][info][gc,phases   ] GC(557)   Other: 0.08ms
[2026-05-27T11:23:41.827+0530][23.083s][info][gc,heap     ] GC(557) Eden regions: 301->0(301)
[2026-05-27T11:23:41.827+0530][23.083s][info][gc,heap     ] GC(557) Survivor regions: 6->6(39)
[2026-05-27T11:23:41.827+0530][23.083s][info][gc,heap     ] GC(557) Old regions: 10->10
[2026-05-27T11:23:41.827+0530][23.083s][info][gc,heap     ] GC(557) Archive regions: 2->2
[2026-05-27T11:23:41.827+0530][23.083s][info][gc,heap     ] GC(557) Humongous regions: 0->0
[2026-05-27T11:23:41.827+0530][23.083s][info][gc,metaspace] GC(557) Metaspace: 1745K(2048K)->1745K(2048K) NonClass: 1568K(1728K)->1568K(1728K) Class: 177K(320K)->177K(320K)
[2026-05-27T11:23:41.827+0530][23.083s][info][gc          ] GC(557) Pause Young (Normal) (G1 Evacuation Pause) 316M->15M(512M) 0.895ms
[2026-05-27T11:23:41.827+0530][23.083s][info][gc,cpu      ] GC(557) User=0.00s Sys=0.00s Real=0.00s
[2026-05-27T11:23:41.869+0530][23.125s][info][gc,start    ] GC(558) Pause Young (Normal) (G1 Evacuation Pause)
[2026-05-27T11:23:41.869+0530][23.125s][info][gc,task     ] GC(558) Using 9 workers of 9 for evacuation
[2026-05-27T11:23:41.870+0530][23.126s][info][gc,phases   ] GC(558)   Pre Evacuate Collection Set: 0.08ms
[2026-05-27T11:23:41.870+0530][23.126s][info][gc,phases   ] GC(558)   Merge Heap Roots: 0.05ms
[2026-05-27T11:23:41.870+0530][23.126s][info][gc,phases   ] GC(558)   Evacuate Collection Set: 0.36ms
[2026-05-27T11:23:41.870+0530][23.126s][info][gc,phases   ] GC(558)   Post Evacuate Collection Set: 0.25ms
[2026-05-27T11:23:41.870+0530][23.126s][info][gc,phases   ] GC(558)   Other: 0.13ms
[2026-05-27T11:23:41.870+0530][23.126s][info][gc,heap     ] GC(558) Eden regions: 301->0(301)
[2026-05-27T11:23:41.870+0530][23.126s][info][gc,heap     ] GC(558) Survivor regions: 6->6(39)
[2026-05-27T11:23:41.870+0530][23.126s][info][gc,heap     ] GC(558) Old regions: 10->10
[2026-05-27T11:23:41.870+0530][23.126s][info][gc,heap     ] GC(558) Archive regions: 2->2
[2026-05-27T11:23:41.870+0530][23.126s][info][gc,heap     ] GC(558) Humongous regions: 0->0
[2026-05-27T11:23:41.870+0530][23.126s][info][gc,metaspace] GC(558) Metaspace: 1745K(2048K)->1745K(2048K) NonClass: 1568K(1728K)->1568K(1728K) Class: 177K(320K)->177K(320K)
[2026-05-27T11:23:41.870+0530][23.126s][info][gc          ] GC(558) Pause Young (Normal) (G1 Evacuation Pause) 316M->16M(512M) 0.975ms
[2026-05-27T11:23:41.870+0530][23.126s][info][gc,cpu      ] GC(558) User=0.00s Sys=0.00s Real=0.01s
[2026-05-27T11:23:41.920+0530][23.176s][info][gc,start    ] GC(559) Pause Young (Normal) (G1 Evacuation Pause)
[2026-05-27T11:23:41.920+0530][23.176s][info][gc,task     ] GC(559) Using 9 workers of 9 for evacuation
[2026-05-27T11:23:41.922+0530][23.178s][info][gc,phases   ] GC(559)   Pre Evacuate Collection Set: 0.13ms
[2026-05-27T11:23:41.922+0530][23.178s][info][gc,phases   ] GC(559)   Merge Heap Roots: 0.12ms
[2026-05-27T11:23:41.922+0530][23.178s][info][gc,phases   ] GC(559)   Evacuate Collection Set: 1.34ms
[2026-05-27T11:23:41.922+0530][23.178s][info][gc,phases   ] GC(559)   Post Evacuate Collection Set: 0.40ms
[2026-05-27T11:23:41.922+0530][23.178s][info][gc,phases   ] GC(559)   Other: 0.14ms
[2026-05-27T11:23:41.922+0530][23.178s][info][gc,heap     ] GC(559) Eden regions: 301->0(300)
[2026-05-27T11:23:41.922+0530][23.178s][info][gc,heap     ] GC(559) Survivor regions: 6->7(39)
[2026-05-27T11:23:41.922+0530][23.178s][info][gc,heap     ] GC(559) Old regions: 10->10
[2026-05-27T11:23:41.922+0530][23.178s][info][gc,heap     ] GC(559) Archive regions: 2->2
[2026-05-27T11:23:41.922+0530][23.178s][info][gc,heap     ] GC(559) Humongous regions: 0->0
[2026-05-27T11:23:41.922+0530][23.178s][info][gc,metaspace] GC(559) Metaspace: 1745K(2048K)->1745K(2048K) NonClass: 1568K(1728K)->1568K(1728K) Class: 177K(320K)->177K(320K)
[2026-05-27T11:23:41.922+0530][23.178s][info][gc          ] GC(559) Pause Young (Normal) (G1 Evacuation Pause) 316M->16M(512M) 2.269ms
[2026-05-27T11:23:41.922+0530][23.178s][info][gc,cpu      ] GC(559) User=0.01s Sys=0.00s Real=0.00s
[2026-05-27T11:23:41.966+0530][23.223s][info][gc,start    ] GC(560) Pause Young (Normal) (G1 Evacuation Pause)
[2026-05-27T11:23:41.966+0530][23.223s][info][gc,task     ] GC(560) Using 9 workers of 9 for evacuation
[2026-05-27T11:23:41.968+0530][23.224s][info][gc,phases   ] GC(560)   Pre Evacuate Collection Set: 0.15ms
[2026-05-27T11:23:41.968+0530][23.224s][info][gc,phases   ] GC(560)   Merge Heap Roots: 0.06ms
[2026-05-27T11:23:41.968+0530][23.224s][info][gc,phases   ] GC(560)   Evacuate Collection Set: 0.70ms
[2026-05-27T11:23:41.968+0530][23.224s][info][gc,phases   ] GC(560)   Post Evacuate Collection Set: 0.26ms
[2026-05-27T11:23:41.968+0530][23.224s][info][gc,phases   ] GC(560)   Other: 0.13ms
[2026-05-27T11:23:41.968+0530][23.224s][info][gc,heap     ] GC(560) Eden regions: 300->0(300)
[2026-05-27T11:23:41.968+0530][23.224s][info][gc,heap     ] GC(560) Survivor regions: 7->7(39)
[2026-05-27T11:23:41.968+0530][23.224s][info][gc,heap     ] GC(560) Old regions: 10->10
[2026-05-27T11:23:41.968+0530][23.224s][info][gc,heap     ] GC(560) Archive regions: 2->2
[2026-05-27T11:23:41.968+0530][23.224s][info][gc,heap     ] GC(560) Humongous regions: 0->0
[2026-05-27T11:23:41.968+0530][23.224s][info][gc,metaspace] GC(560) Metaspace: 1745K(2048K)->1745K(2048K) NonClass: 1568K(1728K)->1568K(1728K) Class: 177K(320K)->177K(320K)
[2026-05-27T11:23:41.968+0530][23.224s][info][gc          ] GC(560) Pause Young (Normal) (G1 Evacuation Pause) 316M->17M(512M) 1.397ms
[2026-05-27T11:23:41.968+0530][23.224s][info][gc,cpu      ] GC(560) User=0.01s Sys=0.00s Real=0.00s
[2026-05-27T11:23:42.010+0530][23.266s][info][gc,start    ] GC(561) Pause Young (Normal) (G1 Evacuation Pause)
[2026-05-27T11:23:42.010+0530][23.266s][info][gc,task     ] GC(561) Using 9 workers of 9 for evacuation
[2026-05-27T11:23:42.011+0530][23.267s][info][gc,phases   ] GC(561)   Pre Evacuate Collection Set: 0.14ms
[2026-05-27T11:23:42.011+0530][23.267s][info][gc,phases   ] GC(561)   Merge Heap Roots: 0.06ms
[2026-05-27T11:23:42.011+0530][23.267s][info][gc,phases   ] GC(561)   Evacuate Collection Set: 0.34ms
[2026-05-27T11:23:42.011+0530][23.267s][info][gc,phases   ] GC(561)   Post Evacuate Collection Set: 0.20ms
[2026-05-27T11:23:42.011+0530][23.267s][info][gc,phases   ] GC(561)   Other: 0.12ms
[2026-05-27T11:23:42.011+0530][23.267s][info][gc,heap     ] GC(561) Eden regions: 300->0(301)
[2026-05-27T11:23:42.011+0530][23.267s][info][gc,heap     ] GC(561) Survivor regions: 7->6(39)
[2026-05-27T11:23:42.011+0530][23.267s][info][gc,heap     ] GC(561) Old regions: 10->10
[2026-05-27T11:23:42.011+0530][23.267s][info][gc,heap     ] GC(561) Archive regions: 2->2
[2026-05-27T11:23:42.011+0530][23.267s][info][gc,heap     ] GC(561) Humongous regions: 0->0
[2026-05-27T11:23:42.011+0530][23.267s][info][gc,metaspace] GC(561) Metaspace: 1745K(2048K)->1745K(2048K) NonClass: 1568K(1728K)->1568K(1728K) Class: 177K(320K)->177K(320K)
[2026-05-27T11:23:42.011+0530][23.267s][info][gc          ] GC(561) Pause Young (Normal) (G1 Evacuation Pause) 316M->15M(512M) 0.944ms
[2026-05-27T11:23:42.011+0530][23.267s][info][gc,cpu      ] GC(561) User=0.00s Sys=0.00s Real=0.00s
[2026-05-27T11:23:42.052+0530][23.309s][info][gc,start    ] GC(562) Pause Young (Normal) (G1 Evacuation Pause)
[2026-05-27T11:23:42.053+0530][23.309s][info][gc,task     ] GC(562) Using 9 workers of 9 for evacuation
[2026-05-27T11:23:42.053+0530][23.309s][info][gc,phases   ] GC(562)   Pre Evacuate Collection Set: 0.08ms
[2026-05-27T11:23:42.053+0530][23.309s][info][gc,phases   ] GC(562)   Merge Heap Roots: 0.08ms
[2026-05-27T11:23:42.053+0530][23.309s][info][gc,phases   ] GC(562)   Evacuate Collection Set: 0.26ms
[2026-05-27T11:23:42.053+0530][23.309s][info][gc,phases   ] GC(562)   Post Evacuate Collection Set: 0.18ms
[2026-05-27T11:23:42.053+0530][23.309s][info][gc,phases   ] GC(562)   Other: 0.13ms
[2026-05-27T11:23:42.053+0530][23.309s][info][gc,heap     ] GC(562) Eden regions: 301->0(305)
[2026-05-27T11:23:42.053+0530][23.309s][info][gc,heap     ] GC(562) Survivor regions: 6->2(39)
[2026-05-27T11:23:42.053+0530][23.309s][info][gc,heap     ] GC(562) Old regions: 10->10
[2026-05-27T11:23:42.053+0530][23.309s][info][gc,heap     ] GC(562) Archive regions: 2->2
[2026-05-27T11:23:42.053+0530][23.309s][info][gc,heap     ] GC(562) Humongous regions: 0->0
[2026-05-27T11:23:42.053+0530][23.309s][info][gc,metaspace] GC(562) Metaspace: 1745K(2048K)->1745K(2048K) NonClass: 1568K(1728K)->1568K(1728K) Class: 177K(320K)->177K(320K)
[2026-05-27T11:23:42.053+0530][23.309s][info][gc          ] GC(562) Pause Young (Normal) (G1 Evacuation Pause) 316M->11M(512M) 0.825ms
[2026-05-27T11:23:42.053+0530][23.309s][info][gc,cpu      ] GC(562) User=0.00s Sys=0.00s Real=0.00s
[2026-05-27T11:23:42.099+0530][23.355s][info][gc,start    ] GC(563) Pause Young (Normal) (G1 Evacuation Pause)
[2026-05-27T11:23:42.099+0530][23.355s][info][gc,task     ] GC(563) Using 9 workers of 9 for evacuation
[2026-05-27T11:23:42.099+0530][23.355s][info][gc,phases   ] GC(563)   Pre Evacuate Collection Set: 0.08ms
[2026-05-27T11:23:42.099+0530][23.356s][info][gc,phases   ] GC(563)   Merge Heap Roots: 0.06ms
[2026-05-27T11:23:42.099+0530][23.356s][info][gc,phases   ] GC(563)   Evacuate Collection Set: 0.26ms
[2026-05-27T11:23:42.099+0530][23.356s][info][gc,phases   ] GC(563)   Post Evacuate Collection Set: 0.28ms
[2026-05-27T11:23:42.099+0530][23.356s][info][gc,phases   ] GC(563)   Other: 0.12ms
[2026-05-27T11:23:42.099+0530][23.356s][info][gc,heap     ] GC(563) Eden regions: 305->0(306)
[2026-05-27T11:23:42.099+0530][23.356s][info][gc,heap     ] GC(563) Survivor regions: 2->1(39)
[2026-05-27T11:23:42.099+0530][23.356s][info][gc,heap     ] GC(563) Old regions: 10->10
[2026-05-27T11:23:42.099+0530][23.356s][info][gc,heap     ] GC(563) Archive regions: 2->2
[2026-05-27T11:23:42.099+0530][23.356s][info][gc,heap     ] GC(563) Humongous regions: 0->0
[2026-05-27T11:23:42.099+0530][23.356s][info][gc,metaspace] GC(563) Metaspace: 1745K(2048K)->1745K(2048K) NonClass: 1568K(1728K)->1568K(1728K) Class: 177K(320K)->177K(320K)
[2026-05-27T11:23:42.099+0530][23.356s][info][gc          ] GC(563) Pause Young (Normal) (G1 Evacuation Pause) 316M->10M(512M) 0.927ms
[2026-05-27T11:23:42.099+0530][23.356s][info][gc,cpu      ] GC(563) User=0.00s Sys=0.00s Real=0.00s
[2026-05-27T11:23:42.148+0530][23.404s][info][gc,start    ] GC(564) Pause Young (Normal) (G1 Evacuation Pause)
[2026-05-27T11:23:42.148+0530][23.404s][info][gc,task     ] GC(564) Using 9 workers of 9 for evacuation
[2026-05-27T11:23:42.149+0530][23.405s][info][gc,phases   ] GC(564)   Pre Evacuate Collection Set: 0.06ms
[2026-05-27T11:23:42.149+0530][23.405s][info][gc,phases   ] GC(564)   Merge Heap Roots: 0.06ms
[2026-05-27T11:23:42.149+0530][23.405s][info][gc,phases   ] GC(564)   Evacuate Collection Set: 0.30ms
[2026-05-27T11:23:42.149+0530][23.405s][info][gc,phases   ] GC(564)   Post Evacuate Collection Set: 0.19ms
[2026-05-27T11:23:42.149+0530][23.405s][info][gc,phases   ] GC(564)   Other: 0.10ms
[2026-05-27T11:23:42.149+0530][23.405s][info][gc,heap     ] GC(564) Eden regions: 306->0(302)
[2026-05-27T11:23:42.149+0530][23.405s][info][gc,heap     ] GC(564) Survivor regions: 1->5(39)
[2026-05-27T11:23:42.149+0530][23.405s][info][gc,heap     ] GC(564) Old regions: 10->10
[2026-05-27T11:23:42.149+0530][23.405s][info][gc,heap     ] GC(564) Archive regions: 2->2
[2026-05-27T11:23:42.149+0530][23.405s][info][gc,heap     ] GC(564) Humongous regions: 0->0
[2026-05-27T11:23:42.149+0530][23.405s][info][gc,metaspace] GC(564) Metaspace: 1745K(2048K)->1745K(2048K) NonClass: 1568K(1728K)->1568K(1728K) Class: 177K(320K)->177K(320K)
[2026-05-27T11:23:42.149+0530][23.405s][info][gc          ] GC(564) Pause Young (Normal) (G1 Evacuation Pause) 316M->14M(512M) 0.775ms
[2026-05-27T11:23:42.149+0530][23.405s][info][gc,cpu      ] GC(564) User=0.00s Sys=0.00s Real=0.00s
[2026-05-27T11:23:42.194+0530][23.451s][info][gc,start    ] GC(565) Pause Young (Normal) (G1 Evacuation Pause)
[2026-05-27T11:23:42.194+0530][23.451s][info][gc,task     ] GC(565) Using 9 workers of 9 for evacuation
[2026-05-27T11:23:42.195+0530][23.451s][info][gc,phases   ] GC(565)   Pre Evacuate Collection Set: 0.11ms
[2026-05-27T11:23:42.195+0530][23.451s][info][gc,phases   ] GC(565)   Merge Heap Roots: 0.04ms
[2026-05-27T11:23:42.195+0530][23.451s][info][gc,phases   ] GC(565)   Evacuate Collection Set: 0.23ms
[2026-05-27T11:23:42.195+0530][23.451s][info][gc,phases   ] GC(565)   Post Evacuate Collection Set: 0.19ms
[2026-05-27T11:23:42.195+0530][23.451s][info][gc,phases   ] GC(565)   Other: 0.12ms
[2026-05-27T11:23:42.195+0530][23.451s][info][gc,heap     ] GC(565) Eden regions: 302->0(304)
[2026-05-27T11:23:42.195+0530][23.451s][info][gc,heap     ] GC(565) Survivor regions: 5->3(39)
[2026-05-27T11:23:42.195+0530][23.451s][info][gc,heap     ] GC(565) Old regions: 10->10
[2026-05-27T11:23:42.195+0530][23.451s][info][gc,heap     ] GC(565) Archive regions: 2->2
[2026-05-27T11:23:42.195+0530][23.451s][info][gc,heap     ] GC(565) Humongous regions: 0->0
[2026-05-27T11:23:42.195+0530][23.451s][info][gc,metaspace] GC(565) Metaspace: 1745K(2048K)->1745K(2048K) NonClass: 1568K(1728K)->1568K(1728K) Class: 177K(320K)->177K(320K)
[2026-05-27T11:23:42.195+0530][23.451s][info][gc          ] GC(565) Pause Young (Normal) (G1 Evacuation Pause) 316M->12M(512M) 0.741ms
[2026-05-27T11:23:42.195+0530][23.451s][info][gc,cpu      ] GC(565) User=0.01s Sys=0.00s Real=0.00s
[2026-05-27T11:23:42.246+0530][23.503s][info][gc,start    ] GC(566) Pause Young (Normal) (G1 Evacuation Pause)
[2026-05-27T11:23:42.247+0530][23.503s][info][gc,task     ] GC(566) Using 9 workers of 9 for evacuation
[2026-05-27T11:23:42.247+0530][23.503s][info][gc,phases   ] GC(566)   Pre Evacuate Collection Set: 0.05ms
[2026-05-27T11:23:42.247+0530][23.503s][info][gc,phases   ] GC(566)   Merge Heap Roots: 0.04ms
[2026-05-27T11:23:42.247+0530][23.503s][info][gc,phases   ] GC(566)   Evacuate Collection Set: 0.40ms
[2026-05-27T11:23:42.247+0530][23.503s][info][gc,phases   ] GC(566)   Post Evacuate Collection Set: 0.14ms
[2026-05-27T11:23:42.247+0530][23.503s][info][gc,phases   ] GC(566)   Other: 0.11ms
[2026-05-27T11:23:42.247+0530][23.503s][info][gc,heap     ] GC(566) Eden regions: 304->0(303)
[2026-05-27T11:23:42.247+0530][23.503s][info][gc,heap     ] GC(566) Survivor regions: 3->4(39)
[2026-05-27T11:23:42.247+0530][23.503s][info][gc,heap     ] GC(566) Old regions: 10->10
[2026-05-27T11:23:42.247+0530][23.503s][info][gc,heap     ] GC(566) Archive regions: 2->2
[2026-05-27T11:23:42.247+0530][23.503s][info][gc,heap     ] GC(566) Humongous regions: 0->0
[2026-05-27T11:23:42.247+0530][23.503s][info][gc,metaspace] GC(566) Metaspace: 1745K(2048K)->1745K(2048K) NonClass: 1568K(1728K)->1568K(1728K) Class: 177K(320K)->177K(320K)
[2026-05-27T11:23:42.247+0530][23.503s][info][gc          ] GC(566) Pause Young (Normal) (G1 Evacuation Pause) 316M->13M(512M) 0.835ms
[2026-05-27T11:23:42.247+0530][23.503s][info][gc,cpu      ] GC(566) User=0.00s Sys=0.00s Real=0.00s
[2026-05-27T11:23:42.292+0530][23.548s][info][gc,start    ] GC(567) Pause Young (Normal) (G1 Evacuation Pause)
[2026-05-27T11:23:42.292+0530][23.548s][info][gc,task     ] GC(567) Using 9 workers of 9 for evacuation
[2026-05-27T11:23:42.293+0530][23.549s][info][gc,phases   ] GC(567)   Pre Evacuate Collection Set: 0.21ms
[2026-05-27T11:23:42.293+0530][23.549s][info][gc,phases   ] GC(567)   Merge Heap Roots: 0.15ms
[2026-05-27T11:23:42.293+0530][23.549s][info][gc,phases   ] GC(567)   Evacuate Collection Set: 0.48ms
[2026-05-27T11:23:42.293+0530][23.549s][info][gc,phases   ] GC(567)   Post Evacuate Collection Set: 0.26ms
[2026-05-27T11:23:42.293+0530][23.549s][info][gc,phases   ] GC(567)   Other: 0.28ms
[2026-05-27T11:23:42.293+0530][23.549s][info][gc,heap     ] GC(567) Eden regions: 303->0(301)
[2026-05-27T11:23:42.293+0530][23.549s][info][gc,heap     ] GC(567) Survivor regions: 4->6(39)
[2026-05-27T11:23:42.293+0530][23.549s][info][gc,heap     ] GC(567) Old regions: 10->10
[2026-05-27T11:23:42.293+0530][23.549s][info][gc,heap     ] GC(567) Archive regions: 2->2
[2026-05-27T11:23:42.293+0530][23.549s][info][gc,heap     ] GC(567) Humongous regions: 9->0
[2026-05-27T11:23:42.293+0530][23.549s][info][gc,metaspace] GC(567) Metaspace: 1745K(2048K)->1745K(2048K) NonClass: 1568K(1728K)->1568K(1728K) Class: 177K(320K)->177K(320K)
[2026-05-27T11:23:42.293+0530][23.549s][info][gc          ] GC(567) Pause Young (Normal) (G1 Evacuation Pause) 325M->16M(512M) 1.477ms
[2026-05-27T11:23:42.293+0530][23.549s][info][gc,cpu      ] GC(567) User=0.01s Sys=0.00s Real=0.00s
[2026-05-27T11:23:42.339+0530][23.595s][info][gc,start    ] GC(568) Pause Young (Normal) (G1 Evacuation Pause)
[2026-05-27T11:23:42.339+0530][23.595s][info][gc,task     ] GC(568) Using 9 workers of 9 for evacuation
[2026-05-27T11:23:42.340+0530][23.596s][info][gc,phases   ] GC(568)   Pre Evacuate Collection Set: 0.08ms
[2026-05-27T11:23:42.340+0530][23.596s][info][gc,phases   ] GC(568)   Merge Heap Roots: 0.06ms
[2026-05-27T11:23:42.340+0530][23.596s][info][gc,phases   ] GC(568)   Evacuate Collection Set: 0.31ms
[2026-05-27T11:23:42.340+0530][23.596s][info][gc,phases   ] GC(568)   Post Evacuate Collection Set: 0.20ms
[2026-05-27T11:23:42.340+0530][23.596s][info][gc,phases   ] GC(568)   Other: 0.10ms
[2026-05-27T11:23:42.340+0530][23.596s][info][gc,heap     ] GC(568) Eden regions: 301->0(305)
[2026-05-27T11:23:42.340+0530][23.596s][info][gc,heap     ] GC(568) Survivor regions: 6->2(39)
[2026-05-27T11:23:42.340+0530][23.596s][info][gc,heap     ] GC(568) Old regions: 10->10
[2026-05-27T11:23:42.340+0530][23.596s][info][gc,heap     ] GC(568) Archive regions: 2->2
[2026-05-27T11:23:42.340+0530][23.596s][info][gc,heap     ] GC(568) Humongous regions: 0->0
[2026-05-27T11:23:42.340+0530][23.596s][info][gc,metaspace] GC(568) Metaspace: 1745K(2048K)->1745K(2048K) NonClass: 1568K(1728K)->1568K(1728K) Class: 177K(320K)->177K(320K)
[2026-05-27T11:23:42.340+0530][23.596s][info][gc          ] GC(568) Pause Young (Normal) (G1 Evacuation Pause) 316M->11M(512M) 0.810ms
[2026-05-27T11:23:42.340+0530][23.596s][info][gc,cpu      ] GC(568) User=0.00s Sys=0.00s Real=0.01s
[2026-05-27T11:23:42.379+0530][23.635s][info][gc,start    ] GC(569) Pause Young (Normal) (G1 Evacuation Pause)
[2026-05-27T11:23:42.379+0530][23.635s][info][gc,task     ] GC(569) Using 9 workers of 9 for evacuation
[2026-05-27T11:23:42.380+0530][23.636s][info][gc,phases   ] GC(569)   Pre Evacuate Collection Set: 0.07ms
[2026-05-27T11:23:42.380+0530][23.636s][info][gc,phases   ] GC(569)   Merge Heap Roots: 0.05ms
[2026-05-27T11:23:42.380+0530][23.636s][info][gc,phases   ] GC(569)   Evacuate Collection Set: 0.30ms
[2026-05-27T11:23:42.380+0530][23.636s][info][gc,phases   ] GC(569)   Post Evacuate Collection Set: 0.20ms
[2026-05-27T11:23:42.380+0530][23.636s][info][gc,phases   ] GC(569)   Other: 0.11ms
[2026-05-27T11:23:42.380+0530][23.636s][info][gc,heap     ] GC(569) Eden regions: 305->0(300)
[2026-05-27T11:23:42.380+0530][23.636s][info][gc,heap     ] GC(569) Survivor regions: 2->7(39)
[2026-05-27T11:23:42.380+0530][23.636s][info][gc,heap     ] GC(569) Old regions: 10->10
[2026-05-27T11:23:42.380+0530][23.636s][info][gc,heap     ] GC(569) Archive regions: 2->2
[2026-05-27T11:23:42.380+0530][23.636s][info][gc,heap     ] GC(569) Humongous regions: 0->0
[2026-05-27T11:23:42.380+0530][23.636s][info][gc,metaspace] GC(569) Metaspace: 1745K(2048K)->1745K(2048K) NonClass: 1568K(1728K)->1568K(1728K) Class: 177K(320K)->177K(320K)
[2026-05-27T11:23:42.380+0530][23.636s][info][gc          ] GC(569) Pause Young (Normal) (G1 Evacuation Pause) 316M->16M(512M) 0.797ms
[2026-05-27T11:23:42.380+0530][23.636s][info][gc,cpu      ] GC(569) User=0.00s Sys=0.00s Real=0.01s
[2026-05-27T11:23:42.421+0530][23.678s][info][gc,start    ] GC(570) Pause Young (Normal) (G1 Evacuation Pause)
[2026-05-27T11:23:42.421+0530][23.678s][info][gc,task     ] GC(570) Using 9 workers of 9 for evacuation
[2026-05-27T11:23:42.422+0530][23.678s][info][gc,phases   ] GC(570)   Pre Evacuate Collection Set: 0.09ms
[2026-05-27T11:23:42.422+0530][23.678s][info][gc,phases   ] GC(570)   Merge Heap Roots: 0.13ms
[2026-05-27T11:23:42.422+0530][23.678s][info][gc,phases   ] GC(570)   Evacuate Collection Set: 0.26ms
[2026-05-27T11:23:42.422+0530][23.678s][info][gc,phases   ] GC(570)   Post Evacuate Collection Set: 0.24ms
[2026-05-27T11:23:42.422+0530][23.678s][info][gc,phases   ] GC(570)   Other: 0.10ms
[2026-05-27T11:23:42.422+0530][23.678s][info][gc,heap     ] GC(570) Eden regions: 300->0(302)
[2026-05-27T11:23:42.422+0530][23.678s][info][gc,heap     ] GC(570) Survivor regions: 7->5(39)
[2026-05-27T11:23:42.422+0530][23.678s][info][gc,heap     ] GC(570) Old regions: 10->10
[2026-05-27T11:23:42.422+0530][23.678s][info][gc,heap     ] GC(570) Archive regions: 2->2
[2026-05-27T11:23:42.422+0530][23.678s][info][gc,heap     ] GC(570) Humongous regions: 0->0
[2026-05-27T11:23:42.422+0530][23.678s][info][gc,metaspace] GC(570) Metaspace: 1745K(2048K)->1745K(2048K) NonClass: 1568K(1728K)->1568K(1728K) Class: 177K(320K)->177K(320K)
[2026-05-27T11:23:42.422+0530][23.678s][info][gc          ] GC(570) Pause Young (Normal) (G1 Evacuation Pause) 316M->14M(512M) 0.912ms
[2026-05-27T11:23:42.422+0530][23.678s][info][gc,cpu      ] GC(570) User=0.00s Sys=0.01s Real=0.00s
[2026-05-27T11:23:42.464+0530][23.720s][info][gc,start    ] GC(571) Pause Young (Normal) (G1 Evacuation Pause)
[2026-05-27T11:23:42.464+0530][23.720s][info][gc,task     ] GC(571) Using 9 workers of 9 for evacuation
[2026-05-27T11:23:42.464+0530][23.721s][info][gc,phases   ] GC(571)   Pre Evacuate Collection Set: 0.07ms
[2026-05-27T11:23:42.464+0530][23.721s][info][gc,phases   ] GC(571)   Merge Heap Roots: 0.05ms
[2026-05-27T11:23:42.465+0530][23.721s][info][gc,phases   ] GC(571)   Evacuate Collection Set: 0.34ms
[2026-05-27T11:23:42.465+0530][23.721s][info][gc,phases   ] GC(571)   Post Evacuate Collection Set: 0.18ms
[2026-05-27T11:23:42.465+0530][23.721s][info][gc,phases   ] GC(571)   Other: 0.11ms
[2026-05-27T11:23:42.465+0530][23.721s][info][gc,heap     ] GC(571) Eden regions: 302->0(300)
[2026-05-27T11:23:42.465+0530][23.721s][info][gc,heap     ] GC(571) Survivor regions: 5->7(39)
[2026-05-27T11:23:42.465+0530][23.721s][info][gc,heap     ] GC(571) Old regions: 10->10
[2026-05-27T11:23:42.465+0530][23.721s][info][gc,heap     ] GC(571) Archive regions: 2->2
[2026-05-27T11:23:42.465+0530][23.721s][info][gc,heap     ] GC(571) Humongous regions: 0->0
[2026-05-27T11:23:42.465+0530][23.721s][info][gc,metaspace] GC(571) Metaspace: 1745K(2048K)->1745K(2048K) NonClass: 1568K(1728K)->1568K(1728K) Class: 177K(320K)->177K(320K)
[2026-05-27T11:23:42.465+0530][23.721s][info][gc          ] GC(571) Pause Young (Normal) (G1 Evacuation Pause) 316M->16M(512M) 0.827ms
[2026-05-27T11:23:42.465+0530][23.721s][info][gc,cpu      ] GC(571) User=0.00s Sys=0.00s Real=0.00s
[2026-05-27T11:23:42.505+0530][23.761s][info][gc,start    ] GC(572) Pause Young (Normal) (G1 Evacuation Pause)
[2026-05-27T11:23:42.505+0530][23.761s][info][gc,task     ] GC(572) Using 9 workers of 9 for evacuation
[2026-05-27T11:23:42.506+0530][23.762s][info][gc,phases   ] GC(572)   Pre Evacuate Collection Set: 0.07ms
[2026-05-27T11:23:42.506+0530][23.762s][info][gc,phases   ] GC(572)   Merge Heap Roots: 0.04ms
[2026-05-27T11:23:42.506+0530][23.762s][info][gc,phases   ] GC(572)   Evacuate Collection Set: 0.26ms
[2026-05-27T11:23:42.506+0530][23.762s][info][gc,phases   ] GC(572)   Post Evacuate Collection Set: 0.22ms
[2026-05-27T11:23:42.506+0530][23.762s][info][gc,phases   ] GC(572)   Other: 0.11ms
[2026-05-27T11:23:42.506+0530][23.762s][info][gc,heap     ] GC(572) Eden regions: 300->0(302)
[2026-05-27T11:23:42.506+0530][23.762s][info][gc,heap     ] GC(572) Survivor regions: 7->5(39)
[2026-05-27T11:23:42.506+0530][23.762s][info][gc,heap     ] GC(572) Old regions: 10->10
[2026-05-27T11:23:42.506+0530][23.762s][info][gc,heap     ] GC(572) Archive regions: 2->2
[2026-05-27T11:23:42.506+0530][23.762s][info][gc,heap     ] GC(572) Humongous regions: 9->0
[2026-05-27T11:23:42.506+0530][23.762s][info][gc,metaspace] GC(572) Metaspace: 1745K(2048K)->1745K(2048K) NonClass: 1568K(1728K)->1568K(1728K) Class: 177K(320K)->177K(320K)
[2026-05-27T11:23:42.506+0530][23.762s][info][gc          ] GC(572) Pause Young (Normal) (G1 Evacuation Pause) 325M->14M(512M) 0.773ms
[2026-05-27T11:23:42.506+0530][23.762s][info][gc,cpu      ] GC(572) User=0.00s Sys=0.00s Real=0.00s
[2026-05-27T11:23:42.547+0530][23.804s][info][gc,start    ] GC(573) Pause Young (Normal) (G1 Evacuation Pause)
[2026-05-27T11:23:42.547+0530][23.804s][info][gc,task     ] GC(573) Using 9 workers of 9 for evacuation
[2026-05-27T11:23:42.548+0530][23.804s][info][gc,phases   ] GC(573)   Pre Evacuate Collection Set: 0.06ms
[2026-05-27T11:23:42.548+0530][23.804s][info][gc,phases   ] GC(573)   Merge Heap Roots: 0.09ms
[2026-05-27T11:23:42.548+0530][23.804s][info][gc,phases   ] GC(573)   Evacuate Collection Set: 0.32ms
[2026-05-27T11:23:42.548+0530][23.804s][info][gc,phases   ] GC(573)   Post Evacuate Collection Set: 0.18ms
[2026-05-27T11:23:42.548+0530][23.804s][info][gc,phases   ] GC(573)   Other: 0.10ms
[2026-05-27T11:23:42.548+0530][23.804s][info][gc,heap     ] GC(573) Eden regions: 302->0(306)
[2026-05-27T11:23:42.548+0530][23.804s][info][gc,heap     ] GC(573) Survivor regions: 5->1(39)
[2026-05-27T11:23:42.548+0530][23.804s][info][gc,heap     ] GC(573) Old regions: 10->10
[2026-05-27T11:23:42.548+0530][23.804s][info][gc,heap     ] GC(573) Archive regions: 2->2
[2026-05-27T11:23:42.548+0530][23.804s][info][gc,heap     ] GC(573) Humongous regions: 0->0
[2026-05-27T11:23:42.548+0530][23.804s][info][gc,metaspace] GC(573) Metaspace: 1745K(2048K)->1745K(2048K) NonClass: 1568K(1728K)->1568K(1728K) Class: 177K(320K)->177K(320K)
[2026-05-27T11:23:42.548+0530][23.804s][info][gc          ] GC(573) Pause Young (Normal) (G1 Evacuation Pause) 316M->11M(512M) 0.806ms
[2026-05-27T11:23:42.548+0530][23.804s][info][gc,cpu      ] GC(573) User=0.00s Sys=0.00s Real=0.00s
[2026-05-27T11:23:42.588+0530][23.844s][info][gc,start    ] GC(574) Pause Young (Normal) (G1 Evacuation Pause)
[2026-05-27T11:23:42.588+0530][23.844s][info][gc,task     ] GC(574) Using 9 workers of 9 for evacuation
[2026-05-27T11:23:42.588+0530][23.845s][info][gc,phases   ] GC(574)   Pre Evacuate Collection Set: 0.07ms
[2026-05-27T11:23:42.589+0530][23.845s][info][gc,phases   ] GC(574)   Merge Heap Roots: 0.05ms
[2026-05-27T11:23:42.589+0530][23.845s][info][gc,phases   ] GC(574)   Evacuate Collection Set: 0.29ms
[2026-05-27T11:23:42.589+0530][23.845s][info][gc,phases   ] GC(574)   Post Evacuate Collection Set: 0.16ms
[2026-05-27T11:23:42.589+0530][23.845s][info][gc,phases   ] GC(574)   Other: 0.11ms
[2026-05-27T11:23:42.589+0530][23.845s][info][gc,heap     ] GC(574) Eden regions: 306->0(300)
[2026-05-27T11:23:42.589+0530][23.845s][info][gc,heap     ] GC(574) Survivor regions: 1->7(39)
[2026-05-27T11:23:42.589+0530][23.845s][info][gc,heap     ] GC(574) Old regions: 10->10
[2026-05-27T11:23:42.589+0530][23.845s][info][gc,heap     ] GC(574) Archive regions: 2->2
[2026-05-27T11:23:42.589+0530][23.845s][info][gc,heap     ] GC(574) Humongous regions: 9->0
[2026-05-27T11:23:42.589+0530][23.845s][info][gc,metaspace] GC(574) Metaspace: 1745K(2048K)->1745K(2048K) NonClass: 1568K(1728K)->1568K(1728K) Class: 177K(320K)->177K(320K)
[2026-05-27T11:23:42.589+0530][23.845s][info][gc          ] GC(574) Pause Young (Normal) (G1 Evacuation Pause) 325M->16M(512M) 0.774ms
[2026-05-27T11:23:42.589+0530][23.845s][info][gc,cpu      ] GC(574) User=0.01s Sys=0.00s Real=0.00s
[2026-05-27T11:23:42.628+0530][23.885s][info][gc,start    ] GC(575) Pause Young (Normal) (G1 Evacuation Pause)
[2026-05-27T11:23:42.629+0530][23.885s][info][gc,task     ] GC(575) Using 9 workers of 9 for evacuation
[2026-05-27T11:23:42.629+0530][23.885s][info][gc,phases   ] GC(575)   Pre Evacuate Collection Set: 0.11ms
[2026-05-27T11:23:42.629+0530][23.885s][info][gc,phases   ] GC(575)   Merge Heap Roots: 0.07ms
[2026-05-27T11:23:42.629+0530][23.885s][info][gc,phases   ] GC(575)   Evacuate Collection Set: 0.27ms
[2026-05-27T11:23:42.629+0530][23.885s][info][gc,phases   ] GC(575)   Post Evacuate Collection Set: 0.20ms
[2026-05-27T11:23:42.629+0530][23.885s][info][gc,phases   ] GC(575)   Other: 0.11ms
[2026-05-27T11:23:42.629+0530][23.885s][info][gc,heap     ] GC(575) Eden regions: 300->0(302)
[2026-05-27T11:23:42.629+0530][23.885s][info][gc,heap     ] GC(575) Survivor regions: 7->5(39)
[2026-05-27T11:23:42.629+0530][23.885s][info][gc,heap     ] GC(575) Old regions: 10->10
[2026-05-27T11:23:42.629+0530][23.885s][info][gc,heap     ] GC(575) Archive regions: 2->2
[2026-05-27T11:23:42.629+0530][23.885s][info][gc,heap     ] GC(575) Humongous regions: 9->0
[2026-05-27T11:23:42.629+0530][23.885s][info][gc,metaspace] GC(575) Metaspace: 1745K(2048K)->1745K(2048K) NonClass: 1568K(1728K)->1568K(1728K) Class: 177K(320K)->177K(320K)
[2026-05-27T11:23:42.629+0530][23.885s][info][gc          ] GC(575) Pause Young (Normal) (G1 Evacuation Pause) 325M->15M(512M) 0.832ms
[2026-05-27T11:23:42.629+0530][23.885s][info][gc,cpu      ] GC(575) User=0.00s Sys=0.00s Real=0.00s
[2026-05-27T11:23:42.671+0530][23.927s][info][gc,start    ] GC(576) Pause Young (Normal) (G1 Evacuation Pause)
[2026-05-27T11:23:42.671+0530][23.927s][info][gc,task     ] GC(576) Using 9 workers of 9 for evacuation
[2026-05-27T11:23:42.672+0530][23.928s][info][gc,phases   ] GC(576)   Pre Evacuate Collection Set: 0.07ms
[2026-05-27T11:23:42.672+0530][23.928s][info][gc,phases   ] GC(576)   Merge Heap Roots: 0.04ms
[2026-05-27T11:23:42.672+0530][23.928s][info][gc,phases   ] GC(576)   Evacuate Collection Set: 0.27ms
[2026-05-27T11:23:42.672+0530][23.928s][info][gc,phases   ] GC(576)   Post Evacuate Collection Set: 0.15ms
[2026-05-27T11:23:42.672+0530][23.928s][info][gc,phases   ] GC(576)   Other: 0.11ms
[2026-05-27T11:23:42.672+0530][23.928s][info][gc,heap     ] GC(576) Eden regions: 302->0(300)
[2026-05-27T11:23:42.672+0530][23.928s][info][gc,heap     ] GC(576) Survivor regions: 5->7(39)
[2026-05-27T11:23:42.672+0530][23.928s][info][gc,heap     ] GC(576) Old regions: 10->10
[2026-05-27T11:23:42.672+0530][23.928s][info][gc,heap     ] GC(576) Archive regions: 2->2
[2026-05-27T11:23:42.672+0530][23.928s][info][gc,heap     ] GC(576) Humongous regions: 0->0
[2026-05-27T11:23:42.672+0530][23.928s][info][gc,metaspace] GC(576) Metaspace: 1745K(2048K)->1745K(2048K) NonClass: 1568K(1728K)->1568K(1728K) Class: 177K(320K)->177K(320K)
[2026-05-27T11:23:42.672+0530][23.928s][info][gc          ] GC(576) Pause Young (Normal) (G1 Evacuation Pause) 316M->16M(512M) 0.701ms
[2026-05-27T11:23:42.672+0530][23.928s][info][gc,cpu      ] GC(576) User=0.00s Sys=0.00s Real=0.00s
[2026-05-27T11:23:42.711+0530][23.967s][info][gc,start    ] GC(577) Pause Young (Normal) (G1 Evacuation Pause)
[2026-05-27T11:23:42.711+0530][23.967s][info][gc,task     ] GC(577) Using 9 workers of 9 for evacuation
[2026-05-27T11:23:42.712+0530][23.968s][info][gc,phases   ] GC(577)   Pre Evacuate Collection Set: 0.07ms
[2026-05-27T11:23:42.712+0530][23.968s][info][gc,phases   ] GC(577)   Merge Heap Roots: 0.05ms
[2026-05-27T11:23:42.712+0530][23.968s][info][gc,phases   ] GC(577)   Evacuate Collection Set: 0.27ms
[2026-05-27T11:23:42.712+0530][23.968s][info][gc,phases   ] GC(577)   Post Evacuate Collection Set: 0.23ms
[2026-05-27T11:23:42.712+0530][23.968s][info][gc,phases   ] GC(577)   Other: 0.10ms
[2026-05-27T11:23:42.712+0530][23.968s][info][gc,heap     ] GC(577) Eden regions: 300->0(302)
[2026-05-27T11:23:42.712+0530][23.968s][info][gc,heap     ] GC(577) Survivor regions: 7->5(39)
[2026-05-27T11:23:42.712+0530][23.968s][info][gc,heap     ] GC(577) Old regions: 10->10
[2026-05-27T11:23:42.712+0530][23.968s][info][gc,heap     ] GC(577) Archive regions: 2->2
[2026-05-27T11:23:42.712+0530][23.968s][info][gc,heap     ] GC(577) Humongous regions: 0->0
[2026-05-27T11:23:42.712+0530][23.968s][info][gc,metaspace] GC(577) Metaspace: 1745K(2048K)->1745K(2048K) NonClass: 1568K(1728K)->1568K(1728K) Class: 177K(320K)->177K(320K)
[2026-05-27T11:23:42.712+0530][23.968s][info][gc          ] GC(577) Pause Young (Normal) (G1 Evacuation Pause) 316M->14M(512M) 0.794ms
[2026-05-27T11:23:42.712+0530][23.968s][info][gc,cpu      ] GC(577) User=0.00s Sys=0.00s Real=0.00s
[2026-05-27T11:23:42.753+0530][24.009s][info][gc,start    ] GC(578) Pause Young (Normal) (G1 Evacuation Pause)
[2026-05-27T11:23:42.753+0530][24.009s][info][gc,task     ] GC(578) Using 9 workers of 9 for evacuation
[2026-05-27T11:23:42.754+0530][24.010s][info][gc,phases   ] GC(578)   Pre Evacuate Collection Set: 0.07ms
[2026-05-27T11:23:42.754+0530][24.010s][info][gc,phases   ] GC(578)   Merge Heap Roots: 0.05ms
[2026-05-27T11:23:42.754+0530][24.010s][info][gc,phases   ] GC(578)   Evacuate Collection Set: 0.24ms
[2026-05-27T11:23:42.754+0530][24.010s][info][gc,phases   ] GC(578)   Post Evacuate Collection Set: 0.23ms
[2026-05-27T11:23:42.754+0530][24.010s][info][gc,phases   ] GC(578)   Other: 0.10ms
[2026-05-27T11:23:42.754+0530][24.010s][info][gc,heap     ] GC(578) Eden regions: 302->0(302)
[2026-05-27T11:23:42.754+0530][24.010s][info][gc,heap     ] GC(578) Survivor regions: 5->5(39)
[2026-05-27T11:23:42.754+0530][24.010s][info][gc,heap     ] GC(578) Old regions: 10->10
[2026-05-27T11:23:42.754+0530][24.010s][info][gc,heap     ] GC(578) Archive regions: 2->2
[2026-05-27T11:23:42.754+0530][24.010s][info][gc,heap     ] GC(578) Humongous regions: 0->0
[2026-05-27T11:23:42.754+0530][24.010s][info][gc,metaspace] GC(578) Metaspace: 1745K(2048K)->1745K(2048K) NonClass: 1568K(1728K)->1568K(1728K) Class: 177K(320K)->177K(320K)
[2026-05-27T11:23:42.754+0530][24.010s][info][gc          ] GC(578) Pause Young (Normal) (G1 Evacuation Pause) 316M->14M(512M) 0.762ms
[2026-05-27T11:23:42.754+0530][24.010s][info][gc,cpu      ] GC(578) User=0.00s Sys=0.00s Real=0.00s
[2026-05-27T11:23:42.795+0530][24.051s][info][gc,start    ] GC(579) Pause Young (Normal) (G1 Evacuation Pause)
[2026-05-27T11:23:42.795+0530][24.051s][info][gc,task     ] GC(579) Using 9 workers of 9 for evacuation
[2026-05-27T11:23:42.795+0530][24.051s][info][gc,phases   ] GC(579)   Pre Evacuate Collection Set: 0.10ms
[2026-05-27T11:23:42.795+0530][24.051s][info][gc,phases   ] GC(579)   Merge Heap Roots: 0.08ms
[2026-05-27T11:23:42.795+0530][24.051s][info][gc,phases   ] GC(579)   Evacuate Collection Set: 0.25ms
[2026-05-27T11:23:42.795+0530][24.051s][info][gc,phases   ] GC(579)   Post Evacuate Collection Set: 0.20ms
[2026-05-27T11:23:42.795+0530][24.051s][info][gc,phases   ] GC(579)   Other: 0.12ms
[2026-05-27T11:23:42.795+0530][24.051s][info][gc,heap     ] GC(579) Eden regions: 302->0(302)
[2026-05-27T11:23:42.795+0530][24.051s][info][gc,heap     ] GC(579) Survivor regions: 5->5(39)
[2026-05-27T11:23:42.795+0530][24.051s][info][gc,heap     ] GC(579) Old regions: 10->10
[2026-05-27T11:23:42.795+0530][24.051s][info][gc,heap     ] GC(579) Archive regions: 2->2
[2026-05-27T11:23:42.795+0530][24.051s][info][gc,heap     ] GC(579) Humongous regions: 0->0
[2026-05-27T11:23:42.795+0530][24.051s][info][gc,metaspace] GC(579) Metaspace: 1745K(2048K)->1745K(2048K) NonClass: 1568K(1728K)->1568K(1728K) Class: 177K(320K)->177K(320K)
[2026-05-27T11:23:42.795+0530][24.051s][info][gc          ] GC(579) Pause Young (Normal) (G1 Evacuation Pause) 316M->14M(512M) 0.796ms
[2026-05-27T11:23:42.795+0530][24.051s][info][gc,cpu      ] GC(579) User=0.01s Sys=0.00s Real=0.00s
[2026-05-27T11:23:42.838+0530][24.094s][info][gc,start    ] GC(580) Pause Young (Normal) (G1 Evacuation Pause)
[2026-05-27T11:23:42.838+0530][24.095s][info][gc,task     ] GC(580) Using 9 workers of 9 for evacuation
[2026-05-27T11:23:42.839+0530][24.095s][info][gc,phases   ] GC(580)   Pre Evacuate Collection Set: 0.10ms
[2026-05-27T11:23:42.839+0530][24.095s][info][gc,phases   ] GC(580)   Merge Heap Roots: 0.07ms
[2026-05-27T11:23:42.839+0530][24.095s][info][gc,phases   ] GC(580)   Evacuate Collection Set: 0.28ms
[2026-05-27T11:23:42.839+0530][24.095s][info][gc,phases   ] GC(580)   Post Evacuate Collection Set: 0.21ms
[2026-05-27T11:23:42.839+0530][24.095s][info][gc,phases   ] GC(580)   Other: 0.10ms
[2026-05-27T11:23:42.839+0530][24.095s][info][gc,heap     ] GC(580) Eden regions: 302->0(302)
[2026-05-27T11:23:42.839+0530][24.095s][info][gc,heap     ] GC(580) Survivor regions: 5->5(39)
[2026-05-27T11:23:42.839+0530][24.095s][info][gc,heap     ] GC(580) Old regions: 10->10
[2026-05-27T11:23:42.839+0530][24.095s][info][gc,heap     ] GC(580) Archive regions: 2->2
[2026-05-27T11:23:42.839+0530][24.095s][info][gc,heap     ] GC(580) Humongous regions: 0->0
[2026-05-27T11:23:42.839+0530][24.095s][info][gc,metaspace] GC(580) Metaspace: 1745K(2048K)->1745K(2048K) NonClass: 1568K(1728K)->1568K(1728K) Class: 177K(320K)->177K(320K)
[2026-05-27T11:23:42.839+0530][24.095s][info][gc          ] GC(580) Pause Young (Normal) (G1 Evacuation Pause) 316M->14M(512M) 0.826ms
[2026-05-27T11:23:42.839+0530][24.095s][info][gc,cpu      ] GC(580) User=0.00s Sys=0.00s Real=0.00s
[2026-05-27T11:23:42.878+0530][24.134s][info][gc,start    ] GC(581) Pause Young (Normal) (G1 Evacuation Pause)
[2026-05-27T11:23:42.878+0530][24.134s][info][gc,task     ] GC(581) Using 9 workers of 9 for evacuation
[2026-05-27T11:23:42.879+0530][24.135s][info][gc,phases   ] GC(581)   Pre Evacuate Collection Set: 0.08ms
[2026-05-27T11:23:42.879+0530][24.135s][info][gc,phases   ] GC(581)   Merge Heap Roots: 0.08ms
[2026-05-27T11:23:42.879+0530][24.135s][info][gc,phases   ] GC(581)   Evacuate Collection Set: 0.25ms
[2026-05-27T11:23:42.879+0530][24.135s][info][gc,phases   ] GC(581)   Post Evacuate Collection Set: 0.24ms
[2026-05-27T11:23:42.879+0530][24.135s][info][gc,phases   ] GC(581)   Other: 0.12ms
[2026-05-27T11:23:42.879+0530][24.135s][info][gc,heap     ] GC(581) Eden regions: 302->0(301)
[2026-05-27T11:23:42.879+0530][24.135s][info][gc,heap     ] GC(581) Survivor regions: 5->6(39)
[2026-05-27T11:23:42.879+0530][24.135s][info][gc,heap     ] GC(581) Old regions: 10->10
[2026-05-27T11:23:42.879+0530][24.135s][info][gc,heap     ] GC(581) Archive regions: 2->2
[2026-05-27T11:23:42.879+0530][24.135s][info][gc,heap     ] GC(581) Humongous regions: 0->0
[2026-05-27T11:23:42.879+0530][24.135s][info][gc,metaspace] GC(581) Metaspace: 1745K(2048K)->1745K(2048K) NonClass: 1568K(1728K)->1568K(1728K) Class: 177K(320K)->177K(320K)
[2026-05-27T11:23:42.879+0530][24.135s][info][gc          ] GC(581) Pause Young (Normal) (G1 Evacuation Pause) 316M->15M(512M) 0.850ms
[2026-05-27T11:23:42.879+0530][24.135s][info][gc,cpu      ] GC(581) User=0.00s Sys=0.00s Real=0.00s
[2026-05-27T11:23:42.921+0530][24.177s][info][gc,start    ] GC(582) Pause Young (Normal) (G1 Evacuation Pause)
[2026-05-27T11:23:42.921+0530][24.177s][info][gc,task     ] GC(582) Using 9 workers of 9 for evacuation
[2026-05-27T11:23:42.921+0530][24.177s][info][gc,phases   ] GC(582)   Pre Evacuate Collection Set: 0.07ms
[2026-05-27T11:23:42.921+0530][24.178s][info][gc,phases   ] GC(582)   Merge Heap Roots: 0.05ms
[2026-05-27T11:23:42.921+0530][24.178s][info][gc,phases   ] GC(582)   Evacuate Collection Set: 0.29ms
[2026-05-27T11:23:42.921+0530][24.178s][info][gc,phases   ] GC(582)   Post Evacuate Collection Set: 0.18ms
[2026-05-27T11:23:42.921+0530][24.178s][info][gc,phases   ] GC(582)   Other: 0.12ms
[2026-05-27T11:23:42.921+0530][24.178s][info][gc,heap     ] GC(582) Eden regions: 301->0(306)
[2026-05-27T11:23:42.921+0530][24.178s][info][gc,heap     ] GC(582) Survivor regions: 6->1(39)
[2026-05-27T11:23:42.921+0530][24.178s][info][gc,heap     ] GC(582) Old regions: 10->10
[2026-05-27T11:23:42.921+0530][24.178s][info][gc,heap     ] GC(582) Archive regions: 2->2
[2026-05-27T11:23:42.921+0530][24.178s][info][gc,heap     ] GC(582) Humongous regions: 0->0
[2026-05-27T11:23:42.921+0530][24.178s][info][gc,metaspace] GC(582) Metaspace: 1745K(2048K)->1745K(2048K) NonClass: 1568K(1728K)->1568K(1728K) Class: 177K(320K)->177K(320K)
[2026-05-27T11:23:42.921+0530][24.178s][info][gc          ] GC(582) Pause Young (Normal) (G1 Evacuation Pause) 316M->11M(512M) 0.788ms
[2026-05-27T11:23:42.921+0530][24.178s][info][gc,cpu      ] GC(582) User=0.00s Sys=0.00s Real=0.00s
[2026-05-27T11:23:42.960+0530][24.216s][info][gc,start    ] GC(583) Pause Young (Normal) (G1 Evacuation Pause)
[2026-05-27T11:23:42.960+0530][24.216s][info][gc,task     ] GC(583) Using 9 workers of 9 for evacuation
[2026-05-27T11:23:42.961+0530][24.217s][info][gc,phases   ] GC(583)   Pre Evacuate Collection Set: 0.10ms
[2026-05-27T11:23:42.961+0530][24.217s][info][gc,phases   ] GC(583)   Merge Heap Roots: 0.07ms
[2026-05-27T11:23:42.961+0530][24.217s][info][gc,phases   ] GC(583)   Evacuate Collection Set: 0.25ms
[2026-05-27T11:23:42.961+0530][24.217s][info][gc,phases   ] GC(583)   Post Evacuate Collection Set: 0.20ms
[2026-05-27T11:23:42.961+0530][24.217s][info][gc,phases   ] GC(583)   Other: 0.11ms
[2026-05-27T11:23:42.961+0530][24.217s][info][gc,heap     ] GC(583) Eden regions: 306->0(303)
[2026-05-27T11:23:42.961+0530][24.217s][info][gc,heap     ] GC(583) Survivor regions: 1->4(39)
[2026-05-27T11:23:42.961+0530][24.217s][info][gc,heap     ] GC(583) Old regions: 10->10
[2026-05-27T11:23:42.961+0530][24.217s][info][gc,heap     ] GC(583) Archive regions: 2->2
[2026-05-27T11:23:42.961+0530][24.217s][info][gc,heap     ] GC(583) Humongous regions: 0->0
[2026-05-27T11:23:42.961+0530][24.217s][info][gc,metaspace] GC(583) Metaspace: 1745K(2048K)->1745K(2048K) NonClass: 1568K(1728K)->1568K(1728K) Class: 177K(320K)->177K(320K)
[2026-05-27T11:23:42.961+0530][24.217s][info][gc          ] GC(583) Pause Young (Normal) (G1 Evacuation Pause) 316M->13M(512M) 0.804ms
[2026-05-27T11:23:42.961+0530][24.217s][info][gc,cpu      ] GC(583) User=0.00s Sys=0.00s Real=0.00s
[2026-05-27T11:23:43.000+0530][24.256s][info][gc,start    ] GC(584) Pause Young (Normal) (G1 Evacuation Pause)
[2026-05-27T11:23:43.000+0530][24.256s][info][gc,task     ] GC(584) Using 9 workers of 9 for evacuation
[2026-05-27T11:23:43.000+0530][24.257s][info][gc,phases   ] GC(584)   Pre Evacuate Collection Set: 0.11ms
[2026-05-27T11:23:43.000+0530][24.257s][info][gc,phases   ] GC(584)   Merge Heap Roots: 0.05ms
[2026-05-27T11:23:43.000+0530][24.257s][info][gc,phases   ] GC(584)   Evacuate Collection Set: 0.28ms
[2026-05-27T11:23:43.000+0530][24.257s][info][gc,phases   ] GC(584)   Post Evacuate Collection Set: 0.21ms
[2026-05-27T11:23:43.001+0530][24.257s][info][gc,phases   ] GC(584)   Other: 0.11ms
[2026-05-27T11:23:43.001+0530][24.257s][info][gc,heap     ] GC(584) Eden regions: 303->0(300)
[2026-05-27T11:23:43.001+0530][24.257s][info][gc,heap     ] GC(584) Survivor regions: 4->7(39)
[2026-05-27T11:23:43.001+0530][24.257s][info][gc,heap     ] GC(584) Old regions: 10->10
[2026-05-27T11:23:43.001+0530][24.257s][info][gc,heap     ] GC(584) Archive regions: 2->2
[2026-05-27T11:23:43.001+0530][24.257s][info][gc,heap     ] GC(584) Humongous regions: 0->0
[2026-05-27T11:23:43.001+0530][24.257s][info][gc,metaspace] GC(584) Metaspace: 1745K(2048K)->1745K(2048K) NonClass: 1568K(1728K)->1568K(1728K) Class: 177K(320K)->177K(320K)
[2026-05-27T11:23:43.001+0530][24.257s][info][gc          ] GC(584) Pause Young (Normal) (G1 Evacuation Pause) 316M->16M(512M) 0.840ms
[2026-05-27T11:23:43.001+0530][24.257s][info][gc,cpu      ] GC(584) User=0.00s Sys=0.00s Real=0.00s
[2026-05-27T11:23:43.040+0530][24.296s][info][gc,start    ] GC(585) Pause Young (Normal) (G1 Evacuation Pause)
[2026-05-27T11:23:43.040+0530][24.296s][info][gc,task     ] GC(585) Using 9 workers of 9 for evacuation
[2026-05-27T11:23:43.040+0530][24.297s][info][gc,phases   ] GC(585)   Pre Evacuate Collection Set: 0.08ms
[2026-05-27T11:23:43.040+0530][24.297s][info][gc,phases   ] GC(585)   Merge Heap Roots: 0.05ms
[2026-05-27T11:23:43.040+0530][24.297s][info][gc,phases   ] GC(585)   Evacuate Collection Set: 0.28ms
[2026-05-27T11:23:43.040+0530][24.297s][info][gc,phases   ] GC(585)   Post Evacuate Collection Set: 0.22ms
[2026-05-27T11:23:43.040+0530][24.297s][info][gc,phases   ] GC(585)   Other: 0.10ms
[2026-05-27T11:23:43.041+0530][24.297s][info][gc,heap     ] GC(585) Eden regions: 300->0(301)
[2026-05-27T11:23:43.041+0530][24.297s][info][gc,heap     ] GC(585) Survivor regions: 7->6(39)
[2026-05-27T11:23:43.041+0530][24.297s][info][gc,heap     ] GC(585) Old regions: 10->10
[2026-05-27T11:23:43.041+0530][24.297s][info][gc,heap     ] GC(585) Archive regions: 2->2
[2026-05-27T11:23:43.041+0530][24.297s][info][gc,heap     ] GC(585) Humongous regions: 0->0
[2026-05-27T11:23:43.041+0530][24.297s][info][gc,metaspace] GC(585) Metaspace: 1745K(2048K)->1745K(2048K) NonClass: 1568K(1728K)->1568K(1728K) Class: 177K(320K)->177K(320K)
[2026-05-27T11:23:43.041+0530][24.297s][info][gc          ] GC(585) Pause Young (Normal) (G1 Evacuation Pause) 316M->15M(512M) 0.803ms
[2026-05-27T11:23:43.041+0530][24.297s][info][gc,cpu      ] GC(585) User=0.00s Sys=0.00s Real=0.00s
[2026-05-27T11:23:43.082+0530][24.338s][info][gc,start    ] GC(586) Pause Young (Normal) (G1 Evacuation Pause)
[2026-05-27T11:23:43.082+0530][24.338s][info][gc,task     ] GC(586) Using 9 workers of 9 for evacuation
[2026-05-27T11:23:43.083+0530][24.339s][info][gc,phases   ] GC(586)   Pre Evacuate Collection Set: 0.09ms
[2026-05-27T11:23:43.083+0530][24.339s][info][gc,phases   ] GC(586)   Merge Heap Roots: 0.06ms
[2026-05-27T11:23:43.083+0530][24.339s][info][gc,phases   ] GC(586)   Evacuate Collection Set: 0.23ms
[2026-05-27T11:23:43.083+0530][24.339s][info][gc,phases   ] GC(586)   Post Evacuate Collection Set: 0.15ms
[2026-05-27T11:23:43.083+0530][24.339s][info][gc,phases   ] GC(586)   Other: 0.09ms
[2026-05-27T11:23:43.083+0530][24.339s][info][gc,heap     ] GC(586) Eden regions: 301->0(301)
[2026-05-27T11:23:43.083+0530][24.339s][info][gc,heap     ] GC(586) Survivor regions: 6->6(39)
[2026-05-27T11:23:43.083+0530][24.339s][info][gc,heap     ] GC(586) Old regions: 10->10
[2026-05-27T11:23:43.083+0530][24.339s][info][gc,heap     ] GC(586) Archive regions: 2->2
[2026-05-27T11:23:43.083+0530][24.339s][info][gc,heap     ] GC(586) Humongous regions: 0->0
[2026-05-27T11:23:43.083+0530][24.339s][info][gc,metaspace] GC(586) Metaspace: 1745K(2048K)->1745K(2048K) NonClass: 1568K(1728K)->1568K(1728K) Class: 177K(320K)->177K(320K)
[2026-05-27T11:23:43.083+0530][24.339s][info][gc          ] GC(586) Pause Young (Normal) (G1 Evacuation Pause) 316M->15M(512M) 0.667ms
[2026-05-27T11:23:43.083+0530][24.339s][info][gc,cpu      ] GC(586) User=0.00s Sys=0.00s Real=0.00s
[2026-05-27T11:23:43.126+0530][24.382s][info][gc,start    ] GC(587) Pause Young (Normal) (G1 Evacuation Pause)
[2026-05-27T11:23:43.126+0530][24.382s][info][gc,task     ] GC(587) Using 9 workers of 9 for evacuation
[2026-05-27T11:23:43.126+0530][24.383s][info][gc,phases   ] GC(587)   Pre Evacuate Collection Set: 0.12ms
[2026-05-27T11:23:43.126+0530][24.383s][info][gc,phases   ] GC(587)   Merge Heap Roots: 0.06ms
[2026-05-27T11:23:43.126+0530][24.383s][info][gc,phases   ] GC(587)   Evacuate Collection Set: 0.24ms
[2026-05-27T11:23:43.126+0530][24.383s][info][gc,phases   ] GC(587)   Post Evacuate Collection Set: 0.21ms
[2026-05-27T11:23:43.126+0530][24.383s][info][gc,phases   ] GC(587)   Other: 0.10ms
[2026-05-27T11:23:43.126+0530][24.383s][info][gc,heap     ] GC(587) Eden regions: 301->0(306)
[2026-05-27T11:23:43.126+0530][24.383s][info][gc,heap     ] GC(587) Survivor regions: 6->1(39)
[2026-05-27T11:23:43.126+0530][24.383s][info][gc,heap     ] GC(587) Old regions: 10->10
[2026-05-27T11:23:43.126+0530][24.383s][info][gc,heap     ] GC(587) Archive regions: 2->2
[2026-05-27T11:23:43.126+0530][24.383s][info][gc,heap     ] GC(587) Humongous regions: 0->0
[2026-05-27T11:23:43.126+0530][24.383s][info][gc,metaspace] GC(587) Metaspace: 1745K(2048K)->1745K(2048K) NonClass: 1568K(1728K)->1568K(1728K) Class: 177K(320K)->177K(320K)
[2026-05-27T11:23:43.126+0530][24.383s][info][gc          ] GC(587) Pause Young (Normal) (G1 Evacuation Pause) 316M->10M(512M) 0.786ms
[2026-05-27T11:23:43.126+0530][24.383s][info][gc,cpu      ] GC(587) User=0.01s Sys=0.00s Real=0.00s
[2026-05-27T11:23:43.167+0530][24.423s][info][gc,start    ] GC(588) Pause Young (Normal) (G1 Evacuation Pause)
[2026-05-27T11:23:43.167+0530][24.423s][info][gc,task     ] GC(588) Using 9 workers of 9 for evacuation
[2026-05-27T11:23:43.168+0530][24.424s][info][gc,phases   ] GC(588)   Pre Evacuate Collection Set: 0.11ms
[2026-05-27T11:23:43.168+0530][24.424s][info][gc,phases   ] GC(588)   Merge Heap Roots: 0.05ms
[2026-05-27T11:23:43.168+0530][24.424s][info][gc,phases   ] GC(588)   Evacuate Collection Set: 0.24ms
[2026-05-27T11:23:43.168+0530][24.424s][info][gc,phases   ] GC(588)   Post Evacuate Collection Set: 0.18ms
[2026-05-27T11:23:43.168+0530][24.424s][info][gc,phases   ] GC(588)   Other: 0.08ms
[2026-05-27T11:23:43.168+0530][24.424s][info][gc,heap     ] GC(588) Eden regions: 306->0(306)
[2026-05-27T11:23:43.168+0530][24.424s][info][gc,heap     ] GC(588) Survivor regions: 1->1(39)
[2026-05-27T11:23:43.168+0530][24.424s][info][gc,heap     ] GC(588) Old regions: 10->10
[2026-05-27T11:23:43.168+0530][24.424s][info][gc,heap     ] GC(588) Archive regions: 2->2
[2026-05-27T11:23:43.168+0530][24.424s][info][gc,heap     ] GC(588) Humongous regions: 0->0
[2026-05-27T11:23:43.168+0530][24.424s][info][gc,metaspace] GC(588) Metaspace: 1745K(2048K)->1745K(2048K) NonClass: 1568K(1728K)->1568K(1728K) Class: 177K(320K)->177K(320K)
[2026-05-27T11:23:43.168+0530][24.424s][info][gc          ] GC(588) Pause Young (Normal) (G1 Evacuation Pause) 316M->10M(512M) 0.750ms
[2026-05-27T11:23:43.168+0530][24.424s][info][gc,cpu      ] GC(588) User=0.00s Sys=0.00s Real=0.00s
[2026-05-27T11:23:43.209+0530][24.465s][info][gc,start    ] GC(589) Pause Young (Normal) (G1 Evacuation Pause)
[2026-05-27T11:23:43.209+0530][24.465s][info][gc,task     ] GC(589) Using 9 workers of 9 for evacuation
[2026-05-27T11:23:43.210+0530][24.466s][info][gc,phases   ] GC(589)   Pre Evacuate Collection Set: 0.10ms
[2026-05-27T11:23:43.210+0530][24.466s][info][gc,phases   ] GC(589)   Merge Heap Roots: 0.07ms
[2026-05-27T11:23:43.210+0530][24.466s][info][gc,phases   ] GC(589)   Evacuate Collection Set: 0.32ms
[2026-05-27T11:23:43.210+0530][24.466s][info][gc,phases   ] GC(589)   Post Evacuate Collection Set: 0.23ms
[2026-05-27T11:23:43.210+0530][24.466s][info][gc,phases   ] GC(589)   Other: 0.10ms
[2026-05-27T11:23:43.210+0530][24.466s][info][gc,heap     ] GC(589) Eden regions: 306->0(301)
[2026-05-27T11:23:43.210+0530][24.466s][info][gc,heap     ] GC(589) Survivor regions: 1->6(39)
[2026-05-27T11:23:43.210+0530][24.466s][info][gc,heap     ] GC(589) Old regions: 10->10
[2026-05-27T11:23:43.210+0530][24.466s][info][gc,heap     ] GC(589) Archive regions: 2->2
[2026-05-27T11:23:43.210+0530][24.466s][info][gc,heap     ] GC(589) Humongous regions: 0->0
[2026-05-27T11:23:43.210+0530][24.466s][info][gc,metaspace] GC(589) Metaspace: 1745K(2048K)->1745K(2048K) NonClass: 1568K(1728K)->1568K(1728K) Class: 177K(320K)->177K(320K)
[2026-05-27T11:23:43.210+0530][24.466s][info][gc          ] GC(589) Pause Young (Normal) (G1 Evacuation Pause) 316M->15M(512M) 0.918ms
[2026-05-27T11:23:43.210+0530][24.466s][info][gc,cpu      ] GC(589) User=0.00s Sys=0.00s Real=0.01s
[2026-05-27T11:23:43.253+0530][24.509s][info][gc,start    ] GC(590) Pause Young (Normal) (G1 Evacuation Pause)
[2026-05-27T11:23:43.253+0530][24.509s][info][gc,task     ] GC(590) Using 9 workers of 9 for evacuation
[2026-05-27T11:23:43.254+0530][24.510s][info][gc,phases   ] GC(590)   Pre Evacuate Collection Set: 0.05ms
[2026-05-27T11:23:43.254+0530][24.510s][info][gc,phases   ] GC(590)   Merge Heap Roots: 0.06ms
[2026-05-27T11:23:43.254+0530][24.510s][info][gc,phases   ] GC(590)   Evacuate Collection Set: 0.24ms
[2026-05-27T11:23:43.254+0530][24.510s][info][gc,phases   ] GC(590)   Post Evacuate Collection Set: 0.17ms
[2026-05-27T11:23:43.254+0530][24.510s][info][gc,phases   ] GC(590)   Other: 0.09ms
[2026-05-27T11:23:43.254+0530][24.510s][info][gc,heap     ] GC(590) Eden regions: 301->0(301)
[2026-05-27T11:23:43.254+0530][24.510s][info][gc,heap     ] GC(590) Survivor regions: 6->6(39)
[2026-05-27T11:23:43.254+0530][24.510s][info][gc,heap     ] GC(590) Old regions: 10->10
[2026-05-27T11:23:43.254+0530][24.510s][info][gc,heap     ] GC(590) Archive regions: 2->2
[2026-05-27T11:23:43.254+0530][24.510s][info][gc,heap     ] GC(590) Humongous regions: 0->0
[2026-05-27T11:23:43.254+0530][24.510s][info][gc,metaspace] GC(590) Metaspace: 1745K(2048K)->1745K(2048K) NonClass: 1568K(1728K)->1568K(1728K) Class: 177K(320K)->177K(320K)
[2026-05-27T11:23:43.254+0530][24.510s][info][gc          ] GC(590) Pause Young (Normal) (G1 Evacuation Pause) 316M->15M(512M) 0.666ms
[2026-05-27T11:23:43.254+0530][24.510s][info][gc,cpu      ] GC(590) User=0.01s Sys=0.00s Real=0.00s
[2026-05-27T11:23:43.297+0530][24.554s][info][gc,start    ] GC(591) Pause Young (Normal) (G1 Evacuation Pause)
[2026-05-27T11:23:43.297+0530][24.554s][info][gc,task     ] GC(591) Using 9 workers of 9 for evacuation
[2026-05-27T11:23:43.298+0530][24.554s][info][gc,phases   ] GC(591)   Pre Evacuate Collection Set: 0.07ms
[2026-05-27T11:23:43.298+0530][24.554s][info][gc,phases   ] GC(591)   Merge Heap Roots: 0.07ms
[2026-05-27T11:23:43.298+0530][24.554s][info][gc,phases   ] GC(591)   Evacuate Collection Set: 0.33ms
[2026-05-27T11:23:43.298+0530][24.554s][info][gc,phases   ] GC(591)   Post Evacuate Collection Set: 0.18ms
[2026-05-27T11:23:43.298+0530][24.554s][info][gc,phases   ] GC(591)   Other: 0.10ms
[2026-05-27T11:23:43.298+0530][24.554s][info][gc,heap     ] GC(591) Eden regions: 301->0(301)
[2026-05-27T11:23:43.298+0530][24.554s][info][gc,heap     ] GC(591) Survivor regions: 6->6(39)
[2026-05-27T11:23:43.298+0530][24.554s][info][gc,heap     ] GC(591) Old regions: 10->10
[2026-05-27T11:23:43.298+0530][24.554s][info][gc,heap     ] GC(591) Archive regions: 2->2
[2026-05-27T11:23:43.298+0530][24.554s][info][gc,heap     ] GC(591) Humongous regions: 0->0
[2026-05-27T11:23:43.298+0530][24.554s][info][gc,metaspace] GC(591) Metaspace: 1745K(2048K)->1745K(2048K) NonClass: 1568K(1728K)->1568K(1728K) Class: 177K(320K)->177K(320K)
[2026-05-27T11:23:43.298+0530][24.554s][info][gc          ] GC(591) Pause Young (Normal) (G1 Evacuation Pause) 316M->15M(512M) 0.818ms
[2026-05-27T11:23:43.298+0530][24.554s][info][gc,cpu      ] GC(591) User=0.00s Sys=0.00s Real=0.00s
[2026-05-27T11:23:43.344+0530][24.600s][info][gc,start    ] GC(592) Pause Young (Normal) (G1 Evacuation Pause)
[2026-05-27T11:23:43.344+0530][24.600s][info][gc,task     ] GC(592) Using 9 workers of 9 for evacuation
[2026-05-27T11:23:43.345+0530][24.601s][info][gc,phases   ] GC(592)   Pre Evacuate Collection Set: 0.08ms
[2026-05-27T11:23:43.345+0530][24.601s][info][gc,phases   ] GC(592)   Merge Heap Roots: 0.05ms
[2026-05-27T11:23:43.345+0530][24.601s][info][gc,phases   ] GC(592)   Evacuate Collection Set: 0.24ms
[2026-05-27T11:23:43.345+0530][24.601s][info][gc,phases   ] GC(592)   Post Evacuate Collection Set: 0.19ms
[2026-05-27T11:23:43.345+0530][24.601s][info][gc,phases   ] GC(592)   Other: 0.12ms
[2026-05-27T11:23:43.345+0530][24.601s][info][gc,heap     ] GC(592) Eden regions: 301->0(303)
[2026-05-27T11:23:43.345+0530][24.601s][info][gc,heap     ] GC(592) Survivor regions: 6->4(39)
[2026-05-27T11:23:43.345+0530][24.601s][info][gc,heap     ] GC(592) Old regions: 10->10
[2026-05-27T11:23:43.345+0530][24.601s][info][gc,heap     ] GC(592) Archive regions: 2->2
[2026-05-27T11:23:43.345+0530][24.601s][info][gc,heap     ] GC(592) Humongous regions: 0->0
[2026-05-27T11:23:43.345+0530][24.601s][info][gc,metaspace] GC(592) Metaspace: 1745K(2048K)->1745K(2048K) NonClass: 1568K(1728K)->1568K(1728K) Class: 177K(320K)->177K(320K)
[2026-05-27T11:23:43.345+0530][24.601s][info][gc          ] GC(592) Pause Young (Normal) (G1 Evacuation Pause) 316M->13M(512M) 0.753ms
[2026-05-27T11:23:43.345+0530][24.601s][info][gc,cpu      ] GC(592) User=0.00s Sys=0.00s Real=0.00s
[2026-05-27T11:23:43.385+0530][24.641s][info][gc,start    ] GC(593) Pause Young (Normal) (G1 Evacuation Pause)
[2026-05-27T11:23:43.385+0530][24.641s][info][gc,task     ] GC(593) Using 9 workers of 9 for evacuation
[2026-05-27T11:23:43.386+0530][24.642s][info][gc,phases   ] GC(593)   Pre Evacuate Collection Set: 0.09ms
[2026-05-27T11:23:43.386+0530][24.642s][info][gc,phases   ] GC(593)   Merge Heap Roots: 0.06ms
[2026-05-27T11:23:43.386+0530][24.642s][info][gc,phases   ] GC(593)   Evacuate Collection Set: 0.26ms
[2026-05-27T11:23:43.386+0530][24.642s][info][gc,phases   ] GC(593)   Post Evacuate Collection Set: 0.19ms
[2026-05-27T11:23:43.386+0530][24.642s][info][gc,phases   ] GC(593)   Other: 0.11ms
[2026-05-27T11:23:43.386+0530][24.642s][info][gc,heap     ] GC(593) Eden regions: 303->0(306)
[2026-05-27T11:23:43.386+0530][24.642s][info][gc,heap     ] GC(593) Survivor regions: 4->1(39)
[2026-05-27T11:23:43.386+0530][24.642s][info][gc,heap     ] GC(593) Old regions: 10->10
[2026-05-27T11:23:43.386+0530][24.642s][info][gc,heap     ] GC(593) Archive regions: 2->2
[2026-05-27T11:23:43.386+0530][24.642s][info][gc,heap     ] GC(593) Humongous regions: 0->0
[2026-05-27T11:23:43.386+0530][24.642s][info][gc,metaspace] GC(593) Metaspace: 1745K(2048K)->1745K(2048K) NonClass: 1568K(1728K)->1568K(1728K) Class: 177K(320K)->177K(320K)
[2026-05-27T11:23:43.386+0530][24.642s][info][gc          ] GC(593) Pause Young (Normal) (G1 Evacuation Pause) 316M->10M(512M) 0.786ms
[2026-05-27T11:23:43.386+0530][24.642s][info][gc,cpu      ] GC(593) User=0.00s Sys=0.00s Real=0.00s
[2026-05-27T11:23:43.428+0530][24.684s][info][gc,start    ] GC(594) Pause Young (Normal) (G1 Evacuation Pause)
[2026-05-27T11:23:43.428+0530][24.684s][info][gc,task     ] GC(594) Using 9 workers of 9 for evacuation
[2026-05-27T11:23:43.428+0530][24.685s][info][gc,phases   ] GC(594)   Pre Evacuate Collection Set: 0.05ms
[2026-05-27T11:23:43.428+0530][24.685s][info][gc,phases   ] GC(594)   Merge Heap Roots: 0.07ms
[2026-05-27T11:23:43.428+0530][24.685s][info][gc,phases   ] GC(594)   Evacuate Collection Set: 0.25ms
[2026-05-27T11:23:43.428+0530][24.685s][info][gc,phases   ] GC(594)   Post Evacuate Collection Set: 0.20ms
[2026-05-27T11:23:43.428+0530][24.685s][info][gc,phases   ] GC(594)   Other: 0.09ms
[2026-05-27T11:23:43.428+0530][24.685s][info][gc,heap     ] GC(594) Eden regions: 306->0(306)
[2026-05-27T11:23:43.428+0530][24.685s][info][gc,heap     ] GC(594) Survivor regions: 1->1(39)
[2026-05-27T11:23:43.428+0530][24.685s][info][gc,heap     ] GC(594) Old regions: 10->10
[2026-05-27T11:23:43.428+0530][24.685s][info][gc,heap     ] GC(594) Archive regions: 2->2
[2026-05-27T11:23:43.428+0530][24.685s][info][gc,heap     ] GC(594) Humongous regions: 0->0
[2026-05-27T11:23:43.428+0530][24.685s][info][gc,metaspace] GC(594) Metaspace: 1745K(2048K)->1745K(2048K) NonClass: 1568K(1728K)->1568K(1728K) Class: 177K(320K)->177K(320K)
[2026-05-27T11:23:43.428+0530][24.685s][info][gc          ] GC(594) Pause Young (Normal) (G1 Evacuation Pause) 316M->10M(512M) 0.728ms
[2026-05-27T11:23:43.429+0530][24.685s][info][gc,cpu      ] GC(594) User=0.00s Sys=0.00s Real=0.00s
[2026-05-27T11:23:43.471+0530][24.727s][info][gc,start    ] GC(595) Pause Young (Normal) (G1 Evacuation Pause)
[2026-05-27T11:23:43.471+0530][24.727s][info][gc,task     ] GC(595) Using 9 workers of 9 for evacuation
[2026-05-27T11:23:43.472+0530][24.728s][info][gc,phases   ] GC(595)   Pre Evacuate Collection Set: 0.08ms
[2026-05-27T11:23:43.472+0530][24.728s][info][gc,phases   ] GC(595)   Merge Heap Roots: 0.04ms
[2026-05-27T11:23:43.472+0530][24.728s][info][gc,phases   ] GC(595)   Evacuate Collection Set: 0.38ms
[2026-05-27T11:23:43.472+0530][24.728s][info][gc,phases   ] GC(595)   Post Evacuate Collection Set: 0.24ms
[2026-05-27T11:23:43.472+0530][24.728s][info][gc,phases   ] GC(595)   Other: 0.10ms
[2026-05-27T11:23:43.472+0530][24.728s][info][gc,heap     ] GC(595) Eden regions: 306->0(302)
[2026-05-27T11:23:43.472+0530][24.728s][info][gc,heap     ] GC(595) Survivor regions: 1->5(39)
[2026-05-27T11:23:43.472+0530][24.728s][info][gc,heap     ] GC(595) Old regions: 10->10
[2026-05-27T11:23:43.472+0530][24.728s][info][gc,heap     ] GC(595) Archive regions: 2->2
[2026-05-27T11:23:43.472+0530][24.728s][info][gc,heap     ] GC(595) Humongous regions: 0->0
[2026-05-27T11:23:43.472+0530][24.728s][info][gc,metaspace] GC(595) Metaspace: 1745K(2048K)->1745K(2048K) NonClass: 1568K(1728K)->1568K(1728K) Class: 177K(320K)->177K(320K)
[2026-05-27T11:23:43.472+0530][24.728s][info][gc          ] GC(595) Pause Young (Normal) (G1 Evacuation Pause) 316M->14M(512M) 0.897ms
[2026-05-27T11:23:43.472+0530][24.728s][info][gc,cpu      ] GC(595) User=0.00s Sys=0.00s Real=0.00s
[2026-05-27T11:23:43.511+0530][24.767s][info][gc,start    ] GC(596) Pause Young (Normal) (G1 Evacuation Pause)
[2026-05-27T11:23:43.511+0530][24.767s][info][gc,task     ] GC(596) Using 9 workers of 9 for evacuation
[2026-05-27T11:23:43.512+0530][24.768s][info][gc,phases   ] GC(596)   Pre Evacuate Collection Set: 0.08ms
[2026-05-27T11:23:43.512+0530][24.768s][info][gc,phases   ] GC(596)   Merge Heap Roots: 0.10ms
[2026-05-27T11:23:43.512+0530][24.768s][info][gc,phases   ] GC(596)   Evacuate Collection Set: 0.35ms
[2026-05-27T11:23:43.512+0530][24.768s][info][gc,phases   ] GC(596)   Post Evacuate Collection Set: 0.21ms
[2026-05-27T11:23:43.512+0530][24.768s][info][gc,phases   ] GC(596)   Other: 0.12ms
[2026-05-27T11:23:43.512+0530][24.768s][info][gc,heap     ] GC(596) Eden regions: 302->0(300)
[2026-05-27T11:23:43.512+0530][24.768s][info][gc,heap     ] GC(596) Survivor regions: 5->7(39)
[2026-05-27T11:23:43.512+0530][24.768s][info][gc,heap     ] GC(596) Old regions: 10->10
[2026-05-27T11:23:43.512+0530][24.768s][info][gc,heap     ] GC(596) Archive regions: 2->2
[2026-05-27T11:23:43.512+0530][24.768s][info][gc,heap     ] GC(596) Humongous regions: 0->0
[2026-05-27T11:23:43.512+0530][24.768s][info][gc,metaspace] GC(596) Metaspace: 1745K(2048K)->1745K(2048K) NonClass: 1568K(1728K)->1568K(1728K) Class: 177K(320K)->177K(320K)
[2026-05-27T11:23:43.512+0530][24.768s][info][gc          ] GC(596) Pause Young (Normal) (G1 Evacuation Pause) 316M->16M(512M) 0.942ms
[2026-05-27T11:23:43.512+0530][24.768s][info][gc,cpu      ] GC(596) User=0.00s Sys=0.00s Real=0.00s
[2026-05-27T11:23:43.552+0530][24.808s][info][gc,start    ] GC(597) Pause Young (Normal) (G1 Evacuation Pause)
[2026-05-27T11:23:43.552+0530][24.808s][info][gc,task     ] GC(597) Using 9 workers of 9 for evacuation
[2026-05-27T11:23:43.553+0530][24.809s][info][gc,phases   ] GC(597)   Pre Evacuate Collection Set: 0.07ms
[2026-05-27T11:23:43.553+0530][24.809s][info][gc,phases   ] GC(597)   Merge Heap Roots: 0.09ms
[2026-05-27T11:23:43.553+0530][24.809s][info][gc,phases   ] GC(597)   Evacuate Collection Set: 0.26ms
[2026-05-27T11:23:43.553+0530][24.809s][info][gc,phases   ] GC(597)   Post Evacuate Collection Set: 0.19ms
[2026-05-27T11:23:43.553+0530][24.809s][info][gc,phases   ] GC(597)   Other: 0.09ms
[2026-05-27T11:23:43.553+0530][24.809s][info][gc,heap     ] GC(597) Eden regions: 300->0(303)
[2026-05-27T11:23:43.553+0530][24.809s][info][gc,heap     ] GC(597) Survivor regions: 7->4(39)
[2026-05-27T11:23:43.553+0530][24.809s][info][gc,heap     ] GC(597) Old regions: 10->10
[2026-05-27T11:23:43.553+0530][24.809s][info][gc,heap     ] GC(597) Archive regions: 2->2
[2026-05-27T11:23:43.553+0530][24.809s][info][gc,heap     ] GC(597) Humongous regions: 9->0
[2026-05-27T11:23:43.553+0530][24.809s][info][gc,metaspace] GC(597) Metaspace: 1745K(2048K)->1745K(2048K) NonClass: 1568K(1728K)->1568K(1728K) Class: 177K(320K)->177K(320K)
[2026-05-27T11:23:43.553+0530][24.809s][info][gc          ] GC(597) Pause Young (Normal) (G1 Evacuation Pause) 325M->13M(512M) 0.762ms
[2026-05-27T11:23:43.553+0530][24.809s][info][gc,cpu      ] GC(597) User=0.00s Sys=0.00s Real=0.00s
[2026-05-27T11:23:43.593+0530][24.850s][info][gc,start    ] GC(598) Pause Young (Normal) (G1 Evacuation Pause)
[2026-05-27T11:23:43.593+0530][24.850s][info][gc,task     ] GC(598) Using 9 workers of 9 for evacuation
[2026-05-27T11:23:43.594+0530][24.850s][info][gc,phases   ] GC(598)   Pre Evacuate Collection Set: 0.07ms
[2026-05-27T11:23:43.594+0530][24.850s][info][gc,phases   ] GC(598)   Merge Heap Roots: 0.06ms
[2026-05-27T11:23:43.594+0530][24.850s][info][gc,phases   ] GC(598)   Evacuate Collection Set: 0.24ms
[2026-05-27T11:23:43.594+0530][24.850s][info][gc,phases   ] GC(598)   Post Evacuate Collection Set: 0.23ms
[2026-05-27T11:23:43.594+0530][24.850s][info][gc,phases   ] GC(598)   Other: 0.11ms
[2026-05-27T11:23:43.594+0530][24.850s][info][gc,heap     ] GC(598) Eden regions: 303->0(306)
[2026-05-27T11:23:43.594+0530][24.850s][info][gc,heap     ] GC(598) Survivor regions: 4->1(39)
[2026-05-27T11:23:43.594+0530][24.850s][info][gc,heap     ] GC(598) Old regions: 10->10
[2026-05-27T11:23:43.594+0530][24.850s][info][gc,heap     ] GC(598) Archive regions: 2->2
[2026-05-27T11:23:43.594+0530][24.850s][info][gc,heap     ] GC(598) Humongous regions: 0->0
[2026-05-27T11:23:43.594+0530][24.850s][info][gc,metaspace] GC(598) Metaspace: 1745K(2048K)->1745K(2048K) NonClass: 1568K(1728K)->1568K(1728K) Class: 177K(320K)->177K(320K)
[2026-05-27T11:23:43.594+0530][24.850s][info][gc          ] GC(598) Pause Young (Normal) (G1 Evacuation Pause) 316M->10M(512M) 0.788ms
[2026-05-27T11:23:43.594+0530][24.850s][info][gc,cpu      ] GC(598) User=0.00s Sys=0.00s Real=0.00s
[2026-05-27T11:23:43.637+0530][24.893s][info][gc,start    ] GC(599) Pause Young (Normal) (G1 Evacuation Pause)
[2026-05-27T11:23:43.637+0530][24.893s][info][gc,task     ] GC(599) Using 9 workers of 9 for evacuation
[2026-05-27T11:23:43.637+0530][24.894s][info][gc,phases   ] GC(599)   Pre Evacuate Collection Set: 0.07ms
[2026-05-27T11:23:43.637+0530][24.894s][info][gc,phases   ] GC(599)   Merge Heap Roots: 0.06ms
[2026-05-27T11:23:43.638+0530][24.894s][info][gc,phases   ] GC(599)   Evacuate Collection Set: 0.27ms
[2026-05-27T11:23:43.638+0530][24.894s][info][gc,phases   ] GC(599)   Post Evacuate Collection Set: 0.19ms
[2026-05-27T11:23:43.638+0530][24.894s][info][gc,phases   ] GC(599)   Other: 0.13ms
[2026-05-27T11:23:43.638+0530][24.894s][info][gc,heap     ] GC(599) Eden regions: 306->0(303)
[2026-05-27T11:23:43.638+0530][24.894s][info][gc,heap     ] GC(599) Survivor regions: 1->4(39)
[2026-05-27T11:23:43.638+0530][24.894s][info][gc,heap     ] GC(599) Old regions: 10->10
[2026-05-27T11:23:43.638+0530][24.894s][info][gc,heap     ] GC(599) Archive regions: 2->2
[2026-05-27T11:23:43.638+0530][24.894s][info][gc,heap     ] GC(599) Humongous regions: 0->0
[2026-05-27T11:23:43.638+0530][24.894s][info][gc,metaspace] GC(599) Metaspace: 1745K(2048K)->1745K(2048K) NonClass: 1568K(1728K)->1568K(1728K) Class: 177K(320K)->177K(320K)
[2026-05-27T11:23:43.638+0530][24.894s][info][gc          ] GC(599) Pause Young (Normal) (G1 Evacuation Pause) 316M->13M(512M) 0.793ms
[2026-05-27T11:23:43.638+0530][24.894s][info][gc,cpu      ] GC(599) User=0.00s Sys=0.00s Real=0.00s
[2026-05-27T11:23:43.679+0530][24.935s][info][gc,start    ] GC(600) Pause Young (Normal) (G1 Evacuation Pause)
[2026-05-27T11:23:43.679+0530][24.935s][info][gc,task     ] GC(600) Using 9 workers of 9 for evacuation
[2026-05-27T11:23:43.679+0530][24.936s][info][gc,phases   ] GC(600)   Pre Evacuate Collection Set: 0.07ms
[2026-05-27T11:23:43.680+0530][24.936s][info][gc,phases   ] GC(600)   Merge Heap Roots: 0.05ms
[2026-05-27T11:23:43.680+0530][24.936s][info][gc,phases   ] GC(600)   Evacuate Collection Set: 0.29ms
[2026-05-27T11:23:43.680+0530][24.936s][info][gc,phases   ] GC(600)   Post Evacuate Collection Set: 0.22ms
[2026-05-27T11:23:43.680+0530][24.936s][info][gc,phases   ] GC(600)   Other: 0.11ms
[2026-05-27T11:23:43.680+0530][24.936s][info][gc,heap     ] GC(600) Eden regions: 303->0(301)
[2026-05-27T11:23:43.680+0530][24.936s][info][gc,heap     ] GC(600) Survivor regions: 4->6(39)
[2026-05-27T11:23:43.680+0530][24.936s][info][gc,heap     ] GC(600) Old regions: 10->10
[2026-05-27T11:23:43.680+0530][24.936s][info][gc,heap     ] GC(600) Archive regions: 2->2
[2026-05-27T11:23:43.680+0530][24.936s][info][gc,heap     ] GC(600) Humongous regions: 9->0
[2026-05-27T11:23:43.680+0530][24.936s][info][gc,metaspace] GC(600) Metaspace: 1745K(2048K)->1745K(2048K) NonClass: 1568K(1728K)->1568K(1728K) Class: 177K(320K)->177K(320K)
[2026-05-27T11:23:43.680+0530][24.936s][info][gc          ] GC(600) Pause Young (Normal) (G1 Evacuation Pause) 325M->15M(512M) 0.804ms
[2026-05-27T11:23:43.680+0530][24.936s][info][gc,cpu      ] GC(600) User=0.00s Sys=0.01s Real=0.01s
[2026-05-27T11:23:43.722+0530][24.978s][info][gc,start    ] GC(601) Pause Young (Normal) (G1 Evacuation Pause)
[2026-05-27T11:23:43.722+0530][24.978s][info][gc,task     ] GC(601) Using 9 workers of 9 for evacuation
[2026-05-27T11:23:43.723+0530][24.979s][info][gc,phases   ] GC(601)   Pre Evacuate Collection Set: 0.07ms
[2026-05-27T11:23:43.723+0530][24.979s][info][gc,phases   ] GC(601)   Merge Heap Roots: 0.04ms
[2026-05-27T11:23:43.723+0530][24.979s][info][gc,phases   ] GC(601)   Evacuate Collection Set: 0.28ms
[2026-05-27T11:23:43.723+0530][24.979s][info][gc,phases   ] GC(601)   Post Evacuate Collection Set: 0.18ms
[2026-05-27T11:23:43.723+0530][24.979s][info][gc,phases   ] GC(601)   Other: 0.11ms
[2026-05-27T11:23:43.723+0530][24.979s][info][gc,heap     ] GC(601) Eden regions: 301->0(306)
[2026-05-27T11:23:43.723+0530][24.979s][info][gc,heap     ] GC(601) Survivor regions: 6->1(39)
[2026-05-27T11:23:43.723+0530][24.979s][info][gc,heap     ] GC(601) Old regions: 10->10
[2026-05-27T11:23:43.723+0530][24.979s][info][gc,heap     ] GC(601) Archive regions: 2->2
[2026-05-27T11:23:43.723+0530][24.979s][info][gc,heap     ] GC(601) Humongous regions: 0->0
[2026-05-27T11:23:43.723+0530][24.979s][info][gc,metaspace] GC(601) Metaspace: 1745K(2048K)->1745K(2048K) NonClass: 1568K(1728K)->1568K(1728K) Class: 177K(320K)->177K(320K)
[2026-05-27T11:23:43.723+0530][24.979s][info][gc          ] GC(601) Pause Young (Normal) (G1 Evacuation Pause) 316M->11M(512M) 0.736ms
[2026-05-27T11:23:43.723+0530][24.979s][info][gc,cpu      ] GC(601) User=0.01s Sys=0.00s Real=0.00s
[2026-05-27T11:23:43.764+0530][25.020s][info][gc,start    ] GC(602) Pause Young (Normal) (G1 Evacuation Pause)
[2026-05-27T11:23:43.764+0530][25.020s][info][gc,task     ] GC(602) Using 9 workers of 9 for evacuation
[2026-05-27T11:23:43.765+0530][25.021s][info][gc,phases   ] GC(602)   Pre Evacuate Collection Set: 0.07ms
[2026-05-27T11:23:43.765+0530][25.021s][info][gc,phases   ] GC(602)   Merge Heap Roots: 0.04ms
[2026-05-27T11:23:43.765+0530][25.021s][info][gc,phases   ] GC(602)   Evacuate Collection Set: 0.22ms
[2026-05-27T11:23:43.765+0530][25.021s][info][gc,phases   ] GC(602)   Post Evacuate Collection Set: 0.17ms
[2026-05-27T11:23:43.765+0530][25.021s][info][gc,phases   ] GC(602)   Other: 0.10ms
[2026-05-27T11:23:43.765+0530][25.021s][info][gc,heap     ] GC(602) Eden regions: 306->0(305)
[2026-05-27T11:23:43.765+0530][25.021s][info][gc,heap     ] GC(602) Survivor regions: 1->2(39)
[2026-05-27T11:23:43.765+0530][25.021s][info][gc,heap     ] GC(602) Old regions: 10->10
[2026-05-27T11:23:43.765+0530][25.021s][info][gc,heap     ] GC(602) Archive regions: 2->2
[2026-05-27T11:23:43.765+0530][25.021s][info][gc,heap     ] GC(602) Humongous regions: 0->0
[2026-05-27T11:23:43.765+0530][25.021s][info][gc,metaspace] GC(602) Metaspace: 1745K(2048K)->1745K(2048K) NonClass: 1568K(1728K)->1568K(1728K) Class: 177K(320K)->177K(320K)
[2026-05-27T11:23:43.765+0530][25.021s][info][gc          ] GC(602) Pause Young (Normal) (G1 Evacuation Pause) 316M->11M(512M) 0.662ms
[2026-05-27T11:23:43.765+0530][25.021s][info][gc,cpu      ] GC(602) User=0.01s Sys=0.00s Real=0.00s
[2026-05-27T11:23:43.803+0530][25.059s][info][gc,start    ] GC(603) Pause Young (Normal) (G1 Evacuation Pause)
[2026-05-27T11:23:43.803+0530][25.059s][info][gc,task     ] GC(603) Using 9 workers of 9 for evacuation
[2026-05-27T11:23:43.803+0530][25.060s][info][gc,phases   ] GC(603)   Pre Evacuate Collection Set: 0.08ms
[2026-05-27T11:23:43.803+0530][25.060s][info][gc,phases   ] GC(603)   Merge Heap Roots: 0.05ms
[2026-05-27T11:23:43.803+0530][25.060s][info][gc,phases   ] GC(603)   Evacuate Collection Set: 0.24ms
[2026-05-27T11:23:43.803+0530][25.060s][info][gc,phases   ] GC(603)   Post Evacuate Collection Set: 0.18ms
[2026-05-27T11:23:43.803+0530][25.060s][info][gc,phases   ] GC(603)   Other: 0.11ms
[2026-05-27T11:23:43.803+0530][25.060s][info][gc,heap     ] GC(603) Eden regions: 305->0(302)
[2026-05-27T11:23:43.803+0530][25.060s][info][gc,heap     ] GC(603) Survivor regions: 2->5(39)
[2026-05-27T11:23:43.803+0530][25.060s][info][gc,heap     ] GC(603) Old regions: 10->10
[2026-05-27T11:23:43.803+0530][25.060s][info][gc,heap     ] GC(603) Archive regions: 2->2
[2026-05-27T11:23:43.803+0530][25.060s][info][gc,heap     ] GC(603) Humongous regions: 0->0
[2026-05-27T11:23:43.803+0530][25.060s][info][gc,metaspace] GC(603) Metaspace: 1745K(2048K)->1745K(2048K) NonClass: 1568K(1728K)->1568K(1728K) Class: 177K(320K)->177K(320K)
[2026-05-27T11:23:43.804+0530][25.060s][info][gc          ] GC(603) Pause Young (Normal) (G1 Evacuation Pause) 316M->14M(512M) 0.740ms
[2026-05-27T11:23:43.804+0530][25.060s][info][gc,cpu      ] GC(603) User=0.00s Sys=0.00s Real=0.00s
[2026-05-27T11:23:43.845+0530][25.101s][info][gc,start    ] GC(604) Pause Young (Normal) (G1 Evacuation Pause)
[2026-05-27T11:23:43.845+0530][25.101s][info][gc,task     ] GC(604) Using 9 workers of 9 for evacuation
[2026-05-27T11:23:43.845+0530][25.101s][info][gc,phases   ] GC(604)   Pre Evacuate Collection Set: 0.10ms
[2026-05-27T11:23:43.845+0530][25.101s][info][gc,phases   ] GC(604)   Merge Heap Roots: 0.08ms
[2026-05-27T11:23:43.845+0530][25.101s][info][gc,phases   ] GC(604)   Evacuate Collection Set: 0.30ms
[2026-05-27T11:23:43.845+0530][25.101s][info][gc,phases   ] GC(604)   Post Evacuate Collection Set: 0.16ms
[2026-05-27T11:23:43.845+0530][25.101s][info][gc,phases   ] GC(604)   Other: 0.09ms
[2026-05-27T11:23:43.845+0530][25.101s][info][gc,heap     ] GC(604) Eden regions: 302->0(302)
[2026-05-27T11:23:43.845+0530][25.101s][info][gc,heap     ] GC(604) Survivor regions: 5->5(39)
[2026-05-27T11:23:43.845+0530][25.101s][info][gc,heap     ] GC(604) Old regions: 10->10
[2026-05-27T11:23:43.845+0530][25.101s][info][gc,heap     ] GC(604) Archive regions: 2->2
[2026-05-27T11:23:43.845+0530][25.101s][info][gc,heap     ] GC(604) Humongous regions: 0->0
[2026-05-27T11:23:43.845+0530][25.101s][info][gc,metaspace] GC(604) Metaspace: 1745K(2048K)->1745K(2048K) NonClass: 1568K(1728K)->1568K(1728K) Class: 177K(320K)->177K(320K)
[2026-05-27T11:23:43.845+0530][25.101s][info][gc          ] GC(604) Pause Young (Normal) (G1 Evacuation Pause) 316M->14M(512M) 0.788ms
[2026-05-27T11:23:43.845+0530][25.101s][info][gc,cpu      ] GC(604) User=0.00s Sys=0.00s Real=0.00s
[2026-05-27T11:23:43.883+0530][25.139s][info][gc,start    ] GC(605) Pause Young (Normal) (G1 Evacuation Pause)
[2026-05-27T11:23:43.883+0530][25.139s][info][gc,task     ] GC(605) Using 9 workers of 9 for evacuation
[2026-05-27T11:23:43.884+0530][25.140s][info][gc,phases   ] GC(605)   Pre Evacuate Collection Set: 0.09ms
[2026-05-27T11:23:43.884+0530][25.140s][info][gc,phases   ] GC(605)   Merge Heap Roots: 0.04ms
[2026-05-27T11:23:43.884+0530][25.140s][info][gc,phases   ] GC(605)   Evacuate Collection Set: 0.24ms
[2026-05-27T11:23:43.884+0530][25.140s][info][gc,phases   ] GC(605)   Post Evacuate Collection Set: 0.18ms
[2026-05-27T11:23:43.884+0530][25.140s][info][gc,phases   ] GC(605)   Other: 0.10ms
[2026-05-27T11:23:43.884+0530][25.140s][info][gc,heap     ] GC(605) Eden regions: 302->0(301)
[2026-05-27T11:23:43.884+0530][25.140s][info][gc,heap     ] GC(605) Survivor regions: 5->6(39)
[2026-05-27T11:23:43.884+0530][25.140s][info][gc,heap     ] GC(605) Old regions: 10->10
[2026-05-27T11:23:43.884+0530][25.140s][info][gc,heap     ] GC(605) Archive regions: 2->2
[2026-05-27T11:23:43.884+0530][25.140s][info][gc,heap     ] GC(605) Humongous regions: 0->0
[2026-05-27T11:23:43.884+0530][25.140s][info][gc,metaspace] GC(605) Metaspace: 1745K(2048K)->1745K(2048K) NonClass: 1568K(1728K)->1568K(1728K) Class: 177K(320K)->177K(320K)
[2026-05-27T11:23:43.884+0530][25.140s][info][gc          ] GC(605) Pause Young (Normal) (G1 Evacuation Pause) 316M->16M(512M) 0.731ms
[2026-05-27T11:23:43.884+0530][25.140s][info][gc,cpu      ] GC(605) User=0.00s Sys=0.00s Real=0.00s
[2026-05-27T11:23:43.923+0530][25.179s][info][gc,start    ] GC(606) Pause Young (Normal) (G1 Evacuation Pause)
[2026-05-27T11:23:43.923+0530][25.179s][info][gc,task     ] GC(606) Using 9 workers of 9 for evacuation
[2026-05-27T11:23:43.924+0530][25.180s][info][gc,phases   ] GC(606)   Pre Evacuate Collection Set: 0.05ms
[2026-05-27T11:23:43.924+0530][25.180s][info][gc,phases   ] GC(606)   Merge Heap Roots: 0.04ms
[2026-05-27T11:23:43.924+0530][25.180s][info][gc,phases   ] GC(606)   Evacuate Collection Set: 0.29ms
[2026-05-27T11:23:43.924+0530][25.180s][info][gc,phases   ] GC(606)   Post Evacuate Collection Set: 0.17ms
[2026-05-27T11:23:43.924+0530][25.180s][info][gc,phases   ] GC(606)   Other: 0.12ms
[2026-05-27T11:23:43.924+0530][25.180s][info][gc,heap     ] GC(606) Eden regions: 301->0(302)
[2026-05-27T11:23:43.924+0530][25.180s][info][gc,heap     ] GC(606) Survivor regions: 6->5(39)
[2026-05-27T11:23:43.924+0530][25.180s][info][gc,heap     ] GC(606) Old regions: 10->10
[2026-05-27T11:23:43.924+0530][25.180s][info][gc,heap     ] GC(606) Archive regions: 2->2
[2026-05-27T11:23:43.924+0530][25.180s][info][gc,heap     ] GC(606) Humongous regions: 9->0
[2026-05-27T11:23:43.924+0530][25.180s][info][gc,metaspace] GC(606) Metaspace: 1745K(2048K)->1745K(2048K) NonClass: 1568K(1728K)->1568K(1728K) Class: 177K(320K)->177K(320K)
[2026-05-27T11:23:43.924+0530][25.180s][info][gc          ] GC(606) Pause Young (Normal) (G1 Evacuation Pause) 325M->15M(512M) 0.742ms
[2026-05-27T11:23:43.924+0530][25.180s][info][gc,cpu      ] GC(606) User=0.00s Sys=0.00s Real=0.00s
[2026-05-27T11:23:43.966+0530][25.222s][info][gc,start    ] GC(607) Pause Young (Normal) (G1 Evacuation Pause)
[2026-05-27T11:23:43.966+0530][25.222s][info][gc,task     ] GC(607) Using 9 workers of 9 for evacuation
[2026-05-27T11:23:43.966+0530][25.222s][info][gc,phases   ] GC(607)   Pre Evacuate Collection Set: 0.05ms
[2026-05-27T11:23:43.966+0530][25.222s][info][gc,phases   ] GC(607)   Merge Heap Roots: 0.06ms
[2026-05-27T11:23:43.966+0530][25.222s][info][gc,phases   ] GC(607)   Evacuate Collection Set: 0.28ms
[2026-05-27T11:23:43.966+0530][25.222s][info][gc,phases   ] GC(607)   Post Evacuate Collection Set: 0.18ms
[2026-05-27T11:23:43.966+0530][25.222s][info][gc,phases   ] GC(607)   Other: 0.10ms
[2026-05-27T11:23:43.966+0530][25.222s][info][gc,heap     ] GC(607) Eden regions: 302->0(306)
[2026-05-27T11:23:43.966+0530][25.222s][info][gc,heap     ] GC(607) Survivor regions: 5->1(39)
[2026-05-27T11:23:43.966+0530][25.222s][info][gc,heap     ] GC(607) Old regions: 10->10
[2026-05-27T11:23:43.966+0530][25.222s][info][gc,heap     ] GC(607) Archive regions: 2->2
[2026-05-27T11:23:43.966+0530][25.222s][info][gc,heap     ] GC(607) Humongous regions: 0->0
[2026-05-27T11:23:43.966+0530][25.222s][info][gc,metaspace] GC(607) Metaspace: 1745K(2048K)->1745K(2048K) NonClass: 1568K(1728K)->1568K(1728K) Class: 177K(320K)->177K(320K)
[2026-05-27T11:23:43.966+0530][25.222s][info][gc          ] GC(607) Pause Young (Normal) (G1 Evacuation Pause) 317M->11M(512M) 0.744ms
[2026-05-27T11:23:43.966+0530][25.222s][info][gc,cpu      ] GC(607) User=0.00s Sys=0.00s Real=0.00s
[2026-05-27T11:23:44.005+0530][25.261s][info][gc,start    ] GC(608) Pause Young (Normal) (G1 Evacuation Pause)
[2026-05-27T11:23:44.005+0530][25.261s][info][gc,task     ] GC(608) Using 9 workers of 9 for evacuation
[2026-05-27T11:23:44.005+0530][25.261s][info][gc,phases   ] GC(608)   Pre Evacuate Collection Set: 0.10ms
[2026-05-27T11:23:44.005+0530][25.261s][info][gc,phases   ] GC(608)   Merge Heap Roots: 0.05ms
[2026-05-27T11:23:44.005+0530][25.262s][info][gc,phases   ] GC(608)   Evacuate Collection Set: 0.27ms
[2026-05-27T11:23:44.005+0530][25.262s][info][gc,phases   ] GC(608)   Post Evacuate Collection Set: 0.15ms
[2026-05-27T11:23:44.005+0530][25.262s][info][gc,phases   ] GC(608)   Other: 0.10ms
[2026-05-27T11:23:44.005+0530][25.262s][info][gc,heap     ] GC(608) Eden regions: 306->0(302)
[2026-05-27T11:23:44.005+0530][25.262s][info][gc,heap     ] GC(608) Survivor regions: 1->5(39)
[2026-05-27T11:23:44.005+0530][25.262s][info][gc,heap     ] GC(608) Old regions: 10->10
[2026-05-27T11:23:44.005+0530][25.262s][info][gc,heap     ] GC(608) Archive regions: 2->2
[2026-05-27T11:23:44.005+0530][25.262s][info][gc,heap     ] GC(608) Humongous regions: 9->0
[2026-05-27T11:23:44.005+0530][25.262s][info][gc,metaspace] GC(608) Metaspace: 1745K(2048K)->1745K(2048K) NonClass: 1568K(1728K)->1568K(1728K) Class: 177K(320K)->177K(320K)
[2026-05-27T11:23:44.005+0530][25.262s][info][gc          ] GC(608) Pause Young (Normal) (G1 Evacuation Pause) 325M->15M(512M) 0.730ms
[2026-05-27T11:23:44.005+0530][25.262s][info][gc,cpu      ] GC(608) User=0.00s Sys=0.00s Real=0.00s
[2026-05-27T11:23:44.043+0530][25.300s][info][gc,start    ] GC(609) Pause Young (Normal) (G1 Evacuation Pause)
[2026-05-27T11:23:44.044+0530][25.300s][info][gc,task     ] GC(609) Using 9 workers of 9 for evacuation
[2026-05-27T11:23:44.044+0530][25.300s][info][gc,phases   ] GC(609)   Pre Evacuate Collection Set: 0.07ms
[2026-05-27T11:23:44.044+0530][25.300s][info][gc,phases   ] GC(609)   Merge Heap Roots: 0.05ms
[2026-05-27T11:23:44.044+0530][25.300s][info][gc,phases   ] GC(609)   Evacuate Collection Set: 0.27ms
[2026-05-27T11:23:44.044+0530][25.300s][info][gc,phases   ] GC(609)   Post Evacuate Collection Set: 0.18ms
[2026-05-27T11:23:44.044+0530][25.300s][info][gc,phases   ] GC(609)   Other: 0.11ms
[2026-05-27T11:23:44.044+0530][25.300s][info][gc,heap     ] GC(609) Eden regions: 302->0(300)
[2026-05-27T11:23:44.044+0530][25.300s][info][gc,heap     ] GC(609) Survivor regions: 5->7(39)
[2026-05-27T11:23:44.044+0530][25.300s][info][gc,heap     ] GC(609) Old regions: 10->10
[2026-05-27T11:23:44.044+0530][25.300s][info][gc,heap     ] GC(609) Archive regions: 2->2
[2026-05-27T11:23:44.044+0530][25.300s][info][gc,heap     ] GC(609) Humongous regions: 9->0
[2026-05-27T11:23:44.044+0530][25.300s][info][gc,metaspace] GC(609) Metaspace: 1745K(2048K)->1745K(2048K) NonClass: 1568K(1728K)->1568K(1728K) Class: 177K(320K)->177K(320K)
[2026-05-27T11:23:44.044+0530][25.300s][info][gc          ] GC(609) Pause Young (Normal) (G1 Evacuation Pause) 325M->16M(512M) 0.742ms
[2026-05-27T11:23:44.044+0530][25.300s][info][gc,cpu      ] GC(609) User=0.00s Sys=0.00s Real=0.00s
[2026-05-27T11:23:44.084+0530][25.340s][info][gc,start    ] GC(610) Pause Young (Normal) (G1 Evacuation Pause)
[2026-05-27T11:23:44.084+0530][25.340s][info][gc,task     ] GC(610) Using 9 workers of 9 for evacuation
[2026-05-27T11:23:44.085+0530][25.341s][info][gc,phases   ] GC(610)   Pre Evacuate Collection Set: 0.08ms
[2026-05-27T11:23:44.085+0530][25.341s][info][gc,phases   ] GC(610)   Merge Heap Roots: 0.04ms
[2026-05-27T11:23:44.085+0530][25.341s][info][gc,phases   ] GC(610)   Evacuate Collection Set: 0.24ms
[2026-05-27T11:23:44.085+0530][25.341s][info][gc,phases   ] GC(610)   Post Evacuate Collection Set: 0.19ms
[2026-05-27T11:23:44.085+0530][25.341s][info][gc,phases   ] GC(610)   Other: 0.11ms
[2026-05-27T11:23:44.085+0530][25.341s][info][gc,heap     ] GC(610) Eden regions: 300->0(301)
[2026-05-27T11:23:44.085+0530][25.341s][info][gc,heap     ] GC(610) Survivor regions: 7->6(39)
[2026-05-27T11:23:44.085+0530][25.341s][info][gc,heap     ] GC(610) Old regions: 10->10
[2026-05-27T11:23:44.085+0530][25.341s][info][gc,heap     ] GC(610) Archive regions: 2->2
[2026-05-27T11:23:44.085+0530][25.341s][info][gc,heap     ] GC(610) Humongous regions: 0->0
[2026-05-27T11:23:44.085+0530][25.341s][info][gc,metaspace] GC(610) Metaspace: 1745K(2048K)->1745K(2048K) NonClass: 1568K(1728K)->1568K(1728K) Class: 177K(320K)->177K(320K)
[2026-05-27T11:23:44.085+0530][25.341s][info][gc          ] GC(610) Pause Young (Normal) (G1 Evacuation Pause) 316M->16M(512M) 0.741ms
[2026-05-27T11:23:44.085+0530][25.341s][info][gc,cpu      ] GC(610) User=0.00s Sys=0.00s Real=0.00s
[2026-05-27T11:23:44.128+0530][25.384s][info][gc,start    ] GC(611) Pause Young (Normal) (G1 Evacuation Pause)
[2026-05-27T11:23:44.128+0530][25.384s][info][gc,task     ] GC(611) Using 9 workers of 9 for evacuation
[2026-05-27T11:23:44.128+0530][25.384s][info][gc,phases   ] GC(611)   Pre Evacuate Collection Set: 0.07ms
[2026-05-27T11:23:44.128+0530][25.384s][info][gc,phases   ] GC(611)   Merge Heap Roots: 0.04ms
[2026-05-27T11:23:44.128+0530][25.384s][info][gc,phases   ] GC(611)   Evacuate Collection Set: 0.25ms
[2026-05-27T11:23:44.128+0530][25.384s][info][gc,phases   ] GC(611)   Post Evacuate Collection Set: 0.18ms
[2026-05-27T11:23:44.128+0530][25.384s][info][gc,phases   ] GC(611)   Other: 0.10ms
[2026-05-27T11:23:44.128+0530][25.384s][info][gc,heap     ] GC(611) Eden regions: 301->0(301)
[2026-05-27T11:23:44.128+0530][25.384s][info][gc,heap     ] GC(611) Survivor regions: 6->6(39)
[2026-05-27T11:23:44.128+0530][25.384s][info][gc,heap     ] GC(611) Old regions: 10->10
[2026-05-27T11:23:44.128+0530][25.385s][info][gc,heap     ] GC(611) Archive regions: 2->2
[2026-05-27T11:23:44.128+0530][25.385s][info][gc,heap     ] GC(611) Humongous regions: 0->0
[2026-05-27T11:23:44.128+0530][25.385s][info][gc,metaspace] GC(611) Metaspace: 1745K(2048K)->1745K(2048K) NonClass: 1568K(1728K)->1568K(1728K) Class: 177K(320K)->177K(320K)
[2026-05-27T11:23:44.128+0530][25.385s][info][gc          ] GC(611) Pause Young (Normal) (G1 Evacuation Pause) 316M->15M(512M) 0.690ms
[2026-05-27T11:23:44.128+0530][25.385s][info][gc,cpu      ] GC(611) User=0.00s Sys=0.00s Real=0.00s
[2026-05-27T11:23:44.168+0530][25.424s][info][gc,start    ] GC(612) Pause Young (Normal) (G1 Evacuation Pause)
[2026-05-27T11:23:44.168+0530][25.424s][info][gc,task     ] GC(612) Using 9 workers of 9 for evacuation
[2026-05-27T11:23:44.169+0530][25.425s][info][gc,phases   ] GC(612)   Pre Evacuate Collection Set: 0.07ms
[2026-05-27T11:23:44.169+0530][25.425s][info][gc,phases   ] GC(612)   Merge Heap Roots: 0.04ms
[2026-05-27T11:23:44.169+0530][25.425s][info][gc,phases   ] GC(612)   Evacuate Collection Set: 0.28ms
[2026-05-27T11:23:44.169+0530][25.425s][info][gc,phases   ] GC(612)   Post Evacuate Collection Set: 0.18ms
[2026-05-27T11:23:44.169+0530][25.425s][info][gc,phases   ] GC(612)   Other: 0.12ms
[2026-05-27T11:23:44.169+0530][25.425s][info][gc,heap     ] GC(612) Eden regions: 301->0(300)
[2026-05-27T11:23:44.169+0530][25.425s][info][gc,heap     ] GC(612) Survivor regions: 6->7(39)
[2026-05-27T11:23:44.169+0530][25.425s][info][gc,heap     ] GC(612) Old regions: 10->10
[2026-05-27T11:23:44.169+0530][25.425s][info][gc,heap     ] GC(612) Archive regions: 2->2
[2026-05-27T11:23:44.169+0530][25.425s][info][gc,heap     ] GC(612) Humongous regions: 0->0
[2026-05-27T11:23:44.169+0530][25.425s][info][gc,metaspace] GC(612) Metaspace: 1745K(2048K)->1745K(2048K) NonClass: 1568K(1728K)->1568K(1728K) Class: 177K(320K)->177K(320K)
[2026-05-27T11:23:44.169+0530][25.425s][info][gc          ] GC(612) Pause Young (Normal) (G1 Evacuation Pause) 316M->16M(512M) 0.754ms
[2026-05-27T11:23:44.169+0530][25.425s][info][gc,cpu      ] GC(612) User=0.01s Sys=0.00s Real=0.00s
[2026-05-27T11:23:44.211+0530][25.467s][info][gc,start    ] GC(613) Pause Young (Normal) (G1 Evacuation Pause)
[2026-05-27T11:23:44.211+0530][25.467s][info][gc,task     ] GC(613) Using 9 workers of 9 for evacuation
[2026-05-27T11:23:44.212+0530][25.468s][info][gc,phases   ] GC(613)   Pre Evacuate Collection Set: 0.14ms
[2026-05-27T11:23:44.212+0530][25.468s][info][gc,phases   ] GC(613)   Merge Heap Roots: 0.04ms
[2026-05-27T11:23:44.212+0530][25.468s][info][gc,phases   ] GC(613)   Evacuate Collection Set: 0.24ms
[2026-05-27T11:23:44.212+0530][25.468s][info][gc,phases   ] GC(613)   Post Evacuate Collection Set: 0.18ms
[2026-05-27T11:23:44.212+0530][25.468s][info][gc,phases   ] GC(613)   Other: 0.11ms
[2026-05-27T11:23:44.212+0530][25.468s][info][gc,heap     ] GC(613) Eden regions: 300->0(303)
[2026-05-27T11:23:44.212+0530][25.468s][info][gc,heap     ] GC(613) Survivor regions: 7->4(39)
[2026-05-27T11:23:44.212+0530][25.468s][info][gc,heap     ] GC(613) Old regions: 10->10
[2026-05-27T11:23:44.212+0530][25.468s][info][gc,heap     ] GC(613) Archive regions: 2->2
[2026-05-27T11:23:44.212+0530][25.468s][info][gc,heap     ] GC(613) Humongous regions: 9->0
[2026-05-27T11:23:44.212+0530][25.468s][info][gc,metaspace] GC(613) Metaspace: 1745K(2048K)->1745K(2048K) NonClass: 1568K(1728K)->1568K(1728K) Class: 177K(320K)->177K(320K)
[2026-05-27T11:23:44.212+0530][25.468s][info][gc          ] GC(613) Pause Young (Normal) (G1 Evacuation Pause) 325M->13M(512M) 0.782ms
[2026-05-27T11:23:44.212+0530][25.468s][info][gc,cpu      ] GC(613) User=0.00s Sys=0.00s Real=0.00s
[2026-05-27T11:23:44.252+0530][25.508s][info][gc,start    ] GC(614) Pause Young (Normal) (G1 Evacuation Pause)
[2026-05-27T11:23:44.252+0530][25.508s][info][gc,task     ] GC(614) Using 9 workers of 9 for evacuation
[2026-05-27T11:23:44.253+0530][25.509s][info][gc,phases   ] GC(614)   Pre Evacuate Collection Set: 0.07ms
[2026-05-27T11:23:44.253+0530][25.509s][info][gc,phases   ] GC(614)   Merge Heap Roots: 0.09ms
[2026-05-27T11:23:44.253+0530][25.509s][info][gc,phases   ] GC(614)   Evacuate Collection Set: 0.24ms
[2026-05-27T11:23:44.253+0530][25.509s][info][gc,phases   ] GC(614)   Post Evacuate Collection Set: 0.26ms
[2026-05-27T11:23:44.253+0530][25.509s][info][gc,phases   ] GC(614)   Other: 0.11ms
[2026-05-27T11:23:44.253+0530][25.509s][info][gc,heap     ] GC(614) Eden regions: 303->0(301)
[2026-05-27T11:23:44.253+0530][25.509s][info][gc,heap     ] GC(614) Survivor regions: 4->6(39)
[2026-05-27T11:23:44.253+0530][25.509s][info][gc,heap     ] GC(614) Old regions: 10->10
[2026-05-27T11:23:44.253+0530][25.509s][info][gc,heap     ] GC(614) Archive regions: 2->2
[2026-05-27T11:23:44.253+0530][25.509s][info][gc,heap     ] GC(614) Humongous regions: 9->0
[2026-05-27T11:23:44.253+0530][25.509s][info][gc,metaspace] GC(614) Metaspace: 1745K(2048K)->1745K(2048K) NonClass: 1568K(1728K)->1568K(1728K) Class: 177K(320K)->177K(320K)
[2026-05-27T11:23:44.253+0530][25.509s][info][gc          ] GC(614) Pause Young (Normal) (G1 Evacuation Pause) 325M->15M(512M) 0.868ms
[2026-05-27T11:23:44.253+0530][25.509s][info][gc,cpu      ] GC(614) User=0.00s Sys=0.00s Real=0.00s
[2026-05-27T11:23:44.295+0530][25.552s][info][gc,start    ] GC(615) Pause Young (Normal) (G1 Evacuation Pause)
[2026-05-27T11:23:44.295+0530][25.552s][info][gc,task     ] GC(615) Using 9 workers of 9 for evacuation
[2026-05-27T11:23:44.296+0530][25.552s][info][gc,phases   ] GC(615)   Pre Evacuate Collection Set: 0.05ms
[2026-05-27T11:23:44.296+0530][25.552s][info][gc,phases   ] GC(615)   Merge Heap Roots: 0.05ms
[2026-05-27T11:23:44.296+0530][25.552s][info][gc,phases   ] GC(615)   Evacuate Collection Set: 0.30ms
[2026-05-27T11:23:44.296+0530][25.552s][info][gc,phases   ] GC(615)   Post Evacuate Collection Set: 0.19ms
[2026-05-27T11:23:44.296+0530][25.552s][info][gc,phases   ] GC(615)   Other: 0.11ms
[2026-05-27T11:23:44.296+0530][25.552s][info][gc,heap     ] GC(615) Eden regions: 301->0(302)
[2026-05-27T11:23:44.296+0530][25.552s][info][gc,heap     ] GC(615) Survivor regions: 6->5(39)
[2026-05-27T11:23:44.296+0530][25.552s][info][gc,heap     ] GC(615) Old regions: 10->10
[2026-05-27T11:23:44.296+0530][25.552s][info][gc,heap     ] GC(615) Archive regions: 2->2
[2026-05-27T11:23:44.296+0530][25.552s][info][gc,heap     ] GC(615) Humongous regions: 0->0
[2026-05-27T11:23:44.296+0530][25.552s][info][gc,metaspace] GC(615) Metaspace: 1745K(2048K)->1745K(2048K) NonClass: 1568K(1728K)->1568K(1728K) Class: 177K(320K)->177K(320K)
[2026-05-27T11:23:44.296+0530][25.552s][info][gc          ] GC(615) Pause Young (Normal) (G1 Evacuation Pause) 316M->14M(512M) 0.870ms
[2026-05-27T11:23:44.296+0530][25.552s][info][gc,cpu      ] GC(615) User=0.01s Sys=0.00s Real=0.00s
[2026-05-27T11:23:44.340+0530][25.596s][info][gc,start    ] GC(616) Pause Young (Normal) (G1 Evacuation Pause)
[2026-05-27T11:23:44.340+0530][25.596s][info][gc,task     ] GC(616) Using 9 workers of 9 for evacuation
[2026-05-27T11:23:44.340+0530][25.596s][info][gc,phases   ] GC(616)   Pre Evacuate Collection Set: 0.10ms
[2026-05-27T11:23:44.340+0530][25.597s][info][gc,phases   ] GC(616)   Merge Heap Roots: 0.07ms
[2026-05-27T11:23:44.340+0530][25.597s][info][gc,phases   ] GC(616)   Evacuate Collection Set: 0.27ms
[2026-05-27T11:23:44.340+0530][25.597s][info][gc,phases   ] GC(616)   Post Evacuate Collection Set: 0.22ms
[2026-05-27T11:23:44.340+0530][25.597s][info][gc,phases   ] GC(616)   Other: 0.10ms
[2026-05-27T11:23:44.340+0530][25.597s][info][gc,heap     ] GC(616) Eden regions: 302->0(306)
[2026-05-27T11:23:44.340+0530][25.597s][info][gc,heap     ] GC(616) Survivor regions: 5->1(39)
[2026-05-27T11:23:44.340+0530][25.597s][info][gc,heap     ] GC(616) Old regions: 10->10
[2026-05-27T11:23:44.340+0530][25.597s][info][gc,heap     ] GC(616) Archive regions: 2->2
[2026-05-27T11:23:44.340+0530][25.597s][info][gc,heap     ] GC(616) Humongous regions: 0->0
[2026-05-27T11:23:44.340+0530][25.597s][info][gc,metaspace] GC(616) Metaspace: 1745K(2048K)->1745K(2048K) NonClass: 1568K(1728K)->1568K(1728K) Class: 177K(320K)->177K(320K)
[2026-05-27T11:23:44.340+0530][25.597s][info][gc          ] GC(616) Pause Young (Normal) (G1 Evacuation Pause) 316M->10M(512M) 0.814ms
[2026-05-27T11:23:44.340+0530][25.597s][info][gc,cpu      ] GC(616) User=0.01s Sys=0.00s Real=0.00s
[2026-05-27T11:23:44.381+0530][25.638s][info][gc,start    ] GC(617) Pause Young (Normal) (G1 Evacuation Pause)
[2026-05-27T11:23:44.381+0530][25.638s][info][gc,task     ] GC(617) Using 9 workers of 9 for evacuation
[2026-05-27T11:23:44.382+0530][25.638s][info][gc,phases   ] GC(617)   Pre Evacuate Collection Set: 0.08ms
[2026-05-27T11:23:44.382+0530][25.638s][info][gc,phases   ] GC(617)   Merge Heap Roots: 0.06ms
[2026-05-27T11:23:44.382+0530][25.638s][info][gc,phases   ] GC(617)   Evacuate Collection Set: 0.25ms
[2026-05-27T11:23:44.382+0530][25.638s][info][gc,phases   ] GC(617)   Post Evacuate Collection Set: 0.25ms
[2026-05-27T11:23:44.382+0530][25.638s][info][gc,phases   ] GC(617)   Other: 0.10ms
[2026-05-27T11:23:44.382+0530][25.638s][info][gc,heap     ] GC(617) Eden regions: 306->0(300)
[2026-05-27T11:23:44.382+0530][25.638s][info][gc,heap     ] GC(617) Survivor regions: 1->7(39)
[2026-05-27T11:23:44.382+0530][25.638s][info][gc,heap     ] GC(617) Old regions: 10->10
[2026-05-27T11:23:44.382+0530][25.638s][info][gc,heap     ] GC(617) Archive regions: 2->2
[2026-05-27T11:23:44.382+0530][25.638s][info][gc,heap     ] GC(617) Humongous regions: 0->0
[2026-05-27T11:23:44.382+0530][25.638s][info][gc,metaspace] GC(617) Metaspace: 1745K(2048K)->1745K(2048K) NonClass: 1568K(1728K)->1568K(1728K) Class: 177K(320K)->177K(320K)
[2026-05-27T11:23:44.382+0530][25.638s][info][gc          ] GC(617) Pause Young (Normal) (G1 Evacuation Pause) 316M->16M(512M) 0.799ms
[2026-05-27T11:23:44.382+0530][25.638s][info][gc,cpu      ] GC(617) User=0.00s Sys=0.00s Real=0.00s
[2026-05-27T11:23:44.422+0530][25.678s][info][gc,start    ] GC(618) Pause Young (Normal) (G1 Evacuation Pause)
[2026-05-27T11:23:44.422+0530][25.678s][info][gc,task     ] GC(618) Using 9 workers of 9 for evacuation
[2026-05-27T11:23:44.423+0530][25.679s][info][gc,phases   ] GC(618)   Pre Evacuate Collection Set: 0.12ms
[2026-05-27T11:23:44.423+0530][25.679s][info][gc,phases   ] GC(618)   Merge Heap Roots: 0.07ms
[2026-05-27T11:23:44.423+0530][25.679s][info][gc,phases   ] GC(618)   Evacuate Collection Set: 0.31ms
[2026-05-27T11:23:44.423+0530][25.679s][info][gc,phases   ] GC(618)   Post Evacuate Collection Set: 0.24ms
[2026-05-27T11:23:44.423+0530][25.679s][info][gc,phases   ] GC(618)   Other: 0.12ms
[2026-05-27T11:23:44.423+0530][25.679s][info][gc,heap     ] GC(618) Eden regions: 300->0(302)
[2026-05-27T11:23:44.423+0530][25.679s][info][gc,heap     ] GC(618) Survivor regions: 7->5(39)
[2026-05-27T11:23:44.423+0530][25.679s][info][gc,heap     ] GC(618) Old regions: 10->10
[2026-05-27T11:23:44.423+0530][25.679s][info][gc,heap     ] GC(618) Archive regions: 2->2
[2026-05-27T11:23:44.423+0530][25.679s][info][gc,heap     ] GC(618) Humongous regions: 0->0
[2026-05-27T11:23:44.423+0530][25.679s][info][gc,metaspace] GC(618) Metaspace: 1745K(2048K)->1745K(2048K) NonClass: 1568K(1728K)->1568K(1728K) Class: 177K(320K)->177K(320K)
[2026-05-27T11:23:44.423+0530][25.679s][info][gc          ] GC(618) Pause Young (Normal) (G1 Evacuation Pause) 316M->14M(512M) 0.916ms
[2026-05-27T11:23:44.423+0530][25.679s][info][gc,cpu      ] GC(618) User=0.00s Sys=0.00s Real=0.00s
[2026-05-27T11:23:44.463+0530][25.719s][info][gc,start    ] GC(619) Pause Young (Normal) (G1 Evacuation Pause)
[2026-05-27T11:23:44.463+0530][25.719s][info][gc,task     ] GC(619) Using 9 workers of 9 for evacuation
[2026-05-27T11:23:44.464+0530][25.720s][info][gc,phases   ] GC(619)   Pre Evacuate Collection Set: 0.08ms
[2026-05-27T11:23:44.464+0530][25.720s][info][gc,phases   ] GC(619)   Merge Heap Roots: 0.06ms
[2026-05-27T11:23:44.464+0530][25.720s][info][gc,phases   ] GC(619)   Evacuate Collection Set: 0.29ms
[2026-05-27T11:23:44.464+0530][25.720s][info][gc,phases   ] GC(619)   Post Evacuate Collection Set: 0.20ms
[2026-05-27T11:23:44.464+0530][25.720s][info][gc,phases   ] GC(619)   Other: 0.15ms
[2026-05-27T11:23:44.464+0530][25.720s][info][gc,heap     ] GC(619) Eden regions: 302->0(301)
[2026-05-27T11:23:44.464+0530][25.720s][info][gc,heap     ] GC(619) Survivor regions: 5->6(39)
[2026-05-27T11:23:44.464+0530][25.720s][info][gc,heap     ] GC(619) Old regions: 10->10
[2026-05-27T11:23:44.464+0530][25.720s][info][gc,heap     ] GC(619) Archive regions: 2->2
[2026-05-27T11:23:44.464+0530][25.720s][info][gc,heap     ] GC(619) Humongous regions: 0->0
[2026-05-27T11:23:44.464+0530][25.720s][info][gc,metaspace] GC(619) Metaspace: 1745K(2048K)->1745K(2048K) NonClass: 1568K(1728K)->1568K(1728K) Class: 177K(320K)->177K(320K)
[2026-05-27T11:23:44.464+0530][25.720s][info][gc          ] GC(619) Pause Young (Normal) (G1 Evacuation Pause) 316M->15M(512M) 0.859ms
[2026-05-27T11:23:44.464+0530][25.720s][info][gc,cpu      ] GC(619) User=0.00s Sys=0.00s Real=0.00s
[2026-05-27T11:23:44.505+0530][25.761s][info][gc,start    ] GC(620) Pause Young (Normal) (G1 Evacuation Pause)
[2026-05-27T11:23:44.505+0530][25.761s][info][gc,task     ] GC(620) Using 9 workers of 9 for evacuation
[2026-05-27T11:23:44.506+0530][25.762s][info][gc,phases   ] GC(620)   Pre Evacuate Collection Set: 0.08ms
[2026-05-27T11:23:44.506+0530][25.762s][info][gc,phases   ] GC(620)   Merge Heap Roots: 0.09ms
[2026-05-27T11:23:44.506+0530][25.762s][info][gc,phases   ] GC(620)   Evacuate Collection Set: 0.26ms
[2026-05-27T11:23:44.506+0530][25.762s][info][gc,phases   ] GC(620)   Post Evacuate Collection Set: 0.24ms
[2026-05-27T11:23:44.506+0530][25.762s][info][gc,phases   ] GC(620)   Other: 0.14ms
[2026-05-27T11:23:44.506+0530][25.762s][info][gc,heap     ] GC(620) Eden regions: 301->0(302)
[2026-05-27T11:23:44.506+0530][25.762s][info][gc,heap     ] GC(620) Survivor regions: 6->5(39)
[2026-05-27T11:23:44.506+0530][25.762s][info][gc,heap     ] GC(620) Old regions: 10->10
[2026-05-27T11:23:44.506+0530][25.762s][info][gc,heap     ] GC(620) Archive regions: 2->2
[2026-05-27T11:23:44.506+0530][25.762s][info][gc,heap     ] GC(620) Humongous regions: 0->0
[2026-05-27T11:23:44.506+0530][25.762s][info][gc,metaspace] GC(620) Metaspace: 1745K(2048K)->1745K(2048K) NonClass: 1568K(1728K)->1568K(1728K) Class: 177K(320K)->177K(320K)
[2026-05-27T11:23:44.506+0530][25.762s][info][gc          ] GC(620) Pause Young (Normal) (G1 Evacuation Pause) 316M->14M(512M) 0.880ms
[2026-05-27T11:23:44.506+0530][25.762s][info][gc,cpu      ] GC(620) User=0.01s Sys=0.00s Real=0.00s
[2026-05-27T11:23:44.547+0530][25.803s][info][gc,start    ] GC(621) Pause Young (Normal) (G1 Evacuation Pause)
[2026-05-27T11:23:44.547+0530][25.803s][info][gc,task     ] GC(621) Using 9 workers of 9 for evacuation
[2026-05-27T11:23:44.548+0530][25.804s][info][gc,phases   ] GC(621)   Pre Evacuate Collection Set: 0.08ms
[2026-05-27T11:23:44.548+0530][25.804s][info][gc,phases   ] GC(621)   Merge Heap Roots: 0.08ms
[2026-05-27T11:23:44.548+0530][25.804s][info][gc,phases   ] GC(621)   Evacuate Collection Set: 0.31ms
[2026-05-27T11:23:44.548+0530][25.804s][info][gc,phases   ] GC(621)   Post Evacuate Collection Set: 0.17ms
[2026-05-27T11:23:44.548+0530][25.804s][info][gc,phases   ] GC(621)   Other: 0.11ms
[2026-05-27T11:23:44.548+0530][25.804s][info][gc,heap     ] GC(621) Eden regions: 302->0(299)
[2026-05-27T11:23:44.548+0530][25.804s][info][gc,heap     ] GC(621) Survivor regions: 5->8(39)
[2026-05-27T11:23:44.548+0530][25.804s][info][gc,heap     ] GC(621) Old regions: 10->10
[2026-05-27T11:23:44.548+0530][25.804s][info][gc,heap     ] GC(621) Archive regions: 2->2
[2026-05-27T11:23:44.548+0530][25.804s][info][gc,heap     ] GC(621) Humongous regions: 9->0
[2026-05-27T11:23:44.548+0530][25.804s][info][gc,metaspace] GC(621) Metaspace: 1745K(2048K)->1745K(2048K) NonClass: 1568K(1728K)->1568K(1728K) Class: 177K(320K)->177K(320K)
[2026-05-27T11:23:44.548+0530][25.804s][info][gc          ] GC(621) Pause Young (Normal) (G1 Evacuation Pause) 325M->17M(512M) 0.819ms
[2026-05-27T11:23:44.548+0530][25.804s][info][gc,cpu      ] GC(621) User=0.01s Sys=0.00s Real=0.00s
[2026-05-27T11:23:44.588+0530][25.844s][info][gc,start    ] GC(622) Pause Young (Normal) (G1 Evacuation Pause)
[2026-05-27T11:23:44.588+0530][25.844s][info][gc,task     ] GC(622) Using 9 workers of 9 for evacuation
[2026-05-27T11:23:44.589+0530][25.845s][info][gc,phases   ] GC(622)   Pre Evacuate Collection Set: 0.12ms
[2026-05-27T11:23:44.589+0530][25.845s][info][gc,phases   ] GC(622)   Merge Heap Roots: 0.05ms
[2026-05-27T11:23:44.589+0530][25.845s][info][gc,phases   ] GC(622)   Evacuate Collection Set: 0.31ms
[2026-05-27T11:23:44.589+0530][25.845s][info][gc,phases   ] GC(622)   Post Evacuate Collection Set: 0.28ms
[2026-05-27T11:23:44.589+0530][25.845s][info][gc,phases   ] GC(622)   Other: 0.16ms
[2026-05-27T11:23:44.589+0530][25.845s][info][gc,heap     ] GC(622) Eden regions: 299->0(301)
[2026-05-27T11:23:44.589+0530][25.845s][info][gc,heap     ] GC(622) Survivor regions: 8->6(39)
[2026-05-27T11:23:44.589+0530][25.845s][info][gc,heap     ] GC(622) Old regions: 10->10
[2026-05-27T11:23:44.589+0530][25.845s][info][gc,heap     ] GC(622) Archive regions: 2->2
[2026-05-27T11:23:44.589+0530][25.845s][info][gc,heap     ] GC(622) Humongous regions: 0->0
[2026-05-27T11:23:44.589+0530][25.845s][info][gc,metaspace] GC(622) Metaspace: 1745K(2048K)->1745K(2048K) NonClass: 1568K(1728K)->1568K(1728K) Class: 177K(320K)->177K(320K)
[2026-05-27T11:23:44.589+0530][25.845s][info][gc          ] GC(622) Pause Young (Normal) (G1 Evacuation Pause) 316M->15M(512M) 1.021ms
[2026-05-27T11:23:44.589+0530][25.845s][info][gc,cpu      ] GC(622) User=0.00s Sys=0.00s Real=0.00s
[2026-05-27T11:23:44.631+0530][25.887s][info][gc,start    ] GC(623) Pause Young (Normal) (G1 Evacuation Pause)
[2026-05-27T11:23:44.631+0530][25.887s][info][gc,task     ] GC(623) Using 9 workers of 9 for evacuation
[2026-05-27T11:23:44.631+0530][25.888s][info][gc,phases   ] GC(623)   Pre Evacuate Collection Set: 0.05ms
[2026-05-27T11:23:44.631+0530][25.888s][info][gc,phases   ] GC(623)   Merge Heap Roots: 0.04ms
[2026-05-27T11:23:44.631+0530][25.888s][info][gc,phases   ] GC(623)   Evacuate Collection Set: 0.31ms
[2026-05-27T11:23:44.631+0530][25.888s][info][gc,phases   ] GC(623)   Post Evacuate Collection Set: 0.22ms
[2026-05-27T11:23:44.631+0530][25.888s][info][gc,phases   ] GC(623)   Other: 0.11ms
[2026-05-27T11:23:44.631+0530][25.888s][info][gc,heap     ] GC(623) Eden regions: 301->0(300)
[2026-05-27T11:23:44.631+0530][25.888s][info][gc,heap     ] GC(623) Survivor regions: 6->7(39)
[2026-05-27T11:23:44.631+0530][25.888s][info][gc,heap     ] GC(623) Old regions: 10->10
[2026-05-27T11:23:44.631+0530][25.888s][info][gc,heap     ] GC(623) Archive regions: 2->2
[2026-05-27T11:23:44.631+0530][25.888s][info][gc,heap     ] GC(623) Humongous regions: 0->0
[2026-05-27T11:23:44.631+0530][25.888s][info][gc,metaspace] GC(623) Metaspace: 1745K(2048K)->1745K(2048K) NonClass: 1568K(1728K)->1568K(1728K) Class: 177K(320K)->177K(320K)
[2026-05-27T11:23:44.632+0530][25.888s][info][gc          ] GC(623) Pause Young (Normal) (G1 Evacuation Pause) 316M->16M(512M) 0.798ms
[2026-05-27T11:23:44.632+0530][25.888s][info][gc,cpu      ] GC(623) User=0.00s Sys=0.00s Real=0.00s
[2026-05-27T11:23:44.671+0530][25.927s][info][gc,start    ] GC(624) Pause Young (Normal) (G1 Evacuation Pause)
[2026-05-27T11:23:44.671+0530][25.927s][info][gc,task     ] GC(624) Using 9 workers of 9 for evacuation
[2026-05-27T11:23:44.672+0530][25.928s][info][gc,phases   ] GC(624)   Pre Evacuate Collection Set: 0.10ms
[2026-05-27T11:23:44.672+0530][25.928s][info][gc,phases   ] GC(624)   Merge Heap Roots: 0.04ms
[2026-05-27T11:23:44.672+0530][25.928s][info][gc,phases   ] GC(624)   Evacuate Collection Set: 0.21ms
[2026-05-27T11:23:44.672+0530][25.928s][info][gc,phases   ] GC(624)   Post Evacuate Collection Set: 0.15ms
[2026-05-27T11:23:44.672+0530][25.928s][info][gc,phases   ] GC(624)   Other: 0.11ms
[2026-05-27T11:23:44.672+0530][25.928s][info][gc,heap     ] GC(624) Eden regions: 300->0(301)
[2026-05-27T11:23:44.672+0530][25.928s][info][gc,heap     ] GC(624) Survivor regions: 7->6(39)
[2026-05-27T11:23:44.672+0530][25.928s][info][gc,heap     ] GC(624) Old regions: 10->10
[2026-05-27T11:23:44.672+0530][25.928s][info][gc,heap     ] GC(624) Archive regions: 2->2
[2026-05-27T11:23:44.672+0530][25.928s][info][gc,heap     ] GC(624) Humongous regions: 9->0
[2026-05-27T11:23:44.672+0530][25.928s][info][gc,metaspace] GC(624) Metaspace: 1745K(2048K)->1745K(2048K) NonClass: 1568K(1728K)->1568K(1728K) Class: 177K(320K)->177K(320K)
[2026-05-27T11:23:44.672+0530][25.928s][info][gc          ] GC(624) Pause Young (Normal) (G1 Evacuation Pause) 325M->15M(512M) 0.682ms
[2026-05-27T11:23:44.672+0530][25.928s][info][gc,cpu      ] GC(624) User=0.01s Sys=0.00s Real=0.00s
[2026-05-27T11:23:44.714+0530][25.970s][info][gc,start    ] GC(625) Pause Young (Normal) (G1 Evacuation Pause)
[2026-05-27T11:23:44.714+0530][25.970s][info][gc,task     ] GC(625) Using 9 workers of 9 for evacuation
[2026-05-27T11:23:44.714+0530][25.970s][info][gc,phases   ] GC(625)   Pre Evacuate Collection Set: 0.05ms
[2026-05-27T11:23:44.714+0530][25.971s][info][gc,phases   ] GC(625)   Merge Heap Roots: 0.05ms
[2026-05-27T11:23:44.714+0530][25.971s][info][gc,phases   ] GC(625)   Evacuate Collection Set: 0.29ms
[2026-05-27T11:23:44.714+0530][25.971s][info][gc,phases   ] GC(625)   Post Evacuate Collection Set: 0.17ms
[2026-05-27T11:23:44.714+0530][25.971s][info][gc,phases   ] GC(625)   Other: 0.10ms
[2026-05-27T11:23:44.714+0530][25.971s][info][gc,heap     ] GC(625) Eden regions: 301->0(296)
[2026-05-27T11:23:44.714+0530][25.971s][info][gc,heap     ] GC(625) Survivor regions: 6->11(39)
[2026-05-27T11:23:44.714+0530][25.971s][info][gc,heap     ] GC(625) Old regions: 10->10
[2026-05-27T11:23:44.714+0530][25.971s][info][gc,heap     ] GC(625) Archive regions: 2->2
[2026-05-27T11:23:44.714+0530][25.971s][info][gc,heap     ] GC(625) Humongous regions: 0->0
[2026-05-27T11:23:44.714+0530][25.971s][info][gc,metaspace] GC(625) Metaspace: 1745K(2048K)->1745K(2048K) NonClass: 1568K(1728K)->1568K(1728K) Class: 177K(320K)->177K(320K)
[2026-05-27T11:23:44.714+0530][25.971s][info][gc          ] GC(625) Pause Young (Normal) (G1 Evacuation Pause) 316M->20M(512M) 0.748ms
[2026-05-27T11:23:44.714+0530][25.971s][info][gc,cpu      ] GC(625) User=0.01s Sys=0.00s Real=0.00s
[2026-05-27T11:23:44.755+0530][26.011s][info][gc,start    ] GC(626) Pause Young (Normal) (G1 Evacuation Pause)
[2026-05-27T11:23:44.755+0530][26.011s][info][gc,task     ] GC(626) Using 9 workers of 9 for evacuation
[2026-05-27T11:23:44.755+0530][26.011s][info][gc,phases   ] GC(626)   Pre Evacuate Collection Set: 0.08ms
[2026-05-27T11:23:44.755+0530][26.011s][info][gc,phases   ] GC(626)   Merge Heap Roots: 0.05ms
[2026-05-27T11:23:44.755+0530][26.011s][info][gc,phases   ] GC(626)   Evacuate Collection Set: 0.25ms
[2026-05-27T11:23:44.755+0530][26.011s][info][gc,phases   ] GC(626)   Post Evacuate Collection Set: 0.24ms
[2026-05-27T11:23:44.755+0530][26.011s][info][gc,phases   ] GC(626)   Other: 0.12ms
[2026-05-27T11:23:44.755+0530][26.011s][info][gc,heap     ] GC(626) Eden regions: 296->0(300)
[2026-05-27T11:23:44.755+0530][26.011s][info][gc,heap     ] GC(626) Survivor regions: 11->7(39)
[2026-05-27T11:23:44.755+0530][26.011s][info][gc,heap     ] GC(626) Old regions: 10->10
[2026-05-27T11:23:44.755+0530][26.011s][info][gc,heap     ] GC(626) Archive regions: 2->2
[2026-05-27T11:23:44.755+0530][26.011s][info][gc,heap     ] GC(626) Humongous regions: 0->0
[2026-05-27T11:23:44.755+0530][26.011s][info][gc,metaspace] GC(626) Metaspace: 1745K(2048K)->1745K(2048K) NonClass: 1568K(1728K)->1568K(1728K) Class: 177K(320K)->177K(320K)
[2026-05-27T11:23:44.755+0530][26.011s][info][gc          ] GC(626) Pause Young (Normal) (G1 Evacuation Pause) 316M->16M(512M) 0.812ms
[2026-05-27T11:23:44.755+0530][26.011s][info][gc,cpu      ] GC(626) User=0.00s Sys=0.00s Real=0.00s
[2026-05-27T11:23:44.797+0530][26.054s][info][gc,start    ] GC(627) Pause Young (Normal) (G1 Evacuation Pause)
[2026-05-27T11:23:44.797+0530][26.054s][info][gc,task     ] GC(627) Using 9 workers of 9 for evacuation
[2026-05-27T11:23:44.798+0530][26.054s][info][gc,phases   ] GC(627)   Pre Evacuate Collection Set: 0.05ms
[2026-05-27T11:23:44.798+0530][26.054s][info][gc,phases   ] GC(627)   Merge Heap Roots: 0.10ms
[2026-05-27T11:23:44.798+0530][26.054s][info][gc,phases   ] GC(627)   Evacuate Collection Set: 0.32ms
[2026-05-27T11:23:44.798+0530][26.054s][info][gc,phases   ] GC(627)   Post Evacuate Collection Set: 0.22ms
[2026-05-27T11:23:44.798+0530][26.054s][info][gc,phases   ] GC(627)   Other: 0.11ms
[2026-05-27T11:23:44.798+0530][26.054s][info][gc,heap     ] GC(627) Eden regions: 300->0(302)
[2026-05-27T11:23:44.798+0530][26.054s][info][gc,heap     ] GC(627) Survivor regions: 7->5(39)
[2026-05-27T11:23:44.798+0530][26.054s][info][gc,heap     ] GC(627) Old regions: 10->10
[2026-05-27T11:23:44.798+0530][26.054s][info][gc,heap     ] GC(627) Archive regions: 2->2
[2026-05-27T11:23:44.798+0530][26.054s][info][gc,heap     ] GC(627) Humongous regions: 0->0
[2026-05-27T11:23:44.798+0530][26.054s][info][gc,metaspace] GC(627) Metaspace: 1745K(2048K)->1745K(2048K) NonClass: 1568K(1728K)->1568K(1728K) Class: 177K(320K)->177K(320K)
[2026-05-27T11:23:44.798+0530][26.054s][info][gc          ] GC(627) Pause Young (Normal) (G1 Evacuation Pause) 316M->14M(512M) 0.857ms
[2026-05-27T11:23:44.798+0530][26.054s][info][gc,cpu      ] GC(627) User=0.00s Sys=0.00s Real=0.00s
[2026-05-27T11:23:44.838+0530][26.094s][info][gc,start    ] GC(628) Pause Young (Normal) (G1 Evacuation Pause)
[2026-05-27T11:23:44.838+0530][26.095s][info][gc,task     ] GC(628) Using 9 workers of 9 for evacuation
[2026-05-27T11:23:44.839+0530][26.095s][info][gc,phases   ] GC(628)   Pre Evacuate Collection Set: 0.10ms
[2026-05-27T11:23:44.839+0530][26.095s][info][gc,phases   ] GC(628)   Merge Heap Roots: 0.06ms
[2026-05-27T11:23:44.839+0530][26.095s][info][gc,phases   ] GC(628)   Evacuate Collection Set: 0.28ms
[2026-05-27T11:23:44.839+0530][26.095s][info][gc,phases   ] GC(628)   Post Evacuate Collection Set: 0.21ms
[2026-05-27T11:23:44.839+0530][26.095s][info][gc,phases   ] GC(628)   Other: 0.10ms
[2026-05-27T11:23:44.839+0530][26.095s][info][gc,heap     ] GC(628) Eden regions: 302->0(300)
[2026-05-27T11:23:44.839+0530][26.095s][info][gc,heap     ] GC(628) Survivor regions: 5->7(39)
[2026-05-27T11:23:44.839+0530][26.095s][info][gc,heap     ] GC(628) Old regions: 10->10
[2026-05-27T11:23:44.839+0530][26.095s][info][gc,heap     ] GC(628) Archive regions: 2->2
[2026-05-27T11:23:44.839+0530][26.095s][info][gc,heap     ] GC(628) Humongous regions: 0->0
[2026-05-27T11:23:44.839+0530][26.095s][info][gc,metaspace] GC(628) Metaspace: 1745K(2048K)->1745K(2048K) NonClass: 1568K(1728K)->1568K(1728K) Class: 177K(320K)->177K(320K)
[2026-05-27T11:23:44.839+0530][26.095s][info][gc          ] GC(628) Pause Young (Normal) (G1 Evacuation Pause) 316M->16M(512M) 0.867ms
[2026-05-27T11:23:44.839+0530][26.095s][info][gc,cpu      ] GC(628) User=0.00s Sys=0.00s Real=0.00s
[2026-05-27T11:23:44.882+0530][26.138s][info][gc,start    ] GC(629) Pause Young (Normal) (G1 Evacuation Pause)
[2026-05-27T11:23:44.882+0530][26.138s][info][gc,task     ] GC(629) Using 9 workers of 9 for evacuation
[2026-05-27T11:23:44.882+0530][26.139s][info][gc,phases   ] GC(629)   Pre Evacuate Collection Set: 0.09ms
[2026-05-27T11:23:44.882+0530][26.139s][info][gc,phases   ] GC(629)   Merge Heap Roots: 0.06ms
[2026-05-27T11:23:44.882+0530][26.139s][info][gc,phases   ] GC(629)   Evacuate Collection Set: 0.34ms
[2026-05-27T11:23:44.882+0530][26.139s][info][gc,phases   ] GC(629)   Post Evacuate Collection Set: 0.18ms
[2026-05-27T11:23:44.882+0530][26.139s][info][gc,phases   ] GC(629)   Other: 0.10ms
[2026-05-27T11:23:44.882+0530][26.139s][info][gc,heap     ] GC(629) Eden regions: 300->0(301)
[2026-05-27T11:23:44.882+0530][26.139s][info][gc,heap     ] GC(629) Survivor regions: 7->6(39)
[2026-05-27T11:23:44.882+0530][26.139s][info][gc,heap     ] GC(629) Old regions: 10->10
[2026-05-27T11:23:44.882+0530][26.139s][info][gc,heap     ] GC(629) Archive regions: 2->2
[2026-05-27T11:23:44.883+0530][26.139s][info][gc,heap     ] GC(629) Humongous regions: 0->0
[2026-05-27T11:23:44.883+0530][26.139s][info][gc,metaspace] GC(629) Metaspace: 1745K(2048K)->1745K(2048K) NonClass: 1568K(1728K)->1568K(1728K) Class: 177K(320K)->177K(320K)
[2026-05-27T11:23:44.883+0530][26.139s][info][gc          ] GC(629) Pause Young (Normal) (G1 Evacuation Pause) 316M->15M(512M) 0.853ms
[2026-05-27T11:23:44.883+0530][26.139s][info][gc,cpu      ] GC(629) User=0.00s Sys=0.01s Real=0.00s
[2026-05-27T11:23:44.923+0530][26.179s][info][gc,start    ] GC(630) Pause Young (Normal) (G1 Evacuation Pause)
[2026-05-27T11:23:44.923+0530][26.179s][info][gc,task     ] GC(630) Using 9 workers of 9 for evacuation
[2026-05-27T11:23:44.923+0530][26.180s][info][gc,phases   ] GC(630)   Pre Evacuate Collection Set: 0.08ms
[2026-05-27T11:23:44.923+0530][26.180s][info][gc,phases   ] GC(630)   Merge Heap Roots: 0.04ms
[2026-05-27T11:23:44.923+0530][26.180s][info][gc,phases   ] GC(630)   Evacuate Collection Set: 0.27ms
[2026-05-27T11:23:44.923+0530][26.180s][info][gc,phases   ] GC(630)   Post Evacuate Collection Set: 0.17ms
[2026-05-27T11:23:44.923+0530][26.180s][info][gc,phases   ] GC(630)   Other: 0.13ms
[2026-05-27T11:23:44.923+0530][26.180s][info][gc,heap     ] GC(630) Eden regions: 301->0(301)
[2026-05-27T11:23:44.923+0530][26.180s][info][gc,heap     ] GC(630) Survivor regions: 6->6(39)
[2026-05-27T11:23:44.923+0530][26.180s][info][gc,heap     ] GC(630) Old regions: 10->10
[2026-05-27T11:23:44.923+0530][26.180s][info][gc,heap     ] GC(630) Archive regions: 2->2
[2026-05-27T11:23:44.923+0530][26.180s][info][gc,heap     ] GC(630) Humongous regions: 0->0
[2026-05-27T11:23:44.923+0530][26.180s][info][gc,metaspace] GC(630) Metaspace: 1745K(2048K)->1745K(2048K) NonClass: 1568K(1728K)->1568K(1728K) Class: 177K(320K)->177K(320K)
[2026-05-27T11:23:44.923+0530][26.180s][info][gc          ] GC(630) Pause Young (Normal) (G1 Evacuation Pause) 316M->15M(512M) 0.762ms
[2026-05-27T11:23:44.923+0530][26.180s][info][gc,cpu      ] GC(630) User=0.01s Sys=0.00s Real=0.00s
[2026-05-27T11:23:44.963+0530][26.220s][info][gc,start    ] GC(631) Pause Young (Normal) (G1 Evacuation Pause)
[2026-05-27T11:23:44.963+0530][26.220s][info][gc,task     ] GC(631) Using 9 workers of 9 for evacuation
[2026-05-27T11:23:44.964+0530][26.220s][info][gc,phases   ] GC(631)   Pre Evacuate Collection Set: 0.09ms
[2026-05-27T11:23:44.964+0530][26.220s][info][gc,phases   ] GC(631)   Merge Heap Roots: 0.05ms
[2026-05-27T11:23:44.964+0530][26.220s][info][gc,phases   ] GC(631)   Evacuate Collection Set: 0.26ms
[2026-05-27T11:23:44.964+0530][26.220s][info][gc,phases   ] GC(631)   Post Evacuate Collection Set: 0.22ms
[2026-05-27T11:23:44.964+0530][26.220s][info][gc,phases   ] GC(631)   Other: 0.12ms
[2026-05-27T11:23:44.964+0530][26.220s][info][gc,heap     ] GC(631) Eden regions: 301->0(300)
[2026-05-27T11:23:44.964+0530][26.220s][info][gc,heap     ] GC(631) Survivor regions: 6->7(39)
[2026-05-27T11:23:44.964+0530][26.220s][info][gc,heap     ] GC(631) Old regions: 10->10
[2026-05-27T11:23:44.964+0530][26.220s][info][gc,heap     ] GC(631) Archive regions: 2->2
[2026-05-27T11:23:44.964+0530][26.220s][info][gc,heap     ] GC(631) Humongous regions: 0->0
[2026-05-27T11:23:44.964+0530][26.220s][info][gc,metaspace] GC(631) Metaspace: 1745K(2048K)->1745K(2048K) NonClass: 1568K(1728K)->1568K(1728K) Class: 177K(320K)->177K(320K)
[2026-05-27T11:23:44.964+0530][26.220s][info][gc          ] GC(631) Pause Young (Normal) (G1 Evacuation Pause) 316M->16M(512M) 0.806ms
[2026-05-27T11:23:44.964+0530][26.220s][info][gc,cpu      ] GC(631) User=0.00s Sys=0.00s Real=0.00s
[2026-05-27T11:23:45.006+0530][26.262s][info][gc,start    ] GC(632) Pause Young (Normal) (G1 Evacuation Pause)
[2026-05-27T11:23:45.006+0530][26.262s][info][gc,task     ] GC(632) Using 9 workers of 9 for evacuation
[2026-05-27T11:23:45.007+0530][26.263s][info][gc,phases   ] GC(632)   Pre Evacuate Collection Set: 0.08ms
[2026-05-27T11:23:45.007+0530][26.263s][info][gc,phases   ] GC(632)   Merge Heap Roots: 0.06ms
[2026-05-27T11:23:45.007+0530][26.263s][info][gc,phases   ] GC(632)   Evacuate Collection Set: 0.29ms
[2026-05-27T11:23:45.007+0530][26.263s][info][gc,phases   ] GC(632)   Post Evacuate Collection Set: 0.20ms
[2026-05-27T11:23:45.007+0530][26.263s][info][gc,phases   ] GC(632)   Other: 0.11ms
[2026-05-27T11:23:45.007+0530][26.263s][info][gc,heap     ] GC(632) Eden regions: 300->0(301)
[2026-05-27T11:23:45.007+0530][26.263s][info][gc,heap     ] GC(632) Survivor regions: 7->6(39)
[2026-05-27T11:23:45.007+0530][26.263s][info][gc,heap     ] GC(632) Old regions: 10->10
[2026-05-27T11:23:45.007+0530][26.263s][info][gc,heap     ] GC(632) Archive regions: 2->2
[2026-05-27T11:23:45.007+0530][26.263s][info][gc,heap     ] GC(632) Humongous regions: 9->0
[2026-05-27T11:23:45.007+0530][26.263s][info][gc,metaspace] GC(632) Metaspace: 1745K(2048K)->1745K(2048K) NonClass: 1568K(1728K)->1568K(1728K) Class: 177K(320K)->177K(320K)
[2026-05-27T11:23:45.007+0530][26.263s][info][gc          ] GC(632) Pause Young (Normal) (G1 Evacuation Pause) 325M->15M(512M) 0.805ms
[2026-05-27T11:23:45.007+0530][26.263s][info][gc,cpu      ] GC(632) User=0.00s Sys=0.00s Real=0.00s
[2026-05-27T11:23:45.048+0530][26.304s][info][gc,start    ] GC(633) Pause Young (Normal) (G1 Evacuation Pause)
[2026-05-27T11:23:45.048+0530][26.304s][info][gc,task     ] GC(633) Using 9 workers of 9 for evacuation
[2026-05-27T11:23:45.049+0530][26.305s][info][gc,phases   ] GC(633)   Pre Evacuate Collection Set: 0.06ms
[2026-05-27T11:23:45.049+0530][26.305s][info][gc,phases   ] GC(633)   Merge Heap Roots: 0.05ms
[2026-05-27T11:23:45.049+0530][26.305s][info][gc,phases   ] GC(633)   Evacuate Collection Set: 0.39ms
[2026-05-27T11:23:45.049+0530][26.305s][info][gc,phases   ] GC(633)   Post Evacuate Collection Set: 0.22ms
[2026-05-27T11:23:45.049+0530][26.305s][info][gc,phases   ] GC(633)   Other: 0.14ms
[2026-05-27T11:23:45.049+0530][26.305s][info][gc,heap     ] GC(633) Eden regions: 301->0(301)
[2026-05-27T11:23:45.049+0530][26.305s][info][gc,heap     ] GC(633) Survivor regions: 6->6(39)
[2026-05-27T11:23:45.049+0530][26.305s][info][gc,heap     ] GC(633) Old regions: 10->10
[2026-05-27T11:23:45.049+0530][26.305s][info][gc,heap     ] GC(633) Archive regions: 2->2
[2026-05-27T11:23:45.049+0530][26.305s][info][gc,heap     ] GC(633) Humongous regions: 0->0
[2026-05-27T11:23:45.049+0530][26.305s][info][gc,metaspace] GC(633) Metaspace: 1745K(2048K)->1745K(2048K) NonClass: 1568K(1728K)->1568K(1728K) Class: 177K(320K)->177K(320K)
[2026-05-27T11:23:45.049+0530][26.305s][info][gc          ] GC(633) Pause Young (Normal) (G1 Evacuation Pause) 316M->15M(512M) 0.964ms
[2026-05-27T11:23:45.049+0530][26.305s][info][gc,cpu      ] GC(633) User=0.00s Sys=0.00s Real=0.00s
[2026-05-27T11:23:45.088+0530][26.344s][info][gc,start    ] GC(634) Pause Young (Normal) (G1 Evacuation Pause)
[2026-05-27T11:23:45.088+0530][26.344s][info][gc,task     ] GC(634) Using 9 workers of 9 for evacuation
[2026-05-27T11:23:45.089+0530][26.345s][info][gc,phases   ] GC(634)   Pre Evacuate Collection Set: 0.11ms
[2026-05-27T11:23:45.089+0530][26.345s][info][gc,phases   ] GC(634)   Merge Heap Roots: 0.05ms
[2026-05-27T11:23:45.089+0530][26.345s][info][gc,phases   ] GC(634)   Evacuate Collection Set: 0.25ms
[2026-05-27T11:23:45.089+0530][26.345s][info][gc,phases   ] GC(634)   Post Evacuate Collection Set: 0.17ms
[2026-05-27T11:23:45.089+0530][26.345s][info][gc,phases   ] GC(634)   Other: 0.11ms
[2026-05-27T11:23:45.089+0530][26.345s][info][gc,heap     ] GC(634) Eden regions: 301->0(302)
[2026-05-27T11:23:45.089+0530][26.345s][info][gc,heap     ] GC(634) Survivor regions: 6->5(39)
[2026-05-27T11:23:45.089+0530][26.345s][info][gc,heap     ] GC(634) Old regions: 10->10
[2026-05-27T11:23:45.089+0530][26.345s][info][gc,heap     ] GC(634) Archive regions: 2->2
[2026-05-27T11:23:45.089+0530][26.345s][info][gc,heap     ] GC(634) Humongous regions: 0->0
[2026-05-27T11:23:45.089+0530][26.345s][info][gc,metaspace] GC(634) Metaspace: 1745K(2048K)->1745K(2048K) NonClass: 1568K(1728K)->1568K(1728K) Class: 177K(320K)->177K(320K)
[2026-05-27T11:23:45.089+0530][26.345s][info][gc          ] GC(634) Pause Young (Normal) (G1 Evacuation Pause) 316M->15M(512M) 0.757ms
[2026-05-27T11:23:45.089+0530][26.345s][info][gc,cpu      ] GC(634) User=0.01s Sys=0.00s Real=0.00s
[2026-05-27T11:23:45.135+0530][26.391s][info][gc,start    ] GC(635) Pause Young (Normal) (G1 Evacuation Pause)
[2026-05-27T11:23:45.135+0530][26.391s][info][gc,task     ] GC(635) Using 9 workers of 9 for evacuation
[2026-05-27T11:23:45.136+0530][26.392s][info][gc,phases   ] GC(635)   Pre Evacuate Collection Set: 0.07ms
[2026-05-27T11:23:45.136+0530][26.392s][info][gc,phases   ] GC(635)   Merge Heap Roots: 0.06ms
[2026-05-27T11:23:45.136+0530][26.392s][info][gc,phases   ] GC(635)   Evacuate Collection Set: 0.27ms
[2026-05-27T11:23:45.136+0530][26.392s][info][gc,phases   ] GC(635)   Post Evacuate Collection Set: 0.22ms
[2026-05-27T11:23:45.136+0530][26.392s][info][gc,phases   ] GC(635)   Other: 0.11ms
[2026-05-27T11:23:45.136+0530][26.392s][info][gc,heap     ] GC(635) Eden regions: 302->0(301)
[2026-05-27T11:23:45.136+0530][26.392s][info][gc,heap     ] GC(635) Survivor regions: 5->6(39)
[2026-05-27T11:23:45.136+0530][26.392s][info][gc,heap     ] GC(635) Old regions: 10->10
[2026-05-27T11:23:45.136+0530][26.392s][info][gc,heap     ] GC(635) Archive regions: 2->2
[2026-05-27T11:23:45.136+0530][26.392s][info][gc,heap     ] GC(635) Humongous regions: 0->0
[2026-05-27T11:23:45.136+0530][26.392s][info][gc,metaspace] GC(635) Metaspace: 1745K(2048K)->1745K(2048K) NonClass: 1568K(1728K)->1568K(1728K) Class: 177K(320K)->177K(320K)
[2026-05-27T11:23:45.136+0530][26.392s][info][gc          ] GC(635) Pause Young (Normal) (G1 Evacuation Pause) 316M->15M(512M) 0.816ms
[2026-05-27T11:23:45.136+0530][26.392s][info][gc,cpu      ] GC(635) User=0.00s Sys=0.00s Real=0.00s
[2026-05-27T11:23:45.179+0530][26.435s][info][gc,start    ] GC(636) Pause Young (Normal) (G1 Evacuation Pause)
[2026-05-27T11:23:45.179+0530][26.435s][info][gc,task     ] GC(636) Using 9 workers of 9 for evacuation
[2026-05-27T11:23:45.180+0530][26.436s][info][gc,phases   ] GC(636)   Pre Evacuate Collection Set: 0.06ms
[2026-05-27T11:23:45.180+0530][26.436s][info][gc,phases   ] GC(636)   Merge Heap Roots: 0.07ms
[2026-05-27T11:23:45.180+0530][26.436s][info][gc,phases   ] GC(636)   Evacuate Collection Set: 0.35ms
[2026-05-27T11:23:45.180+0530][26.436s][info][gc,phases   ] GC(636)   Post Evacuate Collection Set: 0.23ms
[2026-05-27T11:23:45.180+0530][26.436s][info][gc,phases   ] GC(636)   Other: 0.15ms
[2026-05-27T11:23:45.180+0530][26.436s][info][gc,heap     ] GC(636) Eden regions: 301->0(301)
[2026-05-27T11:23:45.180+0530][26.436s][info][gc,heap     ] GC(636) Survivor regions: 6->6(39)
[2026-05-27T11:23:45.180+0530][26.436s][info][gc,heap     ] GC(636) Old regions: 10->10
[2026-05-27T11:23:45.180+0530][26.436s][info][gc,heap     ] GC(636) Archive regions: 2->2
[2026-05-27T11:23:45.180+0530][26.436s][info][gc,heap     ] GC(636) Humongous regions: 0->0
[2026-05-27T11:23:45.180+0530][26.436s][info][gc,metaspace] GC(636) Metaspace: 1745K(2048K)->1745K(2048K) NonClass: 1568K(1728K)->1568K(1728K) Class: 177K(320K)->177K(320K)
[2026-05-27T11:23:45.180+0530][26.436s][info][gc          ] GC(636) Pause Young (Normal) (G1 Evacuation Pause) 316M->15M(512M) 0.922ms
[2026-05-27T11:23:45.180+0530][26.436s][info][gc,cpu      ] GC(636) User=0.00s Sys=0.00s Real=0.01s
[2026-05-27T11:23:45.222+0530][26.478s][info][gc,start    ] GC(637) Pause Young (Normal) (G1 Evacuation Pause)
[2026-05-27T11:23:45.222+0530][26.478s][info][gc,task     ] GC(637) Using 9 workers of 9 for evacuation
[2026-05-27T11:23:45.223+0530][26.479s][info][gc,phases   ] GC(637)   Pre Evacuate Collection Set: 0.11ms
[2026-05-27T11:23:45.223+0530][26.479s][info][gc,phases   ] GC(637)   Merge Heap Roots: 0.05ms
[2026-05-27T11:23:45.223+0530][26.479s][info][gc,phases   ] GC(637)   Evacuate Collection Set: 0.26ms
[2026-05-27T11:23:45.223+0530][26.479s][info][gc,phases   ] GC(637)   Post Evacuate Collection Set: 0.22ms
[2026-05-27T11:23:45.223+0530][26.479s][info][gc,phases   ] GC(637)   Other: 0.11ms
[2026-05-27T11:23:45.223+0530][26.479s][info][gc,heap     ] GC(637) Eden regions: 301->0(301)
[2026-05-27T11:23:45.223+0530][26.479s][info][gc,heap     ] GC(637) Survivor regions: 6->6(39)
[2026-05-27T11:23:45.223+0530][26.479s][info][gc,heap     ] GC(637) Old regions: 10->10
[2026-05-27T11:23:45.223+0530][26.479s][info][gc,heap     ] GC(637) Archive regions: 2->2
[2026-05-27T11:23:45.223+0530][26.479s][info][gc,heap     ] GC(637) Humongous regions: 9->0
[2026-05-27T11:23:45.223+0530][26.479s][info][gc,metaspace] GC(637) Metaspace: 1745K(2048K)->1745K(2048K) NonClass: 1568K(1728K)->1568K(1728K) Class: 177K(320K)->177K(320K)
[2026-05-27T11:23:45.223+0530][26.479s][info][gc          ] GC(637) Pause Young (Normal) (G1 Evacuation Pause) 325M->15M(512M) 0.815ms
[2026-05-27T11:23:45.223+0530][26.479s][info][gc,cpu      ] GC(637) User=0.00s Sys=0.00s Real=0.00s
[2026-05-27T11:23:45.262+0530][26.518s][info][gc,start    ] GC(638) Pause Young (Normal) (G1 Evacuation Pause)
[2026-05-27T11:23:45.262+0530][26.518s][info][gc,task     ] GC(638) Using 9 workers of 9 for evacuation
[2026-05-27T11:23:45.263+0530][26.519s][info][gc,phases   ] GC(638)   Pre Evacuate Collection Set: 0.08ms
[2026-05-27T11:23:45.263+0530][26.519s][info][gc,phases   ] GC(638)   Merge Heap Roots: 0.09ms
[2026-05-27T11:23:45.263+0530][26.519s][info][gc,phases   ] GC(638)   Evacuate Collection Set: 0.28ms
[2026-05-27T11:23:45.263+0530][26.519s][info][gc,phases   ] GC(638)   Post Evacuate Collection Set: 0.26ms
[2026-05-27T11:23:45.263+0530][26.519s][info][gc,phases   ] GC(638)   Other: 0.10ms
[2026-05-27T11:23:45.263+0530][26.519s][info][gc,heap     ] GC(638) Eden regions: 301->0(300)
[2026-05-27T11:23:45.263+0530][26.519s][info][gc,heap     ] GC(638) Survivor regions: 6->7(39)
[2026-05-27T11:23:45.263+0530][26.519s][info][gc,heap     ] GC(638) Old regions: 10->10
[2026-05-27T11:23:45.263+0530][26.519s][info][gc,heap     ] GC(638) Archive regions: 2->2
[2026-05-27T11:23:45.263+0530][26.519s][info][gc,heap     ] GC(638) Humongous regions: 9->0
[2026-05-27T11:23:45.263+0530][26.519s][info][gc,metaspace] GC(638) Metaspace: 1745K(2048K)->1745K(2048K) NonClass: 1568K(1728K)->1568K(1728K) Class: 177K(320K)->177K(320K)
[2026-05-27T11:23:45.263+0530][26.519s][info][gc          ] GC(638) Pause Young (Normal) (G1 Evacuation Pause) 325M->16M(512M) 0.891ms
[2026-05-27T11:23:45.263+0530][26.519s][info][gc,cpu      ] GC(638) User=0.00s Sys=0.00s Real=0.00s
[2026-05-27T11:23:45.304+0530][26.560s][info][gc,start    ] GC(639) Pause Young (Normal) (G1 Evacuation Pause)
[2026-05-27T11:23:45.304+0530][26.560s][info][gc,task     ] GC(639) Using 9 workers of 9 for evacuation
[2026-05-27T11:23:45.305+0530][26.561s][info][gc,phases   ] GC(639)   Pre Evacuate Collection Set: 0.07ms
[2026-05-27T11:23:45.305+0530][26.561s][info][gc,phases   ] GC(639)   Merge Heap Roots: 0.06ms
[2026-05-27T11:23:45.305+0530][26.561s][info][gc,phases   ] GC(639)   Evacuate Collection Set: 0.29ms
[2026-05-27T11:23:45.305+0530][26.561s][info][gc,phases   ] GC(639)   Post Evacuate Collection Set: 0.16ms
[2026-05-27T11:23:45.305+0530][26.561s][info][gc,phases   ] GC(639)   Other: 0.09ms
[2026-05-27T11:23:45.305+0530][26.561s][info][gc,heap     ] GC(639) Eden regions: 300->0(302)
[2026-05-27T11:23:45.305+0530][26.561s][info][gc,heap     ] GC(639) Survivor regions: 7->5(39)
[2026-05-27T11:23:45.305+0530][26.561s][info][gc,heap     ] GC(639) Old regions: 10->10
[2026-05-27T11:23:45.305+0530][26.561s][info][gc,heap     ] GC(639) Archive regions: 2->2
[2026-05-27T11:23:45.305+0530][26.561s][info][gc,heap     ] GC(639) Humongous regions: 0->0
[2026-05-27T11:23:45.305+0530][26.561s][info][gc,metaspace] GC(639) Metaspace: 1745K(2048K)->1745K(2048K) NonClass: 1568K(1728K)->1568K(1728K) Class: 177K(320K)->177K(320K)
[2026-05-27T11:23:45.305+0530][26.561s][info][gc          ] GC(639) Pause Young (Normal) (G1 Evacuation Pause) 316M->14M(512M) 0.763ms
[2026-05-27T11:23:45.305+0530][26.561s][info][gc,cpu      ] GC(639) User=0.00s Sys=0.00s Real=0.00s
[2026-05-27T11:23:45.348+0530][26.604s][info][gc,start    ] GC(640) Pause Young (Normal) (G1 Evacuation Pause)
[2026-05-27T11:23:45.348+0530][26.604s][info][gc,task     ] GC(640) Using 9 workers of 9 for evacuation
[2026-05-27T11:23:45.349+0530][26.605s][info][gc,phases   ] GC(640)   Pre Evacuate Collection Set: 0.12ms
[2026-05-27T11:23:45.349+0530][26.605s][info][gc,phases   ] GC(640)   Merge Heap Roots: 0.09ms
[2026-05-27T11:23:45.349+0530][26.605s][info][gc,phases   ] GC(640)   Evacuate Collection Set: 0.28ms
[2026-05-27T11:23:45.349+0530][26.605s][info][gc,phases   ] GC(640)   Post Evacuate Collection Set: 0.26ms
[2026-05-27T11:23:45.349+0530][26.605s][info][gc,phases   ] GC(640)   Other: 0.12ms
[2026-05-27T11:23:45.349+0530][26.605s][info][gc,heap     ] GC(640) Eden regions: 302->0(302)
[2026-05-27T11:23:45.349+0530][26.605s][info][gc,heap     ] GC(640) Survivor regions: 5->5(39)
[2026-05-27T11:23:45.349+0530][26.605s][info][gc,heap     ] GC(640) Old regions: 10->10
[2026-05-27T11:23:45.349+0530][26.605s][info][gc,heap     ] GC(640) Archive regions: 2->2
[2026-05-27T11:23:45.349+0530][26.605s][info][gc,heap     ] GC(640) Humongous regions: 0->0
[2026-05-27T11:23:45.349+0530][26.605s][info][gc,metaspace] GC(640) Metaspace: 1745K(2048K)->1745K(2048K) NonClass: 1568K(1728K)->1568K(1728K) Class: 177K(320K)->177K(320K)
[2026-05-27T11:23:45.349+0530][26.605s][info][gc          ] GC(640) Pause Young (Normal) (G1 Evacuation Pause) 316M->14M(512M) 0.959ms
[2026-05-27T11:23:45.349+0530][26.605s][info][gc,cpu      ] GC(640) User=0.00s Sys=0.00s Real=0.00s
[2026-05-27T11:23:45.388+0530][26.644s][info][gc,start    ] GC(641) Pause Young (Normal) (G1 Evacuation Pause)
[2026-05-27T11:23:45.388+0530][26.644s][info][gc,task     ] GC(641) Using 9 workers of 9 for evacuation
[2026-05-27T11:23:45.389+0530][26.645s][info][gc,phases   ] GC(641)   Pre Evacuate Collection Set: 0.09ms
[2026-05-27T11:23:45.389+0530][26.645s][info][gc,phases   ] GC(641)   Merge Heap Roots: 0.06ms
[2026-05-27T11:23:45.389+0530][26.645s][info][gc,phases   ] GC(641)   Evacuate Collection Set: 0.27ms
[2026-05-27T11:23:45.389+0530][26.645s][info][gc,phases   ] GC(641)   Post Evacuate Collection Set: 0.21ms
[2026-05-27T11:23:45.389+0530][26.645s][info][gc,phases   ] GC(641)   Other: 0.10ms
[2026-05-27T11:23:45.389+0530][26.645s][info][gc,heap     ] GC(641) Eden regions: 302->0(302)
[2026-05-27T11:23:45.389+0530][26.645s][info][gc,heap     ] GC(641) Survivor regions: 5->5(39)
[2026-05-27T11:23:45.389+0530][26.645s][info][gc,heap     ] GC(641) Old regions: 10->10
[2026-05-27T11:23:45.389+0530][26.645s][info][gc,heap     ] GC(641) Archive regions: 2->2
[2026-05-27T11:23:45.389+0530][26.645s][info][gc,heap     ] GC(641) Humongous regions: 18->0
[2026-05-27T11:23:45.389+0530][26.645s][info][gc,metaspace] GC(641) Metaspace: 1745K(2048K)->1745K(2048K) NonClass: 1568K(1728K)->1568K(1728K) Class: 177K(320K)->177K(320K)
[2026-05-27T11:23:45.389+0530][26.645s][info][gc          ] GC(641) Pause Young (Normal) (G1 Evacuation Pause) 334M->14M(512M) 0.821ms
[2026-05-27T11:23:45.389+0530][26.645s][info][gc,cpu      ] GC(641) User=0.00s Sys=0.00s Real=0.00s
[2026-05-27T11:23:45.431+0530][26.687s][info][gc,start    ] GC(642) Pause Young (Normal) (G1 Evacuation Pause)
[2026-05-27T11:23:45.431+0530][26.687s][info][gc,task     ] GC(642) Using 9 workers of 9 for evacuation
[2026-05-27T11:23:45.431+0530][26.687s][info][gc,phases   ] GC(642)   Pre Evacuate Collection Set: 0.10ms
[2026-05-27T11:23:45.431+0530][26.687s][info][gc,phases   ] GC(642)   Merge Heap Roots: 0.04ms
[2026-05-27T11:23:45.431+0530][26.687s][info][gc,phases   ] GC(642)   Evacuate Collection Set: 0.31ms
[2026-05-27T11:23:45.431+0530][26.687s][info][gc,phases   ] GC(642)   Post Evacuate Collection Set: 0.19ms
[2026-05-27T11:23:45.431+0530][26.687s][info][gc,phases   ] GC(642)   Other: 0.11ms
[2026-05-27T11:23:45.431+0530][26.687s][info][gc,heap     ] GC(642) Eden regions: 302->0(301)
[2026-05-27T11:23:45.431+0530][26.687s][info][gc,heap     ] GC(642) Survivor regions: 5->6(39)
[2026-05-27T11:23:45.431+0530][26.687s][info][gc,heap     ] GC(642) Old regions: 10->10
[2026-05-27T11:23:45.431+0530][26.687s][info][gc,heap     ] GC(642) Archive regions: 2->2
[2026-05-27T11:23:45.431+0530][26.687s][info][gc,heap     ] GC(642) Humongous regions: 0->0
[2026-05-27T11:23:45.431+0530][26.687s][info][gc,metaspace] GC(642) Metaspace: 1745K(2048K)->1745K(2048K) NonClass: 1568K(1728K)->1568K(1728K) Class: 177K(320K)->177K(320K)
[2026-05-27T11:23:45.431+0530][26.687s][info][gc          ] GC(642) Pause Young (Normal) (G1 Evacuation Pause) 316M->15M(512M) 0.802ms
[2026-05-27T11:23:45.431+0530][26.687s][info][gc,cpu      ] GC(642) User=0.00s Sys=0.00s Real=0.00s
[2026-05-27T11:23:45.472+0530][26.728s][info][gc,start    ] GC(643) Pause Young (Normal) (G1 Evacuation Pause)
[2026-05-27T11:23:45.472+0530][26.728s][info][gc,task     ] GC(643) Using 9 workers of 9 for evacuation
[2026-05-27T11:23:45.473+0530][26.729s][info][gc,phases   ] GC(643)   Pre Evacuate Collection Set: 0.10ms
[2026-05-27T11:23:45.473+0530][26.729s][info][gc,phases   ] GC(643)   Merge Heap Roots: 0.10ms
[2026-05-27T11:23:45.473+0530][26.729s][info][gc,phases   ] GC(643)   Evacuate Collection Set: 0.29ms
[2026-05-27T11:23:45.473+0530][26.729s][info][gc,phases   ] GC(643)   Post Evacuate Collection Set: 0.22ms
[2026-05-27T11:23:45.473+0530][26.729s][info][gc,phases   ] GC(643)   Other: 0.10ms
[2026-05-27T11:23:45.473+0530][26.729s][info][gc,heap     ] GC(643) Eden regions: 301->0(301)
[2026-05-27T11:23:45.473+0530][26.729s][info][gc,heap     ] GC(643) Survivor regions: 6->6(39)
[2026-05-27T11:23:45.473+0530][26.729s][info][gc,heap     ] GC(643) Old regions: 10->10
[2026-05-27T11:23:45.473+0530][26.729s][info][gc,heap     ] GC(643) Archive regions: 2->2
[2026-05-27T11:23:45.473+0530][26.729s][info][gc,heap     ] GC(643) Humongous regions: 0->0
[2026-05-27T11:23:45.473+0530][26.729s][info][gc,metaspace] GC(643) Metaspace: 1745K(2048K)->1745K(2048K) NonClass: 1568K(1728K)->1568K(1728K) Class: 177K(320K)->177K(320K)
[2026-05-27T11:23:45.473+0530][26.729s][info][gc          ] GC(643) Pause Young (Normal) (G1 Evacuation Pause) 316M->15M(512M) 0.876ms
[2026-05-27T11:23:45.473+0530][26.729s][info][gc,cpu      ] GC(643) User=0.00s Sys=0.00s Real=0.00s
[2026-05-27T11:23:45.513+0530][26.769s][info][gc,start    ] GC(644) Pause Young (Normal) (G1 Evacuation Pause)
[2026-05-27T11:23:45.513+0530][26.769s][info][gc,task     ] GC(644) Using 9 workers of 9 for evacuation
[2026-05-27T11:23:45.513+0530][26.769s][info][gc,phases   ] GC(644)   Pre Evacuate Collection Set: 0.12ms
[2026-05-27T11:23:45.513+0530][26.769s][info][gc,phases   ] GC(644)   Merge Heap Roots: 0.05ms
[2026-05-27T11:23:45.513+0530][26.769s][info][gc,phases   ] GC(644)   Evacuate Collection Set: 0.26ms
[2026-05-27T11:23:45.513+0530][26.769s][info][gc,phases   ] GC(644)   Post Evacuate Collection Set: 0.16ms
[2026-05-27T11:23:45.513+0530][26.769s][info][gc,phases   ] GC(644)   Other: 0.10ms
[2026-05-27T11:23:45.513+0530][26.769s][info][gc,heap     ] GC(644) Eden regions: 301->0(301)
[2026-05-27T11:23:45.513+0530][26.769s][info][gc,heap     ] GC(644) Survivor regions: 6->6(39)
[2026-05-27T11:23:45.513+0530][26.769s][info][gc,heap     ] GC(644) Old regions: 10->10
[2026-05-27T11:23:45.513+0530][26.769s][info][gc,heap     ] GC(644) Archive regions: 2->2
[2026-05-27T11:23:45.513+0530][26.769s][info][gc,heap     ] GC(644) Humongous regions: 0->0
[2026-05-27T11:23:45.513+0530][26.769s][info][gc,metaspace] GC(644) Metaspace: 1745K(2048K)->1745K(2048K) NonClass: 1568K(1728K)->1568K(1728K) Class: 177K(320K)->177K(320K)
[2026-05-27T11:23:45.513+0530][26.769s][info][gc          ] GC(644) Pause Young (Normal) (G1 Evacuation Pause) 316M->15M(512M) 0.779ms
[2026-05-27T11:23:45.513+0530][26.769s][info][gc,cpu      ] GC(644) User=0.00s Sys=0.00s Real=0.00s
[2026-05-27T11:23:45.552+0530][26.808s][info][gc,start    ] GC(645) Pause Young (Normal) (G1 Evacuation Pause)
[2026-05-27T11:23:45.552+0530][26.808s][info][gc,task     ] GC(645) Using 9 workers of 9 for evacuation
[2026-05-27T11:23:45.552+0530][26.808s][info][gc,phases   ] GC(645)   Pre Evacuate Collection Set: 0.09ms
[2026-05-27T11:23:45.552+0530][26.808s][info][gc,phases   ] GC(645)   Merge Heap Roots: 0.06ms
[2026-05-27T11:23:45.552+0530][26.808s][info][gc,phases   ] GC(645)   Evacuate Collection Set: 0.22ms
[2026-05-27T11:23:45.552+0530][26.808s][info][gc,phases   ] GC(645)   Post Evacuate Collection Set: 0.23ms
[2026-05-27T11:23:45.552+0530][26.808s][info][gc,phases   ] GC(645)   Other: 0.11ms
[2026-05-27T11:23:45.552+0530][26.808s][info][gc,heap     ] GC(645) Eden regions: 301->0(302)
[2026-05-27T11:23:45.552+0530][26.808s][info][gc,heap     ] GC(645) Survivor regions: 6->5(39)
[2026-05-27T11:23:45.552+0530][26.808s][info][gc,heap     ] GC(645) Old regions: 10->10
[2026-05-27T11:23:45.552+0530][26.808s][info][gc,heap     ] GC(645) Archive regions: 2->2
[2026-05-27T11:23:45.552+0530][26.808s][info][gc,heap     ] GC(645) Humongous regions: 0->0
[2026-05-27T11:23:45.552+0530][26.808s][info][gc,metaspace] GC(645) Metaspace: 1745K(2048K)->1745K(2048K) NonClass: 1568K(1728K)->1568K(1728K) Class: 177K(320K)->177K(320K)
[2026-05-27T11:23:45.552+0530][26.809s][info][gc          ] GC(645) Pause Young (Normal) (G1 Evacuation Pause) 316M->14M(512M) 0.769ms
[2026-05-27T11:23:45.552+0530][26.809s][info][gc,cpu      ] GC(645) User=0.00s Sys=0.00s Real=0.00s
[2026-05-27T11:23:45.595+0530][26.851s][info][gc,start    ] GC(646) Pause Young (Normal) (G1 Evacuation Pause)
[2026-05-27T11:23:45.595+0530][26.851s][info][gc,task     ] GC(646) Using 9 workers of 9 for evacuation
[2026-05-27T11:23:45.595+0530][26.851s][info][gc,phases   ] GC(646)   Pre Evacuate Collection Set: 0.07ms
[2026-05-27T11:23:45.595+0530][26.851s][info][gc,phases   ] GC(646)   Merge Heap Roots: 0.06ms
[2026-05-27T11:23:45.595+0530][26.851s][info][gc,phases   ] GC(646)   Evacuate Collection Set: 0.25ms
[2026-05-27T11:23:45.595+0530][26.851s][info][gc,phases   ] GC(646)   Post Evacuate Collection Set: 0.20ms
[2026-05-27T11:23:45.595+0530][26.851s][info][gc,phases   ] GC(646)   Other: 0.11ms
[2026-05-27T11:23:45.595+0530][26.851s][info][gc,heap     ] GC(646) Eden regions: 302->0(300)
[2026-05-27T11:23:45.595+0530][26.851s][info][gc,heap     ] GC(646) Survivor regions: 5->7(39)
[2026-05-27T11:23:45.595+0530][26.851s][info][gc,heap     ] GC(646) Old regions: 10->10
[2026-05-27T11:23:45.595+0530][26.851s][info][gc,heap     ] GC(646) Archive regions: 2->2
[2026-05-27T11:23:45.595+0530][26.851s][info][gc,heap     ] GC(646) Humongous regions: 0->0
[2026-05-27T11:23:45.595+0530][26.851s][info][gc,metaspace] GC(646) Metaspace: 1745K(2048K)->1745K(2048K) NonClass: 1568K(1728K)->1568K(1728K) Class: 177K(320K)->177K(320K)
[2026-05-27T11:23:45.595+0530][26.852s][info][gc          ] GC(646) Pause Young (Normal) (G1 Evacuation Pause) 316M->16M(512M) 0.771ms
[2026-05-27T11:23:45.595+0530][26.852s][info][gc,cpu      ] GC(646) User=0.00s Sys=0.00s Real=0.00s
[2026-05-27T11:23:45.638+0530][26.894s][info][gc,start    ] GC(647) Pause Young (Normal) (G1 Evacuation Pause)
[2026-05-27T11:23:45.638+0530][26.894s][info][gc,task     ] GC(647) Using 9 workers of 9 for evacuation
[2026-05-27T11:23:45.639+0530][26.895s][info][gc,phases   ] GC(647)   Pre Evacuate Collection Set: 0.10ms
[2026-05-27T11:23:45.639+0530][26.895s][info][gc,phases   ] GC(647)   Merge Heap Roots: 0.04ms
[2026-05-27T11:23:45.639+0530][26.895s][info][gc,phases   ] GC(647)   Evacuate Collection Set: 0.30ms
[2026-05-27T11:23:45.639+0530][26.895s][info][gc,phases   ] GC(647)   Post Evacuate Collection Set: 0.19ms
[2026-05-27T11:23:45.639+0530][26.895s][info][gc,phases   ] GC(647)   Other: 0.11ms
[2026-05-27T11:23:45.639+0530][26.895s][info][gc,heap     ] GC(647) Eden regions: 300->0(301)
[2026-05-27T11:23:45.639+0530][26.895s][info][gc,heap     ] GC(647) Survivor regions: 7->6(39)
[2026-05-27T11:23:45.639+0530][26.895s][info][gc,heap     ] GC(647) Old regions: 10->10
[2026-05-27T11:23:45.639+0530][26.895s][info][gc,heap     ] GC(647) Archive regions: 2->2
[2026-05-27T11:23:45.639+0530][26.895s][info][gc,heap     ] GC(647) Humongous regions: 0->0
[2026-05-27T11:23:45.639+0530][26.895s][info][gc,metaspace] GC(647) Metaspace: 1745K(2048K)->1745K(2048K) NonClass: 1568K(1728K)->1568K(1728K) Class: 177K(320K)->177K(320K)
[2026-05-27T11:23:45.639+0530][26.895s][info][gc          ] GC(647) Pause Young (Normal) (G1 Evacuation Pause) 316M->15M(512M) 0.953ms
[2026-05-27T11:23:45.639+0530][26.895s][info][gc,cpu      ] GC(647) User=0.00s Sys=0.00s Real=0.00s
[2026-05-27T11:23:45.680+0530][26.937s][info][gc,start    ] GC(648) Pause Young (Normal) (G1 Evacuation Pause)
[2026-05-27T11:23:45.681+0530][26.937s][info][gc,task     ] GC(648) Using 9 workers of 9 for evacuation
[2026-05-27T11:23:45.681+0530][26.937s][info][gc,phases   ] GC(648)   Pre Evacuate Collection Set: 0.07ms
[2026-05-27T11:23:45.681+0530][26.937s][info][gc,phases   ] GC(648)   Merge Heap Roots: 0.06ms
[2026-05-27T11:23:45.681+0530][26.937s][info][gc,phases   ] GC(648)   Evacuate Collection Set: 0.34ms
[2026-05-27T11:23:45.681+0530][26.937s][info][gc,phases   ] GC(648)   Post Evacuate Collection Set: 0.25ms
[2026-05-27T11:23:45.681+0530][26.937s][info][gc,phases   ] GC(648)   Other: 0.10ms
[2026-05-27T11:23:45.681+0530][26.937s][info][gc,heap     ] GC(648) Eden regions: 301->0(301)
[2026-05-27T11:23:45.681+0530][26.937s][info][gc,heap     ] GC(648) Survivor regions: 6->6(39)
[2026-05-27T11:23:45.681+0530][26.937s][info][gc,heap     ] GC(648) Old regions: 10->10
[2026-05-27T11:23:45.681+0530][26.937s][info][gc,heap     ] GC(648) Archive regions: 2->2
[2026-05-27T11:23:45.681+0530][26.937s][info][gc,heap     ] GC(648) Humongous regions: 9->0
[2026-05-27T11:23:45.681+0530][26.937s][info][gc,metaspace] GC(648) Metaspace: 1745K(2048K)->1745K(2048K) NonClass: 1568K(1728K)->1568K(1728K) Class: 177K(320K)->177K(320K)
[2026-05-27T11:23:45.681+0530][26.937s][info][gc          ] GC(648) Pause Young (Normal) (G1 Evacuation Pause) 325M->15M(512M) 0.899ms
[2026-05-27T11:23:45.681+0530][26.938s][info][gc,cpu      ] GC(648) User=0.00s Sys=0.00s Real=0.00s
[2026-05-27T11:23:45.721+0530][26.977s][info][gc,start    ] GC(649) Pause Young (Normal) (G1 Evacuation Pause)
[2026-05-27T11:23:45.721+0530][26.977s][info][gc,task     ] GC(649) Using 9 workers of 9 for evacuation
[2026-05-27T11:23:45.722+0530][26.978s][info][gc,phases   ] GC(649)   Pre Evacuate Collection Set: 0.10ms
[2026-05-27T11:23:45.722+0530][26.978s][info][gc,phases   ] GC(649)   Merge Heap Roots: 0.10ms
[2026-05-27T11:23:45.722+0530][26.978s][info][gc,phases   ] GC(649)   Evacuate Collection Set: 0.30ms
[2026-05-27T11:23:45.722+0530][26.978s][info][gc,phases   ] GC(649)   Post Evacuate Collection Set: 0.20ms
[2026-05-27T11:23:45.722+0530][26.978s][info][gc,phases   ] GC(649)   Other: 0.11ms
[2026-05-27T11:23:45.722+0530][26.978s][info][gc,heap     ] GC(649) Eden regions: 301->0(301)
[2026-05-27T11:23:45.722+0530][26.978s][info][gc,heap     ] GC(649) Survivor regions: 6->6(39)
[2026-05-27T11:23:45.722+0530][26.978s][info][gc,heap     ] GC(649) Old regions: 10->10
[2026-05-27T11:23:45.722+0530][26.978s][info][gc,heap     ] GC(649) Archive regions: 2->2
[2026-05-27T11:23:45.722+0530][26.978s][info][gc,heap     ] GC(649) Humongous regions: 9->0
[2026-05-27T11:23:45.722+0530][26.978s][info][gc,metaspace] GC(649) Metaspace: 1745K(2048K)->1745K(2048K) NonClass: 1568K(1728K)->1568K(1728K) Class: 177K(320K)->177K(320K)
[2026-05-27T11:23:45.722+0530][26.978s][info][gc          ] GC(649) Pause Young (Normal) (G1 Evacuation Pause) 325M->15M(512M) 0.898ms
[2026-05-27T11:23:45.722+0530][26.978s][info][gc,cpu      ] GC(649) User=0.01s Sys=0.00s Real=0.00s
[2026-05-27T11:23:45.763+0530][27.019s][info][gc,start    ] GC(650) Pause Young (Normal) (G1 Evacuation Pause)
[2026-05-27T11:23:45.763+0530][27.019s][info][gc,task     ] GC(650) Using 9 workers of 9 for evacuation
[2026-05-27T11:23:45.764+0530][27.020s][info][gc,phases   ] GC(650)   Pre Evacuate Collection Set: 0.07ms
[2026-05-27T11:23:45.764+0530][27.020s][info][gc,phases   ] GC(650)   Merge Heap Roots: 0.06ms
[2026-05-27T11:23:45.764+0530][27.020s][info][gc,phases   ] GC(650)   Evacuate Collection Set: 0.30ms
[2026-05-27T11:23:45.764+0530][27.020s][info][gc,phases   ] GC(650)   Post Evacuate Collection Set: 0.18ms
[2026-05-27T11:23:45.764+0530][27.020s][info][gc,phases   ] GC(650)   Other: 0.10ms
[2026-05-27T11:23:45.764+0530][27.020s][info][gc,heap     ] GC(650) Eden regions: 301->0(306)
[2026-05-27T11:23:45.764+0530][27.020s][info][gc,heap     ] GC(650) Survivor regions: 6->1(39)
[2026-05-27T11:23:45.764+0530][27.020s][info][gc,heap     ] GC(650) Old regions: 10->10
[2026-05-27T11:23:45.764+0530][27.020s][info][gc,heap     ] GC(650) Archive regions: 2->2
[2026-05-27T11:23:45.764+0530][27.020s][info][gc,heap     ] GC(650) Humongous regions: 9->0
[2026-05-27T11:23:45.764+0530][27.020s][info][gc,metaspace] GC(650) Metaspace: 1745K(2048K)->1745K(2048K) NonClass: 1568K(1728K)->1568K(1728K) Class: 177K(320K)->177K(320K)
[2026-05-27T11:23:45.764+0530][27.020s][info][gc          ] GC(650) Pause Young (Normal) (G1 Evacuation Pause) 325M->10M(512M) 0.773ms
[2026-05-27T11:23:45.764+0530][27.020s][info][gc,cpu      ] GC(650) User=0.01s Sys=0.00s Real=0.00s
[2026-05-27T11:23:45.803+0530][27.059s][info][gc,start    ] GC(651) Pause Young (Normal) (G1 Evacuation Pause)
[2026-05-27T11:23:45.803+0530][27.059s][info][gc,task     ] GC(651) Using 9 workers of 9 for evacuation
[2026-05-27T11:23:45.803+0530][27.059s][info][gc,phases   ] GC(651)   Pre Evacuate Collection Set: 0.08ms
[2026-05-27T11:23:45.803+0530][27.059s][info][gc,phases   ] GC(651)   Merge Heap Roots: 0.05ms
[2026-05-27T11:23:45.803+0530][27.059s][info][gc,phases   ] GC(651)   Evacuate Collection Set: 0.22ms
[2026-05-27T11:23:45.803+0530][27.059s][info][gc,phases   ] GC(651)   Post Evacuate Collection Set: 0.18ms
[2026-05-27T11:23:45.803+0530][27.059s][info][gc,phases   ] GC(651)   Other: 0.10ms
[2026-05-27T11:23:45.803+0530][27.059s][info][gc,heap     ] GC(651) Eden regions: 306->0(304)
[2026-05-27T11:23:45.803+0530][27.059s][info][gc,heap     ] GC(651) Survivor regions: 1->3(39)
[2026-05-27T11:23:45.803+0530][27.059s][info][gc,heap     ] GC(651) Old regions: 10->10
[2026-05-27T11:23:45.803+0530][27.059s][info][gc,heap     ] GC(651) Archive regions: 2->2
[2026-05-27T11:23:45.803+0530][27.059s][info][gc,heap     ] GC(651) Humongous regions: 0->0
[2026-05-27T11:23:45.803+0530][27.059s][info][gc,metaspace] GC(651) Metaspace: 1745K(2048K)->1745K(2048K) NonClass: 1568K(1728K)->1568K(1728K) Class: 177K(320K)->177K(320K)
[2026-05-27T11:23:45.803+0530][27.059s][info][gc          ] GC(651) Pause Young (Normal) (G1 Evacuation Pause) 316M->13M(512M) 0.683ms
[2026-05-27T11:23:45.803+0530][27.059s][info][gc,cpu      ] GC(651) User=0.00s Sys=0.00s Real=0.00s
[2026-05-27T11:23:45.877+0530][27.133s][info][gc,start    ] GC(652) Pause Young (Normal) (G1 Evacuation Pause)
[2026-05-27T11:23:45.877+0530][27.133s][info][gc,task     ] GC(652) Using 9 workers of 9 for evacuation
[2026-05-27T11:23:45.878+0530][27.134s][info][gc,phases   ] GC(652)   Pre Evacuate Collection Set: 0.05ms
[2026-05-27T11:23:45.878+0530][27.134s][info][gc,phases   ] GC(652)   Merge Heap Roots: 0.07ms
[2026-05-27T11:23:45.878+0530][27.134s][info][gc,phases   ] GC(652)   Evacuate Collection Set: 0.25ms
[2026-05-27T11:23:45.878+0530][27.134s][info][gc,phases   ] GC(652)   Post Evacuate Collection Set: 0.17ms
[2026-05-27T11:23:45.878+0530][27.134s][info][gc,phases   ] GC(652)   Other: 0.08ms
[2026-05-27T11:23:45.878+0530][27.134s][info][gc,heap     ] GC(652) Eden regions: 304->0(306)
[2026-05-27T11:23:45.878+0530][27.134s][info][gc,heap     ] GC(652) Survivor regions: 3->1(39)
[2026-05-27T11:23:45.878+0530][27.134s][info][gc,heap     ] GC(652) Old regions: 10->10
[2026-05-27T11:23:45.878+0530][27.134s][info][gc,heap     ] GC(652) Archive regions: 2->2
[2026-05-27T11:23:45.878+0530][27.134s][info][gc,heap     ] GC(652) Humongous regions: 9->0
[2026-05-27T11:23:45.878+0530][27.134s][info][gc,metaspace] GC(652) Metaspace: 1745K(2048K)->1745K(2048K) NonClass: 1568K(1728K)->1568K(1728K) Class: 177K(320K)->177K(320K)
[2026-05-27T11:23:45.878+0530][27.134s][info][gc          ] GC(652) Pause Young (Normal) (G1 Evacuation Pause) 326M->10M(512M) 0.666ms
[2026-05-27T11:23:45.878+0530][27.134s][info][gc,cpu      ] GC(652) User=0.00s Sys=0.00s Real=0.00s
[2026-05-27T11:23:45.919+0530][27.175s][info][gc,start    ] GC(653) Pause Young (Normal) (G1 Evacuation Pause)
[2026-05-27T11:23:45.919+0530][27.175s][info][gc,task     ] GC(653) Using 9 workers of 9 for evacuation
[2026-05-27T11:23:45.920+0530][27.176s][info][gc,phases   ] GC(653)   Pre Evacuate Collection Set: 0.13ms
[2026-05-27T11:23:45.920+0530][27.176s][info][gc,phases   ] GC(653)   Merge Heap Roots: 0.03ms
[2026-05-27T11:23:45.920+0530][27.176s][info][gc,phases   ] GC(653)   Evacuate Collection Set: 0.33ms
[2026-05-27T11:23:45.920+0530][27.176s][info][gc,phases   ] GC(653)   Post Evacuate Collection Set: 0.21ms
[2026-05-27T11:23:45.920+0530][27.176s][info][gc,phases   ] GC(653)   Other: 0.09ms
[2026-05-27T11:23:45.920+0530][27.176s][info][gc,heap     ] GC(653) Eden regions: 306->0(303)
[2026-05-27T11:23:45.920+0530][27.176s][info][gc,heap     ] GC(653) Survivor regions: 1->4(39)
[2026-05-27T11:23:45.920+0530][27.176s][info][gc,heap     ] GC(653) Old regions: 10->10
[2026-05-27T11:23:45.920+0530][27.176s][info][gc,heap     ] GC(653) Archive regions: 2->2
[2026-05-27T11:23:45.920+0530][27.176s][info][gc,heap     ] GC(653) Humongous regions: 0->0
[2026-05-27T11:23:45.920+0530][27.176s][info][gc,metaspace] GC(653) Metaspace: 1745K(2048K)->1745K(2048K) NonClass: 1568K(1728K)->1568K(1728K) Class: 177K(320K)->177K(320K)
[2026-05-27T11:23:45.920+0530][27.176s][info][gc          ] GC(653) Pause Young (Normal) (G1 Evacuation Pause) 316M->14M(512M) 0.853ms
[2026-05-27T11:23:45.920+0530][27.176s][info][gc,cpu      ] GC(653) User=0.01s Sys=0.00s Real=0.01s
[2026-05-27T11:23:45.959+0530][27.215s][info][gc,start    ] GC(654) Pause Young (Normal) (G1 Evacuation Pause)
[2026-05-27T11:23:45.959+0530][27.215s][info][gc,task     ] GC(654) Using 9 workers of 9 for evacuation
[2026-05-27T11:23:45.959+0530][27.216s][info][gc,phases   ] GC(654)   Pre Evacuate Collection Set: 0.08ms
[2026-05-27T11:23:45.959+0530][27.216s][info][gc,phases   ] GC(654)   Merge Heap Roots: 0.05ms
[2026-05-27T11:23:45.959+0530][27.216s][info][gc,phases   ] GC(654)   Evacuate Collection Set: 0.24ms
[2026-05-27T11:23:45.959+0530][27.216s][info][gc,phases   ] GC(654)   Post Evacuate Collection Set: 0.21ms
[2026-05-27T11:23:45.959+0530][27.216s][info][gc,phases   ] GC(654)   Other: 0.11ms
[2026-05-27T11:23:45.959+0530][27.216s][info][gc,heap     ] GC(654) Eden regions: 303->0(306)
[2026-05-27T11:23:45.959+0530][27.216s][info][gc,heap     ] GC(654) Survivor regions: 4->1(39)
[2026-05-27T11:23:45.959+0530][27.216s][info][gc,heap     ] GC(654) Old regions: 10->10
[2026-05-27T11:23:45.959+0530][27.216s][info][gc,heap     ] GC(654) Archive regions: 2->2
[2026-05-27T11:23:45.959+0530][27.216s][info][gc,heap     ] GC(654) Humongous regions: 0->0
[2026-05-27T11:23:45.959+0530][27.216s][info][gc,metaspace] GC(654) Metaspace: 1745K(2048K)->1745K(2048K) NonClass: 1568K(1728K)->1568K(1728K) Class: 177K(320K)->177K(320K)
[2026-05-27T11:23:45.959+0530][27.216s][info][gc          ] GC(654) Pause Young (Normal) (G1 Evacuation Pause) 316M->11M(512M) 0.770ms
[2026-05-27T11:23:45.959+0530][27.216s][info][gc,cpu      ] GC(654) User=0.00s Sys=0.00s Real=0.00s
[2026-05-27T11:23:45.999+0530][27.255s][info][gc,start    ] GC(655) Pause Young (Normal) (G1 Evacuation Pause)
[2026-05-27T11:23:45.999+0530][27.255s][info][gc,task     ] GC(655) Using 9 workers of 9 for evacuation
[2026-05-27T11:23:46.000+0530][27.256s][info][gc,phases   ] GC(655)   Pre Evacuate Collection Set: 0.09ms
[2026-05-27T11:23:46.000+0530][27.256s][info][gc,phases   ] GC(655)   Merge Heap Roots: 0.12ms
[2026-05-27T11:23:46.000+0530][27.256s][info][gc,phases   ] GC(655)   Evacuate Collection Set: 0.27ms
[2026-05-27T11:23:46.000+0530][27.256s][info][gc,phases   ] GC(655)   Post Evacuate Collection Set: 0.20ms
[2026-05-27T11:23:46.000+0530][27.256s][info][gc,phases   ] GC(655)   Other: 0.08ms
[2026-05-27T11:23:46.000+0530][27.256s][info][gc,heap     ] GC(655) Eden regions: 306->0(301)
[2026-05-27T11:23:46.000+0530][27.256s][info][gc,heap     ] GC(655) Survivor regions: 1->6(39)
[2026-05-27T11:23:46.000+0530][27.256s][info][gc,heap     ] GC(655) Old regions: 10->10
[2026-05-27T11:23:46.000+0530][27.256s][info][gc,heap     ] GC(655) Archive regions: 2->2
[2026-05-27T11:23:46.000+0530][27.256s][info][gc,heap     ] GC(655) Humongous regions: 0->0
[2026-05-27T11:23:46.000+0530][27.256s][info][gc,metaspace] GC(655) Metaspace: 1745K(2048K)->1745K(2048K) NonClass: 1568K(1728K)->1568K(1728K) Class: 177K(320K)->177K(320K)
[2026-05-27T11:23:46.000+0530][27.256s][info][gc          ] GC(655) Pause Young (Normal) (G1 Evacuation Pause) 316M->15M(512M) 0.833ms
[2026-05-27T11:23:46.000+0530][27.256s][info][gc,cpu      ] GC(655) User=0.00s Sys=0.00s Real=0.01s
[2026-05-27T11:23:46.039+0530][27.295s][info][gc,start    ] GC(656) Pause Young (Normal) (G1 Evacuation Pause)
[2026-05-27T11:23:46.039+0530][27.295s][info][gc,task     ] GC(656) Using 9 workers of 9 for evacuation
[2026-05-27T11:23:46.039+0530][27.295s][info][gc,phases   ] GC(656)   Pre Evacuate Collection Set: 0.06ms
[2026-05-27T11:23:46.039+0530][27.295s][info][gc,phases   ] GC(656)   Merge Heap Roots: 0.05ms
[2026-05-27T11:23:46.039+0530][27.295s][info][gc,phases   ] GC(656)   Evacuate Collection Set: 0.28ms
[2026-05-27T11:23:46.039+0530][27.296s][info][gc,phases   ] GC(656)   Post Evacuate Collection Set: 0.21ms
[2026-05-27T11:23:46.039+0530][27.296s][info][gc,phases   ] GC(656)   Other: 0.10ms
[2026-05-27T11:23:46.039+0530][27.296s][info][gc,heap     ] GC(656) Eden regions: 301->0(302)
[2026-05-27T11:23:46.039+0530][27.296s][info][gc,heap     ] GC(656) Survivor regions: 6->5(39)
[2026-05-27T11:23:46.039+0530][27.296s][info][gc,heap     ] GC(656) Old regions: 10->10
[2026-05-27T11:23:46.039+0530][27.296s][info][gc,heap     ] GC(656) Archive regions: 2->2
[2026-05-27T11:23:46.039+0530][27.296s][info][gc,heap     ] GC(656) Humongous regions: 0->0
[2026-05-27T11:23:46.039+0530][27.296s][info][gc,metaspace] GC(656) Metaspace: 1745K(2048K)->1745K(2048K) NonClass: 1568K(1728K)->1568K(1728K) Class: 177K(320K)->177K(320K)
[2026-05-27T11:23:46.039+0530][27.296s][info][gc          ] GC(656) Pause Young (Normal) (G1 Evacuation Pause) 316M->14M(512M) 0.759ms
[2026-05-27T11:23:46.039+0530][27.296s][info][gc,cpu      ] GC(656) User=0.01s Sys=0.00s Real=0.00s
[2026-05-27T11:23:46.079+0530][27.335s][info][gc,start    ] GC(657) Pause Young (Normal) (G1 Evacuation Pause)
[2026-05-27T11:23:46.079+0530][27.335s][info][gc,task     ] GC(657) Using 9 workers of 9 for evacuation
[2026-05-27T11:23:46.080+0530][27.336s][info][gc,phases   ] GC(657)   Pre Evacuate Collection Set: 0.07ms
[2026-05-27T11:23:46.080+0530][27.336s][info][gc,phases   ] GC(657)   Merge Heap Roots: 0.06ms
[2026-05-27T11:23:46.080+0530][27.336s][info][gc,phases   ] GC(657)   Evacuate Collection Set: 0.30ms
[2026-05-27T11:23:46.080+0530][27.336s][info][gc,phases   ] GC(657)   Post Evacuate Collection Set: 0.16ms
[2026-05-27T11:23:46.080+0530][27.336s][info][gc,phases   ] GC(657)   Other: 0.10ms
[2026-05-27T11:23:46.080+0530][27.336s][info][gc,heap     ] GC(657) Eden regions: 302->0(301)
[2026-05-27T11:23:46.080+0530][27.336s][info][gc,heap     ] GC(657) Survivor regions: 5->6(39)
[2026-05-27T11:23:46.080+0530][27.336s][info][gc,heap     ] GC(657) Old regions: 10->10
[2026-05-27T11:23:46.080+0530][27.336s][info][gc,heap     ] GC(657) Archive regions: 2->2
[2026-05-27T11:23:46.080+0530][27.336s][info][gc,heap     ] GC(657) Humongous regions: 0->0
[2026-05-27T11:23:46.080+0530][27.336s][info][gc,metaspace] GC(657) Metaspace: 1745K(2048K)->1745K(2048K) NonClass: 1568K(1728K)->1568K(1728K) Class: 177K(320K)->177K(320K)
[2026-05-27T11:23:46.080+0530][27.336s][info][gc          ] GC(657) Pause Young (Normal) (G1 Evacuation Pause) 316M->15M(512M) 0.754ms
[2026-05-27T11:23:46.080+0530][27.336s][info][gc,cpu      ] GC(657) User=0.00s Sys=0.00s Real=0.01s
[2026-05-27T11:23:46.117+0530][27.373s][info][gc,start    ] GC(658) Pause Young (Normal) (G1 Evacuation Pause)
[2026-05-27T11:23:46.117+0530][27.373s][info][gc,task     ] GC(658) Using 9 workers of 9 for evacuation
[2026-05-27T11:23:46.117+0530][27.373s][info][gc,phases   ] GC(658)   Pre Evacuate Collection Set: 0.08ms
[2026-05-27T11:23:46.117+0530][27.373s][info][gc,phases   ] GC(658)   Merge Heap Roots: 0.05ms
[2026-05-27T11:23:46.117+0530][27.373s][info][gc,phases   ] GC(658)   Evacuate Collection Set: 0.24ms
[2026-05-27T11:23:46.117+0530][27.373s][info][gc,phases   ] GC(658)   Post Evacuate Collection Set: 0.17ms
[2026-05-27T11:23:46.117+0530][27.373s][info][gc,phases   ] GC(658)   Other: 0.09ms
[2026-05-27T11:23:46.117+0530][27.373s][info][gc,heap     ] GC(658) Eden regions: 301->0(303)
[2026-05-27T11:23:46.117+0530][27.373s][info][gc,heap     ] GC(658) Survivor regions: 6->4(39)
[2026-05-27T11:23:46.117+0530][27.373s][info][gc,heap     ] GC(658) Old regions: 10->10
[2026-05-27T11:23:46.117+0530][27.373s][info][gc,heap     ] GC(658) Archive regions: 2->2
[2026-05-27T11:23:46.117+0530][27.373s][info][gc,heap     ] GC(658) Humongous regions: 0->0
[2026-05-27T11:23:46.117+0530][27.373s][info][gc,metaspace] GC(658) Metaspace: 1745K(2048K)->1745K(2048K) NonClass: 1568K(1728K)->1568K(1728K) Class: 177K(320K)->177K(320K)
[2026-05-27T11:23:46.117+0530][27.373s][info][gc          ] GC(658) Pause Young (Normal) (G1 Evacuation Pause) 316M->14M(512M) 0.699ms
[2026-05-27T11:23:46.117+0530][27.373s][info][gc,cpu      ] GC(658) User=0.01s Sys=0.00s Real=0.00s
[2026-05-27T11:23:46.163+0530][27.419s][info][gc,start    ] GC(659) Pause Young (Normal) (G1 Evacuation Pause)
[2026-05-27T11:23:46.163+0530][27.419s][info][gc,task     ] GC(659) Using 9 workers of 9 for evacuation
[2026-05-27T11:23:46.164+0530][27.420s][info][gc,phases   ] GC(659)   Pre Evacuate Collection Set: 0.07ms
[2026-05-27T11:23:46.164+0530][27.420s][info][gc,phases   ] GC(659)   Merge Heap Roots: 0.04ms
[2026-05-27T11:23:46.164+0530][27.420s][info][gc,phases   ] GC(659)   Evacuate Collection Set: 0.29ms
[2026-05-27T11:23:46.164+0530][27.420s][info][gc,phases   ] GC(659)   Post Evacuate Collection Set: 0.17ms
[2026-05-27T11:23:46.164+0530][27.420s][info][gc,phases   ] GC(659)   Other: 0.11ms
[2026-05-27T11:23:46.164+0530][27.420s][info][gc,heap     ] GC(659) Eden regions: 303->0(302)
[2026-05-27T11:23:46.164+0530][27.420s][info][gc,heap     ] GC(659) Survivor regions: 4->5(39)
[2026-05-27T11:23:46.164+0530][27.420s][info][gc,heap     ] GC(659) Old regions: 10->10
[2026-05-27T11:23:46.164+0530][27.420s][info][gc,heap     ] GC(659) Archive regions: 2->2
[2026-05-27T11:23:46.164+0530][27.420s][info][gc,heap     ] GC(659) Humongous regions: 0->0
[2026-05-27T11:23:46.164+0530][27.420s][info][gc,metaspace] GC(659) Metaspace: 1745K(2048K)->1745K(2048K) NonClass: 1568K(1728K)->1568K(1728K) Class: 177K(320K)->177K(320K)
[2026-05-27T11:23:46.164+0530][27.420s][info][gc          ] GC(659) Pause Young (Normal) (G1 Evacuation Pause) 316M->15M(512M) 0.748ms
[2026-05-27T11:23:46.164+0530][27.420s][info][gc,cpu      ] GC(659) User=0.00s Sys=0.00s Real=0.00s
[2026-05-27T11:23:46.201+0530][27.457s][info][gc,start    ] GC(660) Pause Young (Normal) (G1 Evacuation Pause)
[2026-05-27T11:23:46.201+0530][27.457s][info][gc,task     ] GC(660) Using 9 workers of 9 for evacuation
[2026-05-27T11:23:46.202+0530][27.458s][info][gc,phases   ] GC(660)   Pre Evacuate Collection Set: 0.06ms
[2026-05-27T11:23:46.202+0530][27.458s][info][gc,phases   ] GC(660)   Merge Heap Roots: 0.06ms
[2026-05-27T11:23:46.202+0530][27.458s][info][gc,phases   ] GC(660)   Evacuate Collection Set: 0.30ms
[2026-05-27T11:23:46.202+0530][27.458s][info][gc,phases   ] GC(660)   Post Evacuate Collection Set: 0.21ms
[2026-05-27T11:23:46.202+0530][27.458s][info][gc,phases   ] GC(660)   Other: 0.10ms
[2026-05-27T11:23:46.202+0530][27.458s][info][gc,heap     ] GC(660) Eden regions: 302->0(300)
[2026-05-27T11:23:46.202+0530][27.458s][info][gc,heap     ] GC(660) Survivor regions: 5->7(39)
[2026-05-27T11:23:46.202+0530][27.458s][info][gc,heap     ] GC(660) Old regions: 10->10
[2026-05-27T11:23:46.202+0530][27.458s][info][gc,heap     ] GC(660) Archive regions: 2->2
[2026-05-27T11:23:46.202+0530][27.458s][info][gc,heap     ] GC(660) Humongous regions: 0->0
[2026-05-27T11:23:46.202+0530][27.458s][info][gc,metaspace] GC(660) Metaspace: 1745K(2048K)->1745K(2048K) NonClass: 1568K(1728K)->1568K(1728K) Class: 177K(320K)->177K(320K)
[2026-05-27T11:23:46.202+0530][27.458s][info][gc          ] GC(660) Pause Young (Normal) (G1 Evacuation Pause) 316M->17M(512M) 0.792ms
[2026-05-27T11:23:46.202+0530][27.458s][info][gc,cpu      ] GC(660) User=0.00s Sys=0.01s Real=0.00s
[2026-05-27T11:23:46.240+0530][27.496s][info][gc,start    ] GC(661) Pause Young (Normal) (G1 Evacuation Pause)
[2026-05-27T11:23:46.240+0530][27.496s][info][gc,task     ] GC(661) Using 9 workers of 9 for evacuation
[2026-05-27T11:23:46.241+0530][27.497s][info][gc,phases   ] GC(661)   Pre Evacuate Collection Set: 0.14ms
[2026-05-27T11:23:46.241+0530][27.497s][info][gc,phases   ] GC(661)   Merge Heap Roots: 0.06ms
[2026-05-27T11:23:46.241+0530][27.497s][info][gc,phases   ] GC(661)   Evacuate Collection Set: 0.27ms
[2026-05-27T11:23:46.241+0530][27.497s][info][gc,phases   ] GC(661)   Post Evacuate Collection Set: 0.16ms
[2026-05-27T11:23:46.241+0530][27.497s][info][gc,phases   ] GC(661)   Other: 0.10ms
[2026-05-27T11:23:46.241+0530][27.497s][info][gc,heap     ] GC(661) Eden regions: 300->0(300)
[2026-05-27T11:23:46.241+0530][27.497s][info][gc,heap     ] GC(661) Survivor regions: 7->7(39)
[2026-05-27T11:23:46.241+0530][27.497s][info][gc,heap     ] GC(661) Old regions: 10->10
[2026-05-27T11:23:46.241+0530][27.497s][info][gc,heap     ] GC(661) Archive regions: 2->2
[2026-05-27T11:23:46.241+0530][27.497s][info][gc,heap     ] GC(661) Humongous regions: 9->0
[2026-05-27T11:23:46.241+0530][27.497s][info][gc,metaspace] GC(661) Metaspace: 1745K(2048K)->1745K(2048K) NonClass: 1568K(1728K)->1568K(1728K) Class: 177K(320K)->177K(320K)
[2026-05-27T11:23:46.241+0530][27.497s][info][gc          ] GC(661) Pause Young (Normal) (G1 Evacuation Pause) 325M->16M(512M) 0.787ms
[2026-05-27T11:23:46.241+0530][27.497s][info][gc,cpu      ] GC(661) User=0.01s Sys=0.00s Real=0.00s
[2026-05-27T11:23:46.281+0530][27.537s][info][gc,start    ] GC(662) Pause Young (Normal) (G1 Evacuation Pause)
[2026-05-27T11:23:46.281+0530][27.537s][info][gc,task     ] GC(662) Using 9 workers of 9 for evacuation
[2026-05-27T11:23:46.281+0530][27.538s][info][gc,phases   ] GC(662)   Pre Evacuate Collection Set: 0.09ms
[2026-05-27T11:23:46.281+0530][27.538s][info][gc,phases   ] GC(662)   Merge Heap Roots: 0.06ms
[2026-05-27T11:23:46.281+0530][27.538s][info][gc,phases   ] GC(662)   Evacuate Collection Set: 0.29ms
[2026-05-27T11:23:46.281+0530][27.538s][info][gc,phases   ] GC(662)   Post Evacuate Collection Set: 0.16ms
[2026-05-27T11:23:46.281+0530][27.538s][info][gc,phases   ] GC(662)   Other: 0.12ms
[2026-05-27T11:23:46.281+0530][27.538s][info][gc,heap     ] GC(662) Eden regions: 300->0(301)
[2026-05-27T11:23:46.281+0530][27.538s][info][gc,heap     ] GC(662) Survivor regions: 7->6(39)
[2026-05-27T11:23:46.281+0530][27.538s][info][gc,heap     ] GC(662) Old regions: 10->10
[2026-05-27T11:23:46.281+0530][27.538s][info][gc,heap     ] GC(662) Archive regions: 2->2
[2026-05-27T11:23:46.281+0530][27.538s][info][gc,heap     ] GC(662) Humongous regions: 0->0
[2026-05-27T11:23:46.281+0530][27.538s][info][gc,metaspace] GC(662) Metaspace: 1745K(2048K)->1745K(2048K) NonClass: 1568K(1728K)->1568K(1728K) Class: 177K(320K)->177K(320K)
[2026-05-27T11:23:46.281+0530][27.538s][info][gc          ] GC(662) Pause Young (Normal) (G1 Evacuation Pause) 316M->15M(512M) 0.798ms
[2026-05-27T11:23:46.281+0530][27.538s][info][gc,cpu      ] GC(662) User=0.00s Sys=0.00s Real=0.00s
[2026-05-27T11:23:46.320+0530][27.576s][info][gc,start    ] GC(663) Pause Young (Normal) (G1 Evacuation Pause)
[2026-05-27T11:23:46.320+0530][27.576s][info][gc,task     ] GC(663) Using 9 workers of 9 for evacuation
[2026-05-27T11:23:46.320+0530][27.577s][info][gc,phases   ] GC(663)   Pre Evacuate Collection Set: 0.05ms
[2026-05-27T11:23:46.320+0530][27.577s][info][gc,phases   ] GC(663)   Merge Heap Roots: 0.05ms
[2026-05-27T11:23:46.320+0530][27.577s][info][gc,phases   ] GC(663)   Evacuate Collection Set: 0.22ms
[2026-05-27T11:23:46.320+0530][27.577s][info][gc,phases   ] GC(663)   Post Evacuate Collection Set: 0.17ms
[2026-05-27T11:23:46.321+0530][27.577s][info][gc,phases   ] GC(663)   Other: 0.09ms
[2026-05-27T11:23:46.321+0530][27.577s][info][gc,heap     ] GC(663) Eden regions: 301->0(302)
[2026-05-27T11:23:46.321+0530][27.577s][info][gc,heap     ] GC(663) Survivor regions: 6->5(39)
[2026-05-27T11:23:46.321+0530][27.577s][info][gc,heap     ] GC(663) Old regions: 10->10
[2026-05-27T11:23:46.321+0530][27.577s][info][gc,heap     ] GC(663) Archive regions: 2->2
[2026-05-27T11:23:46.321+0530][27.577s][info][gc,heap     ] GC(663) Humongous regions: 0->0
[2026-05-27T11:23:46.321+0530][27.577s][info][gc,metaspace] GC(663) Metaspace: 1745K(2048K)->1745K(2048K) NonClass: 1568K(1728K)->1568K(1728K) Class: 177K(320K)->177K(320K)
[2026-05-27T11:23:46.321+0530][27.577s][info][gc          ] GC(663) Pause Young (Normal) (G1 Evacuation Pause) 316M->14M(512M) 0.656ms
[2026-05-27T11:23:46.321+0530][27.577s][info][gc,cpu      ] GC(663) User=0.00s Sys=0.01s Real=0.00s
[2026-05-27T11:23:46.363+0530][27.619s][info][gc,start    ] GC(664) Pause Young (Normal) (G1 Evacuation Pause)
[2026-05-27T11:23:46.367+0530][27.623s][info][gc,task     ] GC(664) Using 9 workers of 9 for evacuation
[2026-05-27T11:23:46.367+0530][27.624s][info][gc,phases   ] GC(664)   Pre Evacuate Collection Set: 0.10ms
[2026-05-27T11:23:46.367+0530][27.624s][info][gc,phases   ] GC(664)   Merge Heap Roots: 0.06ms
[2026-05-27T11:23:46.367+0530][27.624s][info][gc,phases   ] GC(664)   Evacuate Collection Set: 0.31ms
[2026-05-27T11:23:46.367+0530][27.624s][info][gc,phases   ] GC(664)   Post Evacuate Collection Set: 0.19ms
[2026-05-27T11:23:46.367+0530][27.624s][info][gc,phases   ] GC(664)   Other: 3.72ms
[2026-05-27T11:23:46.367+0530][27.624s][info][gc,heap     ] GC(664) Eden regions: 302->0(301)
[2026-05-27T11:23:46.367+0530][27.624s][info][gc,heap     ] GC(664) Survivor regions: 5->6(39)
[2026-05-27T11:23:46.367+0530][27.624s][info][gc,heap     ] GC(664) Old regions: 10->10
[2026-05-27T11:23:46.367+0530][27.624s][info][gc,heap     ] GC(664) Archive regions: 2->2
[2026-05-27T11:23:46.367+0530][27.624s][info][gc,heap     ] GC(664) Humongous regions: 0->0
[2026-05-27T11:23:46.367+0530][27.624s][info][gc,metaspace] GC(664) Metaspace: 1745K(2048K)->1745K(2048K) NonClass: 1568K(1728K)->1568K(1728K) Class: 177K(320K)->177K(320K)
[2026-05-27T11:23:46.371+0530][27.627s][info][gc          ] GC(664) Pause Young (Normal) (G1 Evacuation Pause) 316M->16M(512M) 8.227ms
[2026-05-27T11:23:46.371+0530][27.627s][info][gc,cpu      ] GC(664) User=0.00s Sys=0.00s Real=0.01s
[2026-05-27T11:23:46.411+0530][27.667s][info][gc,start    ] GC(665) Pause Young (Normal) (G1 Evacuation Pause)
[2026-05-27T11:23:46.411+0530][27.667s][info][gc,task     ] GC(665) Using 9 workers of 9 for evacuation
[2026-05-27T11:23:46.412+0530][27.668s][info][gc,phases   ] GC(665)   Pre Evacuate Collection Set: 0.10ms
[2026-05-27T11:23:46.412+0530][27.668s][info][gc,phases   ] GC(665)   Merge Heap Roots: 0.05ms
[2026-05-27T11:23:46.412+0530][27.668s][info][gc,phases   ] GC(665)   Evacuate Collection Set: 0.22ms
[2026-05-27T11:23:46.412+0530][27.668s][info][gc,phases   ] GC(665)   Post Evacuate Collection Set: 0.19ms
[2026-05-27T11:23:46.412+0530][27.668s][info][gc,phases   ] GC(665)   Other: 0.11ms
[2026-05-27T11:23:46.412+0530][27.668s][info][gc,heap     ] GC(665) Eden regions: 301->0(302)
[2026-05-27T11:23:46.412+0530][27.668s][info][gc,heap     ] GC(665) Survivor regions: 6->5(39)
[2026-05-27T11:23:46.412+0530][27.668s][info][gc,heap     ] GC(665) Old regions: 10->10
[2026-05-27T11:23:46.412+0530][27.668s][info][gc,heap     ] GC(665) Archive regions: 2->2
[2026-05-27T11:23:46.412+0530][27.668s][info][gc,heap     ] GC(665) Humongous regions: 9->0
[2026-05-27T11:23:46.412+0530][27.668s][info][gc,metaspace] GC(665) Metaspace: 1745K(2048K)->1745K(2048K) NonClass: 1568K(1728K)->1568K(1728K) Class: 177K(320K)->177K(320K)
[2026-05-27T11:23:46.412+0530][27.668s][info][gc          ] GC(665) Pause Young (Normal) (G1 Evacuation Pause) 325M->14M(512M) 0.731ms
[2026-05-27T11:23:46.412+0530][27.668s][info][gc,cpu      ] GC(665) User=0.01s Sys=0.00s Real=0.00s
[2026-05-27T11:23:46.451+0530][27.707s][info][gc,start    ] GC(666) Pause Young (Normal) (G1 Evacuation Pause)
[2026-05-27T11:23:46.451+0530][27.707s][info][gc,task     ] GC(666) Using 9 workers of 9 for evacuation
[2026-05-27T11:23:46.452+0530][27.708s][info][gc,phases   ] GC(666)   Pre Evacuate Collection Set: 0.06ms
[2026-05-27T11:23:46.452+0530][27.708s][info][gc,phases   ] GC(666)   Merge Heap Roots: 0.05ms
[2026-05-27T11:23:46.452+0530][27.708s][info][gc,phases   ] GC(666)   Evacuate Collection Set: 0.31ms
[2026-05-27T11:23:46.452+0530][27.708s][info][gc,phases   ] GC(666)   Post Evacuate Collection Set: 0.17ms
[2026-05-27T11:23:46.452+0530][27.708s][info][gc,phases   ] GC(666)   Other: 0.10ms
[2026-05-27T11:23:46.452+0530][27.708s][info][gc,heap     ] GC(666) Eden regions: 302->0(302)
[2026-05-27T11:23:46.452+0530][27.708s][info][gc,heap     ] GC(666) Survivor regions: 5->5(39)
[2026-05-27T11:23:46.452+0530][27.708s][info][gc,heap     ] GC(666) Old regions: 10->10
[2026-05-27T11:23:46.452+0530][27.708s][info][gc,heap     ] GC(666) Archive regions: 2->2
[2026-05-27T11:23:46.452+0530][27.708s][info][gc,heap     ] GC(666) Humongous regions: 0->0
[2026-05-27T11:23:46.452+0530][27.708s][info][gc,metaspace] GC(666) Metaspace: 1745K(2048K)->1745K(2048K) NonClass: 1568K(1728K)->1568K(1728K) Class: 177K(320K)->177K(320K)
[2026-05-27T11:23:46.452+0530][27.708s][info][gc          ] GC(666) Pause Young (Normal) (G1 Evacuation Pause) 316M->14M(512M) 0.755ms
[2026-05-27T11:23:46.452+0530][27.708s][info][gc,cpu      ] GC(666) User=0.00s Sys=0.00s Real=0.00s
[2026-05-27T11:23:46.491+0530][27.747s][info][gc,start    ] GC(667) Pause Young (Normal) (G1 Evacuation Pause)
[2026-05-27T11:23:46.491+0530][27.748s][info][gc,task     ] GC(667) Using 9 workers of 9 for evacuation
[2026-05-27T11:23:46.492+0530][27.748s][info][gc,phases   ] GC(667)   Pre Evacuate Collection Set: 0.09ms
[2026-05-27T11:23:46.492+0530][27.748s][info][gc,phases   ] GC(667)   Merge Heap Roots: 0.12ms
[2026-05-27T11:23:46.492+0530][27.748s][info][gc,phases   ] GC(667)   Evacuate Collection Set: 0.28ms
[2026-05-27T11:23:46.492+0530][27.748s][info][gc,phases   ] GC(667)   Post Evacuate Collection Set: 0.22ms
[2026-05-27T11:23:46.492+0530][27.748s][info][gc,phases   ] GC(667)   Other: 0.14ms
[2026-05-27T11:23:46.492+0530][27.748s][info][gc,heap     ] GC(667) Eden regions: 302->0(300)
[2026-05-27T11:23:46.492+0530][27.748s][info][gc,heap     ] GC(667) Survivor regions: 5->7(39)
[2026-05-27T11:23:46.492+0530][27.748s][info][gc,heap     ] GC(667) Old regions: 10->10
[2026-05-27T11:23:46.492+0530][27.748s][info][gc,heap     ] GC(667) Archive regions: 2->2
[2026-05-27T11:23:46.492+0530][27.748s][info][gc,heap     ] GC(667) Humongous regions: 0->0
[2026-05-27T11:23:46.492+0530][27.748s][info][gc,metaspace] GC(667) Metaspace: 1745K(2048K)->1745K(2048K) NonClass: 1568K(1728K)->1568K(1728K) Class: 177K(320K)->177K(320K)
[2026-05-27T11:23:46.492+0530][27.748s][info][gc          ] GC(667) Pause Young (Normal) (G1 Evacuation Pause) 316M->16M(512M) 0.914ms
[2026-05-27T11:23:46.492+0530][27.748s][info][gc,cpu      ] GC(667) User=0.00s Sys=0.00s Real=0.00s
[2026-05-27T11:23:46.530+0530][27.786s][info][gc,start    ] GC(668) Pause Young (Normal) (G1 Evacuation Pause)
[2026-05-27T11:23:46.530+0530][27.786s][info][gc,task     ] GC(668) Using 9 workers of 9 for evacuation
[2026-05-27T11:23:46.531+0530][27.787s][info][gc,phases   ] GC(668)   Pre Evacuate Collection Set: 0.10ms
[2026-05-27T11:23:46.531+0530][27.787s][info][gc,phases   ] GC(668)   Merge Heap Roots: 0.04ms
[2026-05-27T11:23:46.531+0530][27.787s][info][gc,phases   ] GC(668)   Evacuate Collection Set: 0.22ms
[2026-05-27T11:23:46.531+0530][27.787s][info][gc,phases   ] GC(668)   Post Evacuate Collection Set: 0.14ms
[2026-05-27T11:23:46.531+0530][27.787s][info][gc,phases   ] GC(668)   Other: 0.10ms
[2026-05-27T11:23:46.531+0530][27.787s][info][gc,heap     ] GC(668) Eden regions: 300->0(303)
[2026-05-27T11:23:46.531+0530][27.787s][info][gc,heap     ] GC(668) Survivor regions: 7->4(39)
[2026-05-27T11:23:46.531+0530][27.787s][info][gc,heap     ] GC(668) Old regions: 10->10
[2026-05-27T11:23:46.531+0530][27.787s][info][gc,heap     ] GC(668) Archive regions: 2->2
[2026-05-27T11:23:46.531+0530][27.787s][info][gc,heap     ] GC(668) Humongous regions: 0->0
[2026-05-27T11:23:46.531+0530][27.787s][info][gc,metaspace] GC(668) Metaspace: 1745K(2048K)->1745K(2048K) NonClass: 1568K(1728K)->1568K(1728K) Class: 177K(320K)->177K(320K)
[2026-05-27T11:23:46.531+0530][27.787s][info][gc          ] GC(668) Pause Young (Normal) (G1 Evacuation Pause) 316M->14M(512M) 0.683ms
[2026-05-27T11:23:46.531+0530][27.787s][info][gc,cpu      ] GC(668) User=0.00s Sys=0.00s Real=0.00s
[2026-05-27T11:23:46.570+0530][27.827s][info][gc,start    ] GC(669) Pause Young (Normal) (G1 Evacuation Pause)
[2026-05-27T11:23:46.571+0530][27.827s][info][gc,task     ] GC(669) Using 9 workers of 9 for evacuation
[2026-05-27T11:23:46.571+0530][27.827s][info][gc,phases   ] GC(669)   Pre Evacuate Collection Set: 0.10ms
[2026-05-27T11:23:46.571+0530][27.827s][info][gc,phases   ] GC(669)   Merge Heap Roots: 0.15ms
[2026-05-27T11:23:46.571+0530][27.827s][info][gc,phases   ] GC(669)   Evacuate Collection Set: 0.24ms
[2026-05-27T11:23:46.571+0530][27.827s][info][gc,phases   ] GC(669)   Post Evacuate Collection Set: 0.20ms
[2026-05-27T11:23:46.571+0530][27.827s][info][gc,phases   ] GC(669)   Other: 0.09ms
[2026-05-27T11:23:46.571+0530][27.827s][info][gc,heap     ] GC(669) Eden regions: 303->0(306)
[2026-05-27T11:23:46.571+0530][27.827s][info][gc,heap     ] GC(669) Survivor regions: 4->1(39)
[2026-05-27T11:23:46.571+0530][27.827s][info][gc,heap     ] GC(669) Old regions: 10->10
[2026-05-27T11:23:46.571+0530][27.827s][info][gc,heap     ] GC(669) Archive regions: 2->2
[2026-05-27T11:23:46.571+0530][27.827s][info][gc,heap     ] GC(669) Humongous regions: 0->0
[2026-05-27T11:23:46.571+0530][27.827s][info][gc,metaspace] GC(669) Metaspace: 1745K(2048K)->1745K(2048K) NonClass: 1568K(1728K)->1568K(1728K) Class: 177K(320K)->177K(320K)
[2026-05-27T11:23:46.571+0530][27.827s][info][gc          ] GC(669) Pause Young (Normal) (G1 Evacuation Pause) 316M->11M(512M) 0.847ms
[2026-05-27T11:23:46.571+0530][27.827s][info][gc,cpu      ] GC(669) User=0.00s Sys=0.00s Real=0.00s
[2026-05-27T11:23:46.610+0530][27.866s][info][gc,start    ] GC(670) Pause Young (Normal) (G1 Evacuation Pause)
[2026-05-27T11:23:46.610+0530][27.866s][info][gc,task     ] GC(670) Using 9 workers of 9 for evacuation
[2026-05-27T11:23:46.611+0530][27.867s][info][gc,phases   ] GC(670)   Pre Evacuate Collection Set: 0.08ms
[2026-05-27T11:23:46.611+0530][27.867s][info][gc,phases   ] GC(670)   Merge Heap Roots: 0.04ms
[2026-05-27T11:23:46.611+0530][27.867s][info][gc,phases   ] GC(670)   Evacuate Collection Set: 0.22ms
[2026-05-27T11:23:46.611+0530][27.867s][info][gc,phases   ] GC(670)   Post Evacuate Collection Set: 0.17ms
[2026-05-27T11:23:46.611+0530][27.867s][info][gc,phases   ] GC(670)   Other: 0.09ms
[2026-05-27T11:23:46.611+0530][27.867s][info][gc,heap     ] GC(670) Eden regions: 306->0(301)
[2026-05-27T11:23:46.611+0530][27.867s][info][gc,heap     ] GC(670) Survivor regions: 1->6(39)
[2026-05-27T11:23:46.611+0530][27.867s][info][gc,heap     ] GC(670) Old regions: 10->10
[2026-05-27T11:23:46.611+0530][27.867s][info][gc,heap     ] GC(670) Archive regions: 2->2
[2026-05-27T11:23:46.611+0530][27.867s][info][gc,heap     ] GC(670) Humongous regions: 0->0
[2026-05-27T11:23:46.611+0530][27.867s][info][gc,metaspace] GC(670) Metaspace: 1745K(2048K)->1745K(2048K) NonClass: 1568K(1728K)->1568K(1728K) Class: 177K(320K)->177K(320K)
[2026-05-27T11:23:46.611+0530][27.867s][info][gc          ] GC(670) Pause Young (Normal) (G1 Evacuation Pause) 316M->15M(512M) 0.674ms
[2026-05-27T11:23:46.611+0530][27.867s][info][gc,cpu      ] GC(670) User=0.00s Sys=0.00s Real=0.00s
[2026-05-27T11:23:46.649+0530][27.905s][info][gc,start    ] GC(671) Pause Young (Normal) (G1 Evacuation Pause)
[2026-05-27T11:23:46.649+0530][27.905s][info][gc,task     ] GC(671) Using 9 workers of 9 for evacuation
[2026-05-27T11:23:46.650+0530][27.906s][info][gc,phases   ] GC(671)   Pre Evacuate Collection Set: 0.07ms
[2026-05-27T11:23:46.650+0530][27.906s][info][gc,phases   ] GC(671)   Merge Heap Roots: 0.09ms
[2026-05-27T11:23:46.650+0530][27.906s][info][gc,phases   ] GC(671)   Evacuate Collection Set: 0.28ms
[2026-05-27T11:23:46.650+0530][27.906s][info][gc,phases   ] GC(671)   Post Evacuate Collection Set: 0.21ms
[2026-05-27T11:23:46.650+0530][27.906s][info][gc,phases   ] GC(671)   Other: 0.11ms
[2026-05-27T11:23:46.650+0530][27.906s][info][gc,heap     ] GC(671) Eden regions: 301->0(302)
[2026-05-27T11:23:46.650+0530][27.906s][info][gc,heap     ] GC(671) Survivor regions: 6->5(39)
[2026-05-27T11:23:46.650+0530][27.906s][info][gc,heap     ] GC(671) Old regions: 10->10
[2026-05-27T11:23:46.650+0530][27.906s][info][gc,heap     ] GC(671) Archive regions: 2->2
[2026-05-27T11:23:46.650+0530][27.906s][info][gc,heap     ] GC(671) Humongous regions: 0->0
[2026-05-27T11:23:46.650+0530][27.906s][info][gc,metaspace] GC(671) Metaspace: 1745K(2048K)->1745K(2048K) NonClass: 1568K(1728K)->1568K(1728K) Class: 177K(320K)->177K(320K)
[2026-05-27T11:23:46.650+0530][27.906s][info][gc          ] GC(671) Pause Young (Normal) (G1 Evacuation Pause) 316M->15M(512M) 0.838ms
[2026-05-27T11:23:46.650+0530][27.906s][info][gc,cpu      ] GC(671) User=0.00s Sys=0.01s Real=0.01s
[2026-05-27T11:23:46.689+0530][27.945s][info][gc,start    ] GC(672) Pause Young (Normal) (G1 Evacuation Pause)
[2026-05-27T11:23:46.689+0530][27.945s][info][gc,task     ] GC(672) Using 9 workers of 9 for evacuation
[2026-05-27T11:23:46.689+0530][27.945s][info][gc,phases   ] GC(672)   Pre Evacuate Collection Set: 0.09ms
[2026-05-27T11:23:46.689+0530][27.945s][info][gc,phases   ] GC(672)   Merge Heap Roots: 0.04ms
[2026-05-27T11:23:46.689+0530][27.945s][info][gc,phases   ] GC(672)   Evacuate Collection Set: 0.21ms
[2026-05-27T11:23:46.689+0530][27.945s][info][gc,phases   ] GC(672)   Post Evacuate Collection Set: 0.16ms
[2026-05-27T11:23:46.689+0530][27.945s][info][gc,phases   ] GC(672)   Other: 0.10ms
[2026-05-27T11:23:46.689+0530][27.945s][info][gc,heap     ] GC(672) Eden regions: 302->0(301)
[2026-05-27T11:23:46.689+0530][27.945s][info][gc,heap     ] GC(672) Survivor regions: 5->6(39)
[2026-05-27T11:23:46.689+0530][27.945s][info][gc,heap     ] GC(672) Old regions: 10->10
[2026-05-27T11:23:46.689+0530][27.945s][info][gc,heap     ] GC(672) Archive regions: 2->2
[2026-05-27T11:23:46.689+0530][27.945s][info][gc,heap     ] GC(672) Humongous regions: 0->0
[2026-05-27T11:23:46.689+0530][27.945s][info][gc,metaspace] GC(672) Metaspace: 1745K(2048K)->1745K(2048K) NonClass: 1568K(1728K)->1568K(1728K) Class: 177K(320K)->177K(320K)
[2026-05-27T11:23:46.689+0530][27.945s][info][gc          ] GC(672) Pause Young (Normal) (G1 Evacuation Pause) 316M->15M(512M) 0.704ms
[2026-05-27T11:23:46.689+0530][27.945s][info][gc,cpu      ] GC(672) User=0.00s Sys=0.00s Real=0.00s
[2026-05-27T11:23:46.730+0530][27.986s][info][gc,start    ] GC(673) Pause Young (Normal) (G1 Evacuation Pause)
[2026-05-27T11:23:46.730+0530][27.986s][info][gc,task     ] GC(673) Using 9 workers of 9 for evacuation
[2026-05-27T11:23:46.730+0530][27.986s][info][gc,phases   ] GC(673)   Pre Evacuate Collection Set: 0.06ms
[2026-05-27T11:23:46.730+0530][27.986s][info][gc,phases   ] GC(673)   Merge Heap Roots: 0.05ms
[2026-05-27T11:23:46.730+0530][27.986s][info][gc,phases   ] GC(673)   Evacuate Collection Set: 0.25ms
[2026-05-27T11:23:46.730+0530][27.986s][info][gc,phases   ] GC(673)   Post Evacuate Collection Set: 0.17ms
[2026-05-27T11:23:46.730+0530][27.986s][info][gc,phases   ] GC(673)   Other: 0.09ms
[2026-05-27T11:23:46.730+0530][27.986s][info][gc,heap     ] GC(673) Eden regions: 301->0(302)
[2026-05-27T11:23:46.730+0530][27.986s][info][gc,heap     ] GC(673) Survivor regions: 6->5(39)
[2026-05-27T11:23:46.730+0530][27.986s][info][gc,heap     ] GC(673) Old regions: 10->10
[2026-05-27T11:23:46.730+0530][27.986s][info][gc,heap     ] GC(673) Archive regions: 2->2
[2026-05-27T11:23:46.730+0530][27.986s][info][gc,heap     ] GC(673) Humongous regions: 9->0
[2026-05-27T11:23:46.730+0530][27.986s][info][gc,metaspace] GC(673) Metaspace: 1745K(2048K)->1745K(2048K) NonClass: 1568K(1728K)->1568K(1728K) Class: 177K(320K)->177K(320K)
[2026-05-27T11:23:46.730+0530][27.986s][info][gc          ] GC(673) Pause Young (Normal) (G1 Evacuation Pause) 325M->14M(512M) 0.681ms
[2026-05-27T11:23:46.730+0530][27.986s][info][gc,cpu      ] GC(673) User=0.01s Sys=0.00s Real=0.00s
[2026-05-27T11:23:46.766+0530][28.023s][info][gc,start    ] GC(674) Pause Young (Normal) (G1 Evacuation Pause)
[2026-05-27T11:23:46.766+0530][28.023s][info][gc,task     ] GC(674) Using 9 workers of 9 for evacuation
[2026-05-27T11:23:46.767+0530][28.023s][info][gc,phases   ] GC(674)   Pre Evacuate Collection Set: 0.04ms
[2026-05-27T11:23:46.767+0530][28.023s][info][gc,phases   ] GC(674)   Merge Heap Roots: 0.07ms
[2026-05-27T11:23:46.767+0530][28.023s][info][gc,phases   ] GC(674)   Evacuate Collection Set: 0.26ms
[2026-05-27T11:23:46.767+0530][28.023s][info][gc,phases   ] GC(674)   Post Evacuate Collection Set: 0.18ms
[2026-05-27T11:23:46.767+0530][28.023s][info][gc,phases   ] GC(674)   Other: 0.06ms
[2026-05-27T11:23:46.767+0530][28.023s][info][gc,heap     ] GC(674) Eden regions: 302->0(301)
[2026-05-27T11:23:46.767+0530][28.023s][info][gc,heap     ] GC(674) Survivor regions: 5->6(39)
[2026-05-27T11:23:46.767+0530][28.023s][info][gc,heap     ] GC(674) Old regions: 10->10
[2026-05-27T11:23:46.767+0530][28.023s][info][gc,heap     ] GC(674) Archive regions: 2->2
[2026-05-27T11:23:46.767+0530][28.023s][info][gc,heap     ] GC(674) Humongous regions: 0->0
[2026-05-27T11:23:46.767+0530][28.023s][info][gc,metaspace] GC(674) Metaspace: 1745K(2048K)->1745K(2048K) NonClass: 1568K(1728K)->1568K(1728K) Class: 177K(320K)->177K(320K)
[2026-05-27T11:23:46.767+0530][28.023s][info][gc          ] GC(674) Pause Young (Normal) (G1 Evacuation Pause) 316M->15M(512M) 0.716ms
[2026-05-27T11:23:46.767+0530][28.023s][info][gc,cpu      ] GC(674) User=0.00s Sys=0.00s Real=0.00s
[2026-05-27T11:23:46.808+0530][28.064s][info][gc,start    ] GC(675) Pause Young (Normal) (G1 Evacuation Pause)
[2026-05-27T11:23:46.808+0530][28.064s][info][gc,task     ] GC(675) Using 9 workers of 9 for evacuation
[2026-05-27T11:23:46.809+0530][28.065s][info][gc,phases   ] GC(675)   Pre Evacuate Collection Set: 0.11ms
[2026-05-27T11:23:46.809+0530][28.065s][info][gc,phases   ] GC(675)   Merge Heap Roots: 0.11ms
[2026-05-27T11:23:46.809+0530][28.065s][info][gc,phases   ] GC(675)   Evacuate Collection Set: 0.27ms
[2026-05-27T11:23:46.809+0530][28.065s][info][gc,phases   ] GC(675)   Post Evacuate Collection Set: 0.25ms
[2026-05-27T11:23:46.809+0530][28.065s][info][gc,phases   ] GC(675)   Other: 0.12ms
[2026-05-27T11:23:46.809+0530][28.065s][info][gc,heap     ] GC(675) Eden regions: 301->0(301)
[2026-05-27T11:23:46.809+0530][28.065s][info][gc,heap     ] GC(675) Survivor regions: 6->6(39)
[2026-05-27T11:23:46.809+0530][28.065s][info][gc,heap     ] GC(675) Old regions: 10->10
[2026-05-27T11:23:46.809+0530][28.065s][info][gc,heap     ] GC(675) Archive regions: 2->2
[2026-05-27T11:23:46.809+0530][28.065s][info][gc,heap     ] GC(675) Humongous regions: 0->0
[2026-05-27T11:23:46.809+0530][28.065s][info][gc,metaspace] GC(675) Metaspace: 1745K(2048K)->1745K(2048K) NonClass: 1568K(1728K)->1568K(1728K) Class: 177K(320K)->177K(320K)
[2026-05-27T11:23:46.809+0530][28.065s][info][gc          ] GC(675) Pause Young (Normal) (G1 Evacuation Pause) 316M->15M(512M) 0.916ms
[2026-05-27T11:23:46.809+0530][28.065s][info][gc,cpu      ] GC(675) User=0.01s Sys=0.00s Real=0.00s
[2026-05-27T11:23:46.847+0530][28.103s][info][gc,start    ] GC(676) Pause Young (Normal) (G1 Evacuation Pause)
[2026-05-27T11:23:46.847+0530][28.103s][info][gc,task     ] GC(676) Using 9 workers of 9 for evacuation
[2026-05-27T11:23:46.847+0530][28.104s][info][gc,phases   ] GC(676)   Pre Evacuate Collection Set: 0.07ms
[2026-05-27T11:23:46.847+0530][28.104s][info][gc,phases   ] GC(676)   Merge Heap Roots: 0.05ms
[2026-05-27T11:23:46.847+0530][28.104s][info][gc,phases   ] GC(676)   Evacuate Collection Set: 0.27ms
[2026-05-27T11:23:46.847+0530][28.104s][info][gc,phases   ] GC(676)   Post Evacuate Collection Set: 0.18ms
[2026-05-27T11:23:46.847+0530][28.104s][info][gc,phases   ] GC(676)   Other: 0.12ms
[2026-05-27T11:23:46.847+0530][28.104s][info][gc,heap     ] GC(676) Eden regions: 301->0(301)
[2026-05-27T11:23:46.847+0530][28.104s][info][gc,heap     ] GC(676) Survivor regions: 6->6(39)
[2026-05-27T11:23:46.847+0530][28.104s][info][gc,heap     ] GC(676) Old regions: 10->10
[2026-05-27T11:23:46.847+0530][28.104s][info][gc,heap     ] GC(676) Archive regions: 2->2
[2026-05-27T11:23:46.847+0530][28.104s][info][gc,heap     ] GC(676) Humongous regions: 9->0
[2026-05-27T11:23:46.847+0530][28.104s][info][gc,metaspace] GC(676) Metaspace: 1745K(2048K)->1745K(2048K) NonClass: 1568K(1728K)->1568K(1728K) Class: 177K(320K)->177K(320K)
[2026-05-27T11:23:46.848+0530][28.104s][info][gc          ] GC(676) Pause Young (Normal) (G1 Evacuation Pause) 325M->15M(512M) 0.759ms
[2026-05-27T11:23:46.848+0530][28.104s][info][gc,cpu      ] GC(676) User=0.00s Sys=0.00s Real=0.00s
[2026-05-27T11:23:46.885+0530][28.141s][info][gc,start    ] GC(677) Pause Young (Normal) (G1 Evacuation Pause)
[2026-05-27T11:23:46.885+0530][28.141s][info][gc,task     ] GC(677) Using 9 workers of 9 for evacuation
[2026-05-27T11:23:46.886+0530][28.142s][info][gc,phases   ] GC(677)   Pre Evacuate Collection Set: 0.07ms
[2026-05-27T11:23:46.886+0530][28.142s][info][gc,phases   ] GC(677)   Merge Heap Roots: 0.05ms
[2026-05-27T11:23:46.886+0530][28.142s][info][gc,phases   ] GC(677)   Evacuate Collection Set: 0.30ms
[2026-05-27T11:23:46.886+0530][28.142s][info][gc,phases   ] GC(677)   Post Evacuate Collection Set: 0.17ms
[2026-05-27T11:23:46.886+0530][28.142s][info][gc,phases   ] GC(677)   Other: 0.10ms
[2026-05-27T11:23:46.886+0530][28.142s][info][gc,heap     ] GC(677) Eden regions: 301->0(302)
[2026-05-27T11:23:46.886+0530][28.142s][info][gc,heap     ] GC(677) Survivor regions: 6->5(39)
[2026-05-27T11:23:46.886+0530][28.142s][info][gc,heap     ] GC(677) Old regions: 10->10
[2026-05-27T11:23:46.886+0530][28.142s][info][gc,heap     ] GC(677) Archive regions: 2->2
[2026-05-27T11:23:46.886+0530][28.142s][info][gc,heap     ] GC(677) Humongous regions: 9->0
[2026-05-27T11:23:46.886+0530][28.142s][info][gc,metaspace] GC(677) Metaspace: 1745K(2048K)->1745K(2048K) NonClass: 1568K(1728K)->1568K(1728K) Class: 177K(320K)->177K(320K)
[2026-05-27T11:23:46.886+0530][28.142s][info][gc          ] GC(677) Pause Young (Normal) (G1 Evacuation Pause) 325M->14M(512M) 0.778ms
[2026-05-27T11:23:46.886+0530][28.142s][info][gc,cpu      ] GC(677) User=0.00s Sys=0.00s Real=0.00s
[2026-05-27T11:23:46.925+0530][28.181s][info][gc,start    ] GC(678) Pause Young (Normal) (G1 Evacuation Pause)
[2026-05-27T11:23:46.925+0530][28.181s][info][gc,task     ] GC(678) Using 9 workers of 9 for evacuation
[2026-05-27T11:23:46.925+0530][28.181s][info][gc,phases   ] GC(678)   Pre Evacuate Collection Set: 0.08ms
[2026-05-27T11:23:46.925+0530][28.181s][info][gc,phases   ] GC(678)   Merge Heap Roots: 0.06ms
[2026-05-27T11:23:46.925+0530][28.181s][info][gc,phases   ] GC(678)   Evacuate Collection Set: 0.25ms
[2026-05-27T11:23:46.925+0530][28.181s][info][gc,phases   ] GC(678)   Post Evacuate Collection Set: 0.24ms
[2026-05-27T11:23:46.925+0530][28.181s][info][gc,phases   ] GC(678)   Other: 0.10ms
[2026-05-27T11:23:46.925+0530][28.181s][info][gc,heap     ] GC(678) Eden regions: 302->0(303)
[2026-05-27T11:23:46.925+0530][28.181s][info][gc,heap     ] GC(678) Survivor regions: 5->4(39)
[2026-05-27T11:23:46.925+0530][28.181s][info][gc,heap     ] GC(678) Old regions: 10->10
[2026-05-27T11:23:46.925+0530][28.181s][info][gc,heap     ] GC(678) Archive regions: 2->2
[2026-05-27T11:23:46.925+0530][28.181s][info][gc,heap     ] GC(678) Humongous regions: 0->0
[2026-05-27T11:23:46.925+0530][28.181s][info][gc,metaspace] GC(678) Metaspace: 1745K(2048K)->1745K(2048K) NonClass: 1568K(1728K)->1568K(1728K) Class: 177K(320K)->177K(320K)
[2026-05-27T11:23:46.925+0530][28.181s][info][gc          ] GC(678) Pause Young (Normal) (G1 Evacuation Pause) 316M->13M(512M) 0.821ms
[2026-05-27T11:23:46.925+0530][28.181s][info][gc,cpu      ] GC(678) User=0.00s Sys=0.01s Real=0.00s
[2026-05-27T11:23:46.963+0530][28.219s][info][gc,start    ] GC(679) Pause Young (Normal) (G1 Evacuation Pause)
[2026-05-27T11:23:46.963+0530][28.219s][info][gc,task     ] GC(679) Using 9 workers of 9 for evacuation
[2026-05-27T11:23:46.964+0530][28.220s][info][gc,phases   ] GC(679)   Pre Evacuate Collection Set: 0.08ms
[2026-05-27T11:23:46.964+0530][28.220s][info][gc,phases   ] GC(679)   Merge Heap Roots: 0.05ms
[2026-05-27T11:23:46.964+0530][28.220s][info][gc,phases   ] GC(679)   Evacuate Collection Set: 0.26ms
[2026-05-27T11:23:46.964+0530][28.220s][info][gc,phases   ] GC(679)   Post Evacuate Collection Set: 0.18ms
[2026-05-27T11:23:46.964+0530][28.220s][info][gc,phases   ] GC(679)   Other: 0.11ms
[2026-05-27T11:23:46.964+0530][28.220s][info][gc,heap     ] GC(679) Eden regions: 303->0(300)
[2026-05-27T11:23:46.964+0530][28.220s][info][gc,heap     ] GC(679) Survivor regions: 4->7(39)
[2026-05-27T11:23:46.964+0530][28.220s][info][gc,heap     ] GC(679) Old regions: 10->10
[2026-05-27T11:23:46.964+0530][28.220s][info][gc,heap     ] GC(679) Archive regions: 2->2
[2026-05-27T11:23:46.964+0530][28.220s][info][gc,heap     ] GC(679) Humongous regions: 27->0
[2026-05-27T11:23:46.964+0530][28.220s][info][gc,metaspace] GC(679) Metaspace: 1745K(2048K)->1745K(2048K) NonClass: 1568K(1728K)->1568K(1728K) Class: 177K(320K)->177K(320K)
[2026-05-27T11:23:46.964+0530][28.220s][info][gc          ] GC(679) Pause Young (Normal) (G1 Evacuation Pause) 343M->16M(512M) 0.722ms
[2026-05-27T11:23:46.964+0530][28.220s][info][gc,cpu      ] GC(679) User=0.01s Sys=0.00s Real=0.00s
[2026-05-27T11:23:47.003+0530][28.259s][info][gc,start    ] GC(680) Pause Young (Normal) (G1 Evacuation Pause)
[2026-05-27T11:23:47.003+0530][28.259s][info][gc,task     ] GC(680) Using 9 workers of 9 for evacuation
[2026-05-27T11:23:47.004+0530][28.260s][info][gc,phases   ] GC(680)   Pre Evacuate Collection Set: 0.06ms
[2026-05-27T11:23:47.004+0530][28.260s][info][gc,phases   ] GC(680)   Merge Heap Roots: 0.04ms
[2026-05-27T11:23:47.004+0530][28.260s][info][gc,phases   ] GC(680)   Evacuate Collection Set: 0.25ms
[2026-05-27T11:23:47.004+0530][28.260s][info][gc,phases   ] GC(680)   Post Evacuate Collection Set: 0.16ms
[2026-05-27T11:23:47.004+0530][28.260s][info][gc,phases   ] GC(680)   Other: 0.10ms
[2026-05-27T11:23:47.004+0530][28.260s][info][gc,heap     ] GC(680) Eden regions: 300->0(301)
[2026-05-27T11:23:47.004+0530][28.260s][info][gc,heap     ] GC(680) Survivor regions: 7->6(39)
[2026-05-27T11:23:47.004+0530][28.260s][info][gc,heap     ] GC(680) Old regions: 10->10
[2026-05-27T11:23:47.004+0530][28.260s][info][gc,heap     ] GC(680) Archive regions: 2->2
[2026-05-27T11:23:47.004+0530][28.260s][info][gc,heap     ] GC(680) Humongous regions: 0->0
[2026-05-27T11:23:47.004+0530][28.260s][info][gc,metaspace] GC(680) Metaspace: 1745K(2048K)->1745K(2048K) NonClass: 1568K(1728K)->1568K(1728K) Class: 177K(320K)->177K(320K)
[2026-05-27T11:23:47.004+0530][28.260s][info][gc          ] GC(680) Pause Young (Normal) (G1 Evacuation Pause) 316M->15M(512M) 0.690ms
[2026-05-27T11:23:47.004+0530][28.260s][info][gc,cpu      ] GC(680) User=0.00s Sys=0.00s Real=0.00s
[2026-05-27T11:23:47.041+0530][28.297s][info][gc,start    ] GC(681) Pause Young (Normal) (G1 Evacuation Pause)
[2026-05-27T11:23:47.041+0530][28.297s][info][gc,task     ] GC(681) Using 9 workers of 9 for evacuation
[2026-05-27T11:23:47.042+0530][28.298s][info][gc,phases   ] GC(681)   Pre Evacuate Collection Set: 0.11ms
[2026-05-27T11:23:47.042+0530][28.298s][info][gc,phases   ] GC(681)   Merge Heap Roots: 0.09ms
[2026-05-27T11:23:47.042+0530][28.298s][info][gc,phases   ] GC(681)   Evacuate Collection Set: 0.25ms
[2026-05-27T11:23:47.042+0530][28.298s][info][gc,phases   ] GC(681)   Post Evacuate Collection Set: 0.17ms
[2026-05-27T11:23:47.042+0530][28.298s][info][gc,phases   ] GC(681)   Other: 0.09ms
[2026-05-27T11:23:47.042+0530][28.298s][info][gc,heap     ] GC(681) Eden regions: 301->0(303)
[2026-05-27T11:23:47.042+0530][28.298s][info][gc,heap     ] GC(681) Survivor regions: 6->4(39)
[2026-05-27T11:23:47.042+0530][28.298s][info][gc,heap     ] GC(681) Old regions: 10->10
[2026-05-27T11:23:47.042+0530][28.298s][info][gc,heap     ] GC(681) Archive regions: 2->2
[2026-05-27T11:23:47.042+0530][28.298s][info][gc,heap     ] GC(681) Humongous regions: 0->0
[2026-05-27T11:23:47.042+0530][28.298s][info][gc,metaspace] GC(681) Metaspace: 1745K(2048K)->1745K(2048K) NonClass: 1568K(1728K)->1568K(1728K) Class: 177K(320K)->177K(320K)
[2026-05-27T11:23:47.042+0530][28.298s][info][gc          ] GC(681) Pause Young (Normal) (G1 Evacuation Pause) 316M->13M(512M) 0.793ms
[2026-05-27T11:23:47.042+0530][28.298s][info][gc,cpu      ] GC(681) User=0.00s Sys=0.00s Real=0.00s
[2026-05-27T11:23:47.079+0530][28.336s][info][gc,start    ] GC(682) Pause Young (Normal) (G1 Evacuation Pause)
[2026-05-27T11:23:47.079+0530][28.336s][info][gc,task     ] GC(682) Using 9 workers of 9 for evacuation
[2026-05-27T11:23:47.080+0530][28.336s][info][gc,phases   ] GC(682)   Pre Evacuate Collection Set: 0.08ms
[2026-05-27T11:23:47.080+0530][28.336s][info][gc,phases   ] GC(682)   Merge Heap Roots: 0.07ms
[2026-05-27T11:23:47.080+0530][28.336s][info][gc,phases   ] GC(682)   Evacuate Collection Set: 0.22ms
[2026-05-27T11:23:47.080+0530][28.336s][info][gc,phases   ] GC(682)   Post Evacuate Collection Set: 0.17ms
[2026-05-27T11:23:47.080+0530][28.336s][info][gc,phases   ] GC(682)   Other: 0.10ms
[2026-05-27T11:23:47.080+0530][28.336s][info][gc,heap     ] GC(682) Eden regions: 303->0(302)
[2026-05-27T11:23:47.080+0530][28.336s][info][gc,heap     ] GC(682) Survivor regions: 4->5(39)
[2026-05-27T11:23:47.080+0530][28.336s][info][gc,heap     ] GC(682) Old regions: 10->10
[2026-05-27T11:23:47.080+0530][28.336s][info][gc,heap     ] GC(682) Archive regions: 2->2
[2026-05-27T11:23:47.080+0530][28.336s][info][gc,heap     ] GC(682) Humongous regions: 0->0
[2026-05-27T11:23:47.080+0530][28.336s][info][gc,metaspace] GC(682) Metaspace: 1745K(2048K)->1745K(2048K) NonClass: 1568K(1728K)->1568K(1728K) Class: 177K(320K)->177K(320K)
[2026-05-27T11:23:47.080+0530][28.336s][info][gc          ] GC(682) Pause Young (Normal) (G1 Evacuation Pause) 316M->14M(512M) 0.724ms
[2026-05-27T11:23:47.080+0530][28.336s][info][gc,cpu      ] GC(682) User=0.00s Sys=0.00s Real=0.01s
[2026-05-27T11:23:47.124+0530][28.380s][info][gc,start    ] GC(683) Pause Young (Normal) (G1 Evacuation Pause)
[2026-05-27T11:23:47.124+0530][28.380s][info][gc,task     ] GC(683) Using 9 workers of 9 for evacuation
[2026-05-27T11:23:47.124+0530][28.381s][info][gc,phases   ] GC(683)   Pre Evacuate Collection Set: 0.08ms
[2026-05-27T11:23:47.124+0530][28.381s][info][gc,phases   ] GC(683)   Merge Heap Roots: 0.05ms
[2026-05-27T11:23:47.124+0530][28.381s][info][gc,phases   ] GC(683)   Evacuate Collection Set: 0.39ms
[2026-05-27T11:23:47.124+0530][28.381s][info][gc,phases   ] GC(683)   Post Evacuate Collection Set: 0.20ms
[2026-05-27T11:23:47.124+0530][28.381s][info][gc,phases   ] GC(683)   Other: 0.11ms
[2026-05-27T11:23:47.124+0530][28.381s][info][gc,heap     ] GC(683) Eden regions: 302->0(301)
[2026-05-27T11:23:47.124+0530][28.381s][info][gc,heap     ] GC(683) Survivor regions: 5->6(39)
[2026-05-27T11:23:47.125+0530][28.381s][info][gc,heap     ] GC(683) Old regions: 10->10
[2026-05-27T11:23:47.125+0530][28.381s][info][gc,heap     ] GC(683) Archive regions: 2->2
[2026-05-27T11:23:47.125+0530][28.381s][info][gc,heap     ] GC(683) Humongous regions: 0->0
[2026-05-27T11:23:47.125+0530][28.381s][info][gc,metaspace] GC(683) Metaspace: 1745K(2048K)->1745K(2048K) NonClass: 1568K(1728K)->1568K(1728K) Class: 177K(320K)->177K(320K)
[2026-05-27T11:23:47.125+0530][28.381s][info][gc          ] GC(683) Pause Young (Normal) (G1 Evacuation Pause) 316M->15M(512M) 0.933ms
[2026-05-27T11:23:47.125+0530][28.381s][info][gc,cpu      ] GC(683) User=0.00s Sys=0.00s Real=0.00s
[2026-05-27T11:23:47.167+0530][28.423s][info][gc,start    ] GC(684) Pause Young (Normal) (G1 Evacuation Pause)
[2026-05-27T11:23:47.167+0530][28.423s][info][gc,task     ] GC(684) Using 9 workers of 9 for evacuation
[2026-05-27T11:23:47.167+0530][28.424s][info][gc,phases   ] GC(684)   Pre Evacuate Collection Set: 0.09ms
[2026-05-27T11:23:47.168+0530][28.424s][info][gc,phases   ] GC(684)   Merge Heap Roots: 0.06ms
[2026-05-27T11:23:47.168+0530][28.424s][info][gc,phases   ] GC(684)   Evacuate Collection Set: 0.31ms
[2026-05-27T11:23:47.168+0530][28.424s][info][gc,phases   ] GC(684)   Post Evacuate Collection Set: 0.18ms
[2026-05-27T11:23:47.168+0530][28.424s][info][gc,phases   ] GC(684)   Other: 0.12ms
[2026-05-27T11:23:47.168+0530][28.424s][info][gc,heap     ] GC(684) Eden regions: 301->0(302)
[2026-05-27T11:23:47.168+0530][28.424s][info][gc,heap     ] GC(684) Survivor regions: 6->5(39)
[2026-05-27T11:23:47.168+0530][28.424s][info][gc,heap     ] GC(684) Old regions: 10->10
[2026-05-27T11:23:47.168+0530][28.424s][info][gc,heap     ] GC(684) Archive regions: 2->2
[2026-05-27T11:23:47.168+0530][28.424s][info][gc,heap     ] GC(684) Humongous regions: 0->0
[2026-05-27T11:23:47.168+0530][28.424s][info][gc,metaspace] GC(684) Metaspace: 1745K(2048K)->1745K(2048K) NonClass: 1568K(1728K)->1568K(1728K) Class: 177K(320K)->177K(320K)
[2026-05-27T11:23:47.168+0530][28.424s][info][gc          ] GC(684) Pause Young (Normal) (G1 Evacuation Pause) 316M->14M(512M) 0.842ms
[2026-05-27T11:23:47.168+0530][28.424s][info][gc,cpu      ] GC(684) User=0.00s Sys=0.00s Real=0.00s
[2026-05-27T11:23:47.205+0530][28.461s][info][gc,start    ] GC(685) Pause Young (Normal) (G1 Evacuation Pause)
[2026-05-27T11:23:47.205+0530][28.461s][info][gc,task     ] GC(685) Using 9 workers of 9 for evacuation
[2026-05-27T11:23:47.205+0530][28.462s][info][gc,phases   ] GC(685)   Pre Evacuate Collection Set: 0.07ms
[2026-05-27T11:23:47.205+0530][28.462s][info][gc,phases   ] GC(685)   Merge Heap Roots: 0.08ms
[2026-05-27T11:23:47.205+0530][28.462s][info][gc,phases   ] GC(685)   Evacuate Collection Set: 0.26ms
[2026-05-27T11:23:47.205+0530][28.462s][info][gc,phases   ] GC(685)   Post Evacuate Collection Set: 0.17ms
[2026-05-27T11:23:47.205+0530][28.462s][info][gc,phases   ] GC(685)   Other: 0.11ms
[2026-05-27T11:23:47.205+0530][28.462s][info][gc,heap     ] GC(685) Eden regions: 302->0(302)
[2026-05-27T11:23:47.205+0530][28.462s][info][gc,heap     ] GC(685) Survivor regions: 5->5(39)
[2026-05-27T11:23:47.205+0530][28.462s][info][gc,heap     ] GC(685) Old regions: 10->10
[2026-05-27T11:23:47.205+0530][28.462s][info][gc,heap     ] GC(685) Archive regions: 2->2
[2026-05-27T11:23:47.205+0530][28.462s][info][gc,heap     ] GC(685) Humongous regions: 27->0
[2026-05-27T11:23:47.205+0530][28.462s][info][gc,metaspace] GC(685) Metaspace: 1745K(2048K)->1745K(2048K) NonClass: 1568K(1728K)->1568K(1728K) Class: 177K(320K)->177K(320K)
[2026-05-27T11:23:47.205+0530][28.462s][info][gc          ] GC(685) Pause Young (Normal) (G1 Evacuation Pause) 343M->14M(512M) 0.743ms
[2026-05-27T11:23:47.205+0530][28.462s][info][gc,cpu      ] GC(685) User=0.00s Sys=0.00s Real=0.00s
[2026-05-27T11:23:47.245+0530][28.501s][info][gc,start    ] GC(686) Pause Young (Normal) (G1 Evacuation Pause)
[2026-05-27T11:23:47.245+0530][28.501s][info][gc,task     ] GC(686) Using 9 workers of 9 for evacuation
[2026-05-27T11:23:47.246+0530][28.502s][info][gc,phases   ] GC(686)   Pre Evacuate Collection Set: 0.10ms
[2026-05-27T11:23:47.246+0530][28.502s][info][gc,phases   ] GC(686)   Merge Heap Roots: 0.04ms
[2026-05-27T11:23:47.246+0530][28.502s][info][gc,phases   ] GC(686)   Evacuate Collection Set: 0.22ms
[2026-05-27T11:23:47.246+0530][28.502s][info][gc,phases   ] GC(686)   Post Evacuate Collection Set: 0.16ms
[2026-05-27T11:23:47.246+0530][28.502s][info][gc,phases   ] GC(686)   Other: 0.10ms
[2026-05-27T11:23:47.246+0530][28.502s][info][gc,heap     ] GC(686) Eden regions: 302->0(303)
[2026-05-27T11:23:47.246+0530][28.502s][info][gc,heap     ] GC(686) Survivor regions: 5->4(39)
[2026-05-27T11:23:47.246+0530][28.502s][info][gc,heap     ] GC(686) Old regions: 10->10
[2026-05-27T11:23:47.246+0530][28.502s][info][gc,heap     ] GC(686) Archive regions: 2->2
[2026-05-27T11:23:47.246+0530][28.502s][info][gc,heap     ] GC(686) Humongous regions: 0->0
[2026-05-27T11:23:47.246+0530][28.502s][info][gc,metaspace] GC(686) Metaspace: 1745K(2048K)->1745K(2048K) NonClass: 1568K(1728K)->1568K(1728K) Class: 177K(320K)->177K(320K)
[2026-05-27T11:23:47.246+0530][28.502s][info][gc          ] GC(686) Pause Young (Normal) (G1 Evacuation Pause) 316M->13M(512M) 0.696ms
[2026-05-27T11:23:47.246+0530][28.502s][info][gc,cpu      ] GC(686) User=0.00s Sys=0.00s Real=0.00s
[2026-05-27T11:23:47.285+0530][28.541s][info][gc,start    ] GC(687) Pause Young (Normal) (G1 Evacuation Pause)
[2026-05-27T11:23:47.285+0530][28.541s][info][gc,task     ] GC(687) Using 9 workers of 9 for evacuation
[2026-05-27T11:23:47.286+0530][28.542s][info][gc,phases   ] GC(687)   Pre Evacuate Collection Set: 0.10ms
[2026-05-27T11:23:47.286+0530][28.542s][info][gc,phases   ] GC(687)   Merge Heap Roots: 0.05ms
[2026-05-27T11:23:47.286+0530][28.542s][info][gc,phases   ] GC(687)   Evacuate Collection Set: 0.27ms
[2026-05-27T11:23:47.286+0530][28.542s][info][gc,phases   ] GC(687)   Post Evacuate Collection Set: 0.22ms
[2026-05-27T11:23:47.286+0530][28.542s][info][gc,phases   ] GC(687)   Other: 0.09ms
[2026-05-27T11:23:47.286+0530][28.542s][info][gc,heap     ] GC(687) Eden regions: 303->0(303)
[2026-05-27T11:23:47.286+0530][28.542s][info][gc,heap     ] GC(687) Survivor regions: 4->4(39)
[2026-05-27T11:23:47.286+0530][28.542s][info][gc,heap     ] GC(687) Old regions: 10->10
[2026-05-27T11:23:47.286+0530][28.542s][info][gc,heap     ] GC(687) Archive regions: 2->2
[2026-05-27T11:23:47.286+0530][28.542s][info][gc,heap     ] GC(687) Humongous regions: 0->0
[2026-05-27T11:23:47.286+0530][28.542s][info][gc,metaspace] GC(687) Metaspace: 1745K(2048K)->1745K(2048K) NonClass: 1568K(1728K)->1568K(1728K) Class: 177K(320K)->177K(320K)
[2026-05-27T11:23:47.286+0530][28.542s][info][gc          ] GC(687) Pause Young (Normal) (G1 Evacuation Pause) 316M->13M(512M) 0.809ms
[2026-05-27T11:23:47.286+0530][28.542s][info][gc,cpu      ] GC(687) User=0.01s Sys=0.01s Real=0.00s
[2026-05-27T11:23:47.323+0530][28.579s][info][gc,start    ] GC(688) Pause Young (Normal) (G1 Evacuation Pause)
[2026-05-27T11:23:47.323+0530][28.579s][info][gc,task     ] GC(688) Using 9 workers of 9 for evacuation
[2026-05-27T11:23:47.324+0530][28.580s][info][gc,phases   ] GC(688)   Pre Evacuate Collection Set: 0.10ms
[2026-05-27T11:23:47.324+0530][28.580s][info][gc,phases   ] GC(688)   Merge Heap Roots: 0.04ms
[2026-05-27T11:23:47.324+0530][28.580s][info][gc,phases   ] GC(688)   Evacuate Collection Set: 0.24ms
[2026-05-27T11:23:47.324+0530][28.580s][info][gc,phases   ] GC(688)   Post Evacuate Collection Set: 0.21ms
[2026-05-27T11:23:47.324+0530][28.580s][info][gc,phases   ] GC(688)   Other: 0.10ms
[2026-05-27T11:23:47.324+0530][28.580s][info][gc,heap     ] GC(688) Eden regions: 303->0(301)
[2026-05-27T11:23:47.324+0530][28.580s][info][gc,heap     ] GC(688) Survivor regions: 4->6(39)
[2026-05-27T11:23:47.324+0530][28.580s][info][gc,heap     ] GC(688) Old regions: 10->10
[2026-05-27T11:23:47.324+0530][28.580s][info][gc,heap     ] GC(688) Archive regions: 2->2
[2026-05-27T11:23:47.324+0530][28.580s][info][gc,heap     ] GC(688) Humongous regions: 0->0
[2026-05-27T11:23:47.324+0530][28.580s][info][gc,metaspace] GC(688) Metaspace: 1745K(2048K)->1745K(2048K) NonClass: 1568K(1728K)->1568K(1728K) Class: 177K(320K)->177K(320K)
[2026-05-27T11:23:47.324+0530][28.580s][info][gc          ] GC(688) Pause Young (Normal) (G1 Evacuation Pause) 316M->15M(512M) 0.760ms
[2026-05-27T11:23:47.324+0530][28.580s][info][gc,cpu      ] GC(688) User=0.00s Sys=0.00s Real=0.00s
[2026-05-27T11:23:47.361+0530][28.617s][info][gc,start    ] GC(689) Pause Young (Normal) (G1 Evacuation Pause)
[2026-05-27T11:23:47.361+0530][28.617s][info][gc,task     ] GC(689) Using 9 workers of 9 for evacuation
[2026-05-27T11:23:47.362+0530][28.618s][info][gc,phases   ] GC(689)   Pre Evacuate Collection Set: 0.12ms
[2026-05-27T11:23:47.362+0530][28.618s][info][gc,phases   ] GC(689)   Merge Heap Roots: 0.11ms
[2026-05-27T11:23:47.362+0530][28.618s][info][gc,phases   ] GC(689)   Evacuate Collection Set: 0.25ms
[2026-05-27T11:23:47.362+0530][28.618s][info][gc,phases   ] GC(689)   Post Evacuate Collection Set: 0.23ms
[2026-05-27T11:23:47.362+0530][28.618s][info][gc,phases   ] GC(689)   Other: 0.11ms
[2026-05-27T11:23:47.362+0530][28.618s][info][gc,heap     ] GC(689) Eden regions: 301->0(301)
[2026-05-27T11:23:47.362+0530][28.618s][info][gc,heap     ] GC(689) Survivor regions: 6->6(39)
[2026-05-27T11:23:47.362+0530][28.618s][info][gc,heap     ] GC(689) Old regions: 10->10
[2026-05-27T11:23:47.362+0530][28.618s][info][gc,heap     ] GC(689) Archive regions: 2->2
[2026-05-27T11:23:47.362+0530][28.618s][info][gc,heap     ] GC(689) Humongous regions: 0->0
[2026-05-27T11:23:47.362+0530][28.618s][info][gc,metaspace] GC(689) Metaspace: 1745K(2048K)->1745K(2048K) NonClass: 1568K(1728K)->1568K(1728K) Class: 177K(320K)->177K(320K)
[2026-05-27T11:23:47.362+0530][28.618s][info][gc          ] GC(689) Pause Young (Normal) (G1 Evacuation Pause) 316M->15M(512M) 0.878ms
[2026-05-27T11:23:47.362+0530][28.618s][info][gc,cpu      ] GC(689) User=0.00s Sys=0.00s Real=0.00s
[2026-05-27T11:23:47.402+0530][28.658s][info][gc,start    ] GC(690) Pause Young (Normal) (G1 Evacuation Pause)
[2026-05-27T11:23:47.402+0530][28.658s][info][gc,task     ] GC(690) Using 9 workers of 9 for evacuation
[2026-05-27T11:23:47.403+0530][28.659s][info][gc,phases   ] GC(690)   Pre Evacuate Collection Set: 0.10ms
[2026-05-27T11:23:47.403+0530][28.659s][info][gc,phases   ] GC(690)   Merge Heap Roots: 0.04ms
[2026-05-27T11:23:47.403+0530][28.659s][info][gc,phases   ] GC(690)   Evacuate Collection Set: 0.26ms
[2026-05-27T11:23:47.403+0530][28.659s][info][gc,phases   ] GC(690)   Post Evacuate Collection Set: 0.17ms
[2026-05-27T11:23:47.403+0530][28.659s][info][gc,phases   ] GC(690)   Other: 0.10ms
[2026-05-27T11:23:47.403+0530][28.659s][info][gc,heap     ] GC(690) Eden regions: 301->0(302)
[2026-05-27T11:23:47.403+0530][28.659s][info][gc,heap     ] GC(690) Survivor regions: 6->5(39)
[2026-05-27T11:23:47.403+0530][28.659s][info][gc,heap     ] GC(690) Old regions: 10->10
[2026-05-27T11:23:47.403+0530][28.659s][info][gc,heap     ] GC(690) Archive regions: 2->2
[2026-05-27T11:23:47.403+0530][28.659s][info][gc,heap     ] GC(690) Humongous regions: 0->0
[2026-05-27T11:23:47.403+0530][28.659s][info][gc,metaspace] GC(690) Metaspace: 1745K(2048K)->1745K(2048K) NonClass: 1568K(1728K)->1568K(1728K) Class: 177K(320K)->177K(320K)
[2026-05-27T11:23:47.403+0530][28.659s][info][gc          ] GC(690) Pause Young (Normal) (G1 Evacuation Pause) 316M->15M(512M) 0.736ms
[2026-05-27T11:23:47.403+0530][28.659s][info][gc,cpu      ] GC(690) User=0.00s Sys=0.00s Real=0.00s
[2026-05-27T11:23:47.442+0530][28.698s][info][gc,start    ] GC(691) Pause Young (Normal) (G1 Evacuation Pause)
[2026-05-27T11:23:47.442+0530][28.698s][info][gc,task     ] GC(691) Using 9 workers of 9 for evacuation
[2026-05-27T11:23:47.443+0530][28.699s][info][gc,phases   ] GC(691)   Pre Evacuate Collection Set: 0.12ms
[2026-05-27T11:23:47.443+0530][28.699s][info][gc,phases   ] GC(691)   Merge Heap Roots: 0.05ms
[2026-05-27T11:23:47.443+0530][28.699s][info][gc,phases   ] GC(691)   Evacuate Collection Set: 0.26ms
[2026-05-27T11:23:47.443+0530][28.699s][info][gc,phases   ] GC(691)   Post Evacuate Collection Set: 0.18ms
[2026-05-27T11:23:47.443+0530][28.699s][info][gc,phases   ] GC(691)   Other: 0.11ms
[2026-05-27T11:23:47.443+0530][28.699s][info][gc,heap     ] GC(691) Eden regions: 302->0(301)
[2026-05-27T11:23:47.443+0530][28.699s][info][gc,heap     ] GC(691) Survivor regions: 5->6(39)
[2026-05-27T11:23:47.443+0530][28.699s][info][gc,heap     ] GC(691) Old regions: 10->10
[2026-05-27T11:23:47.443+0530][28.699s][info][gc,heap     ] GC(691) Archive regions: 2->2
[2026-05-27T11:23:47.443+0530][28.699s][info][gc,heap     ] GC(691) Humongous regions: 0->0
[2026-05-27T11:23:47.443+0530][28.699s][info][gc,metaspace] GC(691) Metaspace: 1745K(2048K)->1745K(2048K) NonClass: 1568K(1728K)->1568K(1728K) Class: 177K(320K)->177K(320K)
[2026-05-27T11:23:47.443+0530][28.699s][info][gc          ] GC(691) Pause Young (Normal) (G1 Evacuation Pause) 316M->15M(512M) 0.800ms
[2026-05-27T11:23:47.443+0530][28.699s][info][gc,cpu      ] GC(691) User=0.01s Sys=0.00s Real=0.00s
[2026-05-27T11:23:47.480+0530][28.736s][info][gc,start    ] GC(692) Pause Young (Normal) (G1 Evacuation Pause)
[2026-05-27T11:23:47.480+0530][28.736s][info][gc,task     ] GC(692) Using 9 workers of 9 for evacuation
[2026-05-27T11:23:47.481+0530][28.737s][info][gc,phases   ] GC(692)   Pre Evacuate Collection Set: 0.07ms
[2026-05-27T11:23:47.481+0530][28.737s][info][gc,phases   ] GC(692)   Merge Heap Roots: 0.04ms
[2026-05-27T11:23:47.481+0530][28.737s][info][gc,phases   ] GC(692)   Evacuate Collection Set: 0.27ms
[2026-05-27T11:23:47.481+0530][28.737s][info][gc,phases   ] GC(692)   Post Evacuate Collection Set: 0.17ms
[2026-05-27T11:23:47.481+0530][28.737s][info][gc,phases   ] GC(692)   Other: 0.08ms
[2026-05-27T11:23:47.481+0530][28.737s][info][gc,heap     ] GC(692) Eden regions: 301->0(300)
[2026-05-27T11:23:47.481+0530][28.737s][info][gc,heap     ] GC(692) Survivor regions: 6->7(39)
[2026-05-27T11:23:47.481+0530][28.737s][info][gc,heap     ] GC(692) Old regions: 10->10
[2026-05-27T11:23:47.481+0530][28.737s][info][gc,heap     ] GC(692) Archive regions: 2->2
[2026-05-27T11:23:47.481+0530][28.737s][info][gc,heap     ] GC(692) Humongous regions: 0->0
[2026-05-27T11:23:47.481+0530][28.737s][info][gc,metaspace] GC(692) Metaspace: 1745K(2048K)->1745K(2048K) NonClass: 1568K(1728K)->1568K(1728K) Class: 177K(320K)->177K(320K)
[2026-05-27T11:23:47.481+0530][28.737s][info][gc          ] GC(692) Pause Young (Normal) (G1 Evacuation Pause) 316M->16M(512M) 0.709ms
[2026-05-27T11:23:47.481+0530][28.737s][info][gc,cpu      ] GC(692) User=0.00s Sys=0.00s Real=0.00s
[2026-05-27T11:23:47.517+0530][28.773s][info][gc,start    ] GC(693) Pause Young (Normal) (G1 Evacuation Pause)
[2026-05-27T11:23:47.517+0530][28.773s][info][gc,task     ] GC(693) Using 9 workers of 9 for evacuation
[2026-05-27T11:23:47.518+0530][28.774s][info][gc,phases   ] GC(693)   Pre Evacuate Collection Set: 0.09ms
[2026-05-27T11:23:47.518+0530][28.774s][info][gc,phases   ] GC(693)   Merge Heap Roots: 0.11ms
[2026-05-27T11:23:47.518+0530][28.774s][info][gc,phases   ] GC(693)   Evacuate Collection Set: 0.26ms
[2026-05-27T11:23:47.518+0530][28.774s][info][gc,phases   ] GC(693)   Post Evacuate Collection Set: 0.23ms
[2026-05-27T11:23:47.518+0530][28.774s][info][gc,phases   ] GC(693)   Other: 0.12ms
[2026-05-27T11:23:47.518+0530][28.774s][info][gc,heap     ] GC(693) Eden regions: 300->0(302)
[2026-05-27T11:23:47.518+0530][28.774s][info][gc,heap     ] GC(693) Survivor regions: 7->5(39)
[2026-05-27T11:23:47.518+0530][28.774s][info][gc,heap     ] GC(693) Old regions: 10->10
[2026-05-27T11:23:47.518+0530][28.774s][info][gc,heap     ] GC(693) Archive regions: 2->2
[2026-05-27T11:23:47.518+0530][28.774s][info][gc,heap     ] GC(693) Humongous regions: 0->0
[2026-05-27T11:23:47.518+0530][28.774s][info][gc,metaspace] GC(693) Metaspace: 1745K(2048K)->1745K(2048K) NonClass: 1568K(1728K)->1568K(1728K) Class: 177K(320K)->177K(320K)
[2026-05-27T11:23:47.518+0530][28.774s][info][gc          ] GC(693) Pause Young (Normal) (G1 Evacuation Pause) 316M->14M(512M) 0.857ms
[2026-05-27T11:23:47.518+0530][28.774s][info][gc,cpu      ] GC(693) User=0.00s Sys=0.00s Real=0.00s
[2026-05-27T11:23:47.559+0530][28.815s][info][gc,start    ] GC(694) Pause Young (Normal) (G1 Evacuation Pause)
[2026-05-27T11:23:47.559+0530][28.815s][info][gc,task     ] GC(694) Using 9 workers of 9 for evacuation
[2026-05-27T11:23:47.560+0530][28.816s][info][gc,phases   ] GC(694)   Pre Evacuate Collection Set: 0.05ms
[2026-05-27T11:23:47.560+0530][28.816s][info][gc,phases   ] GC(694)   Merge Heap Roots: 0.08ms
[2026-05-27T11:23:47.560+0530][28.816s][info][gc,phases   ] GC(694)   Evacuate Collection Set: 0.28ms
[2026-05-27T11:23:47.560+0530][28.816s][info][gc,phases   ] GC(694)   Post Evacuate Collection Set: 0.22ms
[2026-05-27T11:23:47.560+0530][28.816s][info][gc,phases   ] GC(694)   Other: 0.10ms
[2026-05-27T11:23:47.560+0530][28.816s][info][gc,heap     ] GC(694) Eden regions: 302->0(302)
[2026-05-27T11:23:47.560+0530][28.816s][info][gc,heap     ] GC(694) Survivor regions: 5->5(39)
[2026-05-27T11:23:47.560+0530][28.816s][info][gc,heap     ] GC(694) Old regions: 10->10
[2026-05-27T11:23:47.560+0530][28.816s][info][gc,heap     ] GC(694) Archive regions: 2->2
[2026-05-27T11:23:47.560+0530][28.816s][info][gc,heap     ] GC(694) Humongous regions: 18->0
[2026-05-27T11:23:47.560+0530][28.816s][info][gc,metaspace] GC(694) Metaspace: 1745K(2048K)->1745K(2048K) NonClass: 1568K(1728K)->1568K(1728K) Class: 177K(320K)->177K(320K)
[2026-05-27T11:23:47.560+0530][28.816s][info][gc          ] GC(694) Pause Young (Normal) (G1 Evacuation Pause) 334M->14M(512M) 0.836ms
[2026-05-27T11:23:47.560+0530][28.816s][info][gc,cpu      ] GC(694) User=0.00s Sys=0.00s Real=0.01s
[2026-05-27T11:23:47.598+0530][28.854s][info][gc,start    ] GC(695) Pause Young (Normal) (G1 Evacuation Pause)
[2026-05-27T11:23:47.598+0530][28.854s][info][gc,task     ] GC(695) Using 9 workers of 9 for evacuation
[2026-05-27T11:23:47.598+0530][28.855s][info][gc,phases   ] GC(695)   Pre Evacuate Collection Set: 0.10ms
[2026-05-27T11:23:47.599+0530][28.855s][info][gc,phases   ] GC(695)   Merge Heap Roots: 0.04ms
[2026-05-27T11:23:47.599+0530][28.855s][info][gc,phases   ] GC(695)   Evacuate Collection Set: 0.22ms
[2026-05-27T11:23:47.599+0530][28.855s][info][gc,phases   ] GC(695)   Post Evacuate Collection Set: 0.20ms
[2026-05-27T11:23:47.599+0530][28.855s][info][gc,phases   ] GC(695)   Other: 0.10ms
[2026-05-27T11:23:47.599+0530][28.855s][info][gc,heap     ] GC(695) Eden regions: 302->0(302)
[2026-05-27T11:23:47.599+0530][28.855s][info][gc,heap     ] GC(695) Survivor regions: 5->5(39)
[2026-05-27T11:23:47.599+0530][28.855s][info][gc,heap     ] GC(695) Old regions: 10->10
[2026-05-27T11:23:47.599+0530][28.855s][info][gc,heap     ] GC(695) Archive regions: 2->2
[2026-05-27T11:23:47.599+0530][28.855s][info][gc,heap     ] GC(695) Humongous regions: 0->0
[2026-05-27T11:23:47.599+0530][28.855s][info][gc,metaspace] GC(695) Metaspace: 1745K(2048K)->1745K(2048K) NonClass: 1568K(1728K)->1568K(1728K) Class: 177K(320K)->177K(320K)
[2026-05-27T11:23:47.599+0530][28.855s][info][gc          ] GC(695) Pause Young (Normal) (G1 Evacuation Pause) 316M->14M(512M) 0.721ms
[2026-05-27T11:23:47.599+0530][28.855s][info][gc,cpu      ] GC(695) User=0.01s Sys=0.00s Real=0.00s
[2026-05-27T11:23:47.639+0530][28.895s][info][gc,start    ] GC(696) Pause Young (Normal) (G1 Evacuation Pause)
[2026-05-27T11:23:47.639+0530][28.895s][info][gc,task     ] GC(696) Using 9 workers of 9 for evacuation
[2026-05-27T11:23:47.639+0530][28.896s][info][gc,phases   ] GC(696)   Pre Evacuate Collection Set: 0.08ms
[2026-05-27T11:23:47.639+0530][28.896s][info][gc,phases   ] GC(696)   Merge Heap Roots: 0.03ms
[2026-05-27T11:23:47.639+0530][28.896s][info][gc,phases   ] GC(696)   Evacuate Collection Set: 0.21ms
[2026-05-27T11:23:47.639+0530][28.896s][info][gc,phases   ] GC(696)   Post Evacuate Collection Set: 0.22ms
[2026-05-27T11:23:47.639+0530][28.896s][info][gc,phases   ] GC(696)   Other: 0.09ms
[2026-05-27T11:23:47.639+0530][28.896s][info][gc,heap     ] GC(696) Eden regions: 302->0(302)
[2026-05-27T11:23:47.639+0530][28.896s][info][gc,heap     ] GC(696) Survivor regions: 5->5(39)
[2026-05-27T11:23:47.639+0530][28.896s][info][gc,heap     ] GC(696) Old regions: 10->10
[2026-05-27T11:23:47.639+0530][28.896s][info][gc,heap     ] GC(696) Archive regions: 2->2
[2026-05-27T11:23:47.639+0530][28.896s][info][gc,heap     ] GC(696) Humongous regions: 0->0
[2026-05-27T11:23:47.639+0530][28.896s][info][gc,metaspace] GC(696) Metaspace: 1745K(2048K)->1745K(2048K) NonClass: 1568K(1728K)->1568K(1728K) Class: 177K(320K)->177K(320K)
[2026-05-27T11:23:47.639+0530][28.896s][info][gc          ] GC(696) Pause Young (Normal) (G1 Evacuation Pause) 316M->14M(512M) 0.704ms
[2026-05-27T11:23:47.640+0530][28.896s][info][gc,cpu      ] GC(696) User=0.00s Sys=0.00s Real=0.01s
[2026-05-27T11:23:47.680+0530][28.936s][info][gc,start    ] GC(697) Pause Young (Normal) (G1 Evacuation Pause)
[2026-05-27T11:23:47.680+0530][28.936s][info][gc,task     ] GC(697) Using 9 workers of 9 for evacuation
[2026-05-27T11:23:47.680+0530][28.937s][info][gc,phases   ] GC(697)   Pre Evacuate Collection Set: 0.07ms
[2026-05-27T11:23:47.680+0530][28.937s][info][gc,phases   ] GC(697)   Merge Heap Roots: 0.04ms
[2026-05-27T11:23:47.680+0530][28.937s][info][gc,phases   ] GC(697)   Evacuate Collection Set: 0.28ms
[2026-05-27T11:23:47.680+0530][28.937s][info][gc,phases   ] GC(697)   Post Evacuate Collection Set: 0.18ms
[2026-05-27T11:23:47.680+0530][28.937s][info][gc,phases   ] GC(697)   Other: 0.10ms
[2026-05-27T11:23:47.680+0530][28.937s][info][gc,heap     ] GC(697) Eden regions: 302->0(302)
[2026-05-27T11:23:47.680+0530][28.937s][info][gc,heap     ] GC(697) Survivor regions: 5->5(39)
[2026-05-27T11:23:47.680+0530][28.937s][info][gc,heap     ] GC(697) Old regions: 10->10
[2026-05-27T11:23:47.680+0530][28.937s][info][gc,heap     ] GC(697) Archive regions: 2->2
[2026-05-27T11:23:47.680+0530][28.937s][info][gc,heap     ] GC(697) Humongous regions: 0->0
[2026-05-27T11:23:47.680+0530][28.937s][info][gc,metaspace] GC(697) Metaspace: 1745K(2048K)->1745K(2048K) NonClass: 1568K(1728K)->1568K(1728K) Class: 177K(320K)->177K(320K)
[2026-05-27T11:23:47.680+0530][28.937s][info][gc          ] GC(697) Pause Young (Normal) (G1 Evacuation Pause) 316M->14M(512M) 0.729ms
[2026-05-27T11:23:47.680+0530][28.937s][info][gc,cpu      ] GC(697) User=0.00s Sys=0.00s Real=0.00s
[2026-05-27T11:23:47.719+0530][28.975s][info][gc,start    ] GC(698) Pause Young (Normal) (G1 Evacuation Pause)
[2026-05-27T11:23:47.719+0530][28.975s][info][gc,task     ] GC(698) Using 9 workers of 9 for evacuation
[2026-05-27T11:23:47.720+0530][28.976s][info][gc,phases   ] GC(698)   Pre Evacuate Collection Set: 0.10ms
[2026-05-27T11:23:47.720+0530][28.976s][info][gc,phases   ] GC(698)   Merge Heap Roots: 0.05ms
[2026-05-27T11:23:47.720+0530][28.976s][info][gc,phases   ] GC(698)   Evacuate Collection Set: 0.28ms
[2026-05-27T11:23:47.720+0530][28.976s][info][gc,phases   ] GC(698)   Post Evacuate Collection Set: 0.17ms
[2026-05-27T11:23:47.720+0530][28.976s][info][gc,phases   ] GC(698)   Other: 0.10ms
[2026-05-27T11:23:47.720+0530][28.976s][info][gc,heap     ] GC(698) Eden regions: 302->0(302)
[2026-05-27T11:23:47.720+0530][28.976s][info][gc,heap     ] GC(698) Survivor regions: 5->5(39)
[2026-05-27T11:23:47.720+0530][28.976s][info][gc,heap     ] GC(698) Old regions: 10->10
[2026-05-27T11:23:47.720+0530][28.976s][info][gc,heap     ] GC(698) Archive regions: 2->2
[2026-05-27T11:23:47.720+0530][28.976s][info][gc,heap     ] GC(698) Humongous regions: 18->0
[2026-05-27T11:23:47.720+0530][28.976s][info][gc,metaspace] GC(698) Metaspace: 1745K(2048K)->1745K(2048K) NonClass: 1568K(1728K)->1568K(1728K) Class: 177K(320K)->177K(320K)
[2026-05-27T11:23:47.720+0530][28.976s][info][gc          ] GC(698) Pause Young (Normal) (G1 Evacuation Pause) 334M->14M(512M) 0.764ms
[2026-05-27T11:23:47.720+0530][28.976s][info][gc,cpu      ] GC(698) User=0.00s Sys=0.00s Real=0.01s
[2026-05-27T11:23:47.759+0530][29.015s][info][gc,start    ] GC(699) Pause Young (Normal) (G1 Evacuation Pause)
[2026-05-27T11:23:47.759+0530][29.015s][info][gc,task     ] GC(699) Using 9 workers of 9 for evacuation
[2026-05-27T11:23:47.760+0530][29.016s][info][gc,phases   ] GC(699)   Pre Evacuate Collection Set: 0.12ms
[2026-05-27T11:23:47.760+0530][29.016s][info][gc,phases   ] GC(699)   Merge Heap Roots: 0.05ms
[2026-05-27T11:23:47.760+0530][29.016s][info][gc,phases   ] GC(699)   Evacuate Collection Set: 0.23ms
[2026-05-27T11:23:47.760+0530][29.016s][info][gc,phases   ] GC(699)   Post Evacuate Collection Set: 0.16ms
[2026-05-27T11:23:47.760+0530][29.016s][info][gc,phases   ] GC(699)   Other: 0.10ms
[2026-05-27T11:23:47.760+0530][29.016s][info][gc,heap     ] GC(699) Eden regions: 302->0(303)
[2026-05-27T11:23:47.760+0530][29.016s][info][gc,heap     ] GC(699) Survivor regions: 5->4(39)
[2026-05-27T11:23:47.760+0530][29.016s][info][gc,heap     ] GC(699) Old regions: 10->10
[2026-05-27T11:23:47.760+0530][29.016s][info][gc,heap     ] GC(699) Archive regions: 2->2
[2026-05-27T11:23:47.760+0530][29.016s][info][gc,heap     ] GC(699) Humongous regions: 0->0
[2026-05-27T11:23:47.760+0530][29.016s][info][gc,metaspace] GC(699) Metaspace: 1745K(2048K)->1745K(2048K) NonClass: 1568K(1728K)->1568K(1728K) Class: 177K(320K)->177K(320K)
[2026-05-27T11:23:47.760+0530][29.016s][info][gc          ] GC(699) Pause Young (Normal) (G1 Evacuation Pause) 316M->13M(512M) 0.727ms
[2026-05-27T11:23:47.760+0530][29.016s][info][gc,cpu      ] GC(699) User=0.00s Sys=0.00s Real=0.01s
[2026-05-27T11:23:47.799+0530][29.055s][info][gc,start    ] GC(700) Pause Young (Normal) (G1 Evacuation Pause)
[2026-05-27T11:23:47.799+0530][29.055s][info][gc,task     ] GC(700) Using 9 workers of 9 for evacuation
[2026-05-27T11:23:47.800+0530][29.056s][info][gc,phases   ] GC(700)   Pre Evacuate Collection Set: 0.08ms
[2026-05-27T11:23:47.800+0530][29.056s][info][gc,phases   ] GC(700)   Merge Heap Roots: 0.08ms
[2026-05-27T11:23:47.800+0530][29.056s][info][gc,phases   ] GC(700)   Evacuate Collection Set: 0.27ms
[2026-05-27T11:23:47.800+0530][29.056s][info][gc,phases   ] GC(700)   Post Evacuate Collection Set: 0.18ms
[2026-05-27T11:23:47.800+0530][29.056s][info][gc,phases   ] GC(700)   Other: 0.10ms
[2026-05-27T11:23:47.800+0530][29.056s][info][gc,heap     ] GC(700) Eden regions: 303->0(301)
[2026-05-27T11:23:47.800+0530][29.056s][info][gc,heap     ] GC(700) Survivor regions: 4->6(39)
[2026-05-27T11:23:47.800+0530][29.056s][info][gc,heap     ] GC(700) Old regions: 10->10
[2026-05-27T11:23:47.800+0530][29.056s][info][gc,heap     ] GC(700) Archive regions: 2->2
[2026-05-27T11:23:47.800+0530][29.056s][info][gc,heap     ] GC(700) Humongous regions: 0->0
[2026-05-27T11:23:47.800+0530][29.056s][info][gc,metaspace] GC(700) Metaspace: 1745K(2048K)->1745K(2048K) NonClass: 1568K(1728K)->1568K(1728K) Class: 177K(320K)->177K(320K)
[2026-05-27T11:23:47.800+0530][29.056s][info][gc          ] GC(700) Pause Young (Normal) (G1 Evacuation Pause) 316M->15M(512M) 0.765ms
[2026-05-27T11:23:47.800+0530][29.056s][info][gc,cpu      ] GC(700) User=0.00s Sys=0.00s Real=0.01s
[2026-05-27T11:23:47.840+0530][29.096s][info][gc,start    ] GC(701) Pause Young (Normal) (G1 Evacuation Pause)
[2026-05-27T11:23:47.840+0530][29.096s][info][gc,task     ] GC(701) Using 9 workers of 9 for evacuation
[2026-05-27T11:23:47.840+0530][29.097s][info][gc,phases   ] GC(701)   Pre Evacuate Collection Set: 0.11ms
[2026-05-27T11:23:47.840+0530][29.097s][info][gc,phases   ] GC(701)   Merge Heap Roots: 0.05ms
[2026-05-27T11:23:47.840+0530][29.097s][info][gc,phases   ] GC(701)   Evacuate Collection Set: 0.36ms
[2026-05-27T11:23:47.841+0530][29.097s][info][gc,phases   ] GC(701)   Post Evacuate Collection Set: 0.19ms
[2026-05-27T11:23:47.841+0530][29.097s][info][gc,phases   ] GC(701)   Other: 0.09ms
[2026-05-27T11:23:47.841+0530][29.097s][info][gc,heap     ] GC(701) Eden regions: 301->0(301)
[2026-05-27T11:23:47.841+0530][29.097s][info][gc,heap     ] GC(701) Survivor regions: 6->6(39)
[2026-05-27T11:23:47.841+0530][29.097s][info][gc,heap     ] GC(701) Old regions: 10->10
[2026-05-27T11:23:47.841+0530][29.097s][info][gc,heap     ] GC(701) Archive regions: 2->2
[2026-05-27T11:23:47.841+0530][29.097s][info][gc,heap     ] GC(701) Humongous regions: 0->0
[2026-05-27T11:23:47.841+0530][29.097s][info][gc,metaspace] GC(701) Metaspace: 1745K(2048K)->1745K(2048K) NonClass: 1568K(1728K)->1568K(1728K) Class: 177K(320K)->177K(320K)
[2026-05-27T11:23:47.841+0530][29.097s][info][gc          ] GC(701) Pause Young (Normal) (G1 Evacuation Pause) 316M->15M(512M) 0.858ms
[2026-05-27T11:23:47.841+0530][29.097s][info][gc,cpu      ] GC(701) User=0.01s Sys=0.00s Real=0.00s
[2026-05-27T11:23:47.883+0530][29.139s][info][gc,start    ] GC(702) Pause Young (Normal) (G1 Evacuation Pause)
[2026-05-27T11:23:47.883+0530][29.139s][info][gc,task     ] GC(702) Using 9 workers of 9 for evacuation
[2026-05-27T11:23:47.884+0530][29.140s][info][gc,phases   ] GC(702)   Pre Evacuate Collection Set: 0.10ms
[2026-05-27T11:23:47.884+0530][29.140s][info][gc,phases   ] GC(702)   Merge Heap Roots: 0.03ms
[2026-05-27T11:23:47.884+0530][29.140s][info][gc,phases   ] GC(702)   Evacuate Collection Set: 0.24ms
[2026-05-27T11:23:47.884+0530][29.140s][info][gc,phases   ] GC(702)   Post Evacuate Collection Set: 0.17ms
[2026-05-27T11:23:47.884+0530][29.140s][info][gc,phases   ] GC(702)   Other: 0.11ms
[2026-05-27T11:23:47.884+0530][29.140s][info][gc,heap     ] GC(702) Eden regions: 301->0(301)
[2026-05-27T11:23:47.884+0530][29.140s][info][gc,heap     ] GC(702) Survivor regions: 6->6(39)
[2026-05-27T11:23:47.884+0530][29.140s][info][gc,heap     ] GC(702) Old regions: 10->10
[2026-05-27T11:23:47.884+0530][29.140s][info][gc,heap     ] GC(702) Archive regions: 2->2
[2026-05-27T11:23:47.884+0530][29.140s][info][gc,heap     ] GC(702) Humongous regions: 0->0
[2026-05-27T11:23:47.884+0530][29.140s][info][gc,metaspace] GC(702) Metaspace: 1745K(2048K)->1745K(2048K) NonClass: 1568K(1728K)->1568K(1728K) Class: 177K(320K)->177K(320K)
[2026-05-27T11:23:47.884+0530][29.140s][info][gc          ] GC(702) Pause Young (Normal) (G1 Evacuation Pause) 316M->15M(512M) 0.714ms
[2026-05-27T11:23:47.884+0530][29.140s][info][gc,cpu      ] GC(702) User=0.01s Sys=0.00s Real=0.00s
[2026-05-27T11:23:47.924+0530][29.180s][info][gc,start    ] GC(703) Pause Young (Normal) (G1 Evacuation Pause)
[2026-05-27T11:23:47.924+0530][29.180s][info][gc,task     ] GC(703) Using 9 workers of 9 for evacuation
[2026-05-27T11:23:47.925+0530][29.181s][info][gc,phases   ] GC(703)   Pre Evacuate Collection Set: 0.05ms
[2026-05-27T11:23:47.925+0530][29.181s][info][gc,phases   ] GC(703)   Merge Heap Roots: 0.04ms
[2026-05-27T11:23:47.925+0530][29.181s][info][gc,phases   ] GC(703)   Evacuate Collection Set: 0.28ms
[2026-05-27T11:23:47.925+0530][29.181s][info][gc,phases   ] GC(703)   Post Evacuate Collection Set: 0.15ms
[2026-05-27T11:23:47.925+0530][29.181s][info][gc,phases   ] GC(703)   Other: 0.10ms
[2026-05-27T11:23:47.925+0530][29.181s][info][gc,heap     ] GC(703) Eden regions: 301->0(300)
[2026-05-27T11:23:47.925+0530][29.181s][info][gc,heap     ] GC(703) Survivor regions: 6->7(39)
[2026-05-27T11:23:47.925+0530][29.181s][info][gc,heap     ] GC(703) Old regions: 10->10
[2026-05-27T11:23:47.925+0530][29.181s][info][gc,heap     ] GC(703) Archive regions: 2->2
[2026-05-27T11:23:47.925+0530][29.181s][info][gc,heap     ] GC(703) Humongous regions: 0->0
[2026-05-27T11:23:47.925+0530][29.181s][info][gc,metaspace] GC(703) Metaspace: 1745K(2048K)->1745K(2048K) NonClass: 1568K(1728K)->1568K(1728K) Class: 177K(320K)->177K(320K)
[2026-05-27T11:23:47.925+0530][29.181s][info][gc          ] GC(703) Pause Young (Normal) (G1 Evacuation Pause) 316M->16M(512M) 0.709ms
[2026-05-27T11:23:47.925+0530][29.181s][info][gc,cpu      ] GC(703) User=0.00s Sys=0.00s Real=0.00s
[2026-05-27T11:23:47.967+0530][29.223s][info][gc,start    ] GC(704) Pause Young (Normal) (G1 Evacuation Pause)
[2026-05-27T11:23:47.967+0530][29.223s][info][gc,task     ] GC(704) Using 9 workers of 9 for evacuation
[2026-05-27T11:23:47.968+0530][29.224s][info][gc,phases   ] GC(704)   Pre Evacuate Collection Set: 0.05ms
[2026-05-27T11:23:47.968+0530][29.224s][info][gc,phases   ] GC(704)   Merge Heap Roots: 0.06ms
[2026-05-27T11:23:47.968+0530][29.224s][info][gc,phases   ] GC(704)   Evacuate Collection Set: 0.36ms
[2026-05-27T11:23:47.968+0530][29.224s][info][gc,phases   ] GC(704)   Post Evacuate Collection Set: 0.20ms
[2026-05-27T11:23:47.968+0530][29.224s][info][gc,phases   ] GC(704)   Other: 0.11ms
[2026-05-27T11:23:47.968+0530][29.224s][info][gc,heap     ] GC(704) Eden regions: 300->0(301)
[2026-05-27T11:23:47.968+0530][29.224s][info][gc,heap     ] GC(704) Survivor regions: 7->6(39)
[2026-05-27T11:23:47.968+0530][29.224s][info][gc,heap     ] GC(704) Old regions: 10->10
[2026-05-27T11:23:47.968+0530][29.224s][info][gc,heap     ] GC(704) Archive regions: 2->2
[2026-05-27T11:23:47.968+0530][29.224s][info][gc,heap     ] GC(704) Humongous regions: 0->0
[2026-05-27T11:23:47.968+0530][29.224s][info][gc,metaspace] GC(704) Metaspace: 1745K(2048K)->1745K(2048K) NonClass: 1568K(1728K)->1568K(1728K) Class: 177K(320K)->177K(320K)
[2026-05-27T11:23:47.968+0530][29.224s][info][gc          ] GC(704) Pause Young (Normal) (G1 Evacuation Pause) 316M->16M(512M) 0.851ms
[2026-05-27T11:23:47.968+0530][29.224s][info][gc,cpu      ] GC(704) User=0.00s Sys=0.00s Real=0.00s
[2026-05-27T11:23:48.008+0530][29.264s][info][gc,start    ] GC(705) Pause Young (Normal) (G1 Evacuation Pause)
[2026-05-27T11:23:48.008+0530][29.264s][info][gc,task     ] GC(705) Using 9 workers of 9 for evacuation
[2026-05-27T11:23:48.009+0530][29.265s][info][gc,phases   ] GC(705)   Pre Evacuate Collection Set: 0.06ms
[2026-05-27T11:23:48.009+0530][29.265s][info][gc,phases   ] GC(705)   Merge Heap Roots: 0.10ms
[2026-05-27T11:23:48.009+0530][29.265s][info][gc,phases   ] GC(705)   Evacuate Collection Set: 0.33ms
[2026-05-27T11:23:48.009+0530][29.265s][info][gc,phases   ] GC(705)   Post Evacuate Collection Set: 0.22ms
[2026-05-27T11:23:48.009+0530][29.265s][info][gc,phases   ] GC(705)   Other: 0.11ms
[2026-05-27T11:23:48.009+0530][29.265s][info][gc,heap     ] GC(705) Eden regions: 301->0(301)
[2026-05-27T11:23:48.009+0530][29.265s][info][gc,heap     ] GC(705) Survivor regions: 6->6(39)
[2026-05-27T11:23:48.009+0530][29.265s][info][gc,heap     ] GC(705) Old regions: 10->10
[2026-05-27T11:23:48.009+0530][29.265s][info][gc,heap     ] GC(705) Archive regions: 2->2
[2026-05-27T11:23:48.009+0530][29.265s][info][gc,heap     ] GC(705) Humongous regions: 0->0
[2026-05-27T11:23:48.009+0530][29.265s][info][gc,metaspace] GC(705) Metaspace: 1745K(2048K)->1745K(2048K) NonClass: 1568K(1728K)->1568K(1728K) Class: 177K(320K)->177K(320K)
[2026-05-27T11:23:48.009+0530][29.265s][info][gc          ] GC(705) Pause Young (Normal) (G1 Evacuation Pause) 316M->15M(512M) 0.970ms
[2026-05-27T11:23:48.009+0530][29.265s][info][gc,cpu      ] GC(705) User=0.00s Sys=0.00s Real=0.00s
[2026-05-27T11:23:48.050+0530][29.306s][info][gc,start    ] GC(706) Pause Young (Normal) (G1 Evacuation Pause)
[2026-05-27T11:23:48.050+0530][29.306s][info][gc,task     ] GC(706) Using 9 workers of 9 for evacuation
[2026-05-27T11:23:48.051+0530][29.307s][info][gc,phases   ] GC(706)   Pre Evacuate Collection Set: 0.08ms
[2026-05-27T11:23:48.051+0530][29.307s][info][gc,phases   ] GC(706)   Merge Heap Roots: 0.06ms
[2026-05-27T11:23:48.051+0530][29.307s][info][gc,phases   ] GC(706)   Evacuate Collection Set: 0.45ms
[2026-05-27T11:23:48.051+0530][29.307s][info][gc,phases   ] GC(706)   Post Evacuate Collection Set: 0.22ms
[2026-05-27T11:23:48.051+0530][29.307s][info][gc,phases   ] GC(706)   Other: 0.11ms
[2026-05-27T11:23:48.051+0530][29.307s][info][gc,heap     ] GC(706) Eden regions: 301->0(301)
[2026-05-27T11:23:48.051+0530][29.307s][info][gc,heap     ] GC(706) Survivor regions: 6->6(39)
[2026-05-27T11:23:48.051+0530][29.307s][info][gc,heap     ] GC(706) Old regions: 10->10
[2026-05-27T11:23:48.051+0530][29.307s][info][gc,heap     ] GC(706) Archive regions: 2->2
[2026-05-27T11:23:48.051+0530][29.307s][info][gc,heap     ] GC(706) Humongous regions: 0->0
[2026-05-27T11:23:48.051+0530][29.307s][info][gc,metaspace] GC(706) Metaspace: 1745K(2048K)->1745K(2048K) NonClass: 1568K(1728K)->1568K(1728K) Class: 177K(320K)->177K(320K)
[2026-05-27T11:23:48.051+0530][29.307s][info][gc          ] GC(706) Pause Young (Normal) (G1 Evacuation Pause) 316M->15M(512M) 0.998ms
[2026-05-27T11:23:48.051+0530][29.307s][info][gc,cpu      ] GC(706) User=0.00s Sys=0.00s Real=0.00s
[2026-05-27T11:23:48.091+0530][29.347s][info][gc,start    ] GC(707) Pause Young (Normal) (G1 Evacuation Pause)
[2026-05-27T11:23:48.091+0530][29.347s][info][gc,task     ] GC(707) Using 9 workers of 9 for evacuation
[2026-05-27T11:23:48.092+0530][29.348s][info][gc,phases   ] GC(707)   Pre Evacuate Collection Set: 0.10ms
[2026-05-27T11:23:48.092+0530][29.348s][info][gc,phases   ] GC(707)   Merge Heap Roots: 0.10ms
[2026-05-27T11:23:48.092+0530][29.348s][info][gc,phases   ] GC(707)   Evacuate Collection Set: 0.24ms
[2026-05-27T11:23:48.092+0530][29.348s][info][gc,phases   ] GC(707)   Post Evacuate Collection Set: 0.18ms
[2026-05-27T11:23:48.092+0530][29.348s][info][gc,phases   ] GC(707)   Other: 0.09ms
[2026-05-27T11:23:48.092+0530][29.348s][info][gc,heap     ] GC(707) Eden regions: 301->0(306)
[2026-05-27T11:23:48.092+0530][29.348s][info][gc,heap     ] GC(707) Survivor regions: 6->1(39)
[2026-05-27T11:23:48.092+0530][29.348s][info][gc,heap     ] GC(707) Old regions: 10->10
[2026-05-27T11:23:48.092+0530][29.348s][info][gc,heap     ] GC(707) Archive regions: 2->2
[2026-05-27T11:23:48.092+0530][29.348s][info][gc,heap     ] GC(707) Humongous regions: 0->0
[2026-05-27T11:23:48.092+0530][29.348s][info][gc,metaspace] GC(707) Metaspace: 1745K(2048K)->1745K(2048K) NonClass: 1568K(1728K)->1568K(1728K) Class: 177K(320K)->177K(320K)
[2026-05-27T11:23:48.092+0530][29.348s][info][gc          ] GC(707) Pause Young (Normal) (G1 Evacuation Pause) 316M->10M(512M) 0.780ms
[2026-05-27T11:23:48.092+0530][29.348s][info][gc,cpu      ] GC(707) User=0.01s Sys=0.01s Real=0.00s
[2026-05-27T11:23:48.137+0530][29.393s][info][gc,start    ] GC(708) Pause Young (Normal) (G1 Evacuation Pause)
[2026-05-27T11:23:48.137+0530][29.393s][info][gc,task     ] GC(708) Using 9 workers of 9 for evacuation
[2026-05-27T11:23:48.138+0530][29.394s][info][gc,phases   ] GC(708)   Pre Evacuate Collection Set: 0.11ms
[2026-05-27T11:23:48.138+0530][29.394s][info][gc,phases   ] GC(708)   Merge Heap Roots: 0.07ms
[2026-05-27T11:23:48.138+0530][29.394s][info][gc,phases   ] GC(708)   Evacuate Collection Set: 0.26ms
[2026-05-27T11:23:48.138+0530][29.394s][info][gc,phases   ] GC(708)   Post Evacuate Collection Set: 0.19ms
[2026-05-27T11:23:48.138+0530][29.394s][info][gc,phases   ] GC(708)   Other: 0.14ms
[2026-05-27T11:23:48.138+0530][29.394s][info][gc,heap     ] GC(708) Eden regions: 306->0(301)
[2026-05-27T11:23:48.138+0530][29.394s][info][gc,heap     ] GC(708) Survivor regions: 1->6(39)
[2026-05-27T11:23:48.138+0530][29.394s][info][gc,heap     ] GC(708) Old regions: 10->10
[2026-05-27T11:23:48.138+0530][29.394s][info][gc,heap     ] GC(708) Archive regions: 2->2
[2026-05-27T11:23:48.138+0530][29.394s][info][gc,heap     ] GC(708) Humongous regions: 0->0
[2026-05-27T11:23:48.138+0530][29.394s][info][gc,metaspace] GC(708) Metaspace: 1745K(2048K)->1745K(2048K) NonClass: 1568K(1728K)->1568K(1728K) Class: 177K(320K)->177K(320K)
[2026-05-27T11:23:48.138+0530][29.394s][info][gc          ] GC(708) Pause Young (Normal) (G1 Evacuation Pause) 316M->15M(512M) 0.844ms
[2026-05-27T11:23:48.138+0530][29.394s][info][gc,cpu      ] GC(708) User=0.00s Sys=0.00s Real=0.00s
[2026-05-27T11:23:48.180+0530][29.436s][info][gc,start    ] GC(709) Pause Young (Normal) (G1 Evacuation Pause)
[2026-05-27T11:23:48.180+0530][29.436s][info][gc,task     ] GC(709) Using 9 workers of 9 for evacuation
[2026-05-27T11:23:48.180+0530][29.436s][info][gc,phases   ] GC(709)   Pre Evacuate Collection Set: 0.08ms
[2026-05-27T11:23:48.180+0530][29.436s][info][gc,phases   ] GC(709)   Merge Heap Roots: 0.05ms
[2026-05-27T11:23:48.180+0530][29.436s][info][gc,phases   ] GC(709)   Evacuate Collection Set: 0.25ms
[2026-05-27T11:23:48.180+0530][29.436s][info][gc,phases   ] GC(709)   Post Evacuate Collection Set: 0.18ms
[2026-05-27T11:23:48.180+0530][29.436s][info][gc,phases   ] GC(709)   Other: 0.11ms
[2026-05-27T11:23:48.180+0530][29.436s][info][gc,heap     ] GC(709) Eden regions: 301->0(301)
[2026-05-27T11:23:48.180+0530][29.437s][info][gc,heap     ] GC(709) Survivor regions: 6->6(39)
[2026-05-27T11:23:48.180+0530][29.437s][info][gc,heap     ] GC(709) Old regions: 10->10
[2026-05-27T11:23:48.180+0530][29.437s][info][gc,heap     ] GC(709) Archive regions: 2->2
[2026-05-27T11:23:48.180+0530][29.437s][info][gc,heap     ] GC(709) Humongous regions: 9->0
[2026-05-27T11:23:48.180+0530][29.437s][info][gc,metaspace] GC(709) Metaspace: 1745K(2048K)->1745K(2048K) NonClass: 1568K(1728K)->1568K(1728K) Class: 177K(320K)->177K(320K)
[2026-05-27T11:23:48.180+0530][29.437s][info][gc          ] GC(709) Pause Young (Normal) (G1 Evacuation Pause) 325M->15M(512M) 0.727ms
[2026-05-27T11:23:48.180+0530][29.437s][info][gc,cpu      ] GC(709) User=0.00s Sys=0.00s Real=0.00s
[2026-05-27T11:23:48.223+0530][29.480s][info][gc,start    ] GC(710) Pause Young (Normal) (G1 Evacuation Pause)
[2026-05-27T11:23:48.223+0530][29.480s][info][gc,task     ] GC(710) Using 9 workers of 9 for evacuation
[2026-05-27T11:23:48.224+0530][29.480s][info][gc,phases   ] GC(710)   Pre Evacuate Collection Set: 0.08ms
[2026-05-27T11:23:48.224+0530][29.480s][info][gc,phases   ] GC(710)   Merge Heap Roots: 0.04ms
[2026-05-27T11:23:48.224+0530][29.480s][info][gc,phases   ] GC(710)   Evacuate Collection Set: 0.27ms
[2026-05-27T11:23:48.224+0530][29.480s][info][gc,phases   ] GC(710)   Post Evacuate Collection Set: 0.24ms
[2026-05-27T11:23:48.224+0530][29.480s][info][gc,phases   ] GC(710)   Other: 0.11ms
[2026-05-27T11:23:48.224+0530][29.480s][info][gc,heap     ] GC(710) Eden regions: 301->0(301)
[2026-05-27T11:23:48.224+0530][29.480s][info][gc,heap     ] GC(710) Survivor regions: 6->6(39)
[2026-05-27T11:23:48.224+0530][29.480s][info][gc,heap     ] GC(710) Old regions: 10->10
[2026-05-27T11:23:48.224+0530][29.480s][info][gc,heap     ] GC(710) Archive regions: 2->2
[2026-05-27T11:23:48.224+0530][29.480s][info][gc,heap     ] GC(710) Humongous regions: 9->0
[2026-05-27T11:23:48.224+0530][29.480s][info][gc,metaspace] GC(710) Metaspace: 1745K(2048K)->1745K(2048K) NonClass: 1568K(1728K)->1568K(1728K) Class: 177K(320K)->177K(320K)
[2026-05-27T11:23:48.224+0530][29.480s][info][gc          ] GC(710) Pause Young (Normal) (G1 Evacuation Pause) 325M->15M(512M) 0.806ms
[2026-05-27T11:23:48.224+0530][29.480s][info][gc,cpu      ] GC(710) User=0.00s Sys=0.00s Real=0.00s
[2026-05-27T11:23:48.266+0530][29.522s][info][gc,start    ] GC(711) Pause Young (Normal) (G1 Evacuation Pause)
[2026-05-27T11:23:48.266+0530][29.522s][info][gc,task     ] GC(711) Using 9 workers of 9 for evacuation
[2026-05-27T11:23:48.267+0530][29.523s][info][gc,phases   ] GC(711)   Pre Evacuate Collection Set: 0.05ms
[2026-05-27T11:23:48.267+0530][29.523s][info][gc,phases   ] GC(711)   Merge Heap Roots: 0.03ms
[2026-05-27T11:23:48.267+0530][29.523s][info][gc,phases   ] GC(711)   Evacuate Collection Set: 0.35ms
[2026-05-27T11:23:48.267+0530][29.523s][info][gc,phases   ] GC(711)   Post Evacuate Collection Set: 0.22ms
[2026-05-27T11:23:48.267+0530][29.523s][info][gc,phases   ] GC(711)   Other: 0.12ms
[2026-05-27T11:23:48.267+0530][29.523s][info][gc,heap     ] GC(711) Eden regions: 301->0(304)
[2026-05-27T11:23:48.267+0530][29.523s][info][gc,heap     ] GC(711) Survivor regions: 6->3(39)
[2026-05-27T11:23:48.267+0530][29.523s][info][gc,heap     ] GC(711) Old regions: 10->10
[2026-05-27T11:23:48.267+0530][29.523s][info][gc,heap     ] GC(711) Archive regions: 2->2
[2026-05-27T11:23:48.267+0530][29.523s][info][gc,heap     ] GC(711) Humongous regions: 0->0
[2026-05-27T11:23:48.267+0530][29.523s][info][gc,metaspace] GC(711) Metaspace: 1745K(2048K)->1745K(2048K) NonClass: 1568K(1728K)->1568K(1728K) Class: 177K(320K)->177K(320K)
[2026-05-27T11:23:48.267+0530][29.523s][info][gc          ] GC(711) Pause Young (Normal) (G1 Evacuation Pause) 316M->12M(512M) 0.920ms
[2026-05-27T11:23:48.267+0530][29.523s][info][gc,cpu      ] GC(711) User=0.00s Sys=0.00s Real=0.00s
[2026-05-27T11:23:48.306+0530][29.562s][info][gc,start    ] GC(712) Pause Young (Normal) (G1 Evacuation Pause)
[2026-05-27T11:23:48.306+0530][29.562s][info][gc,task     ] GC(712) Using 9 workers of 9 for evacuation
[2026-05-27T11:23:48.306+0530][29.563s][info][gc,phases   ] GC(712)   Pre Evacuate Collection Set: 0.10ms
[2026-05-27T11:23:48.306+0530][29.563s][info][gc,phases   ] GC(712)   Merge Heap Roots: 0.09ms
[2026-05-27T11:23:48.306+0530][29.563s][info][gc,phases   ] GC(712)   Evacuate Collection Set: 0.23ms
[2026-05-27T11:23:48.306+0530][29.563s][info][gc,phases   ] GC(712)   Post Evacuate Collection Set: 0.17ms
[2026-05-27T11:23:48.306+0530][29.563s][info][gc,phases   ] GC(712)   Other: 0.10ms
[2026-05-27T11:23:48.306+0530][29.563s][info][gc,heap     ] GC(712) Eden regions: 304->0(300)
[2026-05-27T11:23:48.306+0530][29.563s][info][gc,heap     ] GC(712) Survivor regions: 3->7(39)
[2026-05-27T11:23:48.306+0530][29.563s][info][gc,heap     ] GC(712) Old regions: 10->10
[2026-05-27T11:23:48.306+0530][29.563s][info][gc,heap     ] GC(712) Archive regions: 2->2
[2026-05-27T11:23:48.306+0530][29.563s][info][gc,heap     ] GC(712) Humongous regions: 0->0
[2026-05-27T11:23:48.306+0530][29.563s][info][gc,metaspace] GC(712) Metaspace: 1745K(2048K)->1745K(2048K) NonClass: 1568K(1728K)->1568K(1728K) Class: 177K(320K)->177K(320K)
[2026-05-27T11:23:48.306+0530][29.563s][info][gc          ] GC(712) Pause Young (Normal) (G1 Evacuation Pause) 316M->16M(512M) 0.742ms
[2026-05-27T11:23:48.306+0530][29.563s][info][gc,cpu      ] GC(712) User=0.01s Sys=0.00s Real=0.00s
[2026-05-27T11:23:48.347+0530][29.604s][info][gc,start    ] GC(713) Pause Young (Normal) (G1 Evacuation Pause)
[2026-05-27T11:23:48.348+0530][29.604s][info][gc,task     ] GC(713) Using 9 workers of 9 for evacuation
[2026-05-27T11:23:48.348+0530][29.604s][info][gc,phases   ] GC(713)   Pre Evacuate Collection Set: 0.06ms
[2026-05-27T11:23:48.348+0530][29.604s][info][gc,phases   ] GC(713)   Merge Heap Roots: 0.04ms
[2026-05-27T11:23:48.348+0530][29.604s][info][gc,phases   ] GC(713)   Evacuate Collection Set: 0.41ms
[2026-05-27T11:23:48.348+0530][29.604s][info][gc,phases   ] GC(713)   Post Evacuate Collection Set: 0.20ms
[2026-05-27T11:23:48.348+0530][29.604s][info][gc,phases   ] GC(713)   Other: 0.11ms
[2026-05-27T11:23:48.348+0530][29.604s][info][gc,heap     ] GC(713) Eden regions: 300->0(302)
[2026-05-27T11:23:48.348+0530][29.604s][info][gc,heap     ] GC(713) Survivor regions: 7->5(39)
[2026-05-27T11:23:48.348+0530][29.604s][info][gc,heap     ] GC(713) Old regions: 10->10
[2026-05-27T11:23:48.348+0530][29.604s][info][gc,heap     ] GC(713) Archive regions: 2->2
[2026-05-27T11:23:48.348+0530][29.604s][info][gc,heap     ] GC(713) Humongous regions: 9->0
[2026-05-27T11:23:48.348+0530][29.604s][info][gc,metaspace] GC(713) Metaspace: 1745K(2048K)->1745K(2048K) NonClass: 1568K(1728K)->1568K(1728K) Class: 177K(320K)->177K(320K)
[2026-05-27T11:23:48.348+0530][29.604s][info][gc          ] GC(713) Pause Young (Normal) (G1 Evacuation Pause) 325M->14M(512M) 0.893ms
[2026-05-27T11:23:48.348+0530][29.605s][info][gc,cpu      ] GC(713) User=0.00s Sys=0.00s Real=0.00s
[2026-05-27T11:23:48.389+0530][29.645s][info][gc,start    ] GC(714) Pause Young (Normal) (G1 Evacuation Pause)
[2026-05-27T11:23:48.389+0530][29.645s][info][gc,task     ] GC(714) Using 9 workers of 9 for evacuation
[2026-05-27T11:23:48.390+0530][29.646s][info][gc,phases   ] GC(714)   Pre Evacuate Collection Set: 0.11ms
[2026-05-27T11:23:48.390+0530][29.646s][info][gc,phases   ] GC(714)   Merge Heap Roots: 0.05ms
[2026-05-27T11:23:48.390+0530][29.646s][info][gc,phases   ] GC(714)   Evacuate Collection Set: 0.26ms
[2026-05-27T11:23:48.390+0530][29.646s][info][gc,phases   ] GC(714)   Post Evacuate Collection Set: 0.23ms
[2026-05-27T11:23:48.390+0530][29.646s][info][gc,phases   ] GC(714)   Other: 0.13ms
[2026-05-27T11:23:48.390+0530][29.646s][info][gc,heap     ] GC(714) Eden regions: 302->0(302)
[2026-05-27T11:23:48.390+0530][29.646s][info][gc,heap     ] GC(714) Survivor regions: 5->5(39)
[2026-05-27T11:23:48.390+0530][29.646s][info][gc,heap     ] GC(714) Old regions: 10->10
[2026-05-27T11:23:48.390+0530][29.646s][info][gc,heap     ] GC(714) Archive regions: 2->2
[2026-05-27T11:23:48.390+0530][29.646s][info][gc,heap     ] GC(714) Humongous regions: 0->0
[2026-05-27T11:23:48.390+0530][29.646s][info][gc,metaspace] GC(714) Metaspace: 1745K(2048K)->1745K(2048K) NonClass: 1568K(1728K)->1568K(1728K) Class: 177K(320K)->177K(320K)
[2026-05-27T11:23:48.390+0530][29.646s][info][gc          ] GC(714) Pause Young (Normal) (G1 Evacuation Pause) 316M->14M(512M) 0.841ms
[2026-05-27T11:23:48.390+0530][29.646s][info][gc,cpu      ] GC(714) User=0.00s Sys=0.00s Real=0.01s
[2026-05-27T11:23:48.431+0530][29.687s][info][gc,start    ] GC(715) Pause Young (Normal) (G1 Evacuation Pause)
[2026-05-27T11:23:48.431+0530][29.687s][info][gc,task     ] GC(715) Using 9 workers of 9 for evacuation
[2026-05-27T11:23:48.432+0530][29.688s][info][gc,phases   ] GC(715)   Pre Evacuate Collection Set: 0.07ms
[2026-05-27T11:23:48.432+0530][29.688s][info][gc,phases   ] GC(715)   Merge Heap Roots: 0.06ms
[2026-05-27T11:23:48.432+0530][29.688s][info][gc,phases   ] GC(715)   Evacuate Collection Set: 0.30ms
[2026-05-27T11:23:48.432+0530][29.688s][info][gc,phases   ] GC(715)   Post Evacuate Collection Set: 0.18ms
[2026-05-27T11:23:48.432+0530][29.688s][info][gc,phases   ] GC(715)   Other: 0.11ms
[2026-05-27T11:23:48.432+0530][29.688s][info][gc,heap     ] GC(715) Eden regions: 302->0(301)
[2026-05-27T11:23:48.432+0530][29.688s][info][gc,heap     ] GC(715) Survivor regions: 5->6(39)
[2026-05-27T11:23:48.432+0530][29.688s][info][gc,heap     ] GC(715) Old regions: 10->10
[2026-05-27T11:23:48.432+0530][29.688s][info][gc,heap     ] GC(715) Archive regions: 2->2
[2026-05-27T11:23:48.432+0530][29.688s][info][gc,heap     ] GC(715) Humongous regions: 0->0
[2026-05-27T11:23:48.432+0530][29.688s][info][gc,metaspace] GC(715) Metaspace: 1745K(2048K)->1745K(2048K) NonClass: 1568K(1728K)->1568K(1728K) Class: 177K(320K)->177K(320K)
[2026-05-27T11:23:48.432+0530][29.688s][info][gc          ] GC(715) Pause Young (Normal) (G1 Evacuation Pause) 316M->15M(512M) 0.781ms
[2026-05-27T11:23:48.432+0530][29.688s][info][gc,cpu      ] GC(715) User=0.00s Sys=0.00s Real=0.00s
[2026-05-27T11:23:48.473+0530][29.729s][info][gc,start    ] GC(716) Pause Young (Normal) (G1 Evacuation Pause)
[2026-05-27T11:23:48.473+0530][29.729s][info][gc,task     ] GC(716) Using 9 workers of 9 for evacuation
[2026-05-27T11:23:48.474+0530][29.730s][info][gc,phases   ] GC(716)   Pre Evacuate Collection Set: 0.07ms
[2026-05-27T11:23:48.474+0530][29.730s][info][gc,phases   ] GC(716)   Merge Heap Roots: 0.03ms
[2026-05-27T11:23:48.474+0530][29.730s][info][gc,phases   ] GC(716)   Evacuate Collection Set: 0.27ms
[2026-05-27T11:23:48.474+0530][29.730s][info][gc,phases   ] GC(716)   Post Evacuate Collection Set: 0.17ms
[2026-05-27T11:23:48.474+0530][29.730s][info][gc,phases   ] GC(716)   Other: 0.11ms
[2026-05-27T11:23:48.474+0530][29.730s][info][gc,heap     ] GC(716) Eden regions: 301->0(306)
[2026-05-27T11:23:48.474+0530][29.730s][info][gc,heap     ] GC(716) Survivor regions: 6->1(39)
[2026-05-27T11:23:48.474+0530][29.730s][info][gc,heap     ] GC(716) Old regions: 10->10
[2026-05-27T11:23:48.474+0530][29.730s][info][gc,heap     ] GC(716) Archive regions: 2->2
[2026-05-27T11:23:48.474+0530][29.730s][info][gc,heap     ] GC(716) Humongous regions: 0->0
[2026-05-27T11:23:48.474+0530][29.730s][info][gc,metaspace] GC(716) Metaspace: 1745K(2048K)->1745K(2048K) NonClass: 1568K(1728K)->1568K(1728K) Class: 177K(320K)->177K(320K)
[2026-05-27T11:23:48.474+0530][29.730s][info][gc          ] GC(716) Pause Young (Normal) (G1 Evacuation Pause) 316M->11M(512M) 0.718ms
[2026-05-27T11:23:48.474+0530][29.730s][info][gc,cpu      ] GC(716) User=0.00s Sys=0.00s Real=0.00s
[2026-05-27T11:23:48.513+0530][29.769s][info][gc,start    ] GC(717) Pause Young (Normal) (G1 Evacuation Pause)
[2026-05-27T11:23:48.513+0530][29.769s][info][gc,task     ] GC(717) Using 9 workers of 9 for evacuation
[2026-05-27T11:23:48.513+0530][29.769s][info][gc,phases   ] GC(717)   Pre Evacuate Collection Set: 0.06ms
[2026-05-27T11:23:48.513+0530][29.769s][info][gc,phases   ] GC(717)   Merge Heap Roots: 0.07ms
[2026-05-27T11:23:48.513+0530][29.769s][info][gc,phases   ] GC(717)   Evacuate Collection Set: 0.32ms
[2026-05-27T11:23:48.513+0530][29.769s][info][gc,phases   ] GC(717)   Post Evacuate Collection Set: 0.18ms
[2026-05-27T11:23:48.513+0530][29.769s][info][gc,phases   ] GC(717)   Other: 0.11ms
[2026-05-27T11:23:48.513+0530][29.769s][info][gc,heap     ] GC(717) Eden regions: 306->0(301)
[2026-05-27T11:23:48.513+0530][29.769s][info][gc,heap     ] GC(717) Survivor regions: 1->6(39)
[2026-05-27T11:23:48.513+0530][29.769s][info][gc,heap     ] GC(717) Old regions: 10->10
[2026-05-27T11:23:48.513+0530][29.769s][info][gc,heap     ] GC(717) Archive regions: 2->2
[2026-05-27T11:23:48.513+0530][29.769s][info][gc,heap     ] GC(717) Humongous regions: 0->0
[2026-05-27T11:23:48.513+0530][29.769s][info][gc,metaspace] GC(717) Metaspace: 1745K(2048K)->1745K(2048K) NonClass: 1568K(1728K)->1568K(1728K) Class: 177K(320K)->177K(320K)
[2026-05-27T11:23:48.513+0530][29.769s][info][gc          ] GC(717) Pause Young (Normal) (G1 Evacuation Pause) 316M->15M(512M) 0.825ms
[2026-05-27T11:23:48.513+0530][29.769s][info][gc,cpu      ] GC(717) User=0.00s Sys=0.00s Real=0.00s
[2026-05-27T11:23:48.555+0530][29.811s][info][gc,start    ] GC(718) Pause Young (Normal) (G1 Evacuation Pause)
[2026-05-27T11:23:48.555+0530][29.811s][info][gc,task     ] GC(718) Using 9 workers of 9 for evacuation
[2026-05-27T11:23:48.556+0530][29.812s][info][gc,phases   ] GC(718)   Pre Evacuate Collection Set: 0.05ms
[2026-05-27T11:23:48.556+0530][29.812s][info][gc,phases   ] GC(718)   Merge Heap Roots: 0.05ms
[2026-05-27T11:23:48.556+0530][29.812s][info][gc,phases   ] GC(718)   Evacuate Collection Set: 0.27ms
[2026-05-27T11:23:48.556+0530][29.812s][info][gc,phases   ] GC(718)   Post Evacuate Collection Set: 0.16ms
[2026-05-27T11:23:48.556+0530][29.812s][info][gc,phases   ] GC(718)   Other: 0.10ms
[2026-05-27T11:23:48.556+0530][29.812s][info][gc,heap     ] GC(718) Eden regions: 301->0(302)
[2026-05-27T11:23:48.556+0530][29.812s][info][gc,heap     ] GC(718) Survivor regions: 6->5(39)
[2026-05-27T11:23:48.556+0530][29.812s][info][gc,heap     ] GC(718) Old regions: 10->10
[2026-05-27T11:23:48.556+0530][29.812s][info][gc,heap     ] GC(718) Archive regions: 2->2
[2026-05-27T11:23:48.556+0530][29.812s][info][gc,heap     ] GC(718) Humongous regions: 0->0
[2026-05-27T11:23:48.556+0530][29.812s][info][gc,metaspace] GC(718) Metaspace: 1745K(2048K)->1745K(2048K) NonClass: 1568K(1728K)->1568K(1728K) Class: 177K(320K)->177K(320K)
[2026-05-27T11:23:48.556+0530][29.812s][info][gc          ] GC(718) Pause Young (Normal) (G1 Evacuation Pause) 316M->14M(512M) 0.713ms
[2026-05-27T11:23:48.556+0530][29.812s][info][gc,cpu      ] GC(718) User=0.00s Sys=0.00s Real=0.00s
[2026-05-27T11:23:48.597+0530][29.853s][info][gc,start    ] GC(719) Pause Young (Normal) (G1 Evacuation Pause)
[2026-05-27T11:23:48.597+0530][29.853s][info][gc,task     ] GC(719) Using 9 workers of 9 for evacuation
[2026-05-27T11:23:48.598+0530][29.854s][info][gc,phases   ] GC(719)   Pre Evacuate Collection Set: 0.06ms
[2026-05-27T11:23:48.598+0530][29.854s][info][gc,phases   ] GC(719)   Merge Heap Roots: 0.11ms
[2026-05-27T11:23:48.598+0530][29.854s][info][gc,phases   ] GC(719)   Evacuate Collection Set: 0.27ms
[2026-05-27T11:23:48.598+0530][29.854s][info][gc,phases   ] GC(719)   Post Evacuate Collection Set: 0.16ms
[2026-05-27T11:23:48.598+0530][29.854s][info][gc,phases   ] GC(719)   Other: 0.12ms
[2026-05-27T11:23:48.598+0530][29.854s][info][gc,heap     ] GC(719) Eden regions: 302->0(301)
[2026-05-27T11:23:48.598+0530][29.854s][info][gc,heap     ] GC(719) Survivor regions: 5->6(39)
[2026-05-27T11:23:48.598+0530][29.854s][info][gc,heap     ] GC(719) Old regions: 10->10
[2026-05-27T11:23:48.598+0530][29.854s][info][gc,heap     ] GC(719) Archive regions: 2->2
[2026-05-27T11:23:48.598+0530][29.854s][info][gc,heap     ] GC(719) Humongous regions: 9->0
[2026-05-27T11:23:48.598+0530][29.854s][info][gc,metaspace] GC(719) Metaspace: 1745K(2048K)->1745K(2048K) NonClass: 1568K(1728K)->1568K(1728K) Class: 177K(320K)->177K(320K)
[2026-05-27T11:23:48.598+0530][29.854s][info][gc          ] GC(719) Pause Young (Normal) (G1 Evacuation Pause) 325M->15M(512M) 0.787ms
[2026-05-27T11:23:48.598+0530][29.854s][info][gc,cpu      ] GC(719) User=0.00s Sys=0.00s Real=0.00s
[2026-05-27T11:23:48.640+0530][29.897s][info][gc,start    ] GC(720) Pause Young (Normal) (G1 Evacuation Pause)
[2026-05-27T11:23:48.640+0530][29.897s][info][gc,task     ] GC(720) Using 9 workers of 9 for evacuation
[2026-05-27T11:23:48.641+0530][29.897s][info][gc,phases   ] GC(720)   Pre Evacuate Collection Set: 0.09ms
[2026-05-27T11:23:48.641+0530][29.897s][info][gc,phases   ] GC(720)   Merge Heap Roots: 0.06ms
[2026-05-27T11:23:48.641+0530][29.897s][info][gc,phases   ] GC(720)   Evacuate Collection Set: 0.30ms
[2026-05-27T11:23:48.641+0530][29.897s][info][gc,phases   ] GC(720)   Post Evacuate Collection Set: 0.20ms
[2026-05-27T11:23:48.641+0530][29.897s][info][gc,phases   ] GC(720)   Other: 0.11ms
[2026-05-27T11:23:48.641+0530][29.897s][info][gc,heap     ] GC(720) Eden regions: 301->0(300)
[2026-05-27T11:23:48.641+0530][29.897s][info][gc,heap     ] GC(720) Survivor regions: 6->7(39)
[2026-05-27T11:23:48.641+0530][29.897s][info][gc,heap     ] GC(720) Old regions: 10->10
[2026-05-27T11:23:48.641+0530][29.897s][info][gc,heap     ] GC(720) Archive regions: 2->2
[2026-05-27T11:23:48.641+0530][29.897s][info][gc,heap     ] GC(720) Humongous regions: 0->0
[2026-05-27T11:23:48.641+0530][29.897s][info][gc,metaspace] GC(720) Metaspace: 1745K(2048K)->1745K(2048K) NonClass: 1568K(1728K)->1568K(1728K) Class: 177K(320K)->177K(320K)
[2026-05-27T11:23:48.641+0530][29.897s][info][gc          ] GC(720) Pause Young (Normal) (G1 Evacuation Pause) 316M->16M(512M) 0.839ms
[2026-05-27T11:23:48.641+0530][29.897s][info][gc,cpu      ] GC(720) User=0.00s Sys=0.00s Real=0.00s
[2026-05-27T11:23:48.684+0530][29.940s][info][gc,start    ] GC(721) Pause Young (Normal) (G1 Evacuation Pause)
[2026-05-27T11:23:48.684+0530][29.940s][info][gc,task     ] GC(721) Using 9 workers of 9 for evacuation
[2026-05-27T11:23:48.685+0530][29.941s][info][gc,phases   ] GC(721)   Pre Evacuate Collection Set: 0.11ms
[2026-05-27T11:23:48.685+0530][29.941s][info][gc,phases   ] GC(721)   Merge Heap Roots: 0.09ms
[2026-05-27T11:23:48.685+0530][29.941s][info][gc,phases   ] GC(721)   Evacuate Collection Set: 0.27ms
[2026-05-27T11:23:48.685+0530][29.941s][info][gc,phases   ] GC(721)   Post Evacuate Collection Set: 0.25ms
[2026-05-27T11:23:48.685+0530][29.941s][info][gc,phases   ] GC(721)   Other: 0.12ms
[2026-05-27T11:23:48.685+0530][29.941s][info][gc,heap     ] GC(721) Eden regions: 300->0(301)
[2026-05-27T11:23:48.685+0530][29.941s][info][gc,heap     ] GC(721) Survivor regions: 7->6(39)
[2026-05-27T11:23:48.685+0530][29.941s][info][gc,heap     ] GC(721) Old regions: 10->10
[2026-05-27T11:23:48.685+0530][29.941s][info][gc,heap     ] GC(721) Archive regions: 2->2
[2026-05-27T11:23:48.685+0530][29.941s][info][gc,heap     ] GC(721) Humongous regions: 0->0
[2026-05-27T11:23:48.685+0530][29.941s][info][gc,metaspace] GC(721) Metaspace: 1745K(2048K)->1745K(2048K) NonClass: 1568K(1728K)->1568K(1728K) Class: 177K(320K)->177K(320K)
[2026-05-27T11:23:48.685+0530][29.941s][info][gc          ] GC(721) Pause Young (Normal) (G1 Evacuation Pause) 316M->15M(512M) 0.904ms
[2026-05-27T11:23:48.685+0530][29.941s][info][gc,cpu      ] GC(721) User=0.00s Sys=0.00s Real=0.00s
[2026-05-27T11:23:48.724+0530][29.980s][info][gc,start    ] GC(722) Pause Young (Normal) (G1 Evacuation Pause)
[2026-05-27T11:23:48.724+0530][29.980s][info][gc,task     ] GC(722) Using 9 workers of 9 for evacuation
[2026-05-27T11:23:48.725+0530][29.981s][info][gc,phases   ] GC(722)   Pre Evacuate Collection Set: 0.14ms
[2026-05-27T11:23:48.725+0530][29.981s][info][gc,phases   ] GC(722)   Merge Heap Roots: 0.04ms
[2026-05-27T11:23:48.725+0530][29.981s][info][gc,phases   ] GC(722)   Evacuate Collection Set: 0.30ms
[2026-05-27T11:23:48.725+0530][29.981s][info][gc,phases   ] GC(722)   Post Evacuate Collection Set: 0.27ms
[2026-05-27T11:23:48.725+0530][29.981s][info][gc,phases   ] GC(722)   Other: 0.09ms
[2026-05-27T11:23:48.725+0530][29.981s][info][gc,heap     ] GC(722) Eden regions: 301->0(303)
[2026-05-27T11:23:48.725+0530][29.981s][info][gc,heap     ] GC(722) Survivor regions: 6->4(39)
[2026-05-27T11:23:48.725+0530][29.981s][info][gc,heap     ] GC(722) Old regions: 10->10
[2026-05-27T11:23:48.725+0530][29.981s][info][gc,heap     ] GC(722) Archive regions: 2->2
[2026-05-27T11:23:48.725+0530][29.981s][info][gc,heap     ] GC(722) Humongous regions: 0->0
[2026-05-27T11:23:48.725+0530][29.981s][info][gc,metaspace] GC(722) Metaspace: 1745K(2048K)->1745K(2048K) NonClass: 1568K(1728K)->1568K(1728K) Class: 177K(320K)->177K(320K)
[2026-05-27T11:23:48.725+0530][29.981s][info][gc          ] GC(722) Pause Young (Normal) (G1 Evacuation Pause) 316M->13M(512M) 0.901ms
[2026-05-27T11:23:48.725+0530][29.981s][info][gc,cpu      ] GC(722) User=0.01s Sys=0.00s Real=0.00s
[2026-05-27T11:23:48.762+0530][30.018s][info][gc,start    ] GC(723) Pause Young (Normal) (G1 Evacuation Pause)
[2026-05-27T11:23:48.762+0530][30.019s][info][gc,task     ] GC(723) Using 9 workers of 9 for evacuation
[2026-05-27T11:23:48.763+0530][30.019s][info][gc,phases   ] GC(723)   Pre Evacuate Collection Set: 0.10ms
[2026-05-27T11:23:48.763+0530][30.019s][info][gc,phases   ] GC(723)   Merge Heap Roots: 0.03ms
[2026-05-27T11:23:48.763+0530][30.019s][info][gc,phases   ] GC(723)   Evacuate Collection Set: 0.22ms
[2026-05-27T11:23:48.763+0530][30.019s][info][gc,phases   ] GC(723)   Post Evacuate Collection Set: 0.18ms
[2026-05-27T11:23:48.763+0530][30.019s][info][gc,phases   ] GC(723)   Other: 0.09ms
[2026-05-27T11:23:48.763+0530][30.019s][info][gc,heap     ] GC(723) Eden regions: 303->0(301)
[2026-05-27T11:23:48.763+0530][30.019s][info][gc,heap     ] GC(723) Survivor regions: 4->6(39)
[2026-05-27T11:23:48.763+0530][30.019s][info][gc,heap     ] GC(723) Old regions: 10->10
[2026-05-27T11:23:48.763+0530][30.019s][info][gc,heap     ] GC(723) Archive regions: 2->2
[2026-05-27T11:23:48.763+0530][30.019s][info][gc,heap     ] GC(723) Humongous regions: 0->0
[2026-05-27T11:23:48.763+0530][30.019s][info][gc,metaspace] GC(723) Metaspace: 1745K(2048K)->1745K(2048K) NonClass: 1568K(1728K)->1568K(1728K) Class: 177K(320K)->177K(320K)
[2026-05-27T11:23:48.763+0530][30.019s][info][gc          ] GC(723) Pause Young (Normal) (G1 Evacuation Pause) 316M->15M(512M) 0.673ms
[2026-05-27T11:23:48.763+0530][30.019s][info][gc,cpu      ] GC(723) User=0.00s Sys=0.00s Real=0.00s
[2026-05-27T11:23:48.802+0530][30.058s][info][gc,start    ] GC(724) Pause Young (Normal) (G1 Evacuation Pause)
[2026-05-27T11:23:48.802+0530][30.058s][info][gc,task     ] GC(724) Using 9 workers of 9 for evacuation
[2026-05-27T11:23:48.803+0530][30.059s][info][gc,phases   ] GC(724)   Pre Evacuate Collection Set: 0.09ms
[2026-05-27T11:23:48.803+0530][30.059s][info][gc,phases   ] GC(724)   Merge Heap Roots: 0.05ms
[2026-05-27T11:23:48.803+0530][30.059s][info][gc,phases   ] GC(724)   Evacuate Collection Set: 0.30ms
[2026-05-27T11:23:48.803+0530][30.059s][info][gc,phases   ] GC(724)   Post Evacuate Collection Set: 0.20ms
[2026-05-27T11:23:48.803+0530][30.059s][info][gc,phases   ] GC(724)   Other: 0.11ms
[2026-05-27T11:23:48.803+0530][30.059s][info][gc,heap     ] GC(724) Eden regions: 301->0(300)
[2026-05-27T11:23:48.803+0530][30.059s][info][gc,heap     ] GC(724) Survivor regions: 6->7(39)
[2026-05-27T11:23:48.803+0530][30.059s][info][gc,heap     ] GC(724) Old regions: 10->10
[2026-05-27T11:23:48.803+0530][30.059s][info][gc,heap     ] GC(724) Archive regions: 2->2
[2026-05-27T11:23:48.803+0530][30.059s][info][gc,heap     ] GC(724) Humongous regions: 0->0
[2026-05-27T11:23:48.803+0530][30.059s][info][gc,metaspace] GC(724) Metaspace: 1745K(2048K)->1745K(2048K) NonClass: 1568K(1728K)->1568K(1728K) Class: 177K(320K)->177K(320K)
[2026-05-27T11:23:48.803+0530][30.059s][info][gc          ] GC(724) Pause Young (Normal) (G1 Evacuation Pause) 316M->16M(512M) 0.808ms
[2026-05-27T11:23:48.803+0530][30.059s][info][gc,cpu      ] GC(724) User=0.01s Sys=0.00s Real=0.00s
[2026-05-27T11:23:48.843+0530][30.099s][info][gc,start    ] GC(725) Pause Young (Normal) (G1 Evacuation Pause)
[2026-05-27T11:23:48.843+0530][30.099s][info][gc,task     ] GC(725) Using 9 workers of 9 for evacuation
[2026-05-27T11:23:48.844+0530][30.100s][info][gc,phases   ] GC(725)   Pre Evacuate Collection Set: 0.08ms
[2026-05-27T11:23:48.844+0530][30.100s][info][gc,phases   ] GC(725)   Merge Heap Roots: 0.05ms
[2026-05-27T11:23:48.844+0530][30.100s][info][gc,phases   ] GC(725)   Evacuate Collection Set: 0.29ms
[2026-05-27T11:23:48.844+0530][30.100s][info][gc,phases   ] GC(725)   Post Evacuate Collection Set: 0.18ms
[2026-05-27T11:23:48.844+0530][30.100s][info][gc,phases   ] GC(725)   Other: 0.11ms
[2026-05-27T11:23:48.844+0530][30.100s][info][gc,heap     ] GC(725) Eden regions: 300->0(302)
[2026-05-27T11:23:48.844+0530][30.100s][info][gc,heap     ] GC(725) Survivor regions: 7->5(39)
[2026-05-27T11:23:48.844+0530][30.100s][info][gc,heap     ] GC(725) Old regions: 10->10
[2026-05-27T11:23:48.844+0530][30.100s][info][gc,heap     ] GC(725) Archive regions: 2->2
[2026-05-27T11:23:48.844+0530][30.100s][info][gc,heap     ] GC(725) Humongous regions: 9->0
[2026-05-27T11:23:48.844+0530][30.100s][info][gc,metaspace] GC(725) Metaspace: 1745K(2048K)->1745K(2048K) NonClass: 1568K(1728K)->1568K(1728K) Class: 177K(320K)->177K(320K)
[2026-05-27T11:23:48.844+0530][30.100s][info][gc          ] GC(725) Pause Young (Normal) (G1 Evacuation Pause) 325M->14M(512M) 0.780ms
[2026-05-27T11:23:48.844+0530][30.100s][info][gc,cpu      ] GC(725) User=0.00s Sys=0.00s Real=0.00s
[2026-05-27T11:23:48.882+0530][30.138s][info][gc,start    ] GC(726) Pause Young (Normal) (G1 Evacuation Pause)
[2026-05-27T11:23:48.882+0530][30.138s][info][gc,task     ] GC(726) Using 9 workers of 9 for evacuation
[2026-05-27T11:23:48.883+0530][30.139s][info][gc,phases   ] GC(726)   Pre Evacuate Collection Set: 0.07ms
[2026-05-27T11:23:48.883+0530][30.139s][info][gc,phases   ] GC(726)   Merge Heap Roots: 0.06ms
[2026-05-27T11:23:48.883+0530][30.139s][info][gc,phases   ] GC(726)   Evacuate Collection Set: 0.28ms
[2026-05-27T11:23:48.883+0530][30.139s][info][gc,phases   ] GC(726)   Post Evacuate Collection Set: 0.17ms
[2026-05-27T11:23:48.883+0530][30.139s][info][gc,phases   ] GC(726)   Other: 0.10ms
[2026-05-27T11:23:48.883+0530][30.139s][info][gc,heap     ] GC(726) Eden regions: 302->0(306)
[2026-05-27T11:23:48.883+0530][30.139s][info][gc,heap     ] GC(726) Survivor regions: 5->1(39)
[2026-05-27T11:23:48.883+0530][30.139s][info][gc,heap     ] GC(726) Old regions: 10->10
[2026-05-27T11:23:48.883+0530][30.139s][info][gc,heap     ] GC(726) Archive regions: 2->2
[2026-05-27T11:23:48.883+0530][30.139s][info][gc,heap     ] GC(726) Humongous regions: 0->0
[2026-05-27T11:23:48.883+0530][30.139s][info][gc,metaspace] GC(726) Metaspace: 1745K(2048K)->1745K(2048K) NonClass: 1568K(1728K)->1568K(1728K) Class: 177K(320K)->177K(320K)
[2026-05-27T11:23:48.883+0530][30.139s][info][gc          ] GC(726) Pause Young (Normal) (G1 Evacuation Pause) 316M->10M(512M) 0.746ms
[2026-05-27T11:23:48.883+0530][30.139s][info][gc,cpu      ] GC(726) User=0.00s Sys=0.00s Real=0.00s
[2026-05-27T11:23:48.923+0530][30.179s][info][gc,start    ] GC(727) Pause Young (Normal) (G1 Evacuation Pause)
[2026-05-27T11:23:48.923+0530][30.179s][info][gc,task     ] GC(727) Using 9 workers of 9 for evacuation
[2026-05-27T11:23:48.924+0530][30.180s][info][gc,phases   ] GC(727)   Pre Evacuate Collection Set: 0.07ms
[2026-05-27T11:23:48.924+0530][30.180s][info][gc,phases   ] GC(727)   Merge Heap Roots: 0.05ms
[2026-05-27T11:23:48.924+0530][30.180s][info][gc,phases   ] GC(727)   Evacuate Collection Set: 0.24ms
[2026-05-27T11:23:48.924+0530][30.180s][info][gc,phases   ] GC(727)   Post Evacuate Collection Set: 0.16ms
[2026-05-27T11:23:48.924+0530][30.180s][info][gc,phases   ] GC(727)   Other: 0.10ms
[2026-05-27T11:23:48.924+0530][30.180s][info][gc,heap     ] GC(727) Eden regions: 306->0(303)
[2026-05-27T11:23:48.924+0530][30.180s][info][gc,heap     ] GC(727) Survivor regions: 1->4(39)
[2026-05-27T11:23:48.924+0530][30.180s][info][gc,heap     ] GC(727) Old regions: 10->10
[2026-05-27T11:23:48.924+0530][30.180s][info][gc,heap     ] GC(727) Archive regions: 2->2
[2026-05-27T11:23:48.924+0530][30.180s][info][gc,heap     ] GC(727) Humongous regions: 0->0
[2026-05-27T11:23:48.924+0530][30.180s][info][gc,metaspace] GC(727) Metaspace: 1745K(2048K)->1745K(2048K) NonClass: 1568K(1728K)->1568K(1728K) Class: 177K(320K)->177K(320K)
[2026-05-27T11:23:48.924+0530][30.180s][info][gc          ] GC(727) Pause Young (Normal) (G1 Evacuation Pause) 316M->13M(512M) 0.686ms
[2026-05-27T11:23:48.924+0530][30.180s][info][gc,cpu      ] GC(727) User=0.01s Sys=0.00s Real=0.00s
[2026-05-27T11:23:48.960+0530][30.216s][info][gc,start    ] GC(728) Pause Young (Normal) (G1 Evacuation Pause)
[2026-05-27T11:23:48.960+0530][30.216s][info][gc,task     ] GC(728) Using 9 workers of 9 for evacuation
[2026-05-27T11:23:48.960+0530][30.217s][info][gc,phases   ] GC(728)   Pre Evacuate Collection Set: 0.07ms
[2026-05-27T11:23:48.960+0530][30.217s][info][gc,phases   ] GC(728)   Merge Heap Roots: 0.06ms
[2026-05-27T11:23:48.960+0530][30.217s][info][gc,phases   ] GC(728)   Evacuate Collection Set: 0.21ms
[2026-05-27T11:23:48.960+0530][30.217s][info][gc,phases   ] GC(728)   Post Evacuate Collection Set: 0.21ms
[2026-05-27T11:23:48.960+0530][30.217s][info][gc,phases   ] GC(728)   Other: 0.12ms
[2026-05-27T11:23:48.960+0530][30.217s][info][gc,heap     ] GC(728) Eden regions: 303->0(301)
[2026-05-27T11:23:48.960+0530][30.217s][info][gc,heap     ] GC(728) Survivor regions: 4->6(39)
[2026-05-27T11:23:48.960+0530][30.217s][info][gc,heap     ] GC(728) Old regions: 10->10
[2026-05-27T11:23:48.960+0530][30.217s][info][gc,heap     ] GC(728) Archive regions: 2->2
[2026-05-27T11:23:48.960+0530][30.217s][info][gc,heap     ] GC(728) Humongous regions: 0->0
[2026-05-27T11:23:48.960+0530][30.217s][info][gc,metaspace] GC(728) Metaspace: 1745K(2048K)->1745K(2048K) NonClass: 1568K(1728K)->1568K(1728K) Class: 177K(320K)->177K(320K)
[2026-05-27T11:23:48.960+0530][30.217s][info][gc          ] GC(728) Pause Young (Normal) (G1 Evacuation Pause) 316M->15M(512M) 0.730ms
[2026-05-27T11:23:48.961+0530][30.217s][info][gc,cpu      ] GC(728) User=0.01s Sys=0.01s Real=0.00s
[2026-05-27T11:23:49.000+0530][30.256s][info][gc,start    ] GC(729) Pause Young (Normal) (G1 Evacuation Pause)
[2026-05-27T11:23:49.000+0530][30.256s][info][gc,task     ] GC(729) Using 9 workers of 9 for evacuation
[2026-05-27T11:23:49.000+0530][30.256s][info][gc,phases   ] GC(729)   Pre Evacuate Collection Set: 0.10ms
[2026-05-27T11:23:49.000+0530][30.256s][info][gc,phases   ] GC(729)   Merge Heap Roots: 0.04ms
[2026-05-27T11:23:49.000+0530][30.256s][info][gc,phases   ] GC(729)   Evacuate Collection Set: 0.29ms
[2026-05-27T11:23:49.000+0530][30.256s][info][gc,phases   ] GC(729)   Post Evacuate Collection Set: 0.18ms
[2026-05-27T11:23:49.000+0530][30.256s][info][gc,phases   ] GC(729)   Other: 0.10ms
[2026-05-27T11:23:49.000+0530][30.257s][info][gc,heap     ] GC(729) Eden regions: 301->0(301)
[2026-05-27T11:23:49.000+0530][30.257s][info][gc,heap     ] GC(729) Survivor regions: 6->6(39)
[2026-05-27T11:23:49.000+0530][30.257s][info][gc,heap     ] GC(729) Old regions: 10->10
[2026-05-27T11:23:49.000+0530][30.257s][info][gc,heap     ] GC(729) Archive regions: 2->2
[2026-05-27T11:23:49.000+0530][30.257s][info][gc,heap     ] GC(729) Humongous regions: 0->0
[2026-05-27T11:23:49.000+0530][30.257s][info][gc,metaspace] GC(729) Metaspace: 1745K(2048K)->1745K(2048K) NonClass: 1568K(1728K)->1568K(1728K) Class: 177K(320K)->177K(320K)
[2026-05-27T11:23:49.000+0530][30.257s][info][gc          ] GC(729) Pause Young (Normal) (G1 Evacuation Pause) 316M->15M(512M) 0.802ms
[2026-05-27T11:23:49.000+0530][30.257s][info][gc,cpu      ] GC(729) User=0.00s Sys=0.00s Real=0.00s
[2026-05-27T11:23:49.039+0530][30.295s][info][gc,start    ] GC(730) Pause Young (Normal) (G1 Evacuation Pause)
[2026-05-27T11:23:49.039+0530][30.295s][info][gc,task     ] GC(730) Using 9 workers of 9 for evacuation
[2026-05-27T11:23:49.040+0530][30.296s][info][gc,phases   ] GC(730)   Pre Evacuate Collection Set: 0.11ms
[2026-05-27T11:23:49.040+0530][30.296s][info][gc,phases   ] GC(730)   Merge Heap Roots: 0.09ms
[2026-05-27T11:23:49.040+0530][30.296s][info][gc,phases   ] GC(730)   Evacuate Collection Set: 0.24ms
[2026-05-27T11:23:49.040+0530][30.296s][info][gc,phases   ] GC(730)   Post Evacuate Collection Set: 0.24ms
[2026-05-27T11:23:49.040+0530][30.296s][info][gc,phases   ] GC(730)   Other: 0.11ms
[2026-05-27T11:23:49.040+0530][30.296s][info][gc,heap     ] GC(730) Eden regions: 301->0(306)
[2026-05-27T11:23:49.040+0530][30.296s][info][gc,heap     ] GC(730) Survivor regions: 6->1(39)
[2026-05-27T11:23:49.040+0530][30.296s][info][gc,heap     ] GC(730) Old regions: 10->10
[2026-05-27T11:23:49.040+0530][30.296s][info][gc,heap     ] GC(730) Archive regions: 2->2
[2026-05-27T11:23:49.040+0530][30.296s][info][gc,heap     ] GC(730) Humongous regions: 0->0
[2026-05-27T11:23:49.040+0530][30.296s][info][gc,metaspace] GC(730) Metaspace: 1745K(2048K)->1745K(2048K) NonClass: 1568K(1728K)->1568K(1728K) Class: 177K(320K)->177K(320K)
[2026-05-27T11:23:49.040+0530][30.296s][info][gc          ] GC(730) Pause Young (Normal) (G1 Evacuation Pause) 316M->10M(512M) 0.861ms
[2026-05-27T11:23:49.040+0530][30.296s][info][gc,cpu      ] GC(730) User=0.00s Sys=0.00s Real=0.01s
[2026-05-27T11:23:49.078+0530][30.334s][info][gc,start    ] GC(731) Pause Young (Normal) (G1 Evacuation Pause)
[2026-05-27T11:23:49.078+0530][30.334s][info][gc,task     ] GC(731) Using 9 workers of 9 for evacuation
[2026-05-27T11:23:49.078+0530][30.335s][info][gc,phases   ] GC(731)   Pre Evacuate Collection Set: 0.11ms
[2026-05-27T11:23:49.078+0530][30.335s][info][gc,phases   ] GC(731)   Merge Heap Roots: 0.08ms
[2026-05-27T11:23:49.078+0530][30.335s][info][gc,phases   ] GC(731)   Evacuate Collection Set: 0.28ms
[2026-05-27T11:23:49.078+0530][30.335s][info][gc,phases   ] GC(731)   Post Evacuate Collection Set: 0.20ms
[2026-05-27T11:23:49.078+0530][30.335s][info][gc,phases   ] GC(731)   Other: 0.12ms
[2026-05-27T11:23:49.078+0530][30.335s][info][gc,heap     ] GC(731) Eden regions: 306->0(302)
[2026-05-27T11:23:49.078+0530][30.335s][info][gc,heap     ] GC(731) Survivor regions: 1->5(39)
[2026-05-27T11:23:49.078+0530][30.335s][info][gc,heap     ] GC(731) Old regions: 10->10
[2026-05-27T11:23:49.078+0530][30.335s][info][gc,heap     ] GC(731) Archive regions: 2->2
[2026-05-27T11:23:49.078+0530][30.335s][info][gc,heap     ] GC(731) Humongous regions: 0->0
[2026-05-27T11:23:49.078+0530][30.335s][info][gc,metaspace] GC(731) Metaspace: 1745K(2048K)->1745K(2048K) NonClass: 1568K(1728K)->1568K(1728K) Class: 177K(320K)->177K(320K)
[2026-05-27T11:23:49.078+0530][30.335s][info][gc          ] GC(731) Pause Young (Normal) (G1 Evacuation Pause) 316M->14M(512M) 0.837ms
[2026-05-27T11:23:49.078+0530][30.335s][info][gc,cpu      ] GC(731) User=0.00s Sys=0.00s Real=0.00s
[2026-05-27T11:23:49.122+0530][30.378s][info][gc,start    ] GC(732) Pause Young (Normal) (G1 Evacuation Pause)
[2026-05-27T11:23:49.122+0530][30.378s][info][gc,task     ] GC(732) Using 9 workers of 9 for evacuation
[2026-05-27T11:23:49.123+0530][30.379s][info][gc,phases   ] GC(732)   Pre Evacuate Collection Set: 0.08ms
[2026-05-27T11:23:49.123+0530][30.379s][info][gc,phases   ] GC(732)   Merge Heap Roots: 0.06ms
[2026-05-27T11:23:49.123+0530][30.379s][info][gc,phases   ] GC(732)   Evacuate Collection Set: 0.31ms
[2026-05-27T11:23:49.123+0530][30.379s][info][gc,phases   ] GC(732)   Post Evacuate Collection Set: 0.20ms
[2026-05-27T11:23:49.123+0530][30.379s][info][gc,phases   ] GC(732)   Other: 0.15ms
[2026-05-27T11:23:49.123+0530][30.379s][info][gc,heap     ] GC(732) Eden regions: 302->0(302)
[2026-05-27T11:23:49.123+0530][30.379s][info][gc,heap     ] GC(732) Survivor regions: 5->5(39)
[2026-05-27T11:23:49.123+0530][30.379s][info][gc,heap     ] GC(732) Old regions: 10->10
[2026-05-27T11:23:49.123+0530][30.379s][info][gc,heap     ] GC(732) Archive regions: 2->2
[2026-05-27T11:23:49.123+0530][30.379s][info][gc,heap     ] GC(732) Humongous regions: 0->0
[2026-05-27T11:23:49.123+0530][30.379s][info][gc,metaspace] GC(732) Metaspace: 1745K(2048K)->1745K(2048K) NonClass: 1568K(1728K)->1568K(1728K) Class: 177K(320K)->177K(320K)
[2026-05-27T11:23:49.123+0530][30.379s][info][gc          ] GC(732) Pause Young (Normal) (G1 Evacuation Pause) 316M->14M(512M) 0.890ms
[2026-05-27T11:23:49.123+0530][30.379s][info][gc,cpu      ] GC(732) User=0.00s Sys=0.00s Real=0.00s
[2026-05-27T11:23:49.164+0530][30.420s][info][gc,start    ] GC(733) Pause Young (Normal) (G1 Evacuation Pause)
[2026-05-27T11:23:49.164+0530][30.420s][info][gc,task     ] GC(733) Using 9 workers of 9 for evacuation
[2026-05-27T11:23:49.165+0530][30.421s][info][gc,phases   ] GC(733)   Pre Evacuate Collection Set: 0.08ms
[2026-05-27T11:23:49.165+0530][30.421s][info][gc,phases   ] GC(733)   Merge Heap Roots: 0.05ms
[2026-05-27T11:23:49.165+0530][30.421s][info][gc,phases   ] GC(733)   Evacuate Collection Set: 0.33ms
[2026-05-27T11:23:49.165+0530][30.421s][info][gc,phases   ] GC(733)   Post Evacuate Collection Set: 0.20ms
[2026-05-27T11:23:49.165+0530][30.421s][info][gc,phases   ] GC(733)   Other: 0.11ms
[2026-05-27T11:23:49.165+0530][30.421s][info][gc,heap     ] GC(733) Eden regions: 302->0(303)
[2026-05-27T11:23:49.165+0530][30.421s][info][gc,heap     ] GC(733) Survivor regions: 5->4(39)
[2026-05-27T11:23:49.165+0530][30.421s][info][gc,heap     ] GC(733) Old regions: 10->10
[2026-05-27T11:23:49.165+0530][30.421s][info][gc,heap     ] GC(733) Archive regions: 2->2
[2026-05-27T11:23:49.165+0530][30.421s][info][gc,heap     ] GC(733) Humongous regions: 18->0
[2026-05-27T11:23:49.165+0530][30.421s][info][gc,metaspace] GC(733) Metaspace: 1745K(2048K)->1745K(2048K) NonClass: 1568K(1728K)->1568K(1728K) Class: 177K(320K)->177K(320K)
[2026-05-27T11:23:49.165+0530][30.421s][info][gc          ] GC(733) Pause Young (Normal) (G1 Evacuation Pause) 334M->13M(512M) 0.852ms
[2026-05-27T11:23:49.165+0530][30.421s][info][gc,cpu      ] GC(733) User=0.00s Sys=0.00s Real=0.00s
[2026-05-27T11:23:49.203+0530][30.459s][info][gc,start    ] GC(734) Pause Young (Normal) (G1 Evacuation Pause)
[2026-05-27T11:23:49.203+0530][30.459s][info][gc,task     ] GC(734) Using 9 workers of 9 for evacuation
[2026-05-27T11:23:49.203+0530][30.459s][info][gc,phases   ] GC(734)   Pre Evacuate Collection Set: 0.07ms
[2026-05-27T11:23:49.203+0530][30.459s][info][gc,phases   ] GC(734)   Merge Heap Roots: 0.04ms
[2026-05-27T11:23:49.203+0530][30.459s][info][gc,phases   ] GC(734)   Evacuate Collection Set: 0.28ms
[2026-05-27T11:23:49.203+0530][30.459s][info][gc,phases   ] GC(734)   Post Evacuate Collection Set: 0.18ms
[2026-05-27T11:23:49.203+0530][30.459s][info][gc,phases   ] GC(734)   Other: 0.09ms
[2026-05-27T11:23:49.203+0530][30.459s][info][gc,heap     ] GC(734) Eden regions: 303->0(299)
[2026-05-27T11:23:49.203+0530][30.459s][info][gc,heap     ] GC(734) Survivor regions: 4->8(39)
[2026-05-27T11:23:49.203+0530][30.459s][info][gc,heap     ] GC(734) Old regions: 10->10
[2026-05-27T11:23:49.203+0530][30.459s][info][gc,heap     ] GC(734) Archive regions: 2->2
[2026-05-27T11:23:49.203+0530][30.459s][info][gc,heap     ] GC(734) Humongous regions: 0->0
[2026-05-27T11:23:49.203+0530][30.459s][info][gc,metaspace] GC(734) Metaspace: 1745K(2048K)->1745K(2048K) NonClass: 1568K(1728K)->1568K(1728K) Class: 177K(320K)->177K(320K)
[2026-05-27T11:23:49.203+0530][30.459s][info][gc          ] GC(734) Pause Young (Normal) (G1 Evacuation Pause) 316M->17M(512M) 0.729ms
[2026-05-27T11:23:49.203+0530][30.459s][info][gc,cpu      ] GC(734) User=0.00s Sys=0.00s Real=0.00s
[2026-05-27T11:23:49.245+0530][30.501s][info][gc,start    ] GC(735) Pause Young (Normal) (G1 Evacuation Pause)
[2026-05-27T11:23:49.245+0530][30.501s][info][gc,task     ] GC(735) Using 9 workers of 9 for evacuation
[2026-05-27T11:23:49.245+0530][30.501s][info][gc,phases   ] GC(735)   Pre Evacuate Collection Set: 0.05ms
[2026-05-27T11:23:49.245+0530][30.501s][info][gc,phases   ] GC(735)   Merge Heap Roots: 0.04ms
[2026-05-27T11:23:49.245+0530][30.501s][info][gc,phases   ] GC(735)   Evacuate Collection Set: 0.31ms
[2026-05-27T11:23:49.245+0530][30.501s][info][gc,phases   ] GC(735)   Post Evacuate Collection Set: 0.19ms
[2026-05-27T11:23:49.245+0530][30.501s][info][gc,phases   ] GC(735)   Other: 0.12ms
[2026-05-27T11:23:49.245+0530][30.501s][info][gc,heap     ] GC(735) Eden regions: 299->0(300)
[2026-05-27T11:23:49.245+0530][30.501s][info][gc,heap     ] GC(735) Survivor regions: 8->7(39)
[2026-05-27T11:23:49.245+0530][30.501s][info][gc,heap     ] GC(735) Old regions: 10->10
[2026-05-27T11:23:49.245+0530][30.501s][info][gc,heap     ] GC(735) Archive regions: 2->2
[2026-05-27T11:23:49.245+0530][30.501s][info][gc,heap     ] GC(735) Humongous regions: 0->0
[2026-05-27T11:23:49.245+0530][30.501s][info][gc,metaspace] GC(735) Metaspace: 1745K(2048K)->1745K(2048K) NonClass: 1568K(1728K)->1568K(1728K) Class: 177K(320K)->177K(320K)
[2026-05-27T11:23:49.245+0530][30.501s][info][gc          ] GC(735) Pause Young (Normal) (G1 Evacuation Pause) 316M->16M(512M) 0.804ms
[2026-05-27T11:23:49.245+0530][30.501s][info][gc,cpu      ] GC(735) User=0.00s Sys=0.00s Real=0.00s
[2026-05-27T11:23:49.286+0530][30.542s][info][gc,start    ] GC(736) Pause Young (Normal) (G1 Evacuation Pause)
[2026-05-27T11:23:49.286+0530][30.542s][info][gc,task     ] GC(736) Using 9 workers of 9 for evacuation
[2026-05-27T11:23:49.286+0530][30.543s][info][gc,phases   ] GC(736)   Pre Evacuate Collection Set: 0.07ms
[2026-05-27T11:23:49.287+0530][30.543s][info][gc,phases   ] GC(736)   Merge Heap Roots: 0.06ms
[2026-05-27T11:23:49.287+0530][30.543s][info][gc,phases   ] GC(736)   Evacuate Collection Set: 0.28ms
[2026-05-27T11:23:49.287+0530][30.543s][info][gc,phases   ] GC(736)   Post Evacuate Collection Set: 0.20ms
[2026-05-27T11:23:49.287+0530][30.543s][info][gc,phases   ] GC(736)   Other: 0.11ms
[2026-05-27T11:23:49.287+0530][30.543s][info][gc,heap     ] GC(736) Eden regions: 300->0(302)
[2026-05-27T11:23:49.287+0530][30.543s][info][gc,heap     ] GC(736) Survivor regions: 7->5(39)
[2026-05-27T11:23:49.287+0530][30.543s][info][gc,heap     ] GC(736) Old regions: 10->10
[2026-05-27T11:23:49.287+0530][30.543s][info][gc,heap     ] GC(736) Archive regions: 2->2
[2026-05-27T11:23:49.287+0530][30.543s][info][gc,heap     ] GC(736) Humongous regions: 0->0
[2026-05-27T11:23:49.287+0530][30.543s][info][gc,metaspace] GC(736) Metaspace: 1745K(2048K)->1745K(2048K) NonClass: 1568K(1728K)->1568K(1728K) Class: 177K(320K)->177K(320K)
[2026-05-27T11:23:49.287+0530][30.543s][info][gc          ] GC(736) Pause Young (Normal) (G1 Evacuation Pause) 316M->14M(512M) 0.828ms
[2026-05-27T11:23:49.287+0530][30.543s][info][gc,cpu      ] GC(736) User=0.00s Sys=0.00s Real=0.00s
[2026-05-27T11:23:49.327+0530][30.583s][info][gc,start    ] GC(737) Pause Young (Normal) (G1 Evacuation Pause)
[2026-05-27T11:23:49.327+0530][30.583s][info][gc,task     ] GC(737) Using 9 workers of 9 for evacuation
[2026-05-27T11:23:49.327+0530][30.583s][info][gc,phases   ] GC(737)   Pre Evacuate Collection Set: 0.08ms
[2026-05-27T11:23:49.327+0530][30.583s][info][gc,phases   ] GC(737)   Merge Heap Roots: 0.05ms
[2026-05-27T11:23:49.327+0530][30.583s][info][gc,phases   ] GC(737)   Evacuate Collection Set: 0.24ms
[2026-05-27T11:23:49.327+0530][30.583s][info][gc,phases   ] GC(737)   Post Evacuate Collection Set: 0.16ms
[2026-05-27T11:23:49.327+0530][30.583s][info][gc,phases   ] GC(737)   Other: 0.11ms
[2026-05-27T11:23:49.327+0530][30.583s][info][gc,heap     ] GC(737) Eden regions: 302->0(300)
[2026-05-27T11:23:49.327+0530][30.583s][info][gc,heap     ] GC(737) Survivor regions: 5->7(39)
[2026-05-27T11:23:49.327+0530][30.583s][info][gc,heap     ] GC(737) Old regions: 10->10
[2026-05-27T11:23:49.327+0530][30.583s][info][gc,heap     ] GC(737) Archive regions: 2->2
[2026-05-27T11:23:49.327+0530][30.583s][info][gc,heap     ] GC(737) Humongous regions: 0->0
[2026-05-27T11:23:49.327+0530][30.583s][info][gc,metaspace] GC(737) Metaspace: 1745K(2048K)->1745K(2048K) NonClass: 1568K(1728K)->1568K(1728K) Class: 177K(320K)->177K(320K)
[2026-05-27T11:23:49.327+0530][30.583s][info][gc          ] GC(737) Pause Young (Normal) (G1 Evacuation Pause) 316M->16M(512M) 0.694ms
[2026-05-27T11:23:49.327+0530][30.583s][info][gc,cpu      ] GC(737) User=0.00s Sys=0.00s Real=0.00s
[2026-05-27T11:23:49.368+0530][30.624s][info][gc,start    ] GC(738) Pause Young (Normal) (G1 Evacuation Pause)
[2026-05-27T11:23:49.368+0530][30.624s][info][gc,task     ] GC(738) Using 9 workers of 9 for evacuation
[2026-05-27T11:23:49.368+0530][30.624s][info][gc,phases   ] GC(738)   Pre Evacuate Collection Set: 0.08ms
[2026-05-27T11:23:49.368+0530][30.625s][info][gc,phases   ] GC(738)   Merge Heap Roots: 0.06ms
[2026-05-27T11:23:49.368+0530][30.625s][info][gc,phases   ] GC(738)   Evacuate Collection Set: 0.26ms
[2026-05-27T11:23:49.368+0530][30.625s][info][gc,phases   ] GC(738)   Post Evacuate Collection Set: 0.16ms
[2026-05-27T11:23:49.368+0530][30.625s][info][gc,phases   ] GC(738)   Other: 0.11ms
[2026-05-27T11:23:49.368+0530][30.625s][info][gc,heap     ] GC(738) Eden regions: 300->0(302)
[2026-05-27T11:23:49.368+0530][30.625s][info][gc,heap     ] GC(738) Survivor regions: 7->5(39)
[2026-05-27T11:23:49.368+0530][30.625s][info][gc,heap     ] GC(738) Old regions: 10->10
[2026-05-27T11:23:49.368+0530][30.625s][info][gc,heap     ] GC(738) Archive regions: 2->2
[2026-05-27T11:23:49.368+0530][30.625s][info][gc,heap     ] GC(738) Humongous regions: 0->0
[2026-05-27T11:23:49.368+0530][30.625s][info][gc,metaspace] GC(738) Metaspace: 1745K(2048K)->1745K(2048K) NonClass: 1568K(1728K)->1568K(1728K) Class: 177K(320K)->177K(320K)
[2026-05-27T11:23:49.368+0530][30.625s][info][gc          ] GC(738) Pause Young (Normal) (G1 Evacuation Pause) 316M->14M(512M) 0.708ms
[2026-05-27T11:23:49.368+0530][30.625s][info][gc,cpu      ] GC(738) User=0.00s Sys=0.00s Real=0.00s
[2026-05-27T11:23:49.406+0530][30.662s][info][gc,start    ] GC(739) Pause Young (Normal) (G1 Evacuation Pause)
[2026-05-27T11:23:49.406+0530][30.662s][info][gc,task     ] GC(739) Using 9 workers of 9 for evacuation
[2026-05-27T11:23:49.407+0530][30.663s][info][gc,phases   ] GC(739)   Pre Evacuate Collection Set: 0.11ms
[2026-05-27T11:23:49.407+0530][30.663s][info][gc,phases   ] GC(739)   Merge Heap Roots: 0.05ms
[2026-05-27T11:23:49.407+0530][30.663s][info][gc,phases   ] GC(739)   Evacuate Collection Set: 0.21ms
[2026-05-27T11:23:49.407+0530][30.663s][info][gc,phases   ] GC(739)   Post Evacuate Collection Set: 0.29ms
[2026-05-27T11:23:49.407+0530][30.663s][info][gc,phases   ] GC(739)   Other: 0.11ms
[2026-05-27T11:23:49.407+0530][30.663s][info][gc,heap     ] GC(739) Eden regions: 302->0(302)
[2026-05-27T11:23:49.407+0530][30.663s][info][gc,heap     ] GC(739) Survivor regions: 5->5(39)
[2026-05-27T11:23:49.407+0530][30.663s][info][gc,heap     ] GC(739) Old regions: 10->10
[2026-05-27T11:23:49.407+0530][30.663s][info][gc,heap     ] GC(739) Archive regions: 2->2
[2026-05-27T11:23:49.407+0530][30.663s][info][gc,heap     ] GC(739) Humongous regions: 0->0
[2026-05-27T11:23:49.407+0530][30.663s][info][gc,metaspace] GC(739) Metaspace: 1745K(2048K)->1745K(2048K) NonClass: 1568K(1728K)->1568K(1728K) Class: 177K(320K)->177K(320K)
[2026-05-27T11:23:49.407+0530][30.663s][info][gc          ] GC(739) Pause Young (Normal) (G1 Evacuation Pause) 316M->14M(512M) 0.869ms
[2026-05-27T11:23:49.407+0530][30.663s][info][gc,cpu      ] GC(739) User=0.00s Sys=0.00s Real=0.00s
[2026-05-27T11:23:49.448+0530][30.705s][info][gc,start    ] GC(740) Pause Young (Normal) (G1 Evacuation Pause)
[2026-05-27T11:23:49.448+0530][30.705s][info][gc,task     ] GC(740) Using 9 workers of 9 for evacuation
[2026-05-27T11:23:49.449+0530][30.705s][info][gc,phases   ] GC(740)   Pre Evacuate Collection Set: 0.11ms
[2026-05-27T11:23:49.449+0530][30.705s][info][gc,phases   ] GC(740)   Merge Heap Roots: 0.04ms
[2026-05-27T11:23:49.449+0530][30.705s][info][gc,phases   ] GC(740)   Evacuate Collection Set: 0.28ms
[2026-05-27T11:23:49.449+0530][30.705s][info][gc,phases   ] GC(740)   Post Evacuate Collection Set: 0.18ms
[2026-05-27T11:23:49.449+0530][30.705s][info][gc,phases   ] GC(740)   Other: 0.10ms
[2026-05-27T11:23:49.449+0530][30.705s][info][gc,heap     ] GC(740) Eden regions: 302->0(302)
[2026-05-27T11:23:49.449+0530][30.705s][info][gc,heap     ] GC(740) Survivor regions: 5->5(39)
[2026-05-27T11:23:49.449+0530][30.705s][info][gc,heap     ] GC(740) Old regions: 10->10
[2026-05-27T11:23:49.449+0530][30.705s][info][gc,heap     ] GC(740) Archive regions: 2->2
[2026-05-27T11:23:49.449+0530][30.705s][info][gc,heap     ] GC(740) Humongous regions: 0->0
[2026-05-27T11:23:49.449+0530][30.705s][info][gc,metaspace] GC(740) Metaspace: 1745K(2048K)->1745K(2048K) NonClass: 1568K(1728K)->1568K(1728K) Class: 177K(320K)->177K(320K)
[2026-05-27T11:23:49.449+0530][30.705s][info][gc          ] GC(740) Pause Young (Normal) (G1 Evacuation Pause) 316M->14M(512M) 0.790ms
[2026-05-27T11:23:49.449+0530][30.705s][info][gc,cpu      ] GC(740) User=0.00s Sys=0.00s Real=0.00s
[2026-05-27T11:23:49.487+0530][30.743s][info][gc,start    ] GC(741) Pause Young (Normal) (G1 Evacuation Pause)
[2026-05-27T11:23:49.487+0530][30.743s][info][gc,task     ] GC(741) Using 9 workers of 9 for evacuation
[2026-05-27T11:23:49.488+0530][30.744s][info][gc,phases   ] GC(741)   Pre Evacuate Collection Set: 0.08ms
[2026-05-27T11:23:49.488+0530][30.744s][info][gc,phases   ] GC(741)   Merge Heap Roots: 0.08ms
[2026-05-27T11:23:49.488+0530][30.744s][info][gc,phases   ] GC(741)   Evacuate Collection Set: 0.21ms
[2026-05-27T11:23:49.488+0530][30.744s][info][gc,phases   ] GC(741)   Post Evacuate Collection Set: 0.21ms
[2026-05-27T11:23:49.488+0530][30.744s][info][gc,phases   ] GC(741)   Other: 0.12ms
[2026-05-27T11:23:49.488+0530][30.744s][info][gc,heap     ] GC(741) Eden regions: 302->0(306)
[2026-05-27T11:23:49.488+0530][30.744s][info][gc,heap     ] GC(741) Survivor regions: 5->1(39)
[2026-05-27T11:23:49.488+0530][30.744s][info][gc,heap     ] GC(741) Old regions: 10->10
[2026-05-27T11:23:49.488+0530][30.744s][info][gc,heap     ] GC(741) Archive regions: 2->2
[2026-05-27T11:23:49.488+0530][30.744s][info][gc,heap     ] GC(741) Humongous regions: 0->0
[2026-05-27T11:23:49.488+0530][30.744s][info][gc,metaspace] GC(741) Metaspace: 1745K(2048K)->1745K(2048K) NonClass: 1568K(1728K)->1568K(1728K) Class: 177K(320K)->177K(320K)
[2026-05-27T11:23:49.488+0530][30.744s][info][gc          ] GC(741) Pause Young (Normal) (G1 Evacuation Pause) 316M->10M(512M) 0.778ms
[2026-05-27T11:23:49.488+0530][30.744s][info][gc,cpu      ] GC(741) User=0.01s Sys=0.00s Real=0.00s
[2026-05-27T11:23:49.530+0530][30.786s][info][gc,start    ] GC(742) Pause Young (Normal) (G1 Evacuation Pause)
[2026-05-27T11:23:49.530+0530][30.786s][info][gc,task     ] GC(742) Using 9 workers of 9 for evacuation
[2026-05-27T11:23:49.530+0530][30.787s][info][gc,phases   ] GC(742)   Pre Evacuate Collection Set: 0.06ms
[2026-05-27T11:23:49.530+0530][30.787s][info][gc,phases   ] GC(742)   Merge Heap Roots: 0.08ms
[2026-05-27T11:23:49.530+0530][30.787s][info][gc,phases   ] GC(742)   Evacuate Collection Set: 0.35ms
[2026-05-27T11:23:49.530+0530][30.787s][info][gc,phases   ] GC(742)   Post Evacuate Collection Set: 0.19ms
[2026-05-27T11:23:49.530+0530][30.787s][info][gc,phases   ] GC(742)   Other: 0.08ms
[2026-05-27T11:23:49.530+0530][30.787s][info][gc,heap     ] GC(742) Eden regions: 306->0(295)
[2026-05-27T11:23:49.531+0530][30.787s][info][gc,heap     ] GC(742) Survivor regions: 1->12(39)
[2026-05-27T11:23:49.531+0530][30.787s][info][gc,heap     ] GC(742) Old regions: 10->10
[2026-05-27T11:23:49.531+0530][30.787s][info][gc,heap     ] GC(742) Archive regions: 2->2
[2026-05-27T11:23:49.531+0530][30.787s][info][gc,heap     ] GC(742) Humongous regions: 0->0
[2026-05-27T11:23:49.531+0530][30.787s][info][gc,metaspace] GC(742) Metaspace: 1745K(2048K)->1745K(2048K) NonClass: 1568K(1728K)->1568K(1728K) Class: 177K(320K)->177K(320K)
[2026-05-27T11:23:49.531+0530][30.787s][info][gc          ] GC(742) Pause Young (Normal) (G1 Evacuation Pause) 316M->21M(512M) 0.852ms
[2026-05-27T11:23:49.531+0530][30.787s][info][gc,cpu      ] GC(742) User=0.01s Sys=0.00s Real=0.00s
[2026-05-27T11:23:49.569+0530][30.825s][info][gc,start    ] GC(743) Pause Young (Normal) (G1 Evacuation Pause)
[2026-05-27T11:23:49.569+0530][30.825s][info][gc,task     ] GC(743) Using 9 workers of 9 for evacuation
[2026-05-27T11:23:49.570+0530][30.826s][info][gc,phases   ] GC(743)   Pre Evacuate Collection Set: 0.09ms
[2026-05-27T11:23:49.570+0530][30.826s][info][gc,phases   ] GC(743)   Merge Heap Roots: 0.05ms
[2026-05-27T11:23:49.570+0530][30.826s][info][gc,phases   ] GC(743)   Evacuate Collection Set: 0.27ms
[2026-05-27T11:23:49.570+0530][30.826s][info][gc,phases   ] GC(743)   Post Evacuate Collection Set: 0.19ms
[2026-05-27T11:23:49.570+0530][30.826s][info][gc,phases   ] GC(743)   Other: 0.10ms
[2026-05-27T11:23:49.570+0530][30.826s][info][gc,heap     ] GC(743) Eden regions: 295->0(302)
[2026-05-27T11:23:49.570+0530][30.826s][info][gc,heap     ] GC(743) Survivor regions: 12->5(39)
[2026-05-27T11:23:49.570+0530][30.826s][info][gc,heap     ] GC(743) Old regions: 10->10
[2026-05-27T11:23:49.570+0530][30.826s][info][gc,heap     ] GC(743) Archive regions: 2->2
[2026-05-27T11:23:49.570+0530][30.826s][info][gc,heap     ] GC(743) Humongous regions: 27->0
[2026-05-27T11:23:49.570+0530][30.826s][info][gc,metaspace] GC(743) Metaspace: 1745K(2048K)->1745K(2048K) NonClass: 1568K(1728K)->1568K(1728K) Class: 177K(320K)->177K(320K)
[2026-05-27T11:23:49.570+0530][30.826s][info][gc          ] GC(743) Pause Young (Normal) (G1 Evacuation Pause) 343M->15M(512M) 0.773ms
[2026-05-27T11:23:49.570+0530][30.826s][info][gc,cpu      ] GC(743) User=0.00s Sys=0.01s Real=0.01s
[2026-05-27T11:23:49.609+0530][30.865s][info][gc,start    ] GC(744) Pause Young (Normal) (G1 Evacuation Pause)
[2026-05-27T11:23:49.609+0530][30.865s][info][gc,task     ] GC(744) Using 9 workers of 9 for evacuation
[2026-05-27T11:23:49.610+0530][30.866s][info][gc,phases   ] GC(744)   Pre Evacuate Collection Set: 0.12ms
[2026-05-27T11:23:49.610+0530][30.866s][info][gc,phases   ] GC(744)   Merge Heap Roots: 0.06ms
[2026-05-27T11:23:49.610+0530][30.866s][info][gc,phases   ] GC(744)   Evacuate Collection Set: 0.34ms
[2026-05-27T11:23:49.610+0530][30.866s][info][gc,phases   ] GC(744)   Post Evacuate Collection Set: 0.18ms
[2026-05-27T11:23:49.610+0530][30.866s][info][gc,phases   ] GC(744)   Other: 0.12ms
[2026-05-27T11:23:49.610+0530][30.866s][info][gc,heap     ] GC(744) Eden regions: 302->0(301)
[2026-05-27T11:23:49.610+0530][30.866s][info][gc,heap     ] GC(744) Survivor regions: 5->6(39)
[2026-05-27T11:23:49.610+0530][30.866s][info][gc,heap     ] GC(744) Old regions: 10->10
[2026-05-27T11:23:49.610+0530][30.866s][info][gc,heap     ] GC(744) Archive regions: 2->2
[2026-05-27T11:23:49.610+0530][30.866s][info][gc,heap     ] GC(744) Humongous regions: 0->0
[2026-05-27T11:23:49.610+0530][30.866s][info][gc,metaspace] GC(744) Metaspace: 1745K(2048K)->1745K(2048K) NonClass: 1568K(1728K)->1568K(1728K) Class: 177K(320K)->177K(320K)
[2026-05-27T11:23:49.610+0530][30.866s][info][gc          ] GC(744) Pause Young (Normal) (G1 Evacuation Pause) 316M->15M(512M) 0.906ms
[2026-05-27T11:23:49.610+0530][30.866s][info][gc,cpu      ] GC(744) User=0.01s Sys=0.00s Real=0.01s
[2026-05-27T11:23:49.653+0530][30.909s][info][gc,start    ] GC(745) Pause Young (Normal) (G1 Evacuation Pause)
[2026-05-27T11:23:49.653+0530][30.909s][info][gc,task     ] GC(745) Using 9 workers of 9 for evacuation
[2026-05-27T11:23:49.654+0530][30.910s][info][gc,phases   ] GC(745)   Pre Evacuate Collection Set: 0.10ms
[2026-05-27T11:23:49.654+0530][30.910s][info][gc,phases   ] GC(745)   Merge Heap Roots: 0.04ms
[2026-05-27T11:23:49.654+0530][30.910s][info][gc,phases   ] GC(745)   Evacuate Collection Set: 0.24ms
[2026-05-27T11:23:49.654+0530][30.910s][info][gc,phases   ] GC(745)   Post Evacuate Collection Set: 0.20ms
[2026-05-27T11:23:49.654+0530][30.910s][info][gc,phases   ] GC(745)   Other: 0.10ms
[2026-05-27T11:23:49.654+0530][30.910s][info][gc,heap     ] GC(745) Eden regions: 301->0(302)
[2026-05-27T11:23:49.654+0530][30.910s][info][gc,heap     ] GC(745) Survivor regions: 6->5(39)
[2026-05-27T11:23:49.654+0530][30.910s][info][gc,heap     ] GC(745) Old regions: 10->10
[2026-05-27T11:23:49.654+0530][30.910s][info][gc,heap     ] GC(745) Archive regions: 2->2
[2026-05-27T11:23:49.654+0530][30.910s][info][gc,heap     ] GC(745) Humongous regions: 0->0
[2026-05-27T11:23:49.654+0530][30.910s][info][gc,metaspace] GC(745) Metaspace: 1745K(2048K)->1745K(2048K) NonClass: 1568K(1728K)->1568K(1728K) Class: 177K(320K)->177K(320K)
[2026-05-27T11:23:49.654+0530][30.910s][info][gc          ] GC(745) Pause Young (Normal) (G1 Evacuation Pause) 316M->14M(512M) 0.812ms
[2026-05-27T11:23:49.654+0530][30.910s][info][gc,cpu      ] GC(745) User=0.00s Sys=0.00s Real=0.00s
[2026-05-27T11:23:49.698+0530][30.954s][info][gc,start    ] GC(746) Pause Young (Normal) (G1 Evacuation Pause)
[2026-05-27T11:23:49.698+0530][30.954s][info][gc,task     ] GC(746) Using 9 workers of 9 for evacuation
[2026-05-27T11:23:49.699+0530][30.955s][info][gc,phases   ] GC(746)   Pre Evacuate Collection Set: 0.10ms
[2026-05-27T11:23:49.699+0530][30.955s][info][gc,phases   ] GC(746)   Merge Heap Roots: 0.05ms
[2026-05-27T11:23:49.699+0530][30.955s][info][gc,phases   ] GC(746)   Evacuate Collection Set: 0.28ms
[2026-05-27T11:23:49.699+0530][30.955s][info][gc,phases   ] GC(746)   Post Evacuate Collection Set: 0.22ms
[2026-05-27T11:23:49.699+0530][30.955s][info][gc,phases   ] GC(746)   Other: 0.11ms
[2026-05-27T11:23:49.699+0530][30.955s][info][gc,heap     ] GC(746) Eden regions: 302->0(305)
[2026-05-27T11:23:49.699+0530][30.955s][info][gc,heap     ] GC(746) Survivor regions: 5->2(39)
[2026-05-27T11:23:49.699+0530][30.955s][info][gc,heap     ] GC(746) Old regions: 10->10
[2026-05-27T11:23:49.699+0530][30.955s][info][gc,heap     ] GC(746) Archive regions: 2->2
[2026-05-27T11:23:49.699+0530][30.955s][info][gc,heap     ] GC(746) Humongous regions: 0->0
[2026-05-27T11:23:49.699+0530][30.955s][info][gc,metaspace] GC(746) Metaspace: 1745K(2048K)->1745K(2048K) NonClass: 1568K(1728K)->1568K(1728K) Class: 177K(320K)->177K(320K)
[2026-05-27T11:23:49.699+0530][30.955s][info][gc          ] GC(746) Pause Young (Normal) (G1 Evacuation Pause) 316M->11M(512M) 0.856ms
[2026-05-27T11:23:49.699+0530][30.955s][info][gc,cpu      ] GC(746) User=0.00s Sys=0.00s Real=0.00s
[2026-05-27T11:23:49.739+0530][30.995s][info][gc,start    ] GC(747) Pause Young (Normal) (G1 Evacuation Pause)
[2026-05-27T11:23:49.739+0530][30.995s][info][gc,task     ] GC(747) Using 9 workers of 9 for evacuation
[2026-05-27T11:23:49.740+0530][30.996s][info][gc,phases   ] GC(747)   Pre Evacuate Collection Set: 0.11ms
[2026-05-27T11:23:49.740+0530][30.996s][info][gc,phases   ] GC(747)   Merge Heap Roots: 0.05ms
[2026-05-27T11:23:49.740+0530][30.996s][info][gc,phases   ] GC(747)   Evacuate Collection Set: 0.34ms
[2026-05-27T11:23:49.740+0530][30.996s][info][gc,phases   ] GC(747)   Post Evacuate Collection Set: 0.22ms
[2026-05-27T11:23:49.740+0530][30.996s][info][gc,phases   ] GC(747)   Other: 0.10ms
[2026-05-27T11:23:49.740+0530][30.996s][info][gc,heap     ] GC(747) Eden regions: 305->0(302)
[2026-05-27T11:23:49.740+0530][30.996s][info][gc,heap     ] GC(747) Survivor regions: 2->5(39)
[2026-05-27T11:23:49.740+0530][30.996s][info][gc,heap     ] GC(747) Old regions: 10->10
[2026-05-27T11:23:49.740+0530][30.996s][info][gc,heap     ] GC(747) Archive regions: 2->2
[2026-05-27T11:23:49.740+0530][30.996s][info][gc,heap     ] GC(747) Humongous regions: 0->0
[2026-05-27T11:23:49.740+0530][30.996s][info][gc,metaspace] GC(747) Metaspace: 1745K(2048K)->1745K(2048K) NonClass: 1568K(1728K)->1568K(1728K) Class: 177K(320K)->177K(320K)
[2026-05-27T11:23:49.740+0530][30.996s][info][gc          ] GC(747) Pause Young (Normal) (G1 Evacuation Pause) 316M->15M(512M) 0.894ms
[2026-05-27T11:23:49.740+0530][30.996s][info][gc,cpu      ] GC(747) User=0.01s Sys=0.00s Real=0.01s
[2026-05-27T11:23:49.781+0530][31.037s][info][gc,start    ] GC(748) Pause Young (Normal) (G1 Evacuation Pause)
[2026-05-27T11:23:49.781+0530][31.037s][info][gc,task     ] GC(748) Using 9 workers of 9 for evacuation
[2026-05-27T11:23:49.781+0530][31.038s][info][gc,phases   ] GC(748)   Pre Evacuate Collection Set: 0.11ms
[2026-05-27T11:23:49.781+0530][31.038s][info][gc,phases   ] GC(748)   Merge Heap Roots: 0.05ms
[2026-05-27T11:23:49.781+0530][31.038s][info][gc,phases   ] GC(748)   Evacuate Collection Set: 0.26ms
[2026-05-27T11:23:49.781+0530][31.038s][info][gc,phases   ] GC(748)   Post Evacuate Collection Set: 0.20ms
[2026-05-27T11:23:49.781+0530][31.038s][info][gc,phases   ] GC(748)   Other: 0.10ms
[2026-05-27T11:23:49.781+0530][31.038s][info][gc,heap     ] GC(748) Eden regions: 302->0(306)
[2026-05-27T11:23:49.781+0530][31.038s][info][gc,heap     ] GC(748) Survivor regions: 5->1(39)
[2026-05-27T11:23:49.782+0530][31.038s][info][gc,heap     ] GC(748) Old regions: 10->10
[2026-05-27T11:23:49.782+0530][31.038s][info][gc,heap     ] GC(748) Archive regions: 2->2
[2026-05-27T11:23:49.782+0530][31.038s][info][gc,heap     ] GC(748) Humongous regions: 0->0
[2026-05-27T11:23:49.782+0530][31.038s][info][gc,metaspace] GC(748) Metaspace: 1745K(2048K)->1745K(2048K) NonClass: 1568K(1728K)->1568K(1728K) Class: 177K(320K)->177K(320K)
[2026-05-27T11:23:49.782+0530][31.038s][info][gc          ] GC(748) Pause Young (Normal) (G1 Evacuation Pause) 317M->10M(512M) 0.786ms
[2026-05-27T11:23:49.782+0530][31.038s][info][gc,cpu      ] GC(748) User=0.01s Sys=0.00s Real=0.00s
[2026-05-27T11:23:49.821+0530][31.077s][info][gc,start    ] GC(749) Pause Young (Normal) (G1 Evacuation Pause)
[2026-05-27T11:23:49.821+0530][31.077s][info][gc,task     ] GC(749) Using 9 workers of 9 for evacuation
[2026-05-27T11:23:49.822+0530][31.078s][info][gc,phases   ] GC(749)   Pre Evacuate Collection Set: 0.07ms
[2026-05-27T11:23:49.822+0530][31.078s][info][gc,phases   ] GC(749)   Merge Heap Roots: 0.05ms
[2026-05-27T11:23:49.822+0530][31.078s][info][gc,phases   ] GC(749)   Evacuate Collection Set: 0.51ms
[2026-05-27T11:23:49.822+0530][31.078s][info][gc,phases   ] GC(749)   Post Evacuate Collection Set: 0.21ms
[2026-05-27T11:23:49.822+0530][31.078s][info][gc,phases   ] GC(749)   Other: 0.20ms
[2026-05-27T11:23:49.822+0530][31.078s][info][gc,heap     ] GC(749) Eden regions: 306->0(295)
[2026-05-27T11:23:49.822+0530][31.078s][info][gc,heap     ] GC(749) Survivor regions: 1->12(39)
[2026-05-27T11:23:49.822+0530][31.078s][info][gc,heap     ] GC(749) Old regions: 10->10
[2026-05-27T11:23:49.822+0530][31.078s][info][gc,heap     ] GC(749) Archive regions: 2->2
[2026-05-27T11:23:49.822+0530][31.078s][info][gc,heap     ] GC(749) Humongous regions: 0->0
[2026-05-27T11:23:49.822+0530][31.078s][info][gc,metaspace] GC(749) Metaspace: 1745K(2048K)->1745K(2048K) NonClass: 1568K(1728K)->1568K(1728K) Class: 177K(320K)->177K(320K)
[2026-05-27T11:23:49.822+0530][31.078s][info][gc          ] GC(749) Pause Young (Normal) (G1 Evacuation Pause) 316M->21M(512M) 1.123ms
[2026-05-27T11:23:49.822+0530][31.078s][info][gc,cpu      ] GC(749) User=0.00s Sys=0.00s Real=0.00s
[2026-05-27T11:23:49.860+0530][31.116s][info][gc,start    ] GC(750) Pause Young (Normal) (G1 Evacuation Pause)
[2026-05-27T11:23:49.860+0530][31.116s][info][gc,task     ] GC(750) Using 9 workers of 9 for evacuation
[2026-05-27T11:23:49.860+0530][31.117s][info][gc,phases   ] GC(750)   Pre Evacuate Collection Set: 0.09ms
[2026-05-27T11:23:49.860+0530][31.117s][info][gc,phases   ] GC(750)   Merge Heap Roots: 0.11ms
[2026-05-27T11:23:49.860+0530][31.117s][info][gc,phases   ] GC(750)   Evacuate Collection Set: 0.30ms
[2026-05-27T11:23:49.860+0530][31.117s][info][gc,phases   ] GC(750)   Post Evacuate Collection Set: 0.22ms
[2026-05-27T11:23:49.860+0530][31.117s][info][gc,phases   ] GC(750)   Other: 0.11ms
[2026-05-27T11:23:49.860+0530][31.117s][info][gc,heap     ] GC(750) Eden regions: 295->0(295)
[2026-05-27T11:23:49.860+0530][31.117s][info][gc,heap     ] GC(750) Survivor regions: 12->12(39)
[2026-05-27T11:23:49.860+0530][31.117s][info][gc,heap     ] GC(750) Old regions: 10->10
[2026-05-27T11:23:49.860+0530][31.117s][info][gc,heap     ] GC(750) Archive regions: 2->2
[2026-05-27T11:23:49.861+0530][31.117s][info][gc,heap     ] GC(750) Humongous regions: 9->0
[2026-05-27T11:23:49.861+0530][31.117s][info][gc,metaspace] GC(750) Metaspace: 1745K(2048K)->1745K(2048K) NonClass: 1568K(1728K)->1568K(1728K) Class: 177K(320K)->177K(320K)
[2026-05-27T11:23:49.861+0530][31.117s][info][gc          ] GC(750) Pause Young (Normal) (G1 Evacuation Pause) 325M->21M(512M) 0.906ms
[2026-05-27T11:23:49.861+0530][31.117s][info][gc,cpu      ] GC(750) User=0.01s Sys=0.00s Real=0.00s
[2026-05-27T11:23:49.898+0530][31.154s][info][gc,start    ] GC(751) Pause Young (Normal) (G1 Evacuation Pause)
[2026-05-27T11:23:49.898+0530][31.154s][info][gc,task     ] GC(751) Using 9 workers of 9 for evacuation
[2026-05-27T11:23:49.898+0530][31.155s][info][gc,phases   ] GC(751)   Pre Evacuate Collection Set: 0.08ms
[2026-05-27T11:23:49.898+0530][31.155s][info][gc,phases   ] GC(751)   Merge Heap Roots: 0.05ms
[2026-05-27T11:23:49.898+0530][31.155s][info][gc,phases   ] GC(751)   Evacuate Collection Set: 0.28ms
[2026-05-27T11:23:49.898+0530][31.155s][info][gc,phases   ] GC(751)   Post Evacuate Collection Set: 0.21ms
[2026-05-27T11:23:49.898+0530][31.155s][info][gc,phases   ] GC(751)   Other: 0.09ms
[2026-05-27T11:23:49.898+0530][31.155s][info][gc,heap     ] GC(751) Eden regions: 295->0(300)
[2026-05-27T11:23:49.898+0530][31.155s][info][gc,heap     ] GC(751) Survivor regions: 12->7(39)
[2026-05-27T11:23:49.898+0530][31.155s][info][gc,heap     ] GC(751) Old regions: 10->10
[2026-05-27T11:23:49.898+0530][31.155s][info][gc,heap     ] GC(751) Archive regions: 2->2
[2026-05-27T11:23:49.898+0530][31.155s][info][gc,heap     ] GC(751) Humongous regions: 0->0
[2026-05-27T11:23:49.898+0530][31.155s][info][gc,metaspace] GC(751) Metaspace: 1745K(2048K)->1745K(2048K) NonClass: 1568K(1728K)->1568K(1728K) Class: 177K(320K)->177K(320K)
[2026-05-27T11:23:49.899+0530][31.155s][info][gc          ] GC(751) Pause Young (Normal) (G1 Evacuation Pause) 316M->16M(512M) 0.773ms
[2026-05-27T11:23:49.899+0530][31.155s][info][gc,cpu      ] GC(751) User=0.00s Sys=0.00s Real=0.00s
[2026-05-27T11:23:49.938+0530][31.194s][info][gc,start    ] GC(752) Pause Young (Normal) (G1 Evacuation Pause)
[2026-05-27T11:23:49.938+0530][31.194s][info][gc,task     ] GC(752) Using 9 workers of 9 for evacuation
[2026-05-27T11:23:49.939+0530][31.195s][info][gc,phases   ] GC(752)   Pre Evacuate Collection Set: 0.09ms
[2026-05-27T11:23:49.939+0530][31.195s][info][gc,phases   ] GC(752)   Merge Heap Roots: 0.09ms
[2026-05-27T11:23:49.939+0530][31.195s][info][gc,phases   ] GC(752)   Evacuate Collection Set: 0.26ms
[2026-05-27T11:23:49.939+0530][31.195s][info][gc,phases   ] GC(752)   Post Evacuate Collection Set: 0.22ms
[2026-05-27T11:23:49.939+0530][31.195s][info][gc,phases   ] GC(752)   Other: 0.12ms
[2026-05-27T11:23:49.939+0530][31.195s][info][gc,heap     ] GC(752) Eden regions: 300->0(302)
[2026-05-27T11:23:49.939+0530][31.195s][info][gc,heap     ] GC(752) Survivor regions: 7->5(39)
[2026-05-27T11:23:49.939+0530][31.195s][info][gc,heap     ] GC(752) Old regions: 10->10
[2026-05-27T11:23:49.939+0530][31.195s][info][gc,heap     ] GC(752) Archive regions: 2->2
[2026-05-27T11:23:49.939+0530][31.195s][info][gc,heap     ] GC(752) Humongous regions: 0->0
[2026-05-27T11:23:49.939+0530][31.195s][info][gc,metaspace] GC(752) Metaspace: 1745K(2048K)->1745K(2048K) NonClass: 1568K(1728K)->1568K(1728K) Class: 177K(320K)->177K(320K)
[2026-05-27T11:23:49.939+0530][31.195s][info][gc          ] GC(752) Pause Young (Normal) (G1 Evacuation Pause) 316M->14M(512M) 0.882ms
[2026-05-27T11:23:49.939+0530][31.195s][info][gc,cpu      ] GC(752) User=0.00s Sys=0.00s Real=0.00s
[2026-05-27T11:23:49.978+0530][31.234s][info][gc,start    ] GC(753) Pause Young (Normal) (G1 Evacuation Pause)
[2026-05-27T11:23:49.978+0530][31.234s][info][gc,task     ] GC(753) Using 9 workers of 9 for evacuation
[2026-05-27T11:23:49.978+0530][31.234s][info][gc,phases   ] GC(753)   Pre Evacuate Collection Set: 0.05ms
[2026-05-27T11:23:49.978+0530][31.234s][info][gc,phases   ] GC(753)   Merge Heap Roots: 0.07ms
[2026-05-27T11:23:49.978+0530][31.234s][info][gc,phases   ] GC(753)   Evacuate Collection Set: 0.29ms
[2026-05-27T11:23:49.978+0530][31.234s][info][gc,phases   ] GC(753)   Post Evacuate Collection Set: 0.25ms
[2026-05-27T11:23:49.978+0530][31.234s][info][gc,phases   ] GC(753)   Other: 0.11ms
[2026-05-27T11:23:49.978+0530][31.234s][info][gc,heap     ] GC(753) Eden regions: 302->0(301)
[2026-05-27T11:23:49.978+0530][31.235s][info][gc,heap     ] GC(753) Survivor regions: 5->6(39)
[2026-05-27T11:23:49.978+0530][31.235s][info][gc,heap     ] GC(753) Old regions: 10->10
[2026-05-27T11:23:49.978+0530][31.235s][info][gc,heap     ] GC(753) Archive regions: 2->2
[2026-05-27T11:23:49.978+0530][31.235s][info][gc,heap     ] GC(753) Humongous regions: 0->0
[2026-05-27T11:23:49.978+0530][31.235s][info][gc,metaspace] GC(753) Metaspace: 1745K(2048K)->1745K(2048K) NonClass: 1568K(1728K)->1568K(1728K) Class: 177K(320K)->177K(320K)
[2026-05-27T11:23:49.978+0530][31.235s][info][gc          ] GC(753) Pause Young (Normal) (G1 Evacuation Pause) 316M->15M(512M) 0.852ms
[2026-05-27T11:23:49.978+0530][31.235s][info][gc,cpu      ] GC(753) User=0.00s Sys=0.00s Real=0.00s
[2026-05-27T11:23:50.019+0530][31.275s][info][gc,start    ] GC(754) Pause Young (Normal) (G1 Evacuation Pause)
[2026-05-27T11:23:50.019+0530][31.275s][info][gc,task     ] GC(754) Using 9 workers of 9 for evacuation
[2026-05-27T11:23:50.020+0530][31.276s][info][gc,phases   ] GC(754)   Pre Evacuate Collection Set: 0.10ms
[2026-05-27T11:23:50.020+0530][31.276s][info][gc,phases   ] GC(754)   Merge Heap Roots: 0.12ms
[2026-05-27T11:23:50.020+0530][31.276s][info][gc,phases   ] GC(754)   Evacuate Collection Set: 0.28ms
[2026-05-27T11:23:50.020+0530][31.276s][info][gc,phases   ] GC(754)   Post Evacuate Collection Set: 0.24ms
[2026-05-27T11:23:50.020+0530][31.276s][info][gc,phases   ] GC(754)   Other: 0.09ms
[2026-05-27T11:23:50.020+0530][31.276s][info][gc,heap     ] GC(754) Eden regions: 301->0(303)
[2026-05-27T11:23:50.020+0530][31.276s][info][gc,heap     ] GC(754) Survivor regions: 6->4(39)
[2026-05-27T11:23:50.020+0530][31.276s][info][gc,heap     ] GC(754) Old regions: 10->10
[2026-05-27T11:23:50.020+0530][31.276s][info][gc,heap     ] GC(754) Archive regions: 2->2
[2026-05-27T11:23:50.020+0530][31.276s][info][gc,heap     ] GC(754) Humongous regions: 0->0
[2026-05-27T11:23:50.020+0530][31.276s][info][gc,metaspace] GC(754) Metaspace: 1745K(2048K)->1745K(2048K) NonClass: 1568K(1728K)->1568K(1728K) Class: 177K(320K)->177K(320K)
[2026-05-27T11:23:50.020+0530][31.276s][info][gc          ] GC(754) Pause Young (Normal) (G1 Evacuation Pause) 316M->14M(512M) 0.941ms
[2026-05-27T11:23:50.020+0530][31.276s][info][gc,cpu      ] GC(754) User=0.00s Sys=0.00s Real=0.01s
[2026-05-27T11:23:50.061+0530][31.317s][info][gc,start    ] GC(755) Pause Young (Normal) (G1 Evacuation Pause)
[2026-05-27T11:23:50.061+0530][31.317s][info][gc,task     ] GC(755) Using 9 workers of 9 for evacuation
[2026-05-27T11:23:50.062+0530][31.318s][info][gc,phases   ] GC(755)   Pre Evacuate Collection Set: 0.09ms
[2026-05-27T11:23:50.062+0530][31.318s][info][gc,phases   ] GC(755)   Merge Heap Roots: 0.09ms
[2026-05-27T11:23:50.062+0530][31.318s][info][gc,phases   ] GC(755)   Evacuate Collection Set: 0.30ms
[2026-05-27T11:23:50.062+0530][31.318s][info][gc,phases   ] GC(755)   Post Evacuate Collection Set: 0.25ms
[2026-05-27T11:23:50.062+0530][31.318s][info][gc,phases   ] GC(755)   Other: 0.11ms
[2026-05-27T11:23:50.062+0530][31.318s][info][gc,heap     ] GC(755) Eden regions: 303->0(306)
[2026-05-27T11:23:50.062+0530][31.318s][info][gc,heap     ] GC(755) Survivor regions: 4->1(39)
[2026-05-27T11:23:50.062+0530][31.318s][info][gc,heap     ] GC(755) Old regions: 10->10
[2026-05-27T11:23:50.062+0530][31.318s][info][gc,heap     ] GC(755) Archive regions: 2->2
[2026-05-27T11:23:50.062+0530][31.318s][info][gc,heap     ] GC(755) Humongous regions: 9->0
[2026-05-27T11:23:50.062+0530][31.318s][info][gc,metaspace] GC(755) Metaspace: 1745K(2048K)->1745K(2048K) NonClass: 1568K(1728K)->1568K(1728K) Class: 177K(320K)->177K(320K)
[2026-05-27T11:23:50.062+0530][31.318s][info][gc          ] GC(755) Pause Young (Normal) (G1 Evacuation Pause) 326M->10M(512M) 0.911ms
[2026-05-27T11:23:50.062+0530][31.318s][info][gc,cpu      ] GC(755) User=0.00s Sys=0.00s Real=0.00s
[2026-05-27T11:23:50.101+0530][31.357s][info][gc,start    ] GC(756) Pause Young (Normal) (G1 Evacuation Pause)
[2026-05-27T11:23:50.101+0530][31.357s][info][gc,task     ] GC(756) Using 9 workers of 9 for evacuation
[2026-05-27T11:23:50.101+0530][31.357s][info][gc,phases   ] GC(756)   Pre Evacuate Collection Set: 0.07ms
[2026-05-27T11:23:50.101+0530][31.357s][info][gc,phases   ] GC(756)   Merge Heap Roots: 0.05ms
[2026-05-27T11:23:50.101+0530][31.357s][info][gc,phases   ] GC(756)   Evacuate Collection Set: 0.24ms
[2026-05-27T11:23:50.101+0530][31.357s][info][gc,phases   ] GC(756)   Post Evacuate Collection Set: 0.18ms
[2026-05-27T11:23:50.101+0530][31.357s][info][gc,phases   ] GC(756)   Other: 0.10ms
[2026-05-27T11:23:50.101+0530][31.357s][info][gc,heap     ] GC(756) Eden regions: 306->0(305)
[2026-05-27T11:23:50.101+0530][31.357s][info][gc,heap     ] GC(756) Survivor regions: 1->2(39)
[2026-05-27T11:23:50.101+0530][31.357s][info][gc,heap     ] GC(756) Old regions: 10->10
[2026-05-27T11:23:50.101+0530][31.357s][info][gc,heap     ] GC(756) Archive regions: 2->2
[2026-05-27T11:23:50.101+0530][31.357s][info][gc,heap     ] GC(756) Humongous regions: 0->0
[2026-05-27T11:23:50.101+0530][31.357s][info][gc,metaspace] GC(756) Metaspace: 1745K(2048K)->1745K(2048K) NonClass: 1568K(1728K)->1568K(1728K) Class: 177K(320K)->177K(320K)
[2026-05-27T11:23:50.101+0530][31.358s][info][gc          ] GC(756) Pause Young (Normal) (G1 Evacuation Pause) 316M->11M(512M) 0.715ms
[2026-05-27T11:23:50.101+0530][31.358s][info][gc,cpu      ] GC(756) User=0.00s Sys=0.01s Real=0.00s
[2026-05-27T11:23:50.147+0530][31.403s][info][gc,start    ] GC(757) Pause Young (Normal) (G1 Evacuation Pause)
[2026-05-27T11:23:50.147+0530][31.403s][info][gc,task     ] GC(757) Using 9 workers of 9 for evacuation
[2026-05-27T11:23:50.148+0530][31.404s][info][gc,phases   ] GC(757)   Pre Evacuate Collection Set: 0.06ms
[2026-05-27T11:23:50.148+0530][31.404s][info][gc,phases   ] GC(757)   Merge Heap Roots: 0.04ms
[2026-05-27T11:23:50.148+0530][31.404s][info][gc,phases   ] GC(757)   Evacuate Collection Set: 0.32ms
[2026-05-27T11:23:50.148+0530][31.404s][info][gc,phases   ] GC(757)   Post Evacuate Collection Set: 0.23ms
[2026-05-27T11:23:50.148+0530][31.404s][info][gc,phases   ] GC(757)   Other: 0.11ms
[2026-05-27T11:23:50.148+0530][31.404s][info][gc,heap     ] GC(757) Eden regions: 305->0(301)
[2026-05-27T11:23:50.148+0530][31.404s][info][gc,heap     ] GC(757) Survivor regions: 2->6(39)
[2026-05-27T11:23:50.148+0530][31.404s][info][gc,heap     ] GC(757) Old regions: 10->10
[2026-05-27T11:23:50.148+0530][31.404s][info][gc,heap     ] GC(757) Archive regions: 2->2
[2026-05-27T11:23:50.148+0530][31.404s][info][gc,heap     ] GC(757) Humongous regions: 0->0
[2026-05-27T11:23:50.148+0530][31.404s][info][gc,metaspace] GC(757) Metaspace: 1745K(2048K)->1745K(2048K) NonClass: 1568K(1728K)->1568K(1728K) Class: 177K(320K)->177K(320K)
[2026-05-27T11:23:50.148+0530][31.404s][info][gc          ] GC(757) Pause Young (Normal) (G1 Evacuation Pause) 316M->15M(512M) 0.843ms
[2026-05-27T11:23:50.148+0530][31.404s][info][gc,cpu      ] GC(757) User=0.00s Sys=0.00s Real=0.00s
[2026-05-27T11:23:50.190+0530][31.446s][info][gc,start    ] GC(758) Pause Young (Normal) (G1 Evacuation Pause)
[2026-05-27T11:23:50.190+0530][31.446s][info][gc,task     ] GC(758) Using 9 workers of 9 for evacuation
[2026-05-27T11:23:50.191+0530][31.447s][info][gc,phases   ] GC(758)   Pre Evacuate Collection Set: 0.09ms
[2026-05-27T11:23:50.191+0530][31.447s][info][gc,phases   ] GC(758)   Merge Heap Roots: 0.06ms
[2026-05-27T11:23:50.191+0530][31.447s][info][gc,phases   ] GC(758)   Evacuate Collection Set: 0.29ms
[2026-05-27T11:23:50.191+0530][31.447s][info][gc,phases   ] GC(758)   Post Evacuate Collection Set: 0.24ms
[2026-05-27T11:23:50.191+0530][31.447s][info][gc,phases   ] GC(758)   Other: 0.11ms
[2026-05-27T11:23:50.191+0530][31.447s][info][gc,heap     ] GC(758) Eden regions: 301->0(301)
[2026-05-27T11:23:50.191+0530][31.447s][info][gc,heap     ] GC(758) Survivor regions: 6->6(39)
[2026-05-27T11:23:50.191+0530][31.447s][info][gc,heap     ] GC(758) Old regions: 10->10
[2026-05-27T11:23:50.191+0530][31.447s][info][gc,heap     ] GC(758) Archive regions: 2->2
[2026-05-27T11:23:50.191+0530][31.447s][info][gc,heap     ] GC(758) Humongous regions: 18->0
[2026-05-27T11:23:50.191+0530][31.447s][info][gc,metaspace] GC(758) Metaspace: 1745K(2048K)->1745K(2048K) NonClass: 1568K(1728K)->1568K(1728K) Class: 177K(320K)->177K(320K)
[2026-05-27T11:23:50.191+0530][31.447s][info][gc          ] GC(758) Pause Young (Normal) (G1 Evacuation Pause) 334M->15M(512M) 0.883ms
[2026-05-27T11:23:50.191+0530][31.447s][info][gc,cpu      ] GC(758) User=0.00s Sys=0.00s Real=0.00s
[2026-05-27T11:23:50.230+0530][31.486s][info][gc,start    ] GC(759) Pause Young (Normal) (G1 Evacuation Pause)
[2026-05-27T11:23:50.230+0530][31.486s][info][gc,task     ] GC(759) Using 9 workers of 9 for evacuation
[2026-05-27T11:23:50.231+0530][31.487s][info][gc,phases   ] GC(759)   Pre Evacuate Collection Set: 0.07ms
[2026-05-27T11:23:50.231+0530][31.487s][info][gc,phases   ] GC(759)   Merge Heap Roots: 0.05ms
[2026-05-27T11:23:50.231+0530][31.487s][info][gc,phases   ] GC(759)   Evacuate Collection Set: 0.28ms
[2026-05-27T11:23:50.231+0530][31.487s][info][gc,phases   ] GC(759)   Post Evacuate Collection Set: 0.20ms
[2026-05-27T11:23:50.231+0530][31.487s][info][gc,phases   ] GC(759)   Other: 0.12ms
[2026-05-27T11:23:50.231+0530][31.487s][info][gc,heap     ] GC(759) Eden regions: 301->0(300)
[2026-05-27T11:23:50.231+0530][31.487s][info][gc,heap     ] GC(759) Survivor regions: 6->7(39)
[2026-05-27T11:23:50.231+0530][31.487s][info][gc,heap     ] GC(759) Old regions: 10->10
[2026-05-27T11:23:50.231+0530][31.487s][info][gc,heap     ] GC(759) Archive regions: 2->2
[2026-05-27T11:23:50.231+0530][31.487s][info][gc,heap     ] GC(759) Humongous regions: 0->0
[2026-05-27T11:23:50.231+0530][31.487s][info][gc,metaspace] GC(759) Metaspace: 1745K(2048K)->1745K(2048K) NonClass: 1568K(1728K)->1568K(1728K) Class: 177K(320K)->177K(320K)
[2026-05-27T11:23:50.231+0530][31.487s][info][gc          ] GC(759) Pause Young (Normal) (G1 Evacuation Pause) 316M->16M(512M) 0.820ms
[2026-05-27T11:23:50.231+0530][31.487s][info][gc,cpu      ] GC(759) User=0.00s Sys=0.00s Real=0.00s
[2026-05-27T11:23:50.272+0530][31.528s][info][gc,start    ] GC(760) Pause Young (Normal) (G1 Evacuation Pause)
[2026-05-27T11:23:50.272+0530][31.528s][info][gc,task     ] GC(760) Using 9 workers of 9 for evacuation
[2026-05-27T11:23:50.273+0530][31.529s][info][gc,phases   ] GC(760)   Pre Evacuate Collection Set: 0.08ms
[2026-05-27T11:23:50.273+0530][31.529s][info][gc,phases   ] GC(760)   Merge Heap Roots: 0.06ms
[2026-05-27T11:23:50.273+0530][31.529s][info][gc,phases   ] GC(760)   Evacuate Collection Set: 0.33ms
[2026-05-27T11:23:50.273+0530][31.529s][info][gc,phases   ] GC(760)   Post Evacuate Collection Set: 0.18ms
[2026-05-27T11:23:50.273+0530][31.529s][info][gc,phases   ] GC(760)   Other: 0.11ms
[2026-05-27T11:23:50.273+0530][31.529s][info][gc,heap     ] GC(760) Eden regions: 300->0(303)
[2026-05-27T11:23:50.273+0530][31.529s][info][gc,heap     ] GC(760) Survivor regions: 7->4(39)
[2026-05-27T11:23:50.273+0530][31.529s][info][gc,heap     ] GC(760) Old regions: 10->10
[2026-05-27T11:23:50.273+0530][31.529s][info][gc,heap     ] GC(760) Archive regions: 2->2
[2026-05-27T11:23:50.273+0530][31.529s][info][gc,heap     ] GC(760) Humongous regions: 0->0
[2026-05-27T11:23:50.273+0530][31.529s][info][gc,metaspace] GC(760) Metaspace: 1745K(2048K)->1745K(2048K) NonClass: 1568K(1728K)->1568K(1728K) Class: 177K(320K)->177K(320K)
[2026-05-27T11:23:50.273+0530][31.529s][info][gc          ] GC(760) Pause Young (Normal) (G1 Evacuation Pause) 316M->13M(512M) 0.840ms
[2026-05-27T11:23:50.273+0530][31.529s][info][gc,cpu      ] GC(760) User=0.00s Sys=0.00s Real=0.00s
[2026-05-27T11:23:50.314+0530][31.570s][info][gc,start    ] GC(761) Pause Young (Normal) (G1 Evacuation Pause)
[2026-05-27T11:23:50.314+0530][31.570s][info][gc,task     ] GC(761) Using 9 workers of 9 for evacuation
[2026-05-27T11:23:50.314+0530][31.571s][info][gc,phases   ] GC(761)   Pre Evacuate Collection Set: 0.12ms
[2026-05-27T11:23:50.314+0530][31.571s][info][gc,phases   ] GC(761)   Merge Heap Roots: 0.05ms
[2026-05-27T11:23:50.314+0530][31.571s][info][gc,phases   ] GC(761)   Evacuate Collection Set: 0.30ms
[2026-05-27T11:23:50.314+0530][31.571s][info][gc,phases   ] GC(761)   Post Evacuate Collection Set: 0.18ms
[2026-05-27T11:23:50.314+0530][31.571s][info][gc,phases   ] GC(761)   Other: 0.11ms
[2026-05-27T11:23:50.314+0530][31.571s][info][gc,heap     ] GC(761) Eden regions: 303->0(302)
[2026-05-27T11:23:50.314+0530][31.571s][info][gc,heap     ] GC(761) Survivor regions: 4->5(39)
[2026-05-27T11:23:50.314+0530][31.571s][info][gc,heap     ] GC(761) Old regions: 10->10
[2026-05-27T11:23:50.315+0530][31.571s][info][gc,heap     ] GC(761) Archive regions: 2->2
[2026-05-27T11:23:50.315+0530][31.571s][info][gc,heap     ] GC(761) Humongous regions: 0->0
[2026-05-27T11:23:50.315+0530][31.571s][info][gc,metaspace] GC(761) Metaspace: 1745K(2048K)->1745K(2048K) NonClass: 1568K(1728K)->1568K(1728K) Class: 177K(320K)->177K(320K)
[2026-05-27T11:23:50.315+0530][31.571s][info][gc          ] GC(761) Pause Young (Normal) (G1 Evacuation Pause) 316M->14M(512M) 0.836ms
[2026-05-27T11:23:50.315+0530][31.571s][info][gc,cpu      ] GC(761) User=0.00s Sys=0.00s Real=0.00s
[2026-05-27T11:23:50.357+0530][31.613s][info][gc,start    ] GC(762) Pause Young (Normal) (G1 Evacuation Pause)
[2026-05-27T11:23:50.357+0530][31.613s][info][gc,task     ] GC(762) Using 9 workers of 9 for evacuation
[2026-05-27T11:23:50.357+0530][31.614s][info][gc,phases   ] GC(762)   Pre Evacuate Collection Set: 0.07ms
[2026-05-27T11:23:50.357+0530][31.614s][info][gc,phases   ] GC(762)   Merge Heap Roots: 0.07ms
[2026-05-27T11:23:50.357+0530][31.614s][info][gc,phases   ] GC(762)   Evacuate Collection Set: 0.28ms
[2026-05-27T11:23:50.357+0530][31.614s][info][gc,phases   ] GC(762)   Post Evacuate Collection Set: 0.19ms
[2026-05-27T11:23:50.357+0530][31.614s][info][gc,phases   ] GC(762)   Other: 0.12ms
[2026-05-27T11:23:50.357+0530][31.614s][info][gc,heap     ] GC(762) Eden regions: 302->0(302)
[2026-05-27T11:23:50.357+0530][31.614s][info][gc,heap     ] GC(762) Survivor regions: 5->5(39)
[2026-05-27T11:23:50.357+0530][31.614s][info][gc,heap     ] GC(762) Old regions: 10->10
[2026-05-27T11:23:50.357+0530][31.614s][info][gc,heap     ] GC(762) Archive regions: 2->2
[2026-05-27T11:23:50.357+0530][31.614s][info][gc,heap     ] GC(762) Humongous regions: 0->0
[2026-05-27T11:23:50.357+0530][31.614s][info][gc,metaspace] GC(762) Metaspace: 1745K(2048K)->1745K(2048K) NonClass: 1568K(1728K)->1568K(1728K) Class: 177K(320K)->177K(320K)
[2026-05-27T11:23:50.358+0530][31.614s][info][gc          ] GC(762) Pause Young (Normal) (G1 Evacuation Pause) 316M->14M(512M) 0.807ms
[2026-05-27T11:23:50.358+0530][31.614s][info][gc,cpu      ] GC(762) User=0.00s Sys=0.00s Real=0.00s
[2026-05-27T11:23:50.396+0530][31.653s][info][gc,start    ] GC(763) Pause Young (Normal) (G1 Evacuation Pause)
[2026-05-27T11:23:50.397+0530][31.653s][info][gc,task     ] GC(763) Using 9 workers of 9 for evacuation
[2026-05-27T11:23:50.397+0530][31.653s][info][gc,phases   ] GC(763)   Pre Evacuate Collection Set: 0.09ms
[2026-05-27T11:23:50.397+0530][31.653s][info][gc,phases   ] GC(763)   Merge Heap Roots: 0.10ms
[2026-05-27T11:23:50.397+0530][31.653s][info][gc,phases   ] GC(763)   Evacuate Collection Set: 0.31ms
[2026-05-27T11:23:50.397+0530][31.653s][info][gc,phases   ] GC(763)   Post Evacuate Collection Set: 0.20ms
[2026-05-27T11:23:50.397+0530][31.653s][info][gc,phases   ] GC(763)   Other: 0.14ms
[2026-05-27T11:23:50.397+0530][31.653s][info][gc,heap     ] GC(763) Eden regions: 302->0(301)
[2026-05-27T11:23:50.397+0530][31.653s][info][gc,heap     ] GC(763) Survivor regions: 5->6(39)
[2026-05-27T11:23:50.397+0530][31.653s][info][gc,heap     ] GC(763) Old regions: 10->10
[2026-05-27T11:23:50.397+0530][31.653s][info][gc,heap     ] GC(763) Archive regions: 2->2
[2026-05-27T11:23:50.397+0530][31.653s][info][gc,heap     ] GC(763) Humongous regions: 9->0
[2026-05-27T11:23:50.397+0530][31.653s][info][gc,metaspace] GC(763) Metaspace: 1745K(2048K)->1745K(2048K) NonClass: 1568K(1728K)->1568K(1728K) Class: 177K(320K)->177K(320K)
[2026-05-27T11:23:50.397+0530][31.654s][info][gc          ] GC(763) Pause Young (Normal) (G1 Evacuation Pause) 325M->15M(512M) 0.927ms
[2026-05-27T11:23:50.397+0530][31.654s][info][gc,cpu      ] GC(763) User=0.01s Sys=0.00s Real=0.00s
[2026-05-27T11:23:50.438+0530][31.694s][info][gc,start    ] GC(764) Pause Young (Normal) (G1 Evacuation Pause)
[2026-05-27T11:23:50.438+0530][31.694s][info][gc,task     ] GC(764) Using 9 workers of 9 for evacuation
[2026-05-27T11:23:50.438+0530][31.694s][info][gc,phases   ] GC(764)   Pre Evacuate Collection Set: 0.08ms
[2026-05-27T11:23:50.438+0530][31.694s][info][gc,phases   ] GC(764)   Merge Heap Roots: 0.05ms
[2026-05-27T11:23:50.438+0530][31.694s][info][gc,phases   ] GC(764)   Evacuate Collection Set: 0.27ms
[2026-05-27T11:23:50.438+0530][31.694s][info][gc,phases   ] GC(764)   Post Evacuate Collection Set: 0.18ms
[2026-05-27T11:23:50.438+0530][31.695s][info][gc,phases   ] GC(764)   Other: 0.11ms
[2026-05-27T11:23:50.438+0530][31.695s][info][gc,heap     ] GC(764) Eden regions: 301->0(302)
[2026-05-27T11:23:50.438+0530][31.695s][info][gc,heap     ] GC(764) Survivor regions: 6->5(39)
[2026-05-27T11:23:50.438+0530][31.695s][info][gc,heap     ] GC(764) Old regions: 10->10
[2026-05-27T11:23:50.438+0530][31.695s][info][gc,heap     ] GC(764) Archive regions: 2->2
[2026-05-27T11:23:50.438+0530][31.695s][info][gc,heap     ] GC(764) Humongous regions: 0->0
[2026-05-27T11:23:50.438+0530][31.695s][info][gc,metaspace] GC(764) Metaspace: 1745K(2048K)->1745K(2048K) NonClass: 1568K(1728K)->1568K(1728K) Class: 177K(320K)->177K(320K)
[2026-05-27T11:23:50.438+0530][31.695s][info][gc          ] GC(764) Pause Young (Normal) (G1 Evacuation Pause) 316M->14M(512M) 0.738ms
[2026-05-27T11:23:50.438+0530][31.695s][info][gc,cpu      ] GC(764) User=0.00s Sys=0.00s Real=0.00s
[2026-05-27T11:23:50.479+0530][31.735s][info][gc,start    ] GC(765) Pause Young (Normal) (G1 Evacuation Pause)
[2026-05-27T11:23:50.479+0530][31.735s][info][gc,task     ] GC(765) Using 9 workers of 9 for evacuation
[2026-05-27T11:23:50.479+0530][31.736s][info][gc,phases   ] GC(765)   Pre Evacuate Collection Set: 0.06ms
[2026-05-27T11:23:50.479+0530][31.736s][info][gc,phases   ] GC(765)   Merge Heap Roots: 0.08ms
[2026-05-27T11:23:50.479+0530][31.736s][info][gc,phases   ] GC(765)   Evacuate Collection Set: 0.25ms
[2026-05-27T11:23:50.479+0530][31.736s][info][gc,phases   ] GC(765)   Post Evacuate Collection Set: 0.20ms
[2026-05-27T11:23:50.479+0530][31.736s][info][gc,phases   ] GC(765)   Other: 0.10ms
[2026-05-27T11:23:50.479+0530][31.736s][info][gc,heap     ] GC(765) Eden regions: 302->0(305)
[2026-05-27T11:23:50.479+0530][31.736s][info][gc,heap     ] GC(765) Survivor regions: 5->2(39)
[2026-05-27T11:23:50.479+0530][31.736s][info][gc,heap     ] GC(765) Old regions: 10->10
[2026-05-27T11:23:50.479+0530][31.736s][info][gc,heap     ] GC(765) Archive regions: 2->2
[2026-05-27T11:23:50.479+0530][31.736s][info][gc,heap     ] GC(765) Humongous regions: 9->0
[2026-05-27T11:23:50.479+0530][31.736s][info][gc,metaspace] GC(765) Metaspace: 1745K(2048K)->1745K(2048K) NonClass: 1568K(1728K)->1568K(1728K) Class: 177K(320K)->177K(320K)
[2026-05-27T11:23:50.479+0530][31.736s][info][gc          ] GC(765) Pause Young (Normal) (G1 Evacuation Pause) 325M->11M(512M) 0.759ms
[2026-05-27T11:23:50.479+0530][31.736s][info][gc,cpu      ] GC(765) User=0.00s Sys=0.00s Real=0.00s
[2026-05-27T11:23:50.521+0530][31.777s][info][gc,start    ] GC(766) Pause Young (Normal) (G1 Evacuation Pause)
[2026-05-27T11:23:50.521+0530][31.777s][info][gc,task     ] GC(766) Using 9 workers of 9 for evacuation
[2026-05-27T11:23:50.522+0530][31.778s][info][gc,phases   ] GC(766)   Pre Evacuate Collection Set: 0.07ms
[2026-05-27T11:23:50.522+0530][31.778s][info][gc,phases   ] GC(766)   Merge Heap Roots: 0.08ms
[2026-05-27T11:23:50.522+0530][31.778s][info][gc,phases   ] GC(766)   Evacuate Collection Set: 0.36ms
[2026-05-27T11:23:50.522+0530][31.778s][info][gc,phases   ] GC(766)   Post Evacuate Collection Set: 0.16ms
[2026-05-27T11:23:50.522+0530][31.778s][info][gc,phases   ] GC(766)   Other: 0.12ms
[2026-05-27T11:23:50.522+0530][31.778s][info][gc,heap     ] GC(766) Eden regions: 305->0(301)
[2026-05-27T11:23:50.522+0530][31.778s][info][gc,heap     ] GC(766) Survivor regions: 2->6(39)
[2026-05-27T11:23:50.522+0530][31.778s][info][gc,heap     ] GC(766) Old regions: 10->10
[2026-05-27T11:23:50.522+0530][31.778s][info][gc,heap     ] GC(766) Archive regions: 2->2
[2026-05-27T11:23:50.522+0530][31.778s][info][gc,heap     ] GC(766) Humongous regions: 9->0
[2026-05-27T11:23:50.522+0530][31.778s][info][gc,metaspace] GC(766) Metaspace: 1745K(2048K)->1745K(2048K) NonClass: 1568K(1728K)->1568K(1728K) Class: 177K(320K)->177K(320K)
[2026-05-27T11:23:50.522+0530][31.778s][info][gc          ] GC(766) Pause Young (Normal) (G1 Evacuation Pause) 325M->15M(512M) 0.864ms
[2026-05-27T11:23:50.522+0530][31.778s][info][gc,cpu      ] GC(766) User=0.00s Sys=0.00s Real=0.00s
[2026-05-27T11:23:50.560+0530][31.816s][info][gc,start    ] GC(767) Pause Young (Normal) (G1 Evacuation Pause)
[2026-05-27T11:23:50.560+0530][31.816s][info][gc,task     ] GC(767) Using 9 workers of 9 for evacuation
[2026-05-27T11:23:50.561+0530][31.817s][info][gc,phases   ] GC(767)   Pre Evacuate Collection Set: 0.08ms
[2026-05-27T11:23:50.561+0530][31.817s][info][gc,phases   ] GC(767)   Merge Heap Roots: 0.05ms
[2026-05-27T11:23:50.561+0530][31.817s][info][gc,phases   ] GC(767)   Evacuate Collection Set: 0.24ms
[2026-05-27T11:23:50.561+0530][31.817s][info][gc,phases   ] GC(767)   Post Evacuate Collection Set: 0.20ms
[2026-05-27T11:23:50.561+0530][31.817s][info][gc,phases   ] GC(767)   Other: 0.10ms
[2026-05-27T11:23:50.561+0530][31.817s][info][gc,heap     ] GC(767) Eden regions: 301->0(301)
[2026-05-27T11:23:50.561+0530][31.817s][info][gc,heap     ] GC(767) Survivor regions: 6->6(39)
[2026-05-27T11:23:50.561+0530][31.817s][info][gc,heap     ] GC(767) Old regions: 10->10
[2026-05-27T11:23:50.561+0530][31.817s][info][gc,heap     ] GC(767) Archive regions: 2->2
[2026-05-27T11:23:50.561+0530][31.817s][info][gc,heap     ] GC(767) Humongous regions: 0->0
[2026-05-27T11:23:50.561+0530][31.817s][info][gc,metaspace] GC(767) Metaspace: 1745K(2048K)->1745K(2048K) NonClass: 1568K(1728K)->1568K(1728K) Class: 177K(320K)->177K(320K)
[2026-05-27T11:23:50.561+0530][31.817s][info][gc          ] GC(767) Pause Young (Normal) (G1 Evacuation Pause) 316M->15M(512M) 0.746ms
[2026-05-27T11:23:50.561+0530][31.817s][info][gc,cpu      ] GC(767) User=0.01s Sys=0.00s Real=0.00s
[2026-05-27T11:23:50.600+0530][31.856s][info][gc,start    ] GC(768) Pause Young (Normal) (G1 Evacuation Pause)
[2026-05-27T11:23:50.600+0530][31.856s][info][gc,task     ] GC(768) Using 9 workers of 9 for evacuation
[2026-05-27T11:23:50.601+0530][31.857s][info][gc,phases   ] GC(768)   Pre Evacuate Collection Set: 0.13ms
[2026-05-27T11:23:50.601+0530][31.857s][info][gc,phases   ] GC(768)   Merge Heap Roots: 0.08ms
[2026-05-27T11:23:50.601+0530][31.857s][info][gc,phases   ] GC(768)   Evacuate Collection Set: 0.21ms
[2026-05-27T11:23:50.601+0530][31.857s][info][gc,phases   ] GC(768)   Post Evacuate Collection Set: 0.21ms
[2026-05-27T11:23:50.601+0530][31.857s][info][gc,phases   ] GC(768)   Other: 0.11ms
[2026-05-27T11:23:50.601+0530][31.857s][info][gc,heap     ] GC(768) Eden regions: 301->0(303)
[2026-05-27T11:23:50.601+0530][31.857s][info][gc,heap     ] GC(768) Survivor regions: 6->4(39)
[2026-05-27T11:23:50.601+0530][31.857s][info][gc,heap     ] GC(768) Old regions: 10->10
[2026-05-27T11:23:50.601+0530][31.857s][info][gc,heap     ] GC(768) Archive regions: 2->2
[2026-05-27T11:23:50.601+0530][31.857s][info][gc,heap     ] GC(768) Humongous regions: 9->0
[2026-05-27T11:23:50.601+0530][31.857s][info][gc,metaspace] GC(768) Metaspace: 1745K(2048K)->1745K(2048K) NonClass: 1568K(1728K)->1568K(1728K) Class: 177K(320K)->177K(320K)
[2026-05-27T11:23:50.601+0530][31.857s][info][gc          ] GC(768) Pause Young (Normal) (G1 Evacuation Pause) 325M->14M(512M) 0.826ms
[2026-05-27T11:23:50.601+0530][31.857s][info][gc,cpu      ] GC(768) User=0.00s Sys=0.00s Real=0.00s
[2026-05-27T11:23:50.642+0530][31.898s][info][gc,start    ] GC(769) Pause Young (Normal) (G1 Evacuation Pause)
[2026-05-27T11:23:50.642+0530][31.898s][info][gc,task     ] GC(769) Using 9 workers of 9 for evacuation
[2026-05-27T11:23:50.642+0530][31.898s][info][gc,phases   ] GC(769)   Pre Evacuate Collection Set: 0.08ms
[2026-05-27T11:23:50.642+0530][31.898s][info][gc,phases   ] GC(769)   Merge Heap Roots: 0.05ms
[2026-05-27T11:23:50.642+0530][31.898s][info][gc,phases   ] GC(769)   Evacuate Collection Set: 0.32ms
[2026-05-27T11:23:50.642+0530][31.898s][info][gc,phases   ] GC(769)   Post Evacuate Collection Set: 0.19ms
[2026-05-27T11:23:50.642+0530][31.898s][info][gc,phases   ] GC(769)   Other: 0.10ms
[2026-05-27T11:23:50.642+0530][31.898s][info][gc,heap     ] GC(769) Eden regions: 303->0(300)
[2026-05-27T11:23:50.642+0530][31.898s][info][gc,heap     ] GC(769) Survivor regions: 4->7(39)
[2026-05-27T11:23:50.642+0530][31.898s][info][gc,heap     ] GC(769) Old regions: 10->10
[2026-05-27T11:23:50.642+0530][31.898s][info][gc,heap     ] GC(769) Archive regions: 2->2
[2026-05-27T11:23:50.642+0530][31.898s][info][gc,heap     ] GC(769) Humongous regions: 0->0
[2026-05-27T11:23:50.642+0530][31.898s][info][gc,metaspace] GC(769) Metaspace: 1745K(2048K)->1745K(2048K) NonClass: 1568K(1728K)->1568K(1728K) Class: 177K(320K)->177K(320K)
[2026-05-27T11:23:50.642+0530][31.898s][info][gc          ] GC(769) Pause Young (Normal) (G1 Evacuation Pause) 316M->16M(512M) 0.806ms
[2026-05-27T11:23:50.642+0530][31.898s][info][gc,cpu      ] GC(769) User=0.00s Sys=0.00s Real=0.00s
[2026-05-27T11:23:50.682+0530][31.938s][info][gc,start    ] GC(770) Pause Young (Normal) (G1 Evacuation Pause)
[2026-05-27T11:23:50.682+0530][31.938s][info][gc,task     ] GC(770) Using 9 workers of 9 for evacuation
[2026-05-27T11:23:50.683+0530][31.939s][info][gc,phases   ] GC(770)   Pre Evacuate Collection Set: 0.10ms
[2026-05-27T11:23:50.683+0530][31.939s][info][gc,phases   ] GC(770)   Merge Heap Roots: 0.05ms
[2026-05-27T11:23:50.683+0530][31.939s][info][gc,phases   ] GC(770)   Evacuate Collection Set: 0.27ms
[2026-05-27T11:23:50.683+0530][31.939s][info][gc,phases   ] GC(770)   Post Evacuate Collection Set: 0.17ms
[2026-05-27T11:23:50.683+0530][31.939s][info][gc,phases   ] GC(770)   Other: 0.10ms
[2026-05-27T11:23:50.683+0530][31.939s][info][gc,heap     ] GC(770) Eden regions: 300->0(302)
[2026-05-27T11:23:50.683+0530][31.939s][info][gc,heap     ] GC(770) Survivor regions: 7->5(39)
[2026-05-27T11:23:50.683+0530][31.939s][info][gc,heap     ] GC(770) Old regions: 10->10
[2026-05-27T11:23:50.683+0530][31.939s][info][gc,heap     ] GC(770) Archive regions: 2->2
[2026-05-27T11:23:50.683+0530][31.939s][info][gc,heap     ] GC(770) Humongous regions: 0->0
[2026-05-27T11:23:50.683+0530][31.939s][info][gc,metaspace] GC(770) Metaspace: 1745K(2048K)->1745K(2048K) NonClass: 1568K(1728K)->1568K(1728K) Class: 177K(320K)->177K(320K)
[2026-05-27T11:23:50.683+0530][31.939s][info][gc          ] GC(770) Pause Young (Normal) (G1 Evacuation Pause) 316M->14M(512M) 0.808ms
[2026-05-27T11:23:50.683+0530][31.939s][info][gc,cpu      ] GC(770) User=0.00s Sys=0.00s Real=0.00s
[2026-05-27T11:23:50.723+0530][31.979s][info][gc,start    ] GC(771) Pause Young (Normal) (G1 Evacuation Pause)
[2026-05-27T11:23:50.723+0530][31.979s][info][gc,task     ] GC(771) Using 9 workers of 9 for evacuation
[2026-05-27T11:23:50.724+0530][31.980s][info][gc,phases   ] GC(771)   Pre Evacuate Collection Set: 0.10ms
[2026-05-27T11:23:50.724+0530][31.980s][info][gc,phases   ] GC(771)   Merge Heap Roots: 0.05ms
[2026-05-27T11:23:50.724+0530][31.980s][info][gc,phases   ] GC(771)   Evacuate Collection Set: 0.28ms
[2026-05-27T11:23:50.724+0530][31.980s][info][gc,phases   ] GC(771)   Post Evacuate Collection Set: 0.23ms
[2026-05-27T11:23:50.724+0530][31.980s][info][gc,phases   ] GC(771)   Other: 0.10ms
[2026-05-27T11:23:50.724+0530][31.980s][info][gc,heap     ] GC(771) Eden regions: 302->0(301)
[2026-05-27T11:23:50.724+0530][31.980s][info][gc,heap     ] GC(771) Survivor regions: 5->6(39)
[2026-05-27T11:23:50.724+0530][31.980s][info][gc,heap     ] GC(771) Old regions: 10->10
[2026-05-27T11:23:50.724+0530][31.980s][info][gc,heap     ] GC(771) Archive regions: 2->2
[2026-05-27T11:23:50.724+0530][31.980s][info][gc,heap     ] GC(771) Humongous regions: 0->0
[2026-05-27T11:23:50.724+0530][31.980s][info][gc,metaspace] GC(771) Metaspace: 1745K(2048K)->1745K(2048K) NonClass: 1568K(1728K)->1568K(1728K) Class: 177K(320K)->177K(320K)
[2026-05-27T11:23:50.724+0530][31.980s][info][gc          ] GC(771) Pause Young (Normal) (G1 Evacuation Pause) 316M->15M(512M) 0.898ms
[2026-05-27T11:23:50.724+0530][31.980s][info][gc,cpu      ] GC(771) User=0.00s Sys=0.00s Real=0.00s
[2026-05-27T11:23:50.765+0530][32.021s][info][gc,start    ] GC(772) Pause Young (Normal) (G1 Evacuation Pause)
[2026-05-27T11:23:50.765+0530][32.021s][info][gc,task     ] GC(772) Using 9 workers of 9 for evacuation
[2026-05-27T11:23:50.766+0530][32.022s][info][gc,phases   ] GC(772)   Pre Evacuate Collection Set: 0.09ms
[2026-05-27T11:23:50.766+0530][32.022s][info][gc,phases   ] GC(772)   Merge Heap Roots: 0.05ms
[2026-05-27T11:23:50.766+0530][32.022s][info][gc,phases   ] GC(772)   Evacuate Collection Set: 0.25ms
[2026-05-27T11:23:50.766+0530][32.022s][info][gc,phases   ] GC(772)   Post Evacuate Collection Set: 0.19ms
[2026-05-27T11:23:50.766+0530][32.022s][info][gc,phases   ] GC(772)   Other: 0.09ms
[2026-05-27T11:23:50.766+0530][32.022s][info][gc,heap     ] GC(772) Eden regions: 301->0(302)
[2026-05-27T11:23:50.766+0530][32.022s][info][gc,heap     ] GC(772) Survivor regions: 6->5(39)
[2026-05-27T11:23:50.766+0530][32.022s][info][gc,heap     ] GC(772) Old regions: 10->10
[2026-05-27T11:23:50.766+0530][32.022s][info][gc,heap     ] GC(772) Archive regions: 2->2
[2026-05-27T11:23:50.766+0530][32.022s][info][gc,heap     ] GC(772) Humongous regions: 0->0
[2026-05-27T11:23:50.766+0530][32.022s][info][gc,metaspace] GC(772) Metaspace: 1745K(2048K)->1745K(2048K) NonClass: 1568K(1728K)->1568K(1728K) Class: 177K(320K)->177K(320K)
[2026-05-27T11:23:50.766+0530][32.022s][info][gc          ] GC(772) Pause Young (Normal) (G1 Evacuation Pause) 316M->14M(512M) 0.768ms
[2026-05-27T11:23:50.766+0530][32.022s][info][gc,cpu      ] GC(772) User=0.00s Sys=0.00s Real=0.00s
[2026-05-27T11:23:50.805+0530][32.061s][info][gc,start    ] GC(773) Pause Young (Normal) (G1 Evacuation Pause)
[2026-05-27T11:23:50.805+0530][32.061s][info][gc,task     ] GC(773) Using 9 workers of 9 for evacuation
[2026-05-27T11:23:50.806+0530][32.062s][info][gc,phases   ] GC(773)   Pre Evacuate Collection Set: 0.05ms
[2026-05-27T11:23:50.806+0530][32.062s][info][gc,phases   ] GC(773)   Merge Heap Roots: 0.08ms
[2026-05-27T11:23:50.806+0530][32.062s][info][gc,phases   ] GC(773)   Evacuate Collection Set: 0.31ms
[2026-05-27T11:23:50.806+0530][32.062s][info][gc,phases   ] GC(773)   Post Evacuate Collection Set: 0.16ms
[2026-05-27T11:23:50.806+0530][32.062s][info][gc,phases   ] GC(773)   Other: 0.10ms
[2026-05-27T11:23:50.806+0530][32.062s][info][gc,heap     ] GC(773) Eden regions: 302->0(296)
[2026-05-27T11:23:50.806+0530][32.062s][info][gc,heap     ] GC(773) Survivor regions: 5->11(39)
[2026-05-27T11:23:50.806+0530][32.062s][info][gc,heap     ] GC(773) Old regions: 10->10
[2026-05-27T11:23:50.806+0530][32.062s][info][gc,heap     ] GC(773) Archive regions: 2->2
[2026-05-27T11:23:50.806+0530][32.062s][info][gc,heap     ] GC(773) Humongous regions: 0->0
[2026-05-27T11:23:50.806+0530][32.062s][info][gc,metaspace] GC(773) Metaspace: 1745K(2048K)->1745K(2048K) NonClass: 1568K(1728K)->1568K(1728K) Class: 177K(320K)->177K(320K)
[2026-05-27T11:23:50.806+0530][32.062s][info][gc          ] GC(773) Pause Young (Normal) (G1 Evacuation Pause) 316M->20M(512M) 0.773ms
[2026-05-27T11:23:50.806+0530][32.062s][info][gc,cpu      ] GC(773) User=0.00s Sys=0.00s Real=0.00s
[2026-05-27T11:23:50.847+0530][32.103s][info][gc,start    ] GC(774) Pause Young (Normal) (G1 Evacuation Pause)
[2026-05-27T11:23:50.847+0530][32.103s][info][gc,task     ] GC(774) Using 9 workers of 9 for evacuation
[2026-05-27T11:23:50.848+0530][32.104s][info][gc,phases   ] GC(774)   Pre Evacuate Collection Set: 0.14ms
[2026-05-27T11:23:50.848+0530][32.104s][info][gc,phases   ] GC(774)   Merge Heap Roots: 0.12ms
[2026-05-27T11:23:50.848+0530][32.104s][info][gc,phases   ] GC(774)   Evacuate Collection Set: 0.31ms
[2026-05-27T11:23:50.848+0530][32.104s][info][gc,phases   ] GC(774)   Post Evacuate Collection Set: 0.19ms
[2026-05-27T11:23:50.848+0530][32.104s][info][gc,phases   ] GC(774)   Other: 0.19ms
[2026-05-27T11:23:50.848+0530][32.104s][info][gc,heap     ] GC(774) Eden regions: 296->0(301)
[2026-05-27T11:23:50.848+0530][32.104s][info][gc,heap     ] GC(774) Survivor regions: 11->6(39)
[2026-05-27T11:23:50.848+0530][32.104s][info][gc,heap     ] GC(774) Old regions: 10->10
[2026-05-27T11:23:50.848+0530][32.104s][info][gc,heap     ] GC(774) Archive regions: 2->2
[2026-05-27T11:23:50.848+0530][32.104s][info][gc,heap     ] GC(774) Humongous regions: 0->0
[2026-05-27T11:23:50.848+0530][32.104s][info][gc,metaspace] GC(774) Metaspace: 1745K(2048K)->1745K(2048K) NonClass: 1568K(1728K)->1568K(1728K) Class: 177K(320K)->177K(320K)
[2026-05-27T11:23:50.848+0530][32.104s][info][gc          ] GC(774) Pause Young (Normal) (G1 Evacuation Pause) 316M->15M(512M) 1.038ms
[2026-05-27T11:23:50.848+0530][32.104s][info][gc,cpu      ] GC(774) User=0.00s Sys=0.00s Real=0.00s
[2026-05-27T11:23:50.888+0530][32.144s][info][gc,start    ] GC(775) Pause Young (Normal) (G1 Evacuation Pause)
[2026-05-27T11:23:50.888+0530][32.144s][info][gc,task     ] GC(775) Using 9 workers of 9 for evacuation
[2026-05-27T11:23:50.888+0530][32.145s][info][gc,phases   ] GC(775)   Pre Evacuate Collection Set: 0.10ms
[2026-05-27T11:23:50.888+0530][32.145s][info][gc,phases   ] GC(775)   Merge Heap Roots: 0.03ms
[2026-05-27T11:23:50.889+0530][32.145s][info][gc,phases   ] GC(775)   Evacuate Collection Set: 0.32ms
[2026-05-27T11:23:50.889+0530][32.145s][info][gc,phases   ] GC(775)   Post Evacuate Collection Set: 0.18ms
[2026-05-27T11:23:50.889+0530][32.145s][info][gc,phases   ] GC(775)   Other: 0.10ms
[2026-05-27T11:23:50.889+0530][32.145s][info][gc,heap     ] GC(775) Eden regions: 301->0(301)
[2026-05-27T11:23:50.889+0530][32.145s][info][gc,heap     ] GC(775) Survivor regions: 6->6(39)
[2026-05-27T11:23:50.889+0530][32.145s][info][gc,heap     ] GC(775) Old regions: 10->10
[2026-05-27T11:23:50.889+0530][32.145s][info][gc,heap     ] GC(775) Archive regions: 2->2
[2026-05-27T11:23:50.889+0530][32.145s][info][gc,heap     ] GC(775) Humongous regions: 0->0
[2026-05-27T11:23:50.889+0530][32.145s][info][gc,metaspace] GC(775) Metaspace: 1745K(2048K)->1745K(2048K) NonClass: 1568K(1728K)->1568K(1728K) Class: 177K(320K)->177K(320K)
[2026-05-27T11:23:50.889+0530][32.145s][info][gc          ] GC(775) Pause Young (Normal) (G1 Evacuation Pause) 316M->16M(512M) 0.790ms
[2026-05-27T11:23:50.889+0530][32.145s][info][gc,cpu      ] GC(775) User=0.00s Sys=0.00s Real=0.00s
[2026-05-27T11:23:50.927+0530][32.183s][info][gc,start    ] GC(776) Pause Young (Normal) (G1 Evacuation Pause)
[2026-05-27T11:23:50.927+0530][32.183s][info][gc,task     ] GC(776) Using 9 workers of 9 for evacuation
[2026-05-27T11:23:50.928+0530][32.184s][info][gc,phases   ] GC(776)   Pre Evacuate Collection Set: 0.08ms
[2026-05-27T11:23:50.928+0530][32.184s][info][gc,phases   ] GC(776)   Merge Heap Roots: 0.12ms
[2026-05-27T11:23:50.928+0530][32.184s][info][gc,phases   ] GC(776)   Evacuate Collection Set: 0.25ms
[2026-05-27T11:23:50.928+0530][32.184s][info][gc,phases   ] GC(776)   Post Evacuate Collection Set: 0.25ms
[2026-05-27T11:23:50.928+0530][32.184s][info][gc,phases   ] GC(776)   Other: 0.12ms
[2026-05-27T11:23:50.928+0530][32.184s][info][gc,heap     ] GC(776) Eden regions: 301->0(306)
[2026-05-27T11:23:50.928+0530][32.184s][info][gc,heap     ] GC(776) Survivor regions: 6->1(39)
[2026-05-27T11:23:50.928+0530][32.184s][info][gc,heap     ] GC(776) Old regions: 10->10
[2026-05-27T11:23:50.928+0530][32.184s][info][gc,heap     ] GC(776) Archive regions: 2->2
[2026-05-27T11:23:50.928+0530][32.184s][info][gc,heap     ] GC(776) Humongous regions: 0->0
[2026-05-27T11:23:50.928+0530][32.184s][info][gc,metaspace] GC(776) Metaspace: 1745K(2048K)->1745K(2048K) NonClass: 1568K(1728K)->1568K(1728K) Class: 177K(320K)->177K(320K)
[2026-05-27T11:23:50.928+0530][32.184s][info][gc          ] GC(776) Pause Young (Normal) (G1 Evacuation Pause) 317M->10M(512M) 0.905ms
[2026-05-27T11:23:50.928+0530][32.184s][info][gc,cpu      ] GC(776) User=0.00s Sys=0.00s Real=0.00s
[2026-05-27T11:23:50.973+0530][32.229s][info][gc,start    ] GC(777) Pause Young (Normal) (G1 Evacuation Pause)
[2026-05-27T11:23:50.973+0530][32.229s][info][gc,task     ] GC(777) Using 9 workers of 9 for evacuation
[2026-05-27T11:23:50.974+0530][32.230s][info][gc,phases   ] GC(777)   Pre Evacuate Collection Set: 0.06ms
[2026-05-27T11:23:50.974+0530][32.230s][info][gc,phases   ] GC(777)   Merge Heap Roots: 0.04ms
[2026-05-27T11:23:50.974+0530][32.230s][info][gc,phases   ] GC(777)   Evacuate Collection Set: 0.37ms
[2026-05-27T11:23:50.974+0530][32.230s][info][gc,phases   ] GC(777)   Post Evacuate Collection Set: 0.22ms
[2026-05-27T11:23:50.974+0530][32.230s][info][gc,phases   ] GC(777)   Other: 0.12ms
[2026-05-27T11:23:50.974+0530][32.230s][info][gc,heap     ] GC(777) Eden regions: 306->0(302)
[2026-05-27T11:23:50.974+0530][32.230s][info][gc,heap     ] GC(777) Survivor regions: 1->5(39)
[2026-05-27T11:23:50.974+0530][32.230s][info][gc,heap     ] GC(777) Old regions: 10->10
[2026-05-27T11:23:50.974+0530][32.230s][info][gc,heap     ] GC(777) Archive regions: 2->2
[2026-05-27T11:23:50.974+0530][32.230s][info][gc,heap     ] GC(777) Humongous regions: 9->0
[2026-05-27T11:23:50.974+0530][32.230s][info][gc,metaspace] GC(777) Metaspace: 1745K(2048K)->1745K(2048K) NonClass: 1568K(1728K)->1568K(1728K) Class: 177K(320K)->177K(320K)
[2026-05-27T11:23:50.974+0530][32.230s][info][gc          ] GC(777) Pause Young (Normal) (G1 Evacuation Pause) 325M->15M(512M) 0.965ms
[2026-05-27T11:23:50.974+0530][32.230s][info][gc,cpu      ] GC(777) User=0.00s Sys=0.00s Real=0.00s
[2026-05-27T11:23:51.022+0530][32.278s][info][gc,start    ] GC(778) Pause Young (Normal) (G1 Evacuation Pause)
[2026-05-27T11:23:51.022+0530][32.278s][info][gc,task     ] GC(778) Using 9 workers of 9 for evacuation
[2026-05-27T11:23:51.023+0530][32.279s][info][gc,phases   ] GC(778)   Pre Evacuate Collection Set: 0.05ms
[2026-05-27T11:23:51.023+0530][32.279s][info][gc,phases   ] GC(778)   Merge Heap Roots: 0.13ms
[2026-05-27T11:23:51.023+0530][32.279s][info][gc,phases   ] GC(778)   Evacuate Collection Set: 0.40ms
[2026-05-27T11:23:51.023+0530][32.279s][info][gc,phases   ] GC(778)   Post Evacuate Collection Set: 0.22ms
[2026-05-27T11:23:51.023+0530][32.279s][info][gc,phases   ] GC(778)   Other: 0.10ms
[2026-05-27T11:23:51.023+0530][32.279s][info][gc,heap     ] GC(778) Eden regions: 302->0(301)
[2026-05-27T11:23:51.023+0530][32.279s][info][gc,heap     ] GC(778) Survivor regions: 5->6(39)
[2026-05-27T11:23:51.023+0530][32.279s][info][gc,heap     ] GC(778) Old regions: 10->10
[2026-05-27T11:23:51.023+0530][32.279s][info][gc,heap     ] GC(778) Archive regions: 2->2
[2026-05-27T11:23:51.023+0530][32.279s][info][gc,heap     ] GC(778) Humongous regions: 0->0
[2026-05-27T11:23:51.023+0530][32.279s][info][gc,metaspace] GC(778) Metaspace: 1745K(2048K)->1745K(2048K) NonClass: 1568K(1728K)->1568K(1728K) Class: 177K(320K)->177K(320K)
[2026-05-27T11:23:51.023+0530][32.279s][info][gc          ] GC(778) Pause Young (Normal) (G1 Evacuation Pause) 316M->15M(512M) 0.978ms
[2026-05-27T11:23:51.023+0530][32.279s][info][gc,cpu      ] GC(778) User=0.01s Sys=0.01s Real=0.00s
[2026-05-27T11:23:51.063+0530][32.320s][info][gc,start    ] GC(779) Pause Young (Normal) (G1 Evacuation Pause)
[2026-05-27T11:23:51.063+0530][32.320s][info][gc,task     ] GC(779) Using 9 workers of 9 for evacuation
[2026-05-27T11:23:51.064+0530][32.320s][info][gc,phases   ] GC(779)   Pre Evacuate Collection Set: 0.08ms
[2026-05-27T11:23:51.064+0530][32.320s][info][gc,phases   ] GC(779)   Merge Heap Roots: 0.05ms
[2026-05-27T11:23:51.064+0530][32.320s][info][gc,phases   ] GC(779)   Evacuate Collection Set: 0.30ms
[2026-05-27T11:23:51.064+0530][32.320s][info][gc,phases   ] GC(779)   Post Evacuate Collection Set: 0.19ms
[2026-05-27T11:23:51.064+0530][32.320s][info][gc,phases   ] GC(779)   Other: 0.09ms
[2026-05-27T11:23:51.064+0530][32.320s][info][gc,heap     ] GC(779) Eden regions: 301->0(305)
[2026-05-27T11:23:51.064+0530][32.320s][info][gc,heap     ] GC(779) Survivor regions: 6->2(39)
[2026-05-27T11:23:51.064+0530][32.320s][info][gc,heap     ] GC(779) Old regions: 10->10
[2026-05-27T11:23:51.064+0530][32.320s][info][gc,heap     ] GC(779) Archive regions: 2->2
[2026-05-27T11:23:51.064+0530][32.320s][info][gc,heap     ] GC(779) Humongous regions: 9->0
[2026-05-27T11:23:51.064+0530][32.320s][info][gc,metaspace] GC(779) Metaspace: 1745K(2048K)->1745K(2048K) NonClass: 1568K(1728K)->1568K(1728K) Class: 177K(320K)->177K(320K)
[2026-05-27T11:23:51.064+0530][32.320s][info][gc          ] GC(779) Pause Young (Normal) (G1 Evacuation Pause) 325M->11M(512M) 0.783ms
[2026-05-27T11:23:51.064+0530][32.320s][info][gc,cpu      ] GC(779) User=0.00s Sys=0.00s Real=0.00s
[2026-05-27T11:23:51.105+0530][32.361s][info][gc,start    ] GC(780) Pause Young (Normal) (G1 Evacuation Pause)
[2026-05-27T11:23:51.105+0530][32.361s][info][gc,task     ] GC(780) Using 9 workers of 9 for evacuation
[2026-05-27T11:23:51.106+0530][32.362s][info][gc,phases   ] GC(780)   Pre Evacuate Collection Set: 0.07ms
[2026-05-27T11:23:51.106+0530][32.362s][info][gc,phases   ] GC(780)   Merge Heap Roots: 0.06ms
[2026-05-27T11:23:51.106+0530][32.362s][info][gc,phases   ] GC(780)   Evacuate Collection Set: 0.27ms
[2026-05-27T11:23:51.106+0530][32.362s][info][gc,phases   ] GC(780)   Post Evacuate Collection Set: 0.18ms
[2026-05-27T11:23:51.106+0530][32.362s][info][gc,phases   ] GC(780)   Other: 0.11ms
[2026-05-27T11:23:51.106+0530][32.362s][info][gc,heap     ] GC(780) Eden regions: 305->0(302)
[2026-05-27T11:23:51.106+0530][32.362s][info][gc,heap     ] GC(780) Survivor regions: 2->5(39)
[2026-05-27T11:23:51.106+0530][32.362s][info][gc,heap     ] GC(780) Old regions: 10->10
[2026-05-27T11:23:51.106+0530][32.362s][info][gc,heap     ] GC(780) Archive regions: 2->2
[2026-05-27T11:23:51.106+0530][32.362s][info][gc,heap     ] GC(780) Humongous regions: 0->0
[2026-05-27T11:23:51.106+0530][32.362s][info][gc,metaspace] GC(780) Metaspace: 1745K(2048K)->1745K(2048K) NonClass: 1568K(1728K)->1568K(1728K) Class: 177K(320K)->177K(320K)
[2026-05-27T11:23:51.106+0530][32.362s][info][gc          ] GC(780) Pause Young (Normal) (G1 Evacuation Pause) 316M->14M(512M) 0.766ms
[2026-05-27T11:23:51.106+0530][32.362s][info][gc,cpu      ] GC(780) User=0.00s Sys=0.00s Real=0.00s
[2026-05-27T11:23:51.147+0530][32.403s][info][gc,start    ] GC(781) Pause Young (Normal) (G1 Evacuation Pause)
[2026-05-27T11:23:51.147+0530][32.403s][info][gc,task     ] GC(781) Using 9 workers of 9 for evacuation
[2026-05-27T11:23:51.148+0530][32.404s][info][gc,phases   ] GC(781)   Pre Evacuate Collection Set: 0.09ms
[2026-05-27T11:23:51.148+0530][32.404s][info][gc,phases   ] GC(781)   Merge Heap Roots: 0.06ms
[2026-05-27T11:23:51.148+0530][32.404s][info][gc,phases   ] GC(781)   Evacuate Collection Set: 0.26ms
[2026-05-27T11:23:51.148+0530][32.404s][info][gc,phases   ] GC(781)   Post Evacuate Collection Set: 0.21ms
[2026-05-27T11:23:51.148+0530][32.404s][info][gc,phases   ] GC(781)   Other: 0.12ms
[2026-05-27T11:23:51.148+0530][32.404s][info][gc,heap     ] GC(781) Eden regions: 302->0(301)
[2026-05-27T11:23:51.148+0530][32.404s][info][gc,heap     ] GC(781) Survivor regions: 5->6(39)
[2026-05-27T11:23:51.148+0530][32.404s][info][gc,heap     ] GC(781) Old regions: 10->10
[2026-05-27T11:23:51.148+0530][32.404s][info][gc,heap     ] GC(781) Archive regions: 2->2
[2026-05-27T11:23:51.148+0530][32.404s][info][gc,heap     ] GC(781) Humongous regions: 0->0
[2026-05-27T11:23:51.148+0530][32.404s][info][gc,metaspace] GC(781) Metaspace: 1745K(2048K)->1745K(2048K) NonClass: 1568K(1728K)->1568K(1728K) Class: 177K(320K)->177K(320K)
[2026-05-27T11:23:51.148+0530][32.404s][info][gc          ] GC(781) Pause Young (Normal) (G1 Evacuation Pause) 316M->15M(512M) 0.801ms
[2026-05-27T11:23:51.148+0530][32.404s][info][gc,cpu      ] GC(781) User=0.00s Sys=0.00s Real=0.00s
[2026-05-27T11:23:51.191+0530][32.448s][info][gc,start    ] GC(782) Pause Young (Normal) (G1 Evacuation Pause)
[2026-05-27T11:23:51.191+0530][32.448s][info][gc,task     ] GC(782) Using 9 workers of 9 for evacuation
[2026-05-27T11:23:51.192+0530][32.448s][info][gc,phases   ] GC(782)   Pre Evacuate Collection Set: 0.10ms
[2026-05-27T11:23:51.192+0530][32.448s][info][gc,phases   ] GC(782)   Merge Heap Roots: 0.05ms
[2026-05-27T11:23:51.192+0530][32.448s][info][gc,phases   ] GC(782)   Evacuate Collection Set: 0.26ms
[2026-05-27T11:23:51.192+0530][32.448s][info][gc,phases   ] GC(782)   Post Evacuate Collection Set: 0.20ms
[2026-05-27T11:23:51.192+0530][32.448s][info][gc,phases   ] GC(782)   Other: 0.09ms
[2026-05-27T11:23:51.192+0530][32.448s][info][gc,heap     ] GC(782) Eden regions: 301->0(301)
[2026-05-27T11:23:51.192+0530][32.448s][info][gc,heap     ] GC(782) Survivor regions: 6->6(39)
[2026-05-27T11:23:51.192+0530][32.448s][info][gc,heap     ] GC(782) Old regions: 10->10
[2026-05-27T11:23:51.192+0530][32.448s][info][gc,heap     ] GC(782) Archive regions: 2->2
[2026-05-27T11:23:51.192+0530][32.448s][info][gc,heap     ] GC(782) Humongous regions: 0->0
[2026-05-27T11:23:51.192+0530][32.448s][info][gc,metaspace] GC(782) Metaspace: 1745K(2048K)->1745K(2048K) NonClass: 1568K(1728K)->1568K(1728K) Class: 177K(320K)->177K(320K)
[2026-05-27T11:23:51.192+0530][32.448s][info][gc          ] GC(782) Pause Young (Normal) (G1 Evacuation Pause) 316M->15M(512M) 0.762ms
[2026-05-27T11:23:51.192+0530][32.448s][info][gc,cpu      ] GC(782) User=0.01s Sys=0.00s Real=0.00s
[2026-05-27T11:23:51.232+0530][32.488s][info][gc,start    ] GC(783) Pause Young (Normal) (G1 Evacuation Pause)
[2026-05-27T11:23:51.232+0530][32.488s][info][gc,task     ] GC(783) Using 9 workers of 9 for evacuation
[2026-05-27T11:23:51.232+0530][32.488s][info][gc,phases   ] GC(783)   Pre Evacuate Collection Set: 0.07ms
[2026-05-27T11:23:51.232+0530][32.488s][info][gc,phases   ] GC(783)   Merge Heap Roots: 0.05ms
[2026-05-27T11:23:51.232+0530][32.488s][info][gc,phases   ] GC(783)   Evacuate Collection Set: 0.36ms
[2026-05-27T11:23:51.232+0530][32.488s][info][gc,phases   ] GC(783)   Post Evacuate Collection Set: 0.23ms
[2026-05-27T11:23:51.232+0530][32.489s][info][gc,phases   ] GC(783)   Other: 0.09ms
[2026-05-27T11:23:51.232+0530][32.489s][info][gc,heap     ] GC(783) Eden regions: 301->0(302)
[2026-05-27T11:23:51.232+0530][32.489s][info][gc,heap     ] GC(783) Survivor regions: 6->5(39)
[2026-05-27T11:23:51.232+0530][32.489s][info][gc,heap     ] GC(783) Old regions: 10->10
[2026-05-27T11:23:51.232+0530][32.489s][info][gc,heap     ] GC(783) Archive regions: 2->2
[2026-05-27T11:23:51.232+0530][32.489s][info][gc,heap     ] GC(783) Humongous regions: 0->0
[2026-05-27T11:23:51.232+0530][32.489s][info][gc,metaspace] GC(783) Metaspace: 1745K(2048K)->1745K(2048K) NonClass: 1568K(1728K)->1568K(1728K) Class: 177K(320K)->177K(320K)
[2026-05-27T11:23:51.232+0530][32.489s][info][gc          ] GC(783) Pause Young (Normal) (G1 Evacuation Pause) 316M->14M(512M) 0.864ms
[2026-05-27T11:23:51.232+0530][32.489s][info][gc,cpu      ] GC(783) User=0.00s Sys=0.00s Real=0.00s
[2026-05-27T11:23:51.271+0530][32.527s][info][gc,start    ] GC(784) Pause Young (Normal) (G1 Evacuation Pause)
[2026-05-27T11:23:51.271+0530][32.527s][info][gc,task     ] GC(784) Using 9 workers of 9 for evacuation
[2026-05-27T11:23:51.272+0530][32.528s][info][gc,phases   ] GC(784)   Pre Evacuate Collection Set: 0.07ms
[2026-05-27T11:23:51.272+0530][32.528s][info][gc,phases   ] GC(784)   Merge Heap Roots: 0.05ms
[2026-05-27T11:23:51.272+0530][32.528s][info][gc,phases   ] GC(784)   Evacuate Collection Set: 0.29ms
[2026-05-27T11:23:51.272+0530][32.528s][info][gc,phases   ] GC(784)   Post Evacuate Collection Set: 0.21ms
[2026-05-27T11:23:51.272+0530][32.528s][info][gc,phases   ] GC(784)   Other: 0.09ms
[2026-05-27T11:23:51.272+0530][32.528s][info][gc,heap     ] GC(784) Eden regions: 302->0(302)
[2026-05-27T11:23:51.272+0530][32.528s][info][gc,heap     ] GC(784) Survivor regions: 5->5(39)
[2026-05-27T11:23:51.272+0530][32.528s][info][gc,heap     ] GC(784) Old regions: 10->10
[2026-05-27T11:23:51.272+0530][32.528s][info][gc,heap     ] GC(784) Archive regions: 2->2
[2026-05-27T11:23:51.272+0530][32.528s][info][gc,heap     ] GC(784) Humongous regions: 0->0
[2026-05-27T11:23:51.272+0530][32.528s][info][gc,metaspace] GC(784) Metaspace: 1745K(2048K)->1745K(2048K) NonClass: 1568K(1728K)->1568K(1728K) Class: 177K(320K)->177K(320K)
[2026-05-27T11:23:51.272+0530][32.528s][info][gc          ] GC(784) Pause Young (Normal) (G1 Evacuation Pause) 316M->14M(512M) 0.779ms
[2026-05-27T11:23:51.272+0530][32.528s][info][gc,cpu      ] GC(784) User=0.00s Sys=0.00s Real=0.00s
[2026-05-27T11:23:51.315+0530][32.571s][info][gc,start    ] GC(785) Pause Young (Normal) (G1 Evacuation Pause)
[2026-05-27T11:23:51.315+0530][32.571s][info][gc,task     ] GC(785) Using 9 workers of 9 for evacuation
[2026-05-27T11:23:51.316+0530][32.572s][info][gc,phases   ] GC(785)   Pre Evacuate Collection Set: 0.10ms
[2026-05-27T11:23:51.316+0530][32.572s][info][gc,phases   ] GC(785)   Merge Heap Roots: 0.05ms
[2026-05-27T11:23:51.316+0530][32.572s][info][gc,phases   ] GC(785)   Evacuate Collection Set: 0.27ms
[2026-05-27T11:23:51.316+0530][32.572s][info][gc,phases   ] GC(785)   Post Evacuate Collection Set: 0.21ms
[2026-05-27T11:23:51.316+0530][32.572s][info][gc,phases   ] GC(785)   Other: 0.11ms
[2026-05-27T11:23:51.316+0530][32.572s][info][gc,heap     ] GC(785) Eden regions: 302->0(301)
[2026-05-27T11:23:51.316+0530][32.572s][info][gc,heap     ] GC(785) Survivor regions: 5->6(39)
[2026-05-27T11:23:51.316+0530][32.572s][info][gc,heap     ] GC(785) Old regions: 10->10
[2026-05-27T11:23:51.316+0530][32.572s][info][gc,heap     ] GC(785) Archive regions: 2->2
[2026-05-27T11:23:51.316+0530][32.572s][info][gc,heap     ] GC(785) Humongous regions: 0->0
[2026-05-27T11:23:51.316+0530][32.572s][info][gc,metaspace] GC(785) Metaspace: 1745K(2048K)->1745K(2048K) NonClass: 1568K(1728K)->1568K(1728K) Class: 177K(320K)->177K(320K)
[2026-05-27T11:23:51.316+0530][32.572s][info][gc          ] GC(785) Pause Young (Normal) (G1 Evacuation Pause) 316M->15M(512M) 0.816ms
[2026-05-27T11:23:51.316+0530][32.572s][info][gc,cpu      ] GC(785) User=0.00s Sys=0.00s Real=0.00s
[2026-05-27T11:23:51.356+0530][32.612s][info][gc,start    ] GC(786) Pause Young (Normal) (G1 Evacuation Pause)
[2026-05-27T11:23:51.356+0530][32.612s][info][gc,task     ] GC(786) Using 9 workers of 9 for evacuation
[2026-05-27T11:23:51.357+0530][32.613s][info][gc,phases   ] GC(786)   Pre Evacuate Collection Set: 0.10ms
[2026-05-27T11:23:51.357+0530][32.613s][info][gc,phases   ] GC(786)   Merge Heap Roots: 0.05ms
[2026-05-27T11:23:51.357+0530][32.613s][info][gc,phases   ] GC(786)   Evacuate Collection Set: 0.27ms
[2026-05-27T11:23:51.357+0530][32.613s][info][gc,phases   ] GC(786)   Post Evacuate Collection Set: 0.19ms
[2026-05-27T11:23:51.357+0530][32.613s][info][gc,phases   ] GC(786)   Other: 0.10ms
[2026-05-27T11:23:51.357+0530][32.613s][info][gc,heap     ] GC(786) Eden regions: 301->0(303)
[2026-05-27T11:23:51.357+0530][32.613s][info][gc,heap     ] GC(786) Survivor regions: 6->4(39)
[2026-05-27T11:23:51.357+0530][32.613s][info][gc,heap     ] GC(786) Old regions: 10->10
[2026-05-27T11:23:51.357+0530][32.613s][info][gc,heap     ] GC(786) Archive regions: 2->2
[2026-05-27T11:23:51.357+0530][32.613s][info][gc,heap     ] GC(786) Humongous regions: 0->0
[2026-05-27T11:23:51.357+0530][32.613s][info][gc,metaspace] GC(786) Metaspace: 1745K(2048K)->1745K(2048K) NonClass: 1568K(1728K)->1568K(1728K) Class: 177K(320K)->177K(320K)
[2026-05-27T11:23:51.357+0530][32.613s][info][gc          ] GC(786) Pause Young (Normal) (G1 Evacuation Pause) 316M->14M(512M) 0.817ms
[2026-05-27T11:23:51.357+0530][32.613s][info][gc,cpu      ] GC(786) User=0.01s Sys=0.00s Real=0.00s
[2026-05-27T11:23:51.396+0530][32.652s][info][gc,start    ] GC(787) Pause Young (Normal) (G1 Evacuation Pause)
[2026-05-27T11:23:51.396+0530][32.652s][info][gc,task     ] GC(787) Using 9 workers of 9 for evacuation
[2026-05-27T11:23:51.397+0530][32.653s][info][gc,phases   ] GC(787)   Pre Evacuate Collection Set: 0.06ms
[2026-05-27T11:23:51.397+0530][32.653s][info][gc,phases   ] GC(787)   Merge Heap Roots: 0.04ms
[2026-05-27T11:23:51.397+0530][32.653s][info][gc,phases   ] GC(787)   Evacuate Collection Set: 0.31ms
[2026-05-27T11:23:51.397+0530][32.653s][info][gc,phases   ] GC(787)   Post Evacuate Collection Set: 0.19ms
[2026-05-27T11:23:51.397+0530][32.653s][info][gc,phases   ] GC(787)   Other: 0.10ms
[2026-05-27T11:23:51.397+0530][32.653s][info][gc,heap     ] GC(787) Eden regions: 303->0(305)
[2026-05-27T11:23:51.397+0530][32.653s][info][gc,heap     ] GC(787) Survivor regions: 4->2(39)
[2026-05-27T11:23:51.397+0530][32.653s][info][gc,heap     ] GC(787) Old regions: 10->10
[2026-05-27T11:23:51.397+0530][32.653s][info][gc,heap     ] GC(787) Archive regions: 2->2
[2026-05-27T11:23:51.397+0530][32.653s][info][gc,heap     ] GC(787) Humongous regions: 18->0
[2026-05-27T11:23:51.397+0530][32.653s][info][gc,metaspace] GC(787) Metaspace: 1745K(2048K)->1745K(2048K) NonClass: 1568K(1728K)->1568K(1728K) Class: 177K(320K)->177K(320K)
[2026-05-27T11:23:51.397+0530][32.653s][info][gc          ] GC(787) Pause Young (Normal) (G1 Evacuation Pause) 334M->11M(512M) 0.822ms
[2026-05-27T11:23:51.397+0530][32.653s][info][gc,cpu      ] GC(787) User=0.00s Sys=0.01s Real=0.00s
[2026-05-27T11:23:51.437+0530][32.693s][info][gc,start    ] GC(788) Pause Young (Normal) (G1 Evacuation Pause)
[2026-05-27T11:23:51.437+0530][32.693s][info][gc,task     ] GC(788) Using 9 workers of 9 for evacuation
[2026-05-27T11:23:51.437+0530][32.694s][info][gc,phases   ] GC(788)   Pre Evacuate Collection Set: 0.11ms
[2026-05-27T11:23:51.438+0530][32.694s][info][gc,phases   ] GC(788)   Merge Heap Roots: 0.05ms
[2026-05-27T11:23:51.438+0530][32.694s][info][gc,phases   ] GC(788)   Evacuate Collection Set: 0.24ms
[2026-05-27T11:23:51.438+0530][32.694s][info][gc,phases   ] GC(788)   Post Evacuate Collection Set: 0.19ms
[2026-05-27T11:23:51.438+0530][32.694s][info][gc,phases   ] GC(788)   Other: 0.12ms
[2026-05-27T11:23:51.438+0530][32.694s][info][gc,heap     ] GC(788) Eden regions: 305->0(303)
[2026-05-27T11:23:51.438+0530][32.694s][info][gc,heap     ] GC(788) Survivor regions: 2->4(39)
[2026-05-27T11:23:51.438+0530][32.694s][info][gc,heap     ] GC(788) Old regions: 10->10
[2026-05-27T11:23:51.438+0530][32.694s][info][gc,heap     ] GC(788) Archive regions: 2->2
[2026-05-27T11:23:51.438+0530][32.694s][info][gc,heap     ] GC(788) Humongous regions: 0->0
[2026-05-27T11:23:51.438+0530][32.694s][info][gc,metaspace] GC(788) Metaspace: 1745K(2048K)->1745K(2048K) NonClass: 1568K(1728K)->1568K(1728K) Class: 177K(320K)->177K(320K)
[2026-05-27T11:23:51.438+0530][32.694s][info][gc          ] GC(788) Pause Young (Normal) (G1 Evacuation Pause) 316M->13M(512M) 0.788ms
[2026-05-27T11:23:51.438+0530][32.694s][info][gc,cpu      ] GC(788) User=0.00s Sys=0.00s Real=0.00s
[2026-05-27T11:23:51.478+0530][32.734s][info][gc,start    ] GC(789) Pause Young (Normal) (G1 Evacuation Pause)
[2026-05-27T11:23:51.478+0530][32.734s][info][gc,task     ] GC(789) Using 9 workers of 9 for evacuation
[2026-05-27T11:23:51.479+0530][32.735s][info][gc,phases   ] GC(789)   Pre Evacuate Collection Set: 0.05ms
[2026-05-27T11:23:51.479+0530][32.735s][info][gc,phases   ] GC(789)   Merge Heap Roots: 0.08ms
[2026-05-27T11:23:51.479+0530][32.735s][info][gc,phases   ] GC(789)   Evacuate Collection Set: 0.25ms
[2026-05-27T11:23:51.479+0530][32.735s][info][gc,phases   ] GC(789)   Post Evacuate Collection Set: 0.18ms
[2026-05-27T11:23:51.479+0530][32.735s][info][gc,phases   ] GC(789)   Other: 0.11ms
[2026-05-27T11:23:51.479+0530][32.735s][info][gc,heap     ] GC(789) Eden regions: 303->0(306)
[2026-05-27T11:23:51.479+0530][32.735s][info][gc,heap     ] GC(789) Survivor regions: 4->1(39)
[2026-05-27T11:23:51.479+0530][32.735s][info][gc,heap     ] GC(789) Old regions: 10->10
[2026-05-27T11:23:51.479+0530][32.735s][info][gc,heap     ] GC(789) Archive regions: 2->2
[2026-05-27T11:23:51.479+0530][32.735s][info][gc,heap     ] GC(789) Humongous regions: 0->0
[2026-05-27T11:23:51.479+0530][32.735s][info][gc,metaspace] GC(789) Metaspace: 1745K(2048K)->1745K(2048K) NonClass: 1568K(1728K)->1568K(1728K) Class: 177K(320K)->177K(320K)
[2026-05-27T11:23:51.479+0530][32.735s][info][gc          ] GC(789) Pause Young (Normal) (G1 Evacuation Pause) 316M->11M(512M) 0.732ms
[2026-05-27T11:23:51.479+0530][32.735s][info][gc,cpu      ] GC(789) User=0.01s Sys=0.00s Real=0.00s
[2026-05-27T11:23:51.520+0530][32.776s][info][gc,start    ] GC(790) Pause Young (Normal) (G1 Evacuation Pause)
[2026-05-27T11:23:51.520+0530][32.776s][info][gc,task     ] GC(790) Using 9 workers of 9 for evacuation
[2026-05-27T11:23:51.520+0530][32.776s][info][gc,phases   ] GC(790)   Pre Evacuate Collection Set: 0.04ms
[2026-05-27T11:23:51.520+0530][32.776s][info][gc,phases   ] GC(790)   Merge Heap Roots: 0.04ms
[2026-05-27T11:23:51.520+0530][32.776s][info][gc,phases   ] GC(790)   Evacuate Collection Set: 0.27ms
[2026-05-27T11:23:51.520+0530][32.776s][info][gc,phases   ] GC(790)   Post Evacuate Collection Set: 0.23ms
[2026-05-27T11:23:51.520+0530][32.776s][info][gc,phases   ] GC(790)   Other: 0.12ms
[2026-05-27T11:23:51.520+0530][32.776s][info][gc,heap     ] GC(790) Eden regions: 306->0(302)
[2026-05-27T11:23:51.520+0530][32.776s][info][gc,heap     ] GC(790) Survivor regions: 1->5(39)
[2026-05-27T11:23:51.520+0530][32.776s][info][gc,heap     ] GC(790) Old regions: 10->10
[2026-05-27T11:23:51.520+0530][32.776s][info][gc,heap     ] GC(790) Archive regions: 2->2
[2026-05-27T11:23:51.520+0530][32.776s][info][gc,heap     ] GC(790) Humongous regions: 0->0
[2026-05-27T11:23:51.520+0530][32.776s][info][gc,metaspace] GC(790) Metaspace: 1745K(2048K)->1745K(2048K) NonClass: 1568K(1728K)->1568K(1728K) Class: 177K(320K)->177K(320K)
[2026-05-27T11:23:51.520+0530][32.776s][info][gc          ] GC(790) Pause Young (Normal) (G1 Evacuation Pause) 316M->14M(512M) 0.766ms
[2026-05-27T11:23:51.520+0530][32.776s][info][gc,cpu      ] GC(790) User=0.00s Sys=0.00s Real=0.00s
[2026-05-27T11:23:51.559+0530][32.815s][info][gc,start    ] GC(791) Pause Young (Normal) (G1 Evacuation Pause)
[2026-05-27T11:23:51.559+0530][32.815s][info][gc,task     ] GC(791) Using 9 workers of 9 for evacuation
[2026-05-27T11:23:51.560+0530][32.816s][info][gc,phases   ] GC(791)   Pre Evacuate Collection Set: 0.09ms
[2026-05-27T11:23:51.560+0530][32.816s][info][gc,phases   ] GC(791)   Merge Heap Roots: 0.08ms
[2026-05-27T11:23:51.560+0530][32.816s][info][gc,phases   ] GC(791)   Evacuate Collection Set: 0.22ms
[2026-05-27T11:23:51.560+0530][32.816s][info][gc,phases   ] GC(791)   Post Evacuate Collection Set: 0.19ms
[2026-05-27T11:23:51.560+0530][32.816s][info][gc,phases   ] GC(791)   Other: 0.10ms
[2026-05-27T11:23:51.560+0530][32.816s][info][gc,heap     ] GC(791) Eden regions: 302->0(306)
[2026-05-27T11:23:51.560+0530][32.816s][info][gc,heap     ] GC(791) Survivor regions: 5->1(39)
[2026-05-27T11:23:51.560+0530][32.816s][info][gc,heap     ] GC(791) Old regions: 10->10
[2026-05-27T11:23:51.560+0530][32.816s][info][gc,heap     ] GC(791) Archive regions: 2->2
[2026-05-27T11:23:51.560+0530][32.816s][info][gc,heap     ] GC(791) Humongous regions: 0->0
[2026-05-27T11:23:51.560+0530][32.816s][info][gc,metaspace] GC(791) Metaspace: 1745K(2048K)->1745K(2048K) NonClass: 1568K(1728K)->1568K(1728K) Class: 177K(320K)->177K(320K)
[2026-05-27T11:23:51.560+0530][32.816s][info][gc          ] GC(791) Pause Young (Normal) (G1 Evacuation Pause) 316M->10M(512M) 0.737ms
[2026-05-27T11:23:51.560+0530][32.816s][info][gc,cpu      ] GC(791) User=0.00s Sys=0.00s Real=0.01s
[2026-05-27T11:23:51.603+0530][32.859s][info][gc,start    ] GC(792) Pause Young (Normal) (G1 Evacuation Pause)
[2026-05-27T11:23:51.603+0530][32.859s][info][gc,task     ] GC(792) Using 9 workers of 9 for evacuation
[2026-05-27T11:23:51.604+0530][32.860s][info][gc,phases   ] GC(792)   Pre Evacuate Collection Set: 0.08ms
[2026-05-27T11:23:51.604+0530][32.860s][info][gc,phases   ] GC(792)   Merge Heap Roots: 0.06ms
[2026-05-27T11:23:51.604+0530][32.860s][info][gc,phases   ] GC(792)   Evacuate Collection Set: 0.28ms
[2026-05-27T11:23:51.604+0530][32.860s][info][gc,phases   ] GC(792)   Post Evacuate Collection Set: 0.17ms
[2026-05-27T11:23:51.604+0530][32.860s][info][gc,phases   ] GC(792)   Other: 0.10ms
[2026-05-27T11:23:51.604+0530][32.860s][info][gc,heap     ] GC(792) Eden regions: 306->0(302)
[2026-05-27T11:23:51.604+0530][32.860s][info][gc,heap     ] GC(792) Survivor regions: 1->5(39)
[2026-05-27T11:23:51.604+0530][32.860s][info][gc,heap     ] GC(792) Old regions: 10->10
[2026-05-27T11:23:51.604+0530][32.860s][info][gc,heap     ] GC(792) Archive regions: 2->2
[2026-05-27T11:23:51.604+0530][32.860s][info][gc,heap     ] GC(792) Humongous regions: 0->0
[2026-05-27T11:23:51.604+0530][32.860s][info][gc,metaspace] GC(792) Metaspace: 1745K(2048K)->1745K(2048K) NonClass: 1568K(1728K)->1568K(1728K) Class: 177K(320K)->177K(320K)
[2026-05-27T11:23:51.604+0530][32.860s][info][gc          ] GC(792) Pause Young (Normal) (G1 Evacuation Pause) 316M->14M(512M) 0.783ms
[2026-05-27T11:23:51.604+0530][32.860s][info][gc,cpu      ] GC(792) User=0.00s Sys=0.00s Real=0.00s
[2026-05-27T11:23:51.642+0530][32.898s][info][gc,start    ] GC(793) Pause Young (Normal) (G1 Evacuation Pause)
[2026-05-27T11:23:51.642+0530][32.898s][info][gc,task     ] GC(793) Using 9 workers of 9 for evacuation
[2026-05-27T11:23:51.643+0530][32.899s][info][gc,phases   ] GC(793)   Pre Evacuate Collection Set: 0.05ms
[2026-05-27T11:23:51.643+0530][32.899s][info][gc,phases   ] GC(793)   Merge Heap Roots: 0.05ms
[2026-05-27T11:23:51.643+0530][32.899s][info][gc,phases   ] GC(793)   Evacuate Collection Set: 0.28ms
[2026-05-27T11:23:51.643+0530][32.899s][info][gc,phases   ] GC(793)   Post Evacuate Collection Set: 0.22ms
[2026-05-27T11:23:51.643+0530][32.899s][info][gc,phases   ] GC(793)   Other: 0.08ms
[2026-05-27T11:23:51.643+0530][32.899s][info][gc,heap     ] GC(793) Eden regions: 302->0(303)
[2026-05-27T11:23:51.643+0530][32.899s][info][gc,heap     ] GC(793) Survivor regions: 5->4(39)
[2026-05-27T11:23:51.643+0530][32.899s][info][gc,heap     ] GC(793) Old regions: 10->10
[2026-05-27T11:23:51.643+0530][32.899s][info][gc,heap     ] GC(793) Archive regions: 2->2
[2026-05-27T11:23:51.643+0530][32.899s][info][gc,heap     ] GC(793) Humongous regions: 9->0
[2026-05-27T11:23:51.643+0530][32.899s][info][gc,metaspace] GC(793) Metaspace: 1745K(2048K)->1745K(2048K) NonClass: 1568K(1728K)->1568K(1728K) Class: 177K(320K)->177K(320K)
[2026-05-27T11:23:51.643+0530][32.899s][info][gc          ] GC(793) Pause Young (Normal) (G1 Evacuation Pause) 325M->14M(512M) 0.741ms
[2026-05-27T11:23:51.643+0530][32.899s][info][gc,cpu      ] GC(793) User=0.01s Sys=0.00s Real=0.00s
[2026-05-27T11:23:51.681+0530][32.937s][info][gc,start    ] GC(794) Pause Young (Normal) (G1 Evacuation Pause)
[2026-05-27T11:23:51.681+0530][32.937s][info][gc,task     ] GC(794) Using 9 workers of 9 for evacuation
[2026-05-27T11:23:51.682+0530][32.938s][info][gc,phases   ] GC(794)   Pre Evacuate Collection Set: 0.08ms
[2026-05-27T11:23:51.682+0530][32.938s][info][gc,phases   ] GC(794)   Merge Heap Roots: 0.12ms
[2026-05-27T11:23:51.682+0530][32.938s][info][gc,phases   ] GC(794)   Evacuate Collection Set: 0.27ms
[2026-05-27T11:23:51.682+0530][32.938s][info][gc,phases   ] GC(794)   Post Evacuate Collection Set: 0.19ms
[2026-05-27T11:23:51.682+0530][32.938s][info][gc,phases   ] GC(794)   Other: 0.13ms
[2026-05-27T11:23:51.682+0530][32.938s][info][gc,heap     ] GC(794) Eden regions: 303->0(300)
[2026-05-27T11:23:51.682+0530][32.938s][info][gc,heap     ] GC(794) Survivor regions: 4->7(39)
[2026-05-27T11:23:51.682+0530][32.938s][info][gc,heap     ] GC(794) Old regions: 10->10
[2026-05-27T11:23:51.682+0530][32.938s][info][gc,heap     ] GC(794) Archive regions: 2->2
[2026-05-27T11:23:51.682+0530][32.938s][info][gc,heap     ] GC(794) Humongous regions: 0->0
[2026-05-27T11:23:51.682+0530][32.938s][info][gc,metaspace] GC(794) Metaspace: 1745K(2048K)->1745K(2048K) NonClass: 1568K(1728K)->1568K(1728K) Class: 177K(320K)->177K(320K)
[2026-05-27T11:23:51.682+0530][32.938s][info][gc          ] GC(794) Pause Young (Normal) (G1 Evacuation Pause) 316M->16M(512M) 0.833ms
[2026-05-27T11:23:51.682+0530][32.938s][info][gc,cpu      ] GC(794) User=0.00s Sys=0.00s Real=0.00s
[2026-05-27T11:23:51.721+0530][32.978s][info][gc,start    ] GC(795) Pause Young (Normal) (G1 Evacuation Pause)
[2026-05-27T11:23:51.721+0530][32.978s][info][gc,task     ] GC(795) Using 9 workers of 9 for evacuation
[2026-05-27T11:23:51.722+0530][32.978s][info][gc,phases   ] GC(795)   Pre Evacuate Collection Set: 0.08ms
[2026-05-27T11:23:51.722+0530][32.978s][info][gc,phases   ] GC(795)   Merge Heap Roots: 0.05ms
[2026-05-27T11:23:51.722+0530][32.978s][info][gc,phases   ] GC(795)   Evacuate Collection Set: 0.25ms
[2026-05-27T11:23:51.722+0530][32.978s][info][gc,phases   ] GC(795)   Post Evacuate Collection Set: 0.18ms
[2026-05-27T11:23:51.722+0530][32.978s][info][gc,phases   ] GC(795)   Other: 0.11ms
[2026-05-27T11:23:51.722+0530][32.978s][info][gc,heap     ] GC(795) Eden regions: 300->0(301)
[2026-05-27T11:23:51.722+0530][32.978s][info][gc,heap     ] GC(795) Survivor regions: 7->6(39)
[2026-05-27T11:23:51.722+0530][32.978s][info][gc,heap     ] GC(795) Old regions: 10->10
[2026-05-27T11:23:51.722+0530][32.978s][info][gc,heap     ] GC(795) Archive regions: 2->2
[2026-05-27T11:23:51.722+0530][32.978s][info][gc,heap     ] GC(795) Humongous regions: 0->0
[2026-05-27T11:23:51.722+0530][32.978s][info][gc,metaspace] GC(795) Metaspace: 1745K(2048K)->1745K(2048K) NonClass: 1568K(1728K)->1568K(1728K) Class: 177K(320K)->177K(320K)
[2026-05-27T11:23:51.722+0530][32.978s][info][gc          ] GC(795) Pause Young (Normal) (G1 Evacuation Pause) 316M->15M(512M) 0.722ms
[2026-05-27T11:23:51.722+0530][32.978s][info][gc,cpu      ] GC(795) User=0.00s Sys=0.00s Real=0.00s
[2026-05-27T11:23:51.762+0530][33.018s][info][gc,start    ] GC(796) Pause Young (Normal) (G1 Evacuation Pause)
[2026-05-27T11:23:51.762+0530][33.018s][info][gc,task     ] GC(796) Using 9 workers of 9 for evacuation
[2026-05-27T11:23:51.763+0530][33.019s][info][gc,phases   ] GC(796)   Pre Evacuate Collection Set: 0.14ms
[2026-05-27T11:23:51.763+0530][33.019s][info][gc,phases   ] GC(796)   Merge Heap Roots: 0.11ms
[2026-05-27T11:23:51.763+0530][33.019s][info][gc,phases   ] GC(796)   Evacuate Collection Set: 0.29ms
[2026-05-27T11:23:51.763+0530][33.019s][info][gc,phases   ] GC(796)   Post Evacuate Collection Set: 0.19ms
[2026-05-27T11:23:51.763+0530][33.019s][info][gc,phases   ] GC(796)   Other: 0.12ms
[2026-05-27T11:23:51.763+0530][33.019s][info][gc,heap     ] GC(796) Eden regions: 301->0(300)
[2026-05-27T11:23:51.763+0530][33.019s][info][gc,heap     ] GC(796) Survivor regions: 6->7(39)
[2026-05-27T11:23:51.763+0530][33.019s][info][gc,heap     ] GC(796) Old regions: 10->10
[2026-05-27T11:23:51.763+0530][33.019s][info][gc,heap     ] GC(796) Archive regions: 2->2
[2026-05-27T11:23:51.763+0530][33.019s][info][gc,heap     ] GC(796) Humongous regions: 0->0
[2026-05-27T11:23:51.763+0530][33.019s][info][gc,metaspace] GC(796) Metaspace: 1745K(2048K)->1745K(2048K) NonClass: 1568K(1728K)->1568K(1728K) Class: 177K(320K)->177K(320K)
[2026-05-27T11:23:51.763+0530][33.019s][info][gc          ] GC(796) Pause Young (Normal) (G1 Evacuation Pause) 316M->16M(512M) 0.905ms
[2026-05-27T11:23:51.763+0530][33.019s][info][gc,cpu      ] GC(796) User=0.01s Sys=0.00s Real=0.00s
[2026-05-27T11:23:51.800+0530][33.056s][info][gc,start    ] GC(797) Pause Young (Normal) (G1 Evacuation Pause)
[2026-05-27T11:23:51.800+0530][33.056s][info][gc,task     ] GC(797) Using 9 workers of 9 for evacuation
[2026-05-27T11:23:51.801+0530][33.057s][info][gc,phases   ] GC(797)   Pre Evacuate Collection Set: 0.06ms
[2026-05-27T11:23:51.801+0530][33.057s][info][gc,phases   ] GC(797)   Merge Heap Roots: 0.05ms
[2026-05-27T11:23:51.801+0530][33.057s][info][gc,phases   ] GC(797)   Evacuate Collection Set: 0.26ms
[2026-05-27T11:23:51.801+0530][33.057s][info][gc,phases   ] GC(797)   Post Evacuate Collection Set: 0.18ms
[2026-05-27T11:23:51.801+0530][33.057s][info][gc,phases   ] GC(797)   Other: 0.10ms
[2026-05-27T11:23:51.801+0530][33.057s][info][gc,heap     ] GC(797) Eden regions: 300->0(297)
[2026-05-27T11:23:51.801+0530][33.057s][info][gc,heap     ] GC(797) Survivor regions: 7->10(39)
[2026-05-27T11:23:51.801+0530][33.057s][info][gc,heap     ] GC(797) Old regions: 10->10
[2026-05-27T11:23:51.801+0530][33.057s][info][gc,heap     ] GC(797) Archive regions: 2->2
[2026-05-27T11:23:51.801+0530][33.057s][info][gc,heap     ] GC(797) Humongous regions: 0->0
[2026-05-27T11:23:51.801+0530][33.057s][info][gc,metaspace] GC(797) Metaspace: 1745K(2048K)->1745K(2048K) NonClass: 1568K(1728K)->1568K(1728K) Class: 177K(320K)->177K(320K)
[2026-05-27T11:23:51.801+0530][33.057s][info][gc          ] GC(797) Pause Young (Normal) (G1 Evacuation Pause) 316M->19M(512M) 0.712ms
[2026-05-27T11:23:51.801+0530][33.057s][info][gc,cpu      ] GC(797) User=0.00s Sys=0.00s Real=0.00s
[2026-05-27T11:23:51.840+0530][33.096s][info][gc,start    ] GC(798) Pause Young (Normal) (G1 Evacuation Pause)
[2026-05-27T11:23:51.840+0530][33.096s][info][gc,task     ] GC(798) Using 9 workers of 9 for evacuation
[2026-05-27T11:23:51.840+0530][33.097s][info][gc,phases   ] GC(798)   Pre Evacuate Collection Set: 0.10ms
[2026-05-27T11:23:51.840+0530][33.097s][info][gc,phases   ] GC(798)   Merge Heap Roots: 0.04ms
[2026-05-27T11:23:51.840+0530][33.097s][info][gc,phases   ] GC(798)   Evacuate Collection Set: 0.27ms
[2026-05-27T11:23:51.840+0530][33.097s][info][gc,phases   ] GC(798)   Post Evacuate Collection Set: 0.14ms
[2026-05-27T11:23:51.840+0530][33.097s][info][gc,phases   ] GC(798)   Other: 0.11ms
[2026-05-27T11:23:51.840+0530][33.097s][info][gc,heap     ] GC(798) Eden regions: 297->0(300)
[2026-05-27T11:23:51.840+0530][33.097s][info][gc,heap     ] GC(798) Survivor regions: 10->7(39)
[2026-05-27T11:23:51.841+0530][33.097s][info][gc,heap     ] GC(798) Old regions: 10->10
[2026-05-27T11:23:51.841+0530][33.097s][info][gc,heap     ] GC(798) Archive regions: 2->2
[2026-05-27T11:23:51.841+0530][33.097s][info][gc,heap     ] GC(798) Humongous regions: 0->0
[2026-05-27T11:23:51.841+0530][33.097s][info][gc,metaspace] GC(798) Metaspace: 1745K(2048K)->1745K(2048K) NonClass: 1568K(1728K)->1568K(1728K) Class: 177K(320K)->177K(320K)
[2026-05-27T11:23:51.841+0530][33.097s][info][gc          ] GC(798) Pause Young (Normal) (G1 Evacuation Pause) 316M->16M(512M) 0.712ms
[2026-05-27T11:23:51.841+0530][33.097s][info][gc,cpu      ] GC(798) User=0.01s Sys=0.00s Real=0.00s
[2026-05-27T11:23:51.880+0530][33.136s][info][gc,start    ] GC(799) Pause Young (Normal) (G1 Evacuation Pause)
[2026-05-27T11:23:51.880+0530][33.136s][info][gc,task     ] GC(799) Using 9 workers of 9 for evacuation
[2026-05-27T11:23:51.881+0530][33.137s][info][gc,phases   ] GC(799)   Pre Evacuate Collection Set: 0.06ms
[2026-05-27T11:23:51.881+0530][33.137s][info][gc,phases   ] GC(799)   Merge Heap Roots: 0.05ms
[2026-05-27T11:23:51.881+0530][33.137s][info][gc,phases   ] GC(799)   Evacuate Collection Set: 0.35ms
[2026-05-27T11:23:51.881+0530][33.137s][info][gc,phases   ] GC(799)   Post Evacuate Collection Set: 0.18ms
[2026-05-27T11:23:51.881+0530][33.137s][info][gc,phases   ] GC(799)   Other: 0.09ms
[2026-05-27T11:23:51.881+0530][33.137s][info][gc,heap     ] GC(799) Eden regions: 300->0(302)
[2026-05-27T11:23:51.881+0530][33.137s][info][gc,heap     ] GC(799) Survivor regions: 7->5(39)
[2026-05-27T11:23:51.881+0530][33.137s][info][gc,heap     ] GC(799) Old regions: 10->10
[2026-05-27T11:23:51.881+0530][33.137s][info][gc,heap     ] GC(799) Archive regions: 2->2
[2026-05-27T11:23:51.881+0530][33.137s][info][gc,heap     ] GC(799) Humongous regions: 9->0
[2026-05-27T11:23:51.881+0530][33.137s][info][gc,metaspace] GC(799) Metaspace: 1745K(2048K)->1745K(2048K) NonClass: 1568K(1728K)->1568K(1728K) Class: 177K(320K)->177K(320K)
[2026-05-27T11:23:51.881+0530][33.137s][info][gc          ] GC(799) Pause Young (Normal) (G1 Evacuation Pause) 325M->15M(512M) 0.799ms
[2026-05-27T11:23:51.881+0530][33.137s][info][gc,cpu      ] GC(799) User=0.00s Sys=0.00s Real=0.00s
[2026-05-27T11:23:51.917+0530][33.173s][info][gc,start    ] GC(800) Pause Young (Normal) (G1 Evacuation Pause)
[2026-05-27T11:23:51.917+0530][33.173s][info][gc,task     ] GC(800) Using 9 workers of 9 for evacuation
[2026-05-27T11:23:51.918+0530][33.174s][info][gc,phases   ] GC(800)   Pre Evacuate Collection Set: 0.09ms
[2026-05-27T11:23:51.918+0530][33.174s][info][gc,phases   ] GC(800)   Merge Heap Roots: 0.06ms
[2026-05-27T11:23:51.918+0530][33.174s][info][gc,phases   ] GC(800)   Evacuate Collection Set: 0.24ms
[2026-05-27T11:23:51.918+0530][33.174s][info][gc,phases   ] GC(800)   Post Evacuate Collection Set: 0.16ms
[2026-05-27T11:23:51.918+0530][33.174s][info][gc,phases   ] GC(800)   Other: 0.08ms
[2026-05-27T11:23:51.918+0530][33.174s][info][gc,heap     ] GC(800) Eden regions: 302->0(301)
[2026-05-27T11:23:51.918+0530][33.174s][info][gc,heap     ] GC(800) Survivor regions: 5->6(39)
[2026-05-27T11:23:51.918+0530][33.174s][info][gc,heap     ] GC(800) Old regions: 10->10
[2026-05-27T11:23:51.918+0530][33.174s][info][gc,heap     ] GC(800) Archive regions: 2->2
[2026-05-27T11:23:51.918+0530][33.174s][info][gc,heap     ] GC(800) Humongous regions: 0->0
[2026-05-27T11:23:51.918+0530][33.174s][info][gc,metaspace] GC(800) Metaspace: 1745K(2048K)->1745K(2048K) NonClass: 1568K(1728K)->1568K(1728K) Class: 177K(320K)->177K(320K)
[2026-05-27T11:23:51.918+0530][33.174s][info][gc          ] GC(800) Pause Young (Normal) (G1 Evacuation Pause) 316M->15M(512M) 0.719ms
[2026-05-27T11:23:51.918+0530][33.174s][info][gc,cpu      ] GC(800) User=0.00s Sys=0.00s Real=0.00s
[2026-05-27T11:23:51.960+0530][33.216s][info][gc,start    ] GC(801) Pause Young (Normal) (G1 Evacuation Pause)
[2026-05-27T11:23:51.960+0530][33.216s][info][gc,task     ] GC(801) Using 9 workers of 9 for evacuation
[2026-05-27T11:23:51.961+0530][33.217s][info][gc,phases   ] GC(801)   Pre Evacuate Collection Set: 0.09ms
[2026-05-27T11:23:51.961+0530][33.217s][info][gc,phases   ] GC(801)   Merge Heap Roots: 0.14ms
[2026-05-27T11:23:51.961+0530][33.217s][info][gc,phases   ] GC(801)   Evacuate Collection Set: 0.30ms
[2026-05-27T11:23:51.961+0530][33.217s][info][gc,phases   ] GC(801)   Post Evacuate Collection Set: 0.27ms
[2026-05-27T11:23:51.961+0530][33.217s][info][gc,phases   ] GC(801)   Other: 0.14ms
[2026-05-27T11:23:51.961+0530][33.217s][info][gc,heap     ] GC(801) Eden regions: 301->0(302)
[2026-05-27T11:23:51.961+0530][33.217s][info][gc,heap     ] GC(801) Survivor regions: 6->5(39)
[2026-05-27T11:23:51.961+0530][33.217s][info][gc,heap     ] GC(801) Old regions: 10->10
[2026-05-27T11:23:51.961+0530][33.217s][info][gc,heap     ] GC(801) Archive regions: 2->2
[2026-05-27T11:23:51.961+0530][33.217s][info][gc,heap     ] GC(801) Humongous regions: 9->0
[2026-05-27T11:23:51.961+0530][33.217s][info][gc,metaspace] GC(801) Metaspace: 1745K(2048K)->1745K(2048K) NonClass: 1568K(1728K)->1568K(1728K) Class: 177K(320K)->177K(320K)
[2026-05-27T11:23:51.961+0530][33.217s][info][gc          ] GC(801) Pause Young (Normal) (G1 Evacuation Pause) 325M->14M(512M) 1.026ms
[2026-05-27T11:23:51.961+0530][33.217s][info][gc,cpu      ] GC(801) User=0.00s Sys=0.00s Real=0.00s
[2026-05-27T11:23:52.000+0530][33.256s][info][gc,start    ] GC(802) Pause Young (Normal) (G1 Evacuation Pause)
[2026-05-27T11:23:52.000+0530][33.256s][info][gc,task     ] GC(802) Using 9 workers of 9 for evacuation
[2026-05-27T11:23:52.001+0530][33.257s][info][gc,phases   ] GC(802)   Pre Evacuate Collection Set: 0.11ms
[2026-05-27T11:23:52.001+0530][33.257s][info][gc,phases   ] GC(802)   Merge Heap Roots: 0.12ms
[2026-05-27T11:23:52.001+0530][33.257s][info][gc,phases   ] GC(802)   Evacuate Collection Set: 0.23ms
[2026-05-27T11:23:52.001+0530][33.257s][info][gc,phases   ] GC(802)   Post Evacuate Collection Set: 0.19ms
[2026-05-27T11:23:52.001+0530][33.257s][info][gc,phases   ] GC(802)   Other: 0.12ms
[2026-05-27T11:23:52.001+0530][33.257s][info][gc,heap     ] GC(802) Eden regions: 302->0(301)
[2026-05-27T11:23:52.001+0530][33.257s][info][gc,heap     ] GC(802) Survivor regions: 5->6(39)
[2026-05-27T11:23:52.001+0530][33.257s][info][gc,heap     ] GC(802) Old regions: 10->10
[2026-05-27T11:23:52.001+0530][33.257s][info][gc,heap     ] GC(802) Archive regions: 2->2
[2026-05-27T11:23:52.001+0530][33.257s][info][gc,heap     ] GC(802) Humongous regions: 0->0
[2026-05-27T11:23:52.001+0530][33.257s][info][gc,metaspace] GC(802) Metaspace: 1745K(2048K)->1745K(2048K) NonClass: 1568K(1728K)->1568K(1728K) Class: 177K(320K)->177K(320K)
[2026-05-27T11:23:52.001+0530][33.257s][info][gc          ] GC(802) Pause Young (Normal) (G1 Evacuation Pause) 316M->15M(512M) 0.873ms
[2026-05-27T11:23:52.001+0530][33.257s][info][gc,cpu      ] GC(802) User=0.00s Sys=0.00s Real=0.00s
[2026-05-27T11:23:52.042+0530][33.298s][info][gc,start    ] GC(803) Pause Young (Normal) (G1 Evacuation Pause)
[2026-05-27T11:23:52.042+0530][33.298s][info][gc,task     ] GC(803) Using 9 workers of 9 for evacuation
[2026-05-27T11:23:52.043+0530][33.299s][info][gc,phases   ] GC(803)   Pre Evacuate Collection Set: 0.05ms
[2026-05-27T11:23:52.043+0530][33.299s][info][gc,phases   ] GC(803)   Merge Heap Roots: 0.05ms
[2026-05-27T11:23:52.043+0530][33.299s][info][gc,phases   ] GC(803)   Evacuate Collection Set: 0.34ms
[2026-05-27T11:23:52.043+0530][33.299s][info][gc,phases   ] GC(803)   Post Evacuate Collection Set: 0.23ms
[2026-05-27T11:23:52.043+0530][33.299s][info][gc,phases   ] GC(803)   Other: 0.08ms
[2026-05-27T11:23:52.043+0530][33.299s][info][gc,heap     ] GC(803) Eden regions: 301->0(301)
[2026-05-27T11:23:52.043+0530][33.299s][info][gc,heap     ] GC(803) Survivor regions: 6->6(39)
[2026-05-27T11:23:52.043+0530][33.299s][info][gc,heap     ] GC(803) Old regions: 10->10
[2026-05-27T11:23:52.043+0530][33.299s][info][gc,heap     ] GC(803) Archive regions: 2->2
[2026-05-27T11:23:52.043+0530][33.299s][info][gc,heap     ] GC(803) Humongous regions: 0->0
[2026-05-27T11:23:52.043+0530][33.299s][info][gc,metaspace] GC(803) Metaspace: 1745K(2048K)->1745K(2048K) NonClass: 1568K(1728K)->1568K(1728K) Class: 177K(320K)->177K(320K)
[2026-05-27T11:23:52.043+0530][33.299s][info][gc          ] GC(803) Pause Young (Normal) (G1 Evacuation Pause) 316M->16M(512M) 0.812ms
[2026-05-27T11:23:52.043+0530][33.299s][info][gc,cpu      ] GC(803) User=0.00s Sys=0.00s Real=0.00s
[2026-05-27T11:23:52.082+0530][33.338s][info][gc,start    ] GC(804) Pause Young (Normal) (G1 Evacuation Pause)
[2026-05-27T11:23:52.082+0530][33.338s][info][gc,task     ] GC(804) Using 9 workers of 9 for evacuation
[2026-05-27T11:23:52.082+0530][33.339s][info][gc,phases   ] GC(804)   Pre Evacuate Collection Set: 0.08ms
[2026-05-27T11:23:52.083+0530][33.339s][info][gc,phases   ] GC(804)   Merge Heap Roots: 0.08ms
[2026-05-27T11:23:52.083+0530][33.339s][info][gc,phases   ] GC(804)   Evacuate Collection Set: 0.27ms
[2026-05-27T11:23:52.083+0530][33.339s][info][gc,phases   ] GC(804)   Post Evacuate Collection Set: 0.17ms
[2026-05-27T11:23:52.083+0530][33.339s][info][gc,phases   ] GC(804)   Other: 0.11ms
[2026-05-27T11:23:52.083+0530][33.339s][info][gc,heap     ] GC(804) Eden regions: 301->0(301)
[2026-05-27T11:23:52.083+0530][33.339s][info][gc,heap     ] GC(804) Survivor regions: 6->6(39)
[2026-05-27T11:23:52.083+0530][33.339s][info][gc,heap     ] GC(804) Old regions: 10->10
[2026-05-27T11:23:52.083+0530][33.339s][info][gc,heap     ] GC(804) Archive regions: 2->2
[2026-05-27T11:23:52.083+0530][33.339s][info][gc,heap     ] GC(804) Humongous regions: 0->0
[2026-05-27T11:23:52.083+0530][33.339s][info][gc,metaspace] GC(804) Metaspace: 1745K(2048K)->1745K(2048K) NonClass: 1568K(1728K)->1568K(1728K) Class: 177K(320K)->177K(320K)
[2026-05-27T11:23:52.083+0530][33.339s][info][gc          ] GC(804) Pause Young (Normal) (G1 Evacuation Pause) 316M->15M(512M) 0.759ms
[2026-05-27T11:23:52.083+0530][33.339s][info][gc,cpu      ] GC(804) User=0.01s Sys=0.00s Real=0.00s
[2026-05-27T11:23:52.126+0530][33.382s][info][gc,start    ] GC(805) Pause Young (Normal) (G1 Evacuation Pause)
[2026-05-27T11:23:52.126+0530][33.382s][info][gc,task     ] GC(805) Using 9 workers of 9 for evacuation
[2026-05-27T11:23:52.127+0530][33.383s][info][gc,phases   ] GC(805)   Pre Evacuate Collection Set: 0.05ms
[2026-05-27T11:23:52.127+0530][33.383s][info][gc,phases   ] GC(805)   Merge Heap Roots: 0.07ms
[2026-05-27T11:23:52.127+0530][33.383s][info][gc,phases   ] GC(805)   Evacuate Collection Set: 0.39ms
[2026-05-27T11:23:52.127+0530][33.383s][info][gc,phases   ] GC(805)   Post Evacuate Collection Set: 0.21ms
[2026-05-27T11:23:52.127+0530][33.383s][info][gc,phases   ] GC(805)   Other: 0.11ms
[2026-05-27T11:23:52.127+0530][33.383s][info][gc,heap     ] GC(805) Eden regions: 301->0(301)
[2026-05-27T11:23:52.127+0530][33.383s][info][gc,heap     ] GC(805) Survivor regions: 6->6(39)
[2026-05-27T11:23:52.127+0530][33.383s][info][gc,heap     ] GC(805) Old regions: 10->10
[2026-05-27T11:23:52.127+0530][33.383s][info][gc,heap     ] GC(805) Archive regions: 2->2
[2026-05-27T11:23:52.127+0530][33.383s][info][gc,heap     ] GC(805) Humongous regions: 0->0
[2026-05-27T11:23:52.127+0530][33.383s][info][gc,metaspace] GC(805) Metaspace: 1745K(2048K)->1745K(2048K) NonClass: 1568K(1728K)->1568K(1728K) Class: 177K(320K)->177K(320K)
[2026-05-27T11:23:52.127+0530][33.383s][info][gc          ] GC(805) Pause Young (Normal) (G1 Evacuation Pause) 316M->15M(512M) 0.934ms
[2026-05-27T11:23:52.127+0530][33.383s][info][gc,cpu      ] GC(805) User=0.00s Sys=0.00s Real=0.00s
[2026-05-27T11:23:52.168+0530][33.424s][info][gc,start    ] GC(806) Pause Young (Normal) (G1 Evacuation Pause)
[2026-05-27T11:23:52.168+0530][33.424s][info][gc,task     ] GC(806) Using 9 workers of 9 for evacuation
[2026-05-27T11:23:52.169+0530][33.425s][info][gc,phases   ] GC(806)   Pre Evacuate Collection Set: 0.07ms
[2026-05-27T11:23:52.169+0530][33.425s][info][gc,phases   ] GC(806)   Merge Heap Roots: 0.04ms
[2026-05-27T11:23:52.169+0530][33.425s][info][gc,phases   ] GC(806)   Evacuate Collection Set: 0.28ms
[2026-05-27T11:23:52.169+0530][33.425s][info][gc,phases   ] GC(806)   Post Evacuate Collection Set: 0.18ms
[2026-05-27T11:23:52.169+0530][33.425s][info][gc,phases   ] GC(806)   Other: 0.11ms
[2026-05-27T11:23:52.169+0530][33.425s][info][gc,heap     ] GC(806) Eden regions: 301->0(306)
[2026-05-27T11:23:52.169+0530][33.425s][info][gc,heap     ] GC(806) Survivor regions: 6->1(39)
[2026-05-27T11:23:52.169+0530][33.425s][info][gc,heap     ] GC(806) Old regions: 10->10
[2026-05-27T11:23:52.169+0530][33.425s][info][gc,heap     ] GC(806) Archive regions: 2->2
[2026-05-27T11:23:52.169+0530][33.425s][info][gc,heap     ] GC(806) Humongous regions: 0->0
[2026-05-27T11:23:52.169+0530][33.425s][info][gc,metaspace] GC(806) Metaspace: 1745K(2048K)->1745K(2048K) NonClass: 1568K(1728K)->1568K(1728K) Class: 177K(320K)->177K(320K)
[2026-05-27T11:23:52.169+0530][33.425s][info][gc          ] GC(806) Pause Young (Normal) (G1 Evacuation Pause) 316M->10M(512M) 0.739ms
[2026-05-27T11:23:52.169+0530][33.425s][info][gc,cpu      ] GC(806) User=0.00s Sys=0.00s Real=0.00s
[2026-05-27T11:23:52.209+0530][33.466s][info][gc,start    ] GC(807) Pause Young (Normal) (G1 Evacuation Pause)
[2026-05-27T11:23:52.209+0530][33.466s][info][gc,task     ] GC(807) Using 9 workers of 9 for evacuation
[2026-05-27T11:23:52.210+0530][33.466s][info][gc,phases   ] GC(807)   Pre Evacuate Collection Set: 0.07ms
[2026-05-27T11:23:52.210+0530][33.466s][info][gc,phases   ] GC(807)   Merge Heap Roots: 0.05ms
[2026-05-27T11:23:52.210+0530][33.466s][info][gc,phases   ] GC(807)   Evacuate Collection Set: 0.28ms
[2026-05-27T11:23:52.210+0530][33.466s][info][gc,phases   ] GC(807)   Post Evacuate Collection Set: 0.17ms
[2026-05-27T11:23:52.210+0530][33.466s][info][gc,phases   ] GC(807)   Other: 0.09ms
[2026-05-27T11:23:52.210+0530][33.466s][info][gc,heap     ] GC(807) Eden regions: 306->0(302)
[2026-05-27T11:23:52.210+0530][33.466s][info][gc,heap     ] GC(807) Survivor regions: 1->5(39)
[2026-05-27T11:23:52.210+0530][33.466s][info][gc,heap     ] GC(807) Old regions: 10->10
[2026-05-27T11:23:52.210+0530][33.466s][info][gc,heap     ] GC(807) Archive regions: 2->2
[2026-05-27T11:23:52.210+0530][33.466s][info][gc,heap     ] GC(807) Humongous regions: 0->0
[2026-05-27T11:23:52.210+0530][33.466s][info][gc,metaspace] GC(807) Metaspace: 1745K(2048K)->1745K(2048K) NonClass: 1568K(1728K)->1568K(1728K) Class: 177K(320K)->177K(320K)
[2026-05-27T11:23:52.210+0530][33.466s][info][gc          ] GC(807) Pause Young (Normal) (G1 Evacuation Pause) 316M->14M(512M) 0.760ms
[2026-05-27T11:23:52.210+0530][33.466s][info][gc,cpu      ] GC(807) User=0.00s Sys=0.00s Real=0.01s
[2026-05-27T11:23:52.250+0530][33.506s][info][gc,start    ] GC(808) Pause Young (Normal) (G1 Evacuation Pause)
[2026-05-27T11:23:52.250+0530][33.506s][info][gc,task     ] GC(808) Using 9 workers of 9 for evacuation
[2026-05-27T11:23:52.251+0530][33.507s][info][gc,phases   ] GC(808)   Pre Evacuate Collection Set: 0.06ms
[2026-05-27T11:23:52.251+0530][33.507s][info][gc,phases   ] GC(808)   Merge Heap Roots: 0.06ms
[2026-05-27T11:23:52.251+0530][33.507s][info][gc,phases   ] GC(808)   Evacuate Collection Set: 0.28ms
[2026-05-27T11:23:52.251+0530][33.507s][info][gc,phases   ] GC(808)   Post Evacuate Collection Set: 0.17ms
[2026-05-27T11:23:52.251+0530][33.507s][info][gc,phases   ] GC(808)   Other: 0.10ms
[2026-05-27T11:23:52.251+0530][33.507s][info][gc,heap     ] GC(808) Eden regions: 302->0(303)
[2026-05-27T11:23:52.251+0530][33.507s][info][gc,heap     ] GC(808) Survivor regions: 5->4(39)
[2026-05-27T11:23:52.251+0530][33.507s][info][gc,heap     ] GC(808) Old regions: 10->10
[2026-05-27T11:23:52.251+0530][33.507s][info][gc,heap     ] GC(808) Archive regions: 2->2
[2026-05-27T11:23:52.251+0530][33.507s][info][gc,heap     ] GC(808) Humongous regions: 0->0
[2026-05-27T11:23:52.251+0530][33.507s][info][gc,metaspace] GC(808) Metaspace: 1745K(2048K)->1745K(2048K) NonClass: 1568K(1728K)->1568K(1728K) Class: 177K(320K)->177K(320K)
[2026-05-27T11:23:52.251+0530][33.507s][info][gc          ] GC(808) Pause Young (Normal) (G1 Evacuation Pause) 316M->13M(512M) 0.712ms
[2026-05-27T11:23:52.251+0530][33.507s][info][gc,cpu      ] GC(808) User=0.00s Sys=0.00s Real=0.00s
[2026-05-27T11:23:52.294+0530][33.550s][info][gc,start    ] GC(809) Pause Young (Normal) (G1 Evacuation Pause)
[2026-05-27T11:23:52.294+0530][33.550s][info][gc,task     ] GC(809) Using 9 workers of 9 for evacuation
[2026-05-27T11:23:52.295+0530][33.551s][info][gc,phases   ] GC(809)   Pre Evacuate Collection Set: 0.05ms
[2026-05-27T11:23:52.295+0530][33.551s][info][gc,phases   ] GC(809)   Merge Heap Roots: 0.04ms
[2026-05-27T11:23:52.295+0530][33.551s][info][gc,phases   ] GC(809)   Evacuate Collection Set: 0.35ms
[2026-05-27T11:23:52.295+0530][33.551s][info][gc,phases   ] GC(809)   Post Evacuate Collection Set: 0.18ms
[2026-05-27T11:23:52.295+0530][33.551s][info][gc,phases   ] GC(809)   Other: 0.10ms
[2026-05-27T11:23:52.295+0530][33.551s][info][gc,heap     ] GC(809) Eden regions: 303->0(301)
[2026-05-27T11:23:52.295+0530][33.551s][info][gc,heap     ] GC(809) Survivor regions: 4->6(39)
[2026-05-27T11:23:52.295+0530][33.551s][info][gc,heap     ] GC(809) Old regions: 10->10
[2026-05-27T11:23:52.295+0530][33.551s][info][gc,heap     ] GC(809) Archive regions: 2->2
[2026-05-27T11:23:52.295+0530][33.551s][info][gc,heap     ] GC(809) Humongous regions: 0->0
[2026-05-27T11:23:52.295+0530][33.551s][info][gc,metaspace] GC(809) Metaspace: 1745K(2048K)->1745K(2048K) NonClass: 1568K(1728K)->1568K(1728K) Class: 177K(320K)->177K(320K)
[2026-05-27T11:23:52.295+0530][33.551s][info][gc          ] GC(809) Pause Young (Normal) (G1 Evacuation Pause) 316M->15M(512M) 0.819ms
[2026-05-27T11:23:52.295+0530][33.551s][info][gc,cpu      ] GC(809) User=0.00s Sys=0.01s Real=0.00s
[2026-05-27T11:23:52.336+0530][33.592s][info][gc,start    ] GC(810) Pause Young (Normal) (G1 Evacuation Pause)
[2026-05-27T11:23:52.336+0530][33.592s][info][gc,task     ] GC(810) Using 9 workers of 9 for evacuation
[2026-05-27T11:23:52.337+0530][33.593s][info][gc,phases   ] GC(810)   Pre Evacuate Collection Set: 0.10ms
[2026-05-27T11:23:52.337+0530][33.593s][info][gc,phases   ] GC(810)   Merge Heap Roots: 0.06ms
[2026-05-27T11:23:52.337+0530][33.593s][info][gc,phases   ] GC(810)   Evacuate Collection Set: 0.53ms
[2026-05-27T11:23:52.337+0530][33.593s][info][gc,phases   ] GC(810)   Post Evacuate Collection Set: 0.20ms
[2026-05-27T11:23:52.337+0530][33.593s][info][gc,phases   ] GC(810)   Other: 0.11ms
[2026-05-27T11:23:52.337+0530][33.593s][info][gc,heap     ] GC(810) Eden regions: 301->0(302)
[2026-05-27T11:23:52.337+0530][33.593s][info][gc,heap     ] GC(810) Survivor regions: 6->5(39)
[2026-05-27T11:23:52.337+0530][33.593s][info][gc,heap     ] GC(810) Old regions: 10->10
[2026-05-27T11:23:52.337+0530][33.593s][info][gc,heap     ] GC(810) Archive regions: 2->2
[2026-05-27T11:23:52.337+0530][33.593s][info][gc,heap     ] GC(810) Humongous regions: 0->0
[2026-05-27T11:23:52.337+0530][33.593s][info][gc,metaspace] GC(810) Metaspace: 1745K(2048K)->1745K(2048K) NonClass: 1568K(1728K)->1568K(1728K) Class: 177K(320K)->177K(320K)
[2026-05-27T11:23:52.337+0530][33.593s][info][gc          ] GC(810) Pause Young (Normal) (G1 Evacuation Pause) 316M->15M(512M) 1.102ms
[2026-05-27T11:23:52.337+0530][33.593s][info][gc,cpu      ] GC(810) User=0.00s Sys=0.00s Real=0.00s
[2026-05-27T11:23:52.375+0530][33.631s][info][gc,start    ] GC(811) Pause Young (Normal) (G1 Evacuation Pause)
[2026-05-27T11:23:52.375+0530][33.631s][info][gc,task     ] GC(811) Using 9 workers of 9 for evacuation
[2026-05-27T11:23:52.376+0530][33.632s][info][gc,phases   ] GC(811)   Pre Evacuate Collection Set: 0.06ms
[2026-05-27T11:23:52.376+0530][33.632s][info][gc,phases   ] GC(811)   Merge Heap Roots: 0.09ms
[2026-05-27T11:23:52.376+0530][33.632s][info][gc,phases   ] GC(811)   Evacuate Collection Set: 0.31ms
[2026-05-27T11:23:52.376+0530][33.632s][info][gc,phases   ] GC(811)   Post Evacuate Collection Set: 0.21ms
[2026-05-27T11:23:52.376+0530][33.632s][info][gc,phases   ] GC(811)   Other: 0.11ms
[2026-05-27T11:23:52.376+0530][33.632s][info][gc,heap     ] GC(811) Eden regions: 302->0(301)
[2026-05-27T11:23:52.376+0530][33.632s][info][gc,heap     ] GC(811) Survivor regions: 5->6(39)
[2026-05-27T11:23:52.376+0530][33.632s][info][gc,heap     ] GC(811) Old regions: 10->10
[2026-05-27T11:23:52.376+0530][33.632s][info][gc,heap     ] GC(811) Archive regions: 2->2
[2026-05-27T11:23:52.376+0530][33.632s][info][gc,heap     ] GC(811) Humongous regions: 0->0
[2026-05-27T11:23:52.376+0530][33.632s][info][gc,metaspace] GC(811) Metaspace: 1745K(2048K)->1745K(2048K) NonClass: 1568K(1728K)->1568K(1728K) Class: 177K(320K)->177K(320K)
[2026-05-27T11:23:52.376+0530][33.632s][info][gc          ] GC(811) Pause Young (Normal) (G1 Evacuation Pause) 316M->16M(512M) 0.886ms
[2026-05-27T11:23:52.376+0530][33.632s][info][gc,cpu      ] GC(811) User=0.00s Sys=0.00s Real=0.00s
[2026-05-27T11:23:52.416+0530][33.672s][info][gc,start    ] GC(812) Pause Young (Normal) (G1 Evacuation Pause)
[2026-05-27T11:23:52.416+0530][33.672s][info][gc,task     ] GC(812) Using 9 workers of 9 for evacuation
[2026-05-27T11:23:52.416+0530][33.672s][info][gc,phases   ] GC(812)   Pre Evacuate Collection Set: 0.04ms
[2026-05-27T11:23:52.416+0530][33.672s][info][gc,phases   ] GC(812)   Merge Heap Roots: 0.04ms
[2026-05-27T11:23:52.416+0530][33.672s][info][gc,phases   ] GC(812)   Evacuate Collection Set: 0.22ms
[2026-05-27T11:23:52.416+0530][33.672s][info][gc,phases   ] GC(812)   Post Evacuate Collection Set: 0.17ms
[2026-05-27T11:23:52.416+0530][33.672s][info][gc,phases   ] GC(812)   Other: 0.11ms
[2026-05-27T11:23:52.416+0530][33.672s][info][gc,heap     ] GC(812) Eden regions: 301->0(306)
[2026-05-27T11:23:52.416+0530][33.673s][info][gc,heap     ] GC(812) Survivor regions: 6->1(39)
[2026-05-27T11:23:52.416+0530][33.673s][info][gc,heap     ] GC(812) Old regions: 10->10
[2026-05-27T11:23:52.416+0530][33.673s][info][gc,heap     ] GC(812) Archive regions: 2->2
[2026-05-27T11:23:52.416+0530][33.673s][info][gc,heap     ] GC(812) Humongous regions: 0->0
[2026-05-27T11:23:52.416+0530][33.673s][info][gc,metaspace] GC(812) Metaspace: 1745K(2048K)->1745K(2048K) NonClass: 1568K(1728K)->1568K(1728K) Class: 177K(320K)->177K(320K)
[2026-05-27T11:23:52.416+0530][33.673s][info][gc          ] GC(812) Pause Young (Normal) (G1 Evacuation Pause) 316M->11M(512M) 0.679ms
[2026-05-27T11:23:52.416+0530][33.673s][info][gc,cpu      ] GC(812) User=0.00s Sys=0.00s Real=0.00s
[2026-05-27T11:23:52.455+0530][33.711s][info][gc,start    ] GC(813) Pause Young (Normal) (G1 Evacuation Pause)
[2026-05-27T11:23:52.455+0530][33.711s][info][gc,task     ] GC(813) Using 9 workers of 9 for evacuation
[2026-05-27T11:23:52.456+0530][33.712s][info][gc,phases   ] GC(813)   Pre Evacuate Collection Set: 0.10ms
[2026-05-27T11:23:52.456+0530][33.712s][info][gc,phases   ] GC(813)   Merge Heap Roots: 0.06ms
[2026-05-27T11:23:52.456+0530][33.712s][info][gc,phases   ] GC(813)   Evacuate Collection Set: 0.27ms
[2026-05-27T11:23:52.456+0530][33.712s][info][gc,phases   ] GC(813)   Post Evacuate Collection Set: 0.19ms
[2026-05-27T11:23:52.456+0530][33.712s][info][gc,phases   ] GC(813)   Other: 0.11ms
[2026-05-27T11:23:52.456+0530][33.712s][info][gc,heap     ] GC(813) Eden regions: 306->0(300)
[2026-05-27T11:23:52.456+0530][33.712s][info][gc,heap     ] GC(813) Survivor regions: 1->7(39)
[2026-05-27T11:23:52.456+0530][33.712s][info][gc,heap     ] GC(813) Old regions: 10->10
[2026-05-27T11:23:52.456+0530][33.712s][info][gc,heap     ] GC(813) Archive regions: 2->2
[2026-05-27T11:23:52.456+0530][33.712s][info][gc,heap     ] GC(813) Humongous regions: 0->0
[2026-05-27T11:23:52.456+0530][33.712s][info][gc,metaspace] GC(813) Metaspace: 1745K(2048K)->1745K(2048K) NonClass: 1568K(1728K)->1568K(1728K) Class: 177K(320K)->177K(320K)
[2026-05-27T11:23:52.456+0530][33.712s][info][gc          ] GC(813) Pause Young (Normal) (G1 Evacuation Pause) 316M->16M(512M) 0.816ms
[2026-05-27T11:23:52.456+0530][33.712s][info][gc,cpu      ] GC(813) User=0.01s Sys=0.00s Real=0.00s
[2026-05-27T11:23:52.498+0530][33.754s][info][gc,start    ] GC(814) Pause Young (Normal) (G1 Evacuation Pause)
[2026-05-27T11:23:52.498+0530][33.754s][info][gc,task     ] GC(814) Using 9 workers of 9 for evacuation
[2026-05-27T11:23:52.499+0530][33.755s][info][gc,phases   ] GC(814)   Pre Evacuate Collection Set: 0.07ms
[2026-05-27T11:23:52.499+0530][33.755s][info][gc,phases   ] GC(814)   Merge Heap Roots: 0.09ms
[2026-05-27T11:23:52.499+0530][33.755s][info][gc,phases   ] GC(814)   Evacuate Collection Set: 0.28ms
[2026-05-27T11:23:52.499+0530][33.755s][info][gc,phases   ] GC(814)   Post Evacuate Collection Set: 0.22ms
[2026-05-27T11:23:52.499+0530][33.755s][info][gc,phases   ] GC(814)   Other: 0.10ms
[2026-05-27T11:23:52.499+0530][33.755s][info][gc,heap     ] GC(814) Eden regions: 300->0(304)
[2026-05-27T11:23:52.499+0530][33.755s][info][gc,heap     ] GC(814) Survivor regions: 7->3(39)
[2026-05-27T11:23:52.499+0530][33.755s][info][gc,heap     ] GC(814) Old regions: 10->10
[2026-05-27T11:23:52.499+0530][33.755s][info][gc,heap     ] GC(814) Archive regions: 2->2
[2026-05-27T11:23:52.499+0530][33.755s][info][gc,heap     ] GC(814) Humongous regions: 9->0
[2026-05-27T11:23:52.499+0530][33.755s][info][gc,metaspace] GC(814) Metaspace: 1745K(2048K)->1745K(2048K) NonClass: 1568K(1728K)->1568K(1728K) Class: 177K(320K)->177K(320K)
[2026-05-27T11:23:52.499+0530][33.755s][info][gc          ] GC(814) Pause Young (Normal) (G1 Evacuation Pause) 325M->12M(512M) 0.819ms
[2026-05-27T11:23:52.499+0530][33.755s][info][gc,cpu      ] GC(814) User=0.01s Sys=0.00s Real=0.00s
[2026-05-27T11:23:52.540+0530][33.796s][info][gc,start    ] GC(815) Pause Young (Normal) (G1 Evacuation Pause)
[2026-05-27T11:23:52.540+0530][33.796s][info][gc,task     ] GC(815) Using 9 workers of 9 for evacuation
[2026-05-27T11:23:52.540+0530][33.797s][info][gc,phases   ] GC(815)   Pre Evacuate Collection Set: 0.06ms
[2026-05-27T11:23:52.540+0530][33.797s][info][gc,phases   ] GC(815)   Merge Heap Roots: 0.06ms
[2026-05-27T11:23:52.540+0530][33.797s][info][gc,phases   ] GC(815)   Evacuate Collection Set: 0.34ms
[2026-05-27T11:23:52.540+0530][33.797s][info][gc,phases   ] GC(815)   Post Evacuate Collection Set: 0.22ms
[2026-05-27T11:23:52.540+0530][33.797s][info][gc,phases   ] GC(815)   Other: 0.10ms
[2026-05-27T11:23:52.540+0530][33.797s][info][gc,heap     ] GC(815) Eden regions: 304->0(301)
[2026-05-27T11:23:52.540+0530][33.797s][info][gc,heap     ] GC(815) Survivor regions: 3->6(39)
[2026-05-27T11:23:52.540+0530][33.797s][info][gc,heap     ] GC(815) Old regions: 10->10
[2026-05-27T11:23:52.540+0530][33.797s][info][gc,heap     ] GC(815) Archive regions: 2->2
[2026-05-27T11:23:52.540+0530][33.797s][info][gc,heap     ] GC(815) Humongous regions: 9->0
[2026-05-27T11:23:52.540+0530][33.797s][info][gc,metaspace] GC(815) Metaspace: 1745K(2048K)->1745K(2048K) NonClass: 1568K(1728K)->1568K(1728K) Class: 177K(320K)->177K(320K)
[2026-05-27T11:23:52.540+0530][33.797s][info][gc          ] GC(815) Pause Young (Normal) (G1 Evacuation Pause) 325M->15M(512M) 0.862ms
[2026-05-27T11:23:52.540+0530][33.797s][info][gc,cpu      ] GC(815) User=0.01s Sys=0.00s Real=0.00s
[2026-05-27T11:23:52.582+0530][33.838s][info][gc,start    ] GC(816) Pause Young (Normal) (G1 Evacuation Pause)
[2026-05-27T11:23:52.582+0530][33.838s][info][gc,task     ] GC(816) Using 9 workers of 9 for evacuation
[2026-05-27T11:23:52.583+0530][33.839s][info][gc,phases   ] GC(816)   Pre Evacuate Collection Set: 0.07ms
[2026-05-27T11:23:52.583+0530][33.839s][info][gc,phases   ] GC(816)   Merge Heap Roots: 0.04ms
[2026-05-27T11:23:52.583+0530][33.839s][info][gc,phases   ] GC(816)   Evacuate Collection Set: 0.30ms
[2026-05-27T11:23:52.583+0530][33.839s][info][gc,phases   ] GC(816)   Post Evacuate Collection Set: 0.22ms
[2026-05-27T11:23:52.583+0530][33.839s][info][gc,phases   ] GC(816)   Other: 0.11ms
[2026-05-27T11:23:52.583+0530][33.839s][info][gc,heap     ] GC(816) Eden regions: 301->0(301)
[2026-05-27T11:23:52.583+0530][33.839s][info][gc,heap     ] GC(816) Survivor regions: 6->6(39)
[2026-05-27T11:23:52.583+0530][33.839s][info][gc,heap     ] GC(816) Old regions: 10->10
[2026-05-27T11:23:52.583+0530][33.839s][info][gc,heap     ] GC(816) Archive regions: 2->2
[2026-05-27T11:23:52.583+0530][33.839s][info][gc,heap     ] GC(816) Humongous regions: 0->0
[2026-05-27T11:23:52.583+0530][33.839s][info][gc,metaspace] GC(816) Metaspace: 1745K(2048K)->1745K(2048K) NonClass: 1568K(1728K)->1568K(1728K) Class: 177K(320K)->177K(320K)
[2026-05-27T11:23:52.583+0530][33.839s][info][gc          ] GC(816) Pause Young (Normal) (G1 Evacuation Pause) 316M->15M(512M) 0.814ms
[2026-05-27T11:23:52.583+0530][33.839s][info][gc,cpu      ] GC(816) User=0.01s Sys=0.00s Real=0.00s
[2026-05-27T11:23:52.624+0530][33.880s][info][gc,start    ] GC(817) Pause Young (Normal) (G1 Evacuation Pause)
[2026-05-27T11:23:52.624+0530][33.880s][info][gc,task     ] GC(817) Using 9 workers of 9 for evacuation
[2026-05-27T11:23:52.624+0530][33.880s][info][gc,phases   ] GC(817)   Pre Evacuate Collection Set: 0.05ms
[2026-05-27T11:23:52.624+0530][33.880s][info][gc,phases   ] GC(817)   Merge Heap Roots: 0.04ms
[2026-05-27T11:23:52.624+0530][33.880s][info][gc,phases   ] GC(817)   Evacuate Collection Set: 0.31ms
[2026-05-27T11:23:52.624+0530][33.880s][info][gc,phases   ] GC(817)   Post Evacuate Collection Set: 0.21ms
[2026-05-27T11:23:52.624+0530][33.880s][info][gc,phases   ] GC(817)   Other: 0.11ms
[2026-05-27T11:23:52.624+0530][33.880s][info][gc,heap     ] GC(817) Eden regions: 301->0(305)
[2026-05-27T11:23:52.624+0530][33.880s][info][gc,heap     ] GC(817) Survivor regions: 6->2(39)
[2026-05-27T11:23:52.624+0530][33.880s][info][gc,heap     ] GC(817) Old regions: 10->10
[2026-05-27T11:23:52.624+0530][33.880s][info][gc,heap     ] GC(817) Archive regions: 2->2
[2026-05-27T11:23:52.624+0530][33.880s][info][gc,heap     ] GC(817) Humongous regions: 9->0
[2026-05-27T11:23:52.624+0530][33.880s][info][gc,metaspace] GC(817) Metaspace: 1745K(2048K)->1745K(2048K) NonClass: 1568K(1728K)->1568K(1728K) Class: 177K(320K)->177K(320K)
[2026-05-27T11:23:52.624+0530][33.880s][info][gc          ] GC(817) Pause Young (Normal) (G1 Evacuation Pause) 325M->12M(512M) 0.781ms
[2026-05-27T11:23:52.624+0530][33.881s][info][gc,cpu      ] GC(817) User=0.00s Sys=0.00s Real=0.00s
[2026-05-27T11:23:52.666+0530][33.922s][info][gc,start    ] GC(818) Pause Young (Normal) (G1 Evacuation Pause)
[2026-05-27T11:23:52.666+0530][33.922s][info][gc,task     ] GC(818) Using 9 workers of 9 for evacuation
[2026-05-27T11:23:52.667+0530][33.923s][info][gc,phases   ] GC(818)   Pre Evacuate Collection Set: 0.08ms
[2026-05-27T11:23:52.667+0530][33.923s][info][gc,phases   ] GC(818)   Merge Heap Roots: 0.05ms
[2026-05-27T11:23:52.667+0530][33.923s][info][gc,phases   ] GC(818)   Evacuate Collection Set: 0.37ms
[2026-05-27T11:23:52.667+0530][33.923s][info][gc,phases   ] GC(818)   Post Evacuate Collection Set: 0.21ms
[2026-05-27T11:23:52.667+0530][33.923s][info][gc,phases   ] GC(818)   Other: 0.11ms
[2026-05-27T11:23:52.667+0530][33.923s][info][gc,heap     ] GC(818) Eden regions: 305->0(300)
[2026-05-27T11:23:52.667+0530][33.923s][info][gc,heap     ] GC(818) Survivor regions: 2->7(39)
[2026-05-27T11:23:52.667+0530][33.923s][info][gc,heap     ] GC(818) Old regions: 10->10
[2026-05-27T11:23:52.667+0530][33.923s][info][gc,heap     ] GC(818) Archive regions: 2->2
[2026-05-27T11:23:52.667+0530][33.923s][info][gc,heap     ] GC(818) Humongous regions: 0->0
[2026-05-27T11:23:52.667+0530][33.923s][info][gc,metaspace] GC(818) Metaspace: 1745K(2048K)->1745K(2048K) NonClass: 1568K(1728K)->1568K(1728K) Class: 177K(320K)->177K(320K)
[2026-05-27T11:23:52.667+0530][33.923s][info][gc          ] GC(818) Pause Young (Normal) (G1 Evacuation Pause) 316M->16M(512M) 0.924ms
[2026-05-27T11:23:52.667+0530][33.923s][info][gc,cpu      ] GC(818) User=0.00s Sys=0.00s Real=0.00s
[2026-05-27T11:23:52.709+0530][33.965s][info][gc,start    ] GC(819) Pause Young (Normal) (G1 Evacuation Pause)
[2026-05-27T11:23:52.709+0530][33.965s][info][gc,task     ] GC(819) Using 9 workers of 9 for evacuation
[2026-05-27T11:23:52.710+0530][33.966s][info][gc,phases   ] GC(819)   Pre Evacuate Collection Set: 0.05ms
[2026-05-27T11:23:52.710+0530][33.966s][info][gc,phases   ] GC(819)   Merge Heap Roots: 0.05ms
[2026-05-27T11:23:52.710+0530][33.966s][info][gc,phases   ] GC(819)   Evacuate Collection Set: 0.38ms
[2026-05-27T11:23:52.710+0530][33.966s][info][gc,phases   ] GC(819)   Post Evacuate Collection Set: 0.17ms
[2026-05-27T11:23:52.710+0530][33.966s][info][gc,phases   ] GC(819)   Other: 0.11ms
[2026-05-27T11:23:52.710+0530][33.966s][info][gc,heap     ] GC(819) Eden regions: 300->0(301)
[2026-05-27T11:23:52.710+0530][33.966s][info][gc,heap     ] GC(819) Survivor regions: 7->6(39)
[2026-05-27T11:23:52.710+0530][33.966s][info][gc,heap     ] GC(819) Old regions: 10->10
[2026-05-27T11:23:52.710+0530][33.966s][info][gc,heap     ] GC(819) Archive regions: 2->2
[2026-05-27T11:23:52.710+0530][33.966s][info][gc,heap     ] GC(819) Humongous regions: 0->0
[2026-05-27T11:23:52.710+0530][33.966s][info][gc,metaspace] GC(819) Metaspace: 1745K(2048K)->1745K(2048K) NonClass: 1568K(1728K)->1568K(1728K) Class: 177K(320K)->177K(320K)
[2026-05-27T11:23:52.710+0530][33.966s][info][gc          ] GC(819) Pause Young (Normal) (G1 Evacuation Pause) 316M->15M(512M) 0.819ms
[2026-05-27T11:23:52.710+0530][33.966s][info][gc,cpu      ] GC(819) User=0.01s Sys=0.00s Real=0.01s
[2026-05-27T11:23:52.747+0530][34.003s][info][gc,start    ] GC(820) Pause Young (Normal) (G1 Evacuation Pause)
[2026-05-27T11:23:52.747+0530][34.003s][info][gc,task     ] GC(820) Using 9 workers of 9 for evacuation
[2026-05-27T11:23:52.748+0530][34.004s][info][gc,phases   ] GC(820)   Pre Evacuate Collection Set: 0.07ms
[2026-05-27T11:23:52.748+0530][34.004s][info][gc,phases   ] GC(820)   Merge Heap Roots: 0.06ms
[2026-05-27T11:23:52.748+0530][34.004s][info][gc,phases   ] GC(820)   Evacuate Collection Set: 0.31ms
[2026-05-27T11:23:52.748+0530][34.004s][info][gc,phases   ] GC(820)   Post Evacuate Collection Set: 0.20ms
[2026-05-27T11:23:52.748+0530][34.004s][info][gc,phases   ] GC(820)   Other: 0.10ms
[2026-05-27T11:23:52.748+0530][34.004s][info][gc,heap     ] GC(820) Eden regions: 301->0(302)
[2026-05-27T11:23:52.748+0530][34.004s][info][gc,heap     ] GC(820) Survivor regions: 6->5(39)
[2026-05-27T11:23:52.748+0530][34.004s][info][gc,heap     ] GC(820) Old regions: 10->10
[2026-05-27T11:23:52.748+0530][34.004s][info][gc,heap     ] GC(820) Archive regions: 2->2
[2026-05-27T11:23:52.748+0530][34.004s][info][gc,heap     ] GC(820) Humongous regions: 9->0
[2026-05-27T11:23:52.748+0530][34.004s][info][gc,metaspace] GC(820) Metaspace: 1745K(2048K)->1745K(2048K) NonClass: 1568K(1728K)->1568K(1728K) Class: 177K(320K)->177K(320K)
[2026-05-27T11:23:52.748+0530][34.004s][info][gc          ] GC(820) Pause Young (Normal) (G1 Evacuation Pause) 325M->14M(512M) 0.808ms
[2026-05-27T11:23:52.748+0530][34.004s][info][gc,cpu      ] GC(820) User=0.00s Sys=0.00s Real=0.00s
[2026-05-27T11:23:52.788+0530][34.044s][info][gc,start    ] GC(821) Pause Young (Normal) (G1 Evacuation Pause)
[2026-05-27T11:23:52.788+0530][34.044s][info][gc,task     ] GC(821) Using 9 workers of 9 for evacuation
[2026-05-27T11:23:52.789+0530][34.045s][info][gc,phases   ] GC(821)   Pre Evacuate Collection Set: 0.06ms
[2026-05-27T11:23:52.789+0530][34.045s][info][gc,phases   ] GC(821)   Merge Heap Roots: 0.05ms
[2026-05-27T11:23:52.789+0530][34.045s][info][gc,phases   ] GC(821)   Evacuate Collection Set: 0.27ms
[2026-05-27T11:23:52.789+0530][34.045s][info][gc,phases   ] GC(821)   Post Evacuate Collection Set: 0.22ms
[2026-05-27T11:23:52.789+0530][34.045s][info][gc,phases   ] GC(821)   Other: 0.11ms
[2026-05-27T11:23:52.789+0530][34.045s][info][gc,heap     ] GC(821) Eden regions: 302->0(301)
[2026-05-27T11:23:52.789+0530][34.045s][info][gc,heap     ] GC(821) Survivor regions: 5->6(39)
[2026-05-27T11:23:52.789+0530][34.045s][info][gc,heap     ] GC(821) Old regions: 10->10
[2026-05-27T11:23:52.789+0530][34.045s][info][gc,heap     ] GC(821) Archive regions: 2->2
[2026-05-27T11:23:52.789+0530][34.045s][info][gc,heap     ] GC(821) Humongous regions: 0->0
[2026-05-27T11:23:52.789+0530][34.045s][info][gc,metaspace] GC(821) Metaspace: 1745K(2048K)->1745K(2048K) NonClass: 1568K(1728K)->1568K(1728K) Class: 177K(320K)->177K(320K)
[2026-05-27T11:23:52.789+0530][34.045s][info][gc          ] GC(821) Pause Young (Normal) (G1 Evacuation Pause) 316M->15M(512M) 0.787ms
[2026-05-27T11:23:52.789+0530][34.045s][info][gc,cpu      ] GC(821) User=0.00s Sys=0.00s Real=0.00s
[2026-05-27T11:23:52.827+0530][34.083s][info][gc,start    ] GC(822) Pause Young (Normal) (G1 Evacuation Pause)
[2026-05-27T11:23:52.827+0530][34.083s][info][gc,task     ] GC(822) Using 9 workers of 9 for evacuation
[2026-05-27T11:23:52.828+0530][34.084s][info][gc,phases   ] GC(822)   Pre Evacuate Collection Set: 0.06ms
[2026-05-27T11:23:52.828+0530][34.084s][info][gc,phases   ] GC(822)   Merge Heap Roots: 0.04ms
[2026-05-27T11:23:52.828+0530][34.084s][info][gc,phases   ] GC(822)   Evacuate Collection Set: 0.25ms
[2026-05-27T11:23:52.828+0530][34.084s][info][gc,phases   ] GC(822)   Post Evacuate Collection Set: 0.20ms
[2026-05-27T11:23:52.828+0530][34.084s][info][gc,phases   ] GC(822)   Other: 0.10ms
[2026-05-27T11:23:52.828+0530][34.084s][info][gc,heap     ] GC(822) Eden regions: 301->0(302)
[2026-05-27T11:23:52.828+0530][34.084s][info][gc,heap     ] GC(822) Survivor regions: 6->5(39)
[2026-05-27T11:23:52.828+0530][34.084s][info][gc,heap     ] GC(822) Old regions: 10->10
[2026-05-27T11:23:52.828+0530][34.084s][info][gc,heap     ] GC(822) Archive regions: 2->2
[2026-05-27T11:23:52.828+0530][34.084s][info][gc,heap     ] GC(822) Humongous regions: 0->0
[2026-05-27T11:23:52.828+0530][34.084s][info][gc,metaspace] GC(822) Metaspace: 1745K(2048K)->1745K(2048K) NonClass: 1568K(1728K)->1568K(1728K) Class: 177K(320K)->177K(320K)
[2026-05-27T11:23:52.828+0530][34.084s][info][gc          ] GC(822) Pause Young (Normal) (G1 Evacuation Pause) 316M->14M(512M) 0.712ms
[2026-05-27T11:23:52.828+0530][34.084s][info][gc,cpu      ] GC(822) User=0.00s Sys=0.00s Real=0.00s
[2026-05-27T11:23:52.870+0530][34.126s][info][gc,start    ] GC(823) Pause Young (Normal) (G1 Evacuation Pause)
[2026-05-27T11:23:52.870+0530][34.126s][info][gc,task     ] GC(823) Using 9 workers of 9 for evacuation
[2026-05-27T11:23:52.871+0530][34.127s][info][gc,phases   ] GC(823)   Pre Evacuate Collection Set: 0.13ms
[2026-05-27T11:23:52.871+0530][34.127s][info][gc,phases   ] GC(823)   Merge Heap Roots: 0.03ms
[2026-05-27T11:23:52.871+0530][34.127s][info][gc,phases   ] GC(823)   Evacuate Collection Set: 0.32ms
[2026-05-27T11:23:52.871+0530][34.127s][info][gc,phases   ] GC(823)   Post Evacuate Collection Set: 0.19ms
[2026-05-27T11:23:52.871+0530][34.127s][info][gc,phases   ] GC(823)   Other: 0.09ms
[2026-05-27T11:23:52.871+0530][34.127s][info][gc,heap     ] GC(823) Eden regions: 302->0(300)
[2026-05-27T11:23:52.871+0530][34.127s][info][gc,heap     ] GC(823) Survivor regions: 5->7(39)
[2026-05-27T11:23:52.871+0530][34.127s][info][gc,heap     ] GC(823) Old regions: 10->10
[2026-05-27T11:23:52.871+0530][34.127s][info][gc,heap     ] GC(823) Archive regions: 2->2
[2026-05-27T11:23:52.871+0530][34.127s][info][gc,heap     ] GC(823) Humongous regions: 0->0
[2026-05-27T11:23:52.871+0530][34.127s][info][gc,metaspace] GC(823) Metaspace: 1745K(2048K)->1745K(2048K) NonClass: 1568K(1728K)->1568K(1728K) Class: 177K(320K)->177K(320K)
[2026-05-27T11:23:52.871+0530][34.127s][info][gc          ] GC(823) Pause Young (Normal) (G1 Evacuation Pause) 316M->16M(512M) 0.840ms
[2026-05-27T11:23:52.871+0530][34.127s][info][gc,cpu      ] GC(823) User=0.00s Sys=0.00s Real=0.00s
[2026-05-27T11:23:52.912+0530][34.168s][info][gc,start    ] GC(824) Pause Young (Normal) (G1 Evacuation Pause)
[2026-05-27T11:23:52.912+0530][34.168s][info][gc,task     ] GC(824) Using 9 workers of 9 for evacuation
[2026-05-27T11:23:52.913+0530][34.169s][info][gc,phases   ] GC(824)   Pre Evacuate Collection Set: 0.08ms
[2026-05-27T11:23:52.913+0530][34.169s][info][gc,phases   ] GC(824)   Merge Heap Roots: 0.08ms
[2026-05-27T11:23:52.913+0530][34.169s][info][gc,phases   ] GC(824)   Evacuate Collection Set: 0.35ms
[2026-05-27T11:23:52.913+0530][34.169s][info][gc,phases   ] GC(824)   Post Evacuate Collection Set: 0.19ms
[2026-05-27T11:23:52.913+0530][34.169s][info][gc,phases   ] GC(824)   Other: 0.12ms
[2026-05-27T11:23:52.913+0530][34.169s][info][gc,heap     ] GC(824) Eden regions: 300->0(301)
[2026-05-27T11:23:52.913+0530][34.169s][info][gc,heap     ] GC(824) Survivor regions: 7->6(39)
[2026-05-27T11:23:52.913+0530][34.169s][info][gc,heap     ] GC(824) Old regions: 10->10
[2026-05-27T11:23:52.913+0530][34.169s][info][gc,heap     ] GC(824) Archive regions: 2->2
[2026-05-27T11:23:52.913+0530][34.169s][info][gc,heap     ] GC(824) Humongous regions: 9->0
[2026-05-27T11:23:52.913+0530][34.169s][info][gc,metaspace] GC(824) Metaspace: 1745K(2048K)->1745K(2048K) NonClass: 1568K(1728K)->1568K(1728K) Class: 177K(320K)->177K(320K)
[2026-05-27T11:23:52.913+0530][34.169s][info][gc          ] GC(824) Pause Young (Normal) (G1 Evacuation Pause) 325M->15M(512M) 0.888ms
[2026-05-27T11:23:52.913+0530][34.169s][info][gc,cpu      ] GC(824) User=0.00s Sys=0.00s Real=0.00s
[2026-05-27T11:23:52.949+0530][34.205s][info][gc,start    ] GC(825) Pause Young (Normal) (G1 Evacuation Pause)
[2026-05-27T11:23:52.949+0530][34.205s][info][gc,task     ] GC(825) Using 9 workers of 9 for evacuation
[2026-05-27T11:23:52.950+0530][34.206s][info][gc,phases   ] GC(825)   Pre Evacuate Collection Set: 0.05ms
[2026-05-27T11:23:52.950+0530][34.206s][info][gc,phases   ] GC(825)   Merge Heap Roots: 0.04ms
[2026-05-27T11:23:52.950+0530][34.206s][info][gc,phases   ] GC(825)   Evacuate Collection Set: 0.22ms
[2026-05-27T11:23:52.950+0530][34.206s][info][gc,phases   ] GC(825)   Post Evacuate Collection Set: 0.18ms
[2026-05-27T11:23:52.950+0530][34.206s][info][gc,phases   ] GC(825)   Other: 0.10ms
[2026-05-27T11:23:52.950+0530][34.206s][info][gc,heap     ] GC(825) Eden regions: 301->0(301)
[2026-05-27T11:23:52.950+0530][34.206s][info][gc,heap     ] GC(825) Survivor regions: 6->6(39)
[2026-05-27T11:23:52.950+0530][34.206s][info][gc,heap     ] GC(825) Old regions: 10->10
[2026-05-27T11:23:52.950+0530][34.206s][info][gc,heap     ] GC(825) Archive regions: 2->2
[2026-05-27T11:23:52.950+0530][34.206s][info][gc,heap     ] GC(825) Humongous regions: 9->0
[2026-05-27T11:23:52.950+0530][34.206s][info][gc,metaspace] GC(825) Metaspace: 1745K(2048K)->1745K(2048K) NonClass: 1568K(1728K)->1568K(1728K) Class: 177K(320K)->177K(320K)
[2026-05-27T11:23:52.950+0530][34.206s][info][gc          ] GC(825) Pause Young (Normal) (G1 Evacuation Pause) 324M->15M(512M) 0.637ms
[2026-05-27T11:23:52.950+0530][34.206s][info][gc,cpu      ] GC(825) User=0.00s Sys=0.00s Real=0.01s
[2026-05-27T11:23:52.990+0530][34.247s][info][gc,start    ] GC(826) Pause Young (Normal) (G1 Evacuation Pause)
[2026-05-27T11:23:52.990+0530][34.247s][info][gc,task     ] GC(826) Using 9 workers of 9 for evacuation
[2026-05-27T11:23:52.991+0530][34.247s][info][gc,phases   ] GC(826)   Pre Evacuate Collection Set: 0.07ms
[2026-05-27T11:23:52.991+0530][34.247s][info][gc,phases   ] GC(826)   Merge Heap Roots: 0.03ms
[2026-05-27T11:23:52.991+0530][34.247s][info][gc,phases   ] GC(826)   Evacuate Collection Set: 0.26ms
[2026-05-27T11:23:52.991+0530][34.247s][info][gc,phases   ] GC(826)   Post Evacuate Collection Set: 0.18ms
[2026-05-27T11:23:52.991+0530][34.247s][info][gc,phases   ] GC(826)   Other: 0.11ms
[2026-05-27T11:23:52.991+0530][34.247s][info][gc,heap     ] GC(826) Eden regions: 301->0(301)
[2026-05-27T11:23:52.991+0530][34.247s][info][gc,heap     ] GC(826) Survivor regions: 6->6(39)
[2026-05-27T11:23:52.991+0530][34.247s][info][gc,heap     ] GC(826) Old regions: 10->10
[2026-05-27T11:23:52.991+0530][34.247s][info][gc,heap     ] GC(826) Archive regions: 2->2
[2026-05-27T11:23:52.991+0530][34.247s][info][gc,heap     ] GC(826) Humongous regions: 0->0
[2026-05-27T11:23:52.991+0530][34.247s][info][gc,metaspace] GC(826) Metaspace: 1745K(2048K)->1745K(2048K) NonClass: 1568K(1728K)->1568K(1728K) Class: 177K(320K)->177K(320K)
[2026-05-27T11:23:52.991+0530][34.247s][info][gc          ] GC(826) Pause Young (Normal) (G1 Evacuation Pause) 316M->15M(512M) 0.740ms
[2026-05-27T11:23:52.991+0530][34.247s][info][gc,cpu      ] GC(826) User=0.01s Sys=0.00s Real=0.00s
[2026-05-27T11:23:53.031+0530][34.287s][info][gc,start    ] GC(827) Pause Young (Normal) (G1 Evacuation Pause)
[2026-05-27T11:23:53.031+0530][34.287s][info][gc,task     ] GC(827) Using 9 workers of 9 for evacuation
[2026-05-27T11:23:53.032+0530][34.288s][info][gc,phases   ] GC(827)   Pre Evacuate Collection Set: 0.06ms
[2026-05-27T11:23:53.032+0530][34.288s][info][gc,phases   ] GC(827)   Merge Heap Roots: 0.05ms
[2026-05-27T11:23:53.032+0530][34.288s][info][gc,phases   ] GC(827)   Evacuate Collection Set: 0.28ms
[2026-05-27T11:23:53.032+0530][34.288s][info][gc,phases   ] GC(827)   Post Evacuate Collection Set: 0.24ms
[2026-05-27T11:23:53.032+0530][34.288s][info][gc,phases   ] GC(827)   Other: 0.10ms
[2026-05-27T11:23:53.032+0530][34.288s][info][gc,heap     ] GC(827) Eden regions: 301->0(302)
[2026-05-27T11:23:53.032+0530][34.288s][info][gc,heap     ] GC(827) Survivor regions: 6->5(39)
[2026-05-27T11:23:53.032+0530][34.288s][info][gc,heap     ] GC(827) Old regions: 10->10
[2026-05-27T11:23:53.032+0530][34.288s][info][gc,heap     ] GC(827) Archive regions: 2->2
[2026-05-27T11:23:53.032+0530][34.288s][info][gc,heap     ] GC(827) Humongous regions: 0->0
[2026-05-27T11:23:53.032+0530][34.288s][info][gc,metaspace] GC(827) Metaspace: 1745K(2048K)->1745K(2048K) NonClass: 1568K(1728K)->1568K(1728K) Class: 177K(320K)->177K(320K)
[2026-05-27T11:23:53.032+0530][34.288s][info][gc          ] GC(827) Pause Young (Normal) (G1 Evacuation Pause) 316M->14M(512M) 0.809ms
[2026-05-27T11:23:53.032+0530][34.288s][info][gc,cpu      ] GC(827) User=0.00s Sys=0.00s Real=0.00s
[2026-05-27T11:23:53.071+0530][34.327s][info][gc,start    ] GC(828) Pause Young (Normal) (G1 Evacuation Pause)
[2026-05-27T11:23:53.071+0530][34.327s][info][gc,task     ] GC(828) Using 9 workers of 9 for evacuation
[2026-05-27T11:23:53.071+0530][34.328s][info][gc,phases   ] GC(828)   Pre Evacuate Collection Set: 0.11ms
[2026-05-27T11:23:53.071+0530][34.328s][info][gc,phases   ] GC(828)   Merge Heap Roots: 0.06ms
[2026-05-27T11:23:53.071+0530][34.328s][info][gc,phases   ] GC(828)   Evacuate Collection Set: 0.30ms
[2026-05-27T11:23:53.071+0530][34.328s][info][gc,phases   ] GC(828)   Post Evacuate Collection Set: 0.16ms
[2026-05-27T11:23:53.071+0530][34.328s][info][gc,phases   ] GC(828)   Other: 0.11ms
[2026-05-27T11:23:53.071+0530][34.328s][info][gc,heap     ] GC(828) Eden regions: 302->0(301)
[2026-05-27T11:23:53.071+0530][34.328s][info][gc,heap     ] GC(828) Survivor regions: 5->6(39)
[2026-05-27T11:23:53.071+0530][34.328s][info][gc,heap     ] GC(828) Old regions: 10->10
[2026-05-27T11:23:53.071+0530][34.328s][info][gc,heap     ] GC(828) Archive regions: 2->2
[2026-05-27T11:23:53.071+0530][34.328s][info][gc,heap     ] GC(828) Humongous regions: 0->0
[2026-05-27T11:23:53.071+0530][34.328s][info][gc,metaspace] GC(828) Metaspace: 1745K(2048K)->1745K(2048K) NonClass: 1568K(1728K)->1568K(1728K) Class: 177K(320K)->177K(320K)
[2026-05-27T11:23:53.072+0530][34.328s][info][gc          ] GC(828) Pause Young (Normal) (G1 Evacuation Pause) 316M->15M(512M) 0.828ms
[2026-05-27T11:23:53.072+0530][34.328s][info][gc,cpu      ] GC(828) User=0.00s Sys=0.00s Real=0.00s
[2026-05-27T11:23:53.113+0530][34.369s][info][gc,start    ] GC(829) Pause Young (Normal) (G1 Evacuation Pause)
[2026-05-27T11:23:53.113+0530][34.369s][info][gc,task     ] GC(829) Using 9 workers of 9 for evacuation
[2026-05-27T11:23:53.114+0530][34.371s][info][gc,phases   ] GC(829)   Pre Evacuate Collection Set: 0.04ms
[2026-05-27T11:23:53.114+0530][34.371s][info][gc,phases   ] GC(829)   Merge Heap Roots: 0.09ms
[2026-05-27T11:23:53.115+0530][34.371s][info][gc,phases   ] GC(829)   Evacuate Collection Set: 0.42ms
[2026-05-27T11:23:53.115+0530][34.371s][info][gc,phases   ] GC(829)   Post Evacuate Collection Set: 0.86ms
[2026-05-27T11:23:53.115+0530][34.371s][info][gc,phases   ] GC(829)   Other: 0.10ms
[2026-05-27T11:23:53.115+0530][34.371s][info][gc,heap     ] GC(829) Eden regions: 301->0(303)
[2026-05-27T11:23:53.115+0530][34.371s][info][gc,heap     ] GC(829) Survivor regions: 6->4(39)
[2026-05-27T11:23:53.115+0530][34.371s][info][gc,heap     ] GC(829) Old regions: 10->10
[2026-05-27T11:23:53.115+0530][34.371s][info][gc,heap     ] GC(829) Archive regions: 2->2
[2026-05-27T11:23:53.115+0530][34.371s][info][gc,heap     ] GC(829) Humongous regions: 0->0
[2026-05-27T11:23:53.115+0530][34.371s][info][gc,metaspace] GC(829) Metaspace: 1745K(2048K)->1745K(2048K) NonClass: 1568K(1728K)->1568K(1728K) Class: 177K(320K)->177K(320K)
[2026-05-27T11:23:53.115+0530][34.371s][info][gc          ] GC(829) Pause Young (Normal) (G1 Evacuation Pause) 316M->14M(512M) 1.785ms
[2026-05-27T11:23:53.115+0530][34.371s][info][gc,cpu      ] GC(829) User=0.00s Sys=0.00s Real=0.00s
[2026-05-27T11:23:53.158+0530][34.414s][info][gc,start    ] GC(830) Pause Young (Normal) (G1 Evacuation Pause)
[2026-05-27T11:23:53.158+0530][34.414s][info][gc,task     ] GC(830) Using 9 workers of 9 for evacuation
[2026-05-27T11:23:53.158+0530][34.414s][info][gc,phases   ] GC(830)   Pre Evacuate Collection Set: 0.07ms
[2026-05-27T11:23:53.158+0530][34.414s][info][gc,phases   ] GC(830)   Merge Heap Roots: 0.05ms
[2026-05-27T11:23:53.158+0530][34.414s][info][gc,phases   ] GC(830)   Evacuate Collection Set: 0.28ms
[2026-05-27T11:23:53.158+0530][34.414s][info][gc,phases   ] GC(830)   Post Evacuate Collection Set: 0.22ms
[2026-05-27T11:23:53.158+0530][34.414s][info][gc,phases   ] GC(830)   Other: 0.10ms
[2026-05-27T11:23:53.158+0530][34.414s][info][gc,heap     ] GC(830) Eden regions: 303->0(300)
[2026-05-27T11:23:53.158+0530][34.414s][info][gc,heap     ] GC(830) Survivor regions: 4->7(39)
[2026-05-27T11:23:53.158+0530][34.414s][info][gc,heap     ] GC(830) Old regions: 10->10
[2026-05-27T11:23:53.158+0530][34.414s][info][gc,heap     ] GC(830) Archive regions: 2->2
[2026-05-27T11:23:53.158+0530][34.414s][info][gc,heap     ] GC(830) Humongous regions: 0->0
[2026-05-27T11:23:53.158+0530][34.414s][info][gc,metaspace] GC(830) Metaspace: 1745K(2048K)->1745K(2048K) NonClass: 1568K(1728K)->1568K(1728K) Class: 177K(320K)->177K(320K)
[2026-05-27T11:23:53.158+0530][34.414s][info][gc          ] GC(830) Pause Young (Normal) (G1 Evacuation Pause) 316M->16M(512M) 0.778ms
[2026-05-27T11:23:53.158+0530][34.415s][info][gc,cpu      ] GC(830) User=0.00s Sys=0.00s Real=0.00s
[2026-05-27T11:23:53.201+0530][34.457s][info][gc,start    ] GC(831) Pause Young (Normal) (G1 Evacuation Pause)
[2026-05-27T11:23:53.201+0530][34.457s][info][gc,task     ] GC(831) Using 9 workers of 9 for evacuation
[2026-05-27T11:23:53.202+0530][34.458s][info][gc,phases   ] GC(831)   Pre Evacuate Collection Set: 0.16ms
[2026-05-27T11:23:53.202+0530][34.458s][info][gc,phases   ] GC(831)   Merge Heap Roots: 0.04ms
[2026-05-27T11:23:53.202+0530][34.458s][info][gc,phases   ] GC(831)   Evacuate Collection Set: 0.28ms
[2026-05-27T11:23:53.202+0530][34.458s][info][gc,phases   ] GC(831)   Post Evacuate Collection Set: 0.19ms
[2026-05-27T11:23:53.202+0530][34.458s][info][gc,phases   ] GC(831)   Other: 0.11ms
[2026-05-27T11:23:53.202+0530][34.458s][info][gc,heap     ] GC(831) Eden regions: 300->0(303)
[2026-05-27T11:23:53.202+0530][34.458s][info][gc,heap     ] GC(831) Survivor regions: 7->4(39)
[2026-05-27T11:23:53.202+0530][34.458s][info][gc,heap     ] GC(831) Old regions: 10->10
[2026-05-27T11:23:53.202+0530][34.458s][info][gc,heap     ] GC(831) Archive regions: 2->2
[2026-05-27T11:23:53.202+0530][34.458s][info][gc,heap     ] GC(831) Humongous regions: 0->0
[2026-05-27T11:23:53.202+0530][34.458s][info][gc,metaspace] GC(831) Metaspace: 1745K(2048K)->1745K(2048K) NonClass: 1568K(1728K)->1568K(1728K) Class: 177K(320K)->177K(320K)
[2026-05-27T11:23:53.202+0530][34.458s][info][gc          ] GC(831) Pause Young (Normal) (G1 Evacuation Pause) 316M->13M(512M) 0.853ms
[2026-05-27T11:23:53.202+0530][34.458s][info][gc,cpu      ] GC(831) User=0.00s Sys=0.00s Real=0.00s
[2026-05-27T11:23:53.242+0530][34.498s][info][gc,start    ] GC(832) Pause Young (Normal) (G1 Evacuation Pause)
[2026-05-27T11:23:53.242+0530][34.498s][info][gc,task     ] GC(832) Using 9 workers of 9 for evacuation
[2026-05-27T11:23:53.243+0530][34.499s][info][gc,phases   ] GC(832)   Pre Evacuate Collection Set: 0.06ms
[2026-05-27T11:23:53.243+0530][34.499s][info][gc,phases   ] GC(832)   Merge Heap Roots: 0.09ms
[2026-05-27T11:23:53.243+0530][34.499s][info][gc,phases   ] GC(832)   Evacuate Collection Set: 0.32ms
[2026-05-27T11:23:53.243+0530][34.499s][info][gc,phases   ] GC(832)   Post Evacuate Collection Set: 0.22ms
[2026-05-27T11:23:53.243+0530][34.499s][info][gc,phases   ] GC(832)   Other: 0.11ms
[2026-05-27T11:23:53.243+0530][34.499s][info][gc,heap     ] GC(832) Eden regions: 303->0(302)
[2026-05-27T11:23:53.243+0530][34.499s][info][gc,heap     ] GC(832) Survivor regions: 4->5(39)
[2026-05-27T11:23:53.243+0530][34.499s][info][gc,heap     ] GC(832) Old regions: 10->10
[2026-05-27T11:23:53.243+0530][34.499s][info][gc,heap     ] GC(832) Archive regions: 2->2
[2026-05-27T11:23:53.243+0530][34.499s][info][gc,heap     ] GC(832) Humongous regions: 0->0
[2026-05-27T11:23:53.243+0530][34.499s][info][gc,metaspace] GC(832) Metaspace: 1745K(2048K)->1745K(2048K) NonClass: 1568K(1728K)->1568K(1728K) Class: 177K(320K)->177K(320K)
[2026-05-27T11:23:53.243+0530][34.499s][info][gc          ] GC(832) Pause Young (Normal) (G1 Evacuation Pause) 316M->14M(512M) 0.852ms
[2026-05-27T11:23:53.243+0530][34.499s][info][gc,cpu      ] GC(832) User=0.01s Sys=0.00s Real=0.00s
[2026-05-27T11:23:53.282+0530][34.538s][info][gc,start    ] GC(833) Pause Young (Normal) (G1 Evacuation Pause)
[2026-05-27T11:23:53.282+0530][34.538s][info][gc,task     ] GC(833) Using 9 workers of 9 for evacuation
[2026-05-27T11:23:53.283+0530][34.539s][info][gc,phases   ] GC(833)   Pre Evacuate Collection Set: 0.04ms
[2026-05-27T11:23:53.283+0530][34.539s][info][gc,phases   ] GC(833)   Merge Heap Roots: 0.05ms
[2026-05-27T11:23:53.283+0530][34.539s][info][gc,phases   ] GC(833)   Evacuate Collection Set: 0.26ms
[2026-05-27T11:23:53.283+0530][34.539s][info][gc,phases   ] GC(833)   Post Evacuate Collection Set: 0.21ms
[2026-05-27T11:23:53.283+0530][34.539s][info][gc,phases   ] GC(833)   Other: 0.10ms
[2026-05-27T11:23:53.283+0530][34.539s][info][gc,heap     ] GC(833) Eden regions: 302->0(306)
[2026-05-27T11:23:53.283+0530][34.539s][info][gc,heap     ] GC(833) Survivor regions: 5->1(39)
[2026-05-27T11:23:53.283+0530][34.539s][info][gc,heap     ] GC(833) Old regions: 10->10
[2026-05-27T11:23:53.283+0530][34.539s][info][gc,heap     ] GC(833) Archive regions: 2->2
[2026-05-27T11:23:53.283+0530][34.539s][info][gc,heap     ] GC(833) Humongous regions: 18->0
[2026-05-27T11:23:53.283+0530][34.539s][info][gc,metaspace] GC(833) Metaspace: 1745K(2048K)->1745K(2048K) NonClass: 1568K(1728K)->1568K(1728K) Class: 177K(320K)->177K(320K)
[2026-05-27T11:23:53.283+0530][34.539s][info][gc          ] GC(833) Pause Young (Normal) (G1 Evacuation Pause) 334M->10M(512M) 0.728ms
[2026-05-27T11:23:53.283+0530][34.539s][info][gc,cpu      ] GC(833) User=0.00s Sys=0.00s Real=0.00s
[2026-05-27T11:23:53.323+0530][34.579s][info][gc,start    ] GC(834) Pause Young (Normal) (G1 Evacuation Pause)
[2026-05-27T11:23:53.323+0530][34.579s][info][gc,task     ] GC(834) Using 9 workers of 9 for evacuation
[2026-05-27T11:23:53.323+0530][34.579s][info][gc,phases   ] GC(834)   Pre Evacuate Collection Set: 0.07ms
[2026-05-27T11:23:53.323+0530][34.579s][info][gc,phases   ] GC(834)   Merge Heap Roots: 0.06ms
[2026-05-27T11:23:53.323+0530][34.579s][info][gc,phases   ] GC(834)   Evacuate Collection Set: 0.28ms
[2026-05-27T11:23:53.323+0530][34.579s][info][gc,phases   ] GC(834)   Post Evacuate Collection Set: 0.15ms
[2026-05-27T11:23:53.323+0530][34.579s][info][gc,phases   ] GC(834)   Other: 0.09ms
[2026-05-27T11:23:53.323+0530][34.579s][info][gc,heap     ] GC(834) Eden regions: 306->0(301)
[2026-05-27T11:23:53.323+0530][34.579s][info][gc,heap     ] GC(834) Survivor regions: 1->6(39)
[2026-05-27T11:23:53.323+0530][34.579s][info][gc,heap     ] GC(834) Old regions: 10->10
[2026-05-27T11:23:53.323+0530][34.579s][info][gc,heap     ] GC(834) Archive regions: 2->2
[2026-05-27T11:23:53.323+0530][34.579s][info][gc,heap     ] GC(834) Humongous regions: 0->0
[2026-05-27T11:23:53.323+0530][34.579s][info][gc,metaspace] GC(834) Metaspace: 1745K(2048K)->1745K(2048K) NonClass: 1568K(1728K)->1568K(1728K) Class: 177K(320K)->177K(320K)
[2026-05-27T11:23:53.323+0530][34.579s][info][gc          ] GC(834) Pause Young (Normal) (G1 Evacuation Pause) 316M->15M(512M) 0.714ms
[2026-05-27T11:23:53.323+0530][34.579s][info][gc,cpu      ] GC(834) User=0.00s Sys=0.00s Real=0.00s
[2026-05-27T11:23:53.363+0530][34.619s][info][gc,start    ] GC(835) Pause Young (Normal) (G1 Evacuation Pause)
[2026-05-27T11:23:53.363+0530][34.619s][info][gc,task     ] GC(835) Using 9 workers of 9 for evacuation
[2026-05-27T11:23:53.364+0530][34.620s][info][gc,phases   ] GC(835)   Pre Evacuate Collection Set: 0.09ms
[2026-05-27T11:23:53.364+0530][34.620s][info][gc,phases   ] GC(835)   Merge Heap Roots: 0.05ms
[2026-05-27T11:23:53.364+0530][34.620s][info][gc,phases   ] GC(835)   Evacuate Collection Set: 0.28ms
[2026-05-27T11:23:53.364+0530][34.620s][info][gc,phases   ] GC(835)   Post Evacuate Collection Set: 0.19ms
[2026-05-27T11:23:53.364+0530][34.620s][info][gc,phases   ] GC(835)   Other: 0.10ms
[2026-05-27T11:23:53.364+0530][34.620s][info][gc,heap     ] GC(835) Eden regions: 301->0(301)
[2026-05-27T11:23:53.364+0530][34.620s][info][gc,heap     ] GC(835) Survivor regions: 6->6(39)
[2026-05-27T11:23:53.364+0530][34.620s][info][gc,heap     ] GC(835) Old regions: 10->10
[2026-05-27T11:23:53.364+0530][34.620s][info][gc,heap     ] GC(835) Archive regions: 2->2
[2026-05-27T11:23:53.364+0530][34.620s][info][gc,heap     ] GC(835) Humongous regions: 0->0
[2026-05-27T11:23:53.364+0530][34.620s][info][gc,metaspace] GC(835) Metaspace: 1745K(2048K)->1745K(2048K) NonClass: 1568K(1728K)->1568K(1728K) Class: 177K(320K)->177K(320K)
[2026-05-27T11:23:53.364+0530][34.620s][info][gc          ] GC(835) Pause Young (Normal) (G1 Evacuation Pause) 316M->15M(512M) 0.767ms
[2026-05-27T11:23:53.364+0530][34.620s][info][gc,cpu      ] GC(835) User=0.00s Sys=0.00s Real=0.00s
[2026-05-27T11:23:53.404+0530][34.660s][info][gc,start    ] GC(836) Pause Young (Normal) (G1 Evacuation Pause)
[2026-05-27T11:23:53.404+0530][34.660s][info][gc,task     ] GC(836) Using 9 workers of 9 for evacuation
[2026-05-27T11:23:53.405+0530][34.661s][info][gc,phases   ] GC(836)   Pre Evacuate Collection Set: 0.11ms
[2026-05-27T11:23:53.405+0530][34.661s][info][gc,phases   ] GC(836)   Merge Heap Roots: 0.05ms
[2026-05-27T11:23:53.405+0530][34.661s][info][gc,phases   ] GC(836)   Evacuate Collection Set: 0.29ms
[2026-05-27T11:23:53.405+0530][34.661s][info][gc,phases   ] GC(836)   Post Evacuate Collection Set: 0.30ms
[2026-05-27T11:23:53.405+0530][34.661s][info][gc,phases   ] GC(836)   Other: 0.10ms
[2026-05-27T11:23:53.405+0530][34.661s][info][gc,heap     ] GC(836) Eden regions: 301->0(302)
[2026-05-27T11:23:53.405+0530][34.661s][info][gc,heap     ] GC(836) Survivor regions: 6->5(39)
[2026-05-27T11:23:53.405+0530][34.661s][info][gc,heap     ] GC(836) Old regions: 10->10
[2026-05-27T11:23:53.405+0530][34.661s][info][gc,heap     ] GC(836) Archive regions: 2->2
[2026-05-27T11:23:53.405+0530][34.661s][info][gc,heap     ] GC(836) Humongous regions: 0->0
[2026-05-27T11:23:53.405+0530][34.661s][info][gc,metaspace] GC(836) Metaspace: 1745K(2048K)->1745K(2048K) NonClass: 1568K(1728K)->1568K(1728K) Class: 177K(320K)->177K(320K)
[2026-05-27T11:23:53.405+0530][34.661s][info][gc          ] GC(836) Pause Young (Normal) (G1 Evacuation Pause) 316M->14M(512M) 0.922ms
[2026-05-27T11:23:53.405+0530][34.661s][info][gc,cpu      ] GC(836) User=0.01s Sys=0.01s Real=0.00s
[2026-05-27T11:23:53.444+0530][34.700s][info][gc,start    ] GC(837) Pause Young (Normal) (G1 Evacuation Pause)
[2026-05-27T11:23:53.444+0530][34.700s][info][gc,task     ] GC(837) Using 9 workers of 9 for evacuation
[2026-05-27T11:23:53.445+0530][34.701s][info][gc,phases   ] GC(837)   Pre Evacuate Collection Set: 0.05ms
[2026-05-27T11:23:53.445+0530][34.701s][info][gc,phases   ] GC(837)   Merge Heap Roots: 0.05ms
[2026-05-27T11:23:53.445+0530][34.701s][info][gc,phases   ] GC(837)   Evacuate Collection Set: 0.30ms
[2026-05-27T11:23:53.445+0530][34.701s][info][gc,phases   ] GC(837)   Post Evacuate Collection Set: 0.19ms
[2026-05-27T11:23:53.445+0530][34.701s][info][gc,phases   ] GC(837)   Other: 0.10ms
[2026-05-27T11:23:53.445+0530][34.701s][info][gc,heap     ] GC(837) Eden regions: 302->0(302)
[2026-05-27T11:23:53.445+0530][34.701s][info][gc,heap     ] GC(837) Survivor regions: 5->5(39)
[2026-05-27T11:23:53.445+0530][34.701s][info][gc,heap     ] GC(837) Old regions: 10->10
[2026-05-27T11:23:53.445+0530][34.701s][info][gc,heap     ] GC(837) Archive regions: 2->2
[2026-05-27T11:23:53.445+0530][34.701s][info][gc,heap     ] GC(837) Humongous regions: 0->0
[2026-05-27T11:23:53.445+0530][34.701s][info][gc,metaspace] GC(837) Metaspace: 1745K(2048K)->1745K(2048K) NonClass: 1568K(1728K)->1568K(1728K) Class: 177K(320K)->177K(320K)
[2026-05-27T11:23:53.445+0530][34.701s][info][gc          ] GC(837) Pause Young (Normal) (G1 Evacuation Pause) 316M->14M(512M) 0.769ms
[2026-05-27T11:23:53.445+0530][34.701s][info][gc,cpu      ] GC(837) User=0.00s Sys=0.00s Real=0.00s
[2026-05-27T11:23:53.484+0530][34.740s][info][gc,start    ] GC(838) Pause Young (Normal) (G1 Evacuation Pause)
[2026-05-27T11:23:53.484+0530][34.740s][info][gc,task     ] GC(838) Using 9 workers of 9 for evacuation
[2026-05-27T11:23:53.484+0530][34.740s][info][gc,phases   ] GC(838)   Pre Evacuate Collection Set: 0.08ms
[2026-05-27T11:23:53.484+0530][34.740s][info][gc,phases   ] GC(838)   Merge Heap Roots: 0.10ms
[2026-05-27T11:23:53.484+0530][34.740s][info][gc,phases   ] GC(838)   Evacuate Collection Set: 0.27ms
[2026-05-27T11:23:53.484+0530][34.740s][info][gc,phases   ] GC(838)   Post Evacuate Collection Set: 0.16ms
[2026-05-27T11:23:53.484+0530][34.740s][info][gc,phases   ] GC(838)   Other: 0.10ms
[2026-05-27T11:23:53.484+0530][34.740s][info][gc,heap     ] GC(838) Eden regions: 302->0(301)
[2026-05-27T11:23:53.484+0530][34.740s][info][gc,heap     ] GC(838) Survivor regions: 5->6(39)
[2026-05-27T11:23:53.484+0530][34.740s][info][gc,heap     ] GC(838) Old regions: 10->10
[2026-05-27T11:23:53.484+0530][34.740s][info][gc,heap     ] GC(838) Archive regions: 2->2
[2026-05-27T11:23:53.484+0530][34.740s][info][gc,heap     ] GC(838) Humongous regions: 9->0
[2026-05-27T11:23:53.484+0530][34.740s][info][gc,metaspace] GC(838) Metaspace: 1745K(2048K)->1745K(2048K) NonClass: 1568K(1728K)->1568K(1728K) Class: 177K(320K)->177K(320K)
[2026-05-27T11:23:53.484+0530][34.740s][info][gc          ] GC(838) Pause Young (Normal) (G1 Evacuation Pause) 325M->15M(512M) 0.783ms
[2026-05-27T11:23:53.484+0530][34.740s][info][gc,cpu      ] GC(838) User=0.01s Sys=0.00s Real=0.00s
[2026-05-27T11:23:53.526+0530][34.783s][info][gc,start    ] GC(839) Pause Young (Normal) (G1 Evacuation Pause)
[2026-05-27T11:23:53.527+0530][34.783s][info][gc,task     ] GC(839) Using 9 workers of 9 for evacuation
[2026-05-27T11:23:53.527+0530][34.783s][info][gc,phases   ] GC(839)   Pre Evacuate Collection Set: 0.11ms
[2026-05-27T11:23:53.527+0530][34.783s][info][gc,phases   ] GC(839)   Merge Heap Roots: 0.05ms
[2026-05-27T11:23:53.527+0530][34.783s][info][gc,phases   ] GC(839)   Evacuate Collection Set: 0.32ms
[2026-05-27T11:23:53.527+0530][34.783s][info][gc,phases   ] GC(839)   Post Evacuate Collection Set: 0.24ms
[2026-05-27T11:23:53.527+0530][34.783s][info][gc,phases   ] GC(839)   Other: 0.14ms
[2026-05-27T11:23:53.527+0530][34.783s][info][gc,heap     ] GC(839) Eden regions: 301->0(304)
[2026-05-27T11:23:53.527+0530][34.784s][info][gc,heap     ] GC(839) Survivor regions: 6->3(39)
[2026-05-27T11:23:53.527+0530][34.784s][info][gc,heap     ] GC(839) Old regions: 10->10
[2026-05-27T11:23:53.527+0530][34.784s][info][gc,heap     ] GC(839) Archive regions: 2->2
[2026-05-27T11:23:53.527+0530][34.784s][info][gc,heap     ] GC(839) Humongous regions: 0->0
[2026-05-27T11:23:53.527+0530][34.784s][info][gc,metaspace] GC(839) Metaspace: 1745K(2048K)->1745K(2048K) NonClass: 1568K(1728K)->1568K(1728K) Class: 177K(320K)->177K(320K)
[2026-05-27T11:23:53.527+0530][34.784s][info][gc          ] GC(839) Pause Young (Normal) (G1 Evacuation Pause) 316M->12M(512M) 0.965ms
[2026-05-27T11:23:53.527+0530][34.784s][info][gc,cpu      ] GC(839) User=0.00s Sys=0.00s Real=0.00s
[2026-05-27T11:23:53.573+0530][34.829s][info][gc,start    ] GC(840) Pause Young (Normal) (G1 Evacuation Pause)
[2026-05-27T11:23:53.573+0530][34.829s][info][gc,task     ] GC(840) Using 9 workers of 9 for evacuation
[2026-05-27T11:23:53.574+0530][34.830s][info][gc,phases   ] GC(840)   Pre Evacuate Collection Set: 0.10ms
[2026-05-27T11:23:53.574+0530][34.830s][info][gc,phases   ] GC(840)   Merge Heap Roots: 0.06ms
[2026-05-27T11:23:53.574+0530][34.830s][info][gc,phases   ] GC(840)   Evacuate Collection Set: 0.29ms
[2026-05-27T11:23:53.574+0530][34.830s][info][gc,phases   ] GC(840)   Post Evacuate Collection Set: 0.19ms
[2026-05-27T11:23:53.574+0530][34.830s][info][gc,phases   ] GC(840)   Other: 0.12ms
[2026-05-27T11:23:53.574+0530][34.830s][info][gc,heap     ] GC(840) Eden regions: 304->0(305)
[2026-05-27T11:23:53.574+0530][34.830s][info][gc,heap     ] GC(840) Survivor regions: 3->2(39)
[2026-05-27T11:23:53.574+0530][34.830s][info][gc,heap     ] GC(840) Old regions: 10->10
[2026-05-27T11:23:53.574+0530][34.830s][info][gc,heap     ] GC(840) Archive regions: 2->2
[2026-05-27T11:23:53.574+0530][34.830s][info][gc,heap     ] GC(840) Humongous regions: 9->0
[2026-05-27T11:23:53.574+0530][34.830s][info][gc,metaspace] GC(840) Metaspace: 1745K(2048K)->1745K(2048K) NonClass: 1568K(1728K)->1568K(1728K) Class: 177K(320K)->177K(320K)
[2026-05-27T11:23:53.574+0530][34.830s][info][gc          ] GC(840) Pause Young (Normal) (G1 Evacuation Pause) 325M->11M(512M) 0.811ms
[2026-05-27T11:23:53.574+0530][34.830s][info][gc,cpu      ] GC(840) User=0.00s Sys=0.00s Real=0.00s
[2026-05-27T11:23:53.614+0530][34.870s][info][gc,start    ] GC(841) Pause Young (Normal) (G1 Evacuation Pause)
[2026-05-27T11:23:53.614+0530][34.870s][info][gc,task     ] GC(841) Using 9 workers of 9 for evacuation
[2026-05-27T11:23:53.615+0530][34.871s][info][gc,phases   ] GC(841)   Pre Evacuate Collection Set: 0.06ms
[2026-05-27T11:23:53.615+0530][34.871s][info][gc,phases   ] GC(841)   Merge Heap Roots: 0.07ms
[2026-05-27T11:23:53.615+0530][34.871s][info][gc,phases   ] GC(841)   Evacuate Collection Set: 0.39ms
[2026-05-27T11:23:53.615+0530][34.871s][info][gc,phases   ] GC(841)   Post Evacuate Collection Set: 0.16ms
[2026-05-27T11:23:53.615+0530][34.871s][info][gc,phases   ] GC(841)   Other: 0.11ms
[2026-05-27T11:23:53.615+0530][34.871s][info][gc,heap     ] GC(841) Eden regions: 305->0(303)
[2026-05-27T11:23:53.615+0530][34.871s][info][gc,heap     ] GC(841) Survivor regions: 2->4(39)
[2026-05-27T11:23:53.615+0530][34.871s][info][gc,heap     ] GC(841) Old regions: 10->10
[2026-05-27T11:23:53.615+0530][34.871s][info][gc,heap     ] GC(841) Archive regions: 2->2
[2026-05-27T11:23:53.615+0530][34.871s][info][gc,heap     ] GC(841) Humongous regions: 0->0
[2026-05-27T11:23:53.615+0530][34.871s][info][gc,metaspace] GC(841) Metaspace: 1745K(2048K)->1745K(2048K) NonClass: 1568K(1728K)->1568K(1728K) Class: 177K(320K)->177K(320K)
[2026-05-27T11:23:53.615+0530][34.871s][info][gc          ] GC(841) Pause Young (Normal) (G1 Evacuation Pause) 316M->13M(512M) 0.880ms
[2026-05-27T11:23:53.615+0530][34.871s][info][gc,cpu      ] GC(841) User=0.01s Sys=0.00s Real=0.00s
[2026-05-27T11:23:53.654+0530][34.910s][info][gc,start    ] GC(842) Pause Young (Normal) (G1 Evacuation Pause)
[2026-05-27T11:23:53.654+0530][34.910s][info][gc,task     ] GC(842) Using 9 workers of 9 for evacuation
[2026-05-27T11:23:53.655+0530][34.911s][info][gc,phases   ] GC(842)   Pre Evacuate Collection Set: 0.05ms
[2026-05-27T11:23:53.655+0530][34.911s][info][gc,phases   ] GC(842)   Merge Heap Roots: 0.04ms
[2026-05-27T11:23:53.655+0530][34.911s][info][gc,phases   ] GC(842)   Evacuate Collection Set: 0.28ms
[2026-05-27T11:23:53.655+0530][34.911s][info][gc,phases   ] GC(842)   Post Evacuate Collection Set: 0.18ms
[2026-05-27T11:23:53.655+0530][34.911s][info][gc,phases   ] GC(842)   Other: 0.08ms
[2026-05-27T11:23:53.655+0530][34.911s][info][gc,heap     ] GC(842) Eden regions: 303->0(302)
[2026-05-27T11:23:53.655+0530][34.911s][info][gc,heap     ] GC(842) Survivor regions: 4->5(39)
[2026-05-27T11:23:53.655+0530][34.911s][info][gc,heap     ] GC(842) Old regions: 10->10
[2026-05-27T11:23:53.655+0530][34.911s][info][gc,heap     ] GC(842) Archive regions: 2->2
[2026-05-27T11:23:53.655+0530][34.911s][info][gc,heap     ] GC(842) Humongous regions: 0->0
[2026-05-27T11:23:53.655+0530][34.911s][info][gc,metaspace] GC(842) Metaspace: 1745K(2048K)->1745K(2048K) NonClass: 1568K(1728K)->1568K(1728K) Class: 177K(320K)->177K(320K)
[2026-05-27T11:23:53.655+0530][34.911s][info][gc          ] GC(842) Pause Young (Normal) (G1 Evacuation Pause) 316M->14M(512M) 0.721ms
[2026-05-27T11:23:53.655+0530][34.911s][info][gc,cpu      ] GC(842) User=0.00s Sys=0.00s Real=0.00s
[2026-05-27T11:23:53.695+0530][34.951s][info][gc,start    ] GC(843) Pause Young (Normal) (G1 Evacuation Pause)
[2026-05-27T11:23:53.695+0530][34.951s][info][gc,task     ] GC(843) Using 9 workers of 9 for evacuation
[2026-05-27T11:23:53.696+0530][34.952s][info][gc,phases   ] GC(843)   Pre Evacuate Collection Set: 0.11ms
[2026-05-27T11:23:53.696+0530][34.952s][info][gc,phases   ] GC(843)   Merge Heap Roots: 0.05ms
[2026-05-27T11:23:53.696+0530][34.952s][info][gc,phases   ] GC(843)   Evacuate Collection Set: 0.51ms
[2026-05-27T11:23:53.696+0530][34.952s][info][gc,phases   ] GC(843)   Post Evacuate Collection Set: 0.19ms
[2026-05-27T11:23:53.696+0530][34.952s][info][gc,phases   ] GC(843)   Other: 0.10ms
[2026-05-27T11:23:53.696+0530][34.952s][info][gc,heap     ] GC(843) Eden regions: 302->0(302)
[2026-05-27T11:23:53.696+0530][34.952s][info][gc,heap     ] GC(843) Survivor regions: 5->5(39)
[2026-05-27T11:23:53.696+0530][34.952s][info][gc,heap     ] GC(843) Old regions: 10->10
[2026-05-27T11:23:53.696+0530][34.952s][info][gc,heap     ] GC(843) Archive regions: 2->2
[2026-05-27T11:23:53.696+0530][34.952s][info][gc,heap     ] GC(843) Humongous regions: 0->0
[2026-05-27T11:23:53.696+0530][34.952s][info][gc,metaspace] GC(843) Metaspace: 1745K(2048K)->1745K(2048K) NonClass: 1568K(1728K)->1568K(1728K) Class: 177K(320K)->177K(320K)
[2026-05-27T11:23:53.696+0530][34.952s][info][gc          ] GC(843) Pause Young (Normal) (G1 Evacuation Pause) 316M->14M(512M) 1.052ms
[2026-05-27T11:23:53.696+0530][34.952s][info][gc,cpu      ] GC(843) User=0.00s Sys=0.01s Real=0.00s
[2026-05-27T11:23:53.736+0530][34.992s][info][gc,start    ] GC(844) Pause Young (Normal) (G1 Evacuation Pause)
[2026-05-27T11:23:53.736+0530][34.992s][info][gc,task     ] GC(844) Using 9 workers of 9 for evacuation
[2026-05-27T11:23:53.737+0530][34.993s][info][gc,phases   ] GC(844)   Pre Evacuate Collection Set: 0.12ms
[2026-05-27T11:23:53.737+0530][34.993s][info][gc,phases   ] GC(844)   Merge Heap Roots: 0.06ms
[2026-05-27T11:23:53.737+0530][34.993s][info][gc,phases   ] GC(844)   Evacuate Collection Set: 0.37ms
[2026-05-27T11:23:53.737+0530][34.993s][info][gc,phases   ] GC(844)   Post Evacuate Collection Set: 0.22ms
[2026-05-27T11:23:53.737+0530][34.993s][info][gc,phases   ] GC(844)   Other: 0.10ms
[2026-05-27T11:23:53.737+0530][34.993s][info][gc,heap     ] GC(844) Eden regions: 302->0(301)
[2026-05-27T11:23:53.737+0530][34.993s][info][gc,heap     ] GC(844) Survivor regions: 5->6(39)
[2026-05-27T11:23:53.737+0530][34.993s][info][gc,heap     ] GC(844) Old regions: 10->10
[2026-05-27T11:23:53.737+0530][34.993s][info][gc,heap     ] GC(844) Archive regions: 2->2
[2026-05-27T11:23:53.737+0530][34.993s][info][gc,heap     ] GC(844) Humongous regions: 0->0
[2026-05-27T11:23:53.737+0530][34.993s][info][gc,metaspace] GC(844) Metaspace: 1745K(2048K)->1745K(2048K) NonClass: 1568K(1728K)->1568K(1728K) Class: 177K(320K)->177K(320K)
[2026-05-27T11:23:53.737+0530][34.993s][info][gc          ] GC(844) Pause Young (Normal) (G1 Evacuation Pause) 316M->16M(512M) 0.978ms
[2026-05-27T11:23:53.737+0530][34.993s][info][gc,cpu      ] GC(844) User=0.00s Sys=0.00s Real=0.00s
[2026-05-27T11:23:53.775+0530][35.031s][info][gc,start    ] GC(845) Pause Young (Normal) (G1 Evacuation Pause)
[2026-05-27T11:23:53.775+0530][35.031s][info][gc,task     ] GC(845) Using 9 workers of 9 for evacuation
[2026-05-27T11:23:53.776+0530][35.032s][info][gc,phases   ] GC(845)   Pre Evacuate Collection Set: 0.07ms
[2026-05-27T11:23:53.776+0530][35.032s][info][gc,phases   ] GC(845)   Merge Heap Roots: 0.04ms
[2026-05-27T11:23:53.776+0530][35.032s][info][gc,phases   ] GC(845)   Evacuate Collection Set: 0.25ms
[2026-05-27T11:23:53.776+0530][35.032s][info][gc,phases   ] GC(845)   Post Evacuate Collection Set: 0.18ms
[2026-05-27T11:23:53.776+0530][35.032s][info][gc,phases   ] GC(845)   Other: 0.09ms
[2026-05-27T11:23:53.776+0530][35.032s][info][gc,heap     ] GC(845) Eden regions: 301->0(301)
[2026-05-27T11:23:53.776+0530][35.032s][info][gc,heap     ] GC(845) Survivor regions: 6->6(39)
[2026-05-27T11:23:53.776+0530][35.032s][info][gc,heap     ] GC(845) Old regions: 10->10
[2026-05-27T11:23:53.776+0530][35.032s][info][gc,heap     ] GC(845) Archive regions: 2->2
[2026-05-27T11:23:53.776+0530][35.032s][info][gc,heap     ] GC(845) Humongous regions: 0->0
[2026-05-27T11:23:53.776+0530][35.032s][info][gc,metaspace] GC(845) Metaspace: 1745K(2048K)->1745K(2048K) NonClass: 1568K(1728K)->1568K(1728K) Class: 177K(320K)->177K(320K)
[2026-05-27T11:23:53.776+0530][35.032s][info][gc          ] GC(845) Pause Young (Normal) (G1 Evacuation Pause) 316M->15M(512M) 0.698ms
[2026-05-27T11:23:53.776+0530][35.032s][info][gc,cpu      ] GC(845) User=0.00s Sys=0.00s Real=0.00s
[2026-05-27T11:23:53.816+0530][35.072s][info][gc,start    ] GC(846) Pause Young (Normal) (G1 Evacuation Pause)
[2026-05-27T11:23:53.816+0530][35.072s][info][gc,task     ] GC(846) Using 9 workers of 9 for evacuation
[2026-05-27T11:23:53.817+0530][35.073s][info][gc,phases   ] GC(846)   Pre Evacuate Collection Set: 0.09ms
[2026-05-27T11:23:53.817+0530][35.073s][info][gc,phases   ] GC(846)   Merge Heap Roots: 0.05ms
[2026-05-27T11:23:53.817+0530][35.073s][info][gc,phases   ] GC(846)   Evacuate Collection Set: 0.34ms
[2026-05-27T11:23:53.817+0530][35.073s][info][gc,phases   ] GC(846)   Post Evacuate Collection Set: 0.22ms
[2026-05-27T11:23:53.817+0530][35.073s][info][gc,phases   ] GC(846)   Other: 0.11ms
[2026-05-27T11:23:53.817+0530][35.073s][info][gc,heap     ] GC(846) Eden regions: 301->0(301)
[2026-05-27T11:23:53.817+0530][35.073s][info][gc,heap     ] GC(846) Survivor regions: 6->6(39)
[2026-05-27T11:23:53.817+0530][35.073s][info][gc,heap     ] GC(846) Old regions: 10->10
[2026-05-27T11:23:53.817+0530][35.073s][info][gc,heap     ] GC(846) Archive regions: 2->2
[2026-05-27T11:23:53.817+0530][35.073s][info][gc,heap     ] GC(846) Humongous regions: 9->0
[2026-05-27T11:23:53.817+0530][35.073s][info][gc,metaspace] GC(846) Metaspace: 1745K(2048K)->1745K(2048K) NonClass: 1568K(1728K)->1568K(1728K) Class: 177K(320K)->177K(320K)
[2026-05-27T11:23:53.817+0530][35.073s][info][gc          ] GC(846) Pause Young (Normal) (G1 Evacuation Pause) 325M->15M(512M) 0.912ms
[2026-05-27T11:23:53.817+0530][35.073s][info][gc,cpu      ] GC(846) User=0.00s Sys=0.00s Real=0.00s
[2026-05-27T11:23:53.857+0530][35.113s][info][gc,start    ] GC(847) Pause Young (Normal) (G1 Evacuation Pause)
[2026-05-27T11:23:53.857+0530][35.113s][info][gc,task     ] GC(847) Using 9 workers of 9 for evacuation
[2026-05-27T11:23:53.860+0530][35.116s][info][gc,phases   ] GC(847)   Pre Evacuate Collection Set: 0.97ms
[2026-05-27T11:23:53.860+0530][35.116s][info][gc,phases   ] GC(847)   Merge Heap Roots: 0.12ms
[2026-05-27T11:23:53.860+0530][35.116s][info][gc,phases   ] GC(847)   Evacuate Collection Set: 1.51ms
[2026-05-27T11:23:53.860+0530][35.116s][info][gc,phases   ] GC(847)   Post Evacuate Collection Set: 0.44ms
[2026-05-27T11:23:53.860+0530][35.116s][info][gc,phases   ] GC(847)   Other: 0.12ms
[2026-05-27T11:23:53.860+0530][35.116s][info][gc,heap     ] GC(847) Eden regions: 301->0(300)
[2026-05-27T11:23:53.860+0530][35.116s][info][gc,heap     ] GC(847) Survivor regions: 6->7(39)
[2026-05-27T11:23:53.860+0530][35.116s][info][gc,heap     ] GC(847) Old regions: 10->10
[2026-05-27T11:23:53.860+0530][35.116s][info][gc,heap     ] GC(847) Archive regions: 2->2
[2026-05-27T11:23:53.860+0530][35.116s][info][gc,heap     ] GC(847) Humongous regions: 9->0
[2026-05-27T11:23:53.860+0530][35.116s][info][gc,metaspace] GC(847) Metaspace: 1745K(2048K)->1745K(2048K) NonClass: 1568K(1728K)->1568K(1728K) Class: 177K(320K)->177K(320K)
[2026-05-27T11:23:53.860+0530][35.116s][info][gc          ] GC(847) Pause Young (Normal) (G1 Evacuation Pause) 325M->16M(512M) 3.344ms
[2026-05-27T11:23:53.860+0530][35.116s][info][gc,cpu      ] GC(847) User=0.00s Sys=0.00s Real=0.01s
[2026-05-27T11:23:53.906+0530][35.162s][info][gc,start    ] GC(848) Pause Young (Normal) (G1 Evacuation Pause)
[2026-05-27T11:23:53.906+0530][35.162s][info][gc,task     ] GC(848) Using 9 workers of 9 for evacuation
[2026-05-27T11:23:53.907+0530][35.164s][info][gc,phases   ] GC(848)   Pre Evacuate Collection Set: 0.07ms
[2026-05-27T11:23:53.908+0530][35.164s][info][gc,phases   ] GC(848)   Merge Heap Roots: 0.10ms
[2026-05-27T11:23:53.908+0530][35.164s][info][gc,phases   ] GC(848)   Evacuate Collection Set: 0.86ms
[2026-05-27T11:23:53.908+0530][35.164s][info][gc,phases   ] GC(848)   Post Evacuate Collection Set: 0.26ms
[2026-05-27T11:23:53.908+0530][35.164s][info][gc,phases   ] GC(848)   Other: 0.11ms
[2026-05-27T11:23:53.908+0530][35.164s][info][gc,heap     ] GC(848) Eden regions: 300->0(300)
[2026-05-27T11:23:53.908+0530][35.164s][info][gc,heap     ] GC(848) Survivor regions: 7->7(39)
[2026-05-27T11:23:53.908+0530][35.164s][info][gc,heap     ] GC(848) Old regions: 10->10
[2026-05-27T11:23:53.908+0530][35.164s][info][gc,heap     ] GC(848) Archive regions: 2->2
[2026-05-27T11:23:53.908+0530][35.164s][info][gc,heap     ] GC(848) Humongous regions: 0->0
[2026-05-27T11:23:53.908+0530][35.164s][info][gc,metaspace] GC(848) Metaspace: 1745K(2048K)->1745K(2048K) NonClass: 1568K(1728K)->1568K(1728K) Class: 177K(320K)->177K(320K)
[2026-05-27T11:23:53.908+0530][35.164s][info][gc          ] GC(848) Pause Young (Normal) (G1 Evacuation Pause) 316M->16M(512M) 1.494ms
[2026-05-27T11:23:53.908+0530][35.164s][info][gc,cpu      ] GC(848) User=0.00s Sys=0.00s Real=0.00s
[2026-05-27T11:23:53.948+0530][35.204s][info][gc,start    ] GC(849) Pause Young (Normal) (G1 Evacuation Pause)
[2026-05-27T11:23:53.948+0530][35.204s][info][gc,task     ] GC(849) Using 9 workers of 9 for evacuation
[2026-05-27T11:23:53.949+0530][35.205s][info][gc,phases   ] GC(849)   Pre Evacuate Collection Set: 0.08ms
[2026-05-27T11:23:53.949+0530][35.205s][info][gc,phases   ] GC(849)   Merge Heap Roots: 0.13ms
[2026-05-27T11:23:53.949+0530][35.205s][info][gc,phases   ] GC(849)   Evacuate Collection Set: 0.56ms
[2026-05-27T11:23:53.949+0530][35.205s][info][gc,phases   ] GC(849)   Post Evacuate Collection Set: 0.25ms
[2026-05-27T11:23:53.949+0530][35.205s][info][gc,phases   ] GC(849)   Other: 0.11ms
[2026-05-27T11:23:53.949+0530][35.205s][info][gc,heap     ] GC(849) Eden regions: 300->0(300)
[2026-05-27T11:23:53.949+0530][35.205s][info][gc,heap     ] GC(849) Survivor regions: 7->7(39)
[2026-05-27T11:23:53.949+0530][35.205s][info][gc,heap     ] GC(849) Old regions: 10->10
[2026-05-27T11:23:53.949+0530][35.205s][info][gc,heap     ] GC(849) Archive regions: 2->2
[2026-05-27T11:23:53.949+0530][35.205s][info][gc,heap     ] GC(849) Humongous regions: 0->0
[2026-05-27T11:23:53.949+0530][35.205s][info][gc,metaspace] GC(849) Metaspace: 1745K(2048K)->1745K(2048K) NonClass: 1568K(1728K)->1568K(1728K) Class: 177K(320K)->177K(320K)
[2026-05-27T11:23:53.949+0530][35.205s][info][gc          ] GC(849) Pause Young (Normal) (G1 Evacuation Pause) 316M->16M(512M) 1.224ms
[2026-05-27T11:23:53.949+0530][35.205s][info][gc,cpu      ] GC(849) User=0.01s Sys=0.00s Real=0.00s
[2026-05-27T11:23:53.995+0530][35.251s][info][gc,start    ] GC(850) Pause Young (Normal) (G1 Evacuation Pause)
[2026-05-27T11:23:53.995+0530][35.251s][info][gc,task     ] GC(850) Using 9 workers of 9 for evacuation
[2026-05-27T11:23:53.995+0530][35.251s][info][gc,phases   ] GC(850)   Pre Evacuate Collection Set: 0.15ms
[2026-05-27T11:23:53.995+0530][35.252s][info][gc,phases   ] GC(850)   Merge Heap Roots: 0.08ms
[2026-05-27T11:23:53.995+0530][35.252s][info][gc,phases   ] GC(850)   Evacuate Collection Set: 0.36ms
[2026-05-27T11:23:53.995+0530][35.252s][info][gc,phases   ] GC(850)   Post Evacuate Collection Set: 0.19ms
[2026-05-27T11:23:53.995+0530][35.252s][info][gc,phases   ] GC(850)   Other: 0.11ms
[2026-05-27T11:23:53.995+0530][35.252s][info][gc,heap     ] GC(850) Eden regions: 300->0(301)
[2026-05-27T11:23:53.995+0530][35.252s][info][gc,heap     ] GC(850) Survivor regions: 7->6(39)
[2026-05-27T11:23:53.995+0530][35.252s][info][gc,heap     ] GC(850) Old regions: 10->10
[2026-05-27T11:23:53.995+0530][35.252s][info][gc,heap     ] GC(850) Archive regions: 2->2
[2026-05-27T11:23:53.995+0530][35.252s][info][gc,heap     ] GC(850) Humongous regions: 0->0
[2026-05-27T11:23:53.995+0530][35.252s][info][gc,metaspace] GC(850) Metaspace: 1745K(2048K)->1745K(2048K) NonClass: 1568K(1728K)->1568K(1728K) Class: 177K(320K)->177K(320K)
[2026-05-27T11:23:53.995+0530][35.252s][info][gc          ] GC(850) Pause Young (Normal) (G1 Evacuation Pause) 316M->15M(512M) 0.968ms
[2026-05-27T11:23:53.995+0530][35.252s][info][gc,cpu      ] GC(850) User=0.00s Sys=0.00s Real=0.00s
[2026-05-27T11:23:54.041+0530][35.297s][info][gc,start    ] GC(851) Pause Young (Normal) (G1 Evacuation Pause)
[2026-05-27T11:23:54.041+0530][35.297s][info][gc,task     ] GC(851) Using 9 workers of 9 for evacuation
[2026-05-27T11:23:54.042+0530][35.298s][info][gc,phases   ] GC(851)   Pre Evacuate Collection Set: 0.07ms
[2026-05-27T11:23:54.042+0530][35.298s][info][gc,phases   ] GC(851)   Merge Heap Roots: 0.07ms
[2026-05-27T11:23:54.042+0530][35.298s][info][gc,phases   ] GC(851)   Evacuate Collection Set: 0.47ms
[2026-05-27T11:23:54.042+0530][35.299s][info][gc,phases   ] GC(851)   Post Evacuate Collection Set: 0.31ms
[2026-05-27T11:23:54.042+0530][35.299s][info][gc,phases   ] GC(851)   Other: 0.12ms
[2026-05-27T11:23:54.042+0530][35.299s][info][gc,heap     ] GC(851) Eden regions: 301->0(301)
[2026-05-27T11:23:54.042+0530][35.299s][info][gc,heap     ] GC(851) Survivor regions: 6->6(39)
[2026-05-27T11:23:54.042+0530][35.299s][info][gc,heap     ] GC(851) Old regions: 10->10
[2026-05-27T11:23:54.042+0530][35.299s][info][gc,heap     ] GC(851) Archive regions: 2->2
[2026-05-27T11:23:54.042+0530][35.299s][info][gc,heap     ] GC(851) Humongous regions: 0->0
[2026-05-27T11:23:54.042+0530][35.299s][info][gc,metaspace] GC(851) Metaspace: 1745K(2048K)->1745K(2048K) NonClass: 1568K(1728K)->1568K(1728K) Class: 177K(320K)->177K(320K)
[2026-05-27T11:23:54.042+0530][35.299s][info][gc          ] GC(851) Pause Young (Normal) (G1 Evacuation Pause) 316M->15M(512M) 1.127ms
[2026-05-27T11:23:54.042+0530][35.299s][info][gc,cpu      ] GC(851) User=0.00s Sys=0.00s Real=0.00s
[2026-05-27T11:23:54.088+0530][35.344s][info][gc,start    ] GC(852) Pause Young (Normal) (G1 Evacuation Pause)
[2026-05-27T11:23:54.088+0530][35.344s][info][gc,task     ] GC(852) Using 9 workers of 9 for evacuation
[2026-05-27T11:23:54.089+0530][35.345s][info][gc,phases   ] GC(852)   Pre Evacuate Collection Set: 0.10ms
[2026-05-27T11:23:54.089+0530][35.345s][info][gc,phases   ] GC(852)   Merge Heap Roots: 0.08ms
[2026-05-27T11:23:54.089+0530][35.345s][info][gc,phases   ] GC(852)   Evacuate Collection Set: 0.48ms
[2026-05-27T11:23:54.089+0530][35.345s][info][gc,phases   ] GC(852)   Post Evacuate Collection Set: 0.24ms
[2026-05-27T11:23:54.089+0530][35.345s][info][gc,phases   ] GC(852)   Other: 0.11ms
[2026-05-27T11:23:54.089+0530][35.345s][info][gc,heap     ] GC(852) Eden regions: 301->0(302)
[2026-05-27T11:23:54.089+0530][35.345s][info][gc,heap     ] GC(852) Survivor regions: 6->5(39)
[2026-05-27T11:23:54.089+0530][35.345s][info][gc,heap     ] GC(852) Old regions: 10->10
[2026-05-27T11:23:54.089+0530][35.345s][info][gc,heap     ] GC(852) Archive regions: 2->2
[2026-05-27T11:23:54.089+0530][35.345s][info][gc,heap     ] GC(852) Humongous regions: 0->0
[2026-05-27T11:23:54.089+0530][35.345s][info][gc,metaspace] GC(852) Metaspace: 1745K(2048K)->1745K(2048K) NonClass: 1568K(1728K)->1568K(1728K) Class: 177K(320K)->177K(320K)
[2026-05-27T11:23:54.089+0530][35.345s][info][gc          ] GC(852) Pause Young (Normal) (G1 Evacuation Pause) 316M->14M(512M) 1.096ms
[2026-05-27T11:23:54.089+0530][35.345s][info][gc,cpu      ] GC(852) User=0.00s Sys=0.00s Real=0.00s
[2026-05-27T11:23:54.140+0530][35.396s][info][gc,start    ] GC(853) Pause Young (Normal) (G1 Evacuation Pause)
[2026-05-27T11:23:54.140+0530][35.396s][info][gc,task     ] GC(853) Using 9 workers of 9 for evacuation
[2026-05-27T11:23:54.142+0530][35.398s][info][gc,phases   ] GC(853)   Pre Evacuate Collection Set: 0.05ms
[2026-05-27T11:23:54.142+0530][35.398s][info][gc,phases   ] GC(853)   Merge Heap Roots: 0.09ms
[2026-05-27T11:23:54.142+0530][35.398s][info][gc,phases   ] GC(853)   Evacuate Collection Set: 1.18ms
[2026-05-27T11:23:54.142+0530][35.398s][info][gc,phases   ] GC(853)   Post Evacuate Collection Set: 0.22ms
[2026-05-27T11:23:54.142+0530][35.398s][info][gc,phases   ] GC(853)   Other: 0.12ms
[2026-05-27T11:23:54.142+0530][35.398s][info][gc,heap     ] GC(853) Eden regions: 302->0(306)
[2026-05-27T11:23:54.142+0530][35.398s][info][gc,heap     ] GC(853) Survivor regions: 5->1(39)
[2026-05-27T11:23:54.142+0530][35.398s][info][gc,heap     ] GC(853) Old regions: 10->10
[2026-05-27T11:23:54.142+0530][35.398s][info][gc,heap     ] GC(853) Archive regions: 2->2
[2026-05-27T11:23:54.142+0530][35.398s][info][gc,heap     ] GC(853) Humongous regions: 18->0
[2026-05-27T11:23:54.142+0530][35.398s][info][gc,metaspace] GC(853) Metaspace: 1745K(2048K)->1745K(2048K) NonClass: 1568K(1728K)->1568K(1728K) Class: 177K(320K)->177K(320K)
[2026-05-27T11:23:54.142+0530][35.398s][info][gc          ] GC(853) Pause Young (Normal) (G1 Evacuation Pause) 334M->11M(512M) 1.754ms
[2026-05-27T11:23:54.142+0530][35.398s][info][gc,cpu      ] GC(853) User=0.00s Sys=0.00s Real=0.00s
[2026-05-27T11:23:54.185+0530][35.441s][info][gc,start    ] GC(854) Pause Young (Normal) (G1 Evacuation Pause)
[2026-05-27T11:23:54.185+0530][35.441s][info][gc,task     ] GC(854) Using 9 workers of 9 for evacuation
[2026-05-27T11:23:54.186+0530][35.442s][info][gc,phases   ] GC(854)   Pre Evacuate Collection Set: 0.10ms
[2026-05-27T11:23:54.186+0530][35.442s][info][gc,phases   ] GC(854)   Merge Heap Roots: 0.05ms
[2026-05-27T11:23:54.186+0530][35.442s][info][gc,phases   ] GC(854)   Evacuate Collection Set: 0.48ms
[2026-05-27T11:23:54.186+0530][35.442s][info][gc,phases   ] GC(854)   Post Evacuate Collection Set: 0.21ms
[2026-05-27T11:23:54.186+0530][35.442s][info][gc,phases   ] GC(854)   Other: 0.11ms
[2026-05-27T11:23:54.186+0530][35.442s][info][gc,heap     ] GC(854) Eden regions: 306->0(300)
[2026-05-27T11:23:54.186+0530][35.442s][info][gc,heap     ] GC(854) Survivor regions: 1->7(39)
[2026-05-27T11:23:54.186+0530][35.442s][info][gc,heap     ] GC(854) Old regions: 10->10
[2026-05-27T11:23:54.186+0530][35.442s][info][gc,heap     ] GC(854) Archive regions: 2->2
[2026-05-27T11:23:54.186+0530][35.442s][info][gc,heap     ] GC(854) Humongous regions: 0->0
[2026-05-27T11:23:54.186+0530][35.442s][info][gc,metaspace] GC(854) Metaspace: 1745K(2048K)->1745K(2048K) NonClass: 1568K(1728K)->1568K(1728K) Class: 177K(320K)->177K(320K)
[2026-05-27T11:23:54.186+0530][35.442s][info][gc          ] GC(854) Pause Young (Normal) (G1 Evacuation Pause) 316M->16M(512M) 1.054ms
[2026-05-27T11:23:54.186+0530][35.443s][info][gc,cpu      ] GC(854) User=0.00s Sys=0.00s Real=0.00s
[2026-05-27T11:23:54.232+0530][35.488s][info][gc,start    ] GC(855) Pause Young (Normal) (G1 Evacuation Pause)
[2026-05-27T11:23:54.232+0530][35.488s][info][gc,task     ] GC(855) Using 9 workers of 9 for evacuation
[2026-05-27T11:23:54.233+0530][35.489s][info][gc,phases   ] GC(855)   Pre Evacuate Collection Set: 0.19ms
[2026-05-27T11:23:54.233+0530][35.489s][info][gc,phases   ] GC(855)   Merge Heap Roots: 0.10ms
[2026-05-27T11:23:54.233+0530][35.489s][info][gc,phases   ] GC(855)   Evacuate Collection Set: 0.47ms
[2026-05-27T11:23:54.233+0530][35.489s][info][gc,phases   ] GC(855)   Post Evacuate Collection Set: 0.23ms
[2026-05-27T11:23:54.233+0530][35.489s][info][gc,phases   ] GC(855)   Other: 0.13ms
[2026-05-27T11:23:54.233+0530][35.489s][info][gc,heap     ] GC(855) Eden regions: 300->0(302)
[2026-05-27T11:23:54.233+0530][35.489s][info][gc,heap     ] GC(855) Survivor regions: 7->5(39)
[2026-05-27T11:23:54.233+0530][35.489s][info][gc,heap     ] GC(855) Old regions: 10->10
[2026-05-27T11:23:54.233+0530][35.489s][info][gc,heap     ] GC(855) Archive regions: 2->2
[2026-05-27T11:23:54.233+0530][35.489s][info][gc,heap     ] GC(855) Humongous regions: 9->0
[2026-05-27T11:23:54.233+0530][35.489s][info][gc,metaspace] GC(855) Metaspace: 1745K(2048K)->1745K(2048K) NonClass: 1568K(1728K)->1568K(1728K) Class: 177K(320K)->177K(320K)
[2026-05-27T11:23:54.233+0530][35.489s][info][gc          ] GC(855) Pause Young (Normal) (G1 Evacuation Pause) 325M->15M(512M) 1.219ms
[2026-05-27T11:23:54.233+0530][35.489s][info][gc,cpu      ] GC(855) User=0.01s Sys=0.00s Real=0.00s
[2026-05-27T11:23:54.273+0530][35.529s][info][gc,start    ] GC(856) Pause Young (Normal) (G1 Evacuation Pause)
[2026-05-27T11:23:54.273+0530][35.529s][info][gc,task     ] GC(856) Using 9 workers of 9 for evacuation
[2026-05-27T11:23:54.274+0530][35.530s][info][gc,phases   ] GC(856)   Pre Evacuate Collection Set: 0.04ms
[2026-05-27T11:23:54.274+0530][35.530s][info][gc,phases   ] GC(856)   Merge Heap Roots: 0.04ms
[2026-05-27T11:23:54.274+0530][35.530s][info][gc,phases   ] GC(856)   Evacuate Collection Set: 0.26ms
[2026-05-27T11:23:54.274+0530][35.530s][info][gc,phases   ] GC(856)   Post Evacuate Collection Set: 0.19ms
[2026-05-27T11:23:54.274+0530][35.530s][info][gc,phases   ] GC(856)   Other: 0.10ms
[2026-05-27T11:23:54.274+0530][35.530s][info][gc,heap     ] GC(856) Eden regions: 302->0(299)
[2026-05-27T11:23:54.274+0530][35.530s][info][gc,heap     ] GC(856) Survivor regions: 5->8(39)
[2026-05-27T11:23:54.274+0530][35.530s][info][gc,heap     ] GC(856) Old regions: 10->10
[2026-05-27T11:23:54.274+0530][35.530s][info][gc,heap     ] GC(856) Archive regions: 2->2
[2026-05-27T11:23:54.274+0530][35.530s][info][gc,heap     ] GC(856) Humongous regions: 9->0
[2026-05-27T11:23:54.274+0530][35.530s][info][gc,metaspace] GC(856) Metaspace: 1745K(2048K)->1745K(2048K) NonClass: 1568K(1728K)->1568K(1728K) Class: 177K(320K)->177K(320K)
[2026-05-27T11:23:54.274+0530][35.530s][info][gc          ] GC(856) Pause Young (Normal) (G1 Evacuation Pause) 325M->17M(512M) 0.705ms
[2026-05-27T11:23:54.274+0530][35.530s][info][gc,cpu      ] GC(856) User=0.00s Sys=0.00s Real=0.00s
[2026-05-27T11:23:54.315+0530][35.571s][info][gc,start    ] GC(857) Pause Young (Normal) (G1 Evacuation Pause)
[2026-05-27T11:23:54.315+0530][35.571s][info][gc,task     ] GC(857) Using 9 workers of 9 for evacuation
[2026-05-27T11:23:54.315+0530][35.571s][info][gc,phases   ] GC(857)   Pre Evacuate Collection Set: 0.07ms
[2026-05-27T11:23:54.315+0530][35.572s][info][gc,phases   ] GC(857)   Merge Heap Roots: 0.05ms
[2026-05-27T11:23:54.315+0530][35.572s][info][gc,phases   ] GC(857)   Evacuate Collection Set: 0.22ms
[2026-05-27T11:23:54.315+0530][35.572s][info][gc,phases   ] GC(857)   Post Evacuate Collection Set: 0.17ms
[2026-05-27T11:23:54.315+0530][35.572s][info][gc,phases   ] GC(857)   Other: 0.10ms
[2026-05-27T11:23:54.315+0530][35.572s][info][gc,heap     ] GC(857) Eden regions: 299->0(306)
[2026-05-27T11:23:54.315+0530][35.572s][info][gc,heap     ] GC(857) Survivor regions: 8->1(39)
[2026-05-27T11:23:54.315+0530][35.572s][info][gc,heap     ] GC(857) Old regions: 10->10
[2026-05-27T11:23:54.315+0530][35.572s][info][gc,heap     ] GC(857) Archive regions: 2->2
[2026-05-27T11:23:54.315+0530][35.572s][info][gc,heap     ] GC(857) Humongous regions: 0->0
[2026-05-27T11:23:54.315+0530][35.572s][info][gc,metaspace] GC(857) Metaspace: 1745K(2048K)->1745K(2048K) NonClass: 1568K(1728K)->1568K(1728K) Class: 177K(320K)->177K(320K)
[2026-05-27T11:23:54.315+0530][35.572s][info][gc          ] GC(857) Pause Young (Normal) (G1 Evacuation Pause) 316M->10M(512M) 0.709ms
[2026-05-27T11:23:54.316+0530][35.572s][info][gc,cpu      ] GC(857) User=0.00s Sys=0.00s Real=0.00s
[2026-05-27T11:23:54.354+0530][35.611s][info][gc,start    ] GC(858) Pause Young (Normal) (G1 Evacuation Pause)
[2026-05-27T11:23:54.355+0530][35.611s][info][gc,task     ] GC(858) Using 9 workers of 9 for evacuation
[2026-05-27T11:23:54.355+0530][35.611s][info][gc,phases   ] GC(858)   Pre Evacuate Collection Set: 0.08ms
[2026-05-27T11:23:54.355+0530][35.611s][info][gc,phases   ] GC(858)   Merge Heap Roots: 0.08ms
[2026-05-27T11:23:54.355+0530][35.611s][info][gc,phases   ] GC(858)   Evacuate Collection Set: 0.30ms
[2026-05-27T11:23:54.355+0530][35.611s][info][gc,phases   ] GC(858)   Post Evacuate Collection Set: 0.16ms
[2026-05-27T11:23:54.355+0530][35.611s][info][gc,phases   ] GC(858)   Other: 0.11ms
[2026-05-27T11:23:54.355+0530][35.611s][info][gc,heap     ] GC(858) Eden regions: 306->0(300)
[2026-05-27T11:23:54.355+0530][35.611s][info][gc,heap     ] GC(858) Survivor regions: 1->7(39)
[2026-05-27T11:23:54.355+0530][35.611s][info][gc,heap     ] GC(858) Old regions: 10->10
[2026-05-27T11:23:54.355+0530][35.611s][info][gc,heap     ] GC(858) Archive regions: 2->2
[2026-05-27T11:23:54.355+0530][35.611s][info][gc,heap     ] GC(858) Humongous regions: 0->0
[2026-05-27T11:23:54.355+0530][35.611s][info][gc,metaspace] GC(858) Metaspace: 1745K(2048K)->1745K(2048K) NonClass: 1568K(1728K)->1568K(1728K) Class: 177K(320K)->177K(320K)
[2026-05-27T11:23:54.355+0530][35.611s][info][gc          ] GC(858) Pause Young (Normal) (G1 Evacuation Pause) 316M->16M(512M) 0.786ms
[2026-05-27T11:23:54.355+0530][35.611s][info][gc,cpu      ] GC(858) User=0.00s Sys=0.00s Real=0.00s
[2026-05-27T11:23:54.400+0530][35.656s][info][gc,start    ] GC(859) Pause Young (Normal) (G1 Evacuation Pause)
[2026-05-27T11:23:54.400+0530][35.656s][info][gc,task     ] GC(859) Using 9 workers of 9 for evacuation
[2026-05-27T11:23:54.400+0530][35.657s][info][gc,phases   ] GC(859)   Pre Evacuate Collection Set: 0.10ms
[2026-05-27T11:23:54.400+0530][35.657s][info][gc,phases   ] GC(859)   Merge Heap Roots: 0.06ms
[2026-05-27T11:23:54.400+0530][35.657s][info][gc,phases   ] GC(859)   Evacuate Collection Set: 0.38ms
[2026-05-27T11:23:54.400+0530][35.657s][info][gc,phases   ] GC(859)   Post Evacuate Collection Set: 0.20ms
[2026-05-27T11:23:54.400+0530][35.657s][info][gc,phases   ] GC(859)   Other: 0.10ms
[2026-05-27T11:23:54.400+0530][35.657s][info][gc,heap     ] GC(859) Eden regions: 300->0(301)
[2026-05-27T11:23:54.400+0530][35.657s][info][gc,heap     ] GC(859) Survivor regions: 7->6(39)
[2026-05-27T11:23:54.400+0530][35.657s][info][gc,heap     ] GC(859) Old regions: 10->10
[2026-05-27T11:23:54.400+0530][35.657s][info][gc,heap     ] GC(859) Archive regions: 2->2
[2026-05-27T11:23:54.400+0530][35.657s][info][gc,heap     ] GC(859) Humongous regions: 0->0
[2026-05-27T11:23:54.400+0530][35.657s][info][gc,metaspace] GC(859) Metaspace: 1745K(2048K)->1745K(2048K) NonClass: 1568K(1728K)->1568K(1728K) Class: 177K(320K)->177K(320K)
[2026-05-27T11:23:54.400+0530][35.657s][info][gc          ] GC(859) Pause Young (Normal) (G1 Evacuation Pause) 316M->15M(512M) 0.923ms
[2026-05-27T11:23:54.401+0530][35.657s][info][gc,cpu      ] GC(859) User=0.00s Sys=0.00s Real=0.00s
[2026-05-27T11:23:54.440+0530][35.696s][info][gc,start    ] GC(860) Pause Young (Normal) (G1 Evacuation Pause)
[2026-05-27T11:23:54.440+0530][35.696s][info][gc,task     ] GC(860) Using 9 workers of 9 for evacuation
[2026-05-27T11:23:54.441+0530][35.697s][info][gc,phases   ] GC(860)   Pre Evacuate Collection Set: 0.07ms
[2026-05-27T11:23:54.441+0530][35.697s][info][gc,phases   ] GC(860)   Merge Heap Roots: 0.05ms
[2026-05-27T11:23:54.441+0530][35.697s][info][gc,phases   ] GC(860)   Evacuate Collection Set: 0.31ms
[2026-05-27T11:23:54.441+0530][35.697s][info][gc,phases   ] GC(860)   Post Evacuate Collection Set: 0.18ms
[2026-05-27T11:23:54.441+0530][35.697s][info][gc,phases   ] GC(860)   Other: 0.10ms
[2026-05-27T11:23:54.441+0530][35.697s][info][gc,heap     ] GC(860) Eden regions: 301->0(300)
[2026-05-27T11:23:54.441+0530][35.697s][info][gc,heap     ] GC(860) Survivor regions: 6->7(39)
[2026-05-27T11:23:54.441+0530][35.697s][info][gc,heap     ] GC(860) Old regions: 10->10
[2026-05-27T11:23:54.441+0530][35.697s][info][gc,heap     ] GC(860) Archive regions: 2->2
[2026-05-27T11:23:54.441+0530][35.697s][info][gc,heap     ] GC(860) Humongous regions: 0->0
[2026-05-27T11:23:54.441+0530][35.697s][info][gc,metaspace] GC(860) Metaspace: 1745K(2048K)->1745K(2048K) NonClass: 1568K(1728K)->1568K(1728K) Class: 177K(320K)->177K(320K)
[2026-05-27T11:23:54.441+0530][35.697s][info][gc          ] GC(860) Pause Young (Normal) (G1 Evacuation Pause) 316M->16M(512M) 0.782ms
[2026-05-27T11:23:54.441+0530][35.697s][info][gc,cpu      ] GC(860) User=0.01s Sys=0.00s Real=0.00s
[2026-05-27T11:23:54.481+0530][35.737s][info][gc,start    ] GC(861) Pause Young (Normal) (G1 Evacuation Pause)
[2026-05-27T11:23:54.481+0530][35.737s][info][gc,task     ] GC(861) Using 9 workers of 9 for evacuation
[2026-05-27T11:23:54.482+0530][35.738s][info][gc,phases   ] GC(861)   Pre Evacuate Collection Set: 0.08ms
[2026-05-27T11:23:54.482+0530][35.738s][info][gc,phases   ] GC(861)   Merge Heap Roots: 0.05ms
[2026-05-27T11:23:54.482+0530][35.738s][info][gc,phases   ] GC(861)   Evacuate Collection Set: 0.27ms
[2026-05-27T11:23:54.482+0530][35.738s][info][gc,phases   ] GC(861)   Post Evacuate Collection Set: 0.20ms
[2026-05-27T11:23:54.482+0530][35.738s][info][gc,phases   ] GC(861)   Other: 0.10ms
[2026-05-27T11:23:54.482+0530][35.738s][info][gc,heap     ] GC(861) Eden regions: 300->0(306)
[2026-05-27T11:23:54.482+0530][35.738s][info][gc,heap     ] GC(861) Survivor regions: 7->1(39)
[2026-05-27T11:23:54.482+0530][35.738s][info][gc,heap     ] GC(861) Old regions: 10->10
[2026-05-27T11:23:54.482+0530][35.738s][info][gc,heap     ] GC(861) Archive regions: 2->2
[2026-05-27T11:23:54.482+0530][35.738s][info][gc,heap     ] GC(861) Humongous regions: 9->0
[2026-05-27T11:23:54.482+0530][35.738s][info][gc,metaspace] GC(861) Metaspace: 1745K(2048K)->1745K(2048K) NonClass: 1568K(1728K)->1568K(1728K) Class: 177K(320K)->177K(320K)
[2026-05-27T11:23:54.482+0530][35.738s][info][gc          ] GC(861) Pause Young (Normal) (G1 Evacuation Pause) 325M->11M(512M) 0.778ms
[2026-05-27T11:23:54.482+0530][35.738s][info][gc,cpu      ] GC(861) User=0.01s Sys=0.00s Real=0.00s
[2026-05-27T11:23:54.523+0530][35.779s][info][gc,start    ] GC(862) Pause Young (Normal) (G1 Evacuation Pause)
[2026-05-27T11:23:54.523+0530][35.779s][info][gc,task     ] GC(862) Using 9 workers of 9 for evacuation
[2026-05-27T11:23:54.523+0530][35.780s][info][gc,phases   ] GC(862)   Pre Evacuate Collection Set: 0.06ms
[2026-05-27T11:23:54.524+0530][35.780s][info][gc,phases   ] GC(862)   Merge Heap Roots: 0.04ms
[2026-05-27T11:23:54.524+0530][35.780s][info][gc,phases   ] GC(862)   Evacuate Collection Set: 0.31ms
[2026-05-27T11:23:54.524+0530][35.780s][info][gc,phases   ] GC(862)   Post Evacuate Collection Set: 0.18ms
[2026-05-27T11:23:54.524+0530][35.780s][info][gc,phases   ] GC(862)   Other: 0.10ms
[2026-05-27T11:23:54.524+0530][35.780s][info][gc,heap     ] GC(862) Eden regions: 306->0(302)
[2026-05-27T11:23:54.524+0530][35.780s][info][gc,heap     ] GC(862) Survivor regions: 1->5(39)
[2026-05-27T11:23:54.524+0530][35.780s][info][gc,heap     ] GC(862) Old regions: 10->10
[2026-05-27T11:23:54.524+0530][35.780s][info][gc,heap     ] GC(862) Archive regions: 2->2
[2026-05-27T11:23:54.524+0530][35.780s][info][gc,heap     ] GC(862) Humongous regions: 0->0
[2026-05-27T11:23:54.524+0530][35.780s][info][gc,metaspace] GC(862) Metaspace: 1745K(2048K)->1745K(2048K) NonClass: 1568K(1728K)->1568K(1728K) Class: 177K(320K)->177K(320K)
[2026-05-27T11:23:54.524+0530][35.780s][info][gc          ] GC(862) Pause Young (Normal) (G1 Evacuation Pause) 316M->15M(512M) 0.782ms
[2026-05-27T11:23:54.524+0530][35.780s][info][gc,cpu      ] GC(862) User=0.01s Sys=0.00s Real=0.00s
[2026-05-27T11:23:54.565+0530][35.821s][info][gc,start    ] GC(863) Pause Young (Normal) (G1 Evacuation Pause)
[2026-05-27T11:23:54.565+0530][35.821s][info][gc,task     ] GC(863) Using 9 workers of 9 for evacuation
[2026-05-27T11:23:54.565+0530][35.822s][info][gc,phases   ] GC(863)   Pre Evacuate Collection Set: 0.07ms
[2026-05-27T11:23:54.565+0530][35.822s][info][gc,phases   ] GC(863)   Merge Heap Roots: 0.05ms
[2026-05-27T11:23:54.565+0530][35.822s][info][gc,phases   ] GC(863)   Evacuate Collection Set: 0.30ms
[2026-05-27T11:23:54.565+0530][35.822s][info][gc,phases   ] GC(863)   Post Evacuate Collection Set: 0.19ms
[2026-05-27T11:23:54.565+0530][35.822s][info][gc,phases   ] GC(863)   Other: 0.11ms
[2026-05-27T11:23:54.565+0530][35.822s][info][gc,heap     ] GC(863) Eden regions: 302->0(301)
[2026-05-27T11:23:54.565+0530][35.822s][info][gc,heap     ] GC(863) Survivor regions: 5->6(39)
[2026-05-27T11:23:54.565+0530][35.822s][info][gc,heap     ] GC(863) Old regions: 10->10
[2026-05-27T11:23:54.565+0530][35.822s][info][gc,heap     ] GC(863) Archive regions: 2->2
[2026-05-27T11:23:54.565+0530][35.822s][info][gc,heap     ] GC(863) Humongous regions: 0->0
[2026-05-27T11:23:54.566+0530][35.822s][info][gc,metaspace] GC(863) Metaspace: 1745K(2048K)->1745K(2048K) NonClass: 1568K(1728K)->1568K(1728K) Class: 177K(320K)->177K(320K)
[2026-05-27T11:23:54.566+0530][35.822s][info][gc          ] GC(863) Pause Young (Normal) (G1 Evacuation Pause) 316M->15M(512M) 0.794ms
[2026-05-27T11:23:54.566+0530][35.822s][info][gc,cpu      ] GC(863) User=0.00s Sys=0.00s Real=0.00s
[2026-05-27T11:23:54.605+0530][35.861s][info][gc,start    ] GC(864) Pause Young (Normal) (G1 Evacuation Pause)
[2026-05-27T11:23:54.605+0530][35.861s][info][gc,task     ] GC(864) Using 9 workers of 9 for evacuation
[2026-05-27T11:23:54.606+0530][35.862s][info][gc,phases   ] GC(864)   Pre Evacuate Collection Set: 0.09ms
[2026-05-27T11:23:54.606+0530][35.862s][info][gc,phases   ] GC(864)   Merge Heap Roots: 0.04ms
[2026-05-27T11:23:54.606+0530][35.862s][info][gc,phases   ] GC(864)   Evacuate Collection Set: 0.36ms
[2026-05-27T11:23:54.606+0530][35.862s][info][gc,phases   ] GC(864)   Post Evacuate Collection Set: 0.20ms
[2026-05-27T11:23:54.606+0530][35.862s][info][gc,phases   ] GC(864)   Other: 0.10ms
[2026-05-27T11:23:54.606+0530][35.862s][info][gc,heap     ] GC(864) Eden regions: 301->0(299)
[2026-05-27T11:23:54.606+0530][35.862s][info][gc,heap     ] GC(864) Survivor regions: 6->8(39)
[2026-05-27T11:23:54.606+0530][35.862s][info][gc,heap     ] GC(864) Old regions: 10->10
[2026-05-27T11:23:54.606+0530][35.862s][info][gc,heap     ] GC(864) Archive regions: 2->2
[2026-05-27T11:23:54.606+0530][35.862s][info][gc,heap     ] GC(864) Humongous regions: 0->0
[2026-05-27T11:23:54.606+0530][35.862s][info][gc,metaspace] GC(864) Metaspace: 1745K(2048K)->1745K(2048K) NonClass: 1568K(1728K)->1568K(1728K) Class: 177K(320K)->177K(320K)
[2026-05-27T11:23:54.606+0530][35.862s][info][gc          ] GC(864) Pause Young (Normal) (G1 Evacuation Pause) 316M->17M(512M) 0.873ms
[2026-05-27T11:23:54.606+0530][35.862s][info][gc,cpu      ] GC(864) User=0.00s Sys=0.00s Real=0.00s
[2026-05-27T11:23:54.644+0530][35.900s][info][gc,start    ] GC(865) Pause Young (Normal) (G1 Evacuation Pause)
[2026-05-27T11:23:54.644+0530][35.900s][info][gc,task     ] GC(865) Using 9 workers of 9 for evacuation
[2026-05-27T11:23:54.644+0530][35.900s][info][gc,phases   ] GC(865)   Pre Evacuate Collection Set: 0.08ms
[2026-05-27T11:23:54.644+0530][35.900s][info][gc,phases   ] GC(865)   Merge Heap Roots: 0.05ms
[2026-05-27T11:23:54.644+0530][35.900s][info][gc,phases   ] GC(865)   Evacuate Collection Set: 0.29ms
[2026-05-27T11:23:54.644+0530][35.901s][info][gc,phases   ] GC(865)   Post Evacuate Collection Set: 0.16ms
[2026-05-27T11:23:54.644+0530][35.901s][info][gc,phases   ] GC(865)   Other: 0.10ms
[2026-05-27T11:23:54.644+0530][35.901s][info][gc,heap     ] GC(865) Eden regions: 299->0(300)
[2026-05-27T11:23:54.644+0530][35.901s][info][gc,heap     ] GC(865) Survivor regions: 8->7(39)
[2026-05-27T11:23:54.644+0530][35.901s][info][gc,heap     ] GC(865) Old regions: 10->10
[2026-05-27T11:23:54.644+0530][35.901s][info][gc,heap     ] GC(865) Archive regions: 2->2
[2026-05-27T11:23:54.644+0530][35.901s][info][gc,heap     ] GC(865) Humongous regions: 9->0
[2026-05-27T11:23:54.644+0530][35.901s][info][gc,metaspace] GC(865) Metaspace: 1745K(2048K)->1745K(2048K) NonClass: 1568K(1728K)->1568K(1728K) Class: 177K(320K)->177K(320K)
[2026-05-27T11:23:54.644+0530][35.901s][info][gc          ] GC(865) Pause Young (Normal) (G1 Evacuation Pause) 325M->16M(512M) 0.741ms
[2026-05-27T11:23:54.644+0530][35.901s][info][gc,cpu      ] GC(865) User=0.01s Sys=0.00s Real=0.00s
[2026-05-27T11:23:54.684+0530][35.940s][info][gc,start    ] GC(866) Pause Young (Normal) (G1 Evacuation Pause)
[2026-05-27T11:23:54.684+0530][35.940s][info][gc,task     ] GC(866) Using 9 workers of 9 for evacuation
[2026-05-27T11:23:54.684+0530][35.940s][info][gc,phases   ] GC(866)   Pre Evacuate Collection Set: 0.06ms
[2026-05-27T11:23:54.684+0530][35.940s][info][gc,phases   ] GC(866)   Merge Heap Roots: 0.04ms
[2026-05-27T11:23:54.684+0530][35.940s][info][gc,phases   ] GC(866)   Evacuate Collection Set: 0.27ms
[2026-05-27T11:23:54.684+0530][35.940s][info][gc,phases   ] GC(866)   Post Evacuate Collection Set: 0.17ms
[2026-05-27T11:23:54.684+0530][35.940s][info][gc,phases   ] GC(866)   Other: 0.09ms
[2026-05-27T11:23:54.684+0530][35.940s][info][gc,heap     ] GC(866) Eden regions: 300->0(301)
[2026-05-27T11:23:54.684+0530][35.940s][info][gc,heap     ] GC(866) Survivor regions: 7->6(39)
[2026-05-27T11:23:54.684+0530][35.940s][info][gc,heap     ] GC(866) Old regions: 10->10
[2026-05-27T11:23:54.684+0530][35.940s][info][gc,heap     ] GC(866) Archive regions: 2->2
[2026-05-27T11:23:54.684+0530][35.940s][info][gc,heap     ] GC(866) Humongous regions: 18->0
[2026-05-27T11:23:54.684+0530][35.940s][info][gc,metaspace] GC(866) Metaspace: 1745K(2048K)->1745K(2048K) NonClass: 1568K(1728K)->1568K(1728K) Class: 177K(320K)->177K(320K)
[2026-05-27T11:23:54.684+0530][35.940s][info][gc          ] GC(866) Pause Young (Normal) (G1 Evacuation Pause) 334M->16M(512M) 0.701ms
[2026-05-27T11:23:54.684+0530][35.940s][info][gc,cpu      ] GC(866) User=0.00s Sys=0.00s Real=0.00s
[2026-05-27T11:23:54.723+0530][35.979s][info][gc,start    ] GC(867) Pause Young (Normal) (G1 Evacuation Pause)
[2026-05-27T11:23:54.723+0530][35.979s][info][gc,task     ] GC(867) Using 9 workers of 9 for evacuation
[2026-05-27T11:23:54.723+0530][35.979s][info][gc,phases   ] GC(867)   Pre Evacuate Collection Set: 0.08ms
[2026-05-27T11:23:54.723+0530][35.979s][info][gc,phases   ] GC(867)   Merge Heap Roots: 0.05ms
[2026-05-27T11:23:54.723+0530][35.979s][info][gc,phases   ] GC(867)   Evacuate Collection Set: 0.31ms
[2026-05-27T11:23:54.723+0530][35.979s][info][gc,phases   ] GC(867)   Post Evacuate Collection Set: 0.20ms
[2026-05-27T11:23:54.723+0530][35.979s][info][gc,phases   ] GC(867)   Other: 0.10ms
[2026-05-27T11:23:54.723+0530][35.980s][info][gc,heap     ] GC(867) Eden regions: 301->0(300)
[2026-05-27T11:23:54.723+0530][35.980s][info][gc,heap     ] GC(867) Survivor regions: 6->7(39)
[2026-05-27T11:23:54.723+0530][35.980s][info][gc,heap     ] GC(867) Old regions: 10->10
[2026-05-27T11:23:54.723+0530][35.980s][info][gc,heap     ] GC(867) Archive regions: 2->2
[2026-05-27T11:23:54.723+0530][35.980s][info][gc,heap     ] GC(867) Humongous regions: 0->0
[2026-05-27T11:23:54.723+0530][35.980s][info][gc,metaspace] GC(867) Metaspace: 1745K(2048K)->1745K(2048K) NonClass: 1568K(1728K)->1568K(1728K) Class: 177K(320K)->177K(320K)
[2026-05-27T11:23:54.723+0530][35.980s][info][gc          ] GC(867) Pause Young (Normal) (G1 Evacuation Pause) 316M->16M(512M) 0.797ms
[2026-05-27T11:23:54.723+0530][35.980s][info][gc,cpu      ] GC(867) User=0.01s Sys=0.00s Real=0.00s
[2026-05-27T11:23:54.764+0530][36.020s][info][gc,start    ] GC(868) Pause Young (Normal) (G1 Evacuation Pause)
[2026-05-27T11:23:54.764+0530][36.020s][info][gc,task     ] GC(868) Using 9 workers of 9 for evacuation
[2026-05-27T11:23:54.765+0530][36.021s][info][gc,phases   ] GC(868)   Pre Evacuate Collection Set: 0.08ms
[2026-05-27T11:23:54.765+0530][36.021s][info][gc,phases   ] GC(868)   Merge Heap Roots: 0.05ms
[2026-05-27T11:23:54.765+0530][36.021s][info][gc,phases   ] GC(868)   Evacuate Collection Set: 0.30ms
[2026-05-27T11:23:54.765+0530][36.021s][info][gc,phases   ] GC(868)   Post Evacuate Collection Set: 0.18ms
[2026-05-27T11:23:54.765+0530][36.021s][info][gc,phases   ] GC(868)   Other: 0.11ms
[2026-05-27T11:23:54.765+0530][36.021s][info][gc,heap     ] GC(868) Eden regions: 300->0(301)
[2026-05-27T11:23:54.765+0530][36.021s][info][gc,heap     ] GC(868) Survivor regions: 7->6(39)
[2026-05-27T11:23:54.765+0530][36.021s][info][gc,heap     ] GC(868) Old regions: 10->10
[2026-05-27T11:23:54.765+0530][36.021s][info][gc,heap     ] GC(868) Archive regions: 2->2
[2026-05-27T11:23:54.765+0530][36.021s][info][gc,heap     ] GC(868) Humongous regions: 0->0
[2026-05-27T11:23:54.765+0530][36.021s][info][gc,metaspace] GC(868) Metaspace: 1745K(2048K)->1745K(2048K) NonClass: 1568K(1728K)->1568K(1728K) Class: 177K(320K)->177K(320K)
[2026-05-27T11:23:54.765+0530][36.021s][info][gc          ] GC(868) Pause Young (Normal) (G1 Evacuation Pause) 316M->15M(512M) 0.773ms
[2026-05-27T11:23:54.765+0530][36.021s][info][gc,cpu      ] GC(868) User=0.00s Sys=0.00s Real=0.00s
[2026-05-27T11:23:54.802+0530][36.058s][info][gc,start    ] GC(869) Pause Young (Normal) (G1 Evacuation Pause)
[2026-05-27T11:23:54.802+0530][36.058s][info][gc,task     ] GC(869) Using 9 workers of 9 for evacuation
[2026-05-27T11:23:54.803+0530][36.059s][info][gc,phases   ] GC(869)   Pre Evacuate Collection Set: 0.06ms
[2026-05-27T11:23:54.803+0530][36.059s][info][gc,phases   ] GC(869)   Merge Heap Roots: 0.04ms
[2026-05-27T11:23:54.803+0530][36.059s][info][gc,phases   ] GC(869)   Evacuate Collection Set: 0.22ms
[2026-05-27T11:23:54.803+0530][36.059s][info][gc,phases   ] GC(869)   Post Evacuate Collection Set: 0.17ms
[2026-05-27T11:23:54.803+0530][36.059s][info][gc,phases   ] GC(869)   Other: 0.10ms
[2026-05-27T11:23:54.803+0530][36.059s][info][gc,heap     ] GC(869) Eden regions: 301->0(301)
[2026-05-27T11:23:54.803+0530][36.059s][info][gc,heap     ] GC(869) Survivor regions: 6->6(39)
[2026-05-27T11:23:54.803+0530][36.059s][info][gc,heap     ] GC(869) Old regions: 10->10
[2026-05-27T11:23:54.803+0530][36.059s][info][gc,heap     ] GC(869) Archive regions: 2->2
[2026-05-27T11:23:54.803+0530][36.059s][info][gc,heap     ] GC(869) Humongous regions: 0->0
[2026-05-27T11:23:54.803+0530][36.059s][info][gc,metaspace] GC(869) Metaspace: 1745K(2048K)->1745K(2048K) NonClass: 1568K(1728K)->1568K(1728K) Class: 177K(320K)->177K(320K)
[2026-05-27T11:23:54.803+0530][36.059s][info][gc          ] GC(869) Pause Young (Normal) (G1 Evacuation Pause) 316M->15M(512M) 0.677ms
[2026-05-27T11:23:54.803+0530][36.059s][info][gc,cpu      ] GC(869) User=0.00s Sys=0.01s Real=0.00s
[2026-05-27T11:23:54.842+0530][36.098s][info][gc,start    ] GC(870) Pause Young (Normal) (G1 Evacuation Pause)
[2026-05-27T11:23:54.842+0530][36.098s][info][gc,task     ] GC(870) Using 9 workers of 9 for evacuation
[2026-05-27T11:23:54.842+0530][36.098s][info][gc,phases   ] GC(870)   Pre Evacuate Collection Set: 0.07ms
[2026-05-27T11:23:54.842+0530][36.098s][info][gc,phases   ] GC(870)   Merge Heap Roots: 0.05ms
[2026-05-27T11:23:54.842+0530][36.098s][info][gc,phases   ] GC(870)   Evacuate Collection Set: 0.29ms
[2026-05-27T11:23:54.842+0530][36.098s][info][gc,phases   ] GC(870)   Post Evacuate Collection Set: 0.20ms
[2026-05-27T11:23:54.842+0530][36.098s][info][gc,phases   ] GC(870)   Other: 0.09ms
[2026-05-27T11:23:54.842+0530][36.098s][info][gc,heap     ] GC(870) Eden regions: 301->0(303)
[2026-05-27T11:23:54.842+0530][36.098s][info][gc,heap     ] GC(870) Survivor regions: 6->4(39)
[2026-05-27T11:23:54.842+0530][36.098s][info][gc,heap     ] GC(870) Old regions: 10->10
[2026-05-27T11:23:54.842+0530][36.098s][info][gc,heap     ] GC(870) Archive regions: 2->2
[2026-05-27T11:23:54.842+0530][36.098s][info][gc,heap     ] GC(870) Humongous regions: 0->0
[2026-05-27T11:23:54.842+0530][36.098s][info][gc,metaspace] GC(870) Metaspace: 1745K(2048K)->1745K(2048K) NonClass: 1568K(1728K)->1568K(1728K) Class: 177K(320K)->177K(320K)
[2026-05-27T11:23:54.842+0530][36.098s][info][gc          ] GC(870) Pause Young (Normal) (G1 Evacuation Pause) 316M->13M(512M) 0.768ms
[2026-05-27T11:23:54.842+0530][36.099s][info][gc,cpu      ] GC(870) User=0.00s Sys=0.00s Real=0.00s
[2026-05-27T11:23:54.881+0530][36.137s][info][gc,start    ] GC(871) Pause Young (Normal) (G1 Evacuation Pause)
[2026-05-27T11:23:54.881+0530][36.137s][info][gc,task     ] GC(871) Using 9 workers of 9 for evacuation
[2026-05-27T11:23:54.882+0530][36.138s][info][gc,phases   ] GC(871)   Pre Evacuate Collection Set: 0.11ms
[2026-05-27T11:23:54.882+0530][36.138s][info][gc,phases   ] GC(871)   Merge Heap Roots: 0.05ms
[2026-05-27T11:23:54.882+0530][36.138s][info][gc,phases   ] GC(871)   Evacuate Collection Set: 0.27ms
[2026-05-27T11:23:54.882+0530][36.138s][info][gc,phases   ] GC(871)   Post Evacuate Collection Set: 0.19ms
[2026-05-27T11:23:54.882+0530][36.138s][info][gc,phases   ] GC(871)   Other: 0.10ms
[2026-05-27T11:23:54.882+0530][36.138s][info][gc,heap     ] GC(871) Eden regions: 303->0(301)
[2026-05-27T11:23:54.882+0530][36.138s][info][gc,heap     ] GC(871) Survivor regions: 4->6(39)
[2026-05-27T11:23:54.882+0530][36.138s][info][gc,heap     ] GC(871) Old regions: 10->10
[2026-05-27T11:23:54.882+0530][36.138s][info][gc,heap     ] GC(871) Archive regions: 2->2
[2026-05-27T11:23:54.882+0530][36.138s][info][gc,heap     ] GC(871) Humongous regions: 0->0
[2026-05-27T11:23:54.882+0530][36.138s][info][gc,metaspace] GC(871) Metaspace: 1745K(2048K)->1745K(2048K) NonClass: 1568K(1728K)->1568K(1728K) Class: 177K(320K)->177K(320K)
[2026-05-27T11:23:54.882+0530][36.138s][info][gc          ] GC(871) Pause Young (Normal) (G1 Evacuation Pause) 316M->15M(512M) 0.781ms
[2026-05-27T11:23:54.882+0530][36.138s][info][gc,cpu      ] GC(871) User=0.00s Sys=0.00s Real=0.00s
[2026-05-27T11:23:54.922+0530][36.178s][info][gc,start    ] GC(872) Pause Young (Normal) (G1 Evacuation Pause)
[2026-05-27T11:23:54.922+0530][36.178s][info][gc,task     ] GC(872) Using 9 workers of 9 for evacuation
[2026-05-27T11:23:54.923+0530][36.179s][info][gc,phases   ] GC(872)   Pre Evacuate Collection Set: 0.08ms
[2026-05-27T11:23:54.923+0530][36.179s][info][gc,phases   ] GC(872)   Merge Heap Roots: 0.05ms
[2026-05-27T11:23:54.923+0530][36.179s][info][gc,phases   ] GC(872)   Evacuate Collection Set: 0.38ms
[2026-05-27T11:23:54.923+0530][36.179s][info][gc,phases   ] GC(872)   Post Evacuate Collection Set: 0.18ms
[2026-05-27T11:23:54.923+0530][36.179s][info][gc,phases   ] GC(872)   Other: 0.09ms
[2026-05-27T11:23:54.923+0530][36.179s][info][gc,heap     ] GC(872) Eden regions: 301->0(303)
[2026-05-27T11:23:54.923+0530][36.179s][info][gc,heap     ] GC(872) Survivor regions: 6->4(39)
[2026-05-27T11:23:54.923+0530][36.179s][info][gc,heap     ] GC(872) Old regions: 10->10
[2026-05-27T11:23:54.923+0530][36.179s][info][gc,heap     ] GC(872) Archive regions: 2->2
[2026-05-27T11:23:54.923+0530][36.179s][info][gc,heap     ] GC(872) Humongous regions: 0->0
[2026-05-27T11:23:54.923+0530][36.179s][info][gc,metaspace] GC(872) Metaspace: 1745K(2048K)->1745K(2048K) NonClass: 1568K(1728K)->1568K(1728K) Class: 177K(320K)->177K(320K)
[2026-05-27T11:23:54.923+0530][36.179s][info][gc          ] GC(872) Pause Young (Normal) (G1 Evacuation Pause) 316M->13M(512M) 0.839ms
[2026-05-27T11:23:54.923+0530][36.179s][info][gc,cpu      ] GC(872) User=0.00s Sys=0.00s Real=0.00s
[2026-05-27T11:23:54.961+0530][36.217s][info][gc,start    ] GC(873) Pause Young (Normal) (G1 Evacuation Pause)
[2026-05-27T11:23:54.961+0530][36.217s][info][gc,task     ] GC(873) Using 9 workers of 9 for evacuation
[2026-05-27T11:23:54.962+0530][36.218s][info][gc,phases   ] GC(873)   Pre Evacuate Collection Set: 0.09ms
[2026-05-27T11:23:54.962+0530][36.218s][info][gc,phases   ] GC(873)   Merge Heap Roots: 0.06ms
[2026-05-27T11:23:54.962+0530][36.218s][info][gc,phases   ] GC(873)   Evacuate Collection Set: 0.29ms
[2026-05-27T11:23:54.962+0530][36.218s][info][gc,phases   ] GC(873)   Post Evacuate Collection Set: 0.20ms
[2026-05-27T11:23:54.962+0530][36.218s][info][gc,phases   ] GC(873)   Other: 0.08ms
[2026-05-27T11:23:54.962+0530][36.218s][info][gc,heap     ] GC(873) Eden regions: 303->0(302)
[2026-05-27T11:23:54.962+0530][36.218s][info][gc,heap     ] GC(873) Survivor regions: 4->5(39)
[2026-05-27T11:23:54.962+0530][36.218s][info][gc,heap     ] GC(873) Old regions: 10->10
[2026-05-27T11:23:54.962+0530][36.218s][info][gc,heap     ] GC(873) Archive regions: 2->2
[2026-05-27T11:23:54.962+0530][36.218s][info][gc,heap     ] GC(873) Humongous regions: 9->0
[2026-05-27T11:23:54.962+0530][36.218s][info][gc,metaspace] GC(873) Metaspace: 1745K(2048K)->1745K(2048K) NonClass: 1568K(1728K)->1568K(1728K) Class: 177K(320K)->177K(320K)
[2026-05-27T11:23:54.962+0530][36.218s][info][gc          ] GC(873) Pause Young (Normal) (G1 Evacuation Pause) 325M->14M(512M) 0.776ms
[2026-05-27T11:23:54.962+0530][36.218s][info][gc,cpu      ] GC(873) User=0.00s Sys=0.00s Real=0.00s
[2026-05-27T11:23:55.003+0530][36.259s][info][gc,start    ] GC(874) Pause Young (Normal) (G1 Evacuation Pause)
[2026-05-27T11:23:55.003+0530][36.259s][info][gc,task     ] GC(874) Using 9 workers of 9 for evacuation
[2026-05-27T11:23:55.004+0530][36.260s][info][gc,phases   ] GC(874)   Pre Evacuate Collection Set: 0.06ms
[2026-05-27T11:23:55.004+0530][36.260s][info][gc,phases   ] GC(874)   Merge Heap Roots: 0.07ms
[2026-05-27T11:23:55.004+0530][36.260s][info][gc,phases   ] GC(874)   Evacuate Collection Set: 0.24ms
[2026-05-27T11:23:55.004+0530][36.260s][info][gc,phases   ] GC(874)   Post Evacuate Collection Set: 0.18ms
[2026-05-27T11:23:55.004+0530][36.260s][info][gc,phases   ] GC(874)   Other: 0.10ms
[2026-05-27T11:23:55.004+0530][36.260s][info][gc,heap     ] GC(874) Eden regions: 302->0(306)
[2026-05-27T11:23:55.004+0530][36.260s][info][gc,heap     ] GC(874) Survivor regions: 5->1(39)
[2026-05-27T11:23:55.004+0530][36.260s][info][gc,heap     ] GC(874) Old regions: 10->10
[2026-05-27T11:23:55.004+0530][36.260s][info][gc,heap     ] GC(874) Archive regions: 2->2
[2026-05-27T11:23:55.004+0530][36.260s][info][gc,heap     ] GC(874) Humongous regions: 0->0
[2026-05-27T11:23:55.004+0530][36.260s][info][gc,metaspace] GC(874) Metaspace: 1745K(2048K)->1745K(2048K) NonClass: 1568K(1728K)->1568K(1728K) Class: 177K(320K)->177K(320K)
[2026-05-27T11:23:55.004+0530][36.260s][info][gc          ] GC(874) Pause Young (Normal) (G1 Evacuation Pause) 316M->10M(512M) 0.730ms
[2026-05-27T11:23:55.004+0530][36.260s][info][gc,cpu      ] GC(874) User=0.00s Sys=0.00s Real=0.00s
[2026-05-27T11:23:55.043+0530][36.300s][info][gc,start    ] GC(875) Pause Young (Normal) (G1 Evacuation Pause)
[2026-05-27T11:23:55.043+0530][36.300s][info][gc,task     ] GC(875) Using 9 workers of 9 for evacuation
[2026-05-27T11:23:55.044+0530][36.300s][info][gc,phases   ] GC(875)   Pre Evacuate Collection Set: 0.05ms
[2026-05-27T11:23:55.044+0530][36.300s][info][gc,phases   ] GC(875)   Merge Heap Roots: 0.04ms
[2026-05-27T11:23:55.044+0530][36.300s][info][gc,phases   ] GC(875)   Evacuate Collection Set: 0.29ms
[2026-05-27T11:23:55.044+0530][36.300s][info][gc,phases   ] GC(875)   Post Evacuate Collection Set: 0.21ms
[2026-05-27T11:23:55.044+0530][36.300s][info][gc,phases   ] GC(875)   Other: 0.10ms
[2026-05-27T11:23:55.044+0530][36.300s][info][gc,heap     ] GC(875) Eden regions: 306->0(301)
[2026-05-27T11:23:55.044+0530][36.300s][info][gc,heap     ] GC(875) Survivor regions: 1->6(39)
[2026-05-27T11:23:55.044+0530][36.300s][info][gc,heap     ] GC(875) Old regions: 10->10
[2026-05-27T11:23:55.044+0530][36.300s][info][gc,heap     ] GC(875) Archive regions: 2->2
[2026-05-27T11:23:55.044+0530][36.300s][info][gc,heap     ] GC(875) Humongous regions: 9->0
[2026-05-27T11:23:55.044+0530][36.300s][info][gc,metaspace] GC(875) Metaspace: 1745K(2048K)->1745K(2048K) NonClass: 1568K(1728K)->1568K(1728K) Class: 177K(320K)->177K(320K)
[2026-05-27T11:23:55.044+0530][36.300s][info][gc          ] GC(875) Pause Young (Normal) (G1 Evacuation Pause) 325M->15M(512M) 0.766ms
[2026-05-27T11:23:55.044+0530][36.300s][info][gc,cpu      ] GC(875) User=0.00s Sys=0.00s Real=0.00s
[2026-05-27T11:23:55.086+0530][36.342s][info][gc,start    ] GC(876) Pause Young (Normal) (G1 Evacuation Pause)
[2026-05-27T11:23:55.086+0530][36.342s][info][gc,task     ] GC(876) Using 9 workers of 9 for evacuation
[2026-05-27T11:23:55.087+0530][36.343s][info][gc,phases   ] GC(876)   Pre Evacuate Collection Set: 0.11ms
[2026-05-27T11:23:55.087+0530][36.343s][info][gc,phases   ] GC(876)   Merge Heap Roots: 0.07ms
[2026-05-27T11:23:55.087+0530][36.343s][info][gc,phases   ] GC(876)   Evacuate Collection Set: 0.29ms
[2026-05-27T11:23:55.087+0530][36.343s][info][gc,phases   ] GC(876)   Post Evacuate Collection Set: 0.23ms
[2026-05-27T11:23:55.087+0530][36.343s][info][gc,phases   ] GC(876)   Other: 0.10ms
[2026-05-27T11:23:55.087+0530][36.343s][info][gc,heap     ] GC(876) Eden regions: 301->0(301)
[2026-05-27T11:23:55.087+0530][36.343s][info][gc,heap     ] GC(876) Survivor regions: 6->6(39)
[2026-05-27T11:23:55.087+0530][36.343s][info][gc,heap     ] GC(876) Old regions: 10->10
[2026-05-27T11:23:55.087+0530][36.343s][info][gc,heap     ] GC(876) Archive regions: 2->2
[2026-05-27T11:23:55.087+0530][36.343s][info][gc,heap     ] GC(876) Humongous regions: 0->0
[2026-05-27T11:23:55.087+0530][36.343s][info][gc,metaspace] GC(876) Metaspace: 1745K(2048K)->1745K(2048K) NonClass: 1568K(1728K)->1568K(1728K) Class: 177K(320K)->177K(320K)
[2026-05-27T11:23:55.087+0530][36.343s][info][gc          ] GC(876) Pause Young (Normal) (G1 Evacuation Pause) 316M->15M(512M) 0.889ms
[2026-05-27T11:23:55.087+0530][36.343s][info][gc,cpu      ] GC(876) User=0.01s Sys=0.00s Real=0.00s
[2026-05-27T11:23:55.135+0530][36.391s][info][gc,start    ] GC(877) Pause Young (Normal) (G1 Evacuation Pause)
[2026-05-27T11:23:55.135+0530][36.391s][info][gc,task     ] GC(877) Using 9 workers of 9 for evacuation
[2026-05-27T11:23:55.135+0530][36.392s][info][gc,phases   ] GC(877)   Pre Evacuate Collection Set: 0.06ms
[2026-05-27T11:23:55.135+0530][36.392s][info][gc,phases   ] GC(877)   Merge Heap Roots: 0.07ms
[2026-05-27T11:23:55.135+0530][36.392s][info][gc,phases   ] GC(877)   Evacuate Collection Set: 0.29ms
[2026-05-27T11:23:55.135+0530][36.392s][info][gc,phases   ] GC(877)   Post Evacuate Collection Set: 0.17ms
[2026-05-27T11:23:55.135+0530][36.392s][info][gc,phases   ] GC(877)   Other: 0.11ms
[2026-05-27T11:23:55.135+0530][36.392s][info][gc,heap     ] GC(877) Eden regions: 301->0(301)
[2026-05-27T11:23:55.135+0530][36.392s][info][gc,heap     ] GC(877) Survivor regions: 6->6(39)
[2026-05-27T11:23:55.135+0530][36.392s][info][gc,heap     ] GC(877) Old regions: 10->10
[2026-05-27T11:23:55.135+0530][36.392s][info][gc,heap     ] GC(877) Archive regions: 2->2
[2026-05-27T11:23:55.136+0530][36.392s][info][gc,heap     ] GC(877) Humongous regions: 0->0
[2026-05-27T11:23:55.136+0530][36.392s][info][gc,metaspace] GC(877) Metaspace: 1745K(2048K)->1745K(2048K) NonClass: 1568K(1728K)->1568K(1728K) Class: 177K(320K)->177K(320K)
[2026-05-27T11:23:55.136+0530][36.392s][info][gc          ] GC(877) Pause Young (Normal) (G1 Evacuation Pause) 316M->15M(512M) 0.781ms
[2026-05-27T11:23:55.136+0530][36.392s][info][gc,cpu      ] GC(877) User=0.00s Sys=0.00s Real=0.00s
[2026-05-27T11:23:55.175+0530][36.431s][info][gc,start    ] GC(878) Pause Young (Normal) (G1 Evacuation Pause)
[2026-05-27T11:23:55.177+0530][36.433s][info][gc,task     ] GC(878) Using 9 workers of 9 for evacuation
[2026-05-27T11:23:55.178+0530][36.434s][info][gc,phases   ] GC(878)   Pre Evacuate Collection Set: 0.16ms
[2026-05-27T11:23:55.178+0530][36.435s][info][gc,phases   ] GC(878)   Merge Heap Roots: 0.11ms
[2026-05-27T11:23:55.178+0530][36.435s][info][gc,phases   ] GC(878)   Evacuate Collection Set: 0.55ms
[2026-05-27T11:23:55.178+0530][36.435s][info][gc,phases   ] GC(878)   Post Evacuate Collection Set: 0.93ms
[2026-05-27T11:23:55.178+0530][36.435s][info][gc,phases   ] GC(878)   Other: 1.48ms
[2026-05-27T11:23:55.178+0530][36.435s][info][gc,heap     ] GC(878) Eden regions: 301->0(306)
[2026-05-27T11:23:55.178+0530][36.435s][info][gc,heap     ] GC(878) Survivor regions: 6->1(39)
[2026-05-27T11:23:55.178+0530][36.435s][info][gc,heap     ] GC(878) Old regions: 10->10
[2026-05-27T11:23:55.178+0530][36.435s][info][gc,heap     ] GC(878) Archive regions: 2->2
[2026-05-27T11:23:55.178+0530][36.435s][info][gc,heap     ] GC(878) Humongous regions: 0->0
[2026-05-27T11:23:55.178+0530][36.435s][info][gc,metaspace] GC(878) Metaspace: 1745K(2048K)->1745K(2048K) NonClass: 1568K(1728K)->1568K(1728K) Class: 177K(320K)->177K(320K)
[2026-05-27T11:23:55.179+0530][36.435s][info][gc          ] GC(878) Pause Young (Normal) (G1 Evacuation Pause) 316M->11M(512M) 3.326ms
[2026-05-27T11:23:55.179+0530][36.435s][info][gc,cpu      ] GC(878) User=0.00s Sys=0.00s Real=0.00s
[2026-05-27T11:23:55.220+0530][36.476s][info][gc,start    ] GC(879) Pause Young (Normal) (G1 Evacuation Pause)
[2026-05-27T11:23:55.220+0530][36.476s][info][gc,task     ] GC(879) Using 9 workers of 9 for evacuation
[2026-05-27T11:23:55.220+0530][36.476s][info][gc,phases   ] GC(879)   Pre Evacuate Collection Set: 0.06ms
[2026-05-27T11:23:55.220+0530][36.477s][info][gc,phases   ] GC(879)   Merge Heap Roots: 0.05ms
[2026-05-27T11:23:55.220+0530][36.477s][info][gc,phases   ] GC(879)   Evacuate Collection Set: 0.31ms
[2026-05-27T11:23:55.220+0530][36.477s][info][gc,phases   ] GC(879)   Post Evacuate Collection Set: 0.21ms
[2026-05-27T11:23:55.220+0530][36.477s][info][gc,phases   ] GC(879)   Other: 0.11ms
[2026-05-27T11:23:55.220+0530][36.477s][info][gc,heap     ] GC(879) Eden regions: 306->0(301)
[2026-05-27T11:23:55.220+0530][36.477s][info][gc,heap     ] GC(879) Survivor regions: 1->6(39)
[2026-05-27T11:23:55.220+0530][36.477s][info][gc,heap     ] GC(879) Old regions: 10->10
[2026-05-27T11:23:55.221+0530][36.477s][info][gc,heap     ] GC(879) Archive regions: 2->2
[2026-05-27T11:23:55.221+0530][36.477s][info][gc,heap     ] GC(879) Humongous regions: 0->0
[2026-05-27T11:23:55.221+0530][36.477s][info][gc,metaspace] GC(879) Metaspace: 1745K(2048K)->1745K(2048K) NonClass: 1568K(1728K)->1568K(1728K) Class: 177K(320K)->177K(320K)
[2026-05-27T11:23:55.221+0530][36.477s][info][gc          ] GC(879) Pause Young (Normal) (G1 Evacuation Pause) 316M->15M(512M) 0.873ms
[2026-05-27T11:23:55.221+0530][36.477s][info][gc,cpu      ] GC(879) User=0.00s Sys=0.00s Real=0.00s
[2026-05-27T11:23:55.260+0530][36.516s][info][gc,start    ] GC(880) Pause Young (Normal) (G1 Evacuation Pause)
[2026-05-27T11:23:55.260+0530][36.517s][info][gc,task     ] GC(880) Using 9 workers of 9 for evacuation
[2026-05-27T11:23:55.261+0530][36.517s][info][gc,phases   ] GC(880)   Pre Evacuate Collection Set: 0.07ms
[2026-05-27T11:23:55.261+0530][36.517s][info][gc,phases   ] GC(880)   Merge Heap Roots: 0.06ms
[2026-05-27T11:23:55.261+0530][36.517s][info][gc,phases   ] GC(880)   Evacuate Collection Set: 0.27ms
[2026-05-27T11:23:55.261+0530][36.517s][info][gc,phases   ] GC(880)   Post Evacuate Collection Set: 0.17ms
[2026-05-27T11:23:55.261+0530][36.517s][info][gc,phases   ] GC(880)   Other: 0.10ms
[2026-05-27T11:23:55.261+0530][36.517s][info][gc,heap     ] GC(880) Eden regions: 301->0(301)
[2026-05-27T11:23:55.261+0530][36.517s][info][gc,heap     ] GC(880) Survivor regions: 6->6(39)
[2026-05-27T11:23:55.261+0530][36.517s][info][gc,heap     ] GC(880) Old regions: 10->10
[2026-05-27T11:23:55.261+0530][36.517s][info][gc,heap     ] GC(880) Archive regions: 2->2
[2026-05-27T11:23:55.261+0530][36.517s][info][gc,heap     ] GC(880) Humongous regions: 0->0
[2026-05-27T11:23:55.261+0530][36.517s][info][gc,metaspace] GC(880) Metaspace: 1745K(2048K)->1745K(2048K) NonClass: 1568K(1728K)->1568K(1728K) Class: 177K(320K)->177K(320K)
[2026-05-27T11:23:55.261+0530][36.517s][info][gc          ] GC(880) Pause Young (Normal) (G1 Evacuation Pause) 316M->15M(512M) 0.763ms
[2026-05-27T11:23:55.261+0530][36.517s][info][gc,cpu      ] GC(880) User=0.00s Sys=0.00s Real=0.00s
[2026-05-27T11:23:55.302+0530][36.558s][info][gc,start    ] GC(881) Pause Young (Normal) (G1 Evacuation Pause)
[2026-05-27T11:23:55.302+0530][36.558s][info][gc,task     ] GC(881) Using 9 workers of 9 for evacuation
[2026-05-27T11:23:55.303+0530][36.559s][info][gc,phases   ] GC(881)   Pre Evacuate Collection Set: 0.07ms
[2026-05-27T11:23:55.303+0530][36.559s][info][gc,phases   ] GC(881)   Merge Heap Roots: 0.05ms
[2026-05-27T11:23:55.303+0530][36.559s][info][gc,phases   ] GC(881)   Evacuate Collection Set: 0.29ms
[2026-05-27T11:23:55.303+0530][36.559s][info][gc,phases   ] GC(881)   Post Evacuate Collection Set: 0.17ms
[2026-05-27T11:23:55.303+0530][36.559s][info][gc,phases   ] GC(881)   Other: 0.10ms
[2026-05-27T11:23:55.303+0530][36.559s][info][gc,heap     ] GC(881) Eden regions: 301->0(300)
[2026-05-27T11:23:55.303+0530][36.559s][info][gc,heap     ] GC(881) Survivor regions: 6->7(39)
[2026-05-27T11:23:55.303+0530][36.559s][info][gc,heap     ] GC(881) Old regions: 10->10
[2026-05-27T11:23:55.303+0530][36.559s][info][gc,heap     ] GC(881) Archive regions: 2->2
[2026-05-27T11:23:55.303+0530][36.559s][info][gc,heap     ] GC(881) Humongous regions: 9->0
[2026-05-27T11:23:55.303+0530][36.559s][info][gc,metaspace] GC(881) Metaspace: 1745K(2048K)->1745K(2048K) NonClass: 1568K(1728K)->1568K(1728K) Class: 177K(320K)->177K(320K)
[2026-05-27T11:23:55.303+0530][36.559s][info][gc          ] GC(881) Pause Young (Normal) (G1 Evacuation Pause) 325M->16M(512M) 0.743ms
[2026-05-27T11:23:55.303+0530][36.559s][info][gc,cpu      ] GC(881) User=0.00s Sys=0.00s Real=0.00s
[2026-05-27T11:23:55.344+0530][36.600s][info][gc,start    ] GC(882) Pause Young (Normal) (G1 Evacuation Pause)
[2026-05-27T11:23:55.344+0530][36.600s][info][gc,task     ] GC(882) Using 9 workers of 9 for evacuation
[2026-05-27T11:23:55.345+0530][36.601s][info][gc,phases   ] GC(882)   Pre Evacuate Collection Set: 0.06ms
[2026-05-27T11:23:55.345+0530][36.601s][info][gc,phases   ] GC(882)   Merge Heap Roots: 0.04ms
[2026-05-27T11:23:55.345+0530][36.601s][info][gc,phases   ] GC(882)   Evacuate Collection Set: 0.32ms
[2026-05-27T11:23:55.345+0530][36.601s][info][gc,phases   ] GC(882)   Post Evacuate Collection Set: 0.17ms
[2026-05-27T11:23:55.345+0530][36.601s][info][gc,phases   ] GC(882)   Other: 0.10ms
[2026-05-27T11:23:55.345+0530][36.601s][info][gc,heap     ] GC(882) Eden regions: 300->0(301)
[2026-05-27T11:23:55.345+0530][36.601s][info][gc,heap     ] GC(882) Survivor regions: 7->6(39)
[2026-05-27T11:23:55.345+0530][36.601s][info][gc,heap     ] GC(882) Old regions: 10->10
[2026-05-27T11:23:55.345+0530][36.601s][info][gc,heap     ] GC(882) Archive regions: 2->2
[2026-05-27T11:23:55.345+0530][36.601s][info][gc,heap     ] GC(882) Humongous regions: 9->0
[2026-05-27T11:23:55.345+0530][36.601s][info][gc,metaspace] GC(882) Metaspace: 1745K(2048K)->1745K(2048K) NonClass: 1568K(1728K)->1568K(1728K) Class: 177K(320K)->177K(320K)
[2026-05-27T11:23:55.345+0530][36.601s][info][gc          ] GC(882) Pause Young (Normal) (G1 Evacuation Pause) 325M->15M(512M) 0.752ms
[2026-05-27T11:23:55.345+0530][36.601s][info][gc,cpu      ] GC(882) User=0.00s Sys=0.00s Real=0.00s
[2026-05-27T11:23:55.385+0530][36.641s][info][gc,start    ] GC(883) Pause Young (Normal) (G1 Evacuation Pause)
[2026-05-27T11:23:55.385+0530][36.641s][info][gc,task     ] GC(883) Using 9 workers of 9 for evacuation
[2026-05-27T11:23:55.386+0530][36.642s][info][gc,phases   ] GC(883)   Pre Evacuate Collection Set: 0.10ms
[2026-05-27T11:23:55.386+0530][36.642s][info][gc,phases   ] GC(883)   Merge Heap Roots: 0.06ms
[2026-05-27T11:23:55.386+0530][36.642s][info][gc,phases   ] GC(883)   Evacuate Collection Set: 0.38ms
[2026-05-27T11:23:55.386+0530][36.642s][info][gc,phases   ] GC(883)   Post Evacuate Collection Set: 0.22ms
[2026-05-27T11:23:55.386+0530][36.642s][info][gc,phases   ] GC(883)   Other: 0.10ms
[2026-05-27T11:23:55.386+0530][36.642s][info][gc,heap     ] GC(883) Eden regions: 301->0(302)
[2026-05-27T11:23:55.386+0530][36.642s][info][gc,heap     ] GC(883) Survivor regions: 6->5(39)
[2026-05-27T11:23:55.386+0530][36.642s][info][gc,heap     ] GC(883) Old regions: 10->10
[2026-05-27T11:23:55.386+0530][36.642s][info][gc,heap     ] GC(883) Archive regions: 2->2
[2026-05-27T11:23:55.386+0530][36.642s][info][gc,heap     ] GC(883) Humongous regions: 0->0
[2026-05-27T11:23:55.386+0530][36.642s][info][gc,metaspace] GC(883) Metaspace: 1745K(2048K)->1745K(2048K) NonClass: 1568K(1728K)->1568K(1728K) Class: 177K(320K)->177K(320K)
[2026-05-27T11:23:55.386+0530][36.642s][info][gc          ] GC(883) Pause Young (Normal) (G1 Evacuation Pause) 316M->14M(512M) 0.919ms
[2026-05-27T11:23:55.386+0530][36.642s][info][gc,cpu      ] GC(883) User=0.00s Sys=0.00s Real=0.00s
[2026-05-27T11:23:55.423+0530][36.680s][info][gc,start    ] GC(884) Pause Young (Normal) (G1 Evacuation Pause)
[2026-05-27T11:23:55.423+0530][36.680s][info][gc,task     ] GC(884) Using 9 workers of 9 for evacuation
[2026-05-27T11:23:55.424+0530][36.680s][info][gc,phases   ] GC(884)   Pre Evacuate Collection Set: 0.07ms
[2026-05-27T11:23:55.424+0530][36.680s][info][gc,phases   ] GC(884)   Merge Heap Roots: 0.05ms
[2026-05-27T11:23:55.424+0530][36.680s][info][gc,phases   ] GC(884)   Evacuate Collection Set: 0.31ms
[2026-05-27T11:23:55.424+0530][36.680s][info][gc,phases   ] GC(884)   Post Evacuate Collection Set: 0.18ms
[2026-05-27T11:23:55.424+0530][36.680s][info][gc,phases   ] GC(884)   Other: 0.10ms
[2026-05-27T11:23:55.424+0530][36.680s][info][gc,heap     ] GC(884) Eden regions: 302->0(301)
[2026-05-27T11:23:55.424+0530][36.680s][info][gc,heap     ] GC(884) Survivor regions: 5->6(39)
[2026-05-27T11:23:55.424+0530][36.680s][info][gc,heap     ] GC(884) Old regions: 10->10
[2026-05-27T11:23:55.424+0530][36.680s][info][gc,heap     ] GC(884) Archive regions: 2->2
[2026-05-27T11:23:55.424+0530][36.680s][info][gc,heap     ] GC(884) Humongous regions: 0->0
[2026-05-27T11:23:55.424+0530][36.680s][info][gc,metaspace] GC(884) Metaspace: 1745K(2048K)->1745K(2048K) NonClass: 1568K(1728K)->1568K(1728K) Class: 177K(320K)->177K(320K)
[2026-05-27T11:23:55.424+0530][36.680s][info][gc          ] GC(884) Pause Young (Normal) (G1 Evacuation Pause) 316M->15M(512M) 0.802ms
[2026-05-27T11:23:55.424+0530][36.680s][info][gc,cpu      ] GC(884) User=0.00s Sys=0.00s Real=0.00s
[2026-05-27T11:23:55.461+0530][36.717s][info][gc,start    ] GC(885) Pause Young (Normal) (G1 Evacuation Pause)
[2026-05-27T11:23:55.461+0530][36.717s][info][gc,task     ] GC(885) Using 9 workers of 9 for evacuation
[2026-05-27T11:23:55.462+0530][36.718s][info][gc,phases   ] GC(885)   Pre Evacuate Collection Set: 0.07ms
[2026-05-27T11:23:55.462+0530][36.718s][info][gc,phases   ] GC(885)   Merge Heap Roots: 0.05ms
[2026-05-27T11:23:55.462+0530][36.718s][info][gc,phases   ] GC(885)   Evacuate Collection Set: 0.34ms
[2026-05-27T11:23:55.462+0530][36.718s][info][gc,phases   ] GC(885)   Post Evacuate Collection Set: 0.18ms
[2026-05-27T11:23:55.462+0530][36.718s][info][gc,phases   ] GC(885)   Other: 0.11ms
[2026-05-27T11:23:55.462+0530][36.718s][info][gc,heap     ] GC(885) Eden regions: 301->0(301)
[2026-05-27T11:23:55.462+0530][36.718s][info][gc,heap     ] GC(885) Survivor regions: 6->6(39)
[2026-05-27T11:23:55.462+0530][36.718s][info][gc,heap     ] GC(885) Old regions: 10->10
[2026-05-27T11:23:55.462+0530][36.718s][info][gc,heap     ] GC(885) Archive regions: 2->2
[2026-05-27T11:23:55.462+0530][36.718s][info][gc,heap     ] GC(885) Humongous regions: 0->0
[2026-05-27T11:23:55.462+0530][36.718s][info][gc,metaspace] GC(885) Metaspace: 1745K(2048K)->1745K(2048K) NonClass: 1568K(1728K)->1568K(1728K) Class: 177K(320K)->177K(320K)
[2026-05-27T11:23:55.462+0530][36.718s][info][gc          ] GC(885) Pause Young (Normal) (G1 Evacuation Pause) 316M->15M(512M) 0.798ms
[2026-05-27T11:23:55.462+0530][36.718s][info][gc,cpu      ] GC(885) User=0.01s Sys=0.00s Real=0.00s
[2026-05-27T11:23:55.503+0530][36.759s][info][gc,start    ] GC(886) Pause Young (Normal) (G1 Evacuation Pause)
[2026-05-27T11:23:55.503+0530][36.759s][info][gc,task     ] GC(886) Using 9 workers of 9 for evacuation
[2026-05-27T11:23:55.504+0530][36.760s][info][gc,phases   ] GC(886)   Pre Evacuate Collection Set: 0.10ms
[2026-05-27T11:23:55.504+0530][36.760s][info][gc,phases   ] GC(886)   Merge Heap Roots: 0.07ms
[2026-05-27T11:23:55.504+0530][36.760s][info][gc,phases   ] GC(886)   Evacuate Collection Set: 0.28ms
[2026-05-27T11:23:55.504+0530][36.760s][info][gc,phases   ] GC(886)   Post Evacuate Collection Set: 0.17ms
[2026-05-27T11:23:55.504+0530][36.760s][info][gc,phases   ] GC(886)   Other: 0.09ms
[2026-05-27T11:23:55.504+0530][36.760s][info][gc,heap     ] GC(886) Eden regions: 301->0(302)
[2026-05-27T11:23:55.504+0530][36.760s][info][gc,heap     ] GC(886) Survivor regions: 6->5(39)
[2026-05-27T11:23:55.504+0530][36.760s][info][gc,heap     ] GC(886) Old regions: 10->10
[2026-05-27T11:23:55.504+0530][36.760s][info][gc,heap     ] GC(886) Archive regions: 2->2
[2026-05-27T11:23:55.504+0530][36.760s][info][gc,heap     ] GC(886) Humongous regions: 0->0
[2026-05-27T11:23:55.504+0530][36.760s][info][gc,metaspace] GC(886) Metaspace: 1745K(2048K)->1745K(2048K) NonClass: 1568K(1728K)->1568K(1728K) Class: 177K(320K)->177K(320K)
[2026-05-27T11:23:55.504+0530][36.760s][info][gc          ] GC(886) Pause Young (Normal) (G1 Evacuation Pause) 316M->15M(512M) 0.780ms
[2026-05-27T11:23:55.504+0530][36.760s][info][gc,cpu      ] GC(886) User=0.00s Sys=0.00s Real=0.00s
[2026-05-27T11:23:55.543+0530][36.799s][info][gc,start    ] GC(887) Pause Young (Normal) (G1 Evacuation Pause)
[2026-05-27T11:23:55.543+0530][36.799s][info][gc,task     ] GC(887) Using 9 workers of 9 for evacuation
[2026-05-27T11:23:55.543+0530][36.799s][info][gc,phases   ] GC(887)   Pre Evacuate Collection Set: 0.08ms
[2026-05-27T11:23:55.543+0530][36.799s][info][gc,phases   ] GC(887)   Merge Heap Roots: 0.11ms
[2026-05-27T11:23:55.543+0530][36.799s][info][gc,phases   ] GC(887)   Evacuate Collection Set: 0.29ms
[2026-05-27T11:23:55.543+0530][36.799s][info][gc,phases   ] GC(887)   Post Evacuate Collection Set: 0.19ms
[2026-05-27T11:23:55.543+0530][36.799s][info][gc,phases   ] GC(887)   Other: 0.09ms
[2026-05-27T11:23:55.543+0530][36.799s][info][gc,heap     ] GC(887) Eden regions: 302->0(303)
[2026-05-27T11:23:55.543+0530][36.799s][info][gc,heap     ] GC(887) Survivor regions: 5->4(39)
[2026-05-27T11:23:55.543+0530][36.799s][info][gc,heap     ] GC(887) Old regions: 10->10
[2026-05-27T11:23:55.543+0530][36.799s][info][gc,heap     ] GC(887) Archive regions: 2->2
[2026-05-27T11:23:55.543+0530][36.799s][info][gc,heap     ] GC(887) Humongous regions: 0->0
[2026-05-27T11:23:55.543+0530][36.799s][info][gc,metaspace] GC(887) Metaspace: 1745K(2048K)->1745K(2048K) NonClass: 1568K(1728K)->1568K(1728K) Class: 177K(320K)->177K(320K)
[2026-05-27T11:23:55.543+0530][36.799s][info][gc          ] GC(887) Pause Young (Normal) (G1 Evacuation Pause) 316M->13M(512M) 0.830ms
[2026-05-27T11:23:55.543+0530][36.799s][info][gc,cpu      ] GC(887) User=0.00s Sys=0.00s Real=0.00s
[2026-05-27T11:23:55.582+0530][36.838s][info][gc,start    ] GC(888) Pause Young (Normal) (G1 Evacuation Pause)
[2026-05-27T11:23:55.582+0530][36.838s][info][gc,task     ] GC(888) Using 9 workers of 9 for evacuation
[2026-05-27T11:23:55.583+0530][36.839s][info][gc,phases   ] GC(888)   Pre Evacuate Collection Set: 0.05ms
[2026-05-27T11:23:55.583+0530][36.839s][info][gc,phases   ] GC(888)   Merge Heap Roots: 0.05ms
[2026-05-27T11:23:55.583+0530][36.839s][info][gc,phases   ] GC(888)   Evacuate Collection Set: 0.30ms
[2026-05-27T11:23:55.583+0530][36.839s][info][gc,phases   ] GC(888)   Post Evacuate Collection Set: 0.19ms
[2026-05-27T11:23:55.583+0530][36.839s][info][gc,phases   ] GC(888)   Other: 0.10ms
[2026-05-27T11:23:55.583+0530][36.839s][info][gc,heap     ] GC(888) Eden regions: 303->0(301)
[2026-05-27T11:23:55.583+0530][36.839s][info][gc,heap     ] GC(888) Survivor regions: 4->6(39)
[2026-05-27T11:23:55.583+0530][36.839s][info][gc,heap     ] GC(888) Old regions: 10->10
[2026-05-27T11:23:55.583+0530][36.839s][info][gc,heap     ] GC(888) Archive regions: 2->2
[2026-05-27T11:23:55.583+0530][36.839s][info][gc,heap     ] GC(888) Humongous regions: 0->0
[2026-05-27T11:23:55.583+0530][36.839s][info][gc,metaspace] GC(888) Metaspace: 1745K(2048K)->1745K(2048K) NonClass: 1568K(1728K)->1568K(1728K) Class: 177K(320K)->177K(320K)
[2026-05-27T11:23:55.583+0530][36.839s][info][gc          ] GC(888) Pause Young (Normal) (G1 Evacuation Pause) 316M->15M(512M) 0.749ms
[2026-05-27T11:23:55.583+0530][36.839s][info][gc,cpu      ] GC(888) User=0.00s Sys=0.00s Real=0.00s
[2026-05-27T11:23:55.620+0530][36.876s][info][gc,start    ] GC(889) Pause Young (Normal) (G1 Evacuation Pause)
[2026-05-27T11:23:55.620+0530][36.876s][info][gc,task     ] GC(889) Using 9 workers of 9 for evacuation
[2026-05-27T11:23:55.621+0530][36.877s][info][gc,phases   ] GC(889)   Pre Evacuate Collection Set: 0.08ms
[2026-05-27T11:23:55.621+0530][36.877s][info][gc,phases   ] GC(889)   Merge Heap Roots: 0.05ms
[2026-05-27T11:23:55.621+0530][36.877s][info][gc,phases   ] GC(889)   Evacuate Collection Set: 0.30ms
[2026-05-27T11:23:55.621+0530][36.877s][info][gc,phases   ] GC(889)   Post Evacuate Collection Set: 0.21ms
[2026-05-27T11:23:55.621+0530][36.877s][info][gc,phases   ] GC(889)   Other: 0.10ms
[2026-05-27T11:23:55.621+0530][36.877s][info][gc,heap     ] GC(889) Eden regions: 301->0(301)
[2026-05-27T11:23:55.621+0530][36.877s][info][gc,heap     ] GC(889) Survivor regions: 6->6(39)
[2026-05-27T11:23:55.621+0530][36.877s][info][gc,heap     ] GC(889) Old regions: 10->10
[2026-05-27T11:23:55.621+0530][36.877s][info][gc,heap     ] GC(889) Archive regions: 2->2
[2026-05-27T11:23:55.621+0530][36.877s][info][gc,heap     ] GC(889) Humongous regions: 0->0
[2026-05-27T11:23:55.621+0530][36.877s][info][gc,metaspace] GC(889) Metaspace: 1745K(2048K)->1745K(2048K) NonClass: 1568K(1728K)->1568K(1728K) Class: 177K(320K)->177K(320K)
[2026-05-27T11:23:55.621+0530][36.877s][info][gc          ] GC(889) Pause Young (Normal) (G1 Evacuation Pause) 316M->15M(512M) 0.846ms
[2026-05-27T11:23:55.621+0530][36.877s][info][gc,cpu      ] GC(889) User=0.00s Sys=0.00s Real=0.00s
[2026-05-27T11:23:55.660+0530][36.916s][info][gc,start    ] GC(890) Pause Young (Normal) (G1 Evacuation Pause)
[2026-05-27T11:23:55.660+0530][36.916s][info][gc,task     ] GC(890) Using 9 workers of 9 for evacuation
[2026-05-27T11:23:55.661+0530][36.917s][info][gc,phases   ] GC(890)   Pre Evacuate Collection Set: 0.08ms
[2026-05-27T11:23:55.661+0530][36.917s][info][gc,phases   ] GC(890)   Merge Heap Roots: 0.09ms
[2026-05-27T11:23:55.661+0530][36.917s][info][gc,phases   ] GC(890)   Evacuate Collection Set: 0.24ms
[2026-05-27T11:23:55.661+0530][36.917s][info][gc,phases   ] GC(890)   Post Evacuate Collection Set: 0.18ms
[2026-05-27T11:23:55.661+0530][36.917s][info][gc,phases   ] GC(890)   Other: 0.10ms
[2026-05-27T11:23:55.661+0530][36.917s][info][gc,heap     ] GC(890) Eden regions: 301->0(301)
[2026-05-27T11:23:55.661+0530][36.917s][info][gc,heap     ] GC(890) Survivor regions: 6->6(39)
[2026-05-27T11:23:55.661+0530][36.917s][info][gc,heap     ] GC(890) Old regions: 10->10
[2026-05-27T11:23:55.661+0530][36.917s][info][gc,heap     ] GC(890) Archive regions: 2->2
[2026-05-27T11:23:55.661+0530][36.917s][info][gc,heap     ] GC(890) Humongous regions: 0->0
[2026-05-27T11:23:55.661+0530][36.917s][info][gc,metaspace] GC(890) Metaspace: 1745K(2048K)->1745K(2048K) NonClass: 1568K(1728K)->1568K(1728K) Class: 177K(320K)->177K(320K)
[2026-05-27T11:23:55.661+0530][36.917s][info][gc          ] GC(890) Pause Young (Normal) (G1 Evacuation Pause) 316M->15M(512M) 0.791ms
[2026-05-27T11:23:55.661+0530][36.917s][info][gc,cpu      ] GC(890) User=0.00s Sys=0.00s Real=0.00s
[2026-05-27T11:23:55.701+0530][36.957s][info][gc,start    ] GC(891) Pause Young (Normal) (G1 Evacuation Pause)
[2026-05-27T11:23:55.701+0530][36.957s][info][gc,task     ] GC(891) Using 9 workers of 9 for evacuation
[2026-05-27T11:23:55.701+0530][36.957s][info][gc,phases   ] GC(891)   Pre Evacuate Collection Set: 0.06ms
[2026-05-27T11:23:55.701+0530][36.957s][info][gc,phases   ] GC(891)   Merge Heap Roots: 0.05ms
[2026-05-27T11:23:55.701+0530][36.957s][info][gc,phases   ] GC(891)   Evacuate Collection Set: 0.24ms
[2026-05-27T11:23:55.701+0530][36.957s][info][gc,phases   ] GC(891)   Post Evacuate Collection Set: 0.17ms
[2026-05-27T11:23:55.701+0530][36.957s][info][gc,phases   ] GC(891)   Other: 0.11ms
[2026-05-27T11:23:55.701+0530][36.957s][info][gc,heap     ] GC(891) Eden regions: 301->0(305)
[2026-05-27T11:23:55.701+0530][36.957s][info][gc,heap     ] GC(891) Survivor regions: 6->2(39)
[2026-05-27T11:23:55.701+0530][36.957s][info][gc,heap     ] GC(891) Old regions: 10->10
[2026-05-27T11:23:55.701+0530][36.957s][info][gc,heap     ] GC(891) Archive regions: 2->2
[2026-05-27T11:23:55.701+0530][36.957s][info][gc,heap     ] GC(891) Humongous regions: 0->0
[2026-05-27T11:23:55.701+0530][36.957s][info][gc,metaspace] GC(891) Metaspace: 1745K(2048K)->1745K(2048K) NonClass: 1568K(1728K)->1568K(1728K) Class: 177K(320K)->177K(320K)
[2026-05-27T11:23:55.701+0530][36.957s][info][gc          ] GC(891) Pause Young (Normal) (G1 Evacuation Pause) 316M->11M(512M) 0.682ms
[2026-05-27T11:23:55.701+0530][36.957s][info][gc,cpu      ] GC(891) User=0.01s Sys=0.01s Real=0.00s
[2026-05-27T11:23:55.742+0530][36.998s][info][gc,start    ] GC(892) Pause Young (Normal) (G1 Evacuation Pause)
[2026-05-27T11:23:55.742+0530][36.998s][info][gc,task     ] GC(892) Using 9 workers of 9 for evacuation
[2026-05-27T11:23:55.743+0530][36.999s][info][gc,phases   ] GC(892)   Pre Evacuate Collection Set: 0.08ms
[2026-05-27T11:23:55.743+0530][36.999s][info][gc,phases   ] GC(892)   Merge Heap Roots: 0.06ms
[2026-05-27T11:23:55.743+0530][36.999s][info][gc,phases   ] GC(892)   Evacuate Collection Set: 0.29ms
[2026-05-27T11:23:55.743+0530][36.999s][info][gc,phases   ] GC(892)   Post Evacuate Collection Set: 0.19ms
[2026-05-27T11:23:55.743+0530][36.999s][info][gc,phases   ] GC(892)   Other: 0.10ms
[2026-05-27T11:23:55.743+0530][36.999s][info][gc,heap     ] GC(892) Eden regions: 305->0(303)
[2026-05-27T11:23:55.743+0530][36.999s][info][gc,heap     ] GC(892) Survivor regions: 2->4(39)
[2026-05-27T11:23:55.743+0530][36.999s][info][gc,heap     ] GC(892) Old regions: 10->10
[2026-05-27T11:23:55.743+0530][36.999s][info][gc,heap     ] GC(892) Archive regions: 2->2
[2026-05-27T11:23:55.743+0530][36.999s][info][gc,heap     ] GC(892) Humongous regions: 9->0
[2026-05-27T11:23:55.743+0530][36.999s][info][gc,metaspace] GC(892) Metaspace: 1745K(2048K)->1745K(2048K) NonClass: 1568K(1728K)->1568K(1728K) Class: 177K(320K)->177K(320K)
[2026-05-27T11:23:55.743+0530][36.999s][info][gc          ] GC(892) Pause Young (Normal) (G1 Evacuation Pause) 325M->13M(512M) 0.777ms
[2026-05-27T11:23:55.743+0530][36.999s][info][gc,cpu      ] GC(892) User=0.00s Sys=0.00s Real=0.00s
[2026-05-27T11:23:55.783+0530][37.039s][info][gc,start    ] GC(893) Pause Young (Normal) (G1 Evacuation Pause)
[2026-05-27T11:23:55.783+0530][37.039s][info][gc,task     ] GC(893) Using 9 workers of 9 for evacuation
[2026-05-27T11:23:55.784+0530][37.040s][info][gc,phases   ] GC(893)   Pre Evacuate Collection Set: 0.07ms
[2026-05-27T11:23:55.784+0530][37.040s][info][gc,phases   ] GC(893)   Merge Heap Roots: 0.04ms
[2026-05-27T11:23:55.784+0530][37.040s][info][gc,phases   ] GC(893)   Evacuate Collection Set: 0.22ms
[2026-05-27T11:23:55.784+0530][37.040s][info][gc,phases   ] GC(893)   Post Evacuate Collection Set: 0.19ms
[2026-05-27T11:23:55.784+0530][37.040s][info][gc,phases   ] GC(893)   Other: 0.09ms
[2026-05-27T11:23:55.784+0530][37.040s][info][gc,heap     ] GC(893) Eden regions: 303->0(306)
[2026-05-27T11:23:55.784+0530][37.040s][info][gc,heap     ] GC(893) Survivor regions: 4->1(39)
[2026-05-27T11:23:55.784+0530][37.040s][info][gc,heap     ] GC(893) Old regions: 10->10
[2026-05-27T11:23:55.784+0530][37.040s][info][gc,heap     ] GC(893) Archive regions: 2->2
[2026-05-27T11:23:55.784+0530][37.040s][info][gc,heap     ] GC(893) Humongous regions: 0->0
[2026-05-27T11:23:55.784+0530][37.040s][info][gc,metaspace] GC(893) Metaspace: 1745K(2048K)->1745K(2048K) NonClass: 1568K(1728K)->1568K(1728K) Class: 177K(320K)->177K(320K)
[2026-05-27T11:23:55.784+0530][37.040s][info][gc          ] GC(893) Pause Young (Normal) (G1 Evacuation Pause) 316M->10M(512M) 0.675ms
[2026-05-27T11:23:55.784+0530][37.040s][info][gc,cpu      ] GC(893) User=0.00s Sys=0.00s Real=0.00s
[2026-05-27T11:23:55.825+0530][37.081s][info][gc,start    ] GC(894) Pause Young (Normal) (G1 Evacuation Pause)
[2026-05-27T11:23:55.825+0530][37.081s][info][gc,task     ] GC(894) Using 9 workers of 9 for evacuation
[2026-05-27T11:23:55.825+0530][37.081s][info][gc,phases   ] GC(894)   Pre Evacuate Collection Set: 0.10ms
[2026-05-27T11:23:55.825+0530][37.081s][info][gc,phases   ] GC(894)   Merge Heap Roots: 0.05ms
[2026-05-27T11:23:55.825+0530][37.081s][info][gc,phases   ] GC(894)   Evacuate Collection Set: 0.19ms
[2026-05-27T11:23:55.825+0530][37.081s][info][gc,phases   ] GC(894)   Post Evacuate Collection Set: 0.19ms
[2026-05-27T11:23:55.825+0530][37.081s][info][gc,phases   ] GC(894)   Other: 0.08ms
[2026-05-27T11:23:55.825+0530][37.081s][info][gc,heap     ] GC(894) Eden regions: 306->0(306)
[2026-05-27T11:23:55.825+0530][37.081s][info][gc,heap     ] GC(894) Survivor regions: 1->1(39)
[2026-05-27T11:23:55.825+0530][37.081s][info][gc,heap     ] GC(894) Old regions: 10->10
[2026-05-27T11:23:55.825+0530][37.081s][info][gc,heap     ] GC(894) Archive regions: 2->2
[2026-05-27T11:23:55.825+0530][37.081s][info][gc,heap     ] GC(894) Humongous regions: 0->0
[2026-05-27T11:23:55.825+0530][37.081s][info][gc,metaspace] GC(894) Metaspace: 1745K(2048K)->1745K(2048K) NonClass: 1568K(1728K)->1568K(1728K) Class: 177K(320K)->177K(320K)
[2026-05-27T11:23:55.825+0530][37.082s][info][gc          ] GC(894) Pause Young (Normal) (G1 Evacuation Pause) 316M->10M(512M) 0.699ms
[2026-05-27T11:23:55.825+0530][37.082s][info][gc,cpu      ] GC(894) User=0.00s Sys=0.00s Real=0.00s
[2026-05-27T11:23:55.867+0530][37.123s][info][gc,start    ] GC(895) Pause Young (Normal) (G1 Evacuation Pause)
[2026-05-27T11:23:55.867+0530][37.123s][info][gc,task     ] GC(895) Using 9 workers of 9 for evacuation
[2026-05-27T11:23:55.868+0530][37.124s][info][gc,phases   ] GC(895)   Pre Evacuate Collection Set: 0.06ms
[2026-05-27T11:23:55.868+0530][37.124s][info][gc,phases   ] GC(895)   Merge Heap Roots: 0.04ms
[2026-05-27T11:23:55.868+0530][37.124s][info][gc,phases   ] GC(895)   Evacuate Collection Set: 0.28ms
[2026-05-27T11:23:55.868+0530][37.124s][info][gc,phases   ] GC(895)   Post Evacuate Collection Set: 0.22ms
[2026-05-27T11:23:55.868+0530][37.124s][info][gc,phases   ] GC(895)   Other: 0.09ms
[2026-05-27T11:23:55.868+0530][37.124s][info][gc,heap     ] GC(895) Eden regions: 306->0(303)
[2026-05-27T11:23:55.868+0530][37.124s][info][gc,heap     ] GC(895) Survivor regions: 1->4(39)
[2026-05-27T11:23:55.868+0530][37.124s][info][gc,heap     ] GC(895) Old regions: 10->10
[2026-05-27T11:23:55.868+0530][37.124s][info][gc,heap     ] GC(895) Archive regions: 2->2
[2026-05-27T11:23:55.868+0530][37.124s][info][gc,heap     ] GC(895) Humongous regions: 0->0
[2026-05-27T11:23:55.868+0530][37.124s][info][gc,metaspace] GC(895) Metaspace: 1745K(2048K)->1745K(2048K) NonClass: 1568K(1728K)->1568K(1728K) Class: 177K(320K)->177K(320K)
[2026-05-27T11:23:55.868+0530][37.124s][info][gc          ] GC(895) Pause Young (Normal) (G1 Evacuation Pause) 316M->13M(512M) 0.833ms
[2026-05-27T11:23:55.868+0530][37.124s][info][gc,cpu      ] GC(895) User=0.00s Sys=0.00s Real=0.00s
[2026-05-27T11:23:55.913+0530][37.169s][info][gc,start    ] GC(896) Pause Young (Normal) (G1 Evacuation Pause)
[2026-05-27T11:23:55.913+0530][37.169s][info][gc,task     ] GC(896) Using 9 workers of 9 for evacuation
[2026-05-27T11:23:55.913+0530][37.169s][info][gc,phases   ] GC(896)   Pre Evacuate Collection Set: 0.07ms
[2026-05-27T11:23:55.913+0530][37.169s][info][gc,phases   ] GC(896)   Merge Heap Roots: 0.05ms
[2026-05-27T11:23:55.913+0530][37.169s][info][gc,phases   ] GC(896)   Evacuate Collection Set: 0.29ms
[2026-05-27T11:23:55.913+0530][37.169s][info][gc,phases   ] GC(896)   Post Evacuate Collection Set: 0.17ms
[2026-05-27T11:23:55.913+0530][37.169s][info][gc,phases   ] GC(896)   Other: 0.10ms
[2026-05-27T11:23:55.913+0530][37.169s][info][gc,heap     ] GC(896) Eden regions: 303->0(301)
[2026-05-27T11:23:55.913+0530][37.169s][info][gc,heap     ] GC(896) Survivor regions: 4->6(39)
[2026-05-27T11:23:55.913+0530][37.169s][info][gc,heap     ] GC(896) Old regions: 10->10
[2026-05-27T11:23:55.913+0530][37.169s][info][gc,heap     ] GC(896) Archive regions: 2->2
[2026-05-27T11:23:55.913+0530][37.169s][info][gc,heap     ] GC(896) Humongous regions: 0->0
[2026-05-27T11:23:55.913+0530][37.169s][info][gc,metaspace] GC(896) Metaspace: 1745K(2048K)->1745K(2048K) NonClass: 1568K(1728K)->1568K(1728K) Class: 177K(320K)->177K(320K)
[2026-05-27T11:23:55.913+0530][37.169s][info][gc          ] GC(896) Pause Young (Normal) (G1 Evacuation Pause) 316M->16M(512M) 0.778ms
[2026-05-27T11:23:55.913+0530][37.169s][info][gc,cpu      ] GC(896) User=0.00s Sys=0.00s Real=0.00s
[2026-05-27T11:23:55.953+0530][37.209s][info][gc,start    ] GC(897) Pause Young (Normal) (G1 Evacuation Pause)
[2026-05-27T11:23:55.953+0530][37.209s][info][gc,task     ] GC(897) Using 9 workers of 9 for evacuation
[2026-05-27T11:23:55.953+0530][37.209s][info][gc,phases   ] GC(897)   Pre Evacuate Collection Set: 0.07ms
[2026-05-27T11:23:55.953+0530][37.209s][info][gc,phases   ] GC(897)   Merge Heap Roots: 0.06ms
[2026-05-27T11:23:55.953+0530][37.209s][info][gc,phases   ] GC(897)   Evacuate Collection Set: 0.25ms
[2026-05-27T11:23:55.953+0530][37.209s][info][gc,phases   ] GC(897)   Post Evacuate Collection Set: 0.16ms
[2026-05-27T11:23:55.953+0530][37.209s][info][gc,phases   ] GC(897)   Other: 0.09ms
[2026-05-27T11:23:55.953+0530][37.209s][info][gc,heap     ] GC(897) Eden regions: 301->0(301)
[2026-05-27T11:23:55.953+0530][37.209s][info][gc,heap     ] GC(897) Survivor regions: 6->6(39)
[2026-05-27T11:23:55.953+0530][37.209s][info][gc,heap     ] GC(897) Old regions: 10->10
[2026-05-27T11:23:55.953+0530][37.209s][info][gc,heap     ] GC(897) Archive regions: 2->2
[2026-05-27T11:23:55.953+0530][37.209s][info][gc,heap     ] GC(897) Humongous regions: 0->0
[2026-05-27T11:23:55.953+0530][37.209s][info][gc,metaspace] GC(897) Metaspace: 1745K(2048K)->1745K(2048K) NonClass: 1568K(1728K)->1568K(1728K) Class: 177K(320K)->177K(320K)
[2026-05-27T11:23:55.953+0530][37.209s][info][gc          ] GC(897) Pause Young (Normal) (G1 Evacuation Pause) 316M->15M(512M) 0.695ms
[2026-05-27T11:23:55.953+0530][37.209s][info][gc,cpu      ] GC(897) User=0.01s Sys=0.00s Real=0.00s
[2026-05-27T11:23:55.994+0530][37.250s][info][gc,start    ] GC(898) Pause Young (Normal) (G1 Evacuation Pause)
[2026-05-27T11:23:55.994+0530][37.250s][info][gc,task     ] GC(898) Using 9 workers of 9 for evacuation
[2026-05-27T11:23:55.995+0530][37.251s][info][gc,phases   ] GC(898)   Pre Evacuate Collection Set: 0.09ms
[2026-05-27T11:23:55.995+0530][37.251s][info][gc,phases   ] GC(898)   Merge Heap Roots: 0.05ms
[2026-05-27T11:23:55.995+0530][37.251s][info][gc,phases   ] GC(898)   Evacuate Collection Set: 0.26ms
[2026-05-27T11:23:55.995+0530][37.251s][info][gc,phases   ] GC(898)   Post Evacuate Collection Set: 0.17ms
[2026-05-27T11:23:55.995+0530][37.251s][info][gc,phases   ] GC(898)   Other: 0.11ms
[2026-05-27T11:23:55.995+0530][37.251s][info][gc,heap     ] GC(898) Eden regions: 301->0(301)
[2026-05-27T11:23:55.995+0530][37.251s][info][gc,heap     ] GC(898) Survivor regions: 6->6(39)
[2026-05-27T11:23:55.995+0530][37.251s][info][gc,heap     ] GC(898) Old regions: 10->10
[2026-05-27T11:23:55.995+0530][37.251s][info][gc,heap     ] GC(898) Archive regions: 2->2
[2026-05-27T11:23:55.995+0530][37.251s][info][gc,heap     ] GC(898) Humongous regions: 9->0
[2026-05-27T11:23:55.995+0530][37.251s][info][gc,metaspace] GC(898) Metaspace: 1745K(2048K)->1745K(2048K) NonClass: 1568K(1728K)->1568K(1728K) Class: 177K(320K)->177K(320K)
[2026-05-27T11:23:55.995+0530][37.251s][info][gc          ] GC(898) Pause Young (Normal) (G1 Evacuation Pause) 325M->15M(512M) 0.741ms
[2026-05-27T11:23:55.995+0530][37.251s][info][gc,cpu      ] GC(898) User=0.00s Sys=0.00s Real=0.00s
[2026-05-27T11:23:56.036+0530][37.292s][info][gc,start    ] GC(899) Pause Young (Normal) (G1 Evacuation Pause)
[2026-05-27T11:23:56.037+0530][37.293s][info][gc,task     ] GC(899) Using 9 workers of 9 for evacuation
[2026-05-27T11:23:56.038+0530][37.294s][info][gc,phases   ] GC(899)   Pre Evacuate Collection Set: 0.06ms
[2026-05-27T11:23:56.038+0530][37.294s][info][gc,phases   ] GC(899)   Merge Heap Roots: 0.17ms
[2026-05-27T11:23:56.038+0530][37.294s][info][gc,phases   ] GC(899)   Evacuate Collection Set: 0.29ms
[2026-05-27T11:23:56.038+0530][37.294s][info][gc,phases   ] GC(899)   Post Evacuate Collection Set: 0.20ms
[2026-05-27T11:23:56.038+0530][37.294s][info][gc,phases   ] GC(899)   Other: 1.03ms
[2026-05-27T11:23:56.038+0530][37.294s][info][gc,heap     ] GC(899) Eden regions: 301->0(303)
[2026-05-27T11:23:56.038+0530][37.294s][info][gc,heap     ] GC(899) Survivor regions: 6->4(39)
[2026-05-27T11:23:56.038+0530][37.294s][info][gc,heap     ] GC(899) Old regions: 10->10
[2026-05-27T11:23:56.038+0530][37.294s][info][gc,heap     ] GC(899) Archive regions: 2->2
[2026-05-27T11:23:56.038+0530][37.294s][info][gc,heap     ] GC(899) Humongous regions: 0->0
[2026-05-27T11:23:56.038+0530][37.294s][info][gc,metaspace] GC(899) Metaspace: 1745K(2048K)->1745K(2048K) NonClass: 1568K(1728K)->1568K(1728K) Class: 177K(320K)->177K(320K)
[2026-05-27T11:23:56.038+0530][37.294s][info][gc          ] GC(899) Pause Young (Normal) (G1 Evacuation Pause) 316M->14M(512M) 1.853ms
[2026-05-27T11:23:56.038+0530][37.294s][info][gc,cpu      ] GC(899) User=0.00s Sys=0.00s Real=0.00s
[2026-05-27T11:23:56.080+0530][37.337s][info][gc,start    ] GC(900) Pause Young (Normal) (G1 Evacuation Pause)
[2026-05-27T11:23:56.081+0530][37.337s][info][gc,task     ] GC(900) Using 9 workers of 9 for evacuation
[2026-05-27T11:23:56.081+0530][37.337s][info][gc,phases   ] GC(900)   Pre Evacuate Collection Set: 0.08ms
[2026-05-27T11:23:56.081+0530][37.337s][info][gc,phases   ] GC(900)   Merge Heap Roots: 0.06ms
[2026-05-27T11:23:56.081+0530][37.337s][info][gc,phases   ] GC(900)   Evacuate Collection Set: 0.34ms
[2026-05-27T11:23:56.081+0530][37.337s][info][gc,phases   ] GC(900)   Post Evacuate Collection Set: 0.20ms
[2026-05-27T11:23:56.081+0530][37.337s][info][gc,phases   ] GC(900)   Other: 0.11ms
[2026-05-27T11:23:56.081+0530][37.337s][info][gc,heap     ] GC(900) Eden regions: 303->0(301)
[2026-05-27T11:23:56.081+0530][37.337s][info][gc,heap     ] GC(900) Survivor regions: 4->6(39)
[2026-05-27T11:23:56.081+0530][37.337s][info][gc,heap     ] GC(900) Old regions: 10->10
[2026-05-27T11:23:56.081+0530][37.337s][info][gc,heap     ] GC(900) Archive regions: 2->2
[2026-05-27T11:23:56.081+0530][37.337s][info][gc,heap     ] GC(900) Humongous regions: 0->0
[2026-05-27T11:23:56.081+0530][37.337s][info][gc,metaspace] GC(900) Metaspace: 1745K(2048K)->1745K(2048K) NonClass: 1568K(1728K)->1568K(1728K) Class: 177K(320K)->177K(320K)
[2026-05-27T11:23:56.081+0530][37.337s][info][gc          ] GC(900) Pause Young (Normal) (G1 Evacuation Pause) 316M->15M(512M) 0.854ms
[2026-05-27T11:23:56.081+0530][37.337s][info][gc,cpu      ] GC(900) User=0.00s Sys=0.01s Real=0.00s
[2026-05-27T11:23:56.129+0530][37.385s][info][gc,start    ] GC(901) Pause Young (Normal) (G1 Evacuation Pause)
[2026-05-27T11:23:56.129+0530][37.386s][info][gc,task     ] GC(901) Using 9 workers of 9 for evacuation
[2026-05-27T11:23:56.130+0530][37.386s][info][gc,phases   ] GC(901)   Pre Evacuate Collection Set: 0.10ms
[2026-05-27T11:23:56.130+0530][37.386s][info][gc,phases   ] GC(901)   Merge Heap Roots: 0.05ms
[2026-05-27T11:23:56.130+0530][37.386s][info][gc,phases   ] GC(901)   Evacuate Collection Set: 0.39ms
[2026-05-27T11:23:56.130+0530][37.386s][info][gc,phases   ] GC(901)   Post Evacuate Collection Set: 0.20ms
[2026-05-27T11:23:56.130+0530][37.386s][info][gc,phases   ] GC(901)   Other: 0.11ms
[2026-05-27T11:23:56.130+0530][37.386s][info][gc,heap     ] GC(901) Eden regions: 301->0(303)
[2026-05-27T11:23:56.130+0530][37.386s][info][gc,heap     ] GC(901) Survivor regions: 6->4(39)
[2026-05-27T11:23:56.130+0530][37.386s][info][gc,heap     ] GC(901) Old regions: 10->10
[2026-05-27T11:23:56.130+0530][37.386s][info][gc,heap     ] GC(901) Archive regions: 2->2
[2026-05-27T11:23:56.130+0530][37.386s][info][gc,heap     ] GC(901) Humongous regions: 9->0
[2026-05-27T11:23:56.130+0530][37.386s][info][gc,metaspace] GC(901) Metaspace: 1745K(2048K)->1745K(2048K) NonClass: 1568K(1728K)->1568K(1728K) Class: 177K(320K)->177K(320K)
[2026-05-27T11:23:56.130+0530][37.386s][info][gc          ] GC(901) Pause Young (Normal) (G1 Evacuation Pause) 325M->14M(512M) 0.923ms
[2026-05-27T11:23:56.130+0530][37.386s][info][gc,cpu      ] GC(901) User=0.00s Sys=0.00s Real=0.01s
[2026-05-27T11:23:56.178+0530][37.434s][info][gc,start    ] GC(902) Pause Young (Normal) (G1 Evacuation Pause)
[2026-05-27T11:23:56.178+0530][37.434s][info][gc,task     ] GC(902) Using 9 workers of 9 for evacuation
[2026-05-27T11:23:56.178+0530][37.434s][info][gc,phases   ] GC(902)   Pre Evacuate Collection Set: 0.06ms
[2026-05-27T11:23:56.178+0530][37.434s][info][gc,phases   ] GC(902)   Merge Heap Roots: 0.05ms
[2026-05-27T11:23:56.178+0530][37.434s][info][gc,phases   ] GC(902)   Evacuate Collection Set: 0.31ms
[2026-05-27T11:23:56.178+0530][37.434s][info][gc,phases   ] GC(902)   Post Evacuate Collection Set: 0.18ms
[2026-05-27T11:23:56.178+0530][37.434s][info][gc,phases   ] GC(902)   Other: 0.12ms
[2026-05-27T11:23:56.178+0530][37.435s][info][gc,heap     ] GC(902) Eden regions: 303->0(305)
[2026-05-27T11:23:56.178+0530][37.435s][info][gc,heap     ] GC(902) Survivor regions: 4->2(39)
[2026-05-27T11:23:56.178+0530][37.435s][info][gc,heap     ] GC(902) Old regions: 10->10
[2026-05-27T11:23:56.178+0530][37.435s][info][gc,heap     ] GC(902) Archive regions: 2->2
[2026-05-27T11:23:56.178+0530][37.435s][info][gc,heap     ] GC(902) Humongous regions: 0->0
[2026-05-27T11:23:56.178+0530][37.435s][info][gc,metaspace] GC(902) Metaspace: 1745K(2048K)->1745K(2048K) NonClass: 1568K(1728K)->1568K(1728K) Class: 177K(320K)->177K(320K)
[2026-05-27T11:23:56.178+0530][37.435s][info][gc          ] GC(902) Pause Young (Normal) (G1 Evacuation Pause) 316M->11M(512M) 0.767ms
[2026-05-27T11:23:56.178+0530][37.435s][info][gc,cpu      ] GC(902) User=0.00s Sys=0.00s Real=0.00s
[2026-05-27T11:23:56.223+0530][37.479s][info][gc,start    ] GC(903) Pause Young (Normal) (G1 Evacuation Pause)
[2026-05-27T11:23:56.223+0530][37.479s][info][gc,task     ] GC(903) Using 9 workers of 9 for evacuation
[2026-05-27T11:23:56.224+0530][37.480s][info][gc,phases   ] GC(903)   Pre Evacuate Collection Set: 0.09ms
[2026-05-27T11:23:56.224+0530][37.480s][info][gc,phases   ] GC(903)   Merge Heap Roots: 0.05ms
[2026-05-27T11:23:56.224+0530][37.480s][info][gc,phases   ] GC(903)   Evacuate Collection Set: 0.35ms
[2026-05-27T11:23:56.224+0530][37.480s][info][gc,phases   ] GC(903)   Post Evacuate Collection Set: 0.22ms
[2026-05-27T11:23:56.224+0530][37.480s][info][gc,phases   ] GC(903)   Other: 0.09ms
[2026-05-27T11:23:56.224+0530][37.480s][info][gc,heap     ] GC(903) Eden regions: 305->0(305)
[2026-05-27T11:23:56.224+0530][37.480s][info][gc,heap     ] GC(903) Survivor regions: 2->2(39)
[2026-05-27T11:23:56.224+0530][37.480s][info][gc,heap     ] GC(903) Old regions: 10->10
[2026-05-27T11:23:56.224+0530][37.480s][info][gc,heap     ] GC(903) Archive regions: 2->2
[2026-05-27T11:23:56.224+0530][37.480s][info][gc,heap     ] GC(903) Humongous regions: 0->0
[2026-05-27T11:23:56.224+0530][37.480s][info][gc,metaspace] GC(903) Metaspace: 1745K(2048K)->1745K(2048K) NonClass: 1568K(1728K)->1568K(1728K) Class: 177K(320K)->177K(320K)
[2026-05-27T11:23:56.224+0530][37.480s][info][gc          ] GC(903) Pause Young (Normal) (G1 Evacuation Pause) 316M->11M(512M) 0.863ms
[2026-05-27T11:23:56.224+0530][37.480s][info][gc,cpu      ] GC(903) User=0.00s Sys=0.00s Real=0.00s
[2026-05-27T11:23:56.266+0530][37.522s][info][gc,start    ] GC(904) Pause Young (Normal) (G1 Evacuation Pause)
[2026-05-27T11:23:56.266+0530][37.522s][info][gc,task     ] GC(904) Using 9 workers of 9 for evacuation
[2026-05-27T11:23:56.267+0530][37.523s][info][gc,phases   ] GC(904)   Pre Evacuate Collection Set: 0.10ms
[2026-05-27T11:23:56.267+0530][37.523s][info][gc,phases   ] GC(904)   Merge Heap Roots: 0.05ms
[2026-05-27T11:23:56.267+0530][37.523s][info][gc,phases   ] GC(904)   Evacuate Collection Set: 0.42ms
[2026-05-27T11:23:56.267+0530][37.523s][info][gc,phases   ] GC(904)   Post Evacuate Collection Set: 0.24ms
[2026-05-27T11:23:56.267+0530][37.523s][info][gc,phases   ] GC(904)   Other: 0.10ms
[2026-05-27T11:23:56.267+0530][37.523s][info][gc,heap     ] GC(904) Eden regions: 305->0(300)
[2026-05-27T11:23:56.267+0530][37.523s][info][gc,heap     ] GC(904) Survivor regions: 2->7(39)
[2026-05-27T11:23:56.267+0530][37.523s][info][gc,heap     ] GC(904) Old regions: 10->10
[2026-05-27T11:23:56.267+0530][37.523s][info][gc,heap     ] GC(904) Archive regions: 2->2
[2026-05-27T11:23:56.267+0530][37.523s][info][gc,heap     ] GC(904) Humongous regions: 0->0
[2026-05-27T11:23:56.267+0530][37.523s][info][gc,metaspace] GC(904) Metaspace: 1745K(2048K)->1745K(2048K) NonClass: 1568K(1728K)->1568K(1728K) Class: 177K(320K)->177K(320K)
[2026-05-27T11:23:56.267+0530][37.523s][info][gc          ] GC(904) Pause Young (Normal) (G1 Evacuation Pause) 316M->16M(512M) 1.003ms
[2026-05-27T11:23:56.267+0530][37.523s][info][gc,cpu      ] GC(904) User=0.00s Sys=0.00s Real=0.00s
[2026-05-27T11:23:56.311+0530][37.567s][info][gc,start    ] GC(905) Pause Young (Normal) (G1 Evacuation Pause)
[2026-05-27T11:23:56.311+0530][37.567s][info][gc,task     ] GC(905) Using 9 workers of 9 for evacuation
[2026-05-27T11:23:56.311+0530][37.567s][info][gc,phases   ] GC(905)   Pre Evacuate Collection Set: 0.05ms
[2026-05-27T11:23:56.311+0530][37.567s][info][gc,phases   ] GC(905)   Merge Heap Roots: 0.06ms
[2026-05-27T11:23:56.311+0530][37.567s][info][gc,phases   ] GC(905)   Evacuate Collection Set: 0.33ms
[2026-05-27T11:23:56.311+0530][37.567s][info][gc,phases   ] GC(905)   Post Evacuate Collection Set: 0.15ms
[2026-05-27T11:23:56.311+0530][37.568s][info][gc,phases   ] GC(905)   Other: 0.11ms
[2026-05-27T11:23:56.311+0530][37.568s][info][gc,heap     ] GC(905) Eden regions: 300->0(302)
[2026-05-27T11:23:56.311+0530][37.568s][info][gc,heap     ] GC(905) Survivor regions: 7->5(39)
[2026-05-27T11:23:56.311+0530][37.568s][info][gc,heap     ] GC(905) Old regions: 10->10
[2026-05-27T11:23:56.311+0530][37.568s][info][gc,heap     ] GC(905) Archive regions: 2->2
[2026-05-27T11:23:56.311+0530][37.568s][info][gc,heap     ] GC(905) Humongous regions: 0->0
[2026-05-27T11:23:56.311+0530][37.568s][info][gc,metaspace] GC(905) Metaspace: 1745K(2048K)->1745K(2048K) NonClass: 1568K(1728K)->1568K(1728K) Class: 177K(320K)->177K(320K)
[2026-05-27T11:23:56.311+0530][37.568s][info][gc          ] GC(905) Pause Young (Normal) (G1 Evacuation Pause) 316M->14M(512M) 0.756ms
[2026-05-27T11:23:56.311+0530][37.568s][info][gc,cpu      ] GC(905) User=0.00s Sys=0.00s Real=0.00s
[2026-05-27T11:23:56.353+0530][37.609s][info][gc,start    ] GC(906) Pause Young (Normal) (G1 Evacuation Pause)
[2026-05-27T11:23:56.353+0530][37.609s][info][gc,task     ] GC(906) Using 9 workers of 9 for evacuation
[2026-05-27T11:23:56.354+0530][37.610s][info][gc,phases   ] GC(906)   Pre Evacuate Collection Set: 0.06ms
[2026-05-27T11:23:56.354+0530][37.610s][info][gc,phases   ] GC(906)   Merge Heap Roots: 0.05ms
[2026-05-27T11:23:56.354+0530][37.610s][info][gc,phases   ] GC(906)   Evacuate Collection Set: 0.27ms
[2026-05-27T11:23:56.354+0530][37.610s][info][gc,phases   ] GC(906)   Post Evacuate Collection Set: 0.18ms
[2026-05-27T11:23:56.354+0530][37.610s][info][gc,phases   ] GC(906)   Other: 0.12ms
[2026-05-27T11:23:56.354+0530][37.610s][info][gc,heap     ] GC(906) Eden regions: 302->0(306)
[2026-05-27T11:23:56.354+0530][37.610s][info][gc,heap     ] GC(906) Survivor regions: 5->1(39)
[2026-05-27T11:23:56.354+0530][37.610s][info][gc,heap     ] GC(906) Old regions: 10->10
[2026-05-27T11:23:56.354+0530][37.610s][info][gc,heap     ] GC(906) Archive regions: 2->2
[2026-05-27T11:23:56.354+0530][37.610s][info][gc,heap     ] GC(906) Humongous regions: 0->0
[2026-05-27T11:23:56.354+0530][37.610s][info][gc,metaspace] GC(906) Metaspace: 1745K(2048K)->1745K(2048K) NonClass: 1568K(1728K)->1568K(1728K) Class: 177K(320K)->177K(320K)
[2026-05-27T11:23:56.354+0530][37.610s][info][gc          ] GC(906) Pause Young (Normal) (G1 Evacuation Pause) 316M->11M(512M) 0.789ms
[2026-05-27T11:23:56.354+0530][37.610s][info][gc,cpu      ] GC(906) User=0.01s Sys=0.00s Real=0.00s
[2026-05-27T11:23:56.399+0530][37.655s][info][gc,start    ] GC(907) Pause Young (Normal) (G1 Evacuation Pause)
[2026-05-27T11:23:56.399+0530][37.655s][info][gc,task     ] GC(907) Using 9 workers of 9 for evacuation
[2026-05-27T11:23:56.400+0530][37.656s][info][gc,phases   ] GC(907)   Pre Evacuate Collection Set: 0.05ms
[2026-05-27T11:23:56.400+0530][37.656s][info][gc,phases   ] GC(907)   Merge Heap Roots: 0.09ms
[2026-05-27T11:23:56.400+0530][37.656s][info][gc,phases   ] GC(907)   Evacuate Collection Set: 0.44ms
[2026-05-27T11:23:56.400+0530][37.656s][info][gc,phases   ] GC(907)   Post Evacuate Collection Set: 0.18ms
[2026-05-27T11:23:56.400+0530][37.656s][info][gc,phases   ] GC(907)   Other: 0.11ms
[2026-05-27T11:23:56.400+0530][37.656s][info][gc,heap     ] GC(907) Eden regions: 306->0(295)
[2026-05-27T11:23:56.400+0530][37.656s][info][gc,heap     ] GC(907) Survivor regions: 1->12(39)
[2026-05-27T11:23:56.400+0530][37.656s][info][gc,heap     ] GC(907) Old regions: 10->10
[2026-05-27T11:23:56.400+0530][37.656s][info][gc,heap     ] GC(907) Archive regions: 2->2
[2026-05-27T11:23:56.400+0530][37.656s][info][gc,heap     ] GC(907) Humongous regions: 0->0
[2026-05-27T11:23:56.400+0530][37.656s][info][gc,metaspace] GC(907) Metaspace: 1745K(2048K)->1745K(2048K) NonClass: 1568K(1728K)->1568K(1728K) Class: 177K(320K)->177K(320K)
[2026-05-27T11:23:56.400+0530][37.656s][info][gc          ] GC(907) Pause Young (Normal) (G1 Evacuation Pause) 316M->21M(512M) 0.963ms
[2026-05-27T11:23:56.400+0530][37.656s][info][gc,cpu      ] GC(907) User=0.00s Sys=0.00s Real=0.01s
[2026-05-27T11:23:56.447+0530][37.703s][info][gc,start    ] GC(908) Pause Young (Normal) (G1 Evacuation Pause)
[2026-05-27T11:23:56.447+0530][37.703s][info][gc,task     ] GC(908) Using 9 workers of 9 for evacuation
[2026-05-27T11:23:56.448+0530][37.704s][info][gc,phases   ] GC(908)   Pre Evacuate Collection Set: 0.07ms
[2026-05-27T11:23:56.448+0530][37.704s][info][gc,phases   ] GC(908)   Merge Heap Roots: 0.07ms
[2026-05-27T11:23:56.448+0530][37.704s][info][gc,phases   ] GC(908)   Evacuate Collection Set: 0.35ms
[2026-05-27T11:23:56.448+0530][37.704s][info][gc,phases   ] GC(908)   Post Evacuate Collection Set: 0.25ms
[2026-05-27T11:23:56.448+0530][37.704s][info][gc,phases   ] GC(908)   Other: 0.14ms
[2026-05-27T11:23:56.448+0530][37.704s][info][gc,heap     ] GC(908) Eden regions: 295->0(301)
[2026-05-27T11:23:56.448+0530][37.704s][info][gc,heap     ] GC(908) Survivor regions: 12->6(39)
[2026-05-27T11:23:56.448+0530][37.704s][info][gc,heap     ] GC(908) Old regions: 10->10
[2026-05-27T11:23:56.448+0530][37.704s][info][gc,heap     ] GC(908) Archive regions: 2->2
[2026-05-27T11:23:56.448+0530][37.704s][info][gc,heap     ] GC(908) Humongous regions: 0->0
[2026-05-27T11:23:56.448+0530][37.704s][info][gc,metaspace] GC(908) Metaspace: 1745K(2048K)->1745K(2048K) NonClass: 1568K(1728K)->1568K(1728K) Class: 177K(320K)->177K(320K)
[2026-05-27T11:23:56.448+0530][37.704s][info][gc          ] GC(908) Pause Young (Normal) (G1 Evacuation Pause) 316M->15M(512M) 0.971ms
[2026-05-27T11:23:56.448+0530][37.704s][info][gc,cpu      ] GC(908) User=0.00s Sys=0.00s Real=0.00s
[2026-05-27T11:23:56.489+0530][37.745s][info][gc,start    ] GC(909) Pause Young (Normal) (G1 Evacuation Pause)
[2026-05-27T11:23:56.489+0530][37.745s][info][gc,task     ] GC(909) Using 9 workers of 9 for evacuation
[2026-05-27T11:23:56.489+0530][37.746s][info][gc,phases   ] GC(909)   Pre Evacuate Collection Set: 0.05ms
[2026-05-27T11:23:56.490+0530][37.746s][info][gc,phases   ] GC(909)   Merge Heap Roots: 0.06ms
[2026-05-27T11:23:56.490+0530][37.746s][info][gc,phases   ] GC(909)   Evacuate Collection Set: 0.32ms
[2026-05-27T11:23:56.490+0530][37.746s][info][gc,phases   ] GC(909)   Post Evacuate Collection Set: 0.18ms
[2026-05-27T11:23:56.490+0530][37.746s][info][gc,phases   ] GC(909)   Other: 0.10ms
[2026-05-27T11:23:56.490+0530][37.746s][info][gc,heap     ] GC(909) Eden regions: 301->0(300)
[2026-05-27T11:23:56.490+0530][37.746s][info][gc,heap     ] GC(909) Survivor regions: 6->7(39)
[2026-05-27T11:23:56.490+0530][37.746s][info][gc,heap     ] GC(909) Old regions: 10->10
[2026-05-27T11:23:56.490+0530][37.746s][info][gc,heap     ] GC(909) Archive regions: 2->2
[2026-05-27T11:23:56.490+0530][37.746s][info][gc,heap     ] GC(909) Humongous regions: 0->0
[2026-05-27T11:23:56.490+0530][37.746s][info][gc,metaspace] GC(909) Metaspace: 1745K(2048K)->1745K(2048K) NonClass: 1568K(1728K)->1568K(1728K) Class: 177K(320K)->177K(320K)
[2026-05-27T11:23:56.490+0530][37.746s][info][gc          ] GC(909) Pause Young (Normal) (G1 Evacuation Pause) 316M->16M(512M) 0.787ms
[2026-05-27T11:23:56.490+0530][37.746s][info][gc,cpu      ] GC(909) User=0.00s Sys=0.00s Real=0.01s
[2026-05-27T11:23:56.530+0530][37.786s][info][gc,start    ] GC(910) Pause Young (Normal) (G1 Evacuation Pause)
[2026-05-27T11:23:56.530+0530][37.786s][info][gc,task     ] GC(910) Using 9 workers of 9 for evacuation
[2026-05-27T11:23:56.531+0530][37.787s][info][gc,phases   ] GC(910)   Pre Evacuate Collection Set: 0.08ms
[2026-05-27T11:23:56.531+0530][37.787s][info][gc,phases   ] GC(910)   Merge Heap Roots: 0.05ms
[2026-05-27T11:23:56.531+0530][37.787s][info][gc,phases   ] GC(910)   Evacuate Collection Set: 0.36ms
[2026-05-27T11:23:56.531+0530][37.787s][info][gc,phases   ] GC(910)   Post Evacuate Collection Set: 0.20ms
[2026-05-27T11:23:56.531+0530][37.787s][info][gc,phases   ] GC(910)   Other: 0.10ms
[2026-05-27T11:23:56.531+0530][37.787s][info][gc,heap     ] GC(910) Eden regions: 300->0(302)
[2026-05-27T11:23:56.531+0530][37.787s][info][gc,heap     ] GC(910) Survivor regions: 7->5(39)
[2026-05-27T11:23:56.531+0530][37.787s][info][gc,heap     ] GC(910) Old regions: 10->10
[2026-05-27T11:23:56.531+0530][37.787s][info][gc,heap     ] GC(910) Archive regions: 2->2
[2026-05-27T11:23:56.531+0530][37.787s][info][gc,heap     ] GC(910) Humongous regions: 0->0
[2026-05-27T11:23:56.531+0530][37.787s][info][gc,metaspace] GC(910) Metaspace: 1745K(2048K)->1745K(2048K) NonClass: 1568K(1728K)->1568K(1728K) Class: 177K(320K)->177K(320K)
[2026-05-27T11:23:56.531+0530][37.787s][info][gc          ] GC(910) Pause Young (Normal) (G1 Evacuation Pause) 316M->14M(512M) 0.874ms
[2026-05-27T11:23:56.531+0530][37.787s][info][gc,cpu      ] GC(910) User=0.00s Sys=0.00s Real=0.00s
[2026-05-27T11:23:56.570+0530][37.826s][info][gc,start    ] GC(911) Pause Young (Normal) (G1 Evacuation Pause)
[2026-05-27T11:23:56.570+0530][37.826s][info][gc,task     ] GC(911) Using 9 workers of 9 for evacuation
[2026-05-27T11:23:56.571+0530][37.827s][info][gc,phases   ] GC(911)   Pre Evacuate Collection Set: 0.08ms
[2026-05-27T11:23:56.571+0530][37.827s][info][gc,phases   ] GC(911)   Merge Heap Roots: 0.06ms
[2026-05-27T11:23:56.571+0530][37.827s][info][gc,phases   ] GC(911)   Evacuate Collection Set: 0.29ms
[2026-05-27T11:23:56.571+0530][37.827s][info][gc,phases   ] GC(911)   Post Evacuate Collection Set: 0.14ms
[2026-05-27T11:23:56.571+0530][37.827s][info][gc,phases   ] GC(911)   Other: 0.10ms
[2026-05-27T11:23:56.571+0530][37.827s][info][gc,heap     ] GC(911) Eden regions: 302->0(303)
[2026-05-27T11:23:56.571+0530][37.827s][info][gc,heap     ] GC(911) Survivor regions: 5->4(39)
[2026-05-27T11:23:56.571+0530][37.827s][info][gc,heap     ] GC(911) Old regions: 10->10
[2026-05-27T11:23:56.571+0530][37.827s][info][gc,heap     ] GC(911) Archive regions: 2->2
[2026-05-27T11:23:56.571+0530][37.827s][info][gc,heap     ] GC(911) Humongous regions: 9->0
[2026-05-27T11:23:56.571+0530][37.827s][info][gc,metaspace] GC(911) Metaspace: 1745K(2048K)->1745K(2048K) NonClass: 1568K(1728K)->1568K(1728K) Class: 177K(320K)->177K(320K)
[2026-05-27T11:23:56.571+0530][37.827s][info][gc          ] GC(911) Pause Young (Normal) (G1 Evacuation Pause) 325M->13M(512M) 0.721ms
[2026-05-27T11:23:56.571+0530][37.827s][info][gc,cpu      ] GC(911) User=0.01s Sys=0.00s Real=0.00s
[2026-05-27T11:23:56.611+0530][37.867s][info][gc,start    ] GC(912) Pause Young (Normal) (G1 Evacuation Pause)
[2026-05-27T11:23:56.611+0530][37.867s][info][gc,task     ] GC(912) Using 9 workers of 9 for evacuation
[2026-05-27T11:23:56.612+0530][37.868s][info][gc,phases   ] GC(912)   Pre Evacuate Collection Set: 0.07ms
[2026-05-27T11:23:56.612+0530][37.868s][info][gc,phases   ] GC(912)   Merge Heap Roots: 0.08ms
[2026-05-27T11:23:56.612+0530][37.868s][info][gc,phases   ] GC(912)   Evacuate Collection Set: 0.39ms
[2026-05-27T11:23:56.612+0530][37.868s][info][gc,phases   ] GC(912)   Post Evacuate Collection Set: 0.24ms
[2026-05-27T11:23:56.612+0530][37.868s][info][gc,phases   ] GC(912)   Other: 0.21ms
[2026-05-27T11:23:56.612+0530][37.869s][info][gc,heap     ] GC(912) Eden regions: 303->0(302)
[2026-05-27T11:23:56.612+0530][37.869s][info][gc,heap     ] GC(912) Survivor regions: 4->5(39)
[2026-05-27T11:23:56.612+0530][37.869s][info][gc,heap     ] GC(912) Old regions: 10->10
[2026-05-27T11:23:56.612+0530][37.869s][info][gc,heap     ] GC(912) Archive regions: 2->2
[2026-05-27T11:23:56.612+0530][37.869s][info][gc,heap     ] GC(912) Humongous regions: 0->0
[2026-05-27T11:23:56.612+0530][37.869s][info][gc,metaspace] GC(912) Metaspace: 1745K(2048K)->1745K(2048K) NonClass: 1568K(1728K)->1568K(1728K) Class: 177K(320K)->177K(320K)
[2026-05-27T11:23:56.612+0530][37.869s][info][gc          ] GC(912) Pause Young (Normal) (G1 Evacuation Pause) 316M->15M(512M) 1.157ms
[2026-05-27T11:23:56.612+0530][37.869s][info][gc,cpu      ] GC(912) User=0.00s Sys=0.00s Real=0.00s
[2026-05-27T11:23:56.657+0530][37.913s][info][gc,start    ] GC(913) Pause Young (Normal) (G1 Evacuation Pause)
[2026-05-27T11:23:56.657+0530][37.913s][info][gc,task     ] GC(913) Using 9 workers of 9 for evacuation
[2026-05-27T11:23:56.658+0530][37.914s][info][gc,phases   ] GC(913)   Pre Evacuate Collection Set: 0.07ms
[2026-05-27T11:23:56.658+0530][37.914s][info][gc,phases   ] GC(913)   Merge Heap Roots: 0.09ms
[2026-05-27T11:23:56.658+0530][37.914s][info][gc,phases   ] GC(913)   Evacuate Collection Set: 0.36ms
[2026-05-27T11:23:56.658+0530][37.914s][info][gc,phases   ] GC(913)   Post Evacuate Collection Set: 0.16ms
[2026-05-27T11:23:56.658+0530][37.914s][info][gc,phases   ] GC(913)   Other: 0.12ms
[2026-05-27T11:23:56.658+0530][37.914s][info][gc,heap     ] GC(913) Eden regions: 302->0(302)
[2026-05-27T11:23:56.658+0530][37.914s][info][gc,heap     ] GC(913) Survivor regions: 5->5(39)
[2026-05-27T11:23:56.658+0530][37.914s][info][gc,heap     ] GC(913) Old regions: 10->10
[2026-05-27T11:23:56.658+0530][37.914s][info][gc,heap     ] GC(913) Archive regions: 2->2
[2026-05-27T11:23:56.658+0530][37.914s][info][gc,heap     ] GC(913) Humongous regions: 0->0
[2026-05-27T11:23:56.658+0530][37.914s][info][gc,metaspace] GC(913) Metaspace: 1745K(2048K)->1745K(2048K) NonClass: 1568K(1728K)->1568K(1728K) Class: 177K(320K)->177K(320K)
[2026-05-27T11:23:56.658+0530][37.914s][info][gc          ] GC(913) Pause Young (Normal) (G1 Evacuation Pause) 316M->15M(512M) 0.893ms
[2026-05-27T11:23:56.658+0530][37.914s][info][gc,cpu      ] GC(913) User=0.01s Sys=0.01s Real=0.00s
[2026-05-27T11:23:56.702+0530][37.958s][info][gc,start    ] GC(914) Pause Young (Normal) (G1 Evacuation Pause)
[2026-05-27T11:23:56.702+0530][37.958s][info][gc,task     ] GC(914) Using 9 workers of 9 for evacuation
[2026-05-27T11:23:56.703+0530][37.959s][info][gc,phases   ] GC(914)   Pre Evacuate Collection Set: 0.08ms
[2026-05-27T11:23:56.703+0530][37.959s][info][gc,phases   ] GC(914)   Merge Heap Roots: 0.07ms
[2026-05-27T11:23:56.703+0530][37.959s][info][gc,phases   ] GC(914)   Evacuate Collection Set: 0.25ms
[2026-05-27T11:23:56.703+0530][37.959s][info][gc,phases   ] GC(914)   Post Evacuate Collection Set: 0.15ms
[2026-05-27T11:23:56.703+0530][37.959s][info][gc,phases   ] GC(914)   Other: 0.09ms
[2026-05-27T11:23:56.703+0530][37.959s][info][gc,heap     ] GC(914) Eden regions: 302->0(301)
[2026-05-27T11:23:56.703+0530][37.959s][info][gc,heap     ] GC(914) Survivor regions: 5->6(39)
[2026-05-27T11:23:56.703+0530][37.959s][info][gc,heap     ] GC(914) Old regions: 10->10
[2026-05-27T11:23:56.703+0530][37.959s][info][gc,heap     ] GC(914) Archive regions: 2->2
[2026-05-27T11:23:56.703+0530][37.959s][info][gc,heap     ] GC(914) Humongous regions: 0->0
[2026-05-27T11:23:56.703+0530][37.959s][info][gc,metaspace] GC(914) Metaspace: 1745K(2048K)->1745K(2048K) NonClass: 1568K(1728K)->1568K(1728K) Class: 177K(320K)->177K(320K)
[2026-05-27T11:23:56.703+0530][37.959s][info][gc          ] GC(914) Pause Young (Normal) (G1 Evacuation Pause) 316M->15M(512M) 0.712ms
[2026-05-27T11:23:56.703+0530][37.959s][info][gc,cpu      ] GC(914) User=0.00s Sys=0.00s Real=0.00s
[2026-05-27T11:23:56.744+0530][38.001s][info][gc,start    ] GC(915) Pause Young (Normal) (G1 Evacuation Pause)
[2026-05-27T11:23:56.745+0530][38.001s][info][gc,task     ] GC(915) Using 9 workers of 9 for evacuation
[2026-05-27T11:23:56.745+0530][38.001s][info][gc,phases   ] GC(915)   Pre Evacuate Collection Set: 0.05ms
[2026-05-27T11:23:56.745+0530][38.001s][info][gc,phases   ] GC(915)   Merge Heap Roots: 0.11ms
[2026-05-27T11:23:56.745+0530][38.001s][info][gc,phases   ] GC(915)   Evacuate Collection Set: 0.28ms
[2026-05-27T11:23:56.745+0530][38.001s][info][gc,phases   ] GC(915)   Post Evacuate Collection Set: 0.19ms
[2026-05-27T11:23:56.745+0530][38.001s][info][gc,phases   ] GC(915)   Other: 0.10ms
[2026-05-27T11:23:56.745+0530][38.001s][info][gc,heap     ] GC(915) Eden regions: 301->0(300)
[2026-05-27T11:23:56.745+0530][38.001s][info][gc,heap     ] GC(915) Survivor regions: 6->7(39)
[2026-05-27T11:23:56.745+0530][38.001s][info][gc,heap     ] GC(915) Old regions: 10->10
[2026-05-27T11:23:56.745+0530][38.001s][info][gc,heap     ] GC(915) Archive regions: 2->2
[2026-05-27T11:23:56.745+0530][38.001s][info][gc,heap     ] GC(915) Humongous regions: 0->0
[2026-05-27T11:23:56.745+0530][38.001s][info][gc,metaspace] GC(915) Metaspace: 1745K(2048K)->1745K(2048K) NonClass: 1568K(1728K)->1568K(1728K) Class: 177K(320K)->177K(320K)
[2026-05-27T11:23:56.745+0530][38.001s][info][gc          ] GC(915) Pause Young (Normal) (G1 Evacuation Pause) 316M->16M(512M) 0.781ms
[2026-05-27T11:23:56.745+0530][38.001s][info][gc,cpu      ] GC(915) User=0.00s Sys=0.00s Real=0.00s
[2026-05-27T11:23:56.789+0530][38.045s][info][gc,start    ] GC(916) Pause Young (Normal) (G1 Evacuation Pause)
[2026-05-27T11:23:56.789+0530][38.045s][info][gc,task     ] GC(916) Using 9 workers of 9 for evacuation
[2026-05-27T11:23:56.790+0530][38.046s][info][gc,phases   ] GC(916)   Pre Evacuate Collection Set: 0.07ms
[2026-05-27T11:23:56.790+0530][38.046s][info][gc,phases   ] GC(916)   Merge Heap Roots: 0.05ms
[2026-05-27T11:23:56.790+0530][38.046s][info][gc,phases   ] GC(916)   Evacuate Collection Set: 0.27ms
[2026-05-27T11:23:56.790+0530][38.046s][info][gc,phases   ] GC(916)   Post Evacuate Collection Set: 0.18ms
[2026-05-27T11:23:56.790+0530][38.046s][info][gc,phases   ] GC(916)   Other: 0.10ms
[2026-05-27T11:23:56.790+0530][38.046s][info][gc,heap     ] GC(916) Eden regions: 300->0(304)
[2026-05-27T11:23:56.790+0530][38.046s][info][gc,heap     ] GC(916) Survivor regions: 7->3(39)
[2026-05-27T11:23:56.790+0530][38.046s][info][gc,heap     ] GC(916) Old regions: 10->10
[2026-05-27T11:23:56.790+0530][38.046s][info][gc,heap     ] GC(916) Archive regions: 2->2
[2026-05-27T11:23:56.790+0530][38.046s][info][gc,heap     ] GC(916) Humongous regions: 0->0
[2026-05-27T11:23:56.790+0530][38.046s][info][gc,metaspace] GC(916) Metaspace: 1745K(2048K)->1745K(2048K) NonClass: 1568K(1728K)->1568K(1728K) Class: 177K(320K)->177K(320K)
[2026-05-27T11:23:56.790+0530][38.046s][info][gc          ] GC(916) Pause Young (Normal) (G1 Evacuation Pause) 316M->12M(512M) 0.756ms
[2026-05-27T11:23:56.790+0530][38.046s][info][gc,cpu      ] GC(916) User=0.00s Sys=0.00s Real=0.01s
[2026-05-27T11:23:56.833+0530][38.089s][info][gc,start    ] GC(917) Pause Young (Normal) (G1 Evacuation Pause)
[2026-05-27T11:23:56.833+0530][38.089s][info][gc,task     ] GC(917) Using 9 workers of 9 for evacuation
[2026-05-27T11:23:56.833+0530][38.089s][info][gc,phases   ] GC(917)   Pre Evacuate Collection Set: 0.08ms
[2026-05-27T11:23:56.833+0530][38.089s][info][gc,phases   ] GC(917)   Merge Heap Roots: 0.05ms
[2026-05-27T11:23:56.833+0530][38.089s][info][gc,phases   ] GC(917)   Evacuate Collection Set: 0.32ms
[2026-05-27T11:23:56.833+0530][38.089s][info][gc,phases   ] GC(917)   Post Evacuate Collection Set: 0.19ms
[2026-05-27T11:23:56.833+0530][38.089s][info][gc,phases   ] GC(917)   Other: 0.09ms
[2026-05-27T11:23:56.833+0530][38.089s][info][gc,heap     ] GC(917) Eden regions: 304->0(301)
[2026-05-27T11:23:56.833+0530][38.089s][info][gc,heap     ] GC(917) Survivor regions: 3->6(39)
[2026-05-27T11:23:56.833+0530][38.089s][info][gc,heap     ] GC(917) Old regions: 10->10
[2026-05-27T11:23:56.833+0530][38.089s][info][gc,heap     ] GC(917) Archive regions: 2->2
[2026-05-27T11:23:56.833+0530][38.089s][info][gc,heap     ] GC(917) Humongous regions: 0->0
[2026-05-27T11:23:56.833+0530][38.089s][info][gc,metaspace] GC(917) Metaspace: 1745K(2048K)->1745K(2048K) NonClass: 1568K(1728K)->1568K(1728K) Class: 177K(320K)->177K(320K)
[2026-05-27T11:23:56.833+0530][38.089s][info][gc          ] GC(917) Pause Young (Normal) (G1 Evacuation Pause) 316M->16M(512M) 0.791ms
[2026-05-27T11:23:56.833+0530][38.089s][info][gc,cpu      ] GC(917) User=0.00s Sys=0.00s Real=0.00s
[2026-05-27T11:23:56.876+0530][38.133s][info][gc,start    ] GC(918) Pause Young (Normal) (G1 Evacuation Pause)
[2026-05-27T11:23:56.877+0530][38.133s][info][gc,task     ] GC(918) Using 9 workers of 9 for evacuation
[2026-05-27T11:23:56.877+0530][38.134s][info][gc,phases   ] GC(918)   Pre Evacuate Collection Set: 0.09ms
[2026-05-27T11:23:56.878+0530][38.134s][info][gc,phases   ] GC(918)   Merge Heap Roots: 0.10ms
[2026-05-27T11:23:56.878+0530][38.134s][info][gc,phases   ] GC(918)   Evacuate Collection Set: 0.51ms
[2026-05-27T11:23:56.878+0530][38.134s][info][gc,phases   ] GC(918)   Post Evacuate Collection Set: 0.21ms
[2026-05-27T11:23:56.878+0530][38.134s][info][gc,phases   ] GC(918)   Other: 0.10ms
[2026-05-27T11:23:56.878+0530][38.134s][info][gc,heap     ] GC(918) Eden regions: 301->0(301)
[2026-05-27T11:23:56.878+0530][38.134s][info][gc,heap     ] GC(918) Survivor regions: 6->6(39)
[2026-05-27T11:23:56.878+0530][38.134s][info][gc,heap     ] GC(918) Old regions: 10->10
[2026-05-27T11:23:56.878+0530][38.134s][info][gc,heap     ] GC(918) Archive regions: 2->2
[2026-05-27T11:23:56.878+0530][38.134s][info][gc,heap     ] GC(918) Humongous regions: 0->0
[2026-05-27T11:23:56.878+0530][38.134s][info][gc,metaspace] GC(918) Metaspace: 1745K(2048K)->1745K(2048K) NonClass: 1568K(1728K)->1568K(1728K) Class: 177K(320K)->177K(320K)
[2026-05-27T11:23:56.878+0530][38.134s][info][gc          ] GC(918) Pause Young (Normal) (G1 Evacuation Pause) 316M->15M(512M) 1.115ms
[2026-05-27T11:23:56.878+0530][38.134s][info][gc,cpu      ] GC(918) User=0.00s Sys=0.00s Real=0.00s
[2026-05-27T11:23:56.918+0530][38.174s][info][gc,start    ] GC(919) Pause Young (Normal) (G1 Evacuation Pause)
[2026-05-27T11:23:56.918+0530][38.174s][info][gc,task     ] GC(919) Using 9 workers of 9 for evacuation
[2026-05-27T11:23:56.919+0530][38.175s][info][gc,phases   ] GC(919)   Pre Evacuate Collection Set: 0.09ms
[2026-05-27T11:23:56.919+0530][38.175s][info][gc,phases   ] GC(919)   Merge Heap Roots: 0.09ms
[2026-05-27T11:23:56.919+0530][38.175s][info][gc,phases   ] GC(919)   Evacuate Collection Set: 0.34ms
[2026-05-27T11:23:56.919+0530][38.175s][info][gc,phases   ] GC(919)   Post Evacuate Collection Set: 0.18ms
[2026-05-27T11:23:56.919+0530][38.175s][info][gc,phases   ] GC(919)   Other: 0.14ms
[2026-05-27T11:23:56.919+0530][38.175s][info][gc,heap     ] GC(919) Eden regions: 301->0(302)
[2026-05-27T11:23:56.919+0530][38.175s][info][gc,heap     ] GC(919) Survivor regions: 6->5(39)
[2026-05-27T11:23:56.919+0530][38.175s][info][gc,heap     ] GC(919) Old regions: 10->10
[2026-05-27T11:23:56.919+0530][38.175s][info][gc,heap     ] GC(919) Archive regions: 2->2
[2026-05-27T11:23:56.919+0530][38.175s][info][gc,heap     ] GC(919) Humongous regions: 0->0
[2026-05-27T11:23:56.919+0530][38.175s][info][gc,metaspace] GC(919) Metaspace: 1745K(2048K)->1745K(2048K) NonClass: 1568K(1728K)->1568K(1728K) Class: 177K(320K)->177K(320K)
[2026-05-27T11:23:56.919+0530][38.175s][info][gc          ] GC(919) Pause Young (Normal) (G1 Evacuation Pause) 316M->15M(512M) 0.909ms
[2026-05-27T11:23:56.919+0530][38.175s][info][gc,cpu      ] GC(919) User=0.00s Sys=0.00s Real=0.00s
[2026-05-27T11:23:56.962+0530][38.218s][info][gc,start    ] GC(920) Pause Young (Normal) (G1 Evacuation Pause)
[2026-05-27T11:23:56.962+0530][38.218s][info][gc,task     ] GC(920) Using 9 workers of 9 for evacuation
[2026-05-27T11:23:56.962+0530][38.219s][info][gc,phases   ] GC(920)   Pre Evacuate Collection Set: 0.08ms
[2026-05-27T11:23:56.962+0530][38.219s][info][gc,phases   ] GC(920)   Merge Heap Roots: 0.12ms
[2026-05-27T11:23:56.962+0530][38.219s][info][gc,phases   ] GC(920)   Evacuate Collection Set: 0.41ms
[2026-05-27T11:23:56.963+0530][38.219s][info][gc,phases   ] GC(920)   Post Evacuate Collection Set: 0.19ms
[2026-05-27T11:23:56.963+0530][38.219s][info][gc,phases   ] GC(920)   Other: 0.10ms
[2026-05-27T11:23:56.963+0530][38.219s][info][gc,heap     ] GC(920) Eden regions: 302->0(300)
[2026-05-27T11:23:56.963+0530][38.219s][info][gc,heap     ] GC(920) Survivor regions: 5->7(39)
[2026-05-27T11:23:56.963+0530][38.219s][info][gc,heap     ] GC(920) Old regions: 10->10
[2026-05-27T11:23:56.963+0530][38.219s][info][gc,heap     ] GC(920) Archive regions: 2->2
[2026-05-27T11:23:56.963+0530][38.219s][info][gc,heap     ] GC(920) Humongous regions: 9->0
[2026-05-27T11:23:56.963+0530][38.219s][info][gc,metaspace] GC(920) Metaspace: 1745K(2048K)->1745K(2048K) NonClass: 1568K(1728K)->1568K(1728K) Class: 177K(320K)->177K(320K)
[2026-05-27T11:23:56.963+0530][38.219s][info][gc          ] GC(920) Pause Young (Normal) (G1 Evacuation Pause) 325M->16M(512M) 0.997ms
[2026-05-27T11:23:56.963+0530][38.219s][info][gc,cpu      ] GC(920) User=0.00s Sys=0.00s Real=0.00s
[2026-05-27T11:23:57.006+0530][38.262s][info][gc,start    ] GC(921) Pause Young (Normal) (G1 Evacuation Pause)
[2026-05-27T11:23:57.006+0530][38.262s][info][gc,task     ] GC(921) Using 9 workers of 9 for evacuation
[2026-05-27T11:23:57.006+0530][38.263s][info][gc,phases   ] GC(921)   Pre Evacuate Collection Set: 0.10ms
[2026-05-27T11:23:57.006+0530][38.263s][info][gc,phases   ] GC(921)   Merge Heap Roots: 0.06ms
[2026-05-27T11:23:57.006+0530][38.263s][info][gc,phases   ] GC(921)   Evacuate Collection Set: 0.27ms
[2026-05-27T11:23:57.006+0530][38.263s][info][gc,phases   ] GC(921)   Post Evacuate Collection Set: 0.19ms
[2026-05-27T11:23:57.006+0530][38.263s][info][gc,phases   ] GC(921)   Other: 0.10ms
[2026-05-27T11:23:57.007+0530][38.263s][info][gc,heap     ] GC(921) Eden regions: 300->0(303)
[2026-05-27T11:23:57.007+0530][38.263s][info][gc,heap     ] GC(921) Survivor regions: 7->4(39)
[2026-05-27T11:23:57.007+0530][38.263s][info][gc,heap     ] GC(921) Old regions: 10->10
[2026-05-27T11:23:57.007+0530][38.263s][info][gc,heap     ] GC(921) Archive regions: 2->2
[2026-05-27T11:23:57.007+0530][38.263s][info][gc,heap     ] GC(921) Humongous regions: 0->0
[2026-05-27T11:23:57.007+0530][38.263s][info][gc,metaspace] GC(921) Metaspace: 1745K(2048K)->1745K(2048K) NonClass: 1568K(1728K)->1568K(1728K) Class: 177K(320K)->177K(320K)
[2026-05-27T11:23:57.007+0530][38.263s][info][gc          ] GC(921) Pause Young (Normal) (G1 Evacuation Pause) 316M->14M(512M) 0.799ms
[2026-05-27T11:23:57.007+0530][38.263s][info][gc,cpu      ] GC(921) User=0.00s Sys=0.00s Real=0.00s
[2026-05-27T11:23:57.048+0530][38.304s][info][gc,start    ] GC(922) Pause Young (Normal) (G1 Evacuation Pause)
[2026-05-27T11:23:57.048+0530][38.304s][info][gc,task     ] GC(922) Using 9 workers of 9 for evacuation
[2026-05-27T11:23:57.049+0530][38.305s][info][gc,phases   ] GC(922)   Pre Evacuate Collection Set: 0.10ms
[2026-05-27T11:23:57.049+0530][38.305s][info][gc,phases   ] GC(922)   Merge Heap Roots: 0.07ms
[2026-05-27T11:23:57.049+0530][38.305s][info][gc,phases   ] GC(922)   Evacuate Collection Set: 0.31ms
[2026-05-27T11:23:57.049+0530][38.305s][info][gc,phases   ] GC(922)   Post Evacuate Collection Set: 0.20ms
[2026-05-27T11:23:57.049+0530][38.305s][info][gc,phases   ] GC(922)   Other: 0.10ms
[2026-05-27T11:23:57.049+0530][38.305s][info][gc,heap     ] GC(922) Eden regions: 303->0(301)
[2026-05-27T11:23:57.049+0530][38.305s][info][gc,heap     ] GC(922) Survivor regions: 4->6(39)
[2026-05-27T11:23:57.049+0530][38.305s][info][gc,heap     ] GC(922) Old regions: 10->10
[2026-05-27T11:23:57.049+0530][38.305s][info][gc,heap     ] GC(922) Archive regions: 2->2
[2026-05-27T11:23:57.049+0530][38.305s][info][gc,heap     ] GC(922) Humongous regions: 0->0
[2026-05-27T11:23:57.049+0530][38.305s][info][gc,metaspace] GC(922) Metaspace: 1745K(2048K)->1745K(2048K) NonClass: 1568K(1728K)->1568K(1728K) Class: 177K(320K)->177K(320K)
[2026-05-27T11:23:57.049+0530][38.305s][info][gc          ] GC(922) Pause Young (Normal) (G1 Evacuation Pause) 316M->15M(512M) 0.870ms
[2026-05-27T11:23:57.049+0530][38.305s][info][gc,cpu      ] GC(922) User=0.00s Sys=0.00s Real=0.00s
[2026-05-27T11:23:57.090+0530][38.346s][info][gc,start    ] GC(923) Pause Young (Normal) (G1 Evacuation Pause)
[2026-05-27T11:23:57.090+0530][38.346s][info][gc,task     ] GC(923) Using 9 workers of 9 for evacuation
[2026-05-27T11:23:57.091+0530][38.347s][info][gc,phases   ] GC(923)   Pre Evacuate Collection Set: 0.07ms
[2026-05-27T11:23:57.091+0530][38.347s][info][gc,phases   ] GC(923)   Merge Heap Roots: 0.06ms
[2026-05-27T11:23:57.091+0530][38.347s][info][gc,phases   ] GC(923)   Evacuate Collection Set: 0.30ms
[2026-05-27T11:23:57.091+0530][38.347s][info][gc,phases   ] GC(923)   Post Evacuate Collection Set: 0.18ms
[2026-05-27T11:23:57.091+0530][38.347s][info][gc,phases   ] GC(923)   Other: 0.10ms
[2026-05-27T11:23:57.091+0530][38.347s][info][gc,heap     ] GC(923) Eden regions: 301->0(300)
[2026-05-27T11:23:57.091+0530][38.347s][info][gc,heap     ] GC(923) Survivor regions: 6->7(39)
[2026-05-27T11:23:57.091+0530][38.347s][info][gc,heap     ] GC(923) Old regions: 10->10
[2026-05-27T11:23:57.091+0530][38.347s][info][gc,heap     ] GC(923) Archive regions: 2->2
[2026-05-27T11:23:57.091+0530][38.347s][info][gc,heap     ] GC(923) Humongous regions: 0->0
[2026-05-27T11:23:57.091+0530][38.347s][info][gc,metaspace] GC(923) Metaspace: 1745K(2048K)->1745K(2048K) NonClass: 1568K(1728K)->1568K(1728K) Class: 177K(320K)->177K(320K)
[2026-05-27T11:23:57.091+0530][38.347s][info][gc          ] GC(923) Pause Young (Normal) (G1 Evacuation Pause) 316M->16M(512M) 0.776ms
[2026-05-27T11:23:57.091+0530][38.347s][info][gc,cpu      ] GC(923) User=0.00s Sys=0.00s Real=0.00s
[2026-05-27T11:23:57.135+0530][38.392s][info][gc,start    ] GC(924) Pause Young (Normal) (G1 Evacuation Pause)
[2026-05-27T11:23:57.135+0530][38.392s][info][gc,task     ] GC(924) Using 9 workers of 9 for evacuation
[2026-05-27T11:23:57.136+0530][38.392s][info][gc,phases   ] GC(924)   Pre Evacuate Collection Set: 0.05ms
[2026-05-27T11:23:57.136+0530][38.392s][info][gc,phases   ] GC(924)   Merge Heap Roots: 0.04ms
[2026-05-27T11:23:57.136+0530][38.392s][info][gc,phases   ] GC(924)   Evacuate Collection Set: 0.29ms
[2026-05-27T11:23:57.136+0530][38.392s][info][gc,phases   ] GC(924)   Post Evacuate Collection Set: 0.17ms
[2026-05-27T11:23:57.136+0530][38.392s][info][gc,phases   ] GC(924)   Other: 0.12ms
[2026-05-27T11:23:57.136+0530][38.392s][info][gc,heap     ] GC(924) Eden regions: 300->0(301)
[2026-05-27T11:23:57.136+0530][38.392s][info][gc,heap     ] GC(924) Survivor regions: 7->6(39)
[2026-05-27T11:23:57.136+0530][38.392s][info][gc,heap     ] GC(924) Old regions: 10->10
[2026-05-27T11:23:57.136+0530][38.392s][info][gc,heap     ] GC(924) Archive regions: 2->2
[2026-05-27T11:23:57.136+0530][38.392s][info][gc,heap     ] GC(924) Humongous regions: 0->0
[2026-05-27T11:23:57.136+0530][38.392s][info][gc,metaspace] GC(924) Metaspace: 1745K(2048K)->1745K(2048K) NonClass: 1568K(1728K)->1568K(1728K) Class: 177K(320K)->177K(320K)
[2026-05-27T11:23:57.136+0530][38.392s][info][gc          ] GC(924) Pause Young (Normal) (G1 Evacuation Pause) 316M->16M(512M) 0.742ms
[2026-05-27T11:23:57.136+0530][38.392s][info][gc,cpu      ] GC(924) User=0.00s Sys=0.00s Real=0.00s
[2026-05-27T11:23:57.183+0530][38.439s][info][gc,start    ] GC(925) Pause Young (Normal) (G1 Evacuation Pause)
[2026-05-27T11:23:57.183+0530][38.439s][info][gc,task     ] GC(925) Using 9 workers of 9 for evacuation
[2026-05-27T11:23:57.186+0530][38.442s][info][gc,phases   ] GC(925)   Pre Evacuate Collection Set: 1.34ms
[2026-05-27T11:23:57.186+0530][38.443s][info][gc,phases   ] GC(925)   Merge Heap Roots: 0.09ms
[2026-05-27T11:23:57.186+0530][38.443s][info][gc,phases   ] GC(925)   Evacuate Collection Set: 1.75ms
[2026-05-27T11:23:57.186+0530][38.443s][info][gc,phases   ] GC(925)   Post Evacuate Collection Set: 0.22ms
[2026-05-27T11:23:57.186+0530][38.443s][info][gc,phases   ] GC(925)   Other: 0.34ms
[2026-05-27T11:23:57.186+0530][38.443s][info][gc,heap     ] GC(925) Eden regions: 301->0(300)
[2026-05-27T11:23:57.186+0530][38.443s][info][gc,heap     ] GC(925) Survivor regions: 6->7(39)
[2026-05-27T11:23:57.186+0530][38.443s][info][gc,heap     ] GC(925) Old regions: 10->10
[2026-05-27T11:23:57.186+0530][38.443s][info][gc,heap     ] GC(925) Archive regions: 2->2
[2026-05-27T11:23:57.186+0530][38.443s][info][gc,heap     ] GC(925) Humongous regions: 0->0
[2026-05-27T11:23:57.186+0530][38.443s][info][gc,metaspace] GC(925) Metaspace: 1745K(2048K)->1745K(2048K) NonClass: 1568K(1728K)->1568K(1728K) Class: 177K(320K)->177K(320K)
[2026-05-27T11:23:57.186+0530][38.443s][info][gc          ] GC(925) Pause Young (Normal) (G1 Evacuation Pause) 316M->16M(512M) 3.816ms
[2026-05-27T11:23:57.187+0530][38.443s][info][gc,cpu      ] GC(925) User=0.00s Sys=0.00s Real=0.00s
[2026-05-27T11:23:57.229+0530][38.485s][info][gc,start    ] GC(926) Pause Young (Normal) (G1 Evacuation Pause)
[2026-05-27T11:23:57.229+0530][38.485s][info][gc,task     ] GC(926) Using 9 workers of 9 for evacuation
[2026-05-27T11:23:57.230+0530][38.486s][info][gc,phases   ] GC(926)   Pre Evacuate Collection Set: 0.05ms
[2026-05-27T11:23:57.230+0530][38.486s][info][gc,phases   ] GC(926)   Merge Heap Roots: 0.07ms
[2026-05-27T11:23:57.230+0530][38.486s][info][gc,phases   ] GC(926)   Evacuate Collection Set: 0.37ms
[2026-05-27T11:23:57.230+0530][38.486s][info][gc,phases   ] GC(926)   Post Evacuate Collection Set: 0.17ms
[2026-05-27T11:23:57.230+0530][38.486s][info][gc,phases   ] GC(926)   Other: 0.10ms
[2026-05-27T11:23:57.230+0530][38.486s][info][gc,heap     ] GC(926) Eden regions: 300->0(304)
[2026-05-27T11:23:57.230+0530][38.486s][info][gc,heap     ] GC(926) Survivor regions: 7->3(39)
[2026-05-27T11:23:57.230+0530][38.486s][info][gc,heap     ] GC(926) Old regions: 10->10
[2026-05-27T11:23:57.230+0530][38.486s][info][gc,heap     ] GC(926) Archive regions: 2->2
[2026-05-27T11:23:57.230+0530][38.486s][info][gc,heap     ] GC(926) Humongous regions: 9->0
[2026-05-27T11:23:57.230+0530][38.486s][info][gc,metaspace] GC(926) Metaspace: 1745K(2048K)->1745K(2048K) NonClass: 1568K(1728K)->1568K(1728K) Class: 177K(320K)->177K(320K)
[2026-05-27T11:23:57.230+0530][38.486s][info][gc          ] GC(926) Pause Young (Normal) (G1 Evacuation Pause) 325M->13M(512M) 0.861ms
[2026-05-27T11:23:57.230+0530][38.486s][info][gc,cpu      ] GC(926) User=0.00s Sys=0.00s Real=0.01s
[2026-05-27T11:23:57.269+0530][38.525s][info][gc,start    ] GC(927) Pause Young (Normal) (G1 Evacuation Pause)
[2026-05-27T11:23:57.269+0530][38.525s][info][gc,task     ] GC(927) Using 9 workers of 9 for evacuation
[2026-05-27T11:23:57.270+0530][38.526s][info][gc,phases   ] GC(927)   Pre Evacuate Collection Set: 0.06ms
[2026-05-27T11:23:57.270+0530][38.526s][info][gc,phases   ] GC(927)   Merge Heap Roots: 0.05ms
[2026-05-27T11:23:57.270+0530][38.526s][info][gc,phases   ] GC(927)   Evacuate Collection Set: 0.28ms
[2026-05-27T11:23:57.270+0530][38.526s][info][gc,phases   ] GC(927)   Post Evacuate Collection Set: 0.16ms
[2026-05-27T11:23:57.270+0530][38.526s][info][gc,phases   ] GC(927)   Other: 0.11ms
[2026-05-27T11:23:57.270+0530][38.526s][info][gc,heap     ] GC(927) Eden regions: 304->0(299)
[2026-05-27T11:23:57.270+0530][38.526s][info][gc,heap     ] GC(927) Survivor regions: 3->8(39)
[2026-05-27T11:23:57.270+0530][38.526s][info][gc,heap     ] GC(927) Old regions: 10->10
[2026-05-27T11:23:57.270+0530][38.526s][info][gc,heap     ] GC(927) Archive regions: 2->2
[2026-05-27T11:23:57.270+0530][38.526s][info][gc,heap     ] GC(927) Humongous regions: 0->0
[2026-05-27T11:23:57.270+0530][38.526s][info][gc,metaspace] GC(927) Metaspace: 1745K(2048K)->1745K(2048K) NonClass: 1568K(1728K)->1568K(1728K) Class: 177K(320K)->177K(320K)
[2026-05-27T11:23:57.270+0530][38.526s][info][gc          ] GC(927) Pause Young (Normal) (G1 Evacuation Pause) 316M->17M(512M) 0.741ms
[2026-05-27T11:23:57.270+0530][38.526s][info][gc,cpu      ] GC(927) User=0.01s Sys=0.01s Real=0.01s
[2026-05-27T11:23:57.310+0530][38.567s][info][gc,start    ] GC(928) Pause Young (Normal) (G1 Evacuation Pause)
[2026-05-27T11:23:57.311+0530][38.567s][info][gc,task     ] GC(928) Using 9 workers of 9 for evacuation
[2026-05-27T11:23:57.311+0530][38.567s][info][gc,phases   ] GC(928)   Pre Evacuate Collection Set: 0.08ms
[2026-05-27T11:23:57.311+0530][38.567s][info][gc,phases   ] GC(928)   Merge Heap Roots: 0.05ms
[2026-05-27T11:23:57.311+0530][38.567s][info][gc,phases   ] GC(928)   Evacuate Collection Set: 0.32ms
[2026-05-27T11:23:57.311+0530][38.567s][info][gc,phases   ] GC(928)   Post Evacuate Collection Set: 0.20ms
[2026-05-27T11:23:57.311+0530][38.567s][info][gc,phases   ] GC(928)   Other: 0.11ms
[2026-05-27T11:23:57.311+0530][38.567s][info][gc,heap     ] GC(928) Eden regions: 299->0(301)
[2026-05-27T11:23:57.311+0530][38.567s][info][gc,heap     ] GC(928) Survivor regions: 8->6(39)
[2026-05-27T11:23:57.311+0530][38.567s][info][gc,heap     ] GC(928) Old regions: 10->10
[2026-05-27T11:23:57.311+0530][38.567s][info][gc,heap     ] GC(928) Archive regions: 2->2
[2026-05-27T11:23:57.311+0530][38.567s][info][gc,heap     ] GC(928) Humongous regions: 0->0
[2026-05-27T11:23:57.311+0530][38.567s][info][gc,metaspace] GC(928) Metaspace: 1745K(2048K)->1745K(2048K) NonClass: 1568K(1728K)->1568K(1728K) Class: 177K(320K)->177K(320K)
[2026-05-27T11:23:57.311+0530][38.567s][info][gc          ] GC(928) Pause Young (Normal) (G1 Evacuation Pause) 316M->15M(512M) 0.860ms
[2026-05-27T11:23:57.311+0530][38.567s][info][gc,cpu      ] GC(928) User=0.00s Sys=0.00s Real=0.00s
[2026-05-27T11:23:57.353+0530][38.609s][info][gc,start    ] GC(929) Pause Young (Normal) (G1 Evacuation Pause)
[2026-05-27T11:23:57.353+0530][38.609s][info][gc,task     ] GC(929) Using 9 workers of 9 for evacuation
[2026-05-27T11:23:57.354+0530][38.610s][info][gc,phases   ] GC(929)   Pre Evacuate Collection Set: 0.10ms
[2026-05-27T11:23:57.354+0530][38.610s][info][gc,phases   ] GC(929)   Merge Heap Roots: 0.08ms
[2026-05-27T11:23:57.354+0530][38.610s][info][gc,phases   ] GC(929)   Evacuate Collection Set: 0.29ms
[2026-05-27T11:23:57.354+0530][38.610s][info][gc,phases   ] GC(929)   Post Evacuate Collection Set: 0.18ms
[2026-05-27T11:23:57.354+0530][38.610s][info][gc,phases   ] GC(929)   Other: 0.10ms
[2026-05-27T11:23:57.354+0530][38.610s][info][gc,heap     ] GC(929) Eden regions: 301->0(302)
[2026-05-27T11:23:57.354+0530][38.610s][info][gc,heap     ] GC(929) Survivor regions: 6->5(39)
[2026-05-27T11:23:57.354+0530][38.610s][info][gc,heap     ] GC(929) Old regions: 10->10
[2026-05-27T11:23:57.354+0530][38.610s][info][gc,heap     ] GC(929) Archive regions: 2->2
[2026-05-27T11:23:57.354+0530][38.610s][info][gc,heap     ] GC(929) Humongous regions: 0->0
[2026-05-27T11:23:57.354+0530][38.610s][info][gc,metaspace] GC(929) Metaspace: 1745K(2048K)->1745K(2048K) NonClass: 1568K(1728K)->1568K(1728K) Class: 177K(320K)->177K(320K)
[2026-05-27T11:23:57.354+0530][38.610s][info][gc          ] GC(929) Pause Young (Normal) (G1 Evacuation Pause) 316M->14M(512M) 0.841ms
[2026-05-27T11:23:57.354+0530][38.610s][info][gc,cpu      ] GC(929) User=0.00s Sys=0.00s Real=0.00s
[2026-05-27T11:23:57.395+0530][38.651s][info][gc,start    ] GC(930) Pause Young (Normal) (G1 Evacuation Pause)
[2026-05-27T11:23:57.395+0530][38.651s][info][gc,task     ] GC(930) Using 9 workers of 9 for evacuation
[2026-05-27T11:23:57.395+0530][38.652s][info][gc,phases   ] GC(930)   Pre Evacuate Collection Set: 0.07ms
[2026-05-27T11:23:57.396+0530][38.652s][info][gc,phases   ] GC(930)   Merge Heap Roots: 0.06ms
[2026-05-27T11:23:57.396+0530][38.652s][info][gc,phases   ] GC(930)   Evacuate Collection Set: 0.33ms
[2026-05-27T11:23:57.396+0530][38.652s][info][gc,phases   ] GC(930)   Post Evacuate Collection Set: 0.18ms
[2026-05-27T11:23:57.396+0530][38.652s][info][gc,phases   ] GC(930)   Other: 0.10ms
[2026-05-27T11:23:57.396+0530][38.652s][info][gc,heap     ] GC(930) Eden regions: 302->0(303)
[2026-05-27T11:23:57.396+0530][38.652s][info][gc,heap     ] GC(930) Survivor regions: 5->4(39)
[2026-05-27T11:23:57.396+0530][38.652s][info][gc,heap     ] GC(930) Old regions: 10->10
[2026-05-27T11:23:57.396+0530][38.652s][info][gc,heap     ] GC(930) Archive regions: 2->2
[2026-05-27T11:23:57.396+0530][38.652s][info][gc,heap     ] GC(930) Humongous regions: 0->0
[2026-05-27T11:23:57.396+0530][38.652s][info][gc,metaspace] GC(930) Metaspace: 1745K(2048K)->1745K(2048K) NonClass: 1568K(1728K)->1568K(1728K) Class: 177K(320K)->177K(320K)
[2026-05-27T11:23:57.396+0530][38.652s][info][gc          ] GC(930) Pause Young (Normal) (G1 Evacuation Pause) 316M->14M(512M) 0.821ms
[2026-05-27T11:23:57.396+0530][38.652s][info][gc,cpu      ] GC(930) User=0.00s Sys=0.00s Real=0.00s
[2026-05-27T11:23:57.436+0530][38.692s][info][gc,start    ] GC(931) Pause Young (Normal) (G1 Evacuation Pause)
[2026-05-27T11:23:57.436+0530][38.692s][info][gc,task     ] GC(931) Using 9 workers of 9 for evacuation
[2026-05-27T11:23:57.437+0530][38.693s][info][gc,phases   ] GC(931)   Pre Evacuate Collection Set: 0.09ms
[2026-05-27T11:23:57.437+0530][38.693s][info][gc,phases   ] GC(931)   Merge Heap Roots: 0.10ms
[2026-05-27T11:23:57.437+0530][38.693s][info][gc,phases   ] GC(931)   Evacuate Collection Set: 0.33ms
[2026-05-27T11:23:57.437+0530][38.693s][info][gc,phases   ] GC(931)   Post Evacuate Collection Set: 0.18ms
[2026-05-27T11:23:57.437+0530][38.693s][info][gc,phases   ] GC(931)   Other: 0.11ms
[2026-05-27T11:23:57.437+0530][38.693s][info][gc,heap     ] GC(931) Eden regions: 303->0(300)
[2026-05-27T11:23:57.437+0530][38.693s][info][gc,heap     ] GC(931) Survivor regions: 4->7(39)
[2026-05-27T11:23:57.437+0530][38.693s][info][gc,heap     ] GC(931) Old regions: 10->10
[2026-05-27T11:23:57.437+0530][38.693s][info][gc,heap     ] GC(931) Archive regions: 2->2
[2026-05-27T11:23:57.437+0530][38.693s][info][gc,heap     ] GC(931) Humongous regions: 0->0
[2026-05-27T11:23:57.437+0530][38.693s][info][gc,metaspace] GC(931) Metaspace: 1745K(2048K)->1745K(2048K) NonClass: 1568K(1728K)->1568K(1728K) Class: 177K(320K)->177K(320K)
[2026-05-27T11:23:57.437+0530][38.693s][info][gc          ] GC(931) Pause Young (Normal) (G1 Evacuation Pause) 316M->16M(512M) 0.915ms
[2026-05-27T11:23:57.437+0530][38.693s][info][gc,cpu      ] GC(931) User=0.00s Sys=0.01s Real=0.00s
[2026-05-27T11:23:57.476+0530][38.732s][info][gc,start    ] GC(932) Pause Young (Normal) (G1 Evacuation Pause)
[2026-05-27T11:23:57.476+0530][38.732s][info][gc,task     ] GC(932) Using 9 workers of 9 for evacuation
[2026-05-27T11:23:57.476+0530][38.733s][info][gc,phases   ] GC(932)   Pre Evacuate Collection Set: 0.06ms
[2026-05-27T11:23:57.477+0530][38.733s][info][gc,phases   ] GC(932)   Merge Heap Roots: 0.06ms
[2026-05-27T11:23:57.477+0530][38.733s][info][gc,phases   ] GC(932)   Evacuate Collection Set: 0.28ms
[2026-05-27T11:23:57.477+0530][38.733s][info][gc,phases   ] GC(932)   Post Evacuate Collection Set: 0.19ms
[2026-05-27T11:23:57.477+0530][38.733s][info][gc,phases   ] GC(932)   Other: 0.09ms
[2026-05-27T11:23:57.477+0530][38.733s][info][gc,heap     ] GC(932) Eden regions: 300->0(301)
[2026-05-27T11:23:57.477+0530][38.733s][info][gc,heap     ] GC(932) Survivor regions: 7->6(39)
[2026-05-27T11:23:57.477+0530][38.733s][info][gc,heap     ] GC(932) Old regions: 10->10
[2026-05-27T11:23:57.477+0530][38.733s][info][gc,heap     ] GC(932) Archive regions: 2->2
[2026-05-27T11:23:57.477+0530][38.733s][info][gc,heap     ] GC(932) Humongous regions: 9->0
[2026-05-27T11:23:57.477+0530][38.733s][info][gc,metaspace] GC(932) Metaspace: 1745K(2048K)->1745K(2048K) NonClass: 1568K(1728K)->1568K(1728K) Class: 177K(320K)->177K(320K)
[2026-05-27T11:23:57.477+0530][38.733s][info][gc          ] GC(932) Pause Young (Normal) (G1 Evacuation Pause) 325M->15M(512M) 0.768ms
[2026-05-27T11:23:57.477+0530][38.733s][info][gc,cpu      ] GC(932) User=0.00s Sys=0.00s Real=0.00s
[2026-05-27T11:23:57.517+0530][38.773s][info][gc,start    ] GC(933) Pause Young (Normal) (G1 Evacuation Pause)
[2026-05-27T11:23:57.517+0530][38.773s][info][gc,task     ] GC(933) Using 9 workers of 9 for evacuation
[2026-05-27T11:23:57.518+0530][38.774s][info][gc,phases   ] GC(933)   Pre Evacuate Collection Set: 0.06ms
[2026-05-27T11:23:57.518+0530][38.774s][info][gc,phases   ] GC(933)   Merge Heap Roots: 0.03ms
[2026-05-27T11:23:57.518+0530][38.774s][info][gc,phases   ] GC(933)   Evacuate Collection Set: 0.35ms
[2026-05-27T11:23:57.518+0530][38.774s][info][gc,phases   ] GC(933)   Post Evacuate Collection Set: 0.21ms
[2026-05-27T11:23:57.518+0530][38.774s][info][gc,phases   ] GC(933)   Other: 0.14ms
[2026-05-27T11:23:57.518+0530][38.774s][info][gc,heap     ] GC(933) Eden regions: 301->0(300)
[2026-05-27T11:23:57.518+0530][38.774s][info][gc,heap     ] GC(933) Survivor regions: 6->7(39)
[2026-05-27T11:23:57.518+0530][38.774s][info][gc,heap     ] GC(933) Old regions: 10->10
[2026-05-27T11:23:57.518+0530][38.774s][info][gc,heap     ] GC(933) Archive regions: 2->2
[2026-05-27T11:23:57.518+0530][38.774s][info][gc,heap     ] GC(933) Humongous regions: 0->0
[2026-05-27T11:23:57.518+0530][38.774s][info][gc,metaspace] GC(933) Metaspace: 1745K(2048K)->1745K(2048K) NonClass: 1568K(1728K)->1568K(1728K) Class: 177K(320K)->177K(320K)
[2026-05-27T11:23:57.518+0530][38.774s][info][gc          ] GC(933) Pause Young (Normal) (G1 Evacuation Pause) 316M->16M(512M) 0.874ms
[2026-05-27T11:23:57.518+0530][38.774s][info][gc,cpu      ] GC(933) User=0.00s Sys=0.00s Real=0.00s
[2026-05-27T11:23:57.556+0530][38.812s][info][gc,start    ] GC(934) Pause Young (Normal) (G1 Evacuation Pause)
[2026-05-27T11:23:57.556+0530][38.813s][info][gc,task     ] GC(934) Using 9 workers of 9 for evacuation
[2026-05-27T11:23:57.557+0530][38.813s][info][gc,phases   ] GC(934)   Pre Evacuate Collection Set: 0.08ms
[2026-05-27T11:23:57.557+0530][38.813s][info][gc,phases   ] GC(934)   Merge Heap Roots: 0.05ms
[2026-05-27T11:23:57.557+0530][38.813s][info][gc,phases   ] GC(934)   Evacuate Collection Set: 0.35ms
[2026-05-27T11:23:57.557+0530][38.813s][info][gc,phases   ] GC(934)   Post Evacuate Collection Set: 0.20ms
[2026-05-27T11:23:57.557+0530][38.813s][info][gc,phases   ] GC(934)   Other: 0.11ms
[2026-05-27T11:23:57.557+0530][38.813s][info][gc,heap     ] GC(934) Eden regions: 300->0(295)
[2026-05-27T11:23:57.557+0530][38.813s][info][gc,heap     ] GC(934) Survivor regions: 7->12(39)
[2026-05-27T11:23:57.557+0530][38.813s][info][gc,heap     ] GC(934) Old regions: 10->10
[2026-05-27T11:23:57.557+0530][38.813s][info][gc,heap     ] GC(934) Archive regions: 2->2
[2026-05-27T11:23:57.557+0530][38.813s][info][gc,heap     ] GC(934) Humongous regions: 9->0
[2026-05-27T11:23:57.557+0530][38.813s][info][gc,metaspace] GC(934) Metaspace: 1745K(2048K)->1745K(2048K) NonClass: 1568K(1728K)->1568K(1728K) Class: 177K(320K)->177K(320K)
[2026-05-27T11:23:57.557+0530][38.813s][info][gc          ] GC(934) Pause Young (Normal) (G1 Evacuation Pause) 325M->21M(512M) 0.891ms
[2026-05-27T11:23:57.557+0530][38.813s][info][gc,cpu      ] GC(934) User=0.01s Sys=0.00s Real=0.00s
[2026-05-27T11:23:57.597+0530][38.854s][info][gc,start    ] GC(935) Pause Young (Normal) (G1 Evacuation Pause)
[2026-05-27T11:23:57.598+0530][38.854s][info][gc,task     ] GC(935) Using 9 workers of 9 for evacuation
[2026-05-27T11:23:57.598+0530][38.854s][info][gc,phases   ] GC(935)   Pre Evacuate Collection Set: 0.06ms
[2026-05-27T11:23:57.598+0530][38.854s][info][gc,phases   ] GC(935)   Merge Heap Roots: 0.04ms
[2026-05-27T11:23:57.598+0530][38.854s][info][gc,phases   ] GC(935)   Evacuate Collection Set: 0.31ms
[2026-05-27T11:23:57.598+0530][38.854s][info][gc,phases   ] GC(935)   Post Evacuate Collection Set: 0.24ms
[2026-05-27T11:23:57.598+0530][38.854s][info][gc,phases   ] GC(935)   Other: 0.12ms
[2026-05-27T11:23:57.598+0530][38.854s][info][gc,heap     ] GC(935) Eden regions: 295->0(302)
[2026-05-27T11:23:57.598+0530][38.854s][info][gc,heap     ] GC(935) Survivor regions: 12->5(39)
[2026-05-27T11:23:57.598+0530][38.854s][info][gc,heap     ] GC(935) Old regions: 10->10
[2026-05-27T11:23:57.598+0530][38.854s][info][gc,heap     ] GC(935) Archive regions: 2->2
[2026-05-27T11:23:57.598+0530][38.854s][info][gc,heap     ] GC(935) Humongous regions: 0->0
[2026-05-27T11:23:57.598+0530][38.854s][info][gc,metaspace] GC(935) Metaspace: 1745K(2048K)->1745K(2048K) NonClass: 1568K(1728K)->1568K(1728K) Class: 177K(320K)->177K(320K)
[2026-05-27T11:23:57.598+0530][38.854s][info][gc          ] GC(935) Pause Young (Normal) (G1 Evacuation Pause) 316M->14M(512M) 0.837ms
[2026-05-27T11:23:57.598+0530][38.854s][info][gc,cpu      ] GC(935) User=0.00s Sys=0.00s Real=0.00s
[2026-05-27T11:23:57.637+0530][38.893s][info][gc,start    ] GC(936) Pause Young (Normal) (G1 Evacuation Pause)
[2026-05-27T11:23:57.637+0530][38.893s][info][gc,task     ] GC(936) Using 9 workers of 9 for evacuation
[2026-05-27T11:23:57.638+0530][38.894s][info][gc,phases   ] GC(936)   Pre Evacuate Collection Set: 0.09ms
[2026-05-27T11:23:57.638+0530][38.894s][info][gc,phases   ] GC(936)   Merge Heap Roots: 0.03ms
[2026-05-27T11:23:57.638+0530][38.894s][info][gc,phases   ] GC(936)   Evacuate Collection Set: 0.35ms
[2026-05-27T11:23:57.638+0530][38.894s][info][gc,phases   ] GC(936)   Post Evacuate Collection Set: 0.19ms
[2026-05-27T11:23:57.638+0530][38.894s][info][gc,phases   ] GC(936)   Other: 0.11ms
[2026-05-27T11:23:57.638+0530][38.894s][info][gc,heap     ] GC(936) Eden regions: 302->0(300)
[2026-05-27T11:23:57.638+0530][38.894s][info][gc,heap     ] GC(936) Survivor regions: 5->7(39)
[2026-05-27T11:23:57.638+0530][38.894s][info][gc,heap     ] GC(936) Old regions: 10->10
[2026-05-27T11:23:57.638+0530][38.894s][info][gc,heap     ] GC(936) Archive regions: 2->2
[2026-05-27T11:23:57.638+0530][38.894s][info][gc,heap     ] GC(936) Humongous regions: 0->0
[2026-05-27T11:23:57.638+0530][38.894s][info][gc,metaspace] GC(936) Metaspace: 1745K(2048K)->1745K(2048K) NonClass: 1568K(1728K)->1568K(1728K) Class: 177K(320K)->177K(320K)
[2026-05-27T11:23:57.638+0530][38.894s][info][gc          ] GC(936) Pause Young (Normal) (G1 Evacuation Pause) 316M->16M(512M) 0.865ms
[2026-05-27T11:23:57.638+0530][38.894s][info][gc,cpu      ] GC(936) User=0.00s Sys=0.00s Real=0.00s
[2026-05-27T11:23:57.678+0530][38.934s][info][gc,start    ] GC(937) Pause Young (Normal) (G1 Evacuation Pause)
[2026-05-27T11:23:57.678+0530][38.934s][info][gc,task     ] GC(937) Using 9 workers of 9 for evacuation
[2026-05-27T11:23:57.679+0530][38.935s][info][gc,phases   ] GC(937)   Pre Evacuate Collection Set: 0.06ms
[2026-05-27T11:23:57.679+0530][38.935s][info][gc,phases   ] GC(937)   Merge Heap Roots: 0.10ms
[2026-05-27T11:23:57.679+0530][38.935s][info][gc,phases   ] GC(937)   Evacuate Collection Set: 0.32ms
[2026-05-27T11:23:57.679+0530][38.935s][info][gc,phases   ] GC(937)   Post Evacuate Collection Set: 0.17ms
[2026-05-27T11:23:57.679+0530][38.935s][info][gc,phases   ] GC(937)   Other: 0.11ms
[2026-05-27T11:23:57.679+0530][38.935s][info][gc,heap     ] GC(937) Eden regions: 300->0(303)
[2026-05-27T11:23:57.679+0530][38.935s][info][gc,heap     ] GC(937) Survivor regions: 7->4(39)
[2026-05-27T11:23:57.679+0530][38.935s][info][gc,heap     ] GC(937) Old regions: 10->10
[2026-05-27T11:23:57.679+0530][38.935s][info][gc,heap     ] GC(937) Archive regions: 2->2
[2026-05-27T11:23:57.679+0530][38.935s][info][gc,heap     ] GC(937) Humongous regions: 9->0
[2026-05-27T11:23:57.679+0530][38.935s][info][gc,metaspace] GC(937) Metaspace: 1745K(2048K)->1745K(2048K) NonClass: 1568K(1728K)->1568K(1728K) Class: 177K(320K)->177K(320K)
[2026-05-27T11:23:57.679+0530][38.935s][info][gc          ] GC(937) Pause Young (Normal) (G1 Evacuation Pause) 325M->13M(512M) 0.822ms
[2026-05-27T11:23:57.679+0530][38.935s][info][gc,cpu      ] GC(937) User=0.01s Sys=0.00s Real=0.00s
[2026-05-27T11:23:57.719+0530][38.975s][info][gc,start    ] GC(938) Pause Young (Normal) (G1 Evacuation Pause)
[2026-05-27T11:23:57.719+0530][38.975s][info][gc,task     ] GC(938) Using 9 workers of 9 for evacuation
[2026-05-27T11:23:57.720+0530][38.976s][info][gc,phases   ] GC(938)   Pre Evacuate Collection Set: 0.05ms
[2026-05-27T11:23:57.720+0530][38.976s][info][gc,phases   ] GC(938)   Merge Heap Roots: 0.05ms
[2026-05-27T11:23:57.720+0530][38.976s][info][gc,phases   ] GC(938)   Evacuate Collection Set: 0.40ms
[2026-05-27T11:23:57.720+0530][38.976s][info][gc,phases   ] GC(938)   Post Evacuate Collection Set: 0.20ms
[2026-05-27T11:23:57.720+0530][38.976s][info][gc,phases   ] GC(938)   Other: 0.15ms
[2026-05-27T11:23:57.720+0530][38.976s][info][gc,heap     ] GC(938) Eden regions: 303->0(304)
[2026-05-27T11:23:57.720+0530][38.976s][info][gc,heap     ] GC(938) Survivor regions: 4->3(39)
[2026-05-27T11:23:57.720+0530][38.976s][info][gc,heap     ] GC(938) Old regions: 10->10
[2026-05-27T11:23:57.720+0530][38.976s][info][gc,heap     ] GC(938) Archive regions: 2->2
[2026-05-27T11:23:57.720+0530][38.976s][info][gc,heap     ] GC(938) Humongous regions: 0->0
[2026-05-27T11:23:57.720+0530][38.976s][info][gc,metaspace] GC(938) Metaspace: 1745K(2048K)->1745K(2048K) NonClass: 1568K(1728K)->1568K(1728K) Class: 177K(320K)->177K(320K)
[2026-05-27T11:23:57.720+0530][38.976s][info][gc          ] GC(938) Pause Young (Normal) (G1 Evacuation Pause) 316M->12M(512M) 0.923ms
[2026-05-27T11:23:57.720+0530][38.976s][info][gc,cpu      ] GC(938) User=0.00s Sys=0.00s Real=0.01s
[2026-05-27T11:23:57.761+0530][39.017s][info][gc,start    ] GC(939) Pause Young (Normal) (G1 Evacuation Pause)
[2026-05-27T11:23:57.761+0530][39.017s][info][gc,task     ] GC(939) Using 9 workers of 9 for evacuation
[2026-05-27T11:23:57.761+0530][39.017s][info][gc,phases   ] GC(939)   Pre Evacuate Collection Set: 0.07ms
[2026-05-27T11:23:57.761+0530][39.017s][info][gc,phases   ] GC(939)   Merge Heap Roots: 0.04ms
[2026-05-27T11:23:57.761+0530][39.017s][info][gc,phases   ] GC(939)   Evacuate Collection Set: 0.26ms
[2026-05-27T11:23:57.761+0530][39.017s][info][gc,phases   ] GC(939)   Post Evacuate Collection Set: 0.18ms
[2026-05-27T11:23:57.761+0530][39.017s][info][gc,phases   ] GC(939)   Other: 0.10ms
[2026-05-27T11:23:57.761+0530][39.018s][info][gc,heap     ] GC(939) Eden regions: 304->0(301)
[2026-05-27T11:23:57.761+0530][39.018s][info][gc,heap     ] GC(939) Survivor regions: 3->6(39)
[2026-05-27T11:23:57.761+0530][39.018s][info][gc,heap     ] GC(939) Old regions: 10->10
[2026-05-27T11:23:57.761+0530][39.018s][info][gc,heap     ] GC(939) Archive regions: 2->2
[2026-05-27T11:23:57.761+0530][39.018s][info][gc,heap     ] GC(939) Humongous regions: 0->0
[2026-05-27T11:23:57.761+0530][39.018s][info][gc,metaspace] GC(939) Metaspace: 1745K(2048K)->1745K(2048K) NonClass: 1568K(1728K)->1568K(1728K) Class: 177K(320K)->177K(320K)
[2026-05-27T11:23:57.761+0530][39.018s][info][gc          ] GC(939) Pause Young (Normal) (G1 Evacuation Pause) 316M->16M(512M) 0.756ms
[2026-05-27T11:23:57.761+0530][39.018s][info][gc,cpu      ] GC(939) User=0.00s Sys=0.00s Real=0.00s
[2026-05-27T11:23:57.802+0530][39.058s][info][gc,start    ] GC(940) Pause Young (Normal) (G1 Evacuation Pause)
[2026-05-27T11:23:57.802+0530][39.058s][info][gc,task     ] GC(940) Using 9 workers of 9 for evacuation
[2026-05-27T11:23:57.802+0530][39.058s][info][gc,phases   ] GC(940)   Pre Evacuate Collection Set: 0.05ms
[2026-05-27T11:23:57.802+0530][39.058s][info][gc,phases   ] GC(940)   Merge Heap Roots: 0.08ms
[2026-05-27T11:23:57.802+0530][39.058s][info][gc,phases   ] GC(940)   Evacuate Collection Set: 0.24ms
[2026-05-27T11:23:57.802+0530][39.058s][info][gc,phases   ] GC(940)   Post Evacuate Collection Set: 0.18ms
[2026-05-27T11:23:57.802+0530][39.058s][info][gc,phases   ] GC(940)   Other: 0.11ms
[2026-05-27T11:23:57.802+0530][39.058s][info][gc,heap     ] GC(940) Eden regions: 301->0(301)
[2026-05-27T11:23:57.802+0530][39.058s][info][gc,heap     ] GC(940) Survivor regions: 6->6(39)
[2026-05-27T11:23:57.802+0530][39.058s][info][gc,heap     ] GC(940) Old regions: 10->10
[2026-05-27T11:23:57.802+0530][39.058s][info][gc,heap     ] GC(940) Archive regions: 2->2
[2026-05-27T11:23:57.802+0530][39.058s][info][gc,heap     ] GC(940) Humongous regions: 0->0
[2026-05-27T11:23:57.802+0530][39.058s][info][gc,metaspace] GC(940) Metaspace: 1745K(2048K)->1745K(2048K) NonClass: 1568K(1728K)->1568K(1728K) Class: 177K(320K)->177K(320K)
[2026-05-27T11:23:57.802+0530][39.058s][info][gc          ] GC(940) Pause Young (Normal) (G1 Evacuation Pause) 316M->15M(512M) 0.719ms
[2026-05-27T11:23:57.802+0530][39.058s][info][gc,cpu      ] GC(940) User=0.01s Sys=0.00s Real=0.00s
[2026-05-27T11:23:57.845+0530][39.101s][info][gc,start    ] GC(941) Pause Young (Normal) (G1 Evacuation Pause)
[2026-05-27T11:23:57.845+0530][39.101s][info][gc,task     ] GC(941) Using 9 workers of 9 for evacuation
[2026-05-27T11:23:57.846+0530][39.102s][info][gc,phases   ] GC(941)   Pre Evacuate Collection Set: 0.05ms
[2026-05-27T11:23:57.846+0530][39.102s][info][gc,phases   ] GC(941)   Merge Heap Roots: 0.08ms
[2026-05-27T11:23:57.846+0530][39.102s][info][gc,phases   ] GC(941)   Evacuate Collection Set: 0.35ms
[2026-05-27T11:23:57.846+0530][39.102s][info][gc,phases   ] GC(941)   Post Evacuate Collection Set: 0.15ms
[2026-05-27T11:23:57.846+0530][39.102s][info][gc,phases   ] GC(941)   Other: 0.09ms
[2026-05-27T11:23:57.846+0530][39.102s][info][gc,heap     ] GC(941) Eden regions: 301->0(303)
[2026-05-27T11:23:57.846+0530][39.102s][info][gc,heap     ] GC(941) Survivor regions: 6->4(39)
[2026-05-27T11:23:57.846+0530][39.102s][info][gc,heap     ] GC(941) Old regions: 10->10
[2026-05-27T11:23:57.846+0530][39.102s][info][gc,heap     ] GC(941) Archive regions: 2->2
[2026-05-27T11:23:57.846+0530][39.102s][info][gc,heap     ] GC(941) Humongous regions: 0->0
[2026-05-27T11:23:57.846+0530][39.102s][info][gc,metaspace] GC(941) Metaspace: 1745K(2048K)->1745K(2048K) NonClass: 1568K(1728K)->1568K(1728K) Class: 177K(320K)->177K(320K)
[2026-05-27T11:23:57.846+0530][39.102s][info][gc          ] GC(941) Pause Young (Normal) (G1 Evacuation Pause) 316M->14M(512M) 0.794ms
[2026-05-27T11:23:57.846+0530][39.102s][info][gc,cpu      ] GC(941) User=0.01s Sys=0.00s Real=0.00s
[2026-05-27T11:23:57.887+0530][39.143s][info][gc,start    ] GC(942) Pause Young (Normal) (G1 Evacuation Pause)
[2026-05-27T11:23:57.887+0530][39.144s][info][gc,task     ] GC(942) Using 9 workers of 9 for evacuation
[2026-05-27T11:23:57.888+0530][39.144s][info][gc,phases   ] GC(942)   Pre Evacuate Collection Set: 0.08ms
[2026-05-27T11:23:57.888+0530][39.144s][info][gc,phases   ] GC(942)   Merge Heap Roots: 0.06ms
[2026-05-27T11:23:57.888+0530][39.144s][info][gc,phases   ] GC(942)   Evacuate Collection Set: 0.33ms
[2026-05-27T11:23:57.888+0530][39.144s][info][gc,phases   ] GC(942)   Post Evacuate Collection Set: 0.22ms
[2026-05-27T11:23:57.888+0530][39.144s][info][gc,phases   ] GC(942)   Other: 0.12ms
[2026-05-27T11:23:57.888+0530][39.144s][info][gc,heap     ] GC(942) Eden regions: 303->0(304)
[2026-05-27T11:23:57.888+0530][39.144s][info][gc,heap     ] GC(942) Survivor regions: 4->3(39)
[2026-05-27T11:23:57.888+0530][39.144s][info][gc,heap     ] GC(942) Old regions: 10->10
[2026-05-27T11:23:57.888+0530][39.144s][info][gc,heap     ] GC(942) Archive regions: 2->2
[2026-05-27T11:23:57.888+0530][39.144s][info][gc,heap     ] GC(942) Humongous regions: 9->0
[2026-05-27T11:23:57.888+0530][39.144s][info][gc,metaspace] GC(942) Metaspace: 1745K(2048K)->1745K(2048K) NonClass: 1568K(1728K)->1568K(1728K) Class: 177K(320K)->177K(320K)
[2026-05-27T11:23:57.888+0530][39.144s][info][gc          ] GC(942) Pause Young (Normal) (G1 Evacuation Pause) 325M->12M(512M) 0.891ms
[2026-05-27T11:23:57.888+0530][39.144s][info][gc,cpu      ] GC(942) User=0.00s Sys=0.00s Real=0.00s
[2026-05-27T11:23:57.930+0530][39.186s][info][gc,start    ] GC(943) Pause Young (Normal) (G1 Evacuation Pause)
[2026-05-27T11:23:57.930+0530][39.186s][info][gc,task     ] GC(943) Using 9 workers of 9 for evacuation
[2026-05-27T11:23:57.931+0530][39.187s][info][gc,phases   ] GC(943)   Pre Evacuate Collection Set: 0.07ms
[2026-05-27T11:23:57.931+0530][39.187s][info][gc,phases   ] GC(943)   Merge Heap Roots: 0.04ms
[2026-05-27T11:23:57.931+0530][39.187s][info][gc,phases   ] GC(943)   Evacuate Collection Set: 0.30ms
[2026-05-27T11:23:57.931+0530][39.187s][info][gc,phases   ] GC(943)   Post Evacuate Collection Set: 0.17ms
[2026-05-27T11:23:57.931+0530][39.187s][info][gc,phases   ] GC(943)   Other: 0.10ms
[2026-05-27T11:23:57.931+0530][39.187s][info][gc,heap     ] GC(943) Eden regions: 304->0(300)
[2026-05-27T11:23:57.931+0530][39.187s][info][gc,heap     ] GC(943) Survivor regions: 3->7(39)
[2026-05-27T11:23:57.931+0530][39.187s][info][gc,heap     ] GC(943) Old regions: 10->10
[2026-05-27T11:23:57.931+0530][39.187s][info][gc,heap     ] GC(943) Archive regions: 2->2
[2026-05-27T11:23:57.931+0530][39.187s][info][gc,heap     ] GC(943) Humongous regions: 9->0
[2026-05-27T11:23:57.931+0530][39.187s][info][gc,metaspace] GC(943) Metaspace: 1745K(2048K)->1745K(2048K) NonClass: 1568K(1728K)->1568K(1728K) Class: 177K(320K)->177K(320K)
[2026-05-27T11:23:57.931+0530][39.187s][info][gc          ] GC(943) Pause Young (Normal) (G1 Evacuation Pause) 325M->16M(512M) 0.731ms
[2026-05-27T11:23:57.931+0530][39.187s][info][gc,cpu      ] GC(943) User=0.00s Sys=0.00s Real=0.00s
[2026-05-27T11:23:57.970+0530][39.226s][info][gc,start    ] GC(944) Pause Young (Normal) (G1 Evacuation Pause)
[2026-05-27T11:23:57.970+0530][39.226s][info][gc,task     ] GC(944) Using 9 workers of 9 for evacuation
[2026-05-27T11:23:57.971+0530][39.227s][info][gc,phases   ] GC(944)   Pre Evacuate Collection Set: 0.08ms
[2026-05-27T11:23:57.971+0530][39.227s][info][gc,phases   ] GC(944)   Merge Heap Roots: 0.04ms
[2026-05-27T11:23:57.971+0530][39.227s][info][gc,phases   ] GC(944)   Evacuate Collection Set: 0.31ms
[2026-05-27T11:23:57.971+0530][39.227s][info][gc,phases   ] GC(944)   Post Evacuate Collection Set: 0.20ms
[2026-05-27T11:23:57.971+0530][39.227s][info][gc,phases   ] GC(944)   Other: 0.12ms
[2026-05-27T11:23:57.971+0530][39.227s][info][gc,heap     ] GC(944) Eden regions: 300->0(302)
[2026-05-27T11:23:57.971+0530][39.227s][info][gc,heap     ] GC(944) Survivor regions: 7->5(39)
[2026-05-27T11:23:57.971+0530][39.227s][info][gc,heap     ] GC(944) Old regions: 10->10
[2026-05-27T11:23:57.971+0530][39.227s][info][gc,heap     ] GC(944) Archive regions: 2->2
[2026-05-27T11:23:57.971+0530][39.227s][info][gc,heap     ] GC(944) Humongous regions: 0->0
[2026-05-27T11:23:57.971+0530][39.227s][info][gc,metaspace] GC(944) Metaspace: 1745K(2048K)->1745K(2048K) NonClass: 1568K(1728K)->1568K(1728K) Class: 177K(320K)->177K(320K)
[2026-05-27T11:23:57.971+0530][39.227s][info][gc          ] GC(944) Pause Young (Normal) (G1 Evacuation Pause) 316M->14M(512M) 0.839ms
[2026-05-27T11:23:57.971+0530][39.227s][info][gc,cpu      ] GC(944) User=0.00s Sys=0.00s Real=0.00s
[2026-05-27T11:23:58.012+0530][39.268s][info][gc,start    ] GC(945) Pause Young (Normal) (G1 Evacuation Pause)
[2026-05-27T11:23:58.012+0530][39.268s][info][gc,task     ] GC(945) Using 9 workers of 9 for evacuation
[2026-05-27T11:23:58.012+0530][39.268s][info][gc,phases   ] GC(945)   Pre Evacuate Collection Set: 0.05ms
[2026-05-27T11:23:58.012+0530][39.268s][info][gc,phases   ] GC(945)   Merge Heap Roots: 0.14ms
[2026-05-27T11:23:58.012+0530][39.268s][info][gc,phases   ] GC(945)   Evacuate Collection Set: 0.32ms
[2026-05-27T11:23:58.012+0530][39.268s][info][gc,phases   ] GC(945)   Post Evacuate Collection Set: 0.17ms
[2026-05-27T11:23:58.012+0530][39.268s][info][gc,phases   ] GC(945)   Other: 0.10ms
[2026-05-27T11:23:58.012+0530][39.268s][info][gc,heap     ] GC(945) Eden regions: 302->0(303)
[2026-05-27T11:23:58.012+0530][39.268s][info][gc,heap     ] GC(945) Survivor regions: 5->4(39)
[2026-05-27T11:23:58.012+0530][39.268s][info][gc,heap     ] GC(945) Old regions: 10->10
[2026-05-27T11:23:58.012+0530][39.268s][info][gc,heap     ] GC(945) Archive regions: 2->2
[2026-05-27T11:23:58.012+0530][39.269s][info][gc,heap     ] GC(945) Humongous regions: 0->0
[2026-05-27T11:23:58.012+0530][39.269s][info][gc,metaspace] GC(945) Metaspace: 1745K(2048K)->1745K(2048K) NonClass: 1568K(1728K)->1568K(1728K) Class: 177K(320K)->177K(320K)
[2026-05-27T11:23:58.012+0530][39.269s][info][gc          ] GC(945) Pause Young (Normal) (G1 Evacuation Pause) 316M->14M(512M) 0.852ms
[2026-05-27T11:23:58.012+0530][39.269s][info][gc,cpu      ] GC(945) User=0.00s Sys=0.00s Real=0.00s
[2026-05-27T11:23:58.052+0530][39.308s][info][gc,start    ] GC(946) Pause Young (Normal) (G1 Evacuation Pause)
[2026-05-27T11:23:58.052+0530][39.308s][info][gc,task     ] GC(946) Using 9 workers of 9 for evacuation
[2026-05-27T11:23:58.053+0530][39.309s][info][gc,phases   ] GC(946)   Pre Evacuate Collection Set: 0.13ms
[2026-05-27T11:23:58.053+0530][39.309s][info][gc,phases   ] GC(946)   Merge Heap Roots: 0.11ms
[2026-05-27T11:23:58.053+0530][39.309s][info][gc,phases   ] GC(946)   Evacuate Collection Set: 0.30ms
[2026-05-27T11:23:58.053+0530][39.309s][info][gc,phases   ] GC(946)   Post Evacuate Collection Set: 0.17ms
[2026-05-27T11:23:58.053+0530][39.309s][info][gc,phases   ] GC(946)   Other: 0.09ms
[2026-05-27T11:23:58.053+0530][39.309s][info][gc,heap     ] GC(946) Eden regions: 303->0(301)
[2026-05-27T11:23:58.053+0530][39.309s][info][gc,heap     ] GC(946) Survivor regions: 4->6(39)
[2026-05-27T11:23:58.053+0530][39.309s][info][gc,heap     ] GC(946) Old regions: 10->10
[2026-05-27T11:23:58.053+0530][39.309s][info][gc,heap     ] GC(946) Archive regions: 2->2
[2026-05-27T11:23:58.053+0530][39.309s][info][gc,heap     ] GC(946) Humongous regions: 0->0
[2026-05-27T11:23:58.053+0530][39.309s][info][gc,metaspace] GC(946) Metaspace: 1745K(2048K)->1745K(2048K) NonClass: 1568K(1728K)->1568K(1728K) Class: 177K(320K)->177K(320K)
[2026-05-27T11:23:58.053+0530][39.309s][info][gc          ] GC(946) Pause Young (Normal) (G1 Evacuation Pause) 316M->16M(512M) 0.891ms
[2026-05-27T11:23:58.053+0530][39.309s][info][gc,cpu      ] GC(946) User=0.00s Sys=0.00s Real=0.00s
[2026-05-27T11:23:58.092+0530][39.348s][info][gc,start    ] GC(947) Pause Young (Normal) (G1 Evacuation Pause)
[2026-05-27T11:23:58.092+0530][39.348s][info][gc,task     ] GC(947) Using 9 workers of 9 for evacuation
[2026-05-27T11:23:58.093+0530][39.349s][info][gc,phases   ] GC(947)   Pre Evacuate Collection Set: 0.07ms
[2026-05-27T11:23:58.093+0530][39.349s][info][gc,phases   ] GC(947)   Merge Heap Roots: 0.14ms
[2026-05-27T11:23:58.093+0530][39.349s][info][gc,phases   ] GC(947)   Evacuate Collection Set: 0.23ms
[2026-05-27T11:23:58.093+0530][39.349s][info][gc,phases   ] GC(947)   Post Evacuate Collection Set: 0.17ms
[2026-05-27T11:23:58.093+0530][39.349s][info][gc,phases   ] GC(947)   Other: 0.11ms
[2026-05-27T11:23:58.093+0530][39.349s][info][gc,heap     ] GC(947) Eden regions: 301->0(306)
[2026-05-27T11:23:58.093+0530][39.349s][info][gc,heap     ] GC(947) Survivor regions: 6->1(39)
[2026-05-27T11:23:58.093+0530][39.349s][info][gc,heap     ] GC(947) Old regions: 10->10
[2026-05-27T11:23:58.093+0530][39.349s][info][gc,heap     ] GC(947) Archive regions: 2->2
[2026-05-27T11:23:58.093+0530][39.349s][info][gc,heap     ] GC(947) Humongous regions: 0->0
[2026-05-27T11:23:58.093+0530][39.349s][info][gc,metaspace] GC(947) Metaspace: 1745K(2048K)->1745K(2048K) NonClass: 1568K(1728K)->1568K(1728K) Class: 177K(320K)->177K(320K)
[2026-05-27T11:23:58.093+0530][39.349s][info][gc          ] GC(947) Pause Young (Normal) (G1 Evacuation Pause) 317M->10M(512M) 0.792ms
[2026-05-27T11:23:58.093+0530][39.349s][info][gc,cpu      ] GC(947) User=0.00s Sys=0.00s Real=0.00s
[2026-05-27T11:23:58.137+0530][39.394s][info][gc,start    ] GC(948) Pause Young (Normal) (G1 Evacuation Pause)
[2026-05-27T11:23:58.137+0530][39.394s][info][gc,task     ] GC(948) Using 9 workers of 9 for evacuation
[2026-05-27T11:23:58.138+0530][39.394s][info][gc,phases   ] GC(948)   Pre Evacuate Collection Set: 0.10ms
[2026-05-27T11:23:58.138+0530][39.394s][info][gc,phases   ] GC(948)   Merge Heap Roots: 0.08ms
[2026-05-27T11:23:58.138+0530][39.394s][info][gc,phases   ] GC(948)   Evacuate Collection Set: 0.27ms
[2026-05-27T11:23:58.138+0530][39.394s][info][gc,phases   ] GC(948)   Post Evacuate Collection Set: 0.20ms
[2026-05-27T11:23:58.138+0530][39.394s][info][gc,phases   ] GC(948)   Other: 0.11ms
[2026-05-27T11:23:58.138+0530][39.394s][info][gc,heap     ] GC(948) Eden regions: 306->0(302)
[2026-05-27T11:23:58.138+0530][39.394s][info][gc,heap     ] GC(948) Survivor regions: 1->5(39)
[2026-05-27T11:23:58.138+0530][39.394s][info][gc,heap     ] GC(948) Old regions: 10->10
[2026-05-27T11:23:58.138+0530][39.394s][info][gc,heap     ] GC(948) Archive regions: 2->2
[2026-05-27T11:23:58.138+0530][39.394s][info][gc,heap     ] GC(948) Humongous regions: 0->0
[2026-05-27T11:23:58.138+0530][39.394s][info][gc,metaspace] GC(948) Metaspace: 1745K(2048K)->1745K(2048K) NonClass: 1568K(1728K)->1568K(1728K) Class: 177K(320K)->177K(320K)
[2026-05-27T11:23:58.138+0530][39.394s][info][gc          ] GC(948) Pause Young (Normal) (G1 Evacuation Pause) 316M->14M(512M) 0.826ms
[2026-05-27T11:23:58.138+0530][39.394s][info][gc,cpu      ] GC(948) User=0.00s Sys=0.00s Real=0.00s
[2026-05-27T11:23:58.191+0530][39.447s][info][gc,start    ] GC(949) Pause Young (Normal) (G1 Evacuation Pause)
[2026-05-27T11:23:58.191+0530][39.447s][info][gc,task     ] GC(949) Using 9 workers of 9 for evacuation
[2026-05-27T11:23:58.191+0530][39.447s][info][gc,phases   ] GC(949)   Pre Evacuate Collection Set: 0.08ms
[2026-05-27T11:23:58.191+0530][39.447s][info][gc,phases   ] GC(949)   Merge Heap Roots: 0.05ms
[2026-05-27T11:23:58.191+0530][39.447s][info][gc,phases   ] GC(949)   Evacuate Collection Set: 0.31ms
[2026-05-27T11:23:58.191+0530][39.447s][info][gc,phases   ] GC(949)   Post Evacuate Collection Set: 0.19ms
[2026-05-27T11:23:58.191+0530][39.447s][info][gc,phases   ] GC(949)   Other: 0.13ms
[2026-05-27T11:23:58.191+0530][39.447s][info][gc,heap     ] GC(949) Eden regions: 302->0(302)
[2026-05-27T11:23:58.191+0530][39.447s][info][gc,heap     ] GC(949) Survivor regions: 5->5(39)
[2026-05-27T11:23:58.191+0530][39.447s][info][gc,heap     ] GC(949) Old regions: 10->10
[2026-05-27T11:23:58.191+0530][39.447s][info][gc,heap     ] GC(949) Archive regions: 2->2
[2026-05-27T11:23:58.191+0530][39.447s][info][gc,heap     ] GC(949) Humongous regions: 0->0
[2026-05-27T11:23:58.191+0530][39.447s][info][gc,metaspace] GC(949) Metaspace: 1745K(2048K)->1745K(2048K) NonClass: 1568K(1728K)->1568K(1728K) Class: 177K(320K)->177K(320K)
[2026-05-27T11:23:58.191+0530][39.448s][info][gc          ] GC(949) Pause Young (Normal) (G1 Evacuation Pause) 316M->14M(512M) 0.828ms
[2026-05-27T11:23:58.191+0530][39.448s][info][gc,cpu      ] GC(949) User=0.00s Sys=0.00s Real=0.00s
[2026-05-27T11:23:58.231+0530][39.487s][info][gc,start    ] GC(950) Pause Young (Normal) (G1 Evacuation Pause)
[2026-05-27T11:23:58.231+0530][39.487s][info][gc,task     ] GC(950) Using 9 workers of 9 for evacuation
[2026-05-27T11:23:58.232+0530][39.488s][info][gc,phases   ] GC(950)   Pre Evacuate Collection Set: 0.12ms
[2026-05-27T11:23:58.232+0530][39.488s][info][gc,phases   ] GC(950)   Merge Heap Roots: 0.05ms
[2026-05-27T11:23:58.232+0530][39.488s][info][gc,phases   ] GC(950)   Evacuate Collection Set: 0.27ms
[2026-05-27T11:23:58.232+0530][39.488s][info][gc,phases   ] GC(950)   Post Evacuate Collection Set: 0.21ms
[2026-05-27T11:23:58.232+0530][39.488s][info][gc,phases   ] GC(950)   Other: 0.10ms
[2026-05-27T11:23:58.232+0530][39.488s][info][gc,heap     ] GC(950) Eden regions: 302->0(306)
[2026-05-27T11:23:58.232+0530][39.488s][info][gc,heap     ] GC(950) Survivor regions: 5->1(39)
[2026-05-27T11:23:58.232+0530][39.488s][info][gc,heap     ] GC(950) Old regions: 10->10
[2026-05-27T11:23:58.232+0530][39.488s][info][gc,heap     ] GC(950) Archive regions: 2->2
[2026-05-27T11:23:58.232+0530][39.488s][info][gc,heap     ] GC(950) Humongous regions: 0->0
[2026-05-27T11:23:58.232+0530][39.488s][info][gc,metaspace] GC(950) Metaspace: 1745K(2048K)->1745K(2048K) NonClass: 1568K(1728K)->1568K(1728K) Class: 177K(320K)->177K(320K)
[2026-05-27T11:23:58.232+0530][39.488s][info][gc          ] GC(950) Pause Young (Normal) (G1 Evacuation Pause) 316M->10M(512M) 0.826ms
[2026-05-27T11:23:58.232+0530][39.488s][info][gc,cpu      ] GC(950) User=0.00s Sys=0.00s Real=0.00s
[2026-05-27T11:23:58.274+0530][39.530s][info][gc,start    ] GC(951) Pause Young (Normal) (G1 Evacuation Pause)
[2026-05-27T11:23:58.274+0530][39.530s][info][gc,task     ] GC(951) Using 9 workers of 9 for evacuation
[2026-05-27T11:23:58.275+0530][39.531s][info][gc,phases   ] GC(951)   Pre Evacuate Collection Set: 0.08ms
[2026-05-27T11:23:58.275+0530][39.531s][info][gc,phases   ] GC(951)   Merge Heap Roots: 0.12ms
[2026-05-27T11:23:58.275+0530][39.531s][info][gc,phases   ] GC(951)   Evacuate Collection Set: 0.33ms
[2026-05-27T11:23:58.275+0530][39.531s][info][gc,phases   ] GC(951)   Post Evacuate Collection Set: 0.19ms
[2026-05-27T11:23:58.275+0530][39.531s][info][gc,phases   ] GC(951)   Other: 0.10ms
[2026-05-27T11:23:58.275+0530][39.531s][info][gc,heap     ] GC(951) Eden regions: 306->0(302)
[2026-05-27T11:23:58.275+0530][39.531s][info][gc,heap     ] GC(951) Survivor regions: 1->5(39)
[2026-05-27T11:23:58.275+0530][39.531s][info][gc,heap     ] GC(951) Old regions: 10->10
[2026-05-27T11:23:58.275+0530][39.531s][info][gc,heap     ] GC(951) Archive regions: 2->2
[2026-05-27T11:23:58.275+0530][39.531s][info][gc,heap     ] GC(951) Humongous regions: 0->0
[2026-05-27T11:23:58.275+0530][39.531s][info][gc,metaspace] GC(951) Metaspace: 1745K(2048K)->1745K(2048K) NonClass: 1568K(1728K)->1568K(1728K) Class: 177K(320K)->177K(320K)
[2026-05-27T11:23:58.275+0530][39.531s][info][gc          ] GC(951) Pause Young (Normal) (G1 Evacuation Pause) 316M->14M(512M) 0.886ms
[2026-05-27T11:23:58.275+0530][39.531s][info][gc,cpu      ] GC(951) User=0.00s Sys=0.00s Real=0.00s
[2026-05-27T11:23:58.314+0530][39.570s][info][gc,start    ] GC(952) Pause Young (Normal) (G1 Evacuation Pause)
[2026-05-27T11:23:58.314+0530][39.570s][info][gc,task     ] GC(952) Using 9 workers of 9 for evacuation
[2026-05-27T11:23:58.315+0530][39.571s][info][gc,phases   ] GC(952)   Pre Evacuate Collection Set: 0.08ms
[2026-05-27T11:23:58.315+0530][39.571s][info][gc,phases   ] GC(952)   Merge Heap Roots: 0.06ms
[2026-05-27T11:23:58.315+0530][39.571s][info][gc,phases   ] GC(952)   Evacuate Collection Set: 0.33ms
[2026-05-27T11:23:58.315+0530][39.571s][info][gc,phases   ] GC(952)   Post Evacuate Collection Set: 0.19ms
[2026-05-27T11:23:58.315+0530][39.571s][info][gc,phases   ] GC(952)   Other: 0.11ms
[2026-05-27T11:23:58.315+0530][39.571s][info][gc,heap     ] GC(952) Eden regions: 302->0(295)
[2026-05-27T11:23:58.315+0530][39.571s][info][gc,heap     ] GC(952) Survivor regions: 5->12(39)
[2026-05-27T11:23:58.315+0530][39.571s][info][gc,heap     ] GC(952) Old regions: 10->10
[2026-05-27T11:23:58.315+0530][39.571s][info][gc,heap     ] GC(952) Archive regions: 2->2
[2026-05-27T11:23:58.315+0530][39.571s][info][gc,heap     ] GC(952) Humongous regions: 9->0
[2026-05-27T11:23:58.315+0530][39.571s][info][gc,metaspace] GC(952) Metaspace: 1745K(2048K)->1745K(2048K) NonClass: 1568K(1728K)->1568K(1728K) Class: 177K(320K)->177K(320K)
[2026-05-27T11:23:58.315+0530][39.571s][info][gc          ] GC(952) Pause Young (Normal) (G1 Evacuation Pause) 325M->21M(512M) 0.846ms
[2026-05-27T11:23:58.315+0530][39.571s][info][gc,cpu      ] GC(952) User=0.01s Sys=0.00s Real=0.00s
[2026-05-27T11:23:58.355+0530][39.611s][info][gc,start    ] GC(953) Pause Young (Normal) (G1 Evacuation Pause)
[2026-05-27T11:23:58.355+0530][39.611s][info][gc,task     ] GC(953) Using 9 workers of 9 for evacuation
[2026-05-27T11:23:58.356+0530][39.612s][info][gc,phases   ] GC(953)   Pre Evacuate Collection Set: 0.11ms
[2026-05-27T11:23:58.356+0530][39.612s][info][gc,phases   ] GC(953)   Merge Heap Roots: 0.05ms
[2026-05-27T11:23:58.356+0530][39.612s][info][gc,phases   ] GC(953)   Evacuate Collection Set: 0.26ms
[2026-05-27T11:23:58.356+0530][39.612s][info][gc,phases   ] GC(953)   Post Evacuate Collection Set: 0.17ms
[2026-05-27T11:23:58.356+0530][39.612s][info][gc,phases   ] GC(953)   Other: 0.09ms
[2026-05-27T11:23:58.356+0530][39.612s][info][gc,heap     ] GC(953) Eden regions: 295->0(302)
[2026-05-27T11:23:58.356+0530][39.612s][info][gc,heap     ] GC(953) Survivor regions: 12->5(39)
[2026-05-27T11:23:58.356+0530][39.612s][info][gc,heap     ] GC(953) Old regions: 10->10
[2026-05-27T11:23:58.356+0530][39.612s][info][gc,heap     ] GC(953) Archive regions: 2->2
[2026-05-27T11:23:58.356+0530][39.612s][info][gc,heap     ] GC(953) Humongous regions: 0->0
[2026-05-27T11:23:58.356+0530][39.612s][info][gc,metaspace] GC(953) Metaspace: 1745K(2048K)->1745K(2048K) NonClass: 1568K(1728K)->1568K(1728K) Class: 177K(320K)->177K(320K)
[2026-05-27T11:23:58.356+0530][39.612s][info][gc          ] GC(953) Pause Young (Normal) (G1 Evacuation Pause) 316M->14M(512M) 0.748ms
[2026-05-27T11:23:58.356+0530][39.612s][info][gc,cpu      ] GC(953) User=0.00s Sys=0.00s Real=0.00s
[2026-05-27T11:23:58.396+0530][39.652s][info][gc,start    ] GC(954) Pause Young (Normal) (G1 Evacuation Pause)
[2026-05-27T11:23:58.396+0530][39.652s][info][gc,task     ] GC(954) Using 9 workers of 9 for evacuation
[2026-05-27T11:23:58.396+0530][39.653s][info][gc,phases   ] GC(954)   Pre Evacuate Collection Set: 0.07ms
[2026-05-27T11:23:58.397+0530][39.653s][info][gc,phases   ] GC(954)   Merge Heap Roots: 0.04ms
[2026-05-27T11:23:58.397+0530][39.653s][info][gc,phases   ] GC(954)   Evacuate Collection Set: 0.33ms
[2026-05-27T11:23:58.397+0530][39.653s][info][gc,phases   ] GC(954)   Post Evacuate Collection Set: 0.20ms
[2026-05-27T11:23:58.397+0530][39.653s][info][gc,phases   ] GC(954)   Other: 0.13ms
[2026-05-27T11:23:58.397+0530][39.653s][info][gc,heap     ] GC(954) Eden regions: 302->0(300)
[2026-05-27T11:23:58.397+0530][39.653s][info][gc,heap     ] GC(954) Survivor regions: 5->7(39)
[2026-05-27T11:23:58.397+0530][39.653s][info][gc,heap     ] GC(954) Old regions: 10->10
[2026-05-27T11:23:58.397+0530][39.653s][info][gc,heap     ] GC(954) Archive regions: 2->2
[2026-05-27T11:23:58.397+0530][39.653s][info][gc,heap     ] GC(954) Humongous regions: 0->0
[2026-05-27T11:23:58.397+0530][39.653s][info][gc,metaspace] GC(954) Metaspace: 1745K(2048K)->1745K(2048K) NonClass: 1568K(1728K)->1568K(1728K) Class: 177K(320K)->177K(320K)
[2026-05-27T11:23:58.397+0530][39.653s][info][gc          ] GC(954) Pause Young (Normal) (G1 Evacuation Pause) 316M->16M(512M) 0.875ms
[2026-05-27T11:23:58.397+0530][39.653s][info][gc,cpu      ] GC(954) User=0.00s Sys=0.00s Real=0.00s
[2026-05-27T11:23:58.440+0530][39.696s][info][gc,start    ] GC(955) Pause Young (Normal) (G1 Evacuation Pause)
[2026-05-27T11:23:58.440+0530][39.696s][info][gc,task     ] GC(955) Using 9 workers of 9 for evacuation
[2026-05-27T11:23:58.441+0530][39.697s][info][gc,phases   ] GC(955)   Pre Evacuate Collection Set: 0.06ms
[2026-05-27T11:23:58.441+0530][39.697s][info][gc,phases   ] GC(955)   Merge Heap Roots: 0.10ms
[2026-05-27T11:23:58.441+0530][39.697s][info][gc,phases   ] GC(955)   Evacuate Collection Set: 0.35ms
[2026-05-27T11:23:58.441+0530][39.697s][info][gc,phases   ] GC(955)   Post Evacuate Collection Set: 0.21ms
[2026-05-27T11:23:58.441+0530][39.697s][info][gc,phases   ] GC(955)   Other: 0.08ms
[2026-05-27T11:23:58.441+0530][39.697s][info][gc,heap     ] GC(955) Eden regions: 300->0(302)
[2026-05-27T11:23:58.441+0530][39.697s][info][gc,heap     ] GC(955) Survivor regions: 7->5(39)
[2026-05-27T11:23:58.441+0530][39.697s][info][gc,heap     ] GC(955) Old regions: 10->10
[2026-05-27T11:23:58.441+0530][39.697s][info][gc,heap     ] GC(955) Archive regions: 2->2
[2026-05-27T11:23:58.441+0530][39.697s][info][gc,heap     ] GC(955) Humongous regions: 0->0
[2026-05-27T11:23:58.441+0530][39.697s][info][gc,metaspace] GC(955) Metaspace: 1745K(2048K)->1745K(2048K) NonClass: 1568K(1728K)->1568K(1728K) Class: 177K(320K)->177K(320K)
[2026-05-27T11:23:58.441+0530][39.697s][info][gc          ] GC(955) Pause Young (Normal) (G1 Evacuation Pause) 316M->14M(512M) 0.888ms
[2026-05-27T11:23:58.441+0530][39.697s][info][gc,cpu      ] GC(955) User=0.00s Sys=0.00s Real=0.00s
[2026-05-27T11:23:58.483+0530][39.739s][info][gc,start    ] GC(956) Pause Young (Normal) (G1 Evacuation Pause)
[2026-05-27T11:23:58.483+0530][39.739s][info][gc,task     ] GC(956) Using 9 workers of 9 for evacuation
[2026-05-27T11:23:58.483+0530][39.739s][info][gc,phases   ] GC(956)   Pre Evacuate Collection Set: 0.09ms
[2026-05-27T11:23:58.483+0530][39.739s][info][gc,phases   ] GC(956)   Merge Heap Roots: 0.07ms
[2026-05-27T11:23:58.483+0530][39.740s][info][gc,phases   ] GC(956)   Evacuate Collection Set: 0.30ms
[2026-05-27T11:23:58.483+0530][39.740s][info][gc,phases   ] GC(956)   Post Evacuate Collection Set: 0.18ms
[2026-05-27T11:23:58.483+0530][39.740s][info][gc,phases   ] GC(956)   Other: 0.12ms
[2026-05-27T11:23:58.483+0530][39.740s][info][gc,heap     ] GC(956) Eden regions: 302->0(300)
[2026-05-27T11:23:58.483+0530][39.740s][info][gc,heap     ] GC(956) Survivor regions: 5->7(39)
[2026-05-27T11:23:58.483+0530][39.740s][info][gc,heap     ] GC(956) Old regions: 10->10
[2026-05-27T11:23:58.483+0530][39.740s][info][gc,heap     ] GC(956) Archive regions: 2->2
[2026-05-27T11:23:58.483+0530][39.740s][info][gc,heap     ] GC(956) Humongous regions: 0->0
[2026-05-27T11:23:58.483+0530][39.740s][info][gc,metaspace] GC(956) Metaspace: 1745K(2048K)->1745K(2048K) NonClass: 1568K(1728K)->1568K(1728K) Class: 177K(320K)->177K(320K)
[2026-05-27T11:23:58.483+0530][39.740s][info][gc          ] GC(956) Pause Young (Normal) (G1 Evacuation Pause) 316M->16M(512M) 0.843ms
[2026-05-27T11:23:58.483+0530][39.740s][info][gc,cpu      ] GC(956) User=0.00s Sys=0.00s Real=0.00s
[2026-05-27T11:23:58.526+0530][39.782s][info][gc,start    ] GC(957) Pause Young (Normal) (G1 Evacuation Pause)
[2026-05-27T11:23:58.526+0530][39.782s][info][gc,task     ] GC(957) Using 9 workers of 9 for evacuation
[2026-05-27T11:23:58.527+0530][39.783s][info][gc,phases   ] GC(957)   Pre Evacuate Collection Set: 0.06ms
[2026-05-27T11:23:58.527+0530][39.783s][info][gc,phases   ] GC(957)   Merge Heap Roots: 0.14ms
[2026-05-27T11:23:58.527+0530][39.783s][info][gc,phases   ] GC(957)   Evacuate Collection Set: 0.49ms
[2026-05-27T11:23:58.527+0530][39.783s][info][gc,phases   ] GC(957)   Post Evacuate Collection Set: 0.22ms
[2026-05-27T11:23:58.527+0530][39.783s][info][gc,phases   ] GC(957)   Other: 0.14ms
[2026-05-27T11:23:58.527+0530][39.783s][info][gc,heap     ] GC(957) Eden regions: 300->0(301)
[2026-05-27T11:23:58.527+0530][39.783s][info][gc,heap     ] GC(957) Survivor regions: 7->6(39)
[2026-05-27T11:23:58.527+0530][39.783s][info][gc,heap     ] GC(957) Old regions: 10->10
[2026-05-27T11:23:58.527+0530][39.783s][info][gc,heap     ] GC(957) Archive regions: 2->2
[2026-05-27T11:23:58.527+0530][39.783s][info][gc,heap     ] GC(957) Humongous regions: 0->0
[2026-05-27T11:23:58.527+0530][39.783s][info][gc,metaspace] GC(957) Metaspace: 1745K(2048K)->1745K(2048K) NonClass: 1568K(1728K)->1568K(1728K) Class: 177K(320K)->177K(320K)
[2026-05-27T11:23:58.527+0530][39.783s][info][gc          ] GC(957) Pause Young (Normal) (G1 Evacuation Pause) 316M->15M(512M) 1.184ms
[2026-05-27T11:23:58.527+0530][39.783s][info][gc,cpu      ] GC(957) User=0.00s Sys=0.00s Real=0.00s
[2026-05-27T11:23:58.568+0530][39.824s][info][gc,start    ] GC(958) Pause Young (Normal) (G1 Evacuation Pause)
[2026-05-27T11:23:58.568+0530][39.824s][info][gc,task     ] GC(958) Using 9 workers of 9 for evacuation
[2026-05-27T11:23:58.568+0530][39.825s][info][gc,phases   ] GC(958)   Pre Evacuate Collection Set: 0.06ms
[2026-05-27T11:23:58.569+0530][39.825s][info][gc,phases   ] GC(958)   Merge Heap Roots: 0.08ms
[2026-05-27T11:23:58.569+0530][39.825s][info][gc,phases   ] GC(958)   Evacuate Collection Set: 0.31ms
[2026-05-27T11:23:58.569+0530][39.825s][info][gc,phases   ] GC(958)   Post Evacuate Collection Set: 0.18ms
[2026-05-27T11:23:58.569+0530][39.825s][info][gc,phases   ] GC(958)   Other: 0.11ms
[2026-05-27T11:23:58.569+0530][39.825s][info][gc,heap     ] GC(958) Eden regions: 301->0(302)
[2026-05-27T11:23:58.569+0530][39.825s][info][gc,heap     ] GC(958) Survivor regions: 6->5(39)
[2026-05-27T11:23:58.569+0530][39.825s][info][gc,heap     ] GC(958) Old regions: 10->10
[2026-05-27T11:23:58.569+0530][39.825s][info][gc,heap     ] GC(958) Archive regions: 2->2
[2026-05-27T11:23:58.569+0530][39.825s][info][gc,heap     ] GC(958) Humongous regions: 0->0
[2026-05-27T11:23:58.569+0530][39.825s][info][gc,metaspace] GC(958) Metaspace: 1745K(2048K)->1745K(2048K) NonClass: 1568K(1728K)->1568K(1728K) Class: 177K(320K)->177K(320K)
[2026-05-27T11:23:58.569+0530][39.825s][info][gc          ] GC(958) Pause Young (Normal) (G1 Evacuation Pause) 316M->15M(512M) 0.815ms
[2026-05-27T11:23:58.569+0530][39.825s][info][gc,cpu      ] GC(958) User=0.00s Sys=0.00s Real=0.00s
[2026-05-27T11:23:58.612+0530][39.869s][info][gc,start    ] GC(959) Pause Young (Normal) (G1 Evacuation Pause)
[2026-05-27T11:23:58.612+0530][39.869s][info][gc,task     ] GC(959) Using 9 workers of 9 for evacuation
[2026-05-27T11:23:58.613+0530][39.869s][info][gc,phases   ] GC(959)   Pre Evacuate Collection Set: 0.07ms
[2026-05-27T11:23:58.613+0530][39.869s][info][gc,phases   ] GC(959)   Merge Heap Roots: 0.11ms
[2026-05-27T11:23:58.613+0530][39.869s][info][gc,phases   ] GC(959)   Evacuate Collection Set: 0.33ms
[2026-05-27T11:23:58.613+0530][39.869s][info][gc,phases   ] GC(959)   Post Evacuate Collection Set: 0.20ms
[2026-05-27T11:23:58.613+0530][39.869s][info][gc,phases   ] GC(959)   Other: 0.11ms
[2026-05-27T11:23:58.613+0530][39.869s][info][gc,heap     ] GC(959) Eden regions: 302->0(305)
[2026-05-27T11:23:58.613+0530][39.869s][info][gc,heap     ] GC(959) Survivor regions: 5->2(39)
[2026-05-27T11:23:58.613+0530][39.869s][info][gc,heap     ] GC(959) Old regions: 10->10
[2026-05-27T11:23:58.613+0530][39.869s][info][gc,heap     ] GC(959) Archive regions: 2->2
[2026-05-27T11:23:58.613+0530][39.869s][info][gc,heap     ] GC(959) Humongous regions: 0->0
[2026-05-27T11:23:58.613+0530][39.869s][info][gc,metaspace] GC(959) Metaspace: 1745K(2048K)->1745K(2048K) NonClass: 1568K(1728K)->1568K(1728K) Class: 177K(320K)->177K(320K)
[2026-05-27T11:23:58.613+0530][39.869s][info][gc          ] GC(959) Pause Young (Normal) (G1 Evacuation Pause) 316M->11M(512M) 0.900ms
[2026-05-27T11:23:58.613+0530][39.869s][info][gc,cpu      ] GC(959) User=0.00s Sys=0.00s Real=0.00s
[2026-05-27T11:23:58.654+0530][39.910s][info][gc,start    ] GC(960) Pause Young (Normal) (G1 Evacuation Pause)
[2026-05-27T11:23:58.654+0530][39.910s][info][gc,task     ] GC(960) Using 9 workers of 9 for evacuation
[2026-05-27T11:23:58.655+0530][39.911s][info][gc,phases   ] GC(960)   Pre Evacuate Collection Set: 0.10ms
[2026-05-27T11:23:58.655+0530][39.911s][info][gc,phases   ] GC(960)   Merge Heap Roots: 0.04ms
[2026-05-27T11:23:58.655+0530][39.911s][info][gc,phases   ] GC(960)   Evacuate Collection Set: 0.26ms
[2026-05-27T11:23:58.655+0530][39.911s][info][gc,phases   ] GC(960)   Post Evacuate Collection Set: 0.14ms
[2026-05-27T11:23:58.655+0530][39.911s][info][gc,phases   ] GC(960)   Other: 0.12ms
[2026-05-27T11:23:58.655+0530][39.911s][info][gc,heap     ] GC(960) Eden regions: 305->0(301)
[2026-05-27T11:23:58.655+0530][39.911s][info][gc,heap     ] GC(960) Survivor regions: 2->6(39)
[2026-05-27T11:23:58.655+0530][39.911s][info][gc,heap     ] GC(960) Old regions: 10->10
[2026-05-27T11:23:58.655+0530][39.911s][info][gc,heap     ] GC(960) Archive regions: 2->2
[2026-05-27T11:23:58.655+0530][39.911s][info][gc,heap     ] GC(960) Humongous regions: 0->0
[2026-05-27T11:23:58.655+0530][39.911s][info][gc,metaspace] GC(960) Metaspace: 1745K(2048K)->1745K(2048K) NonClass: 1568K(1728K)->1568K(1728K) Class: 177K(320K)->177K(320K)
[2026-05-27T11:23:58.655+0530][39.911s][info][gc          ] GC(960) Pause Young (Normal) (G1 Evacuation Pause) 316M->15M(512M) 0.744ms
[2026-05-27T11:23:58.655+0530][39.911s][info][gc,cpu      ] GC(960) User=0.00s Sys=0.00s Real=0.00s
[2026-05-27T11:23:58.697+0530][39.954s][info][gc,start    ] GC(961) Pause Young (Normal) (G1 Evacuation Pause)
[2026-05-27T11:23:58.698+0530][39.954s][info][gc,task     ] GC(961) Using 9 workers of 9 for evacuation
[2026-05-27T11:23:58.698+0530][39.954s][info][gc,phases   ] GC(961)   Pre Evacuate Collection Set: 0.08ms
[2026-05-27T11:23:58.698+0530][39.954s][info][gc,phases   ] GC(961)   Merge Heap Roots: 0.05ms
[2026-05-27T11:23:58.698+0530][39.954s][info][gc,phases   ] GC(961)   Evacuate Collection Set: 0.25ms
[2026-05-27T11:23:58.698+0530][39.954s][info][gc,phases   ] GC(961)   Post Evacuate Collection Set: 0.23ms
[2026-05-27T11:23:58.698+0530][39.954s][info][gc,phases   ] GC(961)   Other: 0.12ms
[2026-05-27T11:23:58.698+0530][39.954s][info][gc,heap     ] GC(961) Eden regions: 301->0(302)
[2026-05-27T11:23:58.698+0530][39.954s][info][gc,heap     ] GC(961) Survivor regions: 6->5(39)
[2026-05-27T11:23:58.698+0530][39.954s][info][gc,heap     ] GC(961) Old regions: 10->10
[2026-05-27T11:23:58.698+0530][39.954s][info][gc,heap     ] GC(961) Archive regions: 2->2
[2026-05-27T11:23:58.698+0530][39.954s][info][gc,heap     ] GC(961) Humongous regions: 0->0
[2026-05-27T11:23:58.698+0530][39.954s][info][gc,metaspace] GC(961) Metaspace: 1745K(2048K)->1745K(2048K) NonClass: 1568K(1728K)->1568K(1728K) Class: 177K(320K)->177K(320K)
[2026-05-27T11:23:58.698+0530][39.954s][info][gc          ] GC(961) Pause Young (Normal) (G1 Evacuation Pause) 316M->14M(512M) 0.790ms
[2026-05-27T11:23:58.698+0530][39.954s][info][gc,cpu      ] GC(961) User=0.00s Sys=0.00s Real=0.00s
[2026-05-27T11:23:58.740+0530][39.996s][info][gc,start    ] GC(962) Pause Young (Normal) (G1 Evacuation Pause)
[2026-05-27T11:23:58.740+0530][39.996s][info][gc,task     ] GC(962) Using 9 workers of 9 for evacuation
[2026-05-27T11:23:58.741+0530][39.997s][info][gc,phases   ] GC(962)   Pre Evacuate Collection Set: 0.06ms
[2026-05-27T11:23:58.741+0530][39.997s][info][gc,phases   ] GC(962)   Merge Heap Roots: 0.04ms
[2026-05-27T11:23:58.741+0530][39.997s][info][gc,phases   ] GC(962)   Evacuate Collection Set: 0.26ms
[2026-05-27T11:23:58.741+0530][39.997s][info][gc,phases   ] GC(962)   Post Evacuate Collection Set: 0.15ms
[2026-05-27T11:23:58.741+0530][39.997s][info][gc,phases   ] GC(962)   Other: 0.10ms
[2026-05-27T11:23:58.741+0530][39.997s][info][gc,heap     ] GC(962) Eden regions: 302->0(302)
[2026-05-27T11:23:58.741+0530][39.997s][info][gc,heap     ] GC(962) Survivor regions: 5->5(39)
[2026-05-27T11:23:58.741+0530][39.997s][info][gc,heap     ] GC(962) Old regions: 10->10
[2026-05-27T11:23:58.741+0530][39.997s][info][gc,heap     ] GC(962) Archive regions: 2->2
[2026-05-27T11:23:58.741+0530][39.997s][info][gc,heap     ] GC(962) Humongous regions: 0->0
[2026-05-27T11:23:58.741+0530][39.997s][info][gc,metaspace] GC(962) Metaspace: 1745K(2048K)->1745K(2048K) NonClass: 1568K(1728K)->1568K(1728K) Class: 177K(320K)->177K(320K)
[2026-05-27T11:23:58.741+0530][39.997s][info][gc          ] GC(962) Pause Young (Normal) (G1 Evacuation Pause) 316M->15M(512M) 0.688ms
[2026-05-27T11:23:58.741+0530][39.997s][info][gc,cpu      ] GC(962) User=0.00s Sys=0.00s Real=0.00s
[2026-05-27T11:23:58.783+0530][40.039s][info][gc,start    ] GC(963) Pause Young (Normal) (G1 Evacuation Pause)
[2026-05-27T11:23:58.783+0530][40.039s][info][gc,task     ] GC(963) Using 9 workers of 9 for evacuation
[2026-05-27T11:23:58.783+0530][40.039s][info][gc,phases   ] GC(963)   Pre Evacuate Collection Set: 0.10ms
[2026-05-27T11:23:58.783+0530][40.039s][info][gc,phases   ] GC(963)   Merge Heap Roots: 0.08ms
[2026-05-27T11:23:58.783+0530][40.039s][info][gc,phases   ] GC(963)   Evacuate Collection Set: 0.29ms
[2026-05-27T11:23:58.783+0530][40.039s][info][gc,phases   ] GC(963)   Post Evacuate Collection Set: 0.17ms
[2026-05-27T11:23:58.783+0530][40.039s][info][gc,phases   ] GC(963)   Other: 0.11ms
[2026-05-27T11:23:58.783+0530][40.039s][info][gc,heap     ] GC(963) Eden regions: 302->0(301)
[2026-05-27T11:23:58.783+0530][40.039s][info][gc,heap     ] GC(963) Survivor regions: 5->6(39)
[2026-05-27T11:23:58.783+0530][40.039s][info][gc,heap     ] GC(963) Old regions: 10->10
[2026-05-27T11:23:58.783+0530][40.039s][info][gc,heap     ] GC(963) Archive regions: 2->2
[2026-05-27T11:23:58.783+0530][40.039s][info][gc,heap     ] GC(963) Humongous regions: 0->0
[2026-05-27T11:23:58.783+0530][40.039s][info][gc,metaspace] GC(963) Metaspace: 1745K(2048K)->1745K(2048K) NonClass: 1568K(1728K)->1568K(1728K) Class: 177K(320K)->177K(320K)
[2026-05-27T11:23:58.783+0530][40.039s][info][gc          ] GC(963) Pause Young (Normal) (G1 Evacuation Pause) 316M->15M(512M) 0.820ms
[2026-05-27T11:23:58.783+0530][40.039s][info][gc,cpu      ] GC(963) User=0.00s Sys=0.00s Real=0.00s
[2026-05-27T11:23:58.827+0530][40.083s][info][gc,start    ] GC(964) Pause Young (Normal) (G1 Evacuation Pause)
[2026-05-27T11:23:58.827+0530][40.083s][info][gc,task     ] GC(964) Using 9 workers of 9 for evacuation
[2026-05-27T11:23:58.828+0530][40.084s][info][gc,phases   ] GC(964)   Pre Evacuate Collection Set: 0.15ms
[2026-05-27T11:23:58.828+0530][40.084s][info][gc,phases   ] GC(964)   Merge Heap Roots: 0.08ms
[2026-05-27T11:23:58.828+0530][40.084s][info][gc,phases   ] GC(964)   Evacuate Collection Set: 0.32ms
[2026-05-27T11:23:58.828+0530][40.084s][info][gc,phases   ] GC(964)   Post Evacuate Collection Set: 0.20ms
[2026-05-27T11:23:58.828+0530][40.084s][info][gc,phases   ] GC(964)   Other: 0.13ms
[2026-05-27T11:23:58.828+0530][40.084s][info][gc,heap     ] GC(964) Eden regions: 301->0(300)
[2026-05-27T11:23:58.828+0530][40.084s][info][gc,heap     ] GC(964) Survivor regions: 6->7(39)
[2026-05-27T11:23:58.828+0530][40.084s][info][gc,heap     ] GC(964) Old regions: 10->10
[2026-05-27T11:23:58.828+0530][40.084s][info][gc,heap     ] GC(964) Archive regions: 2->2
[2026-05-27T11:23:58.828+0530][40.084s][info][gc,heap     ] GC(964) Humongous regions: 0->0
[2026-05-27T11:23:58.828+0530][40.084s][info][gc,metaspace] GC(964) Metaspace: 1745K(2048K)->1745K(2048K) NonClass: 1568K(1728K)->1568K(1728K) Class: 177K(320K)->177K(320K)
[2026-05-27T11:23:58.828+0530][40.084s][info][gc          ] GC(964) Pause Young (Normal) (G1 Evacuation Pause) 316M->16M(512M) 0.948ms
[2026-05-27T11:23:58.828+0530][40.084s][info][gc,cpu      ] GC(964) User=0.00s Sys=0.00s Real=0.00s
[2026-05-27T11:23:58.871+0530][40.128s][info][gc,start    ] GC(965) Pause Young (Normal) (G1 Evacuation Pause)
[2026-05-27T11:23:58.872+0530][40.128s][info][gc,task     ] GC(965) Using 9 workers of 9 for evacuation
[2026-05-27T11:23:58.872+0530][40.128s][info][gc,phases   ] GC(965)   Pre Evacuate Collection Set: 0.08ms
[2026-05-27T11:23:58.872+0530][40.128s][info][gc,phases   ] GC(965)   Merge Heap Roots: 0.05ms
[2026-05-27T11:23:58.872+0530][40.128s][info][gc,phases   ] GC(965)   Evacuate Collection Set: 0.26ms
[2026-05-27T11:23:58.872+0530][40.128s][info][gc,phases   ] GC(965)   Post Evacuate Collection Set: 0.18ms
[2026-05-27T11:23:58.872+0530][40.128s][info][gc,phases   ] GC(965)   Other: 0.13ms
[2026-05-27T11:23:58.872+0530][40.128s][info][gc,heap     ] GC(965) Eden regions: 300->0(303)
[2026-05-27T11:23:58.872+0530][40.128s][info][gc,heap     ] GC(965) Survivor regions: 7->4(39)
[2026-05-27T11:23:58.872+0530][40.128s][info][gc,heap     ] GC(965) Old regions: 10->10
[2026-05-27T11:23:58.872+0530][40.128s][info][gc,heap     ] GC(965) Archive regions: 2->2
[2026-05-27T11:23:58.872+0530][40.128s][info][gc,heap     ] GC(965) Humongous regions: 0->0
[2026-05-27T11:23:58.872+0530][40.128s][info][gc,metaspace] GC(965) Metaspace: 1745K(2048K)->1745K(2048K) NonClass: 1568K(1728K)->1568K(1728K) Class: 177K(320K)->177K(320K)
[2026-05-27T11:23:58.872+0530][40.128s][info][gc          ] GC(965) Pause Young (Normal) (G1 Evacuation Pause) 316M->13M(512M) 0.772ms
[2026-05-27T11:23:58.872+0530][40.128s][info][gc,cpu      ] GC(965) User=0.00s Sys=0.00s Real=0.00s
[2026-05-27T11:23:58.915+0530][40.171s][info][gc,start    ] GC(966) Pause Young (Normal) (G1 Evacuation Pause)
[2026-05-27T11:23:58.915+0530][40.172s][info][gc,task     ] GC(966) Using 9 workers of 9 for evacuation
[2026-05-27T11:23:58.916+0530][40.172s][info][gc,phases   ] GC(966)   Pre Evacuate Collection Set: 0.07ms
[2026-05-27T11:23:58.916+0530][40.172s][info][gc,phases   ] GC(966)   Merge Heap Roots: 0.04ms
[2026-05-27T11:23:58.916+0530][40.172s][info][gc,phases   ] GC(966)   Evacuate Collection Set: 0.38ms
[2026-05-27T11:23:58.916+0530][40.172s][info][gc,phases   ] GC(966)   Post Evacuate Collection Set: 0.20ms
[2026-05-27T11:23:58.916+0530][40.172s][info][gc,phases   ] GC(966)   Other: 0.11ms
[2026-05-27T11:23:58.916+0530][40.172s][info][gc,heap     ] GC(966) Eden regions: 303->0(306)
[2026-05-27T11:23:58.916+0530][40.172s][info][gc,heap     ] GC(966) Survivor regions: 4->1(39)
[2026-05-27T11:23:58.916+0530][40.172s][info][gc,heap     ] GC(966) Old regions: 10->10
[2026-05-27T11:23:58.916+0530][40.172s][info][gc,heap     ] GC(966) Archive regions: 2->2
[2026-05-27T11:23:58.916+0530][40.172s][info][gc,heap     ] GC(966) Humongous regions: 0->0
[2026-05-27T11:23:58.916+0530][40.172s][info][gc,metaspace] GC(966) Metaspace: 1745K(2048K)->1745K(2048K) NonClass: 1568K(1728K)->1568K(1728K) Class: 177K(320K)->177K(320K)
[2026-05-27T11:23:58.916+0530][40.172s][info][gc          ] GC(966) Pause Young (Normal) (G1 Evacuation Pause) 315M->10M(512M) 0.897ms
[2026-05-27T11:23:58.916+0530][40.172s][info][gc,cpu      ] GC(966) User=0.00s Sys=0.00s Real=0.00s
[2026-05-27T11:23:58.957+0530][40.213s][info][gc,start    ] GC(967) Pause Young (Normal) (G1 Evacuation Pause)
[2026-05-27T11:23:58.957+0530][40.213s][info][gc,task     ] GC(967) Using 9 workers of 9 for evacuation
[2026-05-27T11:23:58.958+0530][40.214s][info][gc,phases   ] GC(967)   Pre Evacuate Collection Set: 0.11ms
[2026-05-27T11:23:58.958+0530][40.214s][info][gc,phases   ] GC(967)   Merge Heap Roots: 0.05ms
[2026-05-27T11:23:58.958+0530][40.214s][info][gc,phases   ] GC(967)   Evacuate Collection Set: 0.25ms
[2026-05-27T11:23:58.958+0530][40.214s][info][gc,phases   ] GC(967)   Post Evacuate Collection Set: 0.21ms
[2026-05-27T11:23:58.958+0530][40.214s][info][gc,phases   ] GC(967)   Other: 0.10ms
[2026-05-27T11:23:58.958+0530][40.214s][info][gc,heap     ] GC(967) Eden regions: 306->0(302)
[2026-05-27T11:23:58.958+0530][40.214s][info][gc,heap     ] GC(967) Survivor regions: 1->5(39)
[2026-05-27T11:23:58.958+0530][40.214s][info][gc,heap     ] GC(967) Old regions: 10->10
[2026-05-27T11:23:58.958+0530][40.214s][info][gc,heap     ] GC(967) Archive regions: 2->2
[2026-05-27T11:23:58.958+0530][40.214s][info][gc,heap     ] GC(967) Humongous regions: 9->0
[2026-05-27T11:23:58.958+0530][40.214s][info][gc,metaspace] GC(967) Metaspace: 1745K(2048K)->1745K(2048K) NonClass: 1568K(1728K)->1568K(1728K) Class: 177K(320K)->177K(320K)
[2026-05-27T11:23:58.958+0530][40.214s][info][gc          ] GC(967) Pause Young (Normal) (G1 Evacuation Pause) 325M->14M(512M) 0.790ms
[2026-05-27T11:23:58.958+0530][40.214s][info][gc,cpu      ] GC(967) User=0.00s Sys=0.00s Real=0.00s
[2026-05-27T11:23:59.000+0530][40.256s][info][gc,start    ] GC(968) Pause Young (Normal) (G1 Evacuation Pause)
[2026-05-27T11:23:59.000+0530][40.256s][info][gc,task     ] GC(968) Using 9 workers of 9 for evacuation
[2026-05-27T11:23:59.001+0530][40.257s][info][gc,phases   ] GC(968)   Pre Evacuate Collection Set: 0.05ms
[2026-05-27T11:23:59.001+0530][40.257s][info][gc,phases   ] GC(968)   Merge Heap Roots: 0.07ms
[2026-05-27T11:23:59.001+0530][40.257s][info][gc,phases   ] GC(968)   Evacuate Collection Set: 0.25ms
[2026-05-27T11:23:59.001+0530][40.257s][info][gc,phases   ] GC(968)   Post Evacuate Collection Set: 0.22ms
[2026-05-27T11:23:59.001+0530][40.257s][info][gc,phases   ] GC(968)   Other: 0.11ms
[2026-05-27T11:23:59.001+0530][40.257s][info][gc,heap     ] GC(968) Eden regions: 302->0(306)
[2026-05-27T11:23:59.001+0530][40.257s][info][gc,heap     ] GC(968) Survivor regions: 5->1(39)
[2026-05-27T11:23:59.001+0530][40.257s][info][gc,heap     ] GC(968) Old regions: 10->10
[2026-05-27T11:23:59.001+0530][40.257s][info][gc,heap     ] GC(968) Archive regions: 2->2
[2026-05-27T11:23:59.001+0530][40.257s][info][gc,heap     ] GC(968) Humongous regions: 0->0
[2026-05-27T11:23:59.001+0530][40.257s][info][gc,metaspace] GC(968) Metaspace: 1745K(2048K)->1745K(2048K) NonClass: 1568K(1728K)->1568K(1728K) Class: 177K(320K)->177K(320K)
[2026-05-27T11:23:59.001+0530][40.257s][info][gc          ] GC(968) Pause Young (Normal) (G1 Evacuation Pause) 316M->11M(512M) 0.782ms
[2026-05-27T11:23:59.001+0530][40.257s][info][gc,cpu      ] GC(968) User=0.00s Sys=0.00s Real=0.00s
[2026-05-27T11:23:59.041+0530][40.297s][info][gc,start    ] GC(969) Pause Young (Normal) (G1 Evacuation Pause)
[2026-05-27T11:23:59.041+0530][40.297s][info][gc,task     ] GC(969) Using 9 workers of 9 for evacuation
[2026-05-27T11:23:59.042+0530][40.298s][info][gc,phases   ] GC(969)   Pre Evacuate Collection Set: 0.09ms
[2026-05-27T11:23:59.042+0530][40.298s][info][gc,phases   ] GC(969)   Merge Heap Roots: 0.05ms
[2026-05-27T11:23:59.042+0530][40.298s][info][gc,phases   ] GC(969)   Evacuate Collection Set: 0.28ms
[2026-05-27T11:23:59.042+0530][40.298s][info][gc,phases   ] GC(969)   Post Evacuate Collection Set: 0.22ms
[2026-05-27T11:23:59.042+0530][40.298s][info][gc,phases   ] GC(969)   Other: 0.10ms
[2026-05-27T11:23:59.042+0530][40.298s][info][gc,heap     ] GC(969) Eden regions: 306->0(301)
[2026-05-27T11:23:59.042+0530][40.298s][info][gc,heap     ] GC(969) Survivor regions: 1->6(39)
[2026-05-27T11:23:59.042+0530][40.298s][info][gc,heap     ] GC(969) Old regions: 10->10
[2026-05-27T11:23:59.042+0530][40.298s][info][gc,heap     ] GC(969) Archive regions: 2->2
[2026-05-27T11:23:59.042+0530][40.298s][info][gc,heap     ] GC(969) Humongous regions: 0->0
[2026-05-27T11:23:59.042+0530][40.298s][info][gc,metaspace] GC(969) Metaspace: 1745K(2048K)->1745K(2048K) NonClass: 1568K(1728K)->1568K(1728K) Class: 177K(320K)->177K(320K)
[2026-05-27T11:23:59.042+0530][40.298s][info][gc          ] GC(969) Pause Young (Normal) (G1 Evacuation Pause) 316M->15M(512M) 0.814ms
[2026-05-27T11:23:59.042+0530][40.298s][info][gc,cpu      ] GC(969) User=0.00s Sys=0.00s Real=0.00s
[2026-05-27T11:23:59.083+0530][40.339s][info][gc,start    ] GC(970) Pause Young (Normal) (G1 Evacuation Pause)
[2026-05-27T11:23:59.083+0530][40.339s][info][gc,task     ] GC(970) Using 9 workers of 9 for evacuation
[2026-05-27T11:23:59.084+0530][40.340s][info][gc,phases   ] GC(970)   Pre Evacuate Collection Set: 0.07ms
[2026-05-27T11:23:59.084+0530][40.340s][info][gc,phases   ] GC(970)   Merge Heap Roots: 0.04ms
[2026-05-27T11:23:59.084+0530][40.340s][info][gc,phases   ] GC(970)   Evacuate Collection Set: 0.25ms
[2026-05-27T11:23:59.084+0530][40.340s][info][gc,phases   ] GC(970)   Post Evacuate Collection Set: 0.17ms
[2026-05-27T11:23:59.084+0530][40.340s][info][gc,phases   ] GC(970)   Other: 0.10ms
[2026-05-27T11:23:59.084+0530][40.340s][info][gc,heap     ] GC(970) Eden regions: 301->0(302)
[2026-05-27T11:23:59.084+0530][40.340s][info][gc,heap     ] GC(970) Survivor regions: 6->5(39)
[2026-05-27T11:23:59.084+0530][40.340s][info][gc,heap     ] GC(970) Old regions: 10->10
[2026-05-27T11:23:59.084+0530][40.340s][info][gc,heap     ] GC(970) Archive regions: 2->2
[2026-05-27T11:23:59.084+0530][40.340s][info][gc,heap     ] GC(970) Humongous regions: 0->0
[2026-05-27T11:23:59.084+0530][40.340s][info][gc,metaspace] GC(970) Metaspace: 1745K(2048K)->1745K(2048K) NonClass: 1568K(1728K)->1568K(1728K) Class: 177K(320K)->177K(320K)
[2026-05-27T11:23:59.084+0530][40.340s][info][gc          ] GC(970) Pause Young (Normal) (G1 Evacuation Pause) 316M->14M(512M) 0.680ms
[2026-05-27T11:23:59.084+0530][40.340s][info][gc,cpu      ] GC(970) User=0.00s Sys=0.01s Real=0.00s
[2026-05-27T11:23:59.130+0530][40.386s][info][gc,start    ] GC(971) Pause Young (Normal) (G1 Evacuation Pause)
[2026-05-27T11:23:59.130+0530][40.387s][info][gc,task     ] GC(971) Using 9 workers of 9 for evacuation
[2026-05-27T11:23:59.131+0530][40.387s][info][gc,phases   ] GC(971)   Pre Evacuate Collection Set: 0.07ms
[2026-05-27T11:23:59.131+0530][40.387s][info][gc,phases   ] GC(971)   Merge Heap Roots: 0.08ms
[2026-05-27T11:23:59.131+0530][40.387s][info][gc,phases   ] GC(971)   Evacuate Collection Set: 0.36ms
[2026-05-27T11:23:59.131+0530][40.387s][info][gc,phases   ] GC(971)   Post Evacuate Collection Set: 0.19ms
[2026-05-27T11:23:59.131+0530][40.387s][info][gc,phases   ] GC(971)   Other: 0.10ms
[2026-05-27T11:23:59.131+0530][40.387s][info][gc,heap     ] GC(971) Eden regions: 302->0(300)
[2026-05-27T11:23:59.131+0530][40.387s][info][gc,heap     ] GC(971) Survivor regions: 5->7(39)
[2026-05-27T11:23:59.131+0530][40.387s][info][gc,heap     ] GC(971) Old regions: 10->10
[2026-05-27T11:23:59.131+0530][40.387s][info][gc,heap     ] GC(971) Archive regions: 2->2
[2026-05-27T11:23:59.131+0530][40.387s][info][gc,heap     ] GC(971) Humongous regions: 9->0
[2026-05-27T11:23:59.131+0530][40.387s][info][gc,metaspace] GC(971) Metaspace: 1745K(2048K)->1745K(2048K) NonClass: 1568K(1728K)->1568K(1728K) Class: 177K(320K)->177K(320K)
[2026-05-27T11:23:59.131+0530][40.387s][info][gc          ] GC(971) Pause Young (Normal) (G1 Evacuation Pause) 325M->16M(512M) 0.872ms
[2026-05-27T11:23:59.131+0530][40.387s][info][gc,cpu      ] GC(971) User=0.00s Sys=0.00s Real=0.00s
[2026-05-27T11:23:59.171+0530][40.427s][info][gc,start    ] GC(972) Pause Young (Normal) (G1 Evacuation Pause)
[2026-05-27T11:23:59.171+0530][40.427s][info][gc,task     ] GC(972) Using 9 workers of 9 for evacuation
[2026-05-27T11:23:59.172+0530][40.428s][info][gc,phases   ] GC(972)   Pre Evacuate Collection Set: 0.07ms
[2026-05-27T11:23:59.172+0530][40.428s][info][gc,phases   ] GC(972)   Merge Heap Roots: 0.06ms
[2026-05-27T11:23:59.172+0530][40.428s][info][gc,phases   ] GC(972)   Evacuate Collection Set: 0.35ms
[2026-05-27T11:23:59.172+0530][40.428s][info][gc,phases   ] GC(972)   Post Evacuate Collection Set: 0.20ms
[2026-05-27T11:23:59.172+0530][40.428s][info][gc,phases   ] GC(972)   Other: 0.10ms
[2026-05-27T11:23:59.172+0530][40.428s][info][gc,heap     ] GC(972) Eden regions: 300->0(306)
[2026-05-27T11:23:59.172+0530][40.428s][info][gc,heap     ] GC(972) Survivor regions: 7->1(39)
[2026-05-27T11:23:59.172+0530][40.428s][info][gc,heap     ] GC(972) Old regions: 10->10
[2026-05-27T11:23:59.172+0530][40.428s][info][gc,heap     ] GC(972) Archive regions: 2->2
[2026-05-27T11:23:59.172+0530][40.428s][info][gc,heap     ] GC(972) Humongous regions: 0->0
[2026-05-27T11:23:59.172+0530][40.428s][info][gc,metaspace] GC(972) Metaspace: 1745K(2048K)->1745K(2048K) NonClass: 1568K(1728K)->1568K(1728K) Class: 177K(320K)->177K(320K)
[2026-05-27T11:23:59.172+0530][40.428s][info][gc          ] GC(972) Pause Young (Normal) (G1 Evacuation Pause) 316M->10M(512M) 0.847ms
[2026-05-27T11:23:59.172+0530][40.428s][info][gc,cpu      ] GC(972) User=0.00s Sys=0.00s Real=0.00s
[2026-05-27T11:23:59.210+0530][40.466s][info][gc,start    ] GC(973) Pause Young (Normal) (G1 Evacuation Pause)
[2026-05-27T11:23:59.210+0530][40.466s][info][gc,task     ] GC(973) Using 9 workers of 9 for evacuation
[2026-05-27T11:23:59.211+0530][40.467s][info][gc,phases   ] GC(973)   Pre Evacuate Collection Set: 0.05ms
[2026-05-27T11:23:59.211+0530][40.467s][info][gc,phases   ] GC(973)   Merge Heap Roots: 0.08ms
[2026-05-27T11:23:59.211+0530][40.467s][info][gc,phases   ] GC(973)   Evacuate Collection Set: 0.35ms
[2026-05-27T11:23:59.211+0530][40.467s][info][gc,phases   ] GC(973)   Post Evacuate Collection Set: 0.22ms
[2026-05-27T11:23:59.211+0530][40.467s][info][gc,phases   ] GC(973)   Other: 0.10ms
[2026-05-27T11:23:59.211+0530][40.467s][info][gc,heap     ] GC(973) Eden regions: 306->0(300)
[2026-05-27T11:23:59.211+0530][40.467s][info][gc,heap     ] GC(973) Survivor regions: 1->7(39)
[2026-05-27T11:23:59.211+0530][40.467s][info][gc,heap     ] GC(973) Old regions: 10->10
[2026-05-27T11:23:59.211+0530][40.467s][info][gc,heap     ] GC(973) Archive regions: 2->2
[2026-05-27T11:23:59.211+0530][40.467s][info][gc,heap     ] GC(973) Humongous regions: 0->0
[2026-05-27T11:23:59.211+0530][40.467s][info][gc,metaspace] GC(973) Metaspace: 1745K(2048K)->1745K(2048K) NonClass: 1568K(1728K)->1568K(1728K) Class: 177K(320K)->177K(320K)
[2026-05-27T11:23:59.211+0530][40.467s][info][gc          ] GC(973) Pause Young (Normal) (G1 Evacuation Pause) 316M->16M(512M) 0.858ms
[2026-05-27T11:23:59.211+0530][40.467s][info][gc,cpu      ] GC(973) User=0.01s Sys=0.00s Real=0.00s
[2026-05-27T11:23:59.252+0530][40.508s][info][gc,start    ] GC(974) Pause Young (Normal) (G1 Evacuation Pause)
[2026-05-27T11:23:59.252+0530][40.508s][info][gc,task     ] GC(974) Using 9 workers of 9 for evacuation
[2026-05-27T11:23:59.253+0530][40.509s][info][gc,phases   ] GC(974)   Pre Evacuate Collection Set: 0.05ms
[2026-05-27T11:23:59.253+0530][40.509s][info][gc,phases   ] GC(974)   Merge Heap Roots: 0.06ms
[2026-05-27T11:23:59.253+0530][40.509s][info][gc,phases   ] GC(974)   Evacuate Collection Set: 0.35ms
[2026-05-27T11:23:59.253+0530][40.509s][info][gc,phases   ] GC(974)   Post Evacuate Collection Set: 0.21ms
[2026-05-27T11:23:59.253+0530][40.509s][info][gc,phases   ] GC(974)   Other: 0.10ms
[2026-05-27T11:23:59.253+0530][40.509s][info][gc,heap     ] GC(974) Eden regions: 300->0(303)
[2026-05-27T11:23:59.253+0530][40.509s][info][gc,heap     ] GC(974) Survivor regions: 7->4(39)
[2026-05-27T11:23:59.253+0530][40.509s][info][gc,heap     ] GC(974) Old regions: 10->10
[2026-05-27T11:23:59.253+0530][40.509s][info][gc,heap     ] GC(974) Archive regions: 2->2
[2026-05-27T11:23:59.253+0530][40.509s][info][gc,heap     ] GC(974) Humongous regions: 9->0
[2026-05-27T11:23:59.253+0530][40.509s][info][gc,metaspace] GC(974) Metaspace: 1745K(2048K)->1745K(2048K) NonClass: 1568K(1728K)->1568K(1728K) Class: 177K(320K)->177K(320K)
[2026-05-27T11:23:59.253+0530][40.509s][info][gc          ] GC(974) Pause Young (Normal) (G1 Evacuation Pause) 325M->13M(512M) 0.842ms
[2026-05-27T11:23:59.253+0530][40.509s][info][gc,cpu      ] GC(974) User=0.00s Sys=0.00s Real=0.00s
[2026-05-27T11:23:59.290+0530][40.546s][info][gc,start    ] GC(975) Pause Young (Normal) (G1 Evacuation Pause)
[2026-05-27T11:23:59.290+0530][40.546s][info][gc,task     ] GC(975) Using 9 workers of 9 for evacuation
[2026-05-27T11:23:59.291+0530][40.547s][info][gc,phases   ] GC(975)   Pre Evacuate Collection Set: 0.06ms
[2026-05-27T11:23:59.291+0530][40.547s][info][gc,phases   ] GC(975)   Merge Heap Roots: 0.08ms
[2026-05-27T11:23:59.291+0530][40.547s][info][gc,phases   ] GC(975)   Evacuate Collection Set: 0.52ms
[2026-05-27T11:23:59.291+0530][40.547s][info][gc,phases   ] GC(975)   Post Evacuate Collection Set: 0.25ms
[2026-05-27T11:23:59.291+0530][40.547s][info][gc,phases   ] GC(975)   Other: 0.14ms
[2026-05-27T11:23:59.291+0530][40.547s][info][gc,heap     ] GC(975) Eden regions: 303->0(301)
[2026-05-27T11:23:59.291+0530][40.547s][info][gc,heap     ] GC(975) Survivor regions: 4->6(39)
[2026-05-27T11:23:59.291+0530][40.548s][info][gc,heap     ] GC(975) Old regions: 10->10
[2026-05-27T11:23:59.291+0530][40.548s][info][gc,heap     ] GC(975) Archive regions: 2->2
[2026-05-27T11:23:59.291+0530][40.548s][info][gc,heap     ] GC(975) Humongous regions: 0->0
[2026-05-27T11:23:59.291+0530][40.548s][info][gc,metaspace] GC(975) Metaspace: 1745K(2048K)->1745K(2048K) NonClass: 1568K(1728K)->1568K(1728K) Class: 177K(320K)->177K(320K)
[2026-05-27T11:23:59.291+0530][40.548s][info][gc          ] GC(975) Pause Young (Normal) (G1 Evacuation Pause) 316M->16M(512M) 1.119ms
[2026-05-27T11:23:59.291+0530][40.548s][info][gc,cpu      ] GC(975) User=0.01s Sys=0.00s Real=0.00s
[2026-05-27T11:23:59.332+0530][40.588s][info][gc,start    ] GC(976) Pause Young (Normal) (G1 Evacuation Pause)
[2026-05-27T11:23:59.332+0530][40.588s][info][gc,task     ] GC(976) Using 9 workers of 9 for evacuation
[2026-05-27T11:23:59.333+0530][40.589s][info][gc,phases   ] GC(976)   Pre Evacuate Collection Set: 0.09ms
[2026-05-27T11:23:59.333+0530][40.589s][info][gc,phases   ] GC(976)   Merge Heap Roots: 0.07ms
[2026-05-27T11:23:59.333+0530][40.589s][info][gc,phases   ] GC(976)   Evacuate Collection Set: 0.32ms
[2026-05-27T11:23:59.333+0530][40.589s][info][gc,phases   ] GC(976)   Post Evacuate Collection Set: 0.18ms
[2026-05-27T11:23:59.333+0530][40.589s][info][gc,phases   ] GC(976)   Other: 0.10ms
[2026-05-27T11:23:59.333+0530][40.589s][info][gc,heap     ] GC(976) Eden regions: 301->0(306)
[2026-05-27T11:23:59.333+0530][40.589s][info][gc,heap     ] GC(976) Survivor regions: 6->1(39)
[2026-05-27T11:23:59.333+0530][40.589s][info][gc,heap     ] GC(976) Old regions: 10->10
[2026-05-27T11:23:59.333+0530][40.589s][info][gc,heap     ] GC(976) Archive regions: 2->2
[2026-05-27T11:23:59.333+0530][40.589s][info][gc,heap     ] GC(976) Humongous regions: 0->0
[2026-05-27T11:23:59.333+0530][40.589s][info][gc,metaspace] GC(976) Metaspace: 1745K(2048K)->1745K(2048K) NonClass: 1568K(1728K)->1568K(1728K) Class: 177K(320K)->177K(320K)
[2026-05-27T11:23:59.333+0530][40.589s][info][gc          ] GC(976) Pause Young (Normal) (G1 Evacuation Pause) 317M->10M(512M) 0.822ms
[2026-05-27T11:23:59.333+0530][40.589s][info][gc,cpu      ] GC(976) User=0.00s Sys=0.00s Real=0.00s
[2026-05-27T11:23:59.372+0530][40.628s][info][gc,start    ] GC(977) Pause Young (Normal) (G1 Evacuation Pause)
[2026-05-27T11:23:59.372+0530][40.628s][info][gc,task     ] GC(977) Using 9 workers of 9 for evacuation
[2026-05-27T11:23:59.373+0530][40.629s][info][gc,phases   ] GC(977)   Pre Evacuate Collection Set: 0.11ms
[2026-05-27T11:23:59.373+0530][40.629s][info][gc,phases   ] GC(977)   Merge Heap Roots: 0.07ms
[2026-05-27T11:23:59.373+0530][40.629s][info][gc,phases   ] GC(977)   Evacuate Collection Set: 0.29ms
[2026-05-27T11:23:59.373+0530][40.629s][info][gc,phases   ] GC(977)   Post Evacuate Collection Set: 0.23ms
[2026-05-27T11:23:59.373+0530][40.629s][info][gc,phases   ] GC(977)   Other: 0.10ms
[2026-05-27T11:23:59.373+0530][40.629s][info][gc,heap     ] GC(977) Eden regions: 306->0(301)
[2026-05-27T11:23:59.373+0530][40.629s][info][gc,heap     ] GC(977) Survivor regions: 1->6(39)
[2026-05-27T11:23:59.373+0530][40.629s][info][gc,heap     ] GC(977) Old regions: 10->10
[2026-05-27T11:23:59.373+0530][40.629s][info][gc,heap     ] GC(977) Archive regions: 2->2
[2026-05-27T11:23:59.373+0530][40.629s][info][gc,heap     ] GC(977) Humongous regions: 0->0
[2026-05-27T11:23:59.373+0530][40.629s][info][gc,metaspace] GC(977) Metaspace: 1745K(2048K)->1745K(2048K) NonClass: 1568K(1728K)->1568K(1728K) Class: 177K(320K)->177K(320K)
[2026-05-27T11:23:59.373+0530][40.629s][info][gc          ] GC(977) Pause Young (Normal) (G1 Evacuation Pause) 316M->15M(512M) 0.865ms
[2026-05-27T11:23:59.373+0530][40.629s][info][gc,cpu      ] GC(977) User=0.00s Sys=0.00s Real=0.00s
[2026-05-27T11:23:59.418+0530][40.674s][info][gc,start    ] GC(978) Pause Young (Normal) (G1 Evacuation Pause)
[2026-05-27T11:23:59.418+0530][40.674s][info][gc,task     ] GC(978) Using 9 workers of 9 for evacuation
[2026-05-27T11:23:59.421+0530][40.677s][info][gc,phases   ] GC(978)   Pre Evacuate Collection Set: 0.36ms
[2026-05-27T11:23:59.421+0530][40.677s][info][gc,phases   ] GC(978)   Merge Heap Roots: 0.07ms
[2026-05-27T11:23:59.421+0530][40.677s][info][gc,phases   ] GC(978)   Evacuate Collection Set: 1.68ms
[2026-05-27T11:23:59.421+0530][40.677s][info][gc,phases   ] GC(978)   Post Evacuate Collection Set: 0.35ms
[2026-05-27T11:23:59.421+0530][40.677s][info][gc,phases   ] GC(978)   Other: 0.21ms
[2026-05-27T11:23:59.421+0530][40.677s][info][gc,heap     ] GC(978) Eden regions: 301->0(303)
[2026-05-27T11:23:59.421+0530][40.677s][info][gc,heap     ] GC(978) Survivor regions: 6->4(39)
[2026-05-27T11:23:59.421+0530][40.677s][info][gc,heap     ] GC(978) Old regions: 10->10
[2026-05-27T11:23:59.421+0530][40.677s][info][gc,heap     ] GC(978) Archive regions: 2->2
[2026-05-27T11:23:59.421+0530][40.677s][info][gc,heap     ] GC(978) Humongous regions: 9->0
[2026-05-27T11:23:59.421+0530][40.677s][info][gc,metaspace] GC(978) Metaspace: 1745K(2048K)->1745K(2048K) NonClass: 1568K(1728K)->1568K(1728K) Class: 177K(320K)->177K(320K)
[2026-05-27T11:23:59.421+0530][40.677s][info][gc          ] GC(978) Pause Young (Normal) (G1 Evacuation Pause) 325M->14M(512M) 2.768ms
[2026-05-27T11:23:59.421+0530][40.677s][info][gc,cpu      ] GC(978) User=0.00s Sys=0.00s Real=0.01s
[2026-05-27T11:23:59.460+0530][40.716s][info][gc,start    ] GC(979) Pause Young (Normal) (G1 Evacuation Pause)
[2026-05-27T11:23:59.460+0530][40.716s][info][gc,task     ] GC(979) Using 9 workers of 9 for evacuation
[2026-05-27T11:23:59.460+0530][40.716s][info][gc,phases   ] GC(979)   Pre Evacuate Collection Set: 0.09ms
[2026-05-27T11:23:59.460+0530][40.716s][info][gc,phases   ] GC(979)   Merge Heap Roots: 0.05ms
[2026-05-27T11:23:59.460+0530][40.716s][info][gc,phases   ] GC(979)   Evacuate Collection Set: 0.24ms
[2026-05-27T11:23:59.460+0530][40.716s][info][gc,phases   ] GC(979)   Post Evacuate Collection Set: 0.24ms
[2026-05-27T11:23:59.460+0530][40.716s][info][gc,phases   ] GC(979)   Other: 0.10ms
[2026-05-27T11:23:59.460+0530][40.716s][info][gc,heap     ] GC(979) Eden regions: 303->0(306)
[2026-05-27T11:23:59.460+0530][40.716s][info][gc,heap     ] GC(979) Survivor regions: 4->1(39)
[2026-05-27T11:23:59.460+0530][40.716s][info][gc,heap     ] GC(979) Old regions: 10->10
[2026-05-27T11:23:59.460+0530][40.716s][info][gc,heap     ] GC(979) Archive regions: 2->2
[2026-05-27T11:23:59.460+0530][40.716s][info][gc,heap     ] GC(979) Humongous regions: 9->0
[2026-05-27T11:23:59.460+0530][40.716s][info][gc,metaspace] GC(979) Metaspace: 1745K(2048K)->1745K(2048K) NonClass: 1568K(1728K)->1568K(1728K) Class: 177K(320K)->177K(320K)
[2026-05-27T11:23:59.460+0530][40.716s][info][gc          ] GC(979) Pause Young (Normal) (G1 Evacuation Pause) 325M->10M(512M) 0.813ms
[2026-05-27T11:23:59.460+0530][40.716s][info][gc,cpu      ] GC(979) User=0.01s Sys=0.01s Real=0.00s
[2026-05-27T11:23:59.507+0530][40.764s][info][gc,start    ] GC(980) Pause Young (Normal) (G1 Evacuation Pause)
[2026-05-27T11:23:59.507+0530][40.764s][info][gc,task     ] GC(980) Using 9 workers of 9 for evacuation
[2026-05-27T11:23:59.508+0530][40.764s][info][gc,phases   ] GC(980)   Pre Evacuate Collection Set: 0.08ms
[2026-05-27T11:23:59.508+0530][40.764s][info][gc,phases   ] GC(980)   Merge Heap Roots: 0.04ms
[2026-05-27T11:23:59.508+0530][40.764s][info][gc,phases   ] GC(980)   Evacuate Collection Set: 0.37ms
[2026-05-27T11:23:59.508+0530][40.764s][info][gc,phases   ] GC(980)   Post Evacuate Collection Set: 0.17ms
[2026-05-27T11:23:59.508+0530][40.764s][info][gc,phases   ] GC(980)   Other: 0.10ms
[2026-05-27T11:23:59.508+0530][40.764s][info][gc,heap     ] GC(980) Eden regions: 306->0(303)
[2026-05-27T11:23:59.508+0530][40.764s][info][gc,heap     ] GC(980) Survivor regions: 1->4(39)
[2026-05-27T11:23:59.508+0530][40.764s][info][gc,heap     ] GC(980) Old regions: 10->10
[2026-05-27T11:23:59.508+0530][40.764s][info][gc,heap     ] GC(980) Archive regions: 2->2
[2026-05-27T11:23:59.508+0530][40.764s][info][gc,heap     ] GC(980) Humongous regions: 0->0
[2026-05-27T11:23:59.508+0530][40.764s][info][gc,metaspace] GC(980) Metaspace: 1745K(2048K)->1745K(2048K) NonClass: 1568K(1728K)->1568K(1728K) Class: 177K(320K)->177K(320K)
[2026-05-27T11:23:59.508+0530][40.764s][info][gc          ] GC(980) Pause Young (Normal) (G1 Evacuation Pause) 316M->14M(512M) 0.821ms
[2026-05-27T11:23:59.508+0530][40.764s][info][gc,cpu      ] GC(980) User=0.00s Sys=0.00s Real=0.00s
[2026-05-27T11:23:59.549+0530][40.805s][info][gc,start    ] GC(981) Pause Young (Normal) (G1 Evacuation Pause)
[2026-05-27T11:23:59.549+0530][40.806s][info][gc,task     ] GC(981) Using 9 workers of 9 for evacuation
[2026-05-27T11:23:59.550+0530][40.806s][info][gc,phases   ] GC(981)   Pre Evacuate Collection Set: 0.11ms
[2026-05-27T11:23:59.550+0530][40.806s][info][gc,phases   ] GC(981)   Merge Heap Roots: 0.09ms
[2026-05-27T11:23:59.550+0530][40.806s][info][gc,phases   ] GC(981)   Evacuate Collection Set: 0.28ms
[2026-05-27T11:23:59.550+0530][40.806s][info][gc,phases   ] GC(981)   Post Evacuate Collection Set: 0.18ms
[2026-05-27T11:23:59.550+0530][40.806s][info][gc,phases   ] GC(981)   Other: 0.10ms
[2026-05-27T11:23:59.550+0530][40.806s][info][gc,heap     ] GC(981) Eden regions: 303->0(302)
[2026-05-27T11:23:59.550+0530][40.806s][info][gc,heap     ] GC(981) Survivor regions: 4->5(39)
[2026-05-27T11:23:59.550+0530][40.806s][info][gc,heap     ] GC(981) Old regions: 10->10
[2026-05-27T11:23:59.550+0530][40.806s][info][gc,heap     ] GC(981) Archive regions: 2->2
[2026-05-27T11:23:59.550+0530][40.806s][info][gc,heap     ] GC(981) Humongous regions: 0->0
[2026-05-27T11:23:59.550+0530][40.806s][info][gc,metaspace] GC(981) Metaspace: 1745K(2048K)->1745K(2048K) NonClass: 1568K(1728K)->1568K(1728K) Class: 177K(320K)->177K(320K)
[2026-05-27T11:23:59.550+0530][40.806s][info][gc          ] GC(981) Pause Young (Normal) (G1 Evacuation Pause) 316M->14M(512M) 0.851ms
[2026-05-27T11:23:59.550+0530][40.806s][info][gc,cpu      ] GC(981) User=0.00s Sys=0.00s Real=0.01s
[2026-05-27T11:23:59.592+0530][40.848s][info][gc,start    ] GC(982) Pause Young (Normal) (G1 Evacuation Pause)
[2026-05-27T11:23:59.592+0530][40.848s][info][gc,task     ] GC(982) Using 9 workers of 9 for evacuation
[2026-05-27T11:23:59.593+0530][40.849s][info][gc,phases   ] GC(982)   Pre Evacuate Collection Set: 0.05ms
[2026-05-27T11:23:59.593+0530][40.849s][info][gc,phases   ] GC(982)   Merge Heap Roots: 0.06ms
[2026-05-27T11:23:59.593+0530][40.849s][info][gc,phases   ] GC(982)   Evacuate Collection Set: 0.36ms
[2026-05-27T11:23:59.593+0530][40.849s][info][gc,phases   ] GC(982)   Post Evacuate Collection Set: 0.19ms
[2026-05-27T11:23:59.593+0530][40.849s][info][gc,phases   ] GC(982)   Other: 0.10ms
[2026-05-27T11:23:59.593+0530][40.849s][info][gc,heap     ] GC(982) Eden regions: 302->0(302)
[2026-05-27T11:23:59.593+0530][40.849s][info][gc,heap     ] GC(982) Survivor regions: 5->5(39)
[2026-05-27T11:23:59.593+0530][40.849s][info][gc,heap     ] GC(982) Old regions: 10->10
[2026-05-27T11:23:59.593+0530][40.849s][info][gc,heap     ] GC(982) Archive regions: 2->2
[2026-05-27T11:23:59.593+0530][40.849s][info][gc,heap     ] GC(982) Humongous regions: 0->0
[2026-05-27T11:23:59.593+0530][40.849s][info][gc,metaspace] GC(982) Metaspace: 1745K(2048K)->1745K(2048K) NonClass: 1568K(1728K)->1568K(1728K) Class: 177K(320K)->177K(320K)
[2026-05-27T11:23:59.593+0530][40.849s][info][gc          ] GC(982) Pause Young (Normal) (G1 Evacuation Pause) 316M->14M(512M) 0.831ms
[2026-05-27T11:23:59.593+0530][40.849s][info][gc,cpu      ] GC(982) User=0.00s Sys=0.00s Real=0.00s
[2026-05-27T11:23:59.633+0530][40.889s][info][gc,start    ] GC(983) Pause Young (Normal) (G1 Evacuation Pause)
[2026-05-27T11:23:59.633+0530][40.889s][info][gc,task     ] GC(983) Using 9 workers of 9 for evacuation
[2026-05-27T11:23:59.634+0530][40.890s][info][gc,phases   ] GC(983)   Pre Evacuate Collection Set: 0.09ms
[2026-05-27T11:23:59.634+0530][40.890s][info][gc,phases   ] GC(983)   Merge Heap Roots: 0.08ms
[2026-05-27T11:23:59.634+0530][40.890s][info][gc,phases   ] GC(983)   Evacuate Collection Set: 0.33ms
[2026-05-27T11:23:59.634+0530][40.890s][info][gc,phases   ] GC(983)   Post Evacuate Collection Set: 0.16ms
[2026-05-27T11:23:59.634+0530][40.890s][info][gc,phases   ] GC(983)   Other: 0.11ms
[2026-05-27T11:23:59.634+0530][40.890s][info][gc,heap     ] GC(983) Eden regions: 302->0(301)
[2026-05-27T11:23:59.634+0530][40.890s][info][gc,heap     ] GC(983) Survivor regions: 5->6(39)
[2026-05-27T11:23:59.634+0530][40.890s][info][gc,heap     ] GC(983) Old regions: 10->10
[2026-05-27T11:23:59.634+0530][40.890s][info][gc,heap     ] GC(983) Archive regions: 2->2
[2026-05-27T11:23:59.634+0530][40.890s][info][gc,heap     ] GC(983) Humongous regions: 0->0
[2026-05-27T11:23:59.634+0530][40.890s][info][gc,metaspace] GC(983) Metaspace: 1745K(2048K)->1745K(2048K) NonClass: 1568K(1728K)->1568K(1728K) Class: 177K(320K)->177K(320K)
[2026-05-27T11:23:59.634+0530][40.890s][info][gc          ] GC(983) Pause Young (Normal) (G1 Evacuation Pause) 316M->15M(512M) 0.848ms
[2026-05-27T11:23:59.634+0530][40.890s][info][gc,cpu      ] GC(983) User=0.01s Sys=0.00s Real=0.00s
[2026-05-27T11:23:59.673+0530][40.929s][info][gc,start    ] GC(984) Pause Young (Normal) (G1 Evacuation Pause)
[2026-05-27T11:23:59.673+0530][40.929s][info][gc,task     ] GC(984) Using 9 workers of 9 for evacuation
[2026-05-27T11:23:59.674+0530][40.930s][info][gc,phases   ] GC(984)   Pre Evacuate Collection Set: 0.10ms
[2026-05-27T11:23:59.674+0530][40.930s][info][gc,phases   ] GC(984)   Merge Heap Roots: 0.07ms
[2026-05-27T11:23:59.674+0530][40.930s][info][gc,phases   ] GC(984)   Evacuate Collection Set: 0.33ms
[2026-05-27T11:23:59.674+0530][40.930s][info][gc,phases   ] GC(984)   Post Evacuate Collection Set: 0.20ms
[2026-05-27T11:23:59.674+0530][40.930s][info][gc,phases   ] GC(984)   Other: 0.10ms
[2026-05-27T11:23:59.674+0530][40.930s][info][gc,heap     ] GC(984) Eden regions: 301->0(300)
[2026-05-27T11:23:59.674+0530][40.930s][info][gc,heap     ] GC(984) Survivor regions: 6->7(39)
[2026-05-27T11:23:59.674+0530][40.930s][info][gc,heap     ] GC(984) Old regions: 10->10
[2026-05-27T11:23:59.674+0530][40.930s][info][gc,heap     ] GC(984) Archive regions: 2->2
[2026-05-27T11:23:59.674+0530][40.930s][info][gc,heap     ] GC(984) Humongous regions: 0->0
[2026-05-27T11:23:59.674+0530][40.930s][info][gc,metaspace] GC(984) Metaspace: 1745K(2048K)->1745K(2048K) NonClass: 1568K(1728K)->1568K(1728K) Class: 177K(320K)->177K(320K)
[2026-05-27T11:23:59.674+0530][40.930s][info][gc          ] GC(984) Pause Young (Normal) (G1 Evacuation Pause) 316M->16M(512M) 0.866ms
[2026-05-27T11:23:59.674+0530][40.930s][info][gc,cpu      ] GC(984) User=0.00s Sys=0.00s Real=0.00s
[2026-05-27T11:23:59.719+0530][40.975s][info][gc,start    ] GC(985) Pause Young (Normal) (G1 Evacuation Pause)
[2026-05-27T11:23:59.719+0530][40.975s][info][gc,task     ] GC(985) Using 9 workers of 9 for evacuation
[2026-05-27T11:23:59.720+0530][40.976s][info][gc,phases   ] GC(985)   Pre Evacuate Collection Set: 0.08ms
[2026-05-27T11:23:59.720+0530][40.976s][info][gc,phases   ] GC(985)   Merge Heap Roots: 0.05ms
[2026-05-27T11:23:59.720+0530][40.976s][info][gc,phases   ] GC(985)   Evacuate Collection Set: 0.29ms
[2026-05-27T11:23:59.720+0530][40.976s][info][gc,phases   ] GC(985)   Post Evacuate Collection Set: 0.22ms
[2026-05-27T11:23:59.720+0530][40.976s][info][gc,phases   ] GC(985)   Other: 0.11ms
[2026-05-27T11:23:59.720+0530][40.976s][info][gc,heap     ] GC(985) Eden regions: 300->0(302)
[2026-05-27T11:23:59.720+0530][40.976s][info][gc,heap     ] GC(985) Survivor regions: 7->5(39)
[2026-05-27T11:23:59.720+0530][40.976s][info][gc,heap     ] GC(985) Old regions: 10->10
[2026-05-27T11:23:59.720+0530][40.976s][info][gc,heap     ] GC(985) Archive regions: 2->2
[2026-05-27T11:23:59.720+0530][40.976s][info][gc,heap     ] GC(985) Humongous regions: 0->0
[2026-05-27T11:23:59.720+0530][40.976s][info][gc,metaspace] GC(985) Metaspace: 1745K(2048K)->1745K(2048K) NonClass: 1568K(1728K)->1568K(1728K) Class: 177K(320K)->177K(320K)
[2026-05-27T11:23:59.720+0530][40.976s][info][gc          ] GC(985) Pause Young (Normal) (G1 Evacuation Pause) 316M->14M(512M) 0.810ms
[2026-05-27T11:23:59.720+0530][40.976s][info][gc,cpu      ] GC(985) User=0.00s Sys=0.00s Real=0.01s
[2026-05-27T11:23:59.764+0530][41.020s][info][gc,start    ] GC(986) Pause Young (Normal) (G1 Evacuation Pause)
[2026-05-27T11:23:59.764+0530][41.020s][info][gc,task     ] GC(986) Using 9 workers of 9 for evacuation
[2026-05-27T11:23:59.765+0530][41.021s][info][gc,phases   ] GC(986)   Pre Evacuate Collection Set: 0.10ms
[2026-05-27T11:23:59.765+0530][41.021s][info][gc,phases   ] GC(986)   Merge Heap Roots: 0.11ms
[2026-05-27T11:23:59.765+0530][41.021s][info][gc,phases   ] GC(986)   Evacuate Collection Set: 0.37ms
[2026-05-27T11:23:59.765+0530][41.021s][info][gc,phases   ] GC(986)   Post Evacuate Collection Set: 0.23ms
[2026-05-27T11:23:59.765+0530][41.021s][info][gc,phases   ] GC(986)   Other: 0.10ms
[2026-05-27T11:23:59.765+0530][41.021s][info][gc,heap     ] GC(986) Eden regions: 302->0(301)
[2026-05-27T11:23:59.765+0530][41.021s][info][gc,heap     ] GC(986) Survivor regions: 5->6(39)
[2026-05-27T11:23:59.765+0530][41.021s][info][gc,heap     ] GC(986) Old regions: 10->10
[2026-05-27T11:23:59.765+0530][41.021s][info][gc,heap     ] GC(986) Archive regions: 2->2
[2026-05-27T11:23:59.765+0530][41.021s][info][gc,heap     ] GC(986) Humongous regions: 0->0
[2026-05-27T11:23:59.765+0530][41.021s][info][gc,metaspace] GC(986) Metaspace: 1745K(2048K)->1745K(2048K) NonClass: 1568K(1728K)->1568K(1728K) Class: 177K(320K)->177K(320K)
[2026-05-27T11:23:59.765+0530][41.021s][info][gc          ] GC(986) Pause Young (Normal) (G1 Evacuation Pause) 316M->15M(512M) 0.990ms
[2026-05-27T11:23:59.765+0530][41.021s][info][gc,cpu      ] GC(986) User=0.01s Sys=0.00s Real=0.00s
[2026-05-27T11:23:59.810+0530][41.066s][info][gc,start    ] GC(987) Pause Young (Normal) (G1 Evacuation Pause)
[2026-05-27T11:23:59.810+0530][41.066s][info][gc,task     ] GC(987) Using 9 workers of 9 for evacuation
[2026-05-27T11:23:59.811+0530][41.067s][info][gc,phases   ] GC(987)   Pre Evacuate Collection Set: 0.10ms
[2026-05-27T11:23:59.811+0530][41.067s][info][gc,phases   ] GC(987)   Merge Heap Roots: 0.13ms
[2026-05-27T11:23:59.811+0530][41.067s][info][gc,phases   ] GC(987)   Evacuate Collection Set: 0.41ms
[2026-05-27T11:23:59.811+0530][41.067s][info][gc,phases   ] GC(987)   Post Evacuate Collection Set: 0.26ms
[2026-05-27T11:23:59.811+0530][41.067s][info][gc,phases   ] GC(987)   Other: 0.19ms
[2026-05-27T11:23:59.811+0530][41.067s][info][gc,heap     ] GC(987) Eden regions: 301->0(301)
[2026-05-27T11:23:59.811+0530][41.067s][info][gc,heap     ] GC(987) Survivor regions: 6->6(39)
[2026-05-27T11:23:59.811+0530][41.067s][info][gc,heap     ] GC(987) Old regions: 10->10
[2026-05-27T11:23:59.811+0530][41.067s][info][gc,heap     ] GC(987) Archive regions: 2->2
[2026-05-27T11:23:59.811+0530][41.067s][info][gc,heap     ] GC(987) Humongous regions: 9->0
[2026-05-27T11:23:59.811+0530][41.067s][info][gc,metaspace] GC(987) Metaspace: 1745K(2048K)->1745K(2048K) NonClass: 1568K(1728K)->1568K(1728K) Class: 177K(320K)->177K(320K)
[2026-05-27T11:23:59.811+0530][41.067s][info][gc          ] GC(987) Pause Young (Normal) (G1 Evacuation Pause) 325M->15M(512M) 1.170ms
[2026-05-27T11:23:59.811+0530][41.067s][info][gc,cpu      ] GC(987) User=0.00s Sys=0.00s Real=0.00s
[2026-05-27T11:23:59.850+0530][41.107s][info][gc,start    ] GC(988) Pause Young (Normal) (G1 Evacuation Pause)
[2026-05-27T11:23:59.850+0530][41.107s][info][gc,task     ] GC(988) Using 9 workers of 9 for evacuation
[2026-05-27T11:23:59.851+0530][41.108s][info][gc,phases   ] GC(988)   Pre Evacuate Collection Set: 0.10ms
[2026-05-27T11:23:59.852+0530][41.108s][info][gc,phases   ] GC(988)   Merge Heap Roots: 0.13ms
[2026-05-27T11:23:59.852+0530][41.108s][info][gc,phases   ] GC(988)   Evacuate Collection Set: 0.42ms
[2026-05-27T11:23:59.852+0530][41.108s][info][gc,phases   ] GC(988)   Post Evacuate Collection Set: 0.29ms
[2026-05-27T11:23:59.852+0530][41.108s][info][gc,phases   ] GC(988)   Other: 0.09ms
[2026-05-27T11:23:59.852+0530][41.108s][info][gc,heap     ] GC(988) Eden regions: 301->0(301)
[2026-05-27T11:23:59.852+0530][41.108s][info][gc,heap     ] GC(988) Survivor regions: 6->6(39)
[2026-05-27T11:23:59.852+0530][41.108s][info][gc,heap     ] GC(988) Old regions: 10->10
[2026-05-27T11:23:59.852+0530][41.108s][info][gc,heap     ] GC(988) Archive regions: 2->2
[2026-05-27T11:23:59.852+0530][41.108s][info][gc,heap     ] GC(988) Humongous regions: 9->0
[2026-05-27T11:23:59.852+0530][41.108s][info][gc,metaspace] GC(988) Metaspace: 1745K(2048K)->1745K(2048K) NonClass: 1568K(1728K)->1568K(1728K) Class: 177K(320K)->177K(320K)
[2026-05-27T11:23:59.852+0530][41.108s][info][gc          ] GC(988) Pause Young (Normal) (G1 Evacuation Pause) 325M->16M(512M) 1.126ms
[2026-05-27T11:23:59.852+0530][41.108s][info][gc,cpu      ] GC(988) User=0.00s Sys=0.00s Real=0.00s
[2026-05-27T11:23:59.893+0530][41.150s][info][gc,start    ] GC(989) Pause Young (Normal) (G1 Evacuation Pause)
[2026-05-27T11:23:59.894+0530][41.150s][info][gc,task     ] GC(989) Using 9 workers of 9 for evacuation
[2026-05-27T11:23:59.894+0530][41.150s][info][gc,phases   ] GC(989)   Pre Evacuate Collection Set: 0.10ms
[2026-05-27T11:23:59.894+0530][41.150s][info][gc,phases   ] GC(989)   Merge Heap Roots: 0.04ms
[2026-05-27T11:23:59.894+0530][41.150s][info][gc,phases   ] GC(989)   Evacuate Collection Set: 0.28ms
[2026-05-27T11:23:59.894+0530][41.150s][info][gc,phases   ] GC(989)   Post Evacuate Collection Set: 0.20ms
[2026-05-27T11:23:59.894+0530][41.150s][info][gc,phases   ] GC(989)   Other: 0.11ms
[2026-05-27T11:23:59.894+0530][41.150s][info][gc,heap     ] GC(989) Eden regions: 301->0(305)
[2026-05-27T11:23:59.894+0530][41.150s][info][gc,heap     ] GC(989) Survivor regions: 6->2(39)
[2026-05-27T11:23:59.894+0530][41.150s][info][gc,heap     ] GC(989) Old regions: 10->10
[2026-05-27T11:23:59.894+0530][41.150s][info][gc,heap     ] GC(989) Archive regions: 2->2
[2026-05-27T11:23:59.894+0530][41.150s][info][gc,heap     ] GC(989) Humongous regions: 0->0
[2026-05-27T11:23:59.894+0530][41.150s][info][gc,metaspace] GC(989) Metaspace: 1745K(2048K)->1745K(2048K) NonClass: 1568K(1728K)->1568K(1728K) Class: 177K(320K)->177K(320K)
[2026-05-27T11:23:59.894+0530][41.150s][info][gc          ] GC(989) Pause Young (Normal) (G1 Evacuation Pause) 316M->11M(512M) 0.817ms
[2026-05-27T11:23:59.894+0530][41.150s][info][gc,cpu      ] GC(989) User=0.00s Sys=0.00s Real=0.00s
[2026-05-27T11:23:59.935+0530][41.191s][info][gc,start    ] GC(990) Pause Young (Normal) (G1 Evacuation Pause)
[2026-05-27T11:23:59.935+0530][41.191s][info][gc,task     ] GC(990) Using 9 workers of 9 for evacuation
[2026-05-27T11:23:59.936+0530][41.192s][info][gc,phases   ] GC(990)   Pre Evacuate Collection Set: 0.11ms
[2026-05-27T11:23:59.936+0530][41.192s][info][gc,phases   ] GC(990)   Merge Heap Roots: 0.06ms
[2026-05-27T11:23:59.936+0530][41.192s][info][gc,phases   ] GC(990)   Evacuate Collection Set: 0.26ms
[2026-05-27T11:23:59.936+0530][41.192s][info][gc,phases   ] GC(990)   Post Evacuate Collection Set: 0.19ms
[2026-05-27T11:23:59.936+0530][41.192s][info][gc,phases   ] GC(990)   Other: 0.12ms
[2026-05-27T11:23:59.936+0530][41.192s][info][gc,heap     ] GC(990) Eden regions: 305->0(301)
[2026-05-27T11:23:59.936+0530][41.192s][info][gc,heap     ] GC(990) Survivor regions: 2->6(39)
[2026-05-27T11:23:59.936+0530][41.192s][info][gc,heap     ] GC(990) Old regions: 10->10
[2026-05-27T11:23:59.936+0530][41.192s][info][gc,heap     ] GC(990) Archive regions: 2->2
[2026-05-27T11:23:59.936+0530][41.192s][info][gc,heap     ] GC(990) Humongous regions: 0->0
[2026-05-27T11:23:59.936+0530][41.192s][info][gc,metaspace] GC(990) Metaspace: 1745K(2048K)->1745K(2048K) NonClass: 1568K(1728K)->1568K(1728K) Class: 177K(320K)->177K(320K)
[2026-05-27T11:23:59.936+0530][41.192s][info][gc          ] GC(990) Pause Young (Normal) (G1 Evacuation Pause) 316M->15M(512M) 0.822ms
[2026-05-27T11:23:59.936+0530][41.192s][info][gc,cpu      ] GC(990) User=0.00s Sys=0.00s Real=0.00s
[2026-05-27T11:23:59.979+0530][41.235s][info][gc,start    ] GC(991) Pause Young (Normal) (G1 Evacuation Pause)
[2026-05-27T11:23:59.979+0530][41.235s][info][gc,task     ] GC(991) Using 9 workers of 9 for evacuation
[2026-05-27T11:23:59.980+0530][41.236s][info][gc,phases   ] GC(991)   Pre Evacuate Collection Set: 0.11ms
[2026-05-27T11:23:59.980+0530][41.236s][info][gc,phases   ] GC(991)   Merge Heap Roots: 0.05ms
[2026-05-27T11:23:59.980+0530][41.236s][info][gc,phases   ] GC(991)   Evacuate Collection Set: 0.35ms
[2026-05-27T11:23:59.980+0530][41.236s][info][gc,phases   ] GC(991)   Post Evacuate Collection Set: 0.27ms
[2026-05-27T11:23:59.980+0530][41.236s][info][gc,phases   ] GC(991)   Other: 0.10ms
[2026-05-27T11:23:59.980+0530][41.236s][info][gc,heap     ] GC(991) Eden regions: 301->0(303)
[2026-05-27T11:23:59.980+0530][41.236s][info][gc,heap     ] GC(991) Survivor regions: 6->4(39)
[2026-05-27T11:23:59.980+0530][41.236s][info][gc,heap     ] GC(991) Old regions: 10->10
[2026-05-27T11:23:59.980+0530][41.236s][info][gc,heap     ] GC(991) Archive regions: 2->2
[2026-05-27T11:23:59.980+0530][41.236s][info][gc,heap     ] GC(991) Humongous regions: 0->0
[2026-05-27T11:23:59.980+0530][41.236s][info][gc,metaspace] GC(991) Metaspace: 1745K(2048K)->1745K(2048K) NonClass: 1568K(1728K)->1568K(1728K) Class: 177K(320K)->177K(320K)
[2026-05-27T11:23:59.980+0530][41.236s][info][gc          ] GC(991) Pause Young (Normal) (G1 Evacuation Pause) 316M->13M(512M) 0.957ms
[2026-05-27T11:23:59.980+0530][41.236s][info][gc,cpu      ] GC(991) User=0.00s Sys=0.00s Real=0.01s
[2026-05-27T11:24:00.019+0530][41.276s][info][gc,start    ] GC(992) Pause Young (Normal) (G1 Evacuation Pause)
[2026-05-27T11:24:00.019+0530][41.276s][info][gc,task     ] GC(992) Using 9 workers of 9 for evacuation
[2026-05-27T11:24:00.020+0530][41.276s][info][gc,phases   ] GC(992)   Pre Evacuate Collection Set: 0.10ms
[2026-05-27T11:24:00.020+0530][41.276s][info][gc,phases   ] GC(992)   Merge Heap Roots: 0.06ms
[2026-05-27T11:24:00.020+0530][41.276s][info][gc,phases   ] GC(992)   Evacuate Collection Set: 0.43ms
[2026-05-27T11:24:00.020+0530][41.277s][info][gc,phases   ] GC(992)   Post Evacuate Collection Set: 0.24ms
[2026-05-27T11:24:00.020+0530][41.277s][info][gc,phases   ] GC(992)   Other: 0.19ms
[2026-05-27T11:24:00.020+0530][41.277s][info][gc,heap     ] GC(992) Eden regions: 303->0(302)
[2026-05-27T11:24:00.020+0530][41.277s][info][gc,heap     ] GC(992) Survivor regions: 4->5(39)
[2026-05-27T11:24:00.020+0530][41.277s][info][gc,heap     ] GC(992) Old regions: 10->10
[2026-05-27T11:24:00.020+0530][41.277s][info][gc,heap     ] GC(992) Archive regions: 2->2
[2026-05-27T11:24:00.020+0530][41.277s][info][gc,heap     ] GC(992) Humongous regions: 0->0
[2026-05-27T11:24:00.020+0530][41.277s][info][gc,metaspace] GC(992) Metaspace: 1745K(2048K)->1745K(2048K) NonClass: 1568K(1728K)->1568K(1728K) Class: 177K(320K)->177K(320K)
[2026-05-27T11:24:00.020+0530][41.277s][info][gc          ] GC(992) Pause Young (Normal) (G1 Evacuation Pause) 316M->14M(512M) 1.035ms
[2026-05-27T11:24:00.020+0530][41.277s][info][gc,cpu      ] GC(992) User=0.01s Sys=0.00s Real=0.01s
[2026-05-27T11:24:00.063+0530][41.319s][info][gc,start    ] GC(993) Pause Young (Normal) (G1 Evacuation Pause)
[2026-05-27T11:24:00.063+0530][41.319s][info][gc,task     ] GC(993) Using 9 workers of 9 for evacuation
[2026-05-27T11:24:00.063+0530][41.319s][info][gc,phases   ] GC(993)   Pre Evacuate Collection Set: 0.06ms
[2026-05-27T11:24:00.063+0530][41.319s][info][gc,phases   ] GC(993)   Merge Heap Roots: 0.06ms
[2026-05-27T11:24:00.063+0530][41.319s][info][gc,phases   ] GC(993)   Evacuate Collection Set: 0.31ms
[2026-05-27T11:24:00.063+0530][41.319s][info][gc,phases   ] GC(993)   Post Evacuate Collection Set: 0.18ms
[2026-05-27T11:24:00.063+0530][41.319s][info][gc,phases   ] GC(993)   Other: 0.11ms
[2026-05-27T11:24:00.063+0530][41.319s][info][gc,heap     ] GC(993) Eden regions: 302->0(303)
[2026-05-27T11:24:00.063+0530][41.319s][info][gc,heap     ] GC(993) Survivor regions: 5->4(39)
[2026-05-27T11:24:00.063+0530][41.319s][info][gc,heap     ] GC(993) Old regions: 10->10
[2026-05-27T11:24:00.063+0530][41.319s][info][gc,heap     ] GC(993) Archive regions: 2->2
[2026-05-27T11:24:00.063+0530][41.319s][info][gc,heap     ] GC(993) Humongous regions: 9->0
[2026-05-27T11:24:00.063+0530][41.319s][info][gc,metaspace] GC(993) Metaspace: 1745K(2048K)->1745K(2048K) NonClass: 1568K(1728K)->1568K(1728K) Class: 177K(320K)->177K(320K)
[2026-05-27T11:24:00.063+0530][41.319s][info][gc          ] GC(993) Pause Young (Normal) (G1 Evacuation Pause) 325M->14M(512M) 0.808ms
[2026-05-27T11:24:00.063+0530][41.319s][info][gc,cpu      ] GC(993) User=0.01s Sys=0.01s Real=0.00s
[2026-05-27T11:24:00.103+0530][41.359s][info][gc,start    ] GC(994) Pause Young (Normal) (G1 Evacuation Pause)
[2026-05-27T11:24:00.103+0530][41.359s][info][gc,task     ] GC(994) Using 9 workers of 9 for evacuation
[2026-05-27T11:24:00.104+0530][41.360s][info][gc,phases   ] GC(994)   Pre Evacuate Collection Set: 0.07ms
[2026-05-27T11:24:00.104+0530][41.360s][info][gc,phases   ] GC(994)   Merge Heap Roots: 0.04ms
[2026-05-27T11:24:00.104+0530][41.360s][info][gc,phases   ] GC(994)   Evacuate Collection Set: 0.22ms
[2026-05-27T11:24:00.104+0530][41.360s][info][gc,phases   ] GC(994)   Post Evacuate Collection Set: 0.15ms
[2026-05-27T11:24:00.104+0530][41.360s][info][gc,phases   ] GC(994)   Other: 0.10ms
[2026-05-27T11:24:00.104+0530][41.360s][info][gc,heap     ] GC(994) Eden regions: 303->0(302)
[2026-05-27T11:24:00.104+0530][41.360s][info][gc,heap     ] GC(994) Survivor regions: 4->5(39)
[2026-05-27T11:24:00.104+0530][41.360s][info][gc,heap     ] GC(994) Old regions: 10->10
[2026-05-27T11:24:00.104+0530][41.360s][info][gc,heap     ] GC(994) Archive regions: 2->2
[2026-05-27T11:24:00.104+0530][41.360s][info][gc,heap     ] GC(994) Humongous regions: 0->0
[2026-05-27T11:24:00.104+0530][41.360s][info][gc,metaspace] GC(994) Metaspace: 1745K(2048K)->1745K(2048K) NonClass: 1568K(1728K)->1568K(1728K) Class: 177K(320K)->177K(320K)
[2026-05-27T11:24:00.104+0530][41.360s][info][gc          ] GC(994) Pause Young (Normal) (G1 Evacuation Pause) 316M->14M(512M) 0.628ms
[2026-05-27T11:24:00.104+0530][41.360s][info][gc,cpu      ] GC(994) User=0.00s Sys=0.00s Real=0.00s
[2026-05-27T11:24:00.151+0530][41.407s][info][gc,start    ] GC(995) Pause Young (Normal) (G1 Evacuation Pause)
[2026-05-27T11:24:00.151+0530][41.407s][info][gc,task     ] GC(995) Using 9 workers of 9 for evacuation
[2026-05-27T11:24:00.152+0530][41.408s][info][gc,phases   ] GC(995)   Pre Evacuate Collection Set: 0.06ms
[2026-05-27T11:24:00.152+0530][41.408s][info][gc,phases   ] GC(995)   Merge Heap Roots: 0.10ms
[2026-05-27T11:24:00.152+0530][41.408s][info][gc,phases   ] GC(995)   Evacuate Collection Set: 0.39ms
[2026-05-27T11:24:00.152+0530][41.408s][info][gc,phases   ] GC(995)   Post Evacuate Collection Set: 0.19ms
[2026-05-27T11:24:00.152+0530][41.408s][info][gc,phases   ] GC(995)   Other: 0.11ms
[2026-05-27T11:24:00.152+0530][41.408s][info][gc,heap     ] GC(995) Eden regions: 302->0(303)
[2026-05-27T11:24:00.152+0530][41.408s][info][gc,heap     ] GC(995) Survivor regions: 5->4(39)
[2026-05-27T11:24:00.152+0530][41.408s][info][gc,heap     ] GC(995) Old regions: 10->10
[2026-05-27T11:24:00.152+0530][41.408s][info][gc,heap     ] GC(995) Archive regions: 2->2
[2026-05-27T11:24:00.152+0530][41.408s][info][gc,heap     ] GC(995) Humongous regions: 9->0
[2026-05-27T11:24:00.152+0530][41.408s][info][gc,metaspace] GC(995) Metaspace: 1745K(2048K)->1745K(2048K) NonClass: 1568K(1728K)->1568K(1728K) Class: 177K(320K)->177K(320K)
[2026-05-27T11:24:00.152+0530][41.408s][info][gc          ] GC(995) Pause Young (Normal) (G1 Evacuation Pause) 325M->14M(512M) 0.940ms
[2026-05-27T11:24:00.152+0530][41.408s][info][gc,cpu      ] GC(995) User=0.00s Sys=0.01s Real=0.00s
[2026-05-27T11:24:00.190+0530][41.446s][info][gc,start    ] GC(996) Pause Young (Normal) (G1 Evacuation Pause)
[2026-05-27T11:24:00.190+0530][41.446s][info][gc,task     ] GC(996) Using 9 workers of 9 for evacuation
[2026-05-27T11:24:00.191+0530][41.447s][info][gc,phases   ] GC(996)   Pre Evacuate Collection Set: 0.08ms
[2026-05-27T11:24:00.191+0530][41.447s][info][gc,phases   ] GC(996)   Merge Heap Roots: 0.07ms
[2026-05-27T11:24:00.191+0530][41.447s][info][gc,phases   ] GC(996)   Evacuate Collection Set: 0.31ms
[2026-05-27T11:24:00.191+0530][41.447s][info][gc,phases   ] GC(996)   Post Evacuate Collection Set: 0.19ms
[2026-05-27T11:24:00.191+0530][41.447s][info][gc,phases   ] GC(996)   Other: 0.10ms
[2026-05-27T11:24:00.191+0530][41.447s][info][gc,heap     ] GC(996) Eden regions: 303->0(301)
[2026-05-27T11:24:00.191+0530][41.447s][info][gc,heap     ] GC(996) Survivor regions: 4->6(39)
[2026-05-27T11:24:00.191+0530][41.447s][info][gc,heap     ] GC(996) Old regions: 10->10
[2026-05-27T11:24:00.191+0530][41.447s][info][gc,heap     ] GC(996) Archive regions: 2->2
[2026-05-27T11:24:00.191+0530][41.447s][info][gc,heap     ] GC(996) Humongous regions: 0->0
[2026-05-27T11:24:00.191+0530][41.447s][info][gc,metaspace] GC(996) Metaspace: 1745K(2048K)->1745K(2048K) NonClass: 1568K(1728K)->1568K(1728K) Class: 177K(320K)->177K(320K)
[2026-05-27T11:24:00.191+0530][41.447s][info][gc          ] GC(996) Pause Young (Normal) (G1 Evacuation Pause) 316M->15M(512M) 0.843ms
[2026-05-27T11:24:00.191+0530][41.447s][info][gc,cpu      ] GC(996) User=0.00s Sys=0.00s Real=0.00s
[2026-05-27T11:24:00.231+0530][41.487s][info][gc,start    ] GC(997) Pause Young (Normal) (G1 Evacuation Pause)
[2026-05-27T11:24:00.231+0530][41.487s][info][gc,task     ] GC(997) Using 9 workers of 9 for evacuation
[2026-05-27T11:24:00.231+0530][41.487s][info][gc,phases   ] GC(997)   Pre Evacuate Collection Set: 0.13ms
[2026-05-27T11:24:00.231+0530][41.487s][info][gc,phases   ] GC(997)   Merge Heap Roots: 0.03ms
[2026-05-27T11:24:00.231+0530][41.488s][info][gc,phases   ] GC(997)   Evacuate Collection Set: 0.31ms
[2026-05-27T11:24:00.231+0530][41.488s][info][gc,phases   ] GC(997)   Post Evacuate Collection Set: 0.21ms
[2026-05-27T11:24:00.231+0530][41.488s][info][gc,phases   ] GC(997)   Other: 0.11ms
[2026-05-27T11:24:00.231+0530][41.488s][info][gc,heap     ] GC(997) Eden regions: 301->0(306)
[2026-05-27T11:24:00.231+0530][41.488s][info][gc,heap     ] GC(997) Survivor regions: 6->1(39)
[2026-05-27T11:24:00.231+0530][41.488s][info][gc,heap     ] GC(997) Old regions: 10->10
[2026-05-27T11:24:00.231+0530][41.488s][info][gc,heap     ] GC(997) Archive regions: 2->2
[2026-05-27T11:24:00.231+0530][41.488s][info][gc,heap     ] GC(997) Humongous regions: 0->0
[2026-05-27T11:24:00.231+0530][41.488s][info][gc,metaspace] GC(997) Metaspace: 1745K(2048K)->1745K(2048K) NonClass: 1568K(1728K)->1568K(1728K) Class: 177K(320K)->177K(320K)
[2026-05-27T11:24:00.231+0530][41.488s][info][gc          ] GC(997) Pause Young (Normal) (G1 Evacuation Pause) 316M->11M(512M) 0.849ms
[2026-05-27T11:24:00.231+0530][41.488s][info][gc,cpu      ] GC(997) User=0.00s Sys=0.00s Real=0.00s
[2026-05-27T11:24:00.273+0530][41.529s][info][gc,start    ] GC(998) Pause Young (Normal) (G1 Evacuation Pause)
[2026-05-27T11:24:00.273+0530][41.529s][info][gc,task     ] GC(998) Using 9 workers of 9 for evacuation
[2026-05-27T11:24:00.274+0530][41.530s][info][gc,phases   ] GC(998)   Pre Evacuate Collection Set: 0.07ms
[2026-05-27T11:24:00.274+0530][41.530s][info][gc,phases   ] GC(998)   Merge Heap Roots: 0.06ms
[2026-05-27T11:24:00.274+0530][41.530s][info][gc,phases   ] GC(998)   Evacuate Collection Set: 0.25ms
[2026-05-27T11:24:00.274+0530][41.530s][info][gc,phases   ] GC(998)   Post Evacuate Collection Set: 0.17ms
[2026-05-27T11:24:00.274+0530][41.530s][info][gc,phases   ] GC(998)   Other: 0.09ms
[2026-05-27T11:24:00.274+0530][41.530s][info][gc,heap     ] GC(998) Eden regions: 306->0(306)
[2026-05-27T11:24:00.274+0530][41.530s][info][gc,heap     ] GC(998) Survivor regions: 1->1(39)
[2026-05-27T11:24:00.274+0530][41.530s][info][gc,heap     ] GC(998) Old regions: 10->10
[2026-05-27T11:24:00.274+0530][41.530s][info][gc,heap     ] GC(998) Archive regions: 2->2
[2026-05-27T11:24:00.274+0530][41.530s][info][gc,heap     ] GC(998) Humongous regions: 0->0
[2026-05-27T11:24:00.274+0530][41.530s][info][gc,metaspace] GC(998) Metaspace: 1745K(2048K)->1745K(2048K) NonClass: 1568K(1728K)->1568K(1728K) Class: 177K(320K)->177K(320K)
[2026-05-27T11:24:00.274+0530][41.530s][info][gc          ] GC(998) Pause Young (Normal) (G1 Evacuation Pause) 317M->10M(512M) 0.734ms
[2026-05-27T11:24:00.274+0530][41.530s][info][gc,cpu      ] GC(998) User=0.00s Sys=0.00s Real=0.00s
[2026-05-27T11:24:00.313+0530][41.569s][info][gc,start    ] GC(999) Pause Young (Normal) (G1 Evacuation Pause)
[2026-05-27T11:24:00.313+0530][41.569s][info][gc,task     ] GC(999) Using 9 workers of 9 for evacuation
[2026-05-27T11:24:00.313+0530][41.569s][info][gc,phases   ] GC(999)   Pre Evacuate Collection Set: 0.05ms
[2026-05-27T11:24:00.313+0530][41.569s][info][gc,phases   ] GC(999)   Merge Heap Roots: 0.05ms
[2026-05-27T11:24:00.313+0530][41.569s][info][gc,phases   ] GC(999)   Evacuate Collection Set: 0.26ms
[2026-05-27T11:24:00.313+0530][41.569s][info][gc,phases   ] GC(999)   Post Evacuate Collection Set: 0.17ms
[2026-05-27T11:24:00.313+0530][41.569s][info][gc,phases   ] GC(999)   Other: 0.10ms
[2026-05-27T11:24:00.313+0530][41.569s][info][gc,heap     ] GC(999) Eden regions: 306->0(303)
[2026-05-27T11:24:00.313+0530][41.569s][info][gc,heap     ] GC(999) Survivor regions: 1->4(39)
[2026-05-27T11:24:00.313+0530][41.569s][info][gc,heap     ] GC(999) Old regions: 10->10
[2026-05-27T11:24:00.313+0530][41.569s][info][gc,heap     ] GC(999) Archive regions: 2->2
[2026-05-27T11:24:00.313+0530][41.569s][info][gc,heap     ] GC(999) Humongous regions: 0->0
[2026-05-27T11:24:00.313+0530][41.569s][info][gc,metaspace] GC(999) Metaspace: 1745K(2048K)->1745K(2048K) NonClass: 1568K(1728K)->1568K(1728K) Class: 177K(320K)->177K(320K)
[2026-05-27T11:24:00.313+0530][41.570s][info][gc          ] GC(999) Pause Young (Normal) (G1 Evacuation Pause) 316M->14M(512M) 0.725ms
[2026-05-27T11:24:00.313+0530][41.570s][info][gc,cpu      ] GC(999) User=0.01s Sys=0.00s Real=0.00s
[2026-05-27T11:24:00.353+0530][41.610s][info][gc,start    ] GC(1000) Pause Young (Normal) (G1 Evacuation Pause)
[2026-05-27T11:24:00.354+0530][41.610s][info][gc,task     ] GC(1000) Using 9 workers of 9 for evacuation
[2026-05-27T11:24:00.354+0530][41.610s][info][gc,phases   ] GC(1000)   Pre Evacuate Collection Set: 0.09ms
[2026-05-27T11:24:00.354+0530][41.610s][info][gc,phases   ] GC(1000)   Merge Heap Roots: 0.04ms
[2026-05-27T11:24:00.354+0530][41.610s][info][gc,phases   ] GC(1000)   Evacuate Collection Set: 0.26ms
[2026-05-27T11:24:00.354+0530][41.610s][info][gc,phases   ] GC(1000)   Post Evacuate Collection Set: 0.16ms
[2026-05-27T11:24:00.354+0530][41.610s][info][gc,phases   ] GC(1000)   Other: 0.10ms
[2026-05-27T11:24:00.354+0530][41.610s][info][gc,heap     ] GC(1000) Eden regions: 303->0(301)
[2026-05-27T11:24:00.354+0530][41.610s][info][gc,heap     ] GC(1000) Survivor regions: 4->6(39)
[2026-05-27T11:24:00.354+0530][41.610s][info][gc,heap     ] GC(1000) Old regions: 10->10
[2026-05-27T11:24:00.354+0530][41.610s][info][gc,heap     ] GC(1000) Archive regions: 2->2
[2026-05-27T11:24:00.354+0530][41.610s][info][gc,heap     ] GC(1000) Humongous regions: 0->0
[2026-05-27T11:24:00.354+0530][41.610s][info][gc,metaspace] GC(1000) Metaspace: 1745K(2048K)->1745K(2048K) NonClass: 1568K(1728K)->1568K(1728K) Class: 177K(320K)->177K(320K)
[2026-05-27T11:24:00.354+0530][41.610s][info][gc          ] GC(1000) Pause Young (Normal) (G1 Evacuation Pause) 316M->15M(512M) 0.749ms
[2026-05-27T11:24:00.354+0530][41.610s][info][gc,cpu      ] GC(1000) User=0.00s Sys=0.01s Real=0.00s
[2026-05-27T11:24:00.394+0530][41.650s][info][gc,start    ] GC(1001) Pause Young (Normal) (G1 Evacuation Pause)
[2026-05-27T11:24:00.394+0530][41.650s][info][gc,task     ] GC(1001) Using 9 workers of 9 for evacuation
[2026-05-27T11:24:00.394+0530][41.650s][info][gc,phases   ] GC(1001)   Pre Evacuate Collection Set: 0.11ms
[2026-05-27T11:24:00.394+0530][41.650s][info][gc,phases   ] GC(1001)   Merge Heap Roots: 0.03ms
[2026-05-27T11:24:00.394+0530][41.650s][info][gc,phases   ] GC(1001)   Evacuate Collection Set: 0.23ms
[2026-05-27T11:24:00.394+0530][41.650s][info][gc,phases   ] GC(1001)   Post Evacuate Collection Set: 0.21ms
[2026-05-27T11:24:00.394+0530][41.650s][info][gc,phases   ] GC(1001)   Other: 0.10ms
[2026-05-27T11:24:00.394+0530][41.650s][info][gc,heap     ] GC(1001) Eden regions: 301->0(301)
[2026-05-27T11:24:00.394+0530][41.650s][info][gc,heap     ] GC(1001) Survivor regions: 6->6(39)
[2026-05-27T11:24:00.394+0530][41.650s][info][gc,heap     ] GC(1001) Old regions: 10->10
[2026-05-27T11:24:00.394+0530][41.650s][info][gc,heap     ] GC(1001) Archive regions: 2->2
[2026-05-27T11:24:00.394+0530][41.650s][info][gc,heap     ] GC(1001) Humongous regions: 0->0
[2026-05-27T11:24:00.394+0530][41.650s][info][gc,metaspace] GC(1001) Metaspace: 1745K(2048K)->1745K(2048K) NonClass: 1568K(1728K)->1568K(1728K) Class: 177K(320K)->177K(320K)
[2026-05-27T11:24:00.394+0530][41.650s][info][gc          ] GC(1001) Pause Young (Normal) (G1 Evacuation Pause) 316M->15M(512M) 0.753ms
[2026-05-27T11:24:00.394+0530][41.650s][info][gc,cpu      ] GC(1001) User=0.00s Sys=0.00s Real=0.00s
[2026-05-27T11:24:00.435+0530][41.691s][info][gc,start    ] GC(1002) Pause Young (Normal) (G1 Evacuation Pause)
[2026-05-27T11:24:00.435+0530][41.691s][info][gc,task     ] GC(1002) Using 9 workers of 9 for evacuation
[2026-05-27T11:24:00.436+0530][41.692s][info][gc,phases   ] GC(1002)   Pre Evacuate Collection Set: 0.09ms
[2026-05-27T11:24:00.436+0530][41.692s][info][gc,phases   ] GC(1002)   Merge Heap Roots: 0.05ms
[2026-05-27T11:24:00.436+0530][41.692s][info][gc,phases   ] GC(1002)   Evacuate Collection Set: 0.35ms
[2026-05-27T11:24:00.436+0530][41.692s][info][gc,phases   ] GC(1002)   Post Evacuate Collection Set: 0.20ms
[2026-05-27T11:24:00.436+0530][41.692s][info][gc,phases   ] GC(1002)   Other: 0.11ms
[2026-05-27T11:24:00.436+0530][41.692s][info][gc,heap     ] GC(1002) Eden regions: 301->0(301)
[2026-05-27T11:24:00.436+0530][41.692s][info][gc,heap     ] GC(1002) Survivor regions: 6->6(39)
[2026-05-27T11:24:00.436+0530][41.692s][info][gc,heap     ] GC(1002) Old regions: 10->10
[2026-05-27T11:24:00.436+0530][41.692s][info][gc,heap     ] GC(1002) Archive regions: 2->2
[2026-05-27T11:24:00.436+0530][41.692s][info][gc,heap     ] GC(1002) Humongous regions: 0->0
[2026-05-27T11:24:00.436+0530][41.692s][info][gc,metaspace] GC(1002) Metaspace: 1745K(2048K)->1745K(2048K) NonClass: 1568K(1728K)->1568K(1728K) Class: 177K(320K)->177K(320K)
[2026-05-27T11:24:00.436+0530][41.692s][info][gc          ] GC(1002) Pause Young (Normal) (G1 Evacuation Pause) 316M->16M(512M) 0.895ms
[2026-05-27T11:24:00.436+0530][41.692s][info][gc,cpu      ] GC(1002) User=0.00s Sys=0.00s Real=0.00s
[2026-05-27T11:24:00.476+0530][41.732s][info][gc,start    ] GC(1003) Pause Young (Normal) (G1 Evacuation Pause)
[2026-05-27T11:24:00.476+0530][41.732s][info][gc,task     ] GC(1003) Using 9 workers of 9 for evacuation
[2026-05-27T11:24:00.477+0530][41.733s][info][gc,phases   ] GC(1003)   Pre Evacuate Collection Set: 0.07ms
[2026-05-27T11:24:00.477+0530][41.733s][info][gc,phases   ] GC(1003)   Merge Heap Roots: 0.06ms
[2026-05-27T11:24:00.477+0530][41.733s][info][gc,phases   ] GC(1003)   Evacuate Collection Set: 0.28ms
[2026-05-27T11:24:00.477+0530][41.733s][info][gc,phases   ] GC(1003)   Post Evacuate Collection Set: 0.17ms
[2026-05-27T11:24:00.477+0530][41.733s][info][gc,phases   ] GC(1003)   Other: 0.13ms
[2026-05-27T11:24:00.477+0530][41.733s][info][gc,heap     ] GC(1003) Eden regions: 301->0(301)
[2026-05-27T11:24:00.477+0530][41.733s][info][gc,heap     ] GC(1003) Survivor regions: 6->6(39)
[2026-05-27T11:24:00.477+0530][41.733s][info][gc,heap     ] GC(1003) Old regions: 10->10
[2026-05-27T11:24:00.477+0530][41.733s][info][gc,heap     ] GC(1003) Archive regions: 2->2
[2026-05-27T11:24:00.477+0530][41.733s][info][gc,heap     ] GC(1003) Humongous regions: 0->0
[2026-05-27T11:24:00.477+0530][41.733s][info][gc,metaspace] GC(1003) Metaspace: 1745K(2048K)->1745K(2048K) NonClass: 1568K(1728K)->1568K(1728K) Class: 177K(320K)->177K(320K)
[2026-05-27T11:24:00.477+0530][41.733s][info][gc          ] GC(1003) Pause Young (Normal) (G1 Evacuation Pause) 316M->15M(512M) 0.781ms
[2026-05-27T11:24:00.477+0530][41.733s][info][gc,cpu      ] GC(1003) User=0.00s Sys=0.00s Real=0.00s
[2026-05-27T11:24:00.517+0530][41.773s][info][gc,start    ] GC(1004) Pause Young (Normal) (G1 Evacuation Pause)
[2026-05-27T11:24:00.517+0530][41.773s][info][gc,task     ] GC(1004) Using 9 workers of 9 for evacuation
[2026-05-27T11:24:00.517+0530][41.773s][info][gc,phases   ] GC(1004)   Pre Evacuate Collection Set: 0.06ms
[2026-05-27T11:24:00.517+0530][41.773s][info][gc,phases   ] GC(1004)   Merge Heap Roots: 0.04ms
[2026-05-27T11:24:00.517+0530][41.773s][info][gc,phases   ] GC(1004)   Evacuate Collection Set: 0.26ms
[2026-05-27T11:24:00.517+0530][41.773s][info][gc,phases   ] GC(1004)   Post Evacuate Collection Set: 0.20ms
[2026-05-27T11:24:00.517+0530][41.773s][info][gc,phases   ] GC(1004)   Other: 0.09ms
[2026-05-27T11:24:00.517+0530][41.773s][info][gc,heap     ] GC(1004) Eden regions: 301->0(303)
[2026-05-27T11:24:00.517+0530][41.773s][info][gc,heap     ] GC(1004) Survivor regions: 6->4(39)
[2026-05-27T11:24:00.517+0530][41.773s][info][gc,heap     ] GC(1004) Old regions: 10->10
[2026-05-27T11:24:00.517+0530][41.773s][info][gc,heap     ] GC(1004) Archive regions: 2->2
[2026-05-27T11:24:00.517+0530][41.773s][info][gc,heap     ] GC(1004) Humongous regions: 0->0
[2026-05-27T11:24:00.517+0530][41.773s][info][gc,metaspace] GC(1004) Metaspace: 1745K(2048K)->1745K(2048K) NonClass: 1568K(1728K)->1568K(1728K) Class: 177K(320K)->177K(320K)
[2026-05-27T11:24:00.517+0530][41.773s][info][gc          ] GC(1004) Pause Young (Normal) (G1 Evacuation Pause) 316M->13M(512M) 0.715ms
[2026-05-27T11:24:00.517+0530][41.773s][info][gc,cpu      ] GC(1004) User=0.00s Sys=0.00s Real=0.00s
[2026-05-27T11:24:00.582+0530][41.839s][info][gc,start    ] GC(1005) Pause Young (Normal) (G1 Evacuation Pause)
[2026-05-27T11:24:00.583+0530][41.839s][info][gc,task     ] GC(1005) Using 9 workers of 9 for evacuation
[2026-05-27T11:24:00.583+0530][41.839s][info][gc,phases   ] GC(1005)   Pre Evacuate Collection Set: 0.07ms
[2026-05-27T11:24:00.583+0530][41.839s][info][gc,phases   ] GC(1005)   Merge Heap Roots: 0.04ms
[2026-05-27T11:24:00.583+0530][41.839s][info][gc,phases   ] GC(1005)   Evacuate Collection Set: 0.29ms
[2026-05-27T11:24:00.583+0530][41.839s][info][gc,phases   ] GC(1005)   Post Evacuate Collection Set: 0.20ms
[2026-05-27T11:24:00.583+0530][41.839s][info][gc,phases   ] GC(1005)   Other: 0.11ms
[2026-05-27T11:24:00.583+0530][41.839s][info][gc,heap     ] GC(1005) Eden regions: 303->0(300)
[2026-05-27T11:24:00.583+0530][41.839s][info][gc,heap     ] GC(1005) Survivor regions: 4->7(39)
[2026-05-27T11:24:00.583+0530][41.839s][info][gc,heap     ] GC(1005) Old regions: 10->10
[2026-05-27T11:24:00.583+0530][41.839s][info][gc,heap     ] GC(1005) Archive regions: 2->2
[2026-05-27T11:24:00.583+0530][41.839s][info][gc,heap     ] GC(1005) Humongous regions: 0->0
[2026-05-27T11:24:00.583+0530][41.839s][info][gc,metaspace] GC(1005) Metaspace: 1745K(2048K)->1745K(2048K) NonClass: 1568K(1728K)->1568K(1728K) Class: 177K(320K)->177K(320K)
[2026-05-27T11:24:00.583+0530][41.839s][info][gc          ] GC(1005) Pause Young (Normal) (G1 Evacuation Pause) 316M->16M(512M) 0.813ms
[2026-05-27T11:24:00.583+0530][41.839s][info][gc,cpu      ] GC(1005) User=0.00s Sys=0.00s Real=0.00s
[2026-05-27T11:24:00.628+0530][41.884s][info][gc,start    ] GC(1006) Pause Young (Normal) (G1 Evacuation Pause)
[2026-05-27T11:24:00.628+0530][41.884s][info][gc,task     ] GC(1006) Using 9 workers of 9 for evacuation
[2026-05-27T11:24:00.629+0530][41.885s][info][gc,phases   ] GC(1006)   Pre Evacuate Collection Set: 0.08ms
[2026-05-27T11:24:00.629+0530][41.885s][info][gc,phases   ] GC(1006)   Merge Heap Roots: 0.05ms
[2026-05-27T11:24:00.629+0530][41.885s][info][gc,phases   ] GC(1006)   Evacuate Collection Set: 0.29ms
[2026-05-27T11:24:00.629+0530][41.885s][info][gc,phases   ] GC(1006)   Post Evacuate Collection Set: 0.26ms
[2026-05-27T11:24:00.629+0530][41.885s][info][gc,phases   ] GC(1006)   Other: 0.10ms
[2026-05-27T11:24:00.629+0530][41.885s][info][gc,heap     ] GC(1006) Eden regions: 300->0(305)
[2026-05-27T11:24:00.629+0530][41.885s][info][gc,heap     ] GC(1006) Survivor regions: 7->2(39)
[2026-05-27T11:24:00.629+0530][41.885s][info][gc,heap     ] GC(1006) Old regions: 10->10
[2026-05-27T11:24:00.629+0530][41.885s][info][gc,heap     ] GC(1006) Archive regions: 2->2
[2026-05-27T11:24:00.629+0530][41.885s][info][gc,heap     ] GC(1006) Humongous regions: 0->0
[2026-05-27T11:24:00.629+0530][41.885s][info][gc,metaspace] GC(1006) Metaspace: 1745K(2048K)->1745K(2048K) NonClass: 1568K(1728K)->1568K(1728K) Class: 177K(320K)->177K(320K)
[2026-05-27T11:24:00.629+0530][41.885s][info][gc          ] GC(1006) Pause Young (Normal) (G1 Evacuation Pause) 316M->11M(512M) 0.840ms
[2026-05-27T11:24:00.629+0530][41.885s][info][gc,cpu      ] GC(1006) User=0.01s Sys=0.00s Real=0.00s
[2026-05-27T11:24:00.669+0530][41.925s][info][gc,start    ] GC(1007) Pause Young (Normal) (G1 Evacuation Pause)
[2026-05-27T11:24:00.669+0530][41.925s][info][gc,task     ] GC(1007) Using 9 workers of 9 for evacuation
[2026-05-27T11:24:00.670+0530][41.926s][info][gc,phases   ] GC(1007)   Pre Evacuate Collection Set: 0.08ms
[2026-05-27T11:24:00.670+0530][41.926s][info][gc,phases   ] GC(1007)   Merge Heap Roots: 0.04ms
[2026-05-27T11:24:00.670+0530][41.926s][info][gc,phases   ] GC(1007)   Evacuate Collection Set: 0.28ms
[2026-05-27T11:24:00.670+0530][41.926s][info][gc,phases   ] GC(1007)   Post Evacuate Collection Set: 0.23ms
[2026-05-27T11:24:00.670+0530][41.926s][info][gc,phases   ] GC(1007)   Other: 0.12ms
[2026-05-27T11:24:00.670+0530][41.926s][info][gc,heap     ] GC(1007) Eden regions: 305->0(302)
[2026-05-27T11:24:00.670+0530][41.926s][info][gc,heap     ] GC(1007) Survivor regions: 2->5(39)
[2026-05-27T11:24:00.670+0530][41.926s][info][gc,heap     ] GC(1007) Old regions: 10->10
[2026-05-27T11:24:00.670+0530][41.926s][info][gc,heap     ] GC(1007) Archive regions: 2->2
[2026-05-27T11:24:00.670+0530][41.926s][info][gc,heap     ] GC(1007) Humongous regions: 0->0
[2026-05-27T11:24:00.670+0530][41.926s][info][gc,metaspace] GC(1007) Metaspace: 1745K(2048K)->1745K(2048K) NonClass: 1568K(1728K)->1568K(1728K) Class: 177K(320K)->177K(320K)
[2026-05-27T11:24:00.670+0530][41.926s][info][gc          ] GC(1007) Pause Young (Normal) (G1 Evacuation Pause) 316M->14M(512M) 0.825ms
[2026-05-27T11:24:00.670+0530][41.926s][info][gc,cpu      ] GC(1007) User=0.01s Sys=0.01s Real=0.01s
[2026-05-27T11:24:00.711+0530][41.967s][info][gc,start    ] GC(1008) Pause Young (Normal) (G1 Evacuation Pause)
[2026-05-27T11:24:00.711+0530][41.967s][info][gc,task     ] GC(1008) Using 9 workers of 9 for evacuation
[2026-05-27T11:24:00.711+0530][41.968s][info][gc,phases   ] GC(1008)   Pre Evacuate Collection Set: 0.07ms
[2026-05-27T11:24:00.711+0530][41.968s][info][gc,phases   ] GC(1008)   Merge Heap Roots: 0.05ms
[2026-05-27T11:24:00.711+0530][41.968s][info][gc,phases   ] GC(1008)   Evacuate Collection Set: 0.27ms
[2026-05-27T11:24:00.711+0530][41.968s][info][gc,phases   ] GC(1008)   Post Evacuate Collection Set: 0.18ms
[2026-05-27T11:24:00.711+0530][41.968s][info][gc,phases   ] GC(1008)   Other: 0.10ms
[2026-05-27T11:24:00.711+0530][41.968s][info][gc,heap     ] GC(1008) Eden regions: 302->0(302)
[2026-05-27T11:24:00.711+0530][41.968s][info][gc,heap     ] GC(1008) Survivor regions: 5->5(39)
[2026-05-27T11:24:00.712+0530][41.968s][info][gc,heap     ] GC(1008) Old regions: 10->10
[2026-05-27T11:24:00.712+0530][41.968s][info][gc,heap     ] GC(1008) Archive regions: 2->2
[2026-05-27T11:24:00.712+0530][41.968s][info][gc,heap     ] GC(1008) Humongous regions: 0->0
[2026-05-27T11:24:00.712+0530][41.968s][info][gc,metaspace] GC(1008) Metaspace: 1745K(2048K)->1745K(2048K) NonClass: 1568K(1728K)->1568K(1728K) Class: 177K(320K)->177K(320K)
[2026-05-27T11:24:00.712+0530][41.968s][info][gc          ] GC(1008) Pause Young (Normal) (G1 Evacuation Pause) 316M->14M(512M) 0.773ms
[2026-05-27T11:24:00.712+0530][41.968s][info][gc,cpu      ] GC(1008) User=0.00s Sys=0.00s Real=0.00s
[2026-05-27T11:24:00.757+0530][42.013s][info][gc,start    ] GC(1009) Pause Young (Normal) (G1 Evacuation Pause)
[2026-05-27T11:24:00.757+0530][42.013s][info][gc,task     ] GC(1009) Using 9 workers of 9 for evacuation
[2026-05-27T11:24:00.758+0530][42.014s][info][gc,phases   ] GC(1009)   Pre Evacuate Collection Set: 0.07ms
[2026-05-27T11:24:00.758+0530][42.014s][info][gc,phases   ] GC(1009)   Merge Heap Roots: 0.06ms
[2026-05-27T11:24:00.758+0530][42.014s][info][gc,phases   ] GC(1009)   Evacuate Collection Set: 0.24ms
[2026-05-27T11:24:00.758+0530][42.014s][info][gc,phases   ] GC(1009)   Post Evacuate Collection Set: 0.21ms
[2026-05-27T11:24:00.758+0530][42.014s][info][gc,phases   ] GC(1009)   Other: 0.10ms
[2026-05-27T11:24:00.758+0530][42.014s][info][gc,heap     ] GC(1009) Eden regions: 302->0(305)
[2026-05-27T11:24:00.758+0530][42.014s][info][gc,heap     ] GC(1009) Survivor regions: 5->2(39)
[2026-05-27T11:24:00.758+0530][42.014s][info][gc,heap     ] GC(1009) Old regions: 10->10
[2026-05-27T11:24:00.758+0530][42.014s][info][gc,heap     ] GC(1009) Archive regions: 2->2
[2026-05-27T11:24:00.758+0530][42.014s][info][gc,heap     ] GC(1009) Humongous regions: 0->0
[2026-05-27T11:24:00.758+0530][42.014s][info][gc,metaspace] GC(1009) Metaspace: 1745K(2048K)->1745K(2048K) NonClass: 1568K(1728K)->1568K(1728K) Class: 177K(320K)->177K(320K)
[2026-05-27T11:24:00.758+0530][42.014s][info][gc          ] GC(1009) Pause Young (Normal) (G1 Evacuation Pause) 316M->11M(512M) 0.770ms
[2026-05-27T11:24:00.758+0530][42.014s][info][gc,cpu      ] GC(1009) User=0.01s Sys=0.00s Real=0.00s
[2026-05-27T11:24:00.800+0530][42.056s][info][gc,start    ] GC(1010) Pause Young (Normal) (G1 Evacuation Pause)
[2026-05-27T11:24:00.800+0530][42.057s][info][gc,task     ] GC(1010) Using 9 workers of 9 for evacuation
[2026-05-27T11:24:00.801+0530][42.057s][info][gc,phases   ] GC(1010)   Pre Evacuate Collection Set: 0.07ms
[2026-05-27T11:24:00.801+0530][42.058s][info][gc,phases   ] GC(1010)   Merge Heap Roots: 0.05ms
[2026-05-27T11:24:00.801+0530][42.058s][info][gc,phases   ] GC(1010)   Evacuate Collection Set: 0.52ms
[2026-05-27T11:24:00.801+0530][42.058s][info][gc,phases   ] GC(1010)   Post Evacuate Collection Set: 0.24ms
[2026-05-27T11:24:00.801+0530][42.058s][info][gc,phases   ] GC(1010)   Other: 0.11ms
[2026-05-27T11:24:00.801+0530][42.058s][info][gc,heap     ] GC(1010) Eden regions: 305->0(300)
[2026-05-27T11:24:00.801+0530][42.058s][info][gc,heap     ] GC(1010) Survivor regions: 2->7(39)
[2026-05-27T11:24:00.801+0530][42.058s][info][gc,heap     ] GC(1010) Old regions: 10->10
[2026-05-27T11:24:00.801+0530][42.058s][info][gc,heap     ] GC(1010) Archive regions: 2->2
[2026-05-27T11:24:00.801+0530][42.058s][info][gc,heap     ] GC(1010) Humongous regions: 0->0
[2026-05-27T11:24:00.801+0530][42.058s][info][gc,metaspace] GC(1010) Metaspace: 1745K(2048K)->1745K(2048K) NonClass: 1568K(1728K)->1568K(1728K) Class: 177K(320K)->177K(320K)
[2026-05-27T11:24:00.801+0530][42.058s][info][gc          ] GC(1010) Pause Young (Normal) (G1 Evacuation Pause) 316M->16M(512M) 1.103ms
[2026-05-27T11:24:00.802+0530][42.058s][info][gc,cpu      ] GC(1010) User=0.01s Sys=0.00s Real=0.00s
[2026-05-27T11:24:00.842+0530][42.099s][info][gc,start    ] GC(1011) Pause Young (Normal) (G1 Evacuation Pause)
[2026-05-27T11:24:00.843+0530][42.099s][info][gc,task     ] GC(1011) Using 9 workers of 9 for evacuation
[2026-05-27T11:24:00.843+0530][42.099s][info][gc,phases   ] GC(1011)   Pre Evacuate Collection Set: 0.06ms
[2026-05-27T11:24:00.843+0530][42.099s][info][gc,phases   ] GC(1011)   Merge Heap Roots: 0.05ms
[2026-05-27T11:24:00.843+0530][42.099s][info][gc,phases   ] GC(1011)   Evacuate Collection Set: 0.36ms
[2026-05-27T11:24:00.843+0530][42.099s][info][gc,phases   ] GC(1011)   Post Evacuate Collection Set: 0.22ms
[2026-05-27T11:24:00.843+0530][42.099s][info][gc,phases   ] GC(1011)   Other: 0.10ms
[2026-05-27T11:24:00.843+0530][42.099s][info][gc,heap     ] GC(1011) Eden regions: 300->0(301)
[2026-05-27T11:24:00.843+0530][42.099s][info][gc,heap     ] GC(1011) Survivor regions: 7->6(39)
[2026-05-27T11:24:00.843+0530][42.099s][info][gc,heap     ] GC(1011) Old regions: 10->10
[2026-05-27T11:24:00.843+0530][42.099s][info][gc,heap     ] GC(1011) Archive regions: 2->2
[2026-05-27T11:24:00.843+0530][42.099s][info][gc,heap     ] GC(1011) Humongous regions: 0->0
[2026-05-27T11:24:00.843+0530][42.099s][info][gc,metaspace] GC(1011) Metaspace: 1745K(2048K)->1745K(2048K) NonClass: 1568K(1728K)->1568K(1728K) Class: 177K(320K)->177K(320K)
[2026-05-27T11:24:00.843+0530][42.099s][info][gc          ] GC(1011) Pause Young (Normal) (G1 Evacuation Pause) 316M->15M(512M) 0.884ms
[2026-05-27T11:24:00.843+0530][42.099s][info][gc,cpu      ] GC(1011) User=0.00s Sys=0.00s Real=0.00s
[2026-05-27T11:24:00.886+0530][42.142s][info][gc,start    ] GC(1012) Pause Young (Normal) (G1 Evacuation Pause)
[2026-05-27T11:24:00.886+0530][42.142s][info][gc,task     ] GC(1012) Using 9 workers of 9 for evacuation
[2026-05-27T11:24:00.887+0530][42.143s][info][gc,phases   ] GC(1012)   Pre Evacuate Collection Set: 0.09ms
[2026-05-27T11:24:00.887+0530][42.143s][info][gc,phases   ] GC(1012)   Merge Heap Roots: 0.08ms
[2026-05-27T11:24:00.887+0530][42.143s][info][gc,phases   ] GC(1012)   Evacuate Collection Set: 0.27ms
[2026-05-27T11:24:00.887+0530][42.143s][info][gc,phases   ] GC(1012)   Post Evacuate Collection Set: 0.23ms
[2026-05-27T11:24:00.887+0530][42.143s][info][gc,phases   ] GC(1012)   Other: 0.12ms
[2026-05-27T11:24:00.887+0530][42.143s][info][gc,heap     ] GC(1012) Eden regions: 301->0(301)
[2026-05-27T11:24:00.887+0530][42.143s][info][gc,heap     ] GC(1012) Survivor regions: 6->6(39)
[2026-05-27T11:24:00.887+0530][42.143s][info][gc,heap     ] GC(1012) Old regions: 10->10
[2026-05-27T11:24:00.887+0530][42.143s][info][gc,heap     ] GC(1012) Archive regions: 2->2
[2026-05-27T11:24:00.887+0530][42.143s][info][gc,heap     ] GC(1012) Humongous regions: 9->0
[2026-05-27T11:24:00.887+0530][42.143s][info][gc,metaspace] GC(1012) Metaspace: 1745K(2048K)->1745K(2048K) NonClass: 1568K(1728K)->1568K(1728K) Class: 177K(320K)->177K(320K)
[2026-05-27T11:24:00.887+0530][42.143s][info][gc          ] GC(1012) Pause Young (Normal) (G1 Evacuation Pause) 325M->15M(512M) 0.873ms
[2026-05-27T11:24:00.887+0530][42.143s][info][gc,cpu      ] GC(1012) User=0.00s Sys=0.00s Real=0.00s
[2026-05-27T11:24:00.929+0530][42.185s][info][gc,start    ] GC(1013) Pause Young (Normal) (G1 Evacuation Pause)
[2026-05-27T11:24:00.929+0530][42.185s][info][gc,task     ] GC(1013) Using 9 workers of 9 for evacuation
[2026-05-27T11:24:00.930+0530][42.186s][info][gc,phases   ] GC(1013)   Pre Evacuate Collection Set: 0.10ms
[2026-05-27T11:24:00.930+0530][42.186s][info][gc,phases   ] GC(1013)   Merge Heap Roots: 0.05ms
[2026-05-27T11:24:00.930+0530][42.186s][info][gc,phases   ] GC(1013)   Evacuate Collection Set: 0.32ms
[2026-05-27T11:24:00.930+0530][42.186s][info][gc,phases   ] GC(1013)   Post Evacuate Collection Set: 0.16ms
[2026-05-27T11:24:00.930+0530][42.186s][info][gc,phases   ] GC(1013)   Other: 0.10ms
[2026-05-27T11:24:00.930+0530][42.186s][info][gc,heap     ] GC(1013) Eden regions: 301->0(302)
[2026-05-27T11:24:00.930+0530][42.186s][info][gc,heap     ] GC(1013) Survivor regions: 6->5(39)
[2026-05-27T11:24:00.930+0530][42.186s][info][gc,heap     ] GC(1013) Old regions: 10->10
[2026-05-27T11:24:00.930+0530][42.186s][info][gc,heap     ] GC(1013) Archive regions: 2->2
[2026-05-27T11:24:00.930+0530][42.186s][info][gc,heap     ] GC(1013) Humongous regions: 0->0
[2026-05-27T11:24:00.930+0530][42.186s][info][gc,metaspace] GC(1013) Metaspace: 1745K(2048K)->1745K(2048K) NonClass: 1568K(1728K)->1568K(1728K) Class: 177K(320K)->177K(320K)
[2026-05-27T11:24:00.930+0530][42.186s][info][gc          ] GC(1013) Pause Young (Normal) (G1 Evacuation Pause) 316M->14M(512M) 0.797ms
[2026-05-27T11:24:00.930+0530][42.186s][info][gc,cpu      ] GC(1013) User=0.01s Sys=0.00s Real=0.01s
[2026-05-27T11:24:00.972+0530][42.228s][info][gc,start    ] GC(1014) Pause Young (Normal) (G1 Evacuation Pause)
[2026-05-27T11:24:00.972+0530][42.228s][info][gc,task     ] GC(1014) Using 9 workers of 9 for evacuation
[2026-05-27T11:24:00.973+0530][42.229s][info][gc,phases   ] GC(1014)   Pre Evacuate Collection Set: 0.09ms
[2026-05-27T11:24:00.973+0530][42.229s][info][gc,phases   ] GC(1014)   Merge Heap Roots: 0.05ms
[2026-05-27T11:24:00.973+0530][42.229s][info][gc,phases   ] GC(1014)   Evacuate Collection Set: 0.31ms
[2026-05-27T11:24:00.973+0530][42.229s][info][gc,phases   ] GC(1014)   Post Evacuate Collection Set: 0.20ms
[2026-05-27T11:24:00.973+0530][42.229s][info][gc,phases   ] GC(1014)   Other: 0.11ms
[2026-05-27T11:24:00.973+0530][42.229s][info][gc,heap     ] GC(1014) Eden regions: 302->0(302)
[2026-05-27T11:24:00.973+0530][42.229s][info][gc,heap     ] GC(1014) Survivor regions: 5->5(39)
[2026-05-27T11:24:00.973+0530][42.229s][info][gc,heap     ] GC(1014) Old regions: 10->10
[2026-05-27T11:24:00.973+0530][42.229s][info][gc,heap     ] GC(1014) Archive regions: 2->2
[2026-05-27T11:24:00.973+0530][42.229s][info][gc,heap     ] GC(1014) Humongous regions: 0->0
[2026-05-27T11:24:00.973+0530][42.229s][info][gc,metaspace] GC(1014) Metaspace: 1745K(2048K)->1745K(2048K) NonClass: 1568K(1728K)->1568K(1728K) Class: 177K(320K)->177K(320K)
[2026-05-27T11:24:00.973+0530][42.229s][info][gc          ] GC(1014) Pause Young (Normal) (G1 Evacuation Pause) 316M->14M(512M) 0.834ms
[2026-05-27T11:24:00.973+0530][42.229s][info][gc,cpu      ] GC(1014) User=0.01s Sys=0.00s Real=0.00s
[2026-05-27T11:24:01.014+0530][42.270s][info][gc,start    ] GC(1015) Pause Young (Normal) (G1 Evacuation Pause)
[2026-05-27T11:24:01.014+0530][42.270s][info][gc,task     ] GC(1015) Using 9 workers of 9 for evacuation
[2026-05-27T11:24:01.015+0530][42.271s][info][gc,phases   ] GC(1015)   Pre Evacuate Collection Set: 0.07ms
[2026-05-27T11:24:01.015+0530][42.271s][info][gc,phases   ] GC(1015)   Merge Heap Roots: 0.09ms
[2026-05-27T11:24:01.015+0530][42.271s][info][gc,phases   ] GC(1015)   Evacuate Collection Set: 0.31ms
[2026-05-27T11:24:01.015+0530][42.271s][info][gc,phases   ] GC(1015)   Post Evacuate Collection Set: 0.18ms
[2026-05-27T11:24:01.015+0530][42.271s][info][gc,phases   ] GC(1015)   Other: 0.13ms
[2026-05-27T11:24:01.015+0530][42.271s][info][gc,heap     ] GC(1015) Eden regions: 302->0(302)
[2026-05-27T11:24:01.015+0530][42.271s][info][gc,heap     ] GC(1015) Survivor regions: 5->5(39)
[2026-05-27T11:24:01.015+0530][42.271s][info][gc,heap     ] GC(1015) Old regions: 10->10
[2026-05-27T11:24:01.015+0530][42.271s][info][gc,heap     ] GC(1015) Archive regions: 2->2
[2026-05-27T11:24:01.015+0530][42.271s][info][gc,heap     ] GC(1015) Humongous regions: 0->0
[2026-05-27T11:24:01.015+0530][42.271s][info][gc,metaspace] GC(1015) Metaspace: 1745K(2048K)->1745K(2048K) NonClass: 1568K(1728K)->1568K(1728K) Class: 177K(320K)->177K(320K)
[2026-05-27T11:24:01.015+0530][42.271s][info][gc          ] GC(1015) Pause Young (Normal) (G1 Evacuation Pause) 315M->15M(512M) 0.859ms
[2026-05-27T11:24:01.015+0530][42.271s][info][gc,cpu      ] GC(1015) User=0.01s Sys=0.00s Real=0.00s
[2026-05-27T11:24:01.054+0530][42.310s][info][gc,start    ] GC(1016) Pause Young (Normal) (G1 Evacuation Pause)
[2026-05-27T11:24:01.054+0530][42.310s][info][gc,task     ] GC(1016) Using 9 workers of 9 for evacuation
[2026-05-27T11:24:01.055+0530][42.311s][info][gc,phases   ] GC(1016)   Pre Evacuate Collection Set: 0.05ms
[2026-05-27T11:24:01.055+0530][42.311s][info][gc,phases   ] GC(1016)   Merge Heap Roots: 0.18ms
[2026-05-27T11:24:01.055+0530][42.311s][info][gc,phases   ] GC(1016)   Evacuate Collection Set: 0.39ms
[2026-05-27T11:24:01.055+0530][42.311s][info][gc,phases   ] GC(1016)   Post Evacuate Collection Set: 0.20ms
[2026-05-27T11:24:01.055+0530][42.311s][info][gc,phases   ] GC(1016)   Other: 0.10ms
[2026-05-27T11:24:01.055+0530][42.311s][info][gc,heap     ] GC(1016) Eden regions: 302->0(301)
[2026-05-27T11:24:01.055+0530][42.311s][info][gc,heap     ] GC(1016) Survivor regions: 5->6(39)
[2026-05-27T11:24:01.055+0530][42.311s][info][gc,heap     ] GC(1016) Old regions: 10->10
[2026-05-27T11:24:01.055+0530][42.311s][info][gc,heap     ] GC(1016) Archive regions: 2->2
[2026-05-27T11:24:01.055+0530][42.311s][info][gc,heap     ] GC(1016) Humongous regions: 9->0
[2026-05-27T11:24:01.055+0530][42.311s][info][gc,metaspace] GC(1016) Metaspace: 1745K(2048K)->1745K(2048K) NonClass: 1568K(1728K)->1568K(1728K) Class: 177K(320K)->177K(320K)
[2026-05-27T11:24:01.055+0530][42.311s][info][gc          ] GC(1016) Pause Young (Normal) (G1 Evacuation Pause) 325M->15M(512M) 1.007ms
[2026-05-27T11:24:01.055+0530][42.311s][info][gc,cpu      ] GC(1016) User=0.00s Sys=0.00s Real=0.00s
[2026-05-27T11:24:01.098+0530][42.354s][info][gc,start    ] GC(1017) Pause Young (Normal) (G1 Evacuation Pause)
[2026-05-27T11:24:01.098+0530][42.354s][info][gc,task     ] GC(1017) Using 9 workers of 9 for evacuation
[2026-05-27T11:24:01.099+0530][42.355s][info][gc,phases   ] GC(1017)   Pre Evacuate Collection Set: 0.09ms
[2026-05-27T11:24:01.099+0530][42.355s][info][gc,phases   ] GC(1017)   Merge Heap Roots: 0.13ms
[2026-05-27T11:24:01.099+0530][42.355s][info][gc,phases   ] GC(1017)   Evacuate Collection Set: 0.33ms
[2026-05-27T11:24:01.099+0530][42.355s][info][gc,phases   ] GC(1017)   Post Evacuate Collection Set: 0.19ms
[2026-05-27T11:24:01.099+0530][42.355s][info][gc,phases   ] GC(1017)   Other: 0.12ms
[2026-05-27T11:24:01.099+0530][42.355s][info][gc,heap     ] GC(1017) Eden regions: 301->0(301)
[2026-05-27T11:24:01.099+0530][42.355s][info][gc,heap     ] GC(1017) Survivor regions: 6->6(39)
[2026-05-27T11:24:01.099+0530][42.355s][info][gc,heap     ] GC(1017) Old regions: 10->10
[2026-05-27T11:24:01.099+0530][42.355s][info][gc,heap     ] GC(1017) Archive regions: 2->2
[2026-05-27T11:24:01.099+0530][42.355s][info][gc,heap     ] GC(1017) Humongous regions: 0->0
[2026-05-27T11:24:01.099+0530][42.355s][info][gc,metaspace] GC(1017) Metaspace: 1745K(2048K)->1745K(2048K) NonClass: 1568K(1728K)->1568K(1728K) Class: 177K(320K)->177K(320K)
[2026-05-27T11:24:01.099+0530][42.355s][info][gc          ] GC(1017) Pause Young (Normal) (G1 Evacuation Pause) 316M->15M(512M) 0.928ms
[2026-05-27T11:24:01.099+0530][42.355s][info][gc,cpu      ] GC(1017) User=0.00s Sys=0.00s Real=0.00s
[2026-05-27T11:24:01.142+0530][42.398s][info][gc,start    ] GC(1018) Pause Young (Normal) (G1 Evacuation Pause)
[2026-05-27T11:24:01.142+0530][42.399s][info][gc,task     ] GC(1018) Using 9 workers of 9 for evacuation
[2026-05-27T11:24:01.143+0530][42.399s][info][gc,phases   ] GC(1018)   Pre Evacuate Collection Set: 0.08ms
[2026-05-27T11:24:01.143+0530][42.399s][info][gc,phases   ] GC(1018)   Merge Heap Roots: 0.07ms
[2026-05-27T11:24:01.143+0530][42.399s][info][gc,phases   ] GC(1018)   Evacuate Collection Set: 0.41ms
[2026-05-27T11:24:01.143+0530][42.399s][info][gc,phases   ] GC(1018)   Post Evacuate Collection Set: 0.17ms
[2026-05-27T11:24:01.143+0530][42.399s][info][gc,phases   ] GC(1018)   Other: 0.15ms
[2026-05-27T11:24:01.143+0530][42.399s][info][gc,heap     ] GC(1018) Eden regions: 301->0(302)
[2026-05-27T11:24:01.143+0530][42.399s][info][gc,heap     ] GC(1018) Survivor regions: 6->5(39)
[2026-05-27T11:24:01.143+0530][42.399s][info][gc,heap     ] GC(1018) Old regions: 10->10
[2026-05-27T11:24:01.143+0530][42.399s][info][gc,heap     ] GC(1018) Archive regions: 2->2
[2026-05-27T11:24:01.143+0530][42.399s][info][gc,heap     ] GC(1018) Humongous regions: 9->0
[2026-05-27T11:24:01.143+0530][42.399s][info][gc,metaspace] GC(1018) Metaspace: 1745K(2048K)->1745K(2048K) NonClass: 1568K(1728K)->1568K(1728K) Class: 177K(320K)->177K(320K)
[2026-05-27T11:24:01.143+0530][42.399s][info][gc          ] GC(1018) Pause Young (Normal) (G1 Evacuation Pause) 325M->14M(512M) 0.964ms
[2026-05-27T11:24:01.143+0530][42.399s][info][gc,cpu      ] GC(1018) User=0.01s Sys=0.00s Real=0.00s
[2026-05-27T11:24:01.184+0530][42.440s][info][gc,start    ] GC(1019) Pause Young (Normal) (G1 Evacuation Pause)
[2026-05-27T11:24:01.184+0530][42.440s][info][gc,task     ] GC(1019) Using 9 workers of 9 for evacuation
[2026-05-27T11:24:01.185+0530][42.441s][info][gc,phases   ] GC(1019)   Pre Evacuate Collection Set: 0.07ms
[2026-05-27T11:24:01.185+0530][42.441s][info][gc,phases   ] GC(1019)   Merge Heap Roots: 0.06ms
[2026-05-27T11:24:01.185+0530][42.441s][info][gc,phases   ] GC(1019)   Evacuate Collection Set: 0.36ms
[2026-05-27T11:24:01.185+0530][42.441s][info][gc,phases   ] GC(1019)   Post Evacuate Collection Set: 0.23ms
[2026-05-27T11:24:01.185+0530][42.441s][info][gc,phases   ] GC(1019)   Other: 0.15ms
[2026-05-27T11:24:01.185+0530][42.441s][info][gc,heap     ] GC(1019) Eden regions: 302->0(300)
[2026-05-27T11:24:01.185+0530][42.441s][info][gc,heap     ] GC(1019) Survivor regions: 5->7(39)
[2026-05-27T11:24:01.185+0530][42.441s][info][gc,heap     ] GC(1019) Old regions: 10->10
[2026-05-27T11:24:01.185+0530][42.441s][info][gc,heap     ] GC(1019) Archive regions: 2->2
[2026-05-27T11:24:01.185+0530][42.441s][info][gc,heap     ] GC(1019) Humongous regions: 0->0
[2026-05-27T11:24:01.185+0530][42.441s][info][gc,metaspace] GC(1019) Metaspace: 1745K(2048K)->1745K(2048K) NonClass: 1568K(1728K)->1568K(1728K) Class: 177K(320K)->177K(320K)
[2026-05-27T11:24:01.185+0530][42.441s][info][gc          ] GC(1019) Pause Young (Normal) (G1 Evacuation Pause) 316M->16M(512M) 0.961ms
[2026-05-27T11:24:01.185+0530][42.441s][info][gc,cpu      ] GC(1019) User=0.00s Sys=0.00s Real=0.00s
[2026-05-27T11:24:01.227+0530][42.483s][info][gc,start    ] GC(1020) Pause Young (Normal) (G1 Evacuation Pause)
[2026-05-27T11:24:01.227+0530][42.483s][info][gc,task     ] GC(1020) Using 9 workers of 9 for evacuation
[2026-05-27T11:24:01.228+0530][42.484s][info][gc,phases   ] GC(1020)   Pre Evacuate Collection Set: 0.07ms
[2026-05-27T11:24:01.228+0530][42.484s][info][gc,phases   ] GC(1020)   Merge Heap Roots: 0.06ms
[2026-05-27T11:24:01.228+0530][42.484s][info][gc,phases   ] GC(1020)   Evacuate Collection Set: 0.29ms
[2026-05-27T11:24:01.228+0530][42.484s][info][gc,phases   ] GC(1020)   Post Evacuate Collection Set: 0.18ms
[2026-05-27T11:24:01.228+0530][42.484s][info][gc,phases   ] GC(1020)   Other: 0.11ms
[2026-05-27T11:24:01.228+0530][42.484s][info][gc,heap     ] GC(1020) Eden regions: 300->0(301)
[2026-05-27T11:24:01.228+0530][42.484s][info][gc,heap     ] GC(1020) Survivor regions: 7->6(39)
[2026-05-27T11:24:01.228+0530][42.484s][info][gc,heap     ] GC(1020) Old regions: 10->10
[2026-05-27T11:24:01.228+0530][42.484s][info][gc,heap     ] GC(1020) Archive regions: 2->2
[2026-05-27T11:24:01.228+0530][42.484s][info][gc,heap     ] GC(1020) Humongous regions: 0->0
[2026-05-27T11:24:01.228+0530][42.484s][info][gc,metaspace] GC(1020) Metaspace: 1745K(2048K)->1745K(2048K) NonClass: 1568K(1728K)->1568K(1728K) Class: 177K(320K)->177K(320K)
[2026-05-27T11:24:01.228+0530][42.484s][info][gc          ] GC(1020) Pause Young (Normal) (G1 Evacuation Pause) 316M->15M(512M) 0.804ms
[2026-05-27T11:24:01.228+0530][42.484s][info][gc,cpu      ] GC(1020) User=0.00s Sys=0.00s Real=0.00s
[2026-05-27T11:24:01.268+0530][42.524s][info][gc,start    ] GC(1021) Pause Young (Normal) (G1 Evacuation Pause)
[2026-05-27T11:24:01.268+0530][42.524s][info][gc,task     ] GC(1021) Using 9 workers of 9 for evacuation
[2026-05-27T11:24:01.269+0530][42.525s][info][gc,phases   ] GC(1021)   Pre Evacuate Collection Set: 0.04ms
[2026-05-27T11:24:01.269+0530][42.525s][info][gc,phases   ] GC(1021)   Merge Heap Roots: 0.09ms
[2026-05-27T11:24:01.269+0530][42.525s][info][gc,phases   ] GC(1021)   Evacuate Collection Set: 0.29ms
[2026-05-27T11:24:01.269+0530][42.525s][info][gc,phases   ] GC(1021)   Post Evacuate Collection Set: 0.15ms
[2026-05-27T11:24:01.269+0530][42.525s][info][gc,phases   ] GC(1021)   Other: 0.10ms
[2026-05-27T11:24:01.269+0530][42.525s][info][gc,heap     ] GC(1021) Eden regions: 301->0(302)
[2026-05-27T11:24:01.269+0530][42.525s][info][gc,heap     ] GC(1021) Survivor regions: 6->5(39)
[2026-05-27T11:24:01.269+0530][42.525s][info][gc,heap     ] GC(1021) Old regions: 10->10
[2026-05-27T11:24:01.269+0530][42.525s][info][gc,heap     ] GC(1021) Archive regions: 2->2
[2026-05-27T11:24:01.269+0530][42.525s][info][gc,heap     ] GC(1021) Humongous regions: 0->0
[2026-05-27T11:24:01.269+0530][42.525s][info][gc,metaspace] GC(1021) Metaspace: 1745K(2048K)->1745K(2048K) NonClass: 1568K(1728K)->1568K(1728K) Class: 177K(320K)->177K(320K)
[2026-05-27T11:24:01.269+0530][42.525s][info][gc          ] GC(1021) Pause Young (Normal) (G1 Evacuation Pause) 316M->14M(512M) 0.761ms
[2026-05-27T11:24:01.269+0530][42.525s][info][gc,cpu      ] GC(1021) User=0.00s Sys=0.00s Real=0.00s
[2026-05-27T11:24:01.307+0530][42.563s][info][gc,start    ] GC(1022) Pause Young (Normal) (G1 Evacuation Pause)
[2026-05-27T11:24:01.307+0530][42.563s][info][gc,task     ] GC(1022) Using 9 workers of 9 for evacuation
[2026-05-27T11:24:01.308+0530][42.564s][info][gc,phases   ] GC(1022)   Pre Evacuate Collection Set: 0.08ms
[2026-05-27T11:24:01.308+0530][42.564s][info][gc,phases   ] GC(1022)   Merge Heap Roots: 0.05ms
[2026-05-27T11:24:01.308+0530][42.564s][info][gc,phases   ] GC(1022)   Evacuate Collection Set: 0.28ms
[2026-05-27T11:24:01.308+0530][42.564s][info][gc,phases   ] GC(1022)   Post Evacuate Collection Set: 0.17ms
[2026-05-27T11:24:01.308+0530][42.564s][info][gc,phases   ] GC(1022)   Other: 0.11ms
[2026-05-27T11:24:01.308+0530][42.564s][info][gc,heap     ] GC(1022) Eden regions: 302->0(302)
[2026-05-27T11:24:01.308+0530][42.564s][info][gc,heap     ] GC(1022) Survivor regions: 5->5(39)
[2026-05-27T11:24:01.308+0530][42.564s][info][gc,heap     ] GC(1022) Old regions: 10->10
[2026-05-27T11:24:01.308+0530][42.564s][info][gc,heap     ] GC(1022) Archive regions: 2->2
[2026-05-27T11:24:01.308+0530][42.564s][info][gc,heap     ] GC(1022) Humongous regions: 0->0
[2026-05-27T11:24:01.308+0530][42.564s][info][gc,metaspace] GC(1022) Metaspace: 1745K(2048K)->1745K(2048K) NonClass: 1568K(1728K)->1568K(1728K) Class: 177K(320K)->177K(320K)
[2026-05-27T11:24:01.308+0530][42.564s][info][gc          ] GC(1022) Pause Young (Normal) (G1 Evacuation Pause) 316M->14M(512M) 0.776ms
[2026-05-27T11:24:01.308+0530][42.564s][info][gc,cpu      ] GC(1022) User=0.00s Sys=0.00s Real=0.00s
[2026-05-27T11:24:01.349+0530][42.605s][info][gc,start    ] GC(1023) Pause Young (Normal) (G1 Evacuation Pause)
[2026-05-27T11:24:01.349+0530][42.605s][info][gc,task     ] GC(1023) Using 9 workers of 9 for evacuation
[2026-05-27T11:24:01.350+0530][42.606s][info][gc,phases   ] GC(1023)   Pre Evacuate Collection Set: 0.06ms
[2026-05-27T11:24:01.350+0530][42.606s][info][gc,phases   ] GC(1023)   Merge Heap Roots: 0.04ms
[2026-05-27T11:24:01.350+0530][42.606s][info][gc,phases   ] GC(1023)   Evacuate Collection Set: 0.24ms
[2026-05-27T11:24:01.350+0530][42.606s][info][gc,phases   ] GC(1023)   Post Evacuate Collection Set: 0.17ms
[2026-05-27T11:24:01.350+0530][42.606s][info][gc,phases   ] GC(1023)   Other: 0.09ms
[2026-05-27T11:24:01.350+0530][42.606s][info][gc,heap     ] GC(1023) Eden regions: 302->0(301)
[2026-05-27T11:24:01.350+0530][42.606s][info][gc,heap     ] GC(1023) Survivor regions: 5->6(39)
[2026-05-27T11:24:01.350+0530][42.606s][info][gc,heap     ] GC(1023) Old regions: 10->10
[2026-05-27T11:24:01.350+0530][42.606s][info][gc,heap     ] GC(1023) Archive regions: 2->2
[2026-05-27T11:24:01.350+0530][42.606s][info][gc,heap     ] GC(1023) Humongous regions: 0->0
[2026-05-27T11:24:01.350+0530][42.606s][info][gc,metaspace] GC(1023) Metaspace: 1745K(2048K)->1745K(2048K) NonClass: 1568K(1728K)->1568K(1728K) Class: 177K(320K)->177K(320K)
[2026-05-27T11:24:01.350+0530][42.606s][info][gc          ] GC(1023) Pause Young (Normal) (G1 Evacuation Pause) 316M->15M(512M) 0.663ms
[2026-05-27T11:24:01.350+0530][42.606s][info][gc,cpu      ] GC(1023) User=0.00s Sys=0.00s Real=0.01s
[2026-05-27T11:24:01.393+0530][42.649s][info][gc,start    ] GC(1024) Pause Young (Normal) (G1 Evacuation Pause)
[2026-05-27T11:24:01.393+0530][42.649s][info][gc,task     ] GC(1024) Using 9 workers of 9 for evacuation
[2026-05-27T11:24:01.394+0530][42.650s][info][gc,phases   ] GC(1024)   Pre Evacuate Collection Set: 0.07ms
[2026-05-27T11:24:01.394+0530][42.650s][info][gc,phases   ] GC(1024)   Merge Heap Roots: 0.05ms
[2026-05-27T11:24:01.394+0530][42.650s][info][gc,phases   ] GC(1024)   Evacuate Collection Set: 0.32ms
[2026-05-27T11:24:01.394+0530][42.650s][info][gc,phases   ] GC(1024)   Post Evacuate Collection Set: 0.19ms
[2026-05-27T11:24:01.394+0530][42.650s][info][gc,phases   ] GC(1024)   Other: 0.11ms
[2026-05-27T11:24:01.394+0530][42.650s][info][gc,heap     ] GC(1024) Eden regions: 301->0(303)
[2026-05-27T11:24:01.394+0530][42.650s][info][gc,heap     ] GC(1024) Survivor regions: 6->4(39)
[2026-05-27T11:24:01.394+0530][42.650s][info][gc,heap     ] GC(1024) Old regions: 10->10
[2026-05-27T11:24:01.394+0530][42.650s][info][gc,heap     ] GC(1024) Archive regions: 2->2
[2026-05-27T11:24:01.394+0530][42.650s][info][gc,heap     ] GC(1024) Humongous regions: 0->0
[2026-05-27T11:24:01.394+0530][42.650s][info][gc,metaspace] GC(1024) Metaspace: 1745K(2048K)->1745K(2048K) NonClass: 1568K(1728K)->1568K(1728K) Class: 177K(320K)->177K(320K)
[2026-05-27T11:24:01.394+0530][42.650s][info][gc          ] GC(1024) Pause Young (Normal) (G1 Evacuation Pause) 316M->13M(512M) 0.784ms
[2026-05-27T11:24:01.394+0530][42.650s][info][gc,cpu      ] GC(1024) User=0.01s Sys=0.00s Real=0.00s
[2026-05-27T11:24:01.430+0530][42.686s][info][gc,start    ] GC(1025) Pause Young (Normal) (G1 Evacuation Pause)
[2026-05-27T11:24:01.430+0530][42.687s][info][gc,task     ] GC(1025) Using 9 workers of 9 for evacuation
[2026-05-27T11:24:01.431+0530][42.687s][info][gc,phases   ] GC(1025)   Pre Evacuate Collection Set: 0.08ms
[2026-05-27T11:24:01.431+0530][42.687s][info][gc,phases   ] GC(1025)   Merge Heap Roots: 0.05ms
[2026-05-27T11:24:01.431+0530][42.687s][info][gc,phases   ] GC(1025)   Evacuate Collection Set: 0.27ms
[2026-05-27T11:24:01.431+0530][42.687s][info][gc,phases   ] GC(1025)   Post Evacuate Collection Set: 0.17ms
[2026-05-27T11:24:01.431+0530][42.687s][info][gc,phases   ] GC(1025)   Other: 0.10ms
[2026-05-27T11:24:01.431+0530][42.687s][info][gc,heap     ] GC(1025) Eden regions: 303->0(300)
[2026-05-27T11:24:01.431+0530][42.687s][info][gc,heap     ] GC(1025) Survivor regions: 4->7(39)
[2026-05-27T11:24:01.431+0530][42.687s][info][gc,heap     ] GC(1025) Old regions: 10->10
[2026-05-27T11:24:01.431+0530][42.687s][info][gc,heap     ] GC(1025) Archive regions: 2->2
[2026-05-27T11:24:01.431+0530][42.687s][info][gc,heap     ] GC(1025) Humongous regions: 0->0
[2026-05-27T11:24:01.431+0530][42.687s][info][gc,metaspace] GC(1025) Metaspace: 1745K(2048K)->1745K(2048K) NonClass: 1568K(1728K)->1568K(1728K) Class: 177K(320K)->177K(320K)
[2026-05-27T11:24:01.431+0530][42.687s][info][gc          ] GC(1025) Pause Young (Normal) (G1 Evacuation Pause) 316M->16M(512M) 0.764ms
[2026-05-27T11:24:01.431+0530][42.687s][info][gc,cpu      ] GC(1025) User=0.00s Sys=0.00s Real=0.00s
[2026-05-27T11:24:01.470+0530][42.726s][info][gc,start    ] GC(1026) Pause Young (Normal) (G1 Evacuation Pause)
[2026-05-27T11:24:01.470+0530][42.726s][info][gc,task     ] GC(1026) Using 9 workers of 9 for evacuation
[2026-05-27T11:24:01.471+0530][42.727s][info][gc,phases   ] GC(1026)   Pre Evacuate Collection Set: 0.06ms
[2026-05-27T11:24:01.471+0530][42.727s][info][gc,phases   ] GC(1026)   Merge Heap Roots: 0.10ms
[2026-05-27T11:24:01.471+0530][42.727s][info][gc,phases   ] GC(1026)   Evacuate Collection Set: 0.30ms
[2026-05-27T11:24:01.471+0530][42.727s][info][gc,phases   ] GC(1026)   Post Evacuate Collection Set: 0.18ms
[2026-05-27T11:24:01.471+0530][42.727s][info][gc,phases   ] GC(1026)   Other: 0.11ms
[2026-05-27T11:24:01.471+0530][42.727s][info][gc,heap     ] GC(1026) Eden regions: 300->0(300)
[2026-05-27T11:24:01.471+0530][42.727s][info][gc,heap     ] GC(1026) Survivor regions: 7->7(39)
[2026-05-27T11:24:01.471+0530][42.727s][info][gc,heap     ] GC(1026) Old regions: 10->10
[2026-05-27T11:24:01.471+0530][42.727s][info][gc,heap     ] GC(1026) Archive regions: 2->2
[2026-05-27T11:24:01.471+0530][42.727s][info][gc,heap     ] GC(1026) Humongous regions: 9->0
[2026-05-27T11:24:01.471+0530][42.727s][info][gc,metaspace] GC(1026) Metaspace: 1745K(2048K)->1745K(2048K) NonClass: 1568K(1728K)->1568K(1728K) Class: 177K(320K)->177K(320K)
[2026-05-27T11:24:01.471+0530][42.727s][info][gc          ] GC(1026) Pause Young (Normal) (G1 Evacuation Pause) 325M->16M(512M) 0.832ms
[2026-05-27T11:24:01.471+0530][42.727s][info][gc,cpu      ] GC(1026) User=0.00s Sys=0.00s Real=0.00s
[2026-05-27T11:24:01.511+0530][42.767s][info][gc,start    ] GC(1027) Pause Young (Normal) (G1 Evacuation Pause)
[2026-05-27T11:24:01.511+0530][42.767s][info][gc,task     ] GC(1027) Using 9 workers of 9 for evacuation
[2026-05-27T11:24:01.512+0530][42.768s][info][gc,phases   ] GC(1027)   Pre Evacuate Collection Set: 0.06ms
[2026-05-27T11:24:01.512+0530][42.768s][info][gc,phases   ] GC(1027)   Merge Heap Roots: 0.04ms
[2026-05-27T11:24:01.512+0530][42.768s][info][gc,phases   ] GC(1027)   Evacuate Collection Set: 0.27ms
[2026-05-27T11:24:01.512+0530][42.768s][info][gc,phases   ] GC(1027)   Post Evacuate Collection Set: 0.21ms
[2026-05-27T11:24:01.512+0530][42.768s][info][gc,phases   ] GC(1027)   Other: 0.12ms
[2026-05-27T11:24:01.512+0530][42.768s][info][gc,heap     ] GC(1027) Eden regions: 300->0(302)
[2026-05-27T11:24:01.512+0530][42.768s][info][gc,heap     ] GC(1027) Survivor regions: 7->5(39)
[2026-05-27T11:24:01.512+0530][42.768s][info][gc,heap     ] GC(1027) Old regions: 10->10
[2026-05-27T11:24:01.512+0530][42.768s][info][gc,heap     ] GC(1027) Archive regions: 2->2
[2026-05-27T11:24:01.512+0530][42.768s][info][gc,heap     ] GC(1027) Humongous regions: 0->0
[2026-05-27T11:24:01.512+0530][42.768s][info][gc,metaspace] GC(1027) Metaspace: 1745K(2048K)->1745K(2048K) NonClass: 1568K(1728K)->1568K(1728K) Class: 177K(320K)->177K(320K)
[2026-05-27T11:24:01.512+0530][42.768s][info][gc          ] GC(1027) Pause Young (Normal) (G1 Evacuation Pause) 316M->14M(512M) 0.780ms
[2026-05-27T11:24:01.512+0530][42.768s][info][gc,cpu      ] GC(1027) User=0.00s Sys=0.00s Real=0.00s
[2026-05-27T11:24:01.553+0530][42.809s][info][gc,start    ] GC(1028) Pause Young (Normal) (G1 Evacuation Pause)
[2026-05-27T11:24:01.553+0530][42.809s][info][gc,task     ] GC(1028) Using 9 workers of 9 for evacuation
[2026-05-27T11:24:01.553+0530][42.809s][info][gc,phases   ] GC(1028)   Pre Evacuate Collection Set: 0.07ms
[2026-05-27T11:24:01.553+0530][42.809s][info][gc,phases   ] GC(1028)   Merge Heap Roots: 0.04ms
[2026-05-27T11:24:01.553+0530][42.809s][info][gc,phases   ] GC(1028)   Evacuate Collection Set: 0.24ms
[2026-05-27T11:24:01.553+0530][42.809s][info][gc,phases   ] GC(1028)   Post Evacuate Collection Set: 0.20ms
[2026-05-27T11:24:01.553+0530][42.809s][info][gc,phases   ] GC(1028)   Other: 0.10ms
[2026-05-27T11:24:01.553+0530][42.809s][info][gc,heap     ] GC(1028) Eden regions: 302->0(305)
[2026-05-27T11:24:01.553+0530][42.809s][info][gc,heap     ] GC(1028) Survivor regions: 5->2(39)
[2026-05-27T11:24:01.553+0530][42.809s][info][gc,heap     ] GC(1028) Old regions: 10->10
[2026-05-27T11:24:01.553+0530][42.809s][info][gc,heap     ] GC(1028) Archive regions: 2->2
[2026-05-27T11:24:01.553+0530][42.809s][info][gc,heap     ] GC(1028) Humongous regions: 9->0
[2026-05-27T11:24:01.553+0530][42.809s][info][gc,metaspace] GC(1028) Metaspace: 1745K(2048K)->1745K(2048K) NonClass: 1568K(1728K)->1568K(1728K) Class: 177K(320K)->177K(320K)
[2026-05-27T11:24:01.553+0530][42.809s][info][gc          ] GC(1028) Pause Young (Normal) (G1 Evacuation Pause) 325M->11M(512M) 0.705ms
[2026-05-27T11:24:01.553+0530][42.809s][info][gc,cpu      ] GC(1028) User=0.00s Sys=0.00s Real=0.00s
[2026-05-27T11:24:01.593+0530][42.850s][info][gc,start    ] GC(1029) Pause Young (Normal) (G1 Evacuation Pause)
[2026-05-27T11:24:01.594+0530][42.850s][info][gc,task     ] GC(1029) Using 9 workers of 9 for evacuation
[2026-05-27T11:24:01.594+0530][42.850s][info][gc,phases   ] GC(1029)   Pre Evacuate Collection Set: 0.10ms
[2026-05-27T11:24:01.594+0530][42.850s][info][gc,phases   ] GC(1029)   Merge Heap Roots: 0.05ms
[2026-05-27T11:24:01.594+0530][42.850s][info][gc,phases   ] GC(1029)   Evacuate Collection Set: 0.32ms
[2026-05-27T11:24:01.594+0530][42.850s][info][gc,phases   ] GC(1029)   Post Evacuate Collection Set: 0.19ms
[2026-05-27T11:24:01.594+0530][42.850s][info][gc,phases   ] GC(1029)   Other: 0.12ms
[2026-05-27T11:24:01.594+0530][42.850s][info][gc,heap     ] GC(1029) Eden regions: 305->0(300)
[2026-05-27T11:24:01.594+0530][42.850s][info][gc,heap     ] GC(1029) Survivor regions: 2->7(39)
[2026-05-27T11:24:01.594+0530][42.850s][info][gc,heap     ] GC(1029) Old regions: 10->10
[2026-05-27T11:24:01.594+0530][42.850s][info][gc,heap     ] GC(1029) Archive regions: 2->2
[2026-05-27T11:24:01.594+0530][42.850s][info][gc,heap     ] GC(1029) Humongous regions: 0->0
[2026-05-27T11:24:01.594+0530][42.850s][info][gc,metaspace] GC(1029) Metaspace: 1745K(2048K)->1745K(2048K) NonClass: 1568K(1728K)->1568K(1728K) Class: 177K(320K)->177K(320K)
[2026-05-27T11:24:01.594+0530][42.850s][info][gc          ] GC(1029) Pause Young (Normal) (G1 Evacuation Pause) 316M->16M(512M) 0.821ms
[2026-05-27T11:24:01.594+0530][42.850s][info][gc,cpu      ] GC(1029) User=0.01s Sys=0.00s Real=0.00s
[2026-05-27T11:24:01.636+0530][42.892s][info][gc,start    ] GC(1030) Pause Young (Normal) (G1 Evacuation Pause)
[2026-05-27T11:24:01.636+0530][42.892s][info][gc,task     ] GC(1030) Using 9 workers of 9 for evacuation
[2026-05-27T11:24:01.636+0530][42.893s][info][gc,phases   ] GC(1030)   Pre Evacuate Collection Set: 0.05ms
[2026-05-27T11:24:01.637+0530][42.893s][info][gc,phases   ] GC(1030)   Merge Heap Roots: 0.04ms
[2026-05-27T11:24:01.637+0530][42.893s][info][gc,phases   ] GC(1030)   Evacuate Collection Set: 0.27ms
[2026-05-27T11:24:01.637+0530][42.893s][info][gc,phases   ] GC(1030)   Post Evacuate Collection Set: 0.19ms
[2026-05-27T11:24:01.637+0530][42.893s][info][gc,phases   ] GC(1030)   Other: 0.11ms
[2026-05-27T11:24:01.637+0530][42.893s][info][gc,heap     ] GC(1030) Eden regions: 300->0(300)
[2026-05-27T11:24:01.637+0530][42.893s][info][gc,heap     ] GC(1030) Survivor regions: 7->7(39)
[2026-05-27T11:24:01.637+0530][42.893s][info][gc,heap     ] GC(1030) Old regions: 10->10
[2026-05-27T11:24:01.637+0530][42.893s][info][gc,heap     ] GC(1030) Archive regions: 2->2
[2026-05-27T11:24:01.637+0530][42.893s][info][gc,heap     ] GC(1030) Humongous regions: 0->0
[2026-05-27T11:24:01.637+0530][42.893s][info][gc,metaspace] GC(1030) Metaspace: 1745K(2048K)->1745K(2048K) NonClass: 1568K(1728K)->1568K(1728K) Class: 177K(320K)->177K(320K)
[2026-05-27T11:24:01.637+0530][42.893s][info][gc          ] GC(1030) Pause Young (Normal) (G1 Evacuation Pause) 316M->16M(512M) 0.750ms
[2026-05-27T11:24:01.637+0530][42.893s][info][gc,cpu      ] GC(1030) User=0.01s Sys=0.00s Real=0.00s
[2026-05-27T11:24:01.679+0530][42.935s][info][gc,start    ] GC(1031) Pause Young (Normal) (G1 Evacuation Pause)
[2026-05-27T11:24:01.679+0530][42.935s][info][gc,task     ] GC(1031) Using 9 workers of 9 for evacuation
[2026-05-27T11:24:01.679+0530][42.935s][info][gc,phases   ] GC(1031)   Pre Evacuate Collection Set: 0.07ms
[2026-05-27T11:24:01.679+0530][42.935s][info][gc,phases   ] GC(1031)   Merge Heap Roots: 0.08ms
[2026-05-27T11:24:01.679+0530][42.935s][info][gc,phases   ] GC(1031)   Evacuate Collection Set: 0.37ms
[2026-05-27T11:24:01.679+0530][42.935s][info][gc,phases   ] GC(1031)   Post Evacuate Collection Set: 0.22ms
[2026-05-27T11:24:01.679+0530][42.935s][info][gc,phases   ] GC(1031)   Other: 0.11ms
[2026-05-27T11:24:01.679+0530][42.935s][info][gc,heap     ] GC(1031) Eden regions: 300->0(301)
[2026-05-27T11:24:01.679+0530][42.936s][info][gc,heap     ] GC(1031) Survivor regions: 7->6(39)
[2026-05-27T11:24:01.679+0530][42.936s][info][gc,heap     ] GC(1031) Old regions: 10->10
[2026-05-27T11:24:01.679+0530][42.936s][info][gc,heap     ] GC(1031) Archive regions: 2->2
[2026-05-27T11:24:01.679+0530][42.936s][info][gc,heap     ] GC(1031) Humongous regions: 0->0
[2026-05-27T11:24:01.679+0530][42.936s][info][gc,metaspace] GC(1031) Metaspace: 1745K(2048K)->1745K(2048K) NonClass: 1568K(1728K)->1568K(1728K) Class: 177K(320K)->177K(320K)
[2026-05-27T11:24:01.679+0530][42.936s][info][gc          ] GC(1031) Pause Young (Normal) (G1 Evacuation Pause) 316M->15M(512M) 0.934ms
[2026-05-27T11:24:01.679+0530][42.936s][info][gc,cpu      ] GC(1031) User=0.01s Sys=0.00s Real=0.00s
[2026-05-27T11:24:01.720+0530][42.976s][info][gc,start    ] GC(1032) Pause Young (Normal) (G1 Evacuation Pause)
[2026-05-27T11:24:01.720+0530][42.976s][info][gc,task     ] GC(1032) Using 9 workers of 9 for evacuation
[2026-05-27T11:24:01.721+0530][42.977s][info][gc,phases   ] GC(1032)   Pre Evacuate Collection Set: 0.07ms
[2026-05-27T11:24:01.721+0530][42.977s][info][gc,phases   ] GC(1032)   Merge Heap Roots: 0.06ms
[2026-05-27T11:24:01.721+0530][42.977s][info][gc,phases   ] GC(1032)   Evacuate Collection Set: 0.28ms
[2026-05-27T11:24:01.721+0530][42.977s][info][gc,phases   ] GC(1032)   Post Evacuate Collection Set: 0.16ms
[2026-05-27T11:24:01.721+0530][42.977s][info][gc,phases   ] GC(1032)   Other: 0.10ms
[2026-05-27T11:24:01.721+0530][42.977s][info][gc,heap     ] GC(1032) Eden regions: 301->0(301)
[2026-05-27T11:24:01.721+0530][42.977s][info][gc,heap     ] GC(1032) Survivor regions: 6->6(39)
[2026-05-27T11:24:01.721+0530][42.977s][info][gc,heap     ] GC(1032) Old regions: 10->10
[2026-05-27T11:24:01.721+0530][42.977s][info][gc,heap     ] GC(1032) Archive regions: 2->2
[2026-05-27T11:24:01.721+0530][42.977s][info][gc,heap     ] GC(1032) Humongous regions: 0->0
[2026-05-27T11:24:01.721+0530][42.977s][info][gc,metaspace] GC(1032) Metaspace: 1745K(2048K)->1745K(2048K) NonClass: 1568K(1728K)->1568K(1728K) Class: 177K(320K)->177K(320K)
[2026-05-27T11:24:01.721+0530][42.977s][info][gc          ] GC(1032) Pause Young (Normal) (G1 Evacuation Pause) 316M->15M(512M) 0.731ms
[2026-05-27T11:24:01.721+0530][42.977s][info][gc,cpu      ] GC(1032) User=0.00s Sys=0.00s Real=0.00s
[2026-05-27T11:24:01.762+0530][43.018s][info][gc,start    ] GC(1033) Pause Young (Normal) (G1 Evacuation Pause)
[2026-05-27T11:24:01.762+0530][43.018s][info][gc,task     ] GC(1033) Using 9 workers of 9 for evacuation
[2026-05-27T11:24:01.763+0530][43.019s][info][gc,phases   ] GC(1033)   Pre Evacuate Collection Set: 0.06ms
[2026-05-27T11:24:01.763+0530][43.019s][info][gc,phases   ] GC(1033)   Merge Heap Roots: 0.05ms
[2026-05-27T11:24:01.763+0530][43.019s][info][gc,phases   ] GC(1033)   Evacuate Collection Set: 0.30ms
[2026-05-27T11:24:01.763+0530][43.019s][info][gc,phases   ] GC(1033)   Post Evacuate Collection Set: 0.17ms
[2026-05-27T11:24:01.763+0530][43.019s][info][gc,phases   ] GC(1033)   Other: 0.12ms
[2026-05-27T11:24:01.763+0530][43.019s][info][gc,heap     ] GC(1033) Eden regions: 301->0(302)
[2026-05-27T11:24:01.763+0530][43.019s][info][gc,heap     ] GC(1033) Survivor regions: 6->5(39)
[2026-05-27T11:24:01.763+0530][43.019s][info][gc,heap     ] GC(1033) Old regions: 10->10
[2026-05-27T11:24:01.763+0530][43.019s][info][gc,heap     ] GC(1033) Archive regions: 2->2
[2026-05-27T11:24:01.763+0530][43.019s][info][gc,heap     ] GC(1033) Humongous regions: 0->0
[2026-05-27T11:24:01.763+0530][43.019s][info][gc,metaspace] GC(1033) Metaspace: 1745K(2048K)->1745K(2048K) NonClass: 1568K(1728K)->1568K(1728K) Class: 177K(320K)->177K(320K)
[2026-05-27T11:24:01.763+0530][43.019s][info][gc          ] GC(1033) Pause Young (Normal) (G1 Evacuation Pause) 316M->14M(512M) 0.775ms
[2026-05-27T11:24:01.763+0530][43.019s][info][gc,cpu      ] GC(1033) User=0.00s Sys=0.00s Real=0.00s
[2026-05-27T11:24:01.804+0530][43.060s][info][gc,start    ] GC(1034) Pause Young (Normal) (G1 Evacuation Pause)
[2026-05-27T11:24:01.804+0530][43.060s][info][gc,task     ] GC(1034) Using 9 workers of 9 for evacuation
[2026-05-27T11:24:01.804+0530][43.060s][info][gc,phases   ] GC(1034)   Pre Evacuate Collection Set: 0.08ms
[2026-05-27T11:24:01.804+0530][43.060s][info][gc,phases   ] GC(1034)   Merge Heap Roots: 0.05ms
[2026-05-27T11:24:01.804+0530][43.060s][info][gc,phases   ] GC(1034)   Evacuate Collection Set: 0.31ms
[2026-05-27T11:24:01.804+0530][43.060s][info][gc,phases   ] GC(1034)   Post Evacuate Collection Set: 0.20ms
[2026-05-27T11:24:01.804+0530][43.060s][info][gc,phases   ] GC(1034)   Other: 0.11ms
[2026-05-27T11:24:01.804+0530][43.060s][info][gc,heap     ] GC(1034) Eden regions: 302->0(301)
[2026-05-27T11:24:01.804+0530][43.060s][info][gc,heap     ] GC(1034) Survivor regions: 5->6(39)
[2026-05-27T11:24:01.804+0530][43.060s][info][gc,heap     ] GC(1034) Old regions: 10->10
[2026-05-27T11:24:01.804+0530][43.060s][info][gc,heap     ] GC(1034) Archive regions: 2->2
[2026-05-27T11:24:01.804+0530][43.060s][info][gc,heap     ] GC(1034) Humongous regions: 0->0
[2026-05-27T11:24:01.804+0530][43.060s][info][gc,metaspace] GC(1034) Metaspace: 1745K(2048K)->1745K(2048K) NonClass: 1568K(1728K)->1568K(1728K) Class: 177K(320K)->177K(320K)
[2026-05-27T11:24:01.804+0530][43.060s][info][gc          ] GC(1034) Pause Young (Normal) (G1 Evacuation Pause) 316M->15M(512M) 0.840ms
[2026-05-27T11:24:01.804+0530][43.060s][info][gc,cpu      ] GC(1034) User=0.00s Sys=0.00s Real=0.00s
[2026-05-27T11:24:01.846+0530][43.102s][info][gc,start    ] GC(1035) Pause Young (Normal) (G1 Evacuation Pause)
[2026-05-27T11:24:01.846+0530][43.102s][info][gc,task     ] GC(1035) Using 9 workers of 9 for evacuation
[2026-05-27T11:24:01.847+0530][43.103s][info][gc,phases   ] GC(1035)   Pre Evacuate Collection Set: 0.06ms
[2026-05-27T11:24:01.847+0530][43.103s][info][gc,phases   ] GC(1035)   Merge Heap Roots: 0.06ms
[2026-05-27T11:24:01.847+0530][43.103s][info][gc,phases   ] GC(1035)   Evacuate Collection Set: 0.38ms
[2026-05-27T11:24:01.847+0530][43.103s][info][gc,phases   ] GC(1035)   Post Evacuate Collection Set: 0.17ms
[2026-05-27T11:24:01.847+0530][43.103s][info][gc,phases   ] GC(1035)   Other: 0.10ms
[2026-05-27T11:24:01.847+0530][43.103s][info][gc,heap     ] GC(1035) Eden regions: 301->0(301)
[2026-05-27T11:24:01.847+0530][43.103s][info][gc,heap     ] GC(1035) Survivor regions: 6->6(39)
[2026-05-27T11:24:01.847+0530][43.103s][info][gc,heap     ] GC(1035) Old regions: 10->10
[2026-05-27T11:24:01.847+0530][43.103s][info][gc,heap     ] GC(1035) Archive regions: 2->2
[2026-05-27T11:24:01.847+0530][43.103s][info][gc,heap     ] GC(1035) Humongous regions: 9->0
[2026-05-27T11:24:01.847+0530][43.103s][info][gc,metaspace] GC(1035) Metaspace: 1745K(2048K)->1745K(2048K) NonClass: 1568K(1728K)->1568K(1728K) Class: 177K(320K)->177K(320K)
[2026-05-27T11:24:01.847+0530][43.103s][info][gc          ] GC(1035) Pause Young (Normal) (G1 Evacuation Pause) 325M->15M(512M) 0.862ms
[2026-05-27T11:24:01.847+0530][43.103s][info][gc,cpu      ] GC(1035) User=0.00s Sys=0.00s Real=0.00s
[2026-05-27T11:24:01.887+0530][43.143s][info][gc,start    ] GC(1036) Pause Young (Normal) (G1 Evacuation Pause)
[2026-05-27T11:24:01.887+0530][43.143s][info][gc,task     ] GC(1036) Using 9 workers of 9 for evacuation
[2026-05-27T11:24:01.887+0530][43.144s][info][gc,phases   ] GC(1036)   Pre Evacuate Collection Set: 0.07ms
[2026-05-27T11:24:01.888+0530][43.144s][info][gc,phases   ] GC(1036)   Merge Heap Roots: 0.05ms
[2026-05-27T11:24:01.888+0530][43.144s][info][gc,phases   ] GC(1036)   Evacuate Collection Set: 0.30ms
[2026-05-27T11:24:01.888+0530][43.144s][info][gc,phases   ] GC(1036)   Post Evacuate Collection Set: 0.18ms
[2026-05-27T11:24:01.888+0530][43.144s][info][gc,phases   ] GC(1036)   Other: 0.13ms
[2026-05-27T11:24:01.888+0530][43.144s][info][gc,heap     ] GC(1036) Eden regions: 301->0(303)
[2026-05-27T11:24:01.888+0530][43.144s][info][gc,heap     ] GC(1036) Survivor regions: 6->4(39)
[2026-05-27T11:24:01.888+0530][43.144s][info][gc,heap     ] GC(1036) Old regions: 10->10
[2026-05-27T11:24:01.888+0530][43.144s][info][gc,heap     ] GC(1036) Archive regions: 2->2
[2026-05-27T11:24:01.888+0530][43.144s][info][gc,heap     ] GC(1036) Humongous regions: 9->0
[2026-05-27T11:24:01.888+0530][43.144s][info][gc,metaspace] GC(1036) Metaspace: 1745K(2048K)->1745K(2048K) NonClass: 1568K(1728K)->1568K(1728K) Class: 177K(320K)->177K(320K)
[2026-05-27T11:24:01.888+0530][43.144s][info][gc          ] GC(1036) Pause Young (Normal) (G1 Evacuation Pause) 325M->14M(512M) 0.814ms
[2026-05-27T11:24:01.888+0530][43.144s][info][gc,cpu      ] GC(1036) User=0.00s Sys=0.00s Real=0.00s
[2026-05-27T11:24:01.927+0530][43.183s][info][gc,start    ] GC(1037) Pause Young (Normal) (G1 Evacuation Pause)
[2026-05-27T11:24:01.927+0530][43.183s][info][gc,task     ] GC(1037) Using 9 workers of 9 for evacuation
[2026-05-27T11:24:01.928+0530][43.184s][info][gc,phases   ] GC(1037)   Pre Evacuate Collection Set: 0.06ms
[2026-05-27T11:24:01.928+0530][43.184s][info][gc,phases   ] GC(1037)   Merge Heap Roots: 0.06ms
[2026-05-27T11:24:01.928+0530][43.184s][info][gc,phases   ] GC(1037)   Evacuate Collection Set: 0.26ms
[2026-05-27T11:24:01.928+0530][43.184s][info][gc,phases   ] GC(1037)   Post Evacuate Collection Set: 0.21ms
[2026-05-27T11:24:01.928+0530][43.184s][info][gc,phases   ] GC(1037)   Other: 0.14ms
[2026-05-27T11:24:01.928+0530][43.184s][info][gc,heap     ] GC(1037) Eden regions: 303->0(301)
[2026-05-27T11:24:01.928+0530][43.184s][info][gc,heap     ] GC(1037) Survivor regions: 4->6(39)
[2026-05-27T11:24:01.928+0530][43.184s][info][gc,heap     ] GC(1037) Old regions: 10->10
[2026-05-27T11:24:01.928+0530][43.184s][info][gc,heap     ] GC(1037) Archive regions: 2->2
[2026-05-27T11:24:01.928+0530][43.184s][info][gc,heap     ] GC(1037) Humongous regions: 0->0
[2026-05-27T11:24:01.928+0530][43.184s][info][gc,metaspace] GC(1037) Metaspace: 1745K(2048K)->1745K(2048K) NonClass: 1568K(1728K)->1568K(1728K) Class: 177K(320K)->177K(320K)
[2026-05-27T11:24:01.928+0530][43.184s][info][gc          ] GC(1037) Pause Young (Normal) (G1 Evacuation Pause) 316M->15M(512M) 0.796ms
[2026-05-27T11:24:01.928+0530][43.184s][info][gc,cpu      ] GC(1037) User=0.00s Sys=0.00s Real=0.00s
[2026-05-27T11:24:01.968+0530][43.224s][info][gc,start    ] GC(1038) Pause Young (Normal) (G1 Evacuation Pause)
[2026-05-27T11:24:01.968+0530][43.224s][info][gc,task     ] GC(1038) Using 9 workers of 9 for evacuation
[2026-05-27T11:24:01.969+0530][43.225s][info][gc,phases   ] GC(1038)   Pre Evacuate Collection Set: 0.06ms
[2026-05-27T11:24:01.969+0530][43.225s][info][gc,phases   ] GC(1038)   Merge Heap Roots: 0.06ms
[2026-05-27T11:24:01.969+0530][43.225s][info][gc,phases   ] GC(1038)   Evacuate Collection Set: 0.31ms
[2026-05-27T11:24:01.969+0530][43.225s][info][gc,phases   ] GC(1038)   Post Evacuate Collection Set: 0.22ms
[2026-05-27T11:24:01.969+0530][43.225s][info][gc,phases   ] GC(1038)   Other: 0.09ms
[2026-05-27T11:24:01.969+0530][43.225s][info][gc,heap     ] GC(1038) Eden regions: 301->0(302)
[2026-05-27T11:24:01.969+0530][43.225s][info][gc,heap     ] GC(1038) Survivor regions: 6->5(39)
[2026-05-27T11:24:01.969+0530][43.225s][info][gc,heap     ] GC(1038) Old regions: 10->10
[2026-05-27T11:24:01.969+0530][43.225s][info][gc,heap     ] GC(1038) Archive regions: 2->2
[2026-05-27T11:24:01.969+0530][43.225s][info][gc,heap     ] GC(1038) Humongous regions: 0->0
[2026-05-27T11:24:01.969+0530][43.225s][info][gc,metaspace] GC(1038) Metaspace: 1745K(2048K)->1745K(2048K) NonClass: 1568K(1728K)->1568K(1728K) Class: 177K(320K)->177K(320K)
[2026-05-27T11:24:01.969+0530][43.225s][info][gc          ] GC(1038) Pause Young (Normal) (G1 Evacuation Pause) 316M->14M(512M) 0.862ms
[2026-05-27T11:24:01.969+0530][43.225s][info][gc,cpu      ] GC(1038) User=0.00s Sys=0.00s Real=0.00s
[2026-05-27T11:24:02.011+0530][43.267s][info][gc,start    ] GC(1039) Pause Young (Normal) (G1 Evacuation Pause)
[2026-05-27T11:24:02.011+0530][43.267s][info][gc,task     ] GC(1039) Using 9 workers of 9 for evacuation
[2026-05-27T11:24:02.012+0530][43.268s][info][gc,phases   ] GC(1039)   Pre Evacuate Collection Set: 0.10ms
[2026-05-27T11:24:02.012+0530][43.268s][info][gc,phases   ] GC(1039)   Merge Heap Roots: 0.05ms
[2026-05-27T11:24:02.012+0530][43.268s][info][gc,phases   ] GC(1039)   Evacuate Collection Set: 0.23ms
[2026-05-27T11:24:02.012+0530][43.268s][info][gc,phases   ] GC(1039)   Post Evacuate Collection Set: 0.16ms
[2026-05-27T11:24:02.012+0530][43.268s][info][gc,phases   ] GC(1039)   Other: 0.11ms
[2026-05-27T11:24:02.012+0530][43.268s][info][gc,heap     ] GC(1039) Eden regions: 302->0(305)
[2026-05-27T11:24:02.012+0530][43.268s][info][gc,heap     ] GC(1039) Survivor regions: 5->2(39)
[2026-05-27T11:24:02.012+0530][43.268s][info][gc,heap     ] GC(1039) Old regions: 10->10
[2026-05-27T11:24:02.012+0530][43.268s][info][gc,heap     ] GC(1039) Archive regions: 2->2
[2026-05-27T11:24:02.012+0530][43.268s][info][gc,heap     ] GC(1039) Humongous regions: 0->0
[2026-05-27T11:24:02.012+0530][43.268s][info][gc,metaspace] GC(1039) Metaspace: 1745K(2048K)->1745K(2048K) NonClass: 1568K(1728K)->1568K(1728K) Class: 177K(320K)->177K(320K)
[2026-05-27T11:24:02.012+0530][43.268s][info][gc          ] GC(1039) Pause Young (Normal) (G1 Evacuation Pause) 316M->11M(512M) 0.726ms
[2026-05-27T11:24:02.012+0530][43.268s][info][gc,cpu      ] GC(1039) User=0.00s Sys=0.00s Real=0.00s
[2026-05-27T11:24:02.054+0530][43.310s][info][gc,start    ] GC(1040) Pause Young (Normal) (G1 Evacuation Pause)
[2026-05-27T11:24:02.054+0530][43.310s][info][gc,task     ] GC(1040) Using 9 workers of 9 for evacuation
[2026-05-27T11:24:02.054+0530][43.310s][info][gc,phases   ] GC(1040)   Pre Evacuate Collection Set: 0.06ms
[2026-05-27T11:24:02.054+0530][43.310s][info][gc,phases   ] GC(1040)   Merge Heap Roots: 0.05ms
[2026-05-27T11:24:02.054+0530][43.310s][info][gc,phases   ] GC(1040)   Evacuate Collection Set: 0.26ms
[2026-05-27T11:24:02.054+0530][43.310s][info][gc,phases   ] GC(1040)   Post Evacuate Collection Set: 0.16ms
[2026-05-27T11:24:02.054+0530][43.310s][info][gc,phases   ] GC(1040)   Other: 0.11ms
[2026-05-27T11:24:02.054+0530][43.310s][info][gc,heap     ] GC(1040) Eden regions: 305->0(302)
[2026-05-27T11:24:02.054+0530][43.310s][info][gc,heap     ] GC(1040) Survivor regions: 2->5(39)
[2026-05-27T11:24:02.054+0530][43.310s][info][gc,heap     ] GC(1040) Old regions: 10->10
[2026-05-27T11:24:02.054+0530][43.310s][info][gc,heap     ] GC(1040) Archive regions: 2->2
[2026-05-27T11:24:02.054+0530][43.310s][info][gc,heap     ] GC(1040) Humongous regions: 9->0
[2026-05-27T11:24:02.054+0530][43.310s][info][gc,metaspace] GC(1040) Metaspace: 1745K(2048K)->1745K(2048K) NonClass: 1568K(1728K)->1568K(1728K) Class: 177K(320K)->177K(320K)
[2026-05-27T11:24:02.054+0530][43.310s][info][gc          ] GC(1040) Pause Young (Normal) (G1 Evacuation Pause) 325M->14M(512M) 0.709ms
[2026-05-27T11:24:02.054+0530][43.310s][info][gc,cpu      ] GC(1040) User=0.00s Sys=0.00s Real=0.00s
[2026-05-27T11:24:02.094+0530][43.350s][info][gc,start    ] GC(1041) Pause Young (Normal) (G1 Evacuation Pause)
[2026-05-27T11:24:02.094+0530][43.350s][info][gc,task     ] GC(1041) Using 9 workers of 9 for evacuation
[2026-05-27T11:24:02.094+0530][43.350s][info][gc,phases   ] GC(1041)   Pre Evacuate Collection Set: 0.08ms
[2026-05-27T11:24:02.094+0530][43.350s][info][gc,phases   ] GC(1041)   Merge Heap Roots: 0.06ms
[2026-05-27T11:24:02.094+0530][43.350s][info][gc,phases   ] GC(1041)   Evacuate Collection Set: 0.26ms
[2026-05-27T11:24:02.094+0530][43.350s][info][gc,phases   ] GC(1041)   Post Evacuate Collection Set: 0.17ms
[2026-05-27T11:24:02.094+0530][43.350s][info][gc,phases   ] GC(1041)   Other: 0.12ms
[2026-05-27T11:24:02.094+0530][43.350s][info][gc,heap     ] GC(1041) Eden regions: 302->0(300)
[2026-05-27T11:24:02.094+0530][43.350s][info][gc,heap     ] GC(1041) Survivor regions: 5->7(39)
[2026-05-27T11:24:02.094+0530][43.350s][info][gc,heap     ] GC(1041) Old regions: 10->10
[2026-05-27T11:24:02.094+0530][43.350s][info][gc,heap     ] GC(1041) Archive regions: 2->2
[2026-05-27T11:24:02.094+0530][43.350s][info][gc,heap     ] GC(1041) Humongous regions: 0->0
[2026-05-27T11:24:02.094+0530][43.350s][info][gc,metaspace] GC(1041) Metaspace: 1745K(2048K)->1745K(2048K) NonClass: 1568K(1728K)->1568K(1728K) Class: 177K(320K)->177K(320K)
[2026-05-27T11:24:02.094+0530][43.350s][info][gc          ] GC(1041) Pause Young (Normal) (G1 Evacuation Pause) 316M->16M(512M) 0.760ms
[2026-05-27T11:24:02.094+0530][43.350s][info][gc,cpu      ] GC(1041) User=0.00s Sys=0.00s Real=0.00s
[2026-05-27T11:24:02.142+0530][43.398s][info][gc,start    ] GC(1042) Pause Young (Normal) (G1 Evacuation Pause)
[2026-05-27T11:24:02.142+0530][43.398s][info][gc,task     ] GC(1042) Using 9 workers of 9 for evacuation
[2026-05-27T11:24:02.143+0530][43.399s][info][gc,phases   ] GC(1042)   Pre Evacuate Collection Set: 0.07ms
[2026-05-27T11:24:02.143+0530][43.399s][info][gc,phases   ] GC(1042)   Merge Heap Roots: 0.07ms
[2026-05-27T11:24:02.143+0530][43.399s][info][gc,phases   ] GC(1042)   Evacuate Collection Set: 0.26ms
[2026-05-27T11:24:02.143+0530][43.399s][info][gc,phases   ] GC(1042)   Post Evacuate Collection Set: 0.18ms
[2026-05-27T11:24:02.143+0530][43.399s][info][gc,phases   ] GC(1042)   Other: 0.11ms
[2026-05-27T11:24:02.143+0530][43.399s][info][gc,heap     ] GC(1042) Eden regions: 300->0(305)
[2026-05-27T11:24:02.143+0530][43.399s][info][gc,heap     ] GC(1042) Survivor regions: 7->2(39)
[2026-05-27T11:24:02.143+0530][43.399s][info][gc,heap     ] GC(1042) Old regions: 10->10
[2026-05-27T11:24:02.143+0530][43.399s][info][gc,heap     ] GC(1042) Archive regions: 2->2
[2026-05-27T11:24:02.143+0530][43.399s][info][gc,heap     ] GC(1042) Humongous regions: 0->0
[2026-05-27T11:24:02.143+0530][43.399s][info][gc,metaspace] GC(1042) Metaspace: 1745K(2048K)->1745K(2048K) NonClass: 1568K(1728K)->1568K(1728K) Class: 177K(320K)->177K(320K)
[2026-05-27T11:24:02.143+0530][43.399s][info][gc          ] GC(1042) Pause Young (Normal) (G1 Evacuation Pause) 316M->11M(512M) 0.776ms
[2026-05-27T11:24:02.143+0530][43.399s][info][gc,cpu      ] GC(1042) User=0.01s Sys=0.00s Real=0.00s
[2026-05-27T11:24:02.183+0530][43.439s][info][gc,start    ] GC(1043) Pause Young (Normal) (G1 Evacuation Pause)
[2026-05-27T11:24:02.183+0530][43.439s][info][gc,task     ] GC(1043) Using 9 workers of 9 for evacuation
[2026-05-27T11:24:02.184+0530][43.440s][info][gc,phases   ] GC(1043)   Pre Evacuate Collection Set: 0.07ms
[2026-05-27T11:24:02.184+0530][43.440s][info][gc,phases   ] GC(1043)   Merge Heap Roots: 0.05ms
[2026-05-27T11:24:02.184+0530][43.440s][info][gc,phases   ] GC(1043)   Evacuate Collection Set: 0.30ms
[2026-05-27T11:24:02.184+0530][43.440s][info][gc,phases   ] GC(1043)   Post Evacuate Collection Set: 0.20ms
[2026-05-27T11:24:02.184+0530][43.440s][info][gc,phases   ] GC(1043)   Other: 0.10ms
[2026-05-27T11:24:02.184+0530][43.440s][info][gc,heap     ] GC(1043) Eden regions: 305->0(301)
[2026-05-27T11:24:02.184+0530][43.440s][info][gc,heap     ] GC(1043) Survivor regions: 2->6(39)
[2026-05-27T11:24:02.184+0530][43.440s][info][gc,heap     ] GC(1043) Old regions: 10->10
[2026-05-27T11:24:02.184+0530][43.440s][info][gc,heap     ] GC(1043) Archive regions: 2->2
[2026-05-27T11:24:02.184+0530][43.440s][info][gc,heap     ] GC(1043) Humongous regions: 0->0
[2026-05-27T11:24:02.184+0530][43.440s][info][gc,metaspace] GC(1043) Metaspace: 1745K(2048K)->1745K(2048K) NonClass: 1568K(1728K)->1568K(1728K) Class: 177K(320K)->177K(320K)
[2026-05-27T11:24:02.184+0530][43.440s][info][gc          ] GC(1043) Pause Young (Normal) (G1 Evacuation Pause) 315M->15M(512M) 0.807ms
[2026-05-27T11:24:02.184+0530][43.440s][info][gc,cpu      ] GC(1043) User=0.00s Sys=0.00s Real=0.00s
[2026-05-27T11:24:02.223+0530][43.479s][info][gc,start    ] GC(1044) Pause Young (Normal) (G1 Evacuation Pause)
[2026-05-27T11:24:02.223+0530][43.479s][info][gc,task     ] GC(1044) Using 9 workers of 9 for evacuation
[2026-05-27T11:24:02.224+0530][43.480s][info][gc,phases   ] GC(1044)   Pre Evacuate Collection Set: 0.06ms
[2026-05-27T11:24:02.224+0530][43.480s][info][gc,phases   ] GC(1044)   Merge Heap Roots: 0.04ms
[2026-05-27T11:24:02.224+0530][43.480s][info][gc,phases   ] GC(1044)   Evacuate Collection Set: 0.27ms
[2026-05-27T11:24:02.224+0530][43.480s][info][gc,phases   ] GC(1044)   Post Evacuate Collection Set: 0.23ms
[2026-05-27T11:24:02.224+0530][43.480s][info][gc,phases   ] GC(1044)   Other: 0.10ms
[2026-05-27T11:24:02.224+0530][43.480s][info][gc,heap     ] GC(1044) Eden regions: 301->0(301)
[2026-05-27T11:24:02.224+0530][43.480s][info][gc,heap     ] GC(1044) Survivor regions: 6->6(39)
[2026-05-27T11:24:02.224+0530][43.480s][info][gc,heap     ] GC(1044) Old regions: 10->10
[2026-05-27T11:24:02.224+0530][43.480s][info][gc,heap     ] GC(1044) Archive regions: 2->2
[2026-05-27T11:24:02.224+0530][43.480s][info][gc,heap     ] GC(1044) Humongous regions: 0->0
[2026-05-27T11:24:02.224+0530][43.480s][info][gc,metaspace] GC(1044) Metaspace: 1745K(2048K)->1745K(2048K) NonClass: 1568K(1728K)->1568K(1728K) Class: 177K(320K)->177K(320K)
[2026-05-27T11:24:02.224+0530][43.480s][info][gc          ] GC(1044) Pause Young (Normal) (G1 Evacuation Pause) 316M->15M(512M) 0.761ms
[2026-05-27T11:24:02.224+0530][43.480s][info][gc,cpu      ] GC(1044) User=0.00s Sys=0.00s Real=0.00s
[2026-05-27T11:24:02.264+0530][43.520s][info][gc,start    ] GC(1045) Pause Young (Normal) (G1 Evacuation Pause)
[2026-05-27T11:24:02.264+0530][43.520s][info][gc,task     ] GC(1045) Using 9 workers of 9 for evacuation
[2026-05-27T11:24:02.264+0530][43.520s][info][gc,phases   ] GC(1045)   Pre Evacuate Collection Set: 0.07ms
[2026-05-27T11:24:02.264+0530][43.520s][info][gc,phases   ] GC(1045)   Merge Heap Roots: 0.05ms
[2026-05-27T11:24:02.264+0530][43.520s][info][gc,phases   ] GC(1045)   Evacuate Collection Set: 0.27ms
[2026-05-27T11:24:02.264+0530][43.521s][info][gc,phases   ] GC(1045)   Post Evacuate Collection Set: 0.15ms
[2026-05-27T11:24:02.264+0530][43.521s][info][gc,phases   ] GC(1045)   Other: 0.09ms
[2026-05-27T11:24:02.264+0530][43.521s][info][gc,heap     ] GC(1045) Eden regions: 301->0(302)
[2026-05-27T11:24:02.264+0530][43.521s][info][gc,heap     ] GC(1045) Survivor regions: 6->5(39)
[2026-05-27T11:24:02.264+0530][43.521s][info][gc,heap     ] GC(1045) Old regions: 10->10
[2026-05-27T11:24:02.264+0530][43.521s][info][gc,heap     ] GC(1045) Archive regions: 2->2
[2026-05-27T11:24:02.264+0530][43.521s][info][gc,heap     ] GC(1045) Humongous regions: 0->0
[2026-05-27T11:24:02.264+0530][43.521s][info][gc,metaspace] GC(1045) Metaspace: 1745K(2048K)->1745K(2048K) NonClass: 1568K(1728K)->1568K(1728K) Class: 177K(320K)->177K(320K)
[2026-05-27T11:24:02.264+0530][43.521s][info][gc          ] GC(1045) Pause Young (Normal) (G1 Evacuation Pause) 316M->15M(512M) 0.687ms
[2026-05-27T11:24:02.264+0530][43.521s][info][gc,cpu      ] GC(1045) User=0.00s Sys=0.00s Real=0.00s
[2026-05-27T11:24:02.303+0530][43.560s][info][gc,start    ] GC(1046) Pause Young (Normal) (G1 Evacuation Pause)
[2026-05-27T11:24:02.303+0530][43.560s][info][gc,task     ] GC(1046) Using 9 workers of 9 for evacuation
[2026-05-27T11:24:02.304+0530][43.560s][info][gc,phases   ] GC(1046)   Pre Evacuate Collection Set: 0.07ms
[2026-05-27T11:24:02.304+0530][43.560s][info][gc,phases   ] GC(1046)   Merge Heap Roots: 0.06ms
[2026-05-27T11:24:02.304+0530][43.560s][info][gc,phases   ] GC(1046)   Evacuate Collection Set: 0.22ms
[2026-05-27T11:24:02.304+0530][43.560s][info][gc,phases   ] GC(1046)   Post Evacuate Collection Set: 0.23ms
[2026-05-27T11:24:02.304+0530][43.560s][info][gc,phases   ] GC(1046)   Other: 0.11ms
[2026-05-27T11:24:02.304+0530][43.560s][info][gc,heap     ] GC(1046) Eden regions: 302->0(300)
[2026-05-27T11:24:02.304+0530][43.560s][info][gc,heap     ] GC(1046) Survivor regions: 5->7(39)
[2026-05-27T11:24:02.304+0530][43.560s][info][gc,heap     ] GC(1046) Old regions: 10->10
[2026-05-27T11:24:02.304+0530][43.560s][info][gc,heap     ] GC(1046) Archive regions: 2->2
[2026-05-27T11:24:02.304+0530][43.560s][info][gc,heap     ] GC(1046) Humongous regions: 0->0
[2026-05-27T11:24:02.304+0530][43.560s][info][gc,metaspace] GC(1046) Metaspace: 1745K(2048K)->1745K(2048K) NonClass: 1568K(1728K)->1568K(1728K) Class: 177K(320K)->177K(320K)
[2026-05-27T11:24:02.304+0530][43.560s][info][gc          ] GC(1046) Pause Young (Normal) (G1 Evacuation Pause) 316M->16M(512M) 0.771ms
[2026-05-27T11:24:02.304+0530][43.560s][info][gc,cpu      ] GC(1046) User=0.00s Sys=0.00s Real=0.00s
[2026-05-27T11:24:02.343+0530][43.599s][info][gc,start    ] GC(1047) Pause Young (Normal) (G1 Evacuation Pause)
[2026-05-27T11:24:02.343+0530][43.599s][info][gc,task     ] GC(1047) Using 9 workers of 9 for evacuation
[2026-05-27T11:24:02.344+0530][43.600s][info][gc,phases   ] GC(1047)   Pre Evacuate Collection Set: 0.07ms
[2026-05-27T11:24:02.344+0530][43.600s][info][gc,phases   ] GC(1047)   Merge Heap Roots: 0.07ms
[2026-05-27T11:24:02.344+0530][43.600s][info][gc,phases   ] GC(1047)   Evacuate Collection Set: 0.23ms
[2026-05-27T11:24:02.344+0530][43.600s][info][gc,phases   ] GC(1047)   Post Evacuate Collection Set: 0.18ms
[2026-05-27T11:24:02.344+0530][43.600s][info][gc,phases   ] GC(1047)   Other: 0.11ms
[2026-05-27T11:24:02.344+0530][43.600s][info][gc,heap     ] GC(1047) Eden regions: 300->0(303)
[2026-05-27T11:24:02.344+0530][43.600s][info][gc,heap     ] GC(1047) Survivor regions: 7->4(39)
[2026-05-27T11:24:02.344+0530][43.600s][info][gc,heap     ] GC(1047) Old regions: 10->10
[2026-05-27T11:24:02.344+0530][43.600s][info][gc,heap     ] GC(1047) Archive regions: 2->2
[2026-05-27T11:24:02.344+0530][43.600s][info][gc,heap     ] GC(1047) Humongous regions: 9->0
[2026-05-27T11:24:02.344+0530][43.600s][info][gc,metaspace] GC(1047) Metaspace: 1745K(2048K)->1745K(2048K) NonClass: 1568K(1728K)->1568K(1728K) Class: 177K(320K)->177K(320K)
[2026-05-27T11:24:02.344+0530][43.600s][info][gc          ] GC(1047) Pause Young (Normal) (G1 Evacuation Pause) 325M->14M(512M) 0.714ms
[2026-05-27T11:24:02.344+0530][43.600s][info][gc,cpu      ] GC(1047) User=0.00s Sys=0.00s Real=0.00s
[2026-05-27T11:24:02.383+0530][43.639s][info][gc,start    ] GC(1048) Pause Young (Normal) (G1 Evacuation Pause)
[2026-05-27T11:24:02.383+0530][43.639s][info][gc,task     ] GC(1048) Using 9 workers of 9 for evacuation
[2026-05-27T11:24:02.384+0530][43.640s][info][gc,phases   ] GC(1048)   Pre Evacuate Collection Set: 0.08ms
[2026-05-27T11:24:02.384+0530][43.640s][info][gc,phases   ] GC(1048)   Merge Heap Roots: 0.05ms
[2026-05-27T11:24:02.384+0530][43.640s][info][gc,phases   ] GC(1048)   Evacuate Collection Set: 0.25ms
[2026-05-27T11:24:02.384+0530][43.640s][info][gc,phases   ] GC(1048)   Post Evacuate Collection Set: 0.16ms
[2026-05-27T11:24:02.384+0530][43.640s][info][gc,phases   ] GC(1048)   Other: 0.10ms
[2026-05-27T11:24:02.384+0530][43.640s][info][gc,heap     ] GC(1048) Eden regions: 303->0(301)
[2026-05-27T11:24:02.384+0530][43.640s][info][gc,heap     ] GC(1048) Survivor regions: 4->6(39)
[2026-05-27T11:24:02.384+0530][43.640s][info][gc,heap     ] GC(1048) Old regions: 10->10
[2026-05-27T11:24:02.384+0530][43.640s][info][gc,heap     ] GC(1048) Archive regions: 2->2
[2026-05-27T11:24:02.384+0530][43.640s][info][gc,heap     ] GC(1048) Humongous regions: 9->0
[2026-05-27T11:24:02.384+0530][43.640s][info][gc,metaspace] GC(1048) Metaspace: 1745K(2048K)->1745K(2048K) NonClass: 1568K(1728K)->1568K(1728K) Class: 177K(320K)->177K(320K)
[2026-05-27T11:24:02.384+0530][43.640s][info][gc          ] GC(1048) Pause Young (Normal) (G1 Evacuation Pause) 325M->15M(512M) 0.739ms
[2026-05-27T11:24:02.384+0530][43.640s][info][gc,cpu      ] GC(1048) User=0.00s Sys=0.00s Real=0.00s
[2026-05-27T11:24:02.424+0530][43.680s][info][gc,start    ] GC(1049) Pause Young (Normal) (G1 Evacuation Pause)
[2026-05-27T11:24:02.424+0530][43.680s][info][gc,task     ] GC(1049) Using 9 workers of 9 for evacuation
[2026-05-27T11:24:02.424+0530][43.680s][info][gc,phases   ] GC(1049)   Pre Evacuate Collection Set: 0.09ms
[2026-05-27T11:24:02.424+0530][43.680s][info][gc,phases   ] GC(1049)   Merge Heap Roots: 0.04ms
[2026-05-27T11:24:02.424+0530][43.680s][info][gc,phases   ] GC(1049)   Evacuate Collection Set: 0.18ms
[2026-05-27T11:24:02.424+0530][43.680s][info][gc,phases   ] GC(1049)   Post Evacuate Collection Set: 0.18ms
[2026-05-27T11:24:02.424+0530][43.680s][info][gc,phases   ] GC(1049)   Other: 0.11ms
[2026-05-27T11:24:02.424+0530][43.680s][info][gc,heap     ] GC(1049) Eden regions: 301->0(306)
[2026-05-27T11:24:02.424+0530][43.680s][info][gc,heap     ] GC(1049) Survivor regions: 6->1(39)
[2026-05-27T11:24:02.424+0530][43.680s][info][gc,heap     ] GC(1049) Old regions: 10->10
[2026-05-27T11:24:02.424+0530][43.680s][info][gc,heap     ] GC(1049) Archive regions: 2->2
[2026-05-27T11:24:02.424+0530][43.680s][info][gc,heap     ] GC(1049) Humongous regions: 0->0
[2026-05-27T11:24:02.424+0530][43.680s][info][gc,metaspace] GC(1049) Metaspace: 1745K(2048K)->1745K(2048K) NonClass: 1568K(1728K)->1568K(1728K) Class: 177K(320K)->177K(320K)
[2026-05-27T11:24:02.424+0530][43.680s][info][gc          ] GC(1049) Pause Young (Normal) (G1 Evacuation Pause) 316M->10M(512M) 0.659ms
[2026-05-27T11:24:02.424+0530][43.680s][info][gc,cpu      ] GC(1049) User=0.00s Sys=0.00s Real=0.00s
[2026-05-27T11:24:02.465+0530][43.721s][info][gc,start    ] GC(1050) Pause Young (Normal) (G1 Evacuation Pause)
[2026-05-27T11:24:02.465+0530][43.721s][info][gc,task     ] GC(1050) Using 9 workers of 9 for evacuation
[2026-05-27T11:24:02.465+0530][43.722s][info][gc,phases   ] GC(1050)   Pre Evacuate Collection Set: 0.05ms
[2026-05-27T11:24:02.465+0530][43.722s][info][gc,phases   ] GC(1050)   Merge Heap Roots: 0.04ms
[2026-05-27T11:24:02.465+0530][43.722s][info][gc,phases   ] GC(1050)   Evacuate Collection Set: 0.28ms
[2026-05-27T11:24:02.465+0530][43.722s][info][gc,phases   ] GC(1050)   Post Evacuate Collection Set: 0.20ms
[2026-05-27T11:24:02.465+0530][43.722s][info][gc,phases   ] GC(1050)   Other: 0.11ms
[2026-05-27T11:24:02.465+0530][43.722s][info][gc,heap     ] GC(1050) Eden regions: 306->0(302)
[2026-05-27T11:24:02.465+0530][43.722s][info][gc,heap     ] GC(1050) Survivor regions: 1->5(39)
[2026-05-27T11:24:02.465+0530][43.722s][info][gc,heap     ] GC(1050) Old regions: 10->10
[2026-05-27T11:24:02.466+0530][43.722s][info][gc,heap     ] GC(1050) Archive regions: 2->2
[2026-05-27T11:24:02.466+0530][43.722s][info][gc,heap     ] GC(1050) Humongous regions: 0->0
[2026-05-27T11:24:02.466+0530][43.722s][info][gc,metaspace] GC(1050) Metaspace: 1745K(2048K)->1745K(2048K) NonClass: 1568K(1728K)->1568K(1728K) Class: 177K(320K)->177K(320K)
[2026-05-27T11:24:02.466+0530][43.722s][info][gc          ] GC(1050) Pause Young (Normal) (G1 Evacuation Pause) 316M->14M(512M) 0.740ms
[2026-05-27T11:24:02.466+0530][43.722s][info][gc,cpu      ] GC(1050) User=0.00s Sys=0.01s Real=0.00s
[2026-05-27T11:24:02.508+0530][43.764s][info][gc,start    ] GC(1051) Pause Young (Normal) (G1 Evacuation Pause)
[2026-05-27T11:24:02.508+0530][43.764s][info][gc,task     ] GC(1051) Using 9 workers of 9 for evacuation
[2026-05-27T11:24:02.508+0530][43.764s][info][gc,phases   ] GC(1051)   Pre Evacuate Collection Set: 0.08ms
[2026-05-27T11:24:02.508+0530][43.764s][info][gc,phases   ] GC(1051)   Merge Heap Roots: 0.05ms
[2026-05-27T11:24:02.508+0530][43.764s][info][gc,phases   ] GC(1051)   Evacuate Collection Set: 0.26ms
[2026-05-27T11:24:02.508+0530][43.764s][info][gc,phases   ] GC(1051)   Post Evacuate Collection Set: 0.19ms
[2026-05-27T11:24:02.508+0530][43.764s][info][gc,phases   ] GC(1051)   Other: 0.10ms
[2026-05-27T11:24:02.508+0530][43.764s][info][gc,heap     ] GC(1051) Eden regions: 302->0(301)
[2026-05-27T11:24:02.508+0530][43.764s][info][gc,heap     ] GC(1051) Survivor regions: 5->6(39)
[2026-05-27T11:24:02.508+0530][43.764s][info][gc,heap     ] GC(1051) Old regions: 10->10
[2026-05-27T11:24:02.508+0530][43.764s][info][gc,heap     ] GC(1051) Archive regions: 2->2
[2026-05-27T11:24:02.508+0530][43.764s][info][gc,heap     ] GC(1051) Humongous regions: 9->0
[2026-05-27T11:24:02.508+0530][43.764s][info][gc,metaspace] GC(1051) Metaspace: 1745K(2048K)->1745K(2048K) NonClass: 1568K(1728K)->1568K(1728K) Class: 177K(320K)->177K(320K)
[2026-05-27T11:24:02.508+0530][43.764s][info][gc          ] GC(1051) Pause Young (Normal) (G1 Evacuation Pause) 325M->15M(512M) 0.753ms
[2026-05-27T11:24:02.508+0530][43.764s][info][gc,cpu      ] GC(1051) User=0.00s Sys=0.00s Real=0.00s
[2026-05-27T11:24:02.547+0530][43.803s][info][gc,start    ] GC(1052) Pause Young (Normal) (G1 Evacuation Pause)
[2026-05-27T11:24:02.547+0530][43.803s][info][gc,task     ] GC(1052) Using 9 workers of 9 for evacuation
[2026-05-27T11:24:02.548+0530][43.804s][info][gc,phases   ] GC(1052)   Pre Evacuate Collection Set: 0.12ms
[2026-05-27T11:24:02.548+0530][43.804s][info][gc,phases   ] GC(1052)   Merge Heap Roots: 0.05ms
[2026-05-27T11:24:02.548+0530][43.804s][info][gc,phases   ] GC(1052)   Evacuate Collection Set: 0.31ms
[2026-05-27T11:24:02.548+0530][43.804s][info][gc,phases   ] GC(1052)   Post Evacuate Collection Set: 0.17ms
[2026-05-27T11:24:02.548+0530][43.804s][info][gc,phases   ] GC(1052)   Other: 0.12ms
[2026-05-27T11:24:02.548+0530][43.804s][info][gc,heap     ] GC(1052) Eden regions: 301->0(302)
[2026-05-27T11:24:02.548+0530][43.804s][info][gc,heap     ] GC(1052) Survivor regions: 6->5(39)
[2026-05-27T11:24:02.548+0530][43.804s][info][gc,heap     ] GC(1052) Old regions: 10->10
[2026-05-27T11:24:02.548+0530][43.804s][info][gc,heap     ] GC(1052) Archive regions: 2->2
[2026-05-27T11:24:02.548+0530][43.804s][info][gc,heap     ] GC(1052) Humongous regions: 18->0
[2026-05-27T11:24:02.548+0530][43.804s][info][gc,metaspace] GC(1052) Metaspace: 1745K(2048K)->1745K(2048K) NonClass: 1568K(1728K)->1568K(1728K) Class: 177K(320K)->177K(320K)
[2026-05-27T11:24:02.548+0530][43.804s][info][gc          ] GC(1052) Pause Young (Normal) (G1 Evacuation Pause) 334M->14M(512M) 0.846ms
[2026-05-27T11:24:02.548+0530][43.804s][info][gc,cpu      ] GC(1052) User=0.01s Sys=0.00s Real=0.00s
[2026-05-27T11:24:02.589+0530][43.845s][info][gc,start    ] GC(1053) Pause Young (Normal) (G1 Evacuation Pause)
[2026-05-27T11:24:02.589+0530][43.845s][info][gc,task     ] GC(1053) Using 9 workers of 9 for evacuation
[2026-05-27T11:24:02.590+0530][43.846s][info][gc,phases   ] GC(1053)   Pre Evacuate Collection Set: 0.07ms
[2026-05-27T11:24:02.590+0530][43.846s][info][gc,phases   ] GC(1053)   Merge Heap Roots: 0.04ms
[2026-05-27T11:24:02.590+0530][43.846s][info][gc,phases   ] GC(1053)   Evacuate Collection Set: 0.26ms
[2026-05-27T11:24:02.590+0530][43.846s][info][gc,phases   ] GC(1053)   Post Evacuate Collection Set: 0.22ms
[2026-05-27T11:24:02.590+0530][43.846s][info][gc,phases   ] GC(1053)   Other: 0.10ms
[2026-05-27T11:24:02.590+0530][43.846s][info][gc,heap     ] GC(1053) Eden regions: 302->0(300)
[2026-05-27T11:24:02.590+0530][43.846s][info][gc,heap     ] GC(1053) Survivor regions: 5->7(39)
[2026-05-27T11:24:02.590+0530][43.846s][info][gc,heap     ] GC(1053) Old regions: 10->10
[2026-05-27T11:24:02.590+0530][43.846s][info][gc,heap     ] GC(1053) Archive regions: 2->2
[2026-05-27T11:24:02.590+0530][43.846s][info][gc,heap     ] GC(1053) Humongous regions: 9->0
[2026-05-27T11:24:02.590+0530][43.846s][info][gc,metaspace] GC(1053) Metaspace: 1745K(2048K)->1745K(2048K) NonClass: 1568K(1728K)->1568K(1728K) Class: 177K(320K)->177K(320K)
[2026-05-27T11:24:02.590+0530][43.846s][info][gc          ] GC(1053) Pause Young (Normal) (G1 Evacuation Pause) 325M->16M(512M) 0.769ms
[2026-05-27T11:24:02.590+0530][43.846s][info][gc,cpu      ] GC(1053) User=0.01s Sys=0.00s Real=0.01s
[2026-05-27T11:24:02.627+0530][43.883s][info][gc,start    ] GC(1054) Pause Young (Normal) (G1 Evacuation Pause)
[2026-05-27T11:24:02.627+0530][43.883s][info][gc,task     ] GC(1054) Using 9 workers of 9 for evacuation
[2026-05-27T11:24:02.628+0530][43.884s][info][gc,phases   ] GC(1054)   Pre Evacuate Collection Set: 0.08ms
[2026-05-27T11:24:02.628+0530][43.884s][info][gc,phases   ] GC(1054)   Merge Heap Roots: 0.03ms
[2026-05-27T11:24:02.628+0530][43.884s][info][gc,phases   ] GC(1054)   Evacuate Collection Set: 0.22ms
[2026-05-27T11:24:02.628+0530][43.884s][info][gc,phases   ] GC(1054)   Post Evacuate Collection Set: 0.21ms
[2026-05-27T11:24:02.628+0530][43.884s][info][gc,phases   ] GC(1054)   Other: 0.10ms
[2026-05-27T11:24:02.628+0530][43.884s][info][gc,heap     ] GC(1054) Eden regions: 300->0(301)
[2026-05-27T11:24:02.628+0530][43.884s][info][gc,heap     ] GC(1054) Survivor regions: 7->6(39)
[2026-05-27T11:24:02.628+0530][43.884s][info][gc,heap     ] GC(1054) Old regions: 10->10
[2026-05-27T11:24:02.628+0530][43.884s][info][gc,heap     ] GC(1054) Archive regions: 2->2
[2026-05-27T11:24:02.628+0530][43.884s][info][gc,heap     ] GC(1054) Humongous regions: 0->0
[2026-05-27T11:24:02.628+0530][43.884s][info][gc,metaspace] GC(1054) Metaspace: 1745K(2048K)->1745K(2048K) NonClass: 1568K(1728K)->1568K(1728K) Class: 177K(320K)->177K(320K)
[2026-05-27T11:24:02.628+0530][43.884s][info][gc          ] GC(1054) Pause Young (Normal) (G1 Evacuation Pause) 316M->15M(512M) 0.698ms
[2026-05-27T11:24:02.628+0530][43.884s][info][gc,cpu      ] GC(1054) User=0.00s Sys=0.00s Real=0.00s
[2026-05-27T11:24:02.671+0530][43.927s][info][gc,start    ] GC(1055) Pause Young (Normal) (G1 Evacuation Pause)
[2026-05-27T11:24:02.671+0530][43.927s][info][gc,task     ] GC(1055) Using 9 workers of 9 for evacuation
[2026-05-27T11:24:02.672+0530][43.928s][info][gc,phases   ] GC(1055)   Pre Evacuate Collection Set: 0.11ms
[2026-05-27T11:24:02.672+0530][43.928s][info][gc,phases   ] GC(1055)   Merge Heap Roots: 0.05ms
[2026-05-27T11:24:02.672+0530][43.928s][info][gc,phases   ] GC(1055)   Evacuate Collection Set: 0.40ms
[2026-05-27T11:24:02.672+0530][43.928s][info][gc,phases   ] GC(1055)   Post Evacuate Collection Set: 0.22ms
[2026-05-27T11:24:02.672+0530][43.928s][info][gc,phases   ] GC(1055)   Other: 0.10ms
[2026-05-27T11:24:02.672+0530][43.928s][info][gc,heap     ] GC(1055) Eden regions: 301->0(302)
[2026-05-27T11:24:02.672+0530][43.928s][info][gc,heap     ] GC(1055) Survivor regions: 6->5(39)
[2026-05-27T11:24:02.672+0530][43.928s][info][gc,heap     ] GC(1055) Old regions: 10->10
[2026-05-27T11:24:02.672+0530][43.928s][info][gc,heap     ] GC(1055) Archive regions: 2->2
[2026-05-27T11:24:02.672+0530][43.928s][info][gc,heap     ] GC(1055) Humongous regions: 0->0
[2026-05-27T11:24:02.672+0530][43.928s][info][gc,metaspace] GC(1055) Metaspace: 1745K(2048K)->1745K(2048K) NonClass: 1568K(1728K)->1568K(1728K) Class: 177K(320K)->177K(320K)
[2026-05-27T11:24:02.672+0530][43.928s][info][gc          ] GC(1055) Pause Young (Normal) (G1 Evacuation Pause) 316M->14M(512M) 0.965ms
[2026-05-27T11:24:02.672+0530][43.928s][info][gc,cpu      ] GC(1055) User=0.00s Sys=0.00s Real=0.00s
[2026-05-27T11:24:02.711+0530][43.967s][info][gc,start    ] GC(1056) Pause Young (Normal) (G1 Evacuation Pause)
[2026-05-27T11:24:02.711+0530][43.968s][info][gc,task     ] GC(1056) Using 9 workers of 9 for evacuation
[2026-05-27T11:24:02.712+0530][43.968s][info][gc,phases   ] GC(1056)   Pre Evacuate Collection Set: 0.08ms
[2026-05-27T11:24:02.712+0530][43.968s][info][gc,phases   ] GC(1056)   Merge Heap Roots: 0.06ms
[2026-05-27T11:24:02.712+0530][43.968s][info][gc,phases   ] GC(1056)   Evacuate Collection Set: 0.28ms
[2026-05-27T11:24:02.712+0530][43.968s][info][gc,phases   ] GC(1056)   Post Evacuate Collection Set: 0.17ms
[2026-05-27T11:24:02.712+0530][43.968s][info][gc,phases   ] GC(1056)   Other: 0.11ms
[2026-05-27T11:24:02.712+0530][43.968s][info][gc,heap     ] GC(1056) Eden regions: 302->0(301)
[2026-05-27T11:24:02.712+0530][43.968s][info][gc,heap     ] GC(1056) Survivor regions: 5->6(39)
[2026-05-27T11:24:02.712+0530][43.968s][info][gc,heap     ] GC(1056) Old regions: 10->10
[2026-05-27T11:24:02.712+0530][43.968s][info][gc,heap     ] GC(1056) Archive regions: 2->2
[2026-05-27T11:24:02.712+0530][43.968s][info][gc,heap     ] GC(1056) Humongous regions: 0->0
[2026-05-27T11:24:02.712+0530][43.968s][info][gc,metaspace] GC(1056) Metaspace: 1745K(2048K)->1745K(2048K) NonClass: 1568K(1728K)->1568K(1728K) Class: 177K(320K)->177K(320K)
[2026-05-27T11:24:02.712+0530][43.968s][info][gc          ] GC(1056) Pause Young (Normal) (G1 Evacuation Pause) 316M->15M(512M) 0.778ms
[2026-05-27T11:24:02.712+0530][43.968s][info][gc,cpu      ] GC(1056) User=0.00s Sys=0.00s Real=0.00s
[2026-05-27T11:24:02.754+0530][44.010s][info][gc,start    ] GC(1057) Pause Young (Normal) (G1 Evacuation Pause)
[2026-05-27T11:24:02.754+0530][44.010s][info][gc,task     ] GC(1057) Using 9 workers of 9 for evacuation
[2026-05-27T11:24:02.755+0530][44.011s][info][gc,phases   ] GC(1057)   Pre Evacuate Collection Set: 0.11ms
[2026-05-27T11:24:02.755+0530][44.011s][info][gc,phases   ] GC(1057)   Merge Heap Roots: 0.06ms
[2026-05-27T11:24:02.755+0530][44.011s][info][gc,phases   ] GC(1057)   Evacuate Collection Set: 0.25ms
[2026-05-27T11:24:02.755+0530][44.011s][info][gc,phases   ] GC(1057)   Post Evacuate Collection Set: 0.19ms
[2026-05-27T11:24:02.755+0530][44.011s][info][gc,phases   ] GC(1057)   Other: 0.11ms
[2026-05-27T11:24:02.755+0530][44.011s][info][gc,heap     ] GC(1057) Eden regions: 301->0(306)
[2026-05-27T11:24:02.755+0530][44.011s][info][gc,heap     ] GC(1057) Survivor regions: 6->1(39)
[2026-05-27T11:24:02.755+0530][44.011s][info][gc,heap     ] GC(1057) Old regions: 10->10
[2026-05-27T11:24:02.755+0530][44.011s][info][gc,heap     ] GC(1057) Archive regions: 2->2
[2026-05-27T11:24:02.755+0530][44.011s][info][gc,heap     ] GC(1057) Humongous regions: 9->0
[2026-05-27T11:24:02.755+0530][44.011s][info][gc,metaspace] GC(1057) Metaspace: 1745K(2048K)->1745K(2048K) NonClass: 1568K(1728K)->1568K(1728K) Class: 177K(320K)->177K(320K)
[2026-05-27T11:24:02.755+0530][44.011s][info][gc          ] GC(1057) Pause Young (Normal) (G1 Evacuation Pause) 325M->11M(512M) 0.798ms
[2026-05-27T11:24:02.755+0530][44.011s][info][gc,cpu      ] GC(1057) User=0.01s Sys=0.00s Real=0.00s
[2026-05-27T11:24:02.797+0530][44.053s][info][gc,start    ] GC(1058) Pause Young (Normal) (G1 Evacuation Pause)
[2026-05-27T11:24:02.797+0530][44.053s][info][gc,task     ] GC(1058) Using 9 workers of 9 for evacuation
[2026-05-27T11:24:02.798+0530][44.054s][info][gc,phases   ] GC(1058)   Pre Evacuate Collection Set: 0.07ms
[2026-05-27T11:24:02.798+0530][44.054s][info][gc,phases   ] GC(1058)   Merge Heap Roots: 0.05ms
[2026-05-27T11:24:02.798+0530][44.054s][info][gc,phases   ] GC(1058)   Evacuate Collection Set: 0.23ms
[2026-05-27T11:24:02.798+0530][44.054s][info][gc,phases   ] GC(1058)   Post Evacuate Collection Set: 0.19ms
[2026-05-27T11:24:02.798+0530][44.054s][info][gc,phases   ] GC(1058)   Other: 0.11ms
[2026-05-27T11:24:02.798+0530][44.054s][info][gc,heap     ] GC(1058) Eden regions: 306->0(305)
[2026-05-27T11:24:02.798+0530][44.054s][info][gc,heap     ] GC(1058) Survivor regions: 1->2(39)
[2026-05-27T11:24:02.798+0530][44.054s][info][gc,heap     ] GC(1058) Old regions: 10->10
[2026-05-27T11:24:02.798+0530][44.054s][info][gc,heap     ] GC(1058) Archive regions: 2->2
[2026-05-27T11:24:02.798+0530][44.054s][info][gc,heap     ] GC(1058) Humongous regions: 9->0
[2026-05-27T11:24:02.798+0530][44.054s][info][gc,metaspace] GC(1058) Metaspace: 1745K(2048K)->1745K(2048K) NonClass: 1568K(1728K)->1568K(1728K) Class: 177K(320K)->177K(320K)
[2026-05-27T11:24:02.798+0530][44.054s][info][gc          ] GC(1058) Pause Young (Normal) (G1 Evacuation Pause) 325M->11M(512M) 0.728ms
[2026-05-27T11:24:02.798+0530][44.054s][info][gc,cpu      ] GC(1058) User=0.01s Sys=0.00s Real=0.00s
[2026-05-27T11:24:02.841+0530][44.097s][info][gc,start    ] GC(1059) Pause Young (Normal) (G1 Evacuation Pause)
[2026-05-27T11:24:02.841+0530][44.097s][info][gc,task     ] GC(1059) Using 9 workers of 9 for evacuation
[2026-05-27T11:24:02.841+0530][44.098s][info][gc,phases   ] GC(1059)   Pre Evacuate Collection Set: 0.06ms
[2026-05-27T11:24:02.841+0530][44.098s][info][gc,phases   ] GC(1059)   Merge Heap Roots: 0.05ms
[2026-05-27T11:24:02.841+0530][44.098s][info][gc,phases   ] GC(1059)   Evacuate Collection Set: 0.29ms
[2026-05-27T11:24:02.841+0530][44.098s][info][gc,phases   ] GC(1059)   Post Evacuate Collection Set: 0.18ms
[2026-05-27T11:24:02.841+0530][44.098s][info][gc,phases   ] GC(1059)   Other: 0.09ms
[2026-05-27T11:24:02.841+0530][44.098s][info][gc,heap     ] GC(1059) Eden regions: 305->0(306)
[2026-05-27T11:24:02.841+0530][44.098s][info][gc,heap     ] GC(1059) Survivor regions: 2->1(39)
[2026-05-27T11:24:02.841+0530][44.098s][info][gc,heap     ] GC(1059) Old regions: 10->10
[2026-05-27T11:24:02.841+0530][44.098s][info][gc,heap     ] GC(1059) Archive regions: 2->2
[2026-05-27T11:24:02.841+0530][44.098s][info][gc,heap     ] GC(1059) Humongous regions: 18->0
[2026-05-27T11:24:02.841+0530][44.098s][info][gc,metaspace] GC(1059) Metaspace: 1745K(2048K)->1745K(2048K) NonClass: 1568K(1728K)->1568K(1728K) Class: 177K(320K)->177K(320K)
[2026-05-27T11:24:02.842+0530][44.098s][info][gc          ] GC(1059) Pause Young (Normal) (G1 Evacuation Pause) 334M->11M(512M) 0.730ms
[2026-05-27T11:24:02.842+0530][44.098s][info][gc,cpu      ] GC(1059) User=0.01s Sys=0.00s Real=0.00s
[2026-05-27T11:24:02.883+0530][44.139s][info][gc,start    ] GC(1060) Pause Young (Normal) (G1 Evacuation Pause)
[2026-05-27T11:24:02.883+0530][44.140s][info][gc,task     ] GC(1060) Using 9 workers of 9 for evacuation
[2026-05-27T11:24:02.884+0530][44.140s][info][gc,phases   ] GC(1060)   Pre Evacuate Collection Set: 0.06ms
[2026-05-27T11:24:02.884+0530][44.140s][info][gc,phases   ] GC(1060)   Merge Heap Roots: 0.05ms
[2026-05-27T11:24:02.884+0530][44.140s][info][gc,phases   ] GC(1060)   Evacuate Collection Set: 0.37ms
[2026-05-27T11:24:02.884+0530][44.140s][info][gc,phases   ] GC(1060)   Post Evacuate Collection Set: 0.17ms
[2026-05-27T11:24:02.884+0530][44.140s][info][gc,phases   ] GC(1060)   Other: 0.12ms
[2026-05-27T11:24:02.884+0530][44.140s][info][gc,heap     ] GC(1060) Eden regions: 306->0(302)
[2026-05-27T11:24:02.884+0530][44.140s][info][gc,heap     ] GC(1060) Survivor regions: 1->5(39)
[2026-05-27T11:24:02.884+0530][44.140s][info][gc,heap     ] GC(1060) Old regions: 10->10
[2026-05-27T11:24:02.884+0530][44.140s][info][gc,heap     ] GC(1060) Archive regions: 2->2
[2026-05-27T11:24:02.884+0530][44.140s][info][gc,heap     ] GC(1060) Humongous regions: 0->0
[2026-05-27T11:24:02.884+0530][44.140s][info][gc,metaspace] GC(1060) Metaspace: 1745K(2048K)->1745K(2048K) NonClass: 1568K(1728K)->1568K(1728K) Class: 177K(320K)->177K(320K)
[2026-05-27T11:24:02.884+0530][44.140s][info][gc          ] GC(1060) Pause Young (Normal) (G1 Evacuation Pause) 316M->14M(512M) 0.828ms
[2026-05-27T11:24:02.884+0530][44.140s][info][gc,cpu      ] GC(1060) User=0.01s Sys=0.00s Real=0.00s
[2026-05-27T11:24:02.923+0530][44.179s][info][gc,start    ] GC(1061) Pause Young (Normal) (G1 Evacuation Pause)
[2026-05-27T11:24:02.923+0530][44.179s][info][gc,task     ] GC(1061) Using 9 workers of 9 for evacuation
[2026-05-27T11:24:02.923+0530][44.179s][info][gc,phases   ] GC(1061)   Pre Evacuate Collection Set: 0.07ms
[2026-05-27T11:24:02.923+0530][44.179s][info][gc,phases   ] GC(1061)   Merge Heap Roots: 0.05ms
[2026-05-27T11:24:02.923+0530][44.179s][info][gc,phases   ] GC(1061)   Evacuate Collection Set: 0.25ms
[2026-05-27T11:24:02.923+0530][44.179s][info][gc,phases   ] GC(1061)   Post Evacuate Collection Set: 0.19ms
[2026-05-27T11:24:02.923+0530][44.179s][info][gc,phases   ] GC(1061)   Other: 0.10ms
[2026-05-27T11:24:02.923+0530][44.180s][info][gc,heap     ] GC(1061) Eden regions: 302->0(302)
[2026-05-27T11:24:02.923+0530][44.180s][info][gc,heap     ] GC(1061) Survivor regions: 5->5(39)
[2026-05-27T11:24:02.923+0530][44.180s][info][gc,heap     ] GC(1061) Old regions: 10->10
[2026-05-27T11:24:02.923+0530][44.180s][info][gc,heap     ] GC(1061) Archive regions: 2->2
[2026-05-27T11:24:02.923+0530][44.180s][info][gc,heap     ] GC(1061) Humongous regions: 0->0
[2026-05-27T11:24:02.923+0530][44.180s][info][gc,metaspace] GC(1061) Metaspace: 1745K(2048K)->1745K(2048K) NonClass: 1568K(1728K)->1568K(1728K) Class: 177K(320K)->177K(320K)
[2026-05-27T11:24:02.923+0530][44.180s][info][gc          ] GC(1061) Pause Young (Normal) (G1 Evacuation Pause) 316M->14M(512M) 0.749ms
[2026-05-27T11:24:02.923+0530][44.180s][info][gc,cpu      ] GC(1061) User=0.00s Sys=0.00s Real=0.00s
[2026-05-27T11:24:02.967+0530][44.223s][info][gc,start    ] GC(1062) Pause Young (Normal) (G1 Evacuation Pause)
[2026-05-27T11:24:02.967+0530][44.223s][info][gc,task     ] GC(1062) Using 9 workers of 9 for evacuation
[2026-05-27T11:24:02.968+0530][44.224s][info][gc,phases   ] GC(1062)   Pre Evacuate Collection Set: 0.12ms
[2026-05-27T11:24:02.968+0530][44.224s][info][gc,phases   ] GC(1062)   Merge Heap Roots: 0.05ms
[2026-05-27T11:24:02.968+0530][44.224s][info][gc,phases   ] GC(1062)   Evacuate Collection Set: 0.29ms
[2026-05-27T11:24:02.968+0530][44.224s][info][gc,phases   ] GC(1062)   Post Evacuate Collection Set: 0.20ms
[2026-05-27T11:24:02.968+0530][44.224s][info][gc,phases   ] GC(1062)   Other: 0.16ms
[2026-05-27T11:24:02.968+0530][44.224s][info][gc,heap     ] GC(1062) Eden regions: 302->0(306)
[2026-05-27T11:24:02.968+0530][44.224s][info][gc,heap     ] GC(1062) Survivor regions: 5->1(39)
[2026-05-27T11:24:02.968+0530][44.224s][info][gc,heap     ] GC(1062) Old regions: 10->10
[2026-05-27T11:24:02.968+0530][44.224s][info][gc,heap     ] GC(1062) Archive regions: 2->2
[2026-05-27T11:24:02.968+0530][44.224s][info][gc,heap     ] GC(1062) Humongous regions: 9->0
[2026-05-27T11:24:02.968+0530][44.224s][info][gc,metaspace] GC(1062) Metaspace: 1745K(2048K)->1745K(2048K) NonClass: 1568K(1728K)->1568K(1728K) Class: 177K(320K)->177K(320K)
[2026-05-27T11:24:02.968+0530][44.224s][info][gc          ] GC(1062) Pause Young (Normal) (G1 Evacuation Pause) 325M->11M(512M) 0.880ms
[2026-05-27T11:24:02.968+0530][44.224s][info][gc,cpu      ] GC(1062) User=0.00s Sys=0.01s Real=0.00s
[2026-05-27T11:24:03.008+0530][44.264s][info][gc,start    ] GC(1063) Pause Young (Normal) (G1 Evacuation Pause)
[2026-05-27T11:24:03.008+0530][44.264s][info][gc,task     ] GC(1063) Using 9 workers of 9 for evacuation
[2026-05-27T11:24:03.008+0530][44.265s][info][gc,phases   ] GC(1063)   Pre Evacuate Collection Set: 0.06ms
[2026-05-27T11:24:03.008+0530][44.265s][info][gc,phases   ] GC(1063)   Merge Heap Roots: 0.05ms
[2026-05-27T11:24:03.008+0530][44.265s][info][gc,phases   ] GC(1063)   Evacuate Collection Set: 0.31ms
[2026-05-27T11:24:03.008+0530][44.265s][info][gc,phases   ] GC(1063)   Post Evacuate Collection Set: 0.17ms
[2026-05-27T11:24:03.008+0530][44.265s][info][gc,phases   ] GC(1063)   Other: 0.10ms
[2026-05-27T11:24:03.009+0530][44.265s][info][gc,heap     ] GC(1063) Eden regions: 306->0(300)
[2026-05-27T11:24:03.009+0530][44.265s][info][gc,heap     ] GC(1063) Survivor regions: 1->7(39)
[2026-05-27T11:24:03.009+0530][44.265s][info][gc,heap     ] GC(1063) Old regions: 10->10
[2026-05-27T11:24:03.009+0530][44.265s][info][gc,heap     ] GC(1063) Archive regions: 2->2
[2026-05-27T11:24:03.009+0530][44.265s][info][gc,heap     ] GC(1063) Humongous regions: 0->0
[2026-05-27T11:24:03.009+0530][44.265s][info][gc,metaspace] GC(1063) Metaspace: 1745K(2048K)->1745K(2048K) NonClass: 1568K(1728K)->1568K(1728K) Class: 177K(320K)->177K(320K)
[2026-05-27T11:24:03.009+0530][44.265s][info][gc          ] GC(1063) Pause Young (Normal) (G1 Evacuation Pause) 316M->16M(512M) 0.761ms
[2026-05-27T11:24:03.009+0530][44.265s][info][gc,cpu      ] GC(1063) User=0.00s Sys=0.00s Real=0.00s
[2026-05-27T11:24:03.046+0530][44.302s][info][gc,start    ] GC(1064) Pause Young (Normal) (G1 Evacuation Pause)
[2026-05-27T11:24:03.046+0530][44.302s][info][gc,task     ] GC(1064) Using 9 workers of 9 for evacuation
[2026-05-27T11:24:03.047+0530][44.303s][info][gc,phases   ] GC(1064)   Pre Evacuate Collection Set: 0.11ms
[2026-05-27T11:24:03.047+0530][44.303s][info][gc,phases   ] GC(1064)   Merge Heap Roots: 0.06ms
[2026-05-27T11:24:03.047+0530][44.303s][info][gc,phases   ] GC(1064)   Evacuate Collection Set: 0.28ms
[2026-05-27T11:24:03.047+0530][44.303s][info][gc,phases   ] GC(1064)   Post Evacuate Collection Set: 0.18ms
[2026-05-27T11:24:03.047+0530][44.303s][info][gc,phases   ] GC(1064)   Other: 0.12ms
[2026-05-27T11:24:03.047+0530][44.303s][info][gc,heap     ] GC(1064) Eden regions: 300->0(302)
[2026-05-27T11:24:03.047+0530][44.303s][info][gc,heap     ] GC(1064) Survivor regions: 7->5(39)
[2026-05-27T11:24:03.047+0530][44.303s][info][gc,heap     ] GC(1064) Old regions: 10->10
[2026-05-27T11:24:03.047+0530][44.303s][info][gc,heap     ] GC(1064) Archive regions: 2->2
[2026-05-27T11:24:03.047+0530][44.303s][info][gc,heap     ] GC(1064) Humongous regions: 0->0
[2026-05-27T11:24:03.047+0530][44.303s][info][gc,metaspace] GC(1064) Metaspace: 1745K(2048K)->1745K(2048K) NonClass: 1568K(1728K)->1568K(1728K) Class: 177K(320K)->177K(320K)
[2026-05-27T11:24:03.047+0530][44.303s][info][gc          ] GC(1064) Pause Young (Normal) (G1 Evacuation Pause) 316M->14M(512M) 0.824ms
[2026-05-27T11:24:03.047+0530][44.303s][info][gc,cpu      ] GC(1064) User=0.00s Sys=0.00s Real=0.00s
[2026-05-27T11:24:03.088+0530][44.344s][info][gc,start    ] GC(1065) Pause Young (Normal) (G1 Evacuation Pause)
[2026-05-27T11:24:03.088+0530][44.344s][info][gc,task     ] GC(1065) Using 9 workers of 9 for evacuation
[2026-05-27T11:24:03.089+0530][44.345s][info][gc,phases   ] GC(1065)   Pre Evacuate Collection Set: 0.11ms
[2026-05-27T11:24:03.089+0530][44.345s][info][gc,phases   ] GC(1065)   Merge Heap Roots: 0.03ms
[2026-05-27T11:24:03.089+0530][44.345s][info][gc,phases   ] GC(1065)   Evacuate Collection Set: 0.25ms
[2026-05-27T11:24:03.089+0530][44.345s][info][gc,phases   ] GC(1065)   Post Evacuate Collection Set: 0.18ms
[2026-05-27T11:24:03.089+0530][44.345s][info][gc,phases   ] GC(1065)   Other: 0.12ms
[2026-05-27T11:24:03.089+0530][44.345s][info][gc,heap     ] GC(1065) Eden regions: 302->0(302)
[2026-05-27T11:24:03.089+0530][44.345s][info][gc,heap     ] GC(1065) Survivor regions: 5->5(39)
[2026-05-27T11:24:03.089+0530][44.345s][info][gc,heap     ] GC(1065) Old regions: 10->10
[2026-05-27T11:24:03.089+0530][44.345s][info][gc,heap     ] GC(1065) Archive regions: 2->2
[2026-05-27T11:24:03.089+0530][44.345s][info][gc,heap     ] GC(1065) Humongous regions: 0->0
[2026-05-27T11:24:03.089+0530][44.345s][info][gc,metaspace] GC(1065) Metaspace: 1745K(2048K)->1745K(2048K) NonClass: 1568K(1728K)->1568K(1728K) Class: 177K(320K)->177K(320K)
[2026-05-27T11:24:03.089+0530][44.345s][info][gc          ] GC(1065) Pause Young (Normal) (G1 Evacuation Pause) 316M->14M(512M) 0.765ms
[2026-05-27T11:24:03.089+0530][44.345s][info][gc,cpu      ] GC(1065) User=0.00s Sys=0.00s Real=0.00s
[2026-05-27T11:24:03.129+0530][44.386s][info][gc,start    ] GC(1066) Pause Young (Normal) (G1 Evacuation Pause)
[2026-05-27T11:24:03.129+0530][44.386s][info][gc,task     ] GC(1066) Using 9 workers of 9 for evacuation
[2026-05-27T11:24:03.130+0530][44.386s][info][gc,phases   ] GC(1066)   Pre Evacuate Collection Set: 0.11ms
[2026-05-27T11:24:03.130+0530][44.386s][info][gc,phases   ] GC(1066)   Merge Heap Roots: 0.07ms
[2026-05-27T11:24:03.130+0530][44.386s][info][gc,phases   ] GC(1066)   Evacuate Collection Set: 0.28ms
[2026-05-27T11:24:03.130+0530][44.386s][info][gc,phases   ] GC(1066)   Post Evacuate Collection Set: 0.24ms
[2026-05-27T11:24:03.130+0530][44.386s][info][gc,phases   ] GC(1066)   Other: 0.11ms
[2026-05-27T11:24:03.130+0530][44.386s][info][gc,heap     ] GC(1066) Eden regions: 302->0(302)
[2026-05-27T11:24:03.130+0530][44.386s][info][gc,heap     ] GC(1066) Survivor regions: 5->5(39)
[2026-05-27T11:24:03.130+0530][44.386s][info][gc,heap     ] GC(1066) Old regions: 10->10
[2026-05-27T11:24:03.130+0530][44.386s][info][gc,heap     ] GC(1066) Archive regions: 2->2
[2026-05-27T11:24:03.130+0530][44.386s][info][gc,heap     ] GC(1066) Humongous regions: 0->0
[2026-05-27T11:24:03.130+0530][44.386s][info][gc,metaspace] GC(1066) Metaspace: 1745K(2048K)->1745K(2048K) NonClass: 1568K(1728K)->1568K(1728K) Class: 177K(320K)->177K(320K)
[2026-05-27T11:24:03.130+0530][44.386s][info][gc          ] GC(1066) Pause Young (Normal) (G1 Evacuation Pause) 316M->14M(512M) 0.909ms
[2026-05-27T11:24:03.130+0530][44.386s][info][gc,cpu      ] GC(1066) User=0.01s Sys=0.00s Real=0.01s
[2026-05-27T11:24:03.172+0530][44.428s][info][gc,start    ] GC(1067) Pause Young (Normal) (G1 Evacuation Pause)
[2026-05-27T11:24:03.172+0530][44.428s][info][gc,task     ] GC(1067) Using 9 workers of 9 for evacuation
[2026-05-27T11:24:03.173+0530][44.429s][info][gc,phases   ] GC(1067)   Pre Evacuate Collection Set: 0.09ms
[2026-05-27T11:24:03.173+0530][44.429s][info][gc,phases   ] GC(1067)   Merge Heap Roots: 0.04ms
[2026-05-27T11:24:03.173+0530][44.429s][info][gc,phases   ] GC(1067)   Evacuate Collection Set: 0.28ms
[2026-05-27T11:24:03.173+0530][44.429s][info][gc,phases   ] GC(1067)   Post Evacuate Collection Set: 0.24ms
[2026-05-27T11:24:03.173+0530][44.429s][info][gc,phases   ] GC(1067)   Other: 0.12ms
[2026-05-27T11:24:03.173+0530][44.429s][info][gc,heap     ] GC(1067) Eden regions: 302->0(301)
[2026-05-27T11:24:03.173+0530][44.429s][info][gc,heap     ] GC(1067) Survivor regions: 5->6(39)
[2026-05-27T11:24:03.173+0530][44.429s][info][gc,heap     ] GC(1067) Old regions: 10->10
[2026-05-27T11:24:03.173+0530][44.429s][info][gc,heap     ] GC(1067) Archive regions: 2->2
[2026-05-27T11:24:03.173+0530][44.429s][info][gc,heap     ] GC(1067) Humongous regions: 0->0
[2026-05-27T11:24:03.173+0530][44.429s][info][gc,metaspace] GC(1067) Metaspace: 1745K(2048K)->1745K(2048K) NonClass: 1568K(1728K)->1568K(1728K) Class: 177K(320K)->177K(320K)
[2026-05-27T11:24:03.173+0530][44.429s][info][gc          ] GC(1067) Pause Young (Normal) (G1 Evacuation Pause) 316M->15M(512M) 0.846ms
[2026-05-27T11:24:03.173+0530][44.429s][info][gc,cpu      ] GC(1067) User=0.01s Sys=0.00s Real=0.00s
[2026-05-27T11:24:03.215+0530][44.471s][info][gc,start    ] GC(1068) Pause Young (Normal) (G1 Evacuation Pause)
[2026-05-27T11:24:03.215+0530][44.471s][info][gc,task     ] GC(1068) Using 9 workers of 9 for evacuation
[2026-05-27T11:24:03.215+0530][44.472s][info][gc,phases   ] GC(1068)   Pre Evacuate Collection Set: 0.10ms
[2026-05-27T11:24:03.216+0530][44.472s][info][gc,phases   ] GC(1068)   Merge Heap Roots: 0.04ms
[2026-05-27T11:24:03.216+0530][44.472s][info][gc,phases   ] GC(1068)   Evacuate Collection Set: 0.30ms
[2026-05-27T11:24:03.216+0530][44.472s][info][gc,phases   ] GC(1068)   Post Evacuate Collection Set: 0.19ms
[2026-05-27T11:24:03.216+0530][44.472s][info][gc,phases   ] GC(1068)   Other: 0.11ms
[2026-05-27T11:24:03.216+0530][44.472s][info][gc,heap     ] GC(1068) Eden regions: 301->0(301)
[2026-05-27T11:24:03.216+0530][44.472s][info][gc,heap     ] GC(1068) Survivor regions: 6->6(39)
[2026-05-27T11:24:03.216+0530][44.472s][info][gc,heap     ] GC(1068) Old regions: 10->10
[2026-05-27T11:24:03.216+0530][44.472s][info][gc,heap     ] GC(1068) Archive regions: 2->2
[2026-05-27T11:24:03.216+0530][44.472s][info][gc,heap     ] GC(1068) Humongous regions: 0->0
[2026-05-27T11:24:03.216+0530][44.472s][info][gc,metaspace] GC(1068) Metaspace: 1745K(2048K)->1745K(2048K) NonClass: 1568K(1728K)->1568K(1728K) Class: 177K(320K)->177K(320K)
[2026-05-27T11:24:03.216+0530][44.472s][info][gc          ] GC(1068) Pause Young (Normal) (G1 Evacuation Pause) 316M->15M(512M) 0.821ms
[2026-05-27T11:24:03.216+0530][44.472s][info][gc,cpu      ] GC(1068) User=0.00s Sys=0.00s Real=0.00s
[2026-05-27T11:24:03.254+0530][44.510s][info][gc,start    ] GC(1069) Pause Young (Normal) (G1 Evacuation Pause)
[2026-05-27T11:24:03.254+0530][44.510s][info][gc,task     ] GC(1069) Using 9 workers of 9 for evacuation
[2026-05-27T11:24:03.255+0530][44.511s][info][gc,phases   ] GC(1069)   Pre Evacuate Collection Set: 0.08ms
[2026-05-27T11:24:03.255+0530][44.511s][info][gc,phases   ] GC(1069)   Merge Heap Roots: 0.07ms
[2026-05-27T11:24:03.255+0530][44.511s][info][gc,phases   ] GC(1069)   Evacuate Collection Set: 0.35ms
[2026-05-27T11:24:03.255+0530][44.511s][info][gc,phases   ] GC(1069)   Post Evacuate Collection Set: 0.19ms
[2026-05-27T11:24:03.255+0530][44.511s][info][gc,phases   ] GC(1069)   Other: 0.11ms
[2026-05-27T11:24:03.255+0530][44.511s][info][gc,heap     ] GC(1069) Eden regions: 301->0(303)
[2026-05-27T11:24:03.255+0530][44.511s][info][gc,heap     ] GC(1069) Survivor regions: 6->4(39)
[2026-05-27T11:24:03.255+0530][44.511s][info][gc,heap     ] GC(1069) Old regions: 10->10
[2026-05-27T11:24:03.255+0530][44.511s][info][gc,heap     ] GC(1069) Archive regions: 2->2
[2026-05-27T11:24:03.255+0530][44.511s][info][gc,heap     ] GC(1069) Humongous regions: 0->0
[2026-05-27T11:24:03.255+0530][44.511s][info][gc,metaspace] GC(1069) Metaspace: 1745K(2048K)->1745K(2048K) NonClass: 1568K(1728K)->1568K(1728K) Class: 177K(320K)->177K(320K)
[2026-05-27T11:24:03.255+0530][44.511s][info][gc          ] GC(1069) Pause Young (Normal) (G1 Evacuation Pause) 316M->14M(512M) 0.884ms
[2026-05-27T11:24:03.255+0530][44.511s][info][gc,cpu      ] GC(1069) User=0.00s Sys=0.00s Real=0.00s
[2026-05-27T11:24:03.292+0530][44.548s][info][gc,start    ] GC(1070) Pause Young (Normal) (G1 Evacuation Pause)
[2026-05-27T11:24:03.292+0530][44.548s][info][gc,task     ] GC(1070) Using 9 workers of 9 for evacuation
[2026-05-27T11:24:03.293+0530][44.549s][info][gc,phases   ] GC(1070)   Pre Evacuate Collection Set: 0.14ms
[2026-05-27T11:24:03.293+0530][44.549s][info][gc,phases   ] GC(1070)   Merge Heap Roots: 0.05ms
[2026-05-27T11:24:03.293+0530][44.549s][info][gc,phases   ] GC(1070)   Evacuate Collection Set: 0.27ms
[2026-05-27T11:24:03.293+0530][44.549s][info][gc,phases   ] GC(1070)   Post Evacuate Collection Set: 0.20ms
[2026-05-27T11:24:03.293+0530][44.549s][info][gc,phases   ] GC(1070)   Other: 0.09ms
[2026-05-27T11:24:03.293+0530][44.549s][info][gc,heap     ] GC(1070) Eden regions: 303->0(302)
[2026-05-27T11:24:03.293+0530][44.549s][info][gc,heap     ] GC(1070) Survivor regions: 4->5(39)
[2026-05-27T11:24:03.293+0530][44.549s][info][gc,heap     ] GC(1070) Old regions: 10->10
[2026-05-27T11:24:03.293+0530][44.549s][info][gc,heap     ] GC(1070) Archive regions: 2->2
[2026-05-27T11:24:03.293+0530][44.549s][info][gc,heap     ] GC(1070) Humongous regions: 0->0
[2026-05-27T11:24:03.293+0530][44.549s][info][gc,metaspace] GC(1070) Metaspace: 1745K(2048K)->1745K(2048K) NonClass: 1568K(1728K)->1568K(1728K) Class: 177K(320K)->177K(320K)
[2026-05-27T11:24:03.293+0530][44.549s][info][gc          ] GC(1070) Pause Young (Normal) (G1 Evacuation Pause) 316M->14M(512M) 0.826ms
[2026-05-27T11:24:03.293+0530][44.549s][info][gc,cpu      ] GC(1070) User=0.01s Sys=0.00s Real=0.00s
[2026-05-27T11:24:03.332+0530][44.588s][info][gc,start    ] GC(1071) Pause Young (Normal) (G1 Evacuation Pause)
[2026-05-27T11:24:03.332+0530][44.588s][info][gc,task     ] GC(1071) Using 9 workers of 9 for evacuation
[2026-05-27T11:24:03.332+0530][44.589s][info][gc,phases   ] GC(1071)   Pre Evacuate Collection Set: 0.12ms
[2026-05-27T11:24:03.333+0530][44.589s][info][gc,phases   ] GC(1071)   Merge Heap Roots: 0.05ms
[2026-05-27T11:24:03.333+0530][44.589s][info][gc,phases   ] GC(1071)   Evacuate Collection Set: 0.25ms
[2026-05-27T11:24:03.333+0530][44.589s][info][gc,phases   ] GC(1071)   Post Evacuate Collection Set: 0.15ms
[2026-05-27T11:24:03.333+0530][44.589s][info][gc,phases   ] GC(1071)   Other: 0.11ms
[2026-05-27T11:24:03.333+0530][44.589s][info][gc,heap     ] GC(1071) Eden regions: 302->0(302)
[2026-05-27T11:24:03.333+0530][44.589s][info][gc,heap     ] GC(1071) Survivor regions: 5->5(39)
[2026-05-27T11:24:03.333+0530][44.589s][info][gc,heap     ] GC(1071) Old regions: 10->10
[2026-05-27T11:24:03.333+0530][44.589s][info][gc,heap     ] GC(1071) Archive regions: 2->2
[2026-05-27T11:24:03.333+0530][44.589s][info][gc,heap     ] GC(1071) Humongous regions: 0->0
[2026-05-27T11:24:03.333+0530][44.589s][info][gc,metaspace] GC(1071) Metaspace: 1745K(2048K)->1745K(2048K) NonClass: 1568K(1728K)->1568K(1728K) Class: 177K(320K)->177K(320K)
[2026-05-27T11:24:03.333+0530][44.589s][info][gc          ] GC(1071) Pause Young (Normal) (G1 Evacuation Pause) 316M->14M(512M) 0.726ms
[2026-05-27T11:24:03.333+0530][44.589s][info][gc,cpu      ] GC(1071) User=0.00s Sys=0.00s Real=0.00s
[2026-05-27T11:24:03.373+0530][44.629s][info][gc,start    ] GC(1072) Pause Young (Normal) (G1 Evacuation Pause)
[2026-05-27T11:24:03.373+0530][44.629s][info][gc,task     ] GC(1072) Using 9 workers of 9 for evacuation
[2026-05-27T11:24:03.373+0530][44.629s][info][gc,phases   ] GC(1072)   Pre Evacuate Collection Set: 0.06ms
[2026-05-27T11:24:03.373+0530][44.629s][info][gc,phases   ] GC(1072)   Merge Heap Roots: 0.07ms
[2026-05-27T11:24:03.373+0530][44.629s][info][gc,phases   ] GC(1072)   Evacuate Collection Set: 0.26ms
[2026-05-27T11:24:03.373+0530][44.629s][info][gc,phases   ] GC(1072)   Post Evacuate Collection Set: 0.18ms
[2026-05-27T11:24:03.373+0530][44.629s][info][gc,phases   ] GC(1072)   Other: 0.11ms
[2026-05-27T11:24:03.373+0530][44.629s][info][gc,heap     ] GC(1072) Eden regions: 302->0(303)
[2026-05-27T11:24:03.373+0530][44.629s][info][gc,heap     ] GC(1072) Survivor regions: 5->4(39)
[2026-05-27T11:24:03.373+0530][44.629s][info][gc,heap     ] GC(1072) Old regions: 10->10
[2026-05-27T11:24:03.373+0530][44.629s][info][gc,heap     ] GC(1072) Archive regions: 2->2
[2026-05-27T11:24:03.373+0530][44.630s][info][gc,heap     ] GC(1072) Humongous regions: 0->0
[2026-05-27T11:24:03.373+0530][44.630s][info][gc,metaspace] GC(1072) Metaspace: 1745K(2048K)->1745K(2048K) NonClass: 1568K(1728K)->1568K(1728K) Class: 177K(320K)->177K(320K)
[2026-05-27T11:24:03.373+0530][44.630s][info][gc          ] GC(1072) Pause Young (Normal) (G1 Evacuation Pause) 316M->14M(512M) 0.769ms
[2026-05-27T11:24:03.373+0530][44.630s][info][gc,cpu      ] GC(1072) User=0.00s Sys=0.00s Real=0.00s
[2026-05-27T11:24:03.411+0530][44.667s][info][gc,start    ] GC(1073) Pause Young (Normal) (G1 Evacuation Pause)
[2026-05-27T11:24:03.411+0530][44.667s][info][gc,task     ] GC(1073) Using 9 workers of 9 for evacuation
[2026-05-27T11:24:03.412+0530][44.668s][info][gc,phases   ] GC(1073)   Pre Evacuate Collection Set: 0.11ms
[2026-05-27T11:24:03.412+0530][44.668s][info][gc,phases   ] GC(1073)   Merge Heap Roots: 0.06ms
[2026-05-27T11:24:03.412+0530][44.668s][info][gc,phases   ] GC(1073)   Evacuate Collection Set: 0.24ms
[2026-05-27T11:24:03.412+0530][44.668s][info][gc,phases   ] GC(1073)   Post Evacuate Collection Set: 0.19ms
[2026-05-27T11:24:03.412+0530][44.668s][info][gc,phases   ] GC(1073)   Other: 0.11ms
[2026-05-27T11:24:03.412+0530][44.668s][info][gc,heap     ] GC(1073) Eden regions: 303->0(302)
[2026-05-27T11:24:03.412+0530][44.668s][info][gc,heap     ] GC(1073) Survivor regions: 4->5(39)
[2026-05-27T11:24:03.412+0530][44.668s][info][gc,heap     ] GC(1073) Old regions: 10->10
[2026-05-27T11:24:03.412+0530][44.668s][info][gc,heap     ] GC(1073) Archive regions: 2->2
[2026-05-27T11:24:03.412+0530][44.668s][info][gc,heap     ] GC(1073) Humongous regions: 9->0
[2026-05-27T11:24:03.412+0530][44.668s][info][gc,metaspace] GC(1073) Metaspace: 1745K(2048K)->1745K(2048K) NonClass: 1568K(1728K)->1568K(1728K) Class: 177K(320K)->177K(320K)
[2026-05-27T11:24:03.412+0530][44.668s][info][gc          ] GC(1073) Pause Young (Normal) (G1 Evacuation Pause) 325M->14M(512M) 0.785ms
[2026-05-27T11:24:03.412+0530][44.668s][info][gc,cpu      ] GC(1073) User=0.00s Sys=0.00s Real=0.00s
[2026-05-27T11:24:03.451+0530][44.707s][info][gc,start    ] GC(1074) Pause Young (Normal) (G1 Evacuation Pause)
[2026-05-27T11:24:03.451+0530][44.707s][info][gc,task     ] GC(1074) Using 9 workers of 9 for evacuation
[2026-05-27T11:24:03.452+0530][44.708s][info][gc,phases   ] GC(1074)   Pre Evacuate Collection Set: 0.08ms
[2026-05-27T11:24:03.452+0530][44.708s][info][gc,phases   ] GC(1074)   Merge Heap Roots: 0.05ms
[2026-05-27T11:24:03.452+0530][44.708s][info][gc,phases   ] GC(1074)   Evacuate Collection Set: 0.24ms
[2026-05-27T11:24:03.452+0530][44.708s][info][gc,phases   ] GC(1074)   Post Evacuate Collection Set: 0.17ms
[2026-05-27T11:24:03.452+0530][44.708s][info][gc,phases   ] GC(1074)   Other: 0.09ms
[2026-05-27T11:24:03.452+0530][44.708s][info][gc,heap     ] GC(1074) Eden regions: 302->0(306)
[2026-05-27T11:24:03.452+0530][44.708s][info][gc,heap     ] GC(1074) Survivor regions: 5->1(39)
[2026-05-27T11:24:03.452+0530][44.708s][info][gc,heap     ] GC(1074) Old regions: 10->10
[2026-05-27T11:24:03.452+0530][44.708s][info][gc,heap     ] GC(1074) Archive regions: 2->2
[2026-05-27T11:24:03.452+0530][44.708s][info][gc,heap     ] GC(1074) Humongous regions: 0->0
[2026-05-27T11:24:03.452+0530][44.708s][info][gc,metaspace] GC(1074) Metaspace: 1745K(2048K)->1745K(2048K) NonClass: 1568K(1728K)->1568K(1728K) Class: 177K(320K)->177K(320K)
[2026-05-27T11:24:03.452+0530][44.708s][info][gc          ] GC(1074) Pause Young (Normal) (G1 Evacuation Pause) 316M->10M(512M) 0.694ms
[2026-05-27T11:24:03.452+0530][44.708s][info][gc,cpu      ] GC(1074) User=0.00s Sys=0.00s Real=0.00s
[2026-05-27T11:24:03.491+0530][44.747s][info][gc,start    ] GC(1075) Pause Young (Normal) (G1 Evacuation Pause)
[2026-05-27T11:24:03.491+0530][44.747s][info][gc,task     ] GC(1075) Using 9 workers of 9 for evacuation
[2026-05-27T11:24:03.492+0530][44.748s][info][gc,phases   ] GC(1075)   Pre Evacuate Collection Set: 0.05ms
[2026-05-27T11:24:03.492+0530][44.748s][info][gc,phases   ] GC(1075)   Merge Heap Roots: 0.08ms
[2026-05-27T11:24:03.492+0530][44.748s][info][gc,phases   ] GC(1075)   Evacuate Collection Set: 0.22ms
[2026-05-27T11:24:03.492+0530][44.748s][info][gc,phases   ] GC(1075)   Post Evacuate Collection Set: 0.21ms
[2026-05-27T11:24:03.492+0530][44.748s][info][gc,phases   ] GC(1075)   Other: 0.10ms
[2026-05-27T11:24:03.492+0530][44.748s][info][gc,heap     ] GC(1075) Eden regions: 306->0(304)
[2026-05-27T11:24:03.492+0530][44.748s][info][gc,heap     ] GC(1075) Survivor regions: 1->3(39)
[2026-05-27T11:24:03.492+0530][44.748s][info][gc,heap     ] GC(1075) Old regions: 10->10
[2026-05-27T11:24:03.492+0530][44.748s][info][gc,heap     ] GC(1075) Archive regions: 2->2
[2026-05-27T11:24:03.492+0530][44.748s][info][gc,heap     ] GC(1075) Humongous regions: 9->0
[2026-05-27T11:24:03.492+0530][44.748s][info][gc,metaspace] GC(1075) Metaspace: 1745K(2048K)->1745K(2048K) NonClass: 1568K(1728K)->1568K(1728K) Class: 177K(320K)->177K(320K)
[2026-05-27T11:24:03.492+0530][44.748s][info][gc          ] GC(1075) Pause Young (Normal) (G1 Evacuation Pause) 325M->13M(512M) 0.723ms
[2026-05-27T11:24:03.492+0530][44.748s][info][gc,cpu      ] GC(1075) User=0.00s Sys=0.00s Real=0.00s
[2026-05-27T11:24:03.531+0530][44.787s][info][gc,start    ] GC(1076) Pause Young (Normal) (G1 Evacuation Pause)
[2026-05-27T11:24:03.531+0530][44.787s][info][gc,task     ] GC(1076) Using 9 workers of 9 for evacuation
[2026-05-27T11:24:03.532+0530][44.788s][info][gc,phases   ] GC(1076)   Pre Evacuate Collection Set: 0.07ms
[2026-05-27T11:24:03.532+0530][44.788s][info][gc,phases   ] GC(1076)   Merge Heap Roots: 0.05ms
[2026-05-27T11:24:03.532+0530][44.788s][info][gc,phases   ] GC(1076)   Evacuate Collection Set: 0.24ms
[2026-05-27T11:24:03.532+0530][44.788s][info][gc,phases   ] GC(1076)   Post Evacuate Collection Set: 0.17ms
[2026-05-27T11:24:03.532+0530][44.788s][info][gc,phases   ] GC(1076)   Other: 0.10ms
[2026-05-27T11:24:03.532+0530][44.788s][info][gc,heap     ] GC(1076) Eden regions: 304->0(300)
[2026-05-27T11:24:03.532+0530][44.788s][info][gc,heap     ] GC(1076) Survivor regions: 3->7(39)
[2026-05-27T11:24:03.532+0530][44.788s][info][gc,heap     ] GC(1076) Old regions: 10->10
[2026-05-27T11:24:03.532+0530][44.788s][info][gc,heap     ] GC(1076) Archive regions: 2->2
[2026-05-27T11:24:03.532+0530][44.788s][info][gc,heap     ] GC(1076) Humongous regions: 9->0
[2026-05-27T11:24:03.532+0530][44.788s][info][gc,metaspace] GC(1076) Metaspace: 1745K(2048K)->1745K(2048K) NonClass: 1568K(1728K)->1568K(1728K) Class: 177K(320K)->177K(320K)
[2026-05-27T11:24:03.532+0530][44.788s][info][gc          ] GC(1076) Pause Young (Normal) (G1 Evacuation Pause) 325M->16M(512M) 0.696ms
[2026-05-27T11:24:03.532+0530][44.788s][info][gc,cpu      ] GC(1076) User=0.01s Sys=0.00s Real=0.00s
[2026-05-27T11:24:03.572+0530][44.828s][info][gc,start    ] GC(1077) Pause Young (Normal) (G1 Evacuation Pause)
[2026-05-27T11:24:03.572+0530][44.828s][info][gc,task     ] GC(1077) Using 9 workers of 9 for evacuation
[2026-05-27T11:24:03.572+0530][44.828s][info][gc,phases   ] GC(1077)   Pre Evacuate Collection Set: 0.05ms
[2026-05-27T11:24:03.572+0530][44.828s][info][gc,phases   ] GC(1077)   Merge Heap Roots: 0.04ms
[2026-05-27T11:24:03.572+0530][44.828s][info][gc,phases   ] GC(1077)   Evacuate Collection Set: 0.24ms
[2026-05-27T11:24:03.572+0530][44.828s][info][gc,phases   ] GC(1077)   Post Evacuate Collection Set: 0.25ms
[2026-05-27T11:24:03.572+0530][44.828s][info][gc,phases   ] GC(1077)   Other: 0.11ms
[2026-05-27T11:24:03.572+0530][44.828s][info][gc,heap     ] GC(1077) Eden regions: 300->0(306)
[2026-05-27T11:24:03.572+0530][44.828s][info][gc,heap     ] GC(1077) Survivor regions: 7->1(39)
[2026-05-27T11:24:03.572+0530][44.828s][info][gc,heap     ] GC(1077) Old regions: 10->10
[2026-05-27T11:24:03.572+0530][44.828s][info][gc,heap     ] GC(1077) Archive regions: 2->2
[2026-05-27T11:24:03.572+0530][44.828s][info][gc,heap     ] GC(1077) Humongous regions: 0->0
[2026-05-27T11:24:03.572+0530][44.828s][info][gc,metaspace] GC(1077) Metaspace: 1745K(2048K)->1745K(2048K) NonClass: 1568K(1728K)->1568K(1728K) Class: 177K(320K)->177K(320K)
[2026-05-27T11:24:03.572+0530][44.828s][info][gc          ] GC(1077) Pause Young (Normal) (G1 Evacuation Pause) 316M->11M(512M) 0.745ms
[2026-05-27T11:24:03.572+0530][44.828s][info][gc,cpu      ] GC(1077) User=0.00s Sys=0.00s Real=0.00s
[2026-05-27T11:24:03.614+0530][44.870s][info][gc,start    ] GC(1078) Pause Young (Normal) (G1 Evacuation Pause)
[2026-05-27T11:24:03.614+0530][44.870s][info][gc,task     ] GC(1078) Using 9 workers of 9 for evacuation
[2026-05-27T11:24:03.615+0530][44.871s][info][gc,phases   ] GC(1078)   Pre Evacuate Collection Set: 0.07ms
[2026-05-27T11:24:03.615+0530][44.871s][info][gc,phases   ] GC(1078)   Merge Heap Roots: 0.07ms
[2026-05-27T11:24:03.615+0530][44.871s][info][gc,phases   ] GC(1078)   Evacuate Collection Set: 0.29ms
[2026-05-27T11:24:03.615+0530][44.871s][info][gc,phases   ] GC(1078)   Post Evacuate Collection Set: 0.19ms
[2026-05-27T11:24:03.615+0530][44.871s][info][gc,phases   ] GC(1078)   Other: 0.11ms
[2026-05-27T11:24:03.615+0530][44.871s][info][gc,heap     ] GC(1078) Eden regions: 306->0(301)
[2026-05-27T11:24:03.615+0530][44.871s][info][gc,heap     ] GC(1078) Survivor regions: 1->6(39)
[2026-05-27T11:24:03.615+0530][44.871s][info][gc,heap     ] GC(1078) Old regions: 10->10
[2026-05-27T11:24:03.615+0530][44.871s][info][gc,heap     ] GC(1078) Archive regions: 2->2
[2026-05-27T11:24:03.615+0530][44.871s][info][gc,heap     ] GC(1078) Humongous regions: 0->0
[2026-05-27T11:24:03.615+0530][44.871s][info][gc,metaspace] GC(1078) Metaspace: 1745K(2048K)->1745K(2048K) NonClass: 1568K(1728K)->1568K(1728K) Class: 177K(320K)->177K(320K)
[2026-05-27T11:24:03.615+0530][44.871s][info][gc          ] GC(1078) Pause Young (Normal) (G1 Evacuation Pause) 316M->15M(512M) 0.783ms
[2026-05-27T11:24:03.615+0530][44.871s][info][gc,cpu      ] GC(1078) User=0.00s Sys=0.00s Real=0.00s
[2026-05-27T11:24:03.658+0530][44.914s][info][gc,start    ] GC(1079) Pause Young (Normal) (G1 Evacuation Pause)
[2026-05-27T11:24:03.658+0530][44.914s][info][gc,task     ] GC(1079) Using 9 workers of 9 for evacuation
[2026-05-27T11:24:03.658+0530][44.914s][info][gc,phases   ] GC(1079)   Pre Evacuate Collection Set: 0.10ms
[2026-05-27T11:24:03.658+0530][44.914s][info][gc,phases   ] GC(1079)   Merge Heap Roots: 0.06ms
[2026-05-27T11:24:03.658+0530][44.915s][info][gc,phases   ] GC(1079)   Evacuate Collection Set: 0.30ms
[2026-05-27T11:24:03.658+0530][44.915s][info][gc,phases   ] GC(1079)   Post Evacuate Collection Set: 0.17ms
[2026-05-27T11:24:03.658+0530][44.915s][info][gc,phases   ] GC(1079)   Other: 0.11ms
[2026-05-27T11:24:03.658+0530][44.915s][info][gc,heap     ] GC(1079) Eden regions: 301->0(302)
[2026-05-27T11:24:03.658+0530][44.915s][info][gc,heap     ] GC(1079) Survivor regions: 6->5(39)
[2026-05-27T11:24:03.658+0530][44.915s][info][gc,heap     ] GC(1079) Old regions: 10->10
[2026-05-27T11:24:03.658+0530][44.915s][info][gc,heap     ] GC(1079) Archive regions: 2->2
[2026-05-27T11:24:03.658+0530][44.915s][info][gc,heap     ] GC(1079) Humongous regions: 0->0
[2026-05-27T11:24:03.658+0530][44.915s][info][gc,metaspace] GC(1079) Metaspace: 1745K(2048K)->1745K(2048K) NonClass: 1568K(1728K)->1568K(1728K) Class: 177K(320K)->177K(320K)
[2026-05-27T11:24:03.658+0530][44.915s][info][gc          ] GC(1079) Pause Young (Normal) (G1 Evacuation Pause) 316M->14M(512M) 0.828ms
[2026-05-27T11:24:03.658+0530][44.915s][info][gc,cpu      ] GC(1079) User=0.00s Sys=0.00s Real=0.00s
[2026-05-27T11:24:03.696+0530][44.952s][info][gc,start    ] GC(1080) Pause Young (Normal) (G1 Evacuation Pause)
[2026-05-27T11:24:03.696+0530][44.952s][info][gc,task     ] GC(1080) Using 9 workers of 9 for evacuation
[2026-05-27T11:24:03.696+0530][44.952s][info][gc,phases   ] GC(1080)   Pre Evacuate Collection Set: 0.12ms
[2026-05-27T11:24:03.696+0530][44.952s][info][gc,phases   ] GC(1080)   Merge Heap Roots: 0.05ms
[2026-05-27T11:24:03.696+0530][44.952s][info][gc,phases   ] GC(1080)   Evacuate Collection Set: 0.27ms
[2026-05-27T11:24:03.696+0530][44.953s][info][gc,phases   ] GC(1080)   Post Evacuate Collection Set: 0.20ms
[2026-05-27T11:24:03.696+0530][44.953s][info][gc,phases   ] GC(1080)   Other: 0.12ms
[2026-05-27T11:24:03.696+0530][44.953s][info][gc,heap     ] GC(1080) Eden regions: 302->0(300)
[2026-05-27T11:24:03.696+0530][44.953s][info][gc,heap     ] GC(1080) Survivor regions: 5->7(39)
[2026-05-27T11:24:03.696+0530][44.953s][info][gc,heap     ] GC(1080) Old regions: 10->10
[2026-05-27T11:24:03.696+0530][44.953s][info][gc,heap     ] GC(1080) Archive regions: 2->2
[2026-05-27T11:24:03.696+0530][44.953s][info][gc,heap     ] GC(1080) Humongous regions: 0->0
[2026-05-27T11:24:03.696+0530][44.953s][info][gc,metaspace] GC(1080) Metaspace: 1745K(2048K)->1745K(2048K) NonClass: 1568K(1728K)->1568K(1728K) Class: 177K(320K)->177K(320K)
[2026-05-27T11:24:03.696+0530][44.953s][info][gc          ] GC(1080) Pause Young (Normal) (G1 Evacuation Pause) 316M->16M(512M) 0.850ms
[2026-05-27T11:24:03.696+0530][44.953s][info][gc,cpu      ] GC(1080) User=0.01s Sys=0.00s Real=0.00s
[2026-05-27T11:24:03.739+0530][44.995s][info][gc,start    ] GC(1081) Pause Young (Normal) (G1 Evacuation Pause)
[2026-05-27T11:24:03.739+0530][44.995s][info][gc,task     ] GC(1081) Using 9 workers of 9 for evacuation
[2026-05-27T11:24:03.739+0530][44.996s][info][gc,phases   ] GC(1081)   Pre Evacuate Collection Set: 0.10ms
[2026-05-27T11:24:03.740+0530][44.996s][info][gc,phases   ] GC(1081)   Merge Heap Roots: 0.06ms
[2026-05-27T11:24:03.740+0530][44.996s][info][gc,phases   ] GC(1081)   Evacuate Collection Set: 0.25ms
[2026-05-27T11:24:03.740+0530][44.996s][info][gc,phases   ] GC(1081)   Post Evacuate Collection Set: 0.18ms
[2026-05-27T11:24:03.740+0530][44.996s][info][gc,phases   ] GC(1081)   Other: 0.09ms
[2026-05-27T11:24:03.740+0530][44.996s][info][gc,heap     ] GC(1081) Eden regions: 300->0(303)
[2026-05-27T11:24:03.740+0530][44.996s][info][gc,heap     ] GC(1081) Survivor regions: 7->4(39)
[2026-05-27T11:24:03.740+0530][44.996s][info][gc,heap     ] GC(1081) Old regions: 10->10
[2026-05-27T11:24:03.740+0530][44.996s][info][gc,heap     ] GC(1081) Archive regions: 2->2
[2026-05-27T11:24:03.740+0530][44.996s][info][gc,heap     ] GC(1081) Humongous regions: 0->0
[2026-05-27T11:24:03.740+0530][44.996s][info][gc,metaspace] GC(1081) Metaspace: 1745K(2048K)->1745K(2048K) NonClass: 1568K(1728K)->1568K(1728K) Class: 177K(320K)->177K(320K)
[2026-05-27T11:24:03.740+0530][44.996s][info][gc          ] GC(1081) Pause Young (Normal) (G1 Evacuation Pause) 316M->13M(512M) 0.742ms
[2026-05-27T11:24:03.740+0530][44.996s][info][gc,cpu      ] GC(1081) User=0.00s Sys=0.00s Real=0.01s
[2026-05-27T11:24:03.779+0530][45.035s][info][gc,start    ] GC(1082) Pause Young (Normal) (G1 Evacuation Pause)
[2026-05-27T11:24:03.779+0530][45.035s][info][gc,task     ] GC(1082) Using 9 workers of 9 for evacuation
[2026-05-27T11:24:03.779+0530][45.035s][info][gc,phases   ] GC(1082)   Pre Evacuate Collection Set: 0.10ms
[2026-05-27T11:24:03.779+0530][45.035s][info][gc,phases   ] GC(1082)   Merge Heap Roots: 0.06ms
[2026-05-27T11:24:03.779+0530][45.035s][info][gc,phases   ] GC(1082)   Evacuate Collection Set: 0.31ms
[2026-05-27T11:24:03.779+0530][45.035s][info][gc,phases   ] GC(1082)   Post Evacuate Collection Set: 0.18ms
[2026-05-27T11:24:03.779+0530][45.035s][info][gc,phases   ] GC(1082)   Other: 0.11ms
[2026-05-27T11:24:03.779+0530][45.035s][info][gc,heap     ] GC(1082) Eden regions: 303->0(306)
[2026-05-27T11:24:03.779+0530][45.035s][info][gc,heap     ] GC(1082) Survivor regions: 4->1(39)
[2026-05-27T11:24:03.779+0530][45.036s][info][gc,heap     ] GC(1082) Old regions: 10->10
[2026-05-27T11:24:03.779+0530][45.036s][info][gc,heap     ] GC(1082) Archive regions: 2->2
[2026-05-27T11:24:03.779+0530][45.036s][info][gc,heap     ] GC(1082) Humongous regions: 9->0
[2026-05-27T11:24:03.779+0530][45.036s][info][gc,metaspace] GC(1082) Metaspace: 1745K(2048K)->1745K(2048K) NonClass: 1568K(1728K)->1568K(1728K) Class: 177K(320K)->177K(320K)
[2026-05-27T11:24:03.779+0530][45.036s][info][gc          ] GC(1082) Pause Young (Normal) (G1 Evacuation Pause) 325M->10M(512M) 0.853ms
[2026-05-27T11:24:03.779+0530][45.036s][info][gc,cpu      ] GC(1082) User=0.00s Sys=0.00s Real=0.00s
[2026-05-27T11:24:03.820+0530][45.076s][info][gc,start    ] GC(1083) Pause Young (Normal) (G1 Evacuation Pause)
[2026-05-27T11:24:03.820+0530][45.076s][info][gc,task     ] GC(1083) Using 9 workers of 9 for evacuation
[2026-05-27T11:24:03.820+0530][45.077s][info][gc,phases   ] GC(1083)   Pre Evacuate Collection Set: 0.10ms
[2026-05-27T11:24:03.820+0530][45.077s][info][gc,phases   ] GC(1083)   Merge Heap Roots: 0.06ms
[2026-05-27T11:24:03.820+0530][45.077s][info][gc,phases   ] GC(1083)   Evacuate Collection Set: 0.27ms
[2026-05-27T11:24:03.821+0530][45.077s][info][gc,phases   ] GC(1083)   Post Evacuate Collection Set: 0.19ms
[2026-05-27T11:24:03.821+0530][45.077s][info][gc,phases   ] GC(1083)   Other: 0.11ms
[2026-05-27T11:24:03.821+0530][45.077s][info][gc,heap     ] GC(1083) Eden regions: 306->0(302)
[2026-05-27T11:24:03.821+0530][45.077s][info][gc,heap     ] GC(1083) Survivor regions: 1->5(39)
[2026-05-27T11:24:03.821+0530][45.077s][info][gc,heap     ] GC(1083) Old regions: 10->10
[2026-05-27T11:24:03.821+0530][45.077s][info][gc,heap     ] GC(1083) Archive regions: 2->2
[2026-05-27T11:24:03.821+0530][45.077s][info][gc,heap     ] GC(1083) Humongous regions: 0->0
[2026-05-27T11:24:03.821+0530][45.077s][info][gc,metaspace] GC(1083) Metaspace: 1745K(2048K)->1745K(2048K) NonClass: 1568K(1728K)->1568K(1728K) Class: 177K(320K)->177K(320K)
[2026-05-27T11:24:03.821+0530][45.077s][info][gc          ] GC(1083) Pause Young (Normal) (G1 Evacuation Pause) 316M->14M(512M) 0.792ms
[2026-05-27T11:24:03.821+0530][45.077s][info][gc,cpu      ] GC(1083) User=0.00s Sys=0.00s Real=0.00s
[2026-05-27T11:24:03.860+0530][45.116s][info][gc,start    ] GC(1084) Pause Young (Normal) (G1 Evacuation Pause)
[2026-05-27T11:24:03.860+0530][45.116s][info][gc,task     ] GC(1084) Using 9 workers of 9 for evacuation
[2026-05-27T11:24:03.860+0530][45.117s][info][gc,phases   ] GC(1084)   Pre Evacuate Collection Set: 0.08ms
[2026-05-27T11:24:03.860+0530][45.117s][info][gc,phases   ] GC(1084)   Merge Heap Roots: 0.12ms
[2026-05-27T11:24:03.860+0530][45.117s][info][gc,phases   ] GC(1084)   Evacuate Collection Set: 0.26ms
[2026-05-27T11:24:03.860+0530][45.117s][info][gc,phases   ] GC(1084)   Post Evacuate Collection Set: 0.23ms
[2026-05-27T11:24:03.861+0530][45.117s][info][gc,phases   ] GC(1084)   Other: 0.11ms
[2026-05-27T11:24:03.861+0530][45.117s][info][gc,heap     ] GC(1084) Eden regions: 302->0(300)
[2026-05-27T11:24:03.861+0530][45.117s][info][gc,heap     ] GC(1084) Survivor regions: 5->7(39)
[2026-05-27T11:24:03.861+0530][45.117s][info][gc,heap     ] GC(1084) Old regions: 10->10
[2026-05-27T11:24:03.861+0530][45.117s][info][gc,heap     ] GC(1084) Archive regions: 2->2
[2026-05-27T11:24:03.861+0530][45.117s][info][gc,heap     ] GC(1084) Humongous regions: 0->0
[2026-05-27T11:24:03.861+0530][45.117s][info][gc,metaspace] GC(1084) Metaspace: 1745K(2048K)->1745K(2048K) NonClass: 1568K(1728K)->1568K(1728K) Class: 177K(320K)->177K(320K)
[2026-05-27T11:24:03.861+0530][45.117s][info][gc          ] GC(1084) Pause Young (Normal) (G1 Evacuation Pause) 316M->16M(512M) 0.853ms
[2026-05-27T11:24:03.861+0530][45.117s][info][gc,cpu      ] GC(1084) User=0.00s Sys=0.00s Real=0.00s
[2026-05-27T11:24:03.901+0530][45.157s][info][gc,start    ] GC(1085) Pause Young (Normal) (G1 Evacuation Pause)
[2026-05-27T11:24:03.901+0530][45.157s][info][gc,task     ] GC(1085) Using 9 workers of 9 for evacuation
[2026-05-27T11:24:03.902+0530][45.158s][info][gc,phases   ] GC(1085)   Pre Evacuate Collection Set: 0.09ms
[2026-05-27T11:24:03.902+0530][45.158s][info][gc,phases   ] GC(1085)   Merge Heap Roots: 0.06ms
[2026-05-27T11:24:03.902+0530][45.158s][info][gc,phases   ] GC(1085)   Evacuate Collection Set: 0.29ms
[2026-05-27T11:24:03.902+0530][45.158s][info][gc,phases   ] GC(1085)   Post Evacuate Collection Set: 0.16ms
[2026-05-27T11:24:03.902+0530][45.158s][info][gc,phases   ] GC(1085)   Other: 0.10ms
[2026-05-27T11:24:03.902+0530][45.158s][info][gc,heap     ] GC(1085) Eden regions: 300->0(302)
[2026-05-27T11:24:03.902+0530][45.158s][info][gc,heap     ] GC(1085) Survivor regions: 7->5(39)
[2026-05-27T11:24:03.902+0530][45.158s][info][gc,heap     ] GC(1085) Old regions: 10->10
[2026-05-27T11:24:03.902+0530][45.158s][info][gc,heap     ] GC(1085) Archive regions: 2->2
[2026-05-27T11:24:03.902+0530][45.158s][info][gc,heap     ] GC(1085) Humongous regions: 0->0
[2026-05-27T11:24:03.902+0530][45.158s][info][gc,metaspace] GC(1085) Metaspace: 1745K(2048K)->1745K(2048K) NonClass: 1568K(1728K)->1568K(1728K) Class: 177K(320K)->177K(320K)
[2026-05-27T11:24:03.902+0530][45.158s][info][gc          ] GC(1085) Pause Young (Normal) (G1 Evacuation Pause) 316M->15M(512M) 0.808ms
[2026-05-27T11:24:03.902+0530][45.158s][info][gc,cpu      ] GC(1085) User=0.00s Sys=0.00s Real=0.00s
[2026-05-27T11:24:03.940+0530][45.196s][info][gc,start    ] GC(1086) Pause Young (Normal) (G1 Evacuation Pause)
[2026-05-27T11:24:03.940+0530][45.196s][info][gc,task     ] GC(1086) Using 9 workers of 9 for evacuation
[2026-05-27T11:24:03.941+0530][45.197s][info][gc,phases   ] GC(1086)   Pre Evacuate Collection Set: 0.06ms
[2026-05-27T11:24:03.941+0530][45.197s][info][gc,phases   ] GC(1086)   Merge Heap Roots: 0.05ms
[2026-05-27T11:24:03.941+0530][45.197s][info][gc,phases   ] GC(1086)   Evacuate Collection Set: 0.28ms
[2026-05-27T11:24:03.941+0530][45.197s][info][gc,phases   ] GC(1086)   Post Evacuate Collection Set: 0.21ms
[2026-05-27T11:24:03.941+0530][45.197s][info][gc,phases   ] GC(1086)   Other: 0.11ms
[2026-05-27T11:24:03.941+0530][45.197s][info][gc,heap     ] GC(1086) Eden regions: 302->0(303)
[2026-05-27T11:24:03.941+0530][45.197s][info][gc,heap     ] GC(1086) Survivor regions: 5->4(39)
[2026-05-27T11:24:03.941+0530][45.197s][info][gc,heap     ] GC(1086) Old regions: 10->10
[2026-05-27T11:24:03.941+0530][45.197s][info][gc,heap     ] GC(1086) Archive regions: 2->2
[2026-05-27T11:24:03.941+0530][45.197s][info][gc,heap     ] GC(1086) Humongous regions: 0->0
[2026-05-27T11:24:03.941+0530][45.197s][info][gc,metaspace] GC(1086) Metaspace: 1745K(2048K)->1745K(2048K) NonClass: 1568K(1728K)->1568K(1728K) Class: 177K(320K)->177K(320K)
[2026-05-27T11:24:03.941+0530][45.197s][info][gc          ] GC(1086) Pause Young (Normal) (G1 Evacuation Pause) 316M->13M(512M) 0.762ms
[2026-05-27T11:24:03.941+0530][45.197s][info][gc,cpu      ] GC(1086) User=0.00s Sys=0.00s Real=0.00s
[2026-05-27T11:24:03.979+0530][45.235s][info][gc,start    ] GC(1087) Pause Young (Normal) (G1 Evacuation Pause)
[2026-05-27T11:24:03.979+0530][45.235s][info][gc,task     ] GC(1087) Using 9 workers of 9 for evacuation
[2026-05-27T11:24:03.980+0530][45.236s][info][gc,phases   ] GC(1087)   Pre Evacuate Collection Set: 0.08ms
[2026-05-27T11:24:03.980+0530][45.236s][info][gc,phases   ] GC(1087)   Merge Heap Roots: 0.05ms
[2026-05-27T11:24:03.980+0530][45.236s][info][gc,phases   ] GC(1087)   Evacuate Collection Set: 0.21ms
[2026-05-27T11:24:03.980+0530][45.236s][info][gc,phases   ] GC(1087)   Post Evacuate Collection Set: 0.16ms
[2026-05-27T11:24:03.980+0530][45.236s][info][gc,phases   ] GC(1087)   Other: 0.09ms
[2026-05-27T11:24:03.980+0530][45.236s][info][gc,heap     ] GC(1087) Eden regions: 303->0(306)
[2026-05-27T11:24:03.980+0530][45.236s][info][gc,heap     ] GC(1087) Survivor regions: 4->1(39)
[2026-05-27T11:24:03.980+0530][45.236s][info][gc,heap     ] GC(1087) Old regions: 10->10
[2026-05-27T11:24:03.980+0530][45.236s][info][gc,heap     ] GC(1087) Archive regions: 2->2
[2026-05-27T11:24:03.980+0530][45.236s][info][gc,heap     ] GC(1087) Humongous regions: 0->0
[2026-05-27T11:24:03.980+0530][45.236s][info][gc,metaspace] GC(1087) Metaspace: 1745K(2048K)->1745K(2048K) NonClass: 1568K(1728K)->1568K(1728K) Class: 177K(320K)->177K(320K)
[2026-05-27T11:24:03.980+0530][45.236s][info][gc          ] GC(1087) Pause Young (Normal) (G1 Evacuation Pause) 316M->10M(512M) 0.661ms
[2026-05-27T11:24:03.980+0530][45.236s][info][gc,cpu      ] GC(1087) User=0.00s Sys=0.00s Real=0.01s
[2026-05-27T11:24:04.020+0530][45.276s][info][gc,start    ] GC(1088) Pause Young (Normal) (G1 Evacuation Pause)
[2026-05-27T11:24:04.020+0530][45.276s][info][gc,task     ] GC(1088) Using 9 workers of 9 for evacuation
[2026-05-27T11:24:04.020+0530][45.276s][info][gc,phases   ] GC(1088)   Pre Evacuate Collection Set: 0.12ms
[2026-05-27T11:24:04.020+0530][45.276s][info][gc,phases   ] GC(1088)   Merge Heap Roots: 0.09ms
[2026-05-27T11:24:04.020+0530][45.276s][info][gc,phases   ] GC(1088)   Evacuate Collection Set: 0.27ms
[2026-05-27T11:24:04.020+0530][45.276s][info][gc,phases   ] GC(1088)   Post Evacuate Collection Set: 0.22ms
[2026-05-27T11:24:04.020+0530][45.276s][info][gc,phases   ] GC(1088)   Other: 0.09ms
[2026-05-27T11:24:04.020+0530][45.276s][info][gc,heap     ] GC(1088) Eden regions: 306->0(301)
[2026-05-27T11:24:04.020+0530][45.276s][info][gc,heap     ] GC(1088) Survivor regions: 1->6(39)
[2026-05-27T11:24:04.020+0530][45.276s][info][gc,heap     ] GC(1088) Old regions: 10->10
[2026-05-27T11:24:04.020+0530][45.276s][info][gc,heap     ] GC(1088) Archive regions: 2->2
[2026-05-27T11:24:04.020+0530][45.276s][info][gc,heap     ] GC(1088) Humongous regions: 0->0
[2026-05-27T11:24:04.020+0530][45.277s][info][gc,metaspace] GC(1088) Metaspace: 1745K(2048K)->1745K(2048K) NonClass: 1568K(1728K)->1568K(1728K) Class: 177K(320K)->177K(320K)
[2026-05-27T11:24:04.020+0530][45.277s][info][gc          ] GC(1088) Pause Young (Normal) (G1 Evacuation Pause) 316M->15M(512M) 0.871ms
[2026-05-27T11:24:04.020+0530][45.277s][info][gc,cpu      ] GC(1088) User=0.00s Sys=0.00s Real=0.00s
[2026-05-27T11:24:04.059+0530][45.315s][info][gc,start    ] GC(1089) Pause Young (Normal) (G1 Evacuation Pause)
[2026-05-27T11:24:04.059+0530][45.316s][info][gc,task     ] GC(1089) Using 9 workers of 9 for evacuation
[2026-05-27T11:24:04.060+0530][45.316s][info][gc,phases   ] GC(1089)   Pre Evacuate Collection Set: 0.06ms
[2026-05-27T11:24:04.060+0530][45.316s][info][gc,phases   ] GC(1089)   Merge Heap Roots: 0.04ms
[2026-05-27T11:24:04.060+0530][45.316s][info][gc,phases   ] GC(1089)   Evacuate Collection Set: 0.28ms
[2026-05-27T11:24:04.060+0530][45.316s][info][gc,phases   ] GC(1089)   Post Evacuate Collection Set: 0.20ms
[2026-05-27T11:24:04.060+0530][45.316s][info][gc,phases   ] GC(1089)   Other: 0.11ms
[2026-05-27T11:24:04.060+0530][45.316s][info][gc,heap     ] GC(1089) Eden regions: 301->0(302)
[2026-05-27T11:24:04.060+0530][45.316s][info][gc,heap     ] GC(1089) Survivor regions: 6->5(39)
[2026-05-27T11:24:04.060+0530][45.316s][info][gc,heap     ] GC(1089) Old regions: 10->10
[2026-05-27T11:24:04.060+0530][45.316s][info][gc,heap     ] GC(1089) Archive regions: 2->2
[2026-05-27T11:24:04.060+0530][45.316s][info][gc,heap     ] GC(1089) Humongous regions: 0->0
[2026-05-27T11:24:04.060+0530][45.316s][info][gc,metaspace] GC(1089) Metaspace: 1745K(2048K)->1745K(2048K) NonClass: 1568K(1728K)->1568K(1728K) Class: 177K(320K)->177K(320K)
[2026-05-27T11:24:04.060+0530][45.316s][info][gc          ] GC(1089) Pause Young (Normal) (G1 Evacuation Pause) 316M->14M(512M) 0.784ms
[2026-05-27T11:24:04.060+0530][45.316s][info][gc,cpu      ] GC(1089) User=0.00s Sys=0.00s Real=0.01s
[2026-05-27T11:24:04.098+0530][45.354s][info][gc,start    ] GC(1090) Pause Young (Normal) (G1 Evacuation Pause)
[2026-05-27T11:24:04.098+0530][45.354s][info][gc,task     ] GC(1090) Using 9 workers of 9 for evacuation
[2026-05-27T11:24:04.099+0530][45.355s][info][gc,phases   ] GC(1090)   Pre Evacuate Collection Set: 0.08ms
[2026-05-27T11:24:04.099+0530][45.355s][info][gc,phases   ] GC(1090)   Merge Heap Roots: 0.06ms
[2026-05-27T11:24:04.099+0530][45.355s][info][gc,phases   ] GC(1090)   Evacuate Collection Set: 0.25ms
[2026-05-27T11:24:04.099+0530][45.355s][info][gc,phases   ] GC(1090)   Post Evacuate Collection Set: 0.22ms
[2026-05-27T11:24:04.099+0530][45.355s][info][gc,phases   ] GC(1090)   Other: 0.11ms
[2026-05-27T11:24:04.099+0530][45.355s][info][gc,heap     ] GC(1090) Eden regions: 302->0(301)
[2026-05-27T11:24:04.099+0530][45.355s][info][gc,heap     ] GC(1090) Survivor regions: 5->6(39)
[2026-05-27T11:24:04.099+0530][45.355s][info][gc,heap     ] GC(1090) Old regions: 10->10
[2026-05-27T11:24:04.099+0530][45.355s][info][gc,heap     ] GC(1090) Archive regions: 2->2
[2026-05-27T11:24:04.099+0530][45.355s][info][gc,heap     ] GC(1090) Humongous regions: 0->0
[2026-05-27T11:24:04.099+0530][45.355s][info][gc,metaspace] GC(1090) Metaspace: 1745K(2048K)->1745K(2048K) NonClass: 1568K(1728K)->1568K(1728K) Class: 177K(320K)->177K(320K)
[2026-05-27T11:24:04.099+0530][45.355s][info][gc          ] GC(1090) Pause Young (Normal) (G1 Evacuation Pause) 316M->15M(512M) 0.764ms
[2026-05-27T11:24:04.099+0530][45.355s][info][gc,cpu      ] GC(1090) User=0.00s Sys=0.00s Real=0.00s
[2026-05-27T11:24:04.142+0530][45.398s][info][gc,start    ] GC(1091) Pause Young (Normal) (G1 Evacuation Pause)
[2026-05-27T11:24:04.142+0530][45.398s][info][gc,task     ] GC(1091) Using 9 workers of 9 for evacuation
[2026-05-27T11:24:04.142+0530][45.398s][info][gc,phases   ] GC(1091)   Pre Evacuate Collection Set: 0.08ms
[2026-05-27T11:24:04.142+0530][45.398s][info][gc,phases   ] GC(1091)   Merge Heap Roots: 0.14ms
[2026-05-27T11:24:04.142+0530][45.398s][info][gc,phases   ] GC(1091)   Evacuate Collection Set: 0.26ms
[2026-05-27T11:24:04.142+0530][45.398s][info][gc,phases   ] GC(1091)   Post Evacuate Collection Set: 0.21ms
[2026-05-27T11:24:04.142+0530][45.398s][info][gc,phases   ] GC(1091)   Other: 0.10ms
[2026-05-27T11:24:04.142+0530][45.399s][info][gc,heap     ] GC(1091) Eden regions: 301->0(304)
[2026-05-27T11:24:04.142+0530][45.399s][info][gc,heap     ] GC(1091) Survivor regions: 6->3(39)
[2026-05-27T11:24:04.142+0530][45.399s][info][gc,heap     ] GC(1091) Old regions: 10->10
[2026-05-27T11:24:04.142+0530][45.399s][info][gc,heap     ] GC(1091) Archive regions: 2->2
[2026-05-27T11:24:04.142+0530][45.399s][info][gc,heap     ] GC(1091) Humongous regions: 9->0
[2026-05-27T11:24:04.142+0530][45.399s][info][gc,metaspace] GC(1091) Metaspace: 1745K(2048K)->1745K(2048K) NonClass: 1568K(1728K)->1568K(1728K) Class: 177K(320K)->177K(320K)
[2026-05-27T11:24:04.142+0530][45.399s][info][gc          ] GC(1091) Pause Young (Normal) (G1 Evacuation Pause) 325M->12M(512M) 0.885ms
[2026-05-27T11:24:04.142+0530][45.399s][info][gc,cpu      ] GC(1091) User=0.01s Sys=0.00s Real=0.00s
[2026-05-27T11:24:04.183+0530][45.439s][info][gc,start    ] GC(1092) Pause Young (Normal) (G1 Evacuation Pause)
[2026-05-27T11:24:04.183+0530][45.439s][info][gc,task     ] GC(1092) Using 9 workers of 9 for evacuation
[2026-05-27T11:24:04.184+0530][45.440s][info][gc,phases   ] GC(1092)   Pre Evacuate Collection Set: 0.08ms
[2026-05-27T11:24:04.184+0530][45.440s][info][gc,phases   ] GC(1092)   Merge Heap Roots: 0.05ms
[2026-05-27T11:24:04.184+0530][45.440s][info][gc,phases   ] GC(1092)   Evacuate Collection Set: 0.30ms
[2026-05-27T11:24:04.184+0530][45.440s][info][gc,phases   ] GC(1092)   Post Evacuate Collection Set: 0.19ms
[2026-05-27T11:24:04.184+0530][45.440s][info][gc,phases   ] GC(1092)   Other: 0.10ms
[2026-05-27T11:24:04.184+0530][45.440s][info][gc,heap     ] GC(1092) Eden regions: 304->0(300)
[2026-05-27T11:24:04.184+0530][45.440s][info][gc,heap     ] GC(1092) Survivor regions: 3->7(39)
[2026-05-27T11:24:04.184+0530][45.440s][info][gc,heap     ] GC(1092) Old regions: 10->10
[2026-05-27T11:24:04.184+0530][45.440s][info][gc,heap     ] GC(1092) Archive regions: 2->2
[2026-05-27T11:24:04.184+0530][45.440s][info][gc,heap     ] GC(1092) Humongous regions: 9->0
[2026-05-27T11:24:04.184+0530][45.440s][info][gc,metaspace] GC(1092) Metaspace: 1745K(2048K)->1745K(2048K) NonClass: 1568K(1728K)->1568K(1728K) Class: 177K(320K)->177K(320K)
[2026-05-27T11:24:04.184+0530][45.440s][info][gc          ] GC(1092) Pause Young (Normal) (G1 Evacuation Pause) 325M->16M(512M) 0.793ms
[2026-05-27T11:24:04.184+0530][45.440s][info][gc,cpu      ] GC(1092) User=0.00s Sys=0.00s Real=0.00s
[2026-05-27T11:24:04.222+0530][45.478s][info][gc,start    ] GC(1093) Pause Young (Normal) (G1 Evacuation Pause)
[2026-05-27T11:24:04.222+0530][45.478s][info][gc,task     ] GC(1093) Using 9 workers of 9 for evacuation
[2026-05-27T11:24:04.222+0530][45.478s][info][gc,phases   ] GC(1093)   Pre Evacuate Collection Set: 0.09ms
[2026-05-27T11:24:04.222+0530][45.478s][info][gc,phases   ] GC(1093)   Merge Heap Roots: 0.04ms
[2026-05-27T11:24:04.222+0530][45.478s][info][gc,phases   ] GC(1093)   Evacuate Collection Set: 0.21ms
[2026-05-27T11:24:04.222+0530][45.478s][info][gc,phases   ] GC(1093)   Post Evacuate Collection Set: 0.21ms
[2026-05-27T11:24:04.222+0530][45.478s][info][gc,phases   ] GC(1093)   Other: 0.10ms
[2026-05-27T11:24:04.222+0530][45.478s][info][gc,heap     ] GC(1093) Eden regions: 300->0(302)
[2026-05-27T11:24:04.222+0530][45.478s][info][gc,heap     ] GC(1093) Survivor regions: 7->5(39)
[2026-05-27T11:24:04.222+0530][45.478s][info][gc,heap     ] GC(1093) Old regions: 10->10
[2026-05-27T11:24:04.222+0530][45.478s][info][gc,heap     ] GC(1093) Archive regions: 2->2
[2026-05-27T11:24:04.222+0530][45.478s][info][gc,heap     ] GC(1093) Humongous regions: 9->0
[2026-05-27T11:24:04.222+0530][45.478s][info][gc,metaspace] GC(1093) Metaspace: 1745K(2048K)->1745K(2048K) NonClass: 1568K(1728K)->1568K(1728K) Class: 177K(320K)->177K(320K)
[2026-05-27T11:24:04.222+0530][45.478s][info][gc          ] GC(1093) Pause Young (Normal) (G1 Evacuation Pause) 325M->14M(512M) 0.742ms
[2026-05-27T11:24:04.222+0530][45.478s][info][gc,cpu      ] GC(1093) User=0.00s Sys=0.00s Real=0.00s
[2026-05-27T11:24:04.262+0530][45.519s][info][gc,start    ] GC(1094) Pause Young (Normal) (G1 Evacuation Pause)
[2026-05-27T11:24:04.262+0530][45.519s][info][gc,task     ] GC(1094) Using 9 workers of 9 for evacuation
[2026-05-27T11:24:04.263+0530][45.519s][info][gc,phases   ] GC(1094)   Pre Evacuate Collection Set: 0.08ms
[2026-05-27T11:24:04.263+0530][45.519s][info][gc,phases   ] GC(1094)   Merge Heap Roots: 0.05ms
[2026-05-27T11:24:04.263+0530][45.519s][info][gc,phases   ] GC(1094)   Evacuate Collection Set: 0.27ms
[2026-05-27T11:24:04.263+0530][45.519s][info][gc,phases   ] GC(1094)   Post Evacuate Collection Set: 0.15ms
[2026-05-27T11:24:04.263+0530][45.519s][info][gc,phases   ] GC(1094)   Other: 0.09ms
[2026-05-27T11:24:04.263+0530][45.519s][info][gc,heap     ] GC(1094) Eden regions: 302->0(301)
[2026-05-27T11:24:04.263+0530][45.519s][info][gc,heap     ] GC(1094) Survivor regions: 5->6(39)
[2026-05-27T11:24:04.263+0530][45.519s][info][gc,heap     ] GC(1094) Old regions: 10->10
[2026-05-27T11:24:04.263+0530][45.519s][info][gc,heap     ] GC(1094) Archive regions: 2->2
[2026-05-27T11:24:04.263+0530][45.519s][info][gc,heap     ] GC(1094) Humongous regions: 9->0
[2026-05-27T11:24:04.263+0530][45.519s][info][gc,metaspace] GC(1094) Metaspace: 1745K(2048K)->1745K(2048K) NonClass: 1568K(1728K)->1568K(1728K) Class: 177K(320K)->177K(320K)
[2026-05-27T11:24:04.263+0530][45.519s][info][gc          ] GC(1094) Pause Young (Normal) (G1 Evacuation Pause) 325M->15M(512M) 0.696ms
[2026-05-27T11:24:04.263+0530][45.519s][info][gc,cpu      ] GC(1094) User=0.01s Sys=0.00s Real=0.00s
[2026-05-27T11:24:04.302+0530][45.558s][info][gc,start    ] GC(1095) Pause Young (Normal) (G1 Evacuation Pause)
[2026-05-27T11:24:04.302+0530][45.558s][info][gc,task     ] GC(1095) Using 9 workers of 9 for evacuation
[2026-05-27T11:24:04.302+0530][45.558s][info][gc,phases   ] GC(1095)   Pre Evacuate Collection Set: 0.08ms
[2026-05-27T11:24:04.302+0530][45.558s][info][gc,phases   ] GC(1095)   Merge Heap Roots: 0.06ms
[2026-05-27T11:24:04.302+0530][45.558s][info][gc,phases   ] GC(1095)   Evacuate Collection Set: 0.27ms
[2026-05-27T11:24:04.302+0530][45.558s][info][gc,phases   ] GC(1095)   Post Evacuate Collection Set: 0.20ms
[2026-05-27T11:24:04.302+0530][45.558s][info][gc,phases   ] GC(1095)   Other: 0.10ms
[2026-05-27T11:24:04.302+0530][45.558s][info][gc,heap     ] GC(1095) Eden regions: 301->0(302)
[2026-05-27T11:24:04.302+0530][45.558s][info][gc,heap     ] GC(1095) Survivor regions: 6->5(39)
[2026-05-27T11:24:04.302+0530][45.558s][info][gc,heap     ] GC(1095) Old regions: 10->10
[2026-05-27T11:24:04.302+0530][45.559s][info][gc,heap     ] GC(1095) Archive regions: 2->2
[2026-05-27T11:24:04.302+0530][45.559s][info][gc,heap     ] GC(1095) Humongous regions: 18->0
[2026-05-27T11:24:04.302+0530][45.559s][info][gc,metaspace] GC(1095) Metaspace: 1745K(2048K)->1745K(2048K) NonClass: 1568K(1728K)->1568K(1728K) Class: 177K(320K)->177K(320K)
[2026-05-27T11:24:04.302+0530][45.559s][info][gc          ] GC(1095) Pause Young (Normal) (G1 Evacuation Pause) 334M->14M(512M) 0.752ms
[2026-05-27T11:24:04.302+0530][45.559s][info][gc,cpu      ] GC(1095) User=0.00s Sys=0.00s Real=0.00s
[2026-05-27T11:24:04.341+0530][45.597s][info][gc,start    ] GC(1096) Pause Young (Normal) (G1 Evacuation Pause)
[2026-05-27T11:24:04.341+0530][45.597s][info][gc,task     ] GC(1096) Using 9 workers of 9 for evacuation
[2026-05-27T11:24:04.342+0530][45.598s][info][gc,phases   ] GC(1096)   Pre Evacuate Collection Set: 0.12ms
[2026-05-27T11:24:04.342+0530][45.598s][info][gc,phases   ] GC(1096)   Merge Heap Roots: 0.09ms
[2026-05-27T11:24:04.342+0530][45.598s][info][gc,phases   ] GC(1096)   Evacuate Collection Set: 0.30ms
[2026-05-27T11:24:04.342+0530][45.598s][info][gc,phases   ] GC(1096)   Post Evacuate Collection Set: 0.23ms
[2026-05-27T11:24:04.342+0530][45.598s][info][gc,phases   ] GC(1096)   Other: 0.11ms
[2026-05-27T11:24:04.342+0530][45.598s][info][gc,heap     ] GC(1096) Eden regions: 302->0(300)
[2026-05-27T11:24:04.342+0530][45.598s][info][gc,heap     ] GC(1096) Survivor regions: 5->7(39)
[2026-05-27T11:24:04.342+0530][45.598s][info][gc,heap     ] GC(1096) Old regions: 10->10
[2026-05-27T11:24:04.342+0530][45.598s][info][gc,heap     ] GC(1096) Archive regions: 2->2
[2026-05-27T11:24:04.342+0530][45.598s][info][gc,heap     ] GC(1096) Humongous regions: 0->0
[2026-05-27T11:24:04.342+0530][45.598s][info][gc,metaspace] GC(1096) Metaspace: 1745K(2048K)->1745K(2048K) NonClass: 1568K(1728K)->1568K(1728K) Class: 177K(320K)->177K(320K)
[2026-05-27T11:24:04.342+0530][45.598s][info][gc          ] GC(1096) Pause Young (Normal) (G1 Evacuation Pause) 316M->16M(512M) 0.913ms
[2026-05-27T11:24:04.342+0530][45.598s][info][gc,cpu      ] GC(1096) User=0.00s Sys=0.00s Real=0.00s
[2026-05-27T11:24:04.383+0530][45.639s][info][gc,start    ] GC(1097) Pause Young (Normal) (G1 Evacuation Pause)
[2026-05-27T11:24:04.383+0530][45.639s][info][gc,task     ] GC(1097) Using 9 workers of 9 for evacuation
[2026-05-27T11:24:04.384+0530][45.640s][info][gc,phases   ] GC(1097)   Pre Evacuate Collection Set: 0.07ms
[2026-05-27T11:24:04.384+0530][45.640s][info][gc,phases   ] GC(1097)   Merge Heap Roots: 0.04ms
[2026-05-27T11:24:04.384+0530][45.640s][info][gc,phases   ] GC(1097)   Evacuate Collection Set: 0.25ms
[2026-05-27T11:24:04.384+0530][45.640s][info][gc,phases   ] GC(1097)   Post Evacuate Collection Set: 0.19ms
[2026-05-27T11:24:04.384+0530][45.640s][info][gc,phases   ] GC(1097)   Other: 0.09ms
[2026-05-27T11:24:04.384+0530][45.640s][info][gc,heap     ] GC(1097) Eden regions: 300->0(303)
[2026-05-27T11:24:04.384+0530][45.640s][info][gc,heap     ] GC(1097) Survivor regions: 7->4(39)
[2026-05-27T11:24:04.384+0530][45.640s][info][gc,heap     ] GC(1097) Old regions: 10->10
[2026-05-27T11:24:04.384+0530][45.640s][info][gc,heap     ] GC(1097) Archive regions: 2->2
[2026-05-27T11:24:04.384+0530][45.640s][info][gc,heap     ] GC(1097) Humongous regions: 9->0
[2026-05-27T11:24:04.384+0530][45.640s][info][gc,metaspace] GC(1097) Metaspace: 1745K(2048K)->1745K(2048K) NonClass: 1568K(1728K)->1568K(1728K) Class: 177K(320K)->177K(320K)
[2026-05-27T11:24:04.384+0530][45.640s][info][gc          ] GC(1097) Pause Young (Normal) (G1 Evacuation Pause) 325M->13M(512M) 0.705ms
[2026-05-27T11:24:04.384+0530][45.640s][info][gc,cpu      ] GC(1097) User=0.00s Sys=0.00s Real=0.00s
[2026-05-27T11:24:04.421+0530][45.677s][info][gc,start    ] GC(1098) Pause Young (Normal) (G1 Evacuation Pause)
[2026-05-27T11:24:04.421+0530][45.677s][info][gc,task     ] GC(1098) Using 9 workers of 9 for evacuation
[2026-05-27T11:24:04.422+0530][45.678s][info][gc,phases   ] GC(1098)   Pre Evacuate Collection Set: 0.12ms
[2026-05-27T11:24:04.422+0530][45.678s][info][gc,phases   ] GC(1098)   Merge Heap Roots: 0.12ms
[2026-05-27T11:24:04.422+0530][45.678s][info][gc,phases   ] GC(1098)   Evacuate Collection Set: 0.28ms
[2026-05-27T11:24:04.422+0530][45.678s][info][gc,phases   ] GC(1098)   Post Evacuate Collection Set: 0.17ms
[2026-05-27T11:24:04.422+0530][45.678s][info][gc,phases   ] GC(1098)   Other: 0.09ms
[2026-05-27T11:24:04.422+0530][45.678s][info][gc,heap     ] GC(1098) Eden regions: 303->0(303)
[2026-05-27T11:24:04.422+0530][45.678s][info][gc,heap     ] GC(1098) Survivor regions: 4->4(39)
[2026-05-27T11:24:04.422+0530][45.678s][info][gc,heap     ] GC(1098) Old regions: 10->10
[2026-05-27T11:24:04.422+0530][45.678s][info][gc,heap     ] GC(1098) Archive regions: 2->2
[2026-05-27T11:24:04.422+0530][45.678s][info][gc,heap     ] GC(1098) Humongous regions: 9->0
[2026-05-27T11:24:04.422+0530][45.678s][info][gc,metaspace] GC(1098) Metaspace: 1745K(2048K)->1745K(2048K) NonClass: 1568K(1728K)->1568K(1728K) Class: 177K(320K)->177K(320K)
[2026-05-27T11:24:04.422+0530][45.678s][info][gc          ] GC(1098) Pause Young (Normal) (G1 Evacuation Pause) 325M->13M(512M) 0.867ms
[2026-05-27T11:24:04.422+0530][45.678s][info][gc,cpu      ] GC(1098) User=0.00s Sys=0.00s Real=0.00s
[2026-05-27T11:24:04.461+0530][45.717s][info][gc,start    ] GC(1099) Pause Young (Normal) (G1 Evacuation Pause)
[2026-05-27T11:24:04.461+0530][45.717s][info][gc,task     ] GC(1099) Using 9 workers of 9 for evacuation
[2026-05-27T11:24:04.462+0530][45.718s][info][gc,phases   ] GC(1099)   Pre Evacuate Collection Set: 0.07ms
[2026-05-27T11:24:04.462+0530][45.718s][info][gc,phases   ] GC(1099)   Merge Heap Roots: 0.05ms
[2026-05-27T11:24:04.462+0530][45.718s][info][gc,phases   ] GC(1099)   Evacuate Collection Set: 0.29ms
[2026-05-27T11:24:04.462+0530][45.718s][info][gc,phases   ] GC(1099)   Post Evacuate Collection Set: 0.18ms
[2026-05-27T11:24:04.462+0530][45.718s][info][gc,phases   ] GC(1099)   Other: 0.09ms
[2026-05-27T11:24:04.462+0530][45.718s][info][gc,heap     ] GC(1099) Eden regions: 303->0(303)
[2026-05-27T11:24:04.462+0530][45.718s][info][gc,heap     ] GC(1099) Survivor regions: 4->4(39)
[2026-05-27T11:24:04.462+0530][45.718s][info][gc,heap     ] GC(1099) Old regions: 10->10
[2026-05-27T11:24:04.462+0530][45.718s][info][gc,heap     ] GC(1099) Archive regions: 2->2
[2026-05-27T11:24:04.462+0530][45.718s][info][gc,heap     ] GC(1099) Humongous regions: 0->0
[2026-05-27T11:24:04.462+0530][45.718s][info][gc,metaspace] GC(1099) Metaspace: 1745K(2048K)->1745K(2048K) NonClass: 1568K(1728K)->1568K(1728K) Class: 177K(320K)->177K(320K)
[2026-05-27T11:24:04.462+0530][45.718s][info][gc          ] GC(1099) Pause Young (Normal) (G1 Evacuation Pause) 316M->13M(512M) 0.725ms
[2026-05-27T11:24:04.462+0530][45.718s][info][gc,cpu      ] GC(1099) User=0.00s Sys=0.00s Real=0.00s
[2026-05-27T11:24:04.500+0530][45.757s][info][gc,start    ] GC(1100) Pause Young (Normal) (G1 Evacuation Pause)
[2026-05-27T11:24:04.501+0530][45.757s][info][gc,task     ] GC(1100) Using 9 workers of 9 for evacuation
[2026-05-27T11:24:04.501+0530][45.757s][info][gc,phases   ] GC(1100)   Pre Evacuate Collection Set: 0.10ms
[2026-05-27T11:24:04.501+0530][45.757s][info][gc,phases   ] GC(1100)   Merge Heap Roots: 0.04ms
[2026-05-27T11:24:04.501+0530][45.757s][info][gc,phases   ] GC(1100)   Evacuate Collection Set: 0.26ms
[2026-05-27T11:24:04.501+0530][45.757s][info][gc,phases   ] GC(1100)   Post Evacuate Collection Set: 0.18ms
[2026-05-27T11:24:04.501+0530][45.757s][info][gc,phases   ] GC(1100)   Other: 0.11ms
[2026-05-27T11:24:04.501+0530][45.757s][info][gc,heap     ] GC(1100) Eden regions: 303->0(302)
[2026-05-27T11:24:04.501+0530][45.757s][info][gc,heap     ] GC(1100) Survivor regions: 4->5(39)
[2026-05-27T11:24:04.501+0530][45.757s][info][gc,heap     ] GC(1100) Old regions: 10->10
[2026-05-27T11:24:04.501+0530][45.757s][info][gc,heap     ] GC(1100) Archive regions: 2->2
[2026-05-27T11:24:04.501+0530][45.757s][info][gc,heap     ] GC(1100) Humongous regions: 0->0
[2026-05-27T11:24:04.501+0530][45.757s][info][gc,metaspace] GC(1100) Metaspace: 1745K(2048K)->1745K(2048K) NonClass: 1568K(1728K)->1568K(1728K) Class: 177K(320K)->177K(320K)
[2026-05-27T11:24:04.501+0530][45.757s][info][gc          ] GC(1100) Pause Young (Normal) (G1 Evacuation Pause) 316M->15M(512M) 0.746ms
[2026-05-27T11:24:04.501+0530][45.757s][info][gc,cpu      ] GC(1100) User=0.01s Sys=0.00s Real=0.00s
[2026-05-27T11:24:04.538+0530][45.795s][info][gc,start    ] GC(1101) Pause Young (Normal) (G1 Evacuation Pause)
[2026-05-27T11:24:04.538+0530][45.795s][info][gc,task     ] GC(1101) Using 9 workers of 9 for evacuation
[2026-05-27T11:24:04.539+0530][45.795s][info][gc,phases   ] GC(1101)   Pre Evacuate Collection Set: 0.07ms
[2026-05-27T11:24:04.539+0530][45.795s][info][gc,phases   ] GC(1101)   Merge Heap Roots: 0.08ms
[2026-05-27T11:24:04.539+0530][45.795s][info][gc,phases   ] GC(1101)   Evacuate Collection Set: 0.24ms
[2026-05-27T11:24:04.539+0530][45.795s][info][gc,phases   ] GC(1101)   Post Evacuate Collection Set: 0.17ms
[2026-05-27T11:24:04.539+0530][45.795s][info][gc,phases   ] GC(1101)   Other: 0.09ms
[2026-05-27T11:24:04.539+0530][45.795s][info][gc,heap     ] GC(1101) Eden regions: 302->0(301)
[2026-05-27T11:24:04.539+0530][45.795s][info][gc,heap     ] GC(1101) Survivor regions: 5->6(39)
[2026-05-27T11:24:04.539+0530][45.795s][info][gc,heap     ] GC(1101) Old regions: 10->10
[2026-05-27T11:24:04.539+0530][45.795s][info][gc,heap     ] GC(1101) Archive regions: 2->2
[2026-05-27T11:24:04.539+0530][45.795s][info][gc,heap     ] GC(1101) Humongous regions: 0->0
[2026-05-27T11:24:04.539+0530][45.795s][info][gc,metaspace] GC(1101) Metaspace: 1745K(2048K)->1745K(2048K) NonClass: 1568K(1728K)->1568K(1728K) Class: 177K(320K)->177K(320K)
[2026-05-27T11:24:04.539+0530][45.795s][info][gc          ] GC(1101) Pause Young (Normal) (G1 Evacuation Pause) 316M->15M(512M) 0.710ms
[2026-05-27T11:24:04.539+0530][45.795s][info][gc,cpu      ] GC(1101) User=0.00s Sys=0.00s Real=0.00s
[2026-05-27T11:24:04.577+0530][45.833s][info][gc,start    ] GC(1102) Pause Young (Normal) (G1 Evacuation Pause)
[2026-05-27T11:24:04.577+0530][45.833s][info][gc,task     ] GC(1102) Using 9 workers of 9 for evacuation
[2026-05-27T11:24:04.578+0530][45.834s][info][gc,phases   ] GC(1102)   Pre Evacuate Collection Set: 0.14ms
[2026-05-27T11:24:04.578+0530][45.834s][info][gc,phases   ] GC(1102)   Merge Heap Roots: 0.06ms
[2026-05-27T11:24:04.578+0530][45.834s][info][gc,phases   ] GC(1102)   Evacuate Collection Set: 0.25ms
[2026-05-27T11:24:04.578+0530][45.834s][info][gc,phases   ] GC(1102)   Post Evacuate Collection Set: 0.24ms
[2026-05-27T11:24:04.578+0530][45.834s][info][gc,phases   ] GC(1102)   Other: 0.14ms
[2026-05-27T11:24:04.578+0530][45.834s][info][gc,heap     ] GC(1102) Eden regions: 301->0(302)
[2026-05-27T11:24:04.578+0530][45.834s][info][gc,heap     ] GC(1102) Survivor regions: 6->5(39)
[2026-05-27T11:24:04.578+0530][45.834s][info][gc,heap     ] GC(1102) Old regions: 10->10
[2026-05-27T11:24:04.578+0530][45.834s][info][gc,heap     ] GC(1102) Archive regions: 2->2
[2026-05-27T11:24:04.578+0530][45.834s][info][gc,heap     ] GC(1102) Humongous regions: 0->0
[2026-05-27T11:24:04.578+0530][45.834s][info][gc,metaspace] GC(1102) Metaspace: 1745K(2048K)->1745K(2048K) NonClass: 1568K(1728K)->1568K(1728K) Class: 177K(320K)->177K(320K)
[2026-05-27T11:24:04.578+0530][45.834s][info][gc          ] GC(1102) Pause Young (Normal) (G1 Evacuation Pause) 316M->14M(512M) 0.877ms
[2026-05-27T11:24:04.578+0530][45.834s][info][gc,cpu      ] GC(1102) User=0.00s Sys=0.00s Real=0.00s
[2026-05-27T11:24:04.617+0530][45.873s][info][gc,start    ] GC(1103) Pause Young (Normal) (G1 Evacuation Pause)
[2026-05-27T11:24:04.617+0530][45.874s][info][gc,task     ] GC(1103) Using 9 workers of 9 for evacuation
[2026-05-27T11:24:04.618+0530][45.874s][info][gc,phases   ] GC(1103)   Pre Evacuate Collection Set: 0.07ms
[2026-05-27T11:24:04.618+0530][45.874s][info][gc,phases   ] GC(1103)   Merge Heap Roots: 0.05ms
[2026-05-27T11:24:04.618+0530][45.874s][info][gc,phases   ] GC(1103)   Evacuate Collection Set: 0.26ms
[2026-05-27T11:24:04.618+0530][45.874s][info][gc,phases   ] GC(1103)   Post Evacuate Collection Set: 0.22ms
[2026-05-27T11:24:04.618+0530][45.874s][info][gc,phases   ] GC(1103)   Other: 0.12ms
[2026-05-27T11:24:04.618+0530][45.874s][info][gc,heap     ] GC(1103) Eden regions: 302->0(302)
[2026-05-27T11:24:04.618+0530][45.874s][info][gc,heap     ] GC(1103) Survivor regions: 5->5(39)
[2026-05-27T11:24:04.618+0530][45.874s][info][gc,heap     ] GC(1103) Old regions: 10->10
[2026-05-27T11:24:04.618+0530][45.874s][info][gc,heap     ] GC(1103) Archive regions: 2->2
[2026-05-27T11:24:04.618+0530][45.874s][info][gc,heap     ] GC(1103) Humongous regions: 0->0
[2026-05-27T11:24:04.618+0530][45.874s][info][gc,metaspace] GC(1103) Metaspace: 1745K(2048K)->1745K(2048K) NonClass: 1568K(1728K)->1568K(1728K) Class: 177K(320K)->177K(320K)
[2026-05-27T11:24:04.618+0530][45.874s][info][gc          ] GC(1103) Pause Young (Normal) (G1 Evacuation Pause) 316M->14M(512M) 0.805ms
[2026-05-27T11:24:04.618+0530][45.874s][info][gc,cpu      ] GC(1103) User=0.00s Sys=0.00s Real=0.00s
[2026-05-27T11:24:04.657+0530][45.913s][info][gc,start    ] GC(1104) Pause Young (Normal) (G1 Evacuation Pause)
[2026-05-27T11:24:04.657+0530][45.913s][info][gc,task     ] GC(1104) Using 9 workers of 9 for evacuation
[2026-05-27T11:24:04.657+0530][45.913s][info][gc,phases   ] GC(1104)   Pre Evacuate Collection Set: 0.08ms
[2026-05-27T11:24:04.657+0530][45.913s][info][gc,phases   ] GC(1104)   Merge Heap Roots: 0.05ms
[2026-05-27T11:24:04.657+0530][45.913s][info][gc,phases   ] GC(1104)   Evacuate Collection Set: 0.24ms
[2026-05-27T11:24:04.657+0530][45.913s][info][gc,phases   ] GC(1104)   Post Evacuate Collection Set: 0.21ms
[2026-05-27T11:24:04.657+0530][45.913s][info][gc,phases   ] GC(1104)   Other: 0.11ms
[2026-05-27T11:24:04.657+0530][45.913s][info][gc,heap     ] GC(1104) Eden regions: 302->0(306)
[2026-05-27T11:24:04.657+0530][45.913s][info][gc,heap     ] GC(1104) Survivor regions: 5->1(39)
[2026-05-27T11:24:04.657+0530][45.913s][info][gc,heap     ] GC(1104) Old regions: 10->10
[2026-05-27T11:24:04.657+0530][45.913s][info][gc,heap     ] GC(1104) Archive regions: 2->2
[2026-05-27T11:24:04.657+0530][45.913s][info][gc,heap     ] GC(1104) Humongous regions: 0->0
[2026-05-27T11:24:04.657+0530][45.913s][info][gc,metaspace] GC(1104) Metaspace: 1745K(2048K)->1745K(2048K) NonClass: 1568K(1728K)->1568K(1728K) Class: 177K(320K)->177K(320K)
[2026-05-27T11:24:04.657+0530][45.913s][info][gc          ] GC(1104) Pause Young (Normal) (G1 Evacuation Pause) 316M->10M(512M) 0.751ms
[2026-05-27T11:24:04.657+0530][45.913s][info][gc,cpu      ] GC(1104) User=0.00s Sys=0.00s Real=0.00s
[2026-05-27T11:24:04.697+0530][45.953s][info][gc,start    ] GC(1105) Pause Young (Normal) (G1 Evacuation Pause)
[2026-05-27T11:24:04.697+0530][45.953s][info][gc,task     ] GC(1105) Using 9 workers of 9 for evacuation
[2026-05-27T11:24:04.698+0530][45.954s][info][gc,phases   ] GC(1105)   Pre Evacuate Collection Set: 0.06ms
[2026-05-27T11:24:04.698+0530][45.954s][info][gc,phases   ] GC(1105)   Merge Heap Roots: 0.04ms
[2026-05-27T11:24:04.698+0530][45.954s][info][gc,phases   ] GC(1105)   Evacuate Collection Set: 0.22ms
[2026-05-27T11:24:04.698+0530][45.954s][info][gc,phases   ] GC(1105)   Post Evacuate Collection Set: 0.18ms
[2026-05-27T11:24:04.698+0530][45.954s][info][gc,phases   ] GC(1105)   Other: 0.10ms
[2026-05-27T11:24:04.698+0530][45.954s][info][gc,heap     ] GC(1105) Eden regions: 306->0(306)
[2026-05-27T11:24:04.698+0530][45.954s][info][gc,heap     ] GC(1105) Survivor regions: 1->1(39)
[2026-05-27T11:24:04.698+0530][45.954s][info][gc,heap     ] GC(1105) Old regions: 10->10
[2026-05-27T11:24:04.698+0530][45.954s][info][gc,heap     ] GC(1105) Archive regions: 2->2
[2026-05-27T11:24:04.698+0530][45.954s][info][gc,heap     ] GC(1105) Humongous regions: 0->0
[2026-05-27T11:24:04.698+0530][45.954s][info][gc,metaspace] GC(1105) Metaspace: 1745K(2048K)->1745K(2048K) NonClass: 1568K(1728K)->1568K(1728K) Class: 177K(320K)->177K(320K)
[2026-05-27T11:24:04.698+0530][45.954s][info][gc          ] GC(1105) Pause Young (Normal) (G1 Evacuation Pause) 316M->10M(512M) 0.668ms
[2026-05-27T11:24:04.698+0530][45.954s][info][gc,cpu      ] GC(1105) User=0.00s Sys=0.00s Real=0.00s
[2026-05-27T11:24:04.737+0530][45.993s][info][gc,start    ] GC(1106) Pause Young (Normal) (G1 Evacuation Pause)
[2026-05-27T11:24:04.737+0530][45.994s][info][gc,task     ] GC(1106) Using 9 workers of 9 for evacuation
[2026-05-27T11:24:04.738+0530][45.994s][info][gc,phases   ] GC(1106)   Pre Evacuate Collection Set: 0.08ms
[2026-05-27T11:24:04.738+0530][45.994s][info][gc,phases   ] GC(1106)   Merge Heap Roots: 0.10ms
[2026-05-27T11:24:04.738+0530][45.994s][info][gc,phases   ] GC(1106)   Evacuate Collection Set: 0.28ms
[2026-05-27T11:24:04.738+0530][45.994s][info][gc,phases   ] GC(1106)   Post Evacuate Collection Set: 0.21ms
[2026-05-27T11:24:04.738+0530][45.994s][info][gc,phases   ] GC(1106)   Other: 0.11ms
[2026-05-27T11:24:04.738+0530][45.994s][info][gc,heap     ] GC(1106) Eden regions: 306->0(301)
[2026-05-27T11:24:04.738+0530][45.994s][info][gc,heap     ] GC(1106) Survivor regions: 1->6(39)
[2026-05-27T11:24:04.738+0530][45.994s][info][gc,heap     ] GC(1106) Old regions: 10->10
[2026-05-27T11:24:04.738+0530][45.994s][info][gc,heap     ] GC(1106) Archive regions: 2->2
[2026-05-27T11:24:04.738+0530][45.994s][info][gc,heap     ] GC(1106) Humongous regions: 0->0
[2026-05-27T11:24:04.738+0530][45.994s][info][gc,metaspace] GC(1106) Metaspace: 1745K(2048K)->1745K(2048K) NonClass: 1568K(1728K)->1568K(1728K) Class: 177K(320K)->177K(320K)
[2026-05-27T11:24:04.738+0530][45.994s][info][gc          ] GC(1106) Pause Young (Normal) (G1 Evacuation Pause) 316M->15M(512M) 0.830ms
[2026-05-27T11:24:04.738+0530][45.994s][info][gc,cpu      ] GC(1106) User=0.00s Sys=0.00s Real=0.00s
[2026-05-27T11:24:04.775+0530][46.031s][info][gc,start    ] GC(1107) Pause Young (Normal) (G1 Evacuation Pause)
[2026-05-27T11:24:04.775+0530][46.031s][info][gc,task     ] GC(1107) Using 9 workers of 9 for evacuation
[2026-05-27T11:24:04.775+0530][46.031s][info][gc,phases   ] GC(1107)   Pre Evacuate Collection Set: 0.10ms
[2026-05-27T11:24:04.775+0530][46.031s][info][gc,phases   ] GC(1107)   Merge Heap Roots: 0.03ms
[2026-05-27T11:24:04.775+0530][46.031s][info][gc,phases   ] GC(1107)   Evacuate Collection Set: 0.22ms
[2026-05-27T11:24:04.775+0530][46.031s][info][gc,phases   ] GC(1107)   Post Evacuate Collection Set: 0.24ms
[2026-05-27T11:24:04.775+0530][46.031s][info][gc,phases   ] GC(1107)   Other: 0.10ms
[2026-05-27T11:24:04.775+0530][46.031s][info][gc,heap     ] GC(1107) Eden regions: 301->0(303)
[2026-05-27T11:24:04.775+0530][46.031s][info][gc,heap     ] GC(1107) Survivor regions: 6->4(39)
[2026-05-27T11:24:04.775+0530][46.031s][info][gc,heap     ] GC(1107) Old regions: 10->10
[2026-05-27T11:24:04.775+0530][46.031s][info][gc,heap     ] GC(1107) Archive regions: 2->2
[2026-05-27T11:24:04.775+0530][46.031s][info][gc,heap     ] GC(1107) Humongous regions: 0->0
[2026-05-27T11:24:04.775+0530][46.031s][info][gc,metaspace] GC(1107) Metaspace: 1745K(2048K)->1745K(2048K) NonClass: 1568K(1728K)->1568K(1728K) Class: 177K(320K)->177K(320K)
[2026-05-27T11:24:04.775+0530][46.031s][info][gc          ] GC(1107) Pause Young (Normal) (G1 Evacuation Pause) 316M->13M(512M) 0.793ms
[2026-05-27T11:24:04.775+0530][46.031s][info][gc,cpu      ] GC(1107) User=0.00s Sys=0.00s Real=0.00s
[2026-05-27T11:24:04.816+0530][46.072s][info][gc,start    ] GC(1108) Pause Young (Normal) (G1 Evacuation Pause)
[2026-05-27T11:24:04.816+0530][46.072s][info][gc,task     ] GC(1108) Using 9 workers of 9 for evacuation
[2026-05-27T11:24:04.816+0530][46.072s][info][gc,phases   ] GC(1108)   Pre Evacuate Collection Set: 0.12ms
[2026-05-27T11:24:04.816+0530][46.072s][info][gc,phases   ] GC(1108)   Merge Heap Roots: 0.05ms
[2026-05-27T11:24:04.816+0530][46.072s][info][gc,phases   ] GC(1108)   Evacuate Collection Set: 0.33ms
[2026-05-27T11:24:04.816+0530][46.073s][info][gc,phases   ] GC(1108)   Post Evacuate Collection Set: 0.18ms
[2026-05-27T11:24:04.816+0530][46.073s][info][gc,phases   ] GC(1108)   Other: 0.08ms
[2026-05-27T11:24:04.816+0530][46.073s][info][gc,heap     ] GC(1108) Eden regions: 303->0(302)
[2026-05-27T11:24:04.816+0530][46.073s][info][gc,heap     ] GC(1108) Survivor regions: 4->5(39)
[2026-05-27T11:24:04.816+0530][46.073s][info][gc,heap     ] GC(1108) Old regions: 10->10
[2026-05-27T11:24:04.816+0530][46.073s][info][gc,heap     ] GC(1108) Archive regions: 2->2
[2026-05-27T11:24:04.816+0530][46.073s][info][gc,heap     ] GC(1108) Humongous regions: 9->0
[2026-05-27T11:24:04.816+0530][46.073s][info][gc,metaspace] GC(1108) Metaspace: 1745K(2048K)->1745K(2048K) NonClass: 1568K(1728K)->1568K(1728K) Class: 177K(320K)->177K(320K)
[2026-05-27T11:24:04.816+0530][46.073s][info][gc          ] GC(1108) Pause Young (Normal) (G1 Evacuation Pause) 325M->14M(512M) 0.836ms
[2026-05-27T11:24:04.816+0530][46.073s][info][gc,cpu      ] GC(1108) User=0.00s Sys=0.00s Real=0.00s
[2026-05-27T11:24:04.854+0530][46.110s][info][gc,start    ] GC(1109) Pause Young (Normal) (G1 Evacuation Pause)
[2026-05-27T11:24:04.854+0530][46.110s][info][gc,task     ] GC(1109) Using 9 workers of 9 for evacuation
[2026-05-27T11:24:04.855+0530][46.111s][info][gc,phases   ] GC(1109)   Pre Evacuate Collection Set: 0.06ms
[2026-05-27T11:24:04.855+0530][46.111s][info][gc,phases   ] GC(1109)   Merge Heap Roots: 0.04ms
[2026-05-27T11:24:04.855+0530][46.111s][info][gc,phases   ] GC(1109)   Evacuate Collection Set: 0.23ms
[2026-05-27T11:24:04.855+0530][46.111s][info][gc,phases   ] GC(1109)   Post Evacuate Collection Set: 0.21ms
[2026-05-27T11:24:04.855+0530][46.111s][info][gc,phases   ] GC(1109)   Other: 0.09ms
[2026-05-27T11:24:04.855+0530][46.111s][info][gc,heap     ] GC(1109) Eden regions: 302->0(302)
[2026-05-27T11:24:04.855+0530][46.111s][info][gc,heap     ] GC(1109) Survivor regions: 5->5(39)
[2026-05-27T11:24:04.855+0530][46.111s][info][gc,heap     ] GC(1109) Old regions: 10->10
[2026-05-27T11:24:04.855+0530][46.111s][info][gc,heap     ] GC(1109) Archive regions: 2->2
[2026-05-27T11:24:04.855+0530][46.111s][info][gc,heap     ] GC(1109) Humongous regions: 0->0
[2026-05-27T11:24:04.855+0530][46.111s][info][gc,metaspace] GC(1109) Metaspace: 1745K(2048K)->1745K(2048K) NonClass: 1568K(1728K)->1568K(1728K) Class: 177K(320K)->177K(320K)
[2026-05-27T11:24:04.855+0530][46.111s][info][gc          ] GC(1109) Pause Young (Normal) (G1 Evacuation Pause) 316M->14M(512M) 0.707ms
[2026-05-27T11:24:04.855+0530][46.111s][info][gc,cpu      ] GC(1109) User=0.01s Sys=0.00s Real=0.00s
[2026-05-27T11:24:04.893+0530][46.149s][info][gc,start    ] GC(1110) Pause Young (Normal) (G1 Evacuation Pause)
[2026-05-27T11:24:04.893+0530][46.150s][info][gc,task     ] GC(1110) Using 9 workers of 9 for evacuation
[2026-05-27T11:24:04.894+0530][46.150s][info][gc,phases   ] GC(1110)   Pre Evacuate Collection Set: 0.10ms
[2026-05-27T11:24:04.894+0530][46.150s][info][gc,phases   ] GC(1110)   Merge Heap Roots: 0.04ms
[2026-05-27T11:24:04.894+0530][46.150s][info][gc,phases   ] GC(1110)   Evacuate Collection Set: 0.26ms
[2026-05-27T11:24:04.894+0530][46.150s][info][gc,phases   ] GC(1110)   Post Evacuate Collection Set: 0.23ms
[2026-05-27T11:24:04.894+0530][46.150s][info][gc,phases   ] GC(1110)   Other: 0.09ms
[2026-05-27T11:24:04.894+0530][46.150s][info][gc,heap     ] GC(1110) Eden regions: 302->0(302)
[2026-05-27T11:24:04.894+0530][46.150s][info][gc,heap     ] GC(1110) Survivor regions: 5->5(39)
[2026-05-27T11:24:04.894+0530][46.150s][info][gc,heap     ] GC(1110) Old regions: 10->10
[2026-05-27T11:24:04.894+0530][46.150s][info][gc,heap     ] GC(1110) Archive regions: 2->2
[2026-05-27T11:24:04.894+0530][46.150s][info][gc,heap     ] GC(1110) Humongous regions: 0->0
[2026-05-27T11:24:04.894+0530][46.150s][info][gc,metaspace] GC(1110) Metaspace: 1745K(2048K)->1745K(2048K) NonClass: 1568K(1728K)->1568K(1728K) Class: 177K(320K)->177K(320K)
[2026-05-27T11:24:04.894+0530][46.150s][info][gc          ] GC(1110) Pause Young (Normal) (G1 Evacuation Pause) 316M->14M(512M) 0.775ms
[2026-05-27T11:24:04.894+0530][46.150s][info][gc,cpu      ] GC(1110) User=0.00s Sys=0.00s Real=0.00s
[2026-05-27T11:24:04.935+0530][46.191s][info][gc,start    ] GC(1111) Pause Young (Normal) (G1 Evacuation Pause)
[2026-05-27T11:24:04.935+0530][46.191s][info][gc,task     ] GC(1111) Using 9 workers of 9 for evacuation
[2026-05-27T11:24:04.935+0530][46.191s][info][gc,phases   ] GC(1111)   Pre Evacuate Collection Set: 0.13ms
[2026-05-27T11:24:04.935+0530][46.191s][info][gc,phases   ] GC(1111)   Merge Heap Roots: 0.03ms
[2026-05-27T11:24:04.935+0530][46.191s][info][gc,phases   ] GC(1111)   Evacuate Collection Set: 0.35ms
[2026-05-27T11:24:04.935+0530][46.192s][info][gc,phases   ] GC(1111)   Post Evacuate Collection Set: 0.18ms
[2026-05-27T11:24:04.935+0530][46.192s][info][gc,phases   ] GC(1111)   Other: 0.09ms
[2026-05-27T11:24:04.935+0530][46.192s][info][gc,heap     ] GC(1111) Eden regions: 302->0(303)
[2026-05-27T11:24:04.935+0530][46.192s][info][gc,heap     ] GC(1111) Survivor regions: 5->4(39)
[2026-05-27T11:24:04.935+0530][46.192s][info][gc,heap     ] GC(1111) Old regions: 10->10
[2026-05-27T11:24:04.935+0530][46.192s][info][gc,heap     ] GC(1111) Archive regions: 2->2
[2026-05-27T11:24:04.935+0530][46.192s][info][gc,heap     ] GC(1111) Humongous regions: 0->0
[2026-05-27T11:24:04.935+0530][46.192s][info][gc,metaspace] GC(1111) Metaspace: 1745K(2048K)->1745K(2048K) NonClass: 1568K(1728K)->1568K(1728K) Class: 177K(320K)->177K(320K)
[2026-05-27T11:24:04.935+0530][46.192s][info][gc          ] GC(1111) Pause Young (Normal) (G1 Evacuation Pause) 316M->13M(512M) 0.837ms
[2026-05-27T11:24:04.935+0530][46.192s][info][gc,cpu      ] GC(1111) User=0.00s Sys=0.00s Real=0.00s
[2026-05-27T11:24:04.973+0530][46.229s][info][gc,start    ] GC(1112) Pause Young (Normal) (G1 Evacuation Pause)
[2026-05-27T11:24:04.973+0530][46.229s][info][gc,task     ] GC(1112) Using 9 workers of 9 for evacuation
[2026-05-27T11:24:04.973+0530][46.229s][info][gc,phases   ] GC(1112)   Pre Evacuate Collection Set: 0.09ms
[2026-05-27T11:24:04.973+0530][46.229s][info][gc,phases   ] GC(1112)   Merge Heap Roots: 0.09ms
[2026-05-27T11:24:04.973+0530][46.229s][info][gc,phases   ] GC(1112)   Evacuate Collection Set: 0.24ms
[2026-05-27T11:24:04.973+0530][46.229s][info][gc,phases   ] GC(1112)   Post Evacuate Collection Set: 0.16ms
[2026-05-27T11:24:04.973+0530][46.229s][info][gc,phases   ] GC(1112)   Other: 0.10ms
[2026-05-27T11:24:04.973+0530][46.229s][info][gc,heap     ] GC(1112) Eden regions: 303->0(306)
[2026-05-27T11:24:04.973+0530][46.229s][info][gc,heap     ] GC(1112) Survivor regions: 4->1(39)
[2026-05-27T11:24:04.973+0530][46.229s][info][gc,heap     ] GC(1112) Old regions: 10->10
[2026-05-27T11:24:04.973+0530][46.229s][info][gc,heap     ] GC(1112) Archive regions: 2->2
[2026-05-27T11:24:04.973+0530][46.229s][info][gc,heap     ] GC(1112) Humongous regions: 0->0
[2026-05-27T11:24:04.973+0530][46.229s][info][gc,metaspace] GC(1112) Metaspace: 1745K(2048K)->1745K(2048K) NonClass: 1568K(1728K)->1568K(1728K) Class: 177K(320K)->177K(320K)
[2026-05-27T11:24:04.973+0530][46.229s][info][gc          ] GC(1112) Pause Young (Normal) (G1 Evacuation Pause) 316M->10M(512M) 0.717ms
[2026-05-27T11:24:04.973+0530][46.229s][info][gc,cpu      ] GC(1112) User=0.00s Sys=0.00s Real=0.00s
[2026-05-27T11:24:05.011+0530][46.267s][info][gc,start    ] GC(1113) Pause Young (Normal) (G1 Evacuation Pause)
[2026-05-27T11:24:05.011+0530][46.267s][info][gc,task     ] GC(1113) Using 9 workers of 9 for evacuation
[2026-05-27T11:24:05.012+0530][46.268s][info][gc,phases   ] GC(1113)   Pre Evacuate Collection Set: 0.08ms
[2026-05-27T11:24:05.012+0530][46.268s][info][gc,phases   ] GC(1113)   Merge Heap Roots: 0.09ms
[2026-05-27T11:24:05.012+0530][46.268s][info][gc,phases   ] GC(1113)   Evacuate Collection Set: 0.23ms
[2026-05-27T11:24:05.012+0530][46.268s][info][gc,phases   ] GC(1113)   Post Evacuate Collection Set: 0.22ms
[2026-05-27T11:24:05.012+0530][46.268s][info][gc,phases   ] GC(1113)   Other: 0.11ms
[2026-05-27T11:24:05.012+0530][46.268s][info][gc,heap     ] GC(1113) Eden regions: 306->0(302)
[2026-05-27T11:24:05.012+0530][46.268s][info][gc,heap     ] GC(1113) Survivor regions: 1->5(39)
[2026-05-27T11:24:05.012+0530][46.268s][info][gc,heap     ] GC(1113) Old regions: 10->10
[2026-05-27T11:24:05.012+0530][46.268s][info][gc,heap     ] GC(1113) Archive regions: 2->2
[2026-05-27T11:24:05.012+0530][46.268s][info][gc,heap     ] GC(1113) Humongous regions: 0->0
[2026-05-27T11:24:05.012+0530][46.268s][info][gc,metaspace] GC(1113) Metaspace: 1745K(2048K)->1745K(2048K) NonClass: 1568K(1728K)->1568K(1728K) Class: 177K(320K)->177K(320K)
[2026-05-27T11:24:05.012+0530][46.268s][info][gc          ] GC(1113) Pause Young (Normal) (G1 Evacuation Pause) 316M->14M(512M) 0.797ms
[2026-05-27T11:24:05.012+0530][46.268s][info][gc,cpu      ] GC(1113) User=0.00s Sys=0.00s Real=0.00s
[2026-05-27T11:24:05.051+0530][46.307s][info][gc,start    ] GC(1114) Pause Young (Normal) (G1 Evacuation Pause)
[2026-05-27T11:24:05.051+0530][46.307s][info][gc,task     ] GC(1114) Using 9 workers of 9 for evacuation
[2026-05-27T11:24:05.051+0530][46.307s][info][gc,phases   ] GC(1114)   Pre Evacuate Collection Set: 0.10ms
[2026-05-27T11:24:05.051+0530][46.307s][info][gc,phases   ] GC(1114)   Merge Heap Roots: 0.03ms
[2026-05-27T11:24:05.051+0530][46.307s][info][gc,phases   ] GC(1114)   Evacuate Collection Set: 0.18ms
[2026-05-27T11:24:05.051+0530][46.307s][info][gc,phases   ] GC(1114)   Post Evacuate Collection Set: 0.15ms
[2026-05-27T11:24:05.051+0530][46.307s][info][gc,phases   ] GC(1114)   Other: 0.09ms
[2026-05-27T11:24:05.051+0530][46.307s][info][gc,heap     ] GC(1114) Eden regions: 302->0(303)
[2026-05-27T11:24:05.051+0530][46.307s][info][gc,heap     ] GC(1114) Survivor regions: 5->4(39)
[2026-05-27T11:24:05.051+0530][46.307s][info][gc,heap     ] GC(1114) Old regions: 10->10
[2026-05-27T11:24:05.051+0530][46.308s][info][gc,heap     ] GC(1114) Archive regions: 2->2
[2026-05-27T11:24:05.051+0530][46.308s][info][gc,heap     ] GC(1114) Humongous regions: 0->0
[2026-05-27T11:24:05.051+0530][46.308s][info][gc,metaspace] GC(1114) Metaspace: 1745K(2048K)->1745K(2048K) NonClass: 1568K(1728K)->1568K(1728K) Class: 177K(320K)->177K(320K)
[2026-05-27T11:24:05.051+0530][46.308s][info][gc          ] GC(1114) Pause Young (Normal) (G1 Evacuation Pause) 316M->14M(512M) 0.623ms
[2026-05-27T11:24:05.051+0530][46.308s][info][gc,cpu      ] GC(1114) User=0.00s Sys=0.00s Real=0.00s
[2026-05-27T11:24:05.089+0530][46.346s][info][gc,start    ] GC(1115) Pause Young (Normal) (G1 Evacuation Pause)
[2026-05-27T11:24:05.090+0530][46.346s][info][gc,task     ] GC(1115) Using 9 workers of 9 for evacuation
[2026-05-27T11:24:05.090+0530][46.346s][info][gc,phases   ] GC(1115)   Pre Evacuate Collection Set: 0.08ms
[2026-05-27T11:24:05.090+0530][46.346s][info][gc,phases   ] GC(1115)   Merge Heap Roots: 0.05ms
[2026-05-27T11:24:05.090+0530][46.346s][info][gc,phases   ] GC(1115)   Evacuate Collection Set: 0.28ms
[2026-05-27T11:24:05.090+0530][46.346s][info][gc,phases   ] GC(1115)   Post Evacuate Collection Set: 0.23ms
[2026-05-27T11:24:05.090+0530][46.346s][info][gc,phases   ] GC(1115)   Other: 0.11ms
[2026-05-27T11:24:05.090+0530][46.346s][info][gc,heap     ] GC(1115) Eden regions: 303->0(301)
[2026-05-27T11:24:05.090+0530][46.346s][info][gc,heap     ] GC(1115) Survivor regions: 4->6(39)
[2026-05-27T11:24:05.090+0530][46.346s][info][gc,heap     ] GC(1115) Old regions: 10->10
[2026-05-27T11:24:05.090+0530][46.346s][info][gc,heap     ] GC(1115) Archive regions: 2->2
[2026-05-27T11:24:05.090+0530][46.346s][info][gc,heap     ] GC(1115) Humongous regions: 0->0
[2026-05-27T11:24:05.090+0530][46.346s][info][gc,metaspace] GC(1115) Metaspace: 1745K(2048K)->1745K(2048K) NonClass: 1568K(1728K)->1568K(1728K) Class: 177K(320K)->177K(320K)
[2026-05-27T11:24:05.090+0530][46.346s][info][gc          ] GC(1115) Pause Young (Normal) (G1 Evacuation Pause) 316M->15M(512M) 0.826ms
[2026-05-27T11:24:05.090+0530][46.346s][info][gc,cpu      ] GC(1115) User=0.00s Sys=0.00s Real=0.01s
[2026-05-27T11:24:05.132+0530][46.388s][info][gc,start    ] GC(1116) Pause Young (Normal) (G1 Evacuation Pause)
[2026-05-27T11:24:05.132+0530][46.388s][info][gc,task     ] GC(1116) Using 9 workers of 9 for evacuation
[2026-05-27T11:24:05.133+0530][46.389s][info][gc,phases   ] GC(1116)   Pre Evacuate Collection Set: 0.08ms
[2026-05-27T11:24:05.133+0530][46.389s][info][gc,phases   ] GC(1116)   Merge Heap Roots: 0.05ms
[2026-05-27T11:24:05.133+0530][46.389s][info][gc,phases   ] GC(1116)   Evacuate Collection Set: 0.27ms
[2026-05-27T11:24:05.133+0530][46.389s][info][gc,phases   ] GC(1116)   Post Evacuate Collection Set: 0.17ms
[2026-05-27T11:24:05.133+0530][46.389s][info][gc,phases   ] GC(1116)   Other: 0.11ms
[2026-05-27T11:24:05.133+0530][46.389s][info][gc,heap     ] GC(1116) Eden regions: 301->0(302)
[2026-05-27T11:24:05.133+0530][46.389s][info][gc,heap     ] GC(1116) Survivor regions: 6->5(39)
[2026-05-27T11:24:05.133+0530][46.389s][info][gc,heap     ] GC(1116) Old regions: 10->10
[2026-05-27T11:24:05.133+0530][46.389s][info][gc,heap     ] GC(1116) Archive regions: 2->2
[2026-05-27T11:24:05.133+0530][46.389s][info][gc,heap     ] GC(1116) Humongous regions: 0->0
[2026-05-27T11:24:05.133+0530][46.389s][info][gc,metaspace] GC(1116) Metaspace: 1745K(2048K)->1745K(2048K) NonClass: 1568K(1728K)->1568K(1728K) Class: 177K(320K)->177K(320K)
[2026-05-27T11:24:05.133+0530][46.389s][info][gc          ] GC(1116) Pause Young (Normal) (G1 Evacuation Pause) 316M->14M(512M) 0.743ms
[2026-05-27T11:24:05.133+0530][46.389s][info][gc,cpu      ] GC(1116) User=0.00s Sys=0.00s Real=0.00s
[2026-05-27T11:24:05.173+0530][46.429s][info][gc,start    ] GC(1117) Pause Young (Normal) (G1 Evacuation Pause)
[2026-05-27T11:24:05.173+0530][46.429s][info][gc,task     ] GC(1117) Using 9 workers of 9 for evacuation
[2026-05-27T11:24:05.174+0530][46.430s][info][gc,phases   ] GC(1117)   Pre Evacuate Collection Set: 0.08ms
[2026-05-27T11:24:05.174+0530][46.430s][info][gc,phases   ] GC(1117)   Merge Heap Roots: 0.08ms
[2026-05-27T11:24:05.174+0530][46.430s][info][gc,phases   ] GC(1117)   Evacuate Collection Set: 0.24ms
[2026-05-27T11:24:05.174+0530][46.430s][info][gc,phases   ] GC(1117)   Post Evacuate Collection Set: 0.16ms
[2026-05-27T11:24:05.174+0530][46.430s][info][gc,phases   ] GC(1117)   Other: 0.10ms
[2026-05-27T11:24:05.174+0530][46.430s][info][gc,heap     ] GC(1117) Eden regions: 302->0(302)
[2026-05-27T11:24:05.174+0530][46.430s][info][gc,heap     ] GC(1117) Survivor regions: 5->5(39)
[2026-05-27T11:24:05.174+0530][46.430s][info][gc,heap     ] GC(1117) Old regions: 10->10
[2026-05-27T11:24:05.174+0530][46.430s][info][gc,heap     ] GC(1117) Archive regions: 2->2
[2026-05-27T11:24:05.174+0530][46.430s][info][gc,heap     ] GC(1117) Humongous regions: 9->0
[2026-05-27T11:24:05.174+0530][46.430s][info][gc,metaspace] GC(1117) Metaspace: 1745K(2048K)->1745K(2048K) NonClass: 1568K(1728K)->1568K(1728K) Class: 177K(320K)->177K(320K)
[2026-05-27T11:24:05.174+0530][46.430s][info][gc          ] GC(1117) Pause Young (Normal) (G1 Evacuation Pause) 325M->14M(512M) 0.725ms
[2026-05-27T11:24:05.174+0530][46.430s][info][gc,cpu      ] GC(1117) User=0.00s Sys=0.00s Real=0.00s
[2026-05-27T11:24:05.215+0530][46.471s][info][gc,start    ] GC(1118) Pause Young (Normal) (G1 Evacuation Pause)
[2026-05-27T11:24:05.215+0530][46.471s][info][gc,task     ] GC(1118) Using 9 workers of 9 for evacuation
[2026-05-27T11:24:05.215+0530][46.471s][info][gc,phases   ] GC(1118)   Pre Evacuate Collection Set: 0.07ms
[2026-05-27T11:24:05.215+0530][46.471s][info][gc,phases   ] GC(1118)   Merge Heap Roots: 0.06ms
[2026-05-27T11:24:05.215+0530][46.471s][info][gc,phases   ] GC(1118)   Evacuate Collection Set: 0.24ms
[2026-05-27T11:24:05.215+0530][46.471s][info][gc,phases   ] GC(1118)   Post Evacuate Collection Set: 0.16ms
[2026-05-27T11:24:05.215+0530][46.471s][info][gc,phases   ] GC(1118)   Other: 0.10ms
[2026-05-27T11:24:05.215+0530][46.471s][info][gc,heap     ] GC(1118) Eden regions: 302->0(306)
[2026-05-27T11:24:05.215+0530][46.471s][info][gc,heap     ] GC(1118) Survivor regions: 5->1(39)
[2026-05-27T11:24:05.215+0530][46.471s][info][gc,heap     ] GC(1118) Old regions: 10->10
[2026-05-27T11:24:05.215+0530][46.471s][info][gc,heap     ] GC(1118) Archive regions: 2->2
[2026-05-27T11:24:05.215+0530][46.471s][info][gc,heap     ] GC(1118) Humongous regions: 0->0
[2026-05-27T11:24:05.215+0530][46.471s][info][gc,metaspace] GC(1118) Metaspace: 1745K(2048K)->1745K(2048K) NonClass: 1568K(1728K)->1568K(1728K) Class: 177K(320K)->177K(320K)
[2026-05-27T11:24:05.215+0530][46.471s][info][gc          ] GC(1118) Pause Young (Normal) (G1 Evacuation Pause) 316M->10M(512M) 0.680ms
[2026-05-27T11:24:05.215+0530][46.471s][info][gc,cpu      ] GC(1118) User=0.00s Sys=0.00s Real=0.00s
[2026-05-27T11:24:05.255+0530][46.511s][info][gc,start    ] GC(1119) Pause Young (Normal) (G1 Evacuation Pause)
[2026-05-27T11:24:05.255+0530][46.511s][info][gc,task     ] GC(1119) Using 9 workers of 9 for evacuation
[2026-05-27T11:24:05.256+0530][46.512s][info][gc,phases   ] GC(1119)   Pre Evacuate Collection Set: 0.09ms
[2026-05-27T11:24:05.256+0530][46.512s][info][gc,phases   ] GC(1119)   Merge Heap Roots: 0.04ms
[2026-05-27T11:24:05.256+0530][46.512s][info][gc,phases   ] GC(1119)   Evacuate Collection Set: 0.30ms
[2026-05-27T11:24:05.256+0530][46.512s][info][gc,phases   ] GC(1119)   Post Evacuate Collection Set: 0.26ms
[2026-05-27T11:24:05.256+0530][46.512s][info][gc,phases   ] GC(1119)   Other: 0.11ms
[2026-05-27T11:24:05.256+0530][46.512s][info][gc,heap     ] GC(1119) Eden regions: 306->0(301)
[2026-05-27T11:24:05.256+0530][46.512s][info][gc,heap     ] GC(1119) Survivor regions: 1->6(39)
[2026-05-27T11:24:05.256+0530][46.512s][info][gc,heap     ] GC(1119) Old regions: 10->10
[2026-05-27T11:24:05.256+0530][46.512s][info][gc,heap     ] GC(1119) Archive regions: 2->2
[2026-05-27T11:24:05.256+0530][46.512s][info][gc,heap     ] GC(1119) Humongous regions: 0->0
[2026-05-27T11:24:05.256+0530][46.512s][info][gc,metaspace] GC(1119) Metaspace: 1745K(2048K)->1745K(2048K) NonClass: 1568K(1728K)->1568K(1728K) Class: 177K(320K)->177K(320K)
[2026-05-27T11:24:05.256+0530][46.512s][info][gc          ] GC(1119) Pause Young (Normal) (G1 Evacuation Pause) 316M->15M(512M) 0.867ms
[2026-05-27T11:24:05.256+0530][46.512s][info][gc,cpu      ] GC(1119) User=0.00s Sys=0.00s Real=0.00s
[2026-05-27T11:24:05.294+0530][46.550s][info][gc,start    ] GC(1120) Pause Young (Normal) (G1 Evacuation Pause)
[2026-05-27T11:24:05.294+0530][46.550s][info][gc,task     ] GC(1120) Using 9 workers of 9 for evacuation
[2026-05-27T11:24:05.294+0530][46.550s][info][gc,phases   ] GC(1120)   Pre Evacuate Collection Set: 0.10ms
[2026-05-27T11:24:05.294+0530][46.550s][info][gc,phases   ] GC(1120)   Merge Heap Roots: 0.04ms
[2026-05-27T11:24:05.294+0530][46.550s][info][gc,phases   ] GC(1120)   Evacuate Collection Set: 0.21ms
[2026-05-27T11:24:05.294+0530][46.550s][info][gc,phases   ] GC(1120)   Post Evacuate Collection Set: 0.17ms
[2026-05-27T11:24:05.294+0530][46.550s][info][gc,phases   ] GC(1120)   Other: 0.10ms
[2026-05-27T11:24:05.294+0530][46.550s][info][gc,heap     ] GC(1120) Eden regions: 301->0(302)
[2026-05-27T11:24:05.294+0530][46.550s][info][gc,heap     ] GC(1120) Survivor regions: 6->5(39)
[2026-05-27T11:24:05.294+0530][46.550s][info][gc,heap     ] GC(1120) Old regions: 10->10
[2026-05-27T11:24:05.294+0530][46.550s][info][gc,heap     ] GC(1120) Archive regions: 2->2
[2026-05-27T11:24:05.294+0530][46.550s][info][gc,heap     ] GC(1120) Humongous regions: 0->0
[2026-05-27T11:24:05.294+0530][46.550s][info][gc,metaspace] GC(1120) Metaspace: 1745K(2048K)->1745K(2048K) NonClass: 1568K(1728K)->1568K(1728K) Class: 177K(320K)->177K(320K)
[2026-05-27T11:24:05.294+0530][46.550s][info][gc          ] GC(1120) Pause Young (Normal) (G1 Evacuation Pause) 316M->14M(512M) 0.703ms
[2026-05-27T11:24:05.294+0530][46.550s][info][gc,cpu      ] GC(1120) User=0.00s Sys=0.00s Real=0.00s
[2026-05-27T11:24:05.333+0530][46.589s][info][gc,start    ] GC(1121) Pause Young (Normal) (G1 Evacuation Pause)
[2026-05-27T11:24:05.333+0530][46.589s][info][gc,task     ] GC(1121) Using 9 workers of 9 for evacuation
[2026-05-27T11:24:05.333+0530][46.589s][info][gc,phases   ] GC(1121)   Pre Evacuate Collection Set: 0.07ms
[2026-05-27T11:24:05.333+0530][46.589s][info][gc,phases   ] GC(1121)   Merge Heap Roots: 0.06ms
[2026-05-27T11:24:05.333+0530][46.589s][info][gc,phases   ] GC(1121)   Evacuate Collection Set: 0.29ms
[2026-05-27T11:24:05.333+0530][46.589s][info][gc,phases   ] GC(1121)   Post Evacuate Collection Set: 0.16ms
[2026-05-27T11:24:05.333+0530][46.589s][info][gc,phases   ] GC(1121)   Other: 0.10ms
[2026-05-27T11:24:05.333+0530][46.589s][info][gc,heap     ] GC(1121) Eden regions: 302->0(306)
[2026-05-27T11:24:05.333+0530][46.589s][info][gc,heap     ] GC(1121) Survivor regions: 5->1(39)
[2026-05-27T11:24:05.333+0530][46.589s][info][gc,heap     ] GC(1121) Old regions: 10->10
[2026-05-27T11:24:05.333+0530][46.589s][info][gc,heap     ] GC(1121) Archive regions: 2->2
[2026-05-27T11:24:05.333+0530][46.589s][info][gc,heap     ] GC(1121) Humongous regions: 0->0
[2026-05-27T11:24:05.333+0530][46.589s][info][gc,metaspace] GC(1121) Metaspace: 1745K(2048K)->1745K(2048K) NonClass: 1568K(1728K)->1568K(1728K) Class: 177K(320K)->177K(320K)
[2026-05-27T11:24:05.333+0530][46.589s][info][gc          ] GC(1121) Pause Young (Normal) (G1 Evacuation Pause) 316M->10M(512M) 0.734ms
[2026-05-27T11:24:05.333+0530][46.589s][info][gc,cpu      ] GC(1121) User=0.00s Sys=0.00s Real=0.00s
[2026-05-27T11:24:05.373+0530][46.629s][info][gc,start    ] GC(1122) Pause Young (Normal) (G1 Evacuation Pause)
[2026-05-27T11:24:05.373+0530][46.629s][info][gc,task     ] GC(1122) Using 9 workers of 9 for evacuation
[2026-05-27T11:24:05.374+0530][46.630s][info][gc,phases   ] GC(1122)   Pre Evacuate Collection Set: 0.07ms
[2026-05-27T11:24:05.374+0530][46.630s][info][gc,phases   ] GC(1122)   Merge Heap Roots: 0.05ms
[2026-05-27T11:24:05.374+0530][46.630s][info][gc,phases   ] GC(1122)   Evacuate Collection Set: 0.27ms
[2026-05-27T11:24:05.374+0530][46.630s][info][gc,phases   ] GC(1122)   Post Evacuate Collection Set: 0.16ms
[2026-05-27T11:24:05.374+0530][46.630s][info][gc,phases   ] GC(1122)   Other: 0.09ms
[2026-05-27T11:24:05.374+0530][46.630s][info][gc,heap     ] GC(1122) Eden regions: 306->0(303)
[2026-05-27T11:24:05.374+0530][46.630s][info][gc,heap     ] GC(1122) Survivor regions: 1->4(39)
[2026-05-27T11:24:05.374+0530][46.630s][info][gc,heap     ] GC(1122) Old regions: 10->10
[2026-05-27T11:24:05.374+0530][46.630s][info][gc,heap     ] GC(1122) Archive regions: 2->2
[2026-05-27T11:24:05.374+0530][46.630s][info][gc,heap     ] GC(1122) Humongous regions: 0->0
[2026-05-27T11:24:05.374+0530][46.630s][info][gc,metaspace] GC(1122) Metaspace: 1745K(2048K)->1745K(2048K) NonClass: 1568K(1728K)->1568K(1728K) Class: 177K(320K)->177K(320K)
[2026-05-27T11:24:05.374+0530][46.630s][info][gc          ] GC(1122) Pause Young (Normal) (G1 Evacuation Pause) 316M->13M(512M) 0.726ms
[2026-05-27T11:24:05.374+0530][46.630s][info][gc,cpu      ] GC(1122) User=0.00s Sys=0.00s Real=0.00s
[2026-05-27T11:24:05.413+0530][46.669s][info][gc,start    ] GC(1123) Pause Young (Normal) (G1 Evacuation Pause)
[2026-05-27T11:24:05.413+0530][46.669s][info][gc,task     ] GC(1123) Using 9 workers of 9 for evacuation
[2026-05-27T11:24:05.413+0530][46.670s][info][gc,phases   ] GC(1123)   Pre Evacuate Collection Set: 0.10ms
[2026-05-27T11:24:05.414+0530][46.670s][info][gc,phases   ] GC(1123)   Merge Heap Roots: 0.05ms
[2026-05-27T11:24:05.414+0530][46.670s][info][gc,phases   ] GC(1123)   Evacuate Collection Set: 0.24ms
[2026-05-27T11:24:05.414+0530][46.670s][info][gc,phases   ] GC(1123)   Post Evacuate Collection Set: 0.14ms
[2026-05-27T11:24:05.414+0530][46.670s][info][gc,phases   ] GC(1123)   Other: 0.08ms
[2026-05-27T11:24:05.414+0530][46.670s][info][gc,heap     ] GC(1123) Eden regions: 303->0(301)
[2026-05-27T11:24:05.414+0530][46.670s][info][gc,heap     ] GC(1123) Survivor regions: 4->6(39)
[2026-05-27T11:24:05.414+0530][46.670s][info][gc,heap     ] GC(1123) Old regions: 10->10
[2026-05-27T11:24:05.414+0530][46.670s][info][gc,heap     ] GC(1123) Archive regions: 2->2
[2026-05-27T11:24:05.414+0530][46.670s][info][gc,heap     ] GC(1123) Humongous regions: 0->0
[2026-05-27T11:24:05.414+0530][46.670s][info][gc,metaspace] GC(1123) Metaspace: 1745K(2048K)->1745K(2048K) NonClass: 1568K(1728K)->1568K(1728K) Class: 177K(320K)->177K(320K)
[2026-05-27T11:24:05.414+0530][46.670s][info][gc          ] GC(1123) Pause Young (Normal) (G1 Evacuation Pause) 316M->15M(512M) 0.691ms
[2026-05-27T11:24:05.414+0530][46.670s][info][gc,cpu      ] GC(1123) User=0.00s Sys=0.00s Real=0.00s
[2026-05-27T11:24:05.450+0530][46.706s][info][gc,start    ] GC(1124) Pause Young (Normal) (G1 Evacuation Pause)
[2026-05-27T11:24:05.450+0530][46.706s][info][gc,task     ] GC(1124) Using 9 workers of 9 for evacuation
[2026-05-27T11:24:05.451+0530][46.707s][info][gc,phases   ] GC(1124)   Pre Evacuate Collection Set: 0.08ms
[2026-05-27T11:24:05.451+0530][46.707s][info][gc,phases   ] GC(1124)   Merge Heap Roots: 0.08ms
[2026-05-27T11:24:05.451+0530][46.707s][info][gc,phases   ] GC(1124)   Evacuate Collection Set: 0.33ms
[2026-05-27T11:24:05.451+0530][46.707s][info][gc,phases   ] GC(1124)   Post Evacuate Collection Set: 0.23ms
[2026-05-27T11:24:05.451+0530][46.707s][info][gc,phases   ] GC(1124)   Other: 0.11ms
[2026-05-27T11:24:05.451+0530][46.707s][info][gc,heap     ] GC(1124) Eden regions: 301->0(294)
[2026-05-27T11:24:05.451+0530][46.707s][info][gc,heap     ] GC(1124) Survivor regions: 6->13(39)
[2026-05-27T11:24:05.451+0530][46.707s][info][gc,heap     ] GC(1124) Old regions: 10->10
[2026-05-27T11:24:05.451+0530][46.707s][info][gc,heap     ] GC(1124) Archive regions: 2->2
[2026-05-27T11:24:05.451+0530][46.707s][info][gc,heap     ] GC(1124) Humongous regions: 0->0
[2026-05-27T11:24:05.451+0530][46.707s][info][gc,metaspace] GC(1124) Metaspace: 1745K(2048K)->1745K(2048K) NonClass: 1568K(1728K)->1568K(1728K) Class: 177K(320K)->177K(320K)
[2026-05-27T11:24:05.451+0530][46.707s][info][gc          ] GC(1124) Pause Young (Normal) (G1 Evacuation Pause) 316M->22M(512M) 0.923ms
[2026-05-27T11:24:05.451+0530][46.707s][info][gc,cpu      ] GC(1124) User=0.00s Sys=0.00s Real=0.00s
[2026-05-27T11:24:05.492+0530][46.748s][info][gc,start    ] GC(1125) Pause Young (Normal) (G1 Evacuation Pause)
[2026-05-27T11:24:05.492+0530][46.748s][info][gc,task     ] GC(1125) Using 9 workers of 9 for evacuation
[2026-05-27T11:24:05.492+0530][46.748s][info][gc,phases   ] GC(1125)   Pre Evacuate Collection Set: 0.07ms
[2026-05-27T11:24:05.492+0530][46.748s][info][gc,phases   ] GC(1125)   Merge Heap Roots: 0.09ms
[2026-05-27T11:24:05.492+0530][46.748s][info][gc,phases   ] GC(1125)   Evacuate Collection Set: 0.24ms
[2026-05-27T11:24:05.492+0530][46.748s][info][gc,phases   ] GC(1125)   Post Evacuate Collection Set: 0.21ms
[2026-05-27T11:24:05.492+0530][46.748s][info][gc,phases   ] GC(1125)   Other: 0.09ms
[2026-05-27T11:24:05.492+0530][46.748s][info][gc,heap     ] GC(1125) Eden regions: 294->0(303)
[2026-05-27T11:24:05.492+0530][46.748s][info][gc,heap     ] GC(1125) Survivor regions: 13->4(39)
[2026-05-27T11:24:05.492+0530][46.748s][info][gc,heap     ] GC(1125) Old regions: 10->10
[2026-05-27T11:24:05.492+0530][46.748s][info][gc,heap     ] GC(1125) Archive regions: 2->2
[2026-05-27T11:24:05.492+0530][46.748s][info][gc,heap     ] GC(1125) Humongous regions: 0->0
[2026-05-27T11:24:05.492+0530][46.748s][info][gc,metaspace] GC(1125) Metaspace: 1745K(2048K)->1745K(2048K) NonClass: 1568K(1728K)->1568K(1728K) Class: 177K(320K)->177K(320K)
[2026-05-27T11:24:05.492+0530][46.748s][info][gc          ] GC(1125) Pause Young (Normal) (G1 Evacuation Pause) 316M->13M(512M) 0.756ms
[2026-05-27T11:24:05.492+0530][46.748s][info][gc,cpu      ] GC(1125) User=0.00s Sys=0.00s Real=0.00s
[2026-05-27T11:24:05.531+0530][46.787s][info][gc,start    ] GC(1126) Pause Young (Normal) (G1 Evacuation Pause)
[2026-05-27T11:24:05.531+0530][46.787s][info][gc,task     ] GC(1126) Using 9 workers of 9 for evacuation
[2026-05-27T11:24:05.532+0530][46.788s][info][gc,phases   ] GC(1126)   Pre Evacuate Collection Set: 0.14ms
[2026-05-27T11:24:05.532+0530][46.788s][info][gc,phases   ] GC(1126)   Merge Heap Roots: 0.06ms
[2026-05-27T11:24:05.532+0530][46.788s][info][gc,phases   ] GC(1126)   Evacuate Collection Set: 0.33ms
[2026-05-27T11:24:05.532+0530][46.788s][info][gc,phases   ] GC(1126)   Post Evacuate Collection Set: 0.19ms
[2026-05-27T11:24:05.532+0530][46.788s][info][gc,phases   ] GC(1126)   Other: 0.11ms
[2026-05-27T11:24:05.532+0530][46.788s][info][gc,heap     ] GC(1126) Eden regions: 303->0(302)
[2026-05-27T11:24:05.532+0530][46.788s][info][gc,heap     ] GC(1126) Survivor regions: 4->5(39)
[2026-05-27T11:24:05.532+0530][46.788s][info][gc,heap     ] GC(1126) Old regions: 10->10
[2026-05-27T11:24:05.532+0530][46.788s][info][gc,heap     ] GC(1126) Archive regions: 2->2
[2026-05-27T11:24:05.532+0530][46.788s][info][gc,heap     ] GC(1126) Humongous regions: 0->0
[2026-05-27T11:24:05.532+0530][46.788s][info][gc,metaspace] GC(1126) Metaspace: 1745K(2048K)->1745K(2048K) NonClass: 1568K(1728K)->1568K(1728K) Class: 177K(320K)->177K(320K)
[2026-05-27T11:24:05.532+0530][46.788s][info][gc          ] GC(1126) Pause Young (Normal) (G1 Evacuation Pause) 316M->14M(512M) 0.891ms
[2026-05-27T11:24:05.532+0530][46.788s][info][gc,cpu      ] GC(1126) User=0.01s Sys=0.00s Real=0.00s
[2026-05-27T11:24:05.571+0530][46.827s][info][gc,start    ] GC(1127) Pause Young (Normal) (G1 Evacuation Pause)
[2026-05-27T11:24:05.571+0530][46.827s][info][gc,task     ] GC(1127) Using 9 workers of 9 for evacuation
[2026-05-27T11:24:05.572+0530][46.828s][info][gc,phases   ] GC(1127)   Pre Evacuate Collection Set: 0.11ms
[2026-05-27T11:24:05.572+0530][46.828s][info][gc,phases   ] GC(1127)   Merge Heap Roots: 0.04ms
[2026-05-27T11:24:05.572+0530][46.828s][info][gc,phases   ] GC(1127)   Evacuate Collection Set: 0.26ms
[2026-05-27T11:24:05.572+0530][46.828s][info][gc,phases   ] GC(1127)   Post Evacuate Collection Set: 0.21ms
[2026-05-27T11:24:05.572+0530][46.828s][info][gc,phases   ] GC(1127)   Other: 0.11ms
[2026-05-27T11:24:05.572+0530][46.828s][info][gc,heap     ] GC(1127) Eden regions: 302->0(302)
[2026-05-27T11:24:05.572+0530][46.828s][info][gc,heap     ] GC(1127) Survivor regions: 5->5(39)
[2026-05-27T11:24:05.572+0530][46.828s][info][gc,heap     ] GC(1127) Old regions: 10->10
[2026-05-27T11:24:05.572+0530][46.828s][info][gc,heap     ] GC(1127) Archive regions: 2->2
[2026-05-27T11:24:05.572+0530][46.828s][info][gc,heap     ] GC(1127) Humongous regions: 0->0
[2026-05-27T11:24:05.572+0530][46.828s][info][gc,metaspace] GC(1127) Metaspace: 1745K(2048K)->1745K(2048K) NonClass: 1568K(1728K)->1568K(1728K) Class: 177K(320K)->177K(320K)
[2026-05-27T11:24:05.572+0530][46.828s][info][gc          ] GC(1127) Pause Young (Normal) (G1 Evacuation Pause) 316M->15M(512M) 0.779ms
[2026-05-27T11:24:05.572+0530][46.828s][info][gc,cpu      ] GC(1127) User=0.00s Sys=0.00s Real=0.00s
[2026-05-27T11:24:05.611+0530][46.867s][info][gc,start    ] GC(1128) Pause Young (Normal) (G1 Evacuation Pause)
[2026-05-27T11:24:05.611+0530][46.867s][info][gc,task     ] GC(1128) Using 9 workers of 9 for evacuation
[2026-05-27T11:24:05.611+0530][46.868s][info][gc,phases   ] GC(1128)   Pre Evacuate Collection Set: 0.06ms
[2026-05-27T11:24:05.611+0530][46.868s][info][gc,phases   ] GC(1128)   Merge Heap Roots: 0.06ms
[2026-05-27T11:24:05.611+0530][46.868s][info][gc,phases   ] GC(1128)   Evacuate Collection Set: 0.35ms
[2026-05-27T11:24:05.611+0530][46.868s][info][gc,phases   ] GC(1128)   Post Evacuate Collection Set: 0.19ms
[2026-05-27T11:24:05.611+0530][46.868s][info][gc,phases   ] GC(1128)   Other: 0.11ms
[2026-05-27T11:24:05.611+0530][46.868s][info][gc,heap     ] GC(1128) Eden regions: 302->0(303)
[2026-05-27T11:24:05.611+0530][46.868s][info][gc,heap     ] GC(1128) Survivor regions: 5->4(39)
[2026-05-27T11:24:05.611+0530][46.868s][info][gc,heap     ] GC(1128) Old regions: 10->10
[2026-05-27T11:24:05.612+0530][46.868s][info][gc,heap     ] GC(1128) Archive regions: 2->2
[2026-05-27T11:24:05.612+0530][46.868s][info][gc,heap     ] GC(1128) Humongous regions: 0->0
[2026-05-27T11:24:05.612+0530][46.868s][info][gc,metaspace] GC(1128) Metaspace: 1745K(2048K)->1745K(2048K) NonClass: 1568K(1728K)->1568K(1728K) Class: 177K(320K)->177K(320K)
[2026-05-27T11:24:05.612+0530][46.868s][info][gc          ] GC(1128) Pause Young (Normal) (G1 Evacuation Pause) 316M->14M(512M) 0.887ms
[2026-05-27T11:24:05.612+0530][46.868s][info][gc,cpu      ] GC(1128) User=0.00s Sys=0.01s Real=0.00s
[2026-05-27T11:24:05.653+0530][46.909s][info][gc,start    ] GC(1129) Pause Young (Normal) (G1 Evacuation Pause)
[2026-05-27T11:24:05.653+0530][46.909s][info][gc,task     ] GC(1129) Using 9 workers of 9 for evacuation
[2026-05-27T11:24:05.654+0530][46.910s][info][gc,phases   ] GC(1129)   Pre Evacuate Collection Set: 0.08ms
[2026-05-27T11:24:05.654+0530][46.910s][info][gc,phases   ] GC(1129)   Merge Heap Roots: 0.05ms
[2026-05-27T11:24:05.654+0530][46.910s][info][gc,phases   ] GC(1129)   Evacuate Collection Set: 0.30ms
[2026-05-27T11:24:05.654+0530][46.910s][info][gc,phases   ] GC(1129)   Post Evacuate Collection Set: 0.17ms
[2026-05-27T11:24:05.654+0530][46.910s][info][gc,phases   ] GC(1129)   Other: 0.10ms
[2026-05-27T11:24:05.654+0530][46.910s][info][gc,heap     ] GC(1129) Eden regions: 303->0(300)
[2026-05-27T11:24:05.654+0530][46.910s][info][gc,heap     ] GC(1129) Survivor regions: 4->7(39)
[2026-05-27T11:24:05.654+0530][46.910s][info][gc,heap     ] GC(1129) Old regions: 10->10
[2026-05-27T11:24:05.654+0530][46.910s][info][gc,heap     ] GC(1129) Archive regions: 2->2
[2026-05-27T11:24:05.654+0530][46.910s][info][gc,heap     ] GC(1129) Humongous regions: 0->0
[2026-05-27T11:24:05.654+0530][46.910s][info][gc,metaspace] GC(1129) Metaspace: 1745K(2048K)->1745K(2048K) NonClass: 1568K(1728K)->1568K(1728K) Class: 177K(320K)->177K(320K)
[2026-05-27T11:24:05.654+0530][46.910s][info][gc          ] GC(1129) Pause Young (Normal) (G1 Evacuation Pause) 316M->16M(512M) 0.768ms
[2026-05-27T11:24:05.654+0530][46.910s][info][gc,cpu      ] GC(1129) User=0.00s Sys=0.00s Real=0.00s
[2026-05-27T11:24:05.690+0530][46.947s][info][gc,start    ] GC(1130) Pause Young (Normal) (G1 Evacuation Pause)
[2026-05-27T11:24:05.690+0530][46.947s][info][gc,task     ] GC(1130) Using 9 workers of 9 for evacuation
[2026-05-27T11:24:05.691+0530][46.947s][info][gc,phases   ] GC(1130)   Pre Evacuate Collection Set: 0.06ms
[2026-05-27T11:24:05.691+0530][46.947s][info][gc,phases   ] GC(1130)   Merge Heap Roots: 0.05ms
[2026-05-27T11:24:05.691+0530][46.947s][info][gc,phases   ] GC(1130)   Evacuate Collection Set: 0.25ms
[2026-05-27T11:24:05.691+0530][46.947s][info][gc,phases   ] GC(1130)   Post Evacuate Collection Set: 0.20ms
[2026-05-27T11:24:05.691+0530][46.947s][info][gc,phases   ] GC(1130)   Other: 0.09ms
[2026-05-27T11:24:05.691+0530][46.947s][info][gc,heap     ] GC(1130) Eden regions: 300->0(301)
[2026-05-27T11:24:05.691+0530][46.947s][info][gc,heap     ] GC(1130) Survivor regions: 7->6(39)
[2026-05-27T11:24:05.691+0530][46.947s][info][gc,heap     ] GC(1130) Old regions: 10->10
[2026-05-27T11:24:05.691+0530][46.947s][info][gc,heap     ] GC(1130) Archive regions: 2->2
[2026-05-27T11:24:05.691+0530][46.947s][info][gc,heap     ] GC(1130) Humongous regions: 9->0
[2026-05-27T11:24:05.691+0530][46.947s][info][gc,metaspace] GC(1130) Metaspace: 1745K(2048K)->1745K(2048K) NonClass: 1568K(1728K)->1568K(1728K) Class: 177K(320K)->177K(320K)
[2026-05-27T11:24:05.691+0530][46.947s][info][gc          ] GC(1130) Pause Young (Normal) (G1 Evacuation Pause) 325M->15M(512M) 0.802ms
[2026-05-27T11:24:05.691+0530][46.947s][info][gc,cpu      ] GC(1130) User=0.00s Sys=0.00s Real=0.00s
[2026-05-27T11:24:05.730+0530][46.986s][info][gc,start    ] GC(1131) Pause Young (Normal) (G1 Evacuation Pause)
[2026-05-27T11:24:05.730+0530][46.986s][info][gc,task     ] GC(1131) Using 9 workers of 9 for evacuation
[2026-05-27T11:24:05.730+0530][46.986s][info][gc,phases   ] GC(1131)   Pre Evacuate Collection Set: 0.05ms
[2026-05-27T11:24:05.730+0530][46.986s][info][gc,phases   ] GC(1131)   Merge Heap Roots: 0.04ms
[2026-05-27T11:24:05.730+0530][46.986s][info][gc,phases   ] GC(1131)   Evacuate Collection Set: 0.26ms
[2026-05-27T11:24:05.730+0530][46.986s][info][gc,phases   ] GC(1131)   Post Evacuate Collection Set: 0.18ms
[2026-05-27T11:24:05.730+0530][46.986s][info][gc,phases   ] GC(1131)   Other: 0.14ms
[2026-05-27T11:24:05.730+0530][46.986s][info][gc,heap     ] GC(1131) Eden regions: 301->0(301)
[2026-05-27T11:24:05.730+0530][46.986s][info][gc,heap     ] GC(1131) Survivor regions: 6->6(39)
[2026-05-27T11:24:05.730+0530][46.986s][info][gc,heap     ] GC(1131) Old regions: 10->10
[2026-05-27T11:24:05.730+0530][46.986s][info][gc,heap     ] GC(1131) Archive regions: 2->2
[2026-05-27T11:24:05.730+0530][46.986s][info][gc,heap     ] GC(1131) Humongous regions: 0->0
[2026-05-27T11:24:05.730+0530][46.986s][info][gc,metaspace] GC(1131) Metaspace: 1745K(2048K)->1745K(2048K) NonClass: 1568K(1728K)->1568K(1728K) Class: 177K(320K)->177K(320K)
[2026-05-27T11:24:05.730+0530][46.986s][info][gc          ] GC(1131) Pause Young (Normal) (G1 Evacuation Pause) 316M->15M(512M) 0.736ms
[2026-05-27T11:24:05.730+0530][46.986s][info][gc,cpu      ] GC(1131) User=0.01s Sys=0.00s Real=0.00s
[2026-05-27T11:24:05.770+0530][47.026s][info][gc,start    ] GC(1132) Pause Young (Normal) (G1 Evacuation Pause)
[2026-05-27T11:24:05.770+0530][47.026s][info][gc,task     ] GC(1132) Using 9 workers of 9 for evacuation
[2026-05-27T11:24:05.771+0530][47.027s][info][gc,phases   ] GC(1132)   Pre Evacuate Collection Set: 0.05ms
[2026-05-27T11:24:05.771+0530][47.027s][info][gc,phases   ] GC(1132)   Merge Heap Roots: 0.09ms
[2026-05-27T11:24:05.771+0530][47.027s][info][gc,phases   ] GC(1132)   Evacuate Collection Set: 0.21ms
[2026-05-27T11:24:05.771+0530][47.027s][info][gc,phases   ] GC(1132)   Post Evacuate Collection Set: 0.17ms
[2026-05-27T11:24:05.771+0530][47.027s][info][gc,phases   ] GC(1132)   Other: 0.10ms
[2026-05-27T11:24:05.771+0530][47.027s][info][gc,heap     ] GC(1132) Eden regions: 301->0(303)
[2026-05-27T11:24:05.771+0530][47.027s][info][gc,heap     ] GC(1132) Survivor regions: 6->4(39)
[2026-05-27T11:24:05.771+0530][47.027s][info][gc,heap     ] GC(1132) Old regions: 10->10
[2026-05-27T11:24:05.771+0530][47.027s][info][gc,heap     ] GC(1132) Archive regions: 2->2
[2026-05-27T11:24:05.771+0530][47.027s][info][gc,heap     ] GC(1132) Humongous regions: 0->0
[2026-05-27T11:24:05.771+0530][47.027s][info][gc,metaspace] GC(1132) Metaspace: 1745K(2048K)->1745K(2048K) NonClass: 1568K(1728K)->1568K(1728K) Class: 177K(320K)->177K(320K)
[2026-05-27T11:24:05.771+0530][47.027s][info][gc          ] GC(1132) Pause Young (Normal) (G1 Evacuation Pause) 316M->13M(512M) 0.664ms
[2026-05-27T11:24:05.771+0530][47.027s][info][gc,cpu      ] GC(1132) User=0.00s Sys=0.00s Real=0.00s
[2026-05-27T11:24:05.810+0530][47.066s][info][gc,start    ] GC(1133) Pause Young (Normal) (G1 Evacuation Pause)
[2026-05-27T11:24:05.810+0530][47.066s][info][gc,task     ] GC(1133) Using 9 workers of 9 for evacuation
[2026-05-27T11:24:05.811+0530][47.067s][info][gc,phases   ] GC(1133)   Pre Evacuate Collection Set: 0.07ms
[2026-05-27T11:24:05.811+0530][47.067s][info][gc,phases   ] GC(1133)   Merge Heap Roots: 0.05ms
[2026-05-27T11:24:05.811+0530][47.067s][info][gc,phases   ] GC(1133)   Evacuate Collection Set: 0.29ms
[2026-05-27T11:24:05.811+0530][47.067s][info][gc,phases   ] GC(1133)   Post Evacuate Collection Set: 0.18ms
[2026-05-27T11:24:05.811+0530][47.067s][info][gc,phases   ] GC(1133)   Other: 0.10ms
[2026-05-27T11:24:05.811+0530][47.067s][info][gc,heap     ] GC(1133) Eden regions: 303->0(302)
[2026-05-27T11:24:05.811+0530][47.067s][info][gc,heap     ] GC(1133) Survivor regions: 4->5(39)
[2026-05-27T11:24:05.811+0530][47.067s][info][gc,heap     ] GC(1133) Old regions: 10->10
[2026-05-27T11:24:05.811+0530][47.067s][info][gc,heap     ] GC(1133) Archive regions: 2->2
[2026-05-27T11:24:05.811+0530][47.067s][info][gc,heap     ] GC(1133) Humongous regions: 0->0
[2026-05-27T11:24:05.811+0530][47.067s][info][gc,metaspace] GC(1133) Metaspace: 1745K(2048K)->1745K(2048K) NonClass: 1568K(1728K)->1568K(1728K) Class: 177K(320K)->177K(320K)
[2026-05-27T11:24:05.811+0530][47.067s][info][gc          ] GC(1133) Pause Young (Normal) (G1 Evacuation Pause) 316M->15M(512M) 0.754ms
[2026-05-27T11:24:05.811+0530][47.067s][info][gc,cpu      ] GC(1133) User=0.00s Sys=0.00s Real=0.00s
[2026-05-27T11:24:05.855+0530][47.111s][info][gc,start    ] GC(1134) Pause Young (Normal) (G1 Evacuation Pause)
[2026-05-27T11:24:05.855+0530][47.111s][info][gc,task     ] GC(1134) Using 9 workers of 9 for evacuation
[2026-05-27T11:24:05.856+0530][47.112s][info][gc,phases   ] GC(1134)   Pre Evacuate Collection Set: 0.05ms
[2026-05-27T11:24:05.856+0530][47.112s][info][gc,phases   ] GC(1134)   Merge Heap Roots: 0.04ms
[2026-05-27T11:24:05.856+0530][47.112s][info][gc,phases   ] GC(1134)   Evacuate Collection Set: 0.35ms
[2026-05-27T11:24:05.856+0530][47.112s][info][gc,phases   ] GC(1134)   Post Evacuate Collection Set: 0.57ms
[2026-05-27T11:24:05.856+0530][47.112s][info][gc,phases   ] GC(1134)   Other: 0.12ms
[2026-05-27T11:24:05.856+0530][47.112s][info][gc,heap     ] GC(1134) Eden regions: 302->0(303)
[2026-05-27T11:24:05.856+0530][47.112s][info][gc,heap     ] GC(1134) Survivor regions: 5->4(39)
[2026-05-27T11:24:05.856+0530][47.112s][info][gc,heap     ] GC(1134) Old regions: 10->10
[2026-05-27T11:24:05.856+0530][47.112s][info][gc,heap     ] GC(1134) Archive regions: 2->2
[2026-05-27T11:24:05.856+0530][47.112s][info][gc,heap     ] GC(1134) Humongous regions: 0->0
[2026-05-27T11:24:05.856+0530][47.112s][info][gc,metaspace] GC(1134) Metaspace: 1745K(2048K)->1745K(2048K) NonClass: 1568K(1728K)->1568K(1728K) Class: 177K(320K)->177K(320K)
[2026-05-27T11:24:05.856+0530][47.112s][info][gc          ] GC(1134) Pause Young (Normal) (G1 Evacuation Pause) 316M->13M(512M) 1.261ms
[2026-05-27T11:24:05.856+0530][47.112s][info][gc,cpu      ] GC(1134) User=0.00s Sys=0.00s Real=0.00s
[2026-05-27T11:24:05.899+0530][47.156s][info][gc,start    ] GC(1135) Pause Young (Normal) (G1 Evacuation Pause)
[2026-05-27T11:24:05.899+0530][47.156s][info][gc,task     ] GC(1135) Using 9 workers of 9 for evacuation
[2026-05-27T11:24:05.900+0530][47.156s][info][gc,phases   ] GC(1135)   Pre Evacuate Collection Set: 0.08ms
[2026-05-27T11:24:05.901+0530][47.157s][info][gc,phases   ] GC(1135)   Merge Heap Roots: 0.10ms
[2026-05-27T11:24:05.901+0530][47.157s][info][gc,phases   ] GC(1135)   Evacuate Collection Set: 0.30ms
[2026-05-27T11:24:05.901+0530][47.157s][info][gc,phases   ] GC(1135)   Post Evacuate Collection Set: 0.20ms
[2026-05-27T11:24:05.901+0530][47.157s][info][gc,phases   ] GC(1135)   Other: 0.17ms
[2026-05-27T11:24:05.901+0530][47.157s][info][gc,heap     ] GC(1135) Eden regions: 303->0(303)
[2026-05-27T11:24:05.901+0530][47.157s][info][gc,heap     ] GC(1135) Survivor regions: 4->4(39)
[2026-05-27T11:24:05.901+0530][47.157s][info][gc,heap     ] GC(1135) Old regions: 10->10
[2026-05-27T11:24:05.901+0530][47.157s][info][gc,heap     ] GC(1135) Archive regions: 2->2
[2026-05-27T11:24:05.901+0530][47.157s][info][gc,heap     ] GC(1135) Humongous regions: 0->0
[2026-05-27T11:24:05.901+0530][47.157s][info][gc,metaspace] GC(1135) Metaspace: 1745K(2048K)->1745K(2048K) NonClass: 1568K(1728K)->1568K(1728K) Class: 177K(320K)->177K(320K)
[2026-05-27T11:24:05.901+0530][47.157s][info][gc          ] GC(1135) Pause Young (Normal) (G1 Evacuation Pause) 316M->13M(512M) 1.663ms
[2026-05-27T11:24:05.901+0530][47.157s][info][gc,cpu      ] GC(1135) User=0.00s Sys=0.00s Real=0.01s
[2026-05-27T11:24:05.951+0530][47.207s][info][gc,start    ] GC(1136) Pause Young (Normal) (G1 Evacuation Pause)
[2026-05-27T11:24:05.951+0530][47.207s][info][gc,task     ] GC(1136) Using 9 workers of 9 for evacuation
[2026-05-27T11:24:05.952+0530][47.208s][info][gc,phases   ] GC(1136)   Pre Evacuate Collection Set: 0.09ms
[2026-05-27T11:24:05.952+0530][47.208s][info][gc,phases   ] GC(1136)   Merge Heap Roots: 0.05ms
[2026-05-27T11:24:05.952+0530][47.208s][info][gc,phases   ] GC(1136)   Evacuate Collection Set: 0.23ms
[2026-05-27T11:24:05.952+0530][47.208s][info][gc,phases   ] GC(1136)   Post Evacuate Collection Set: 0.18ms
[2026-05-27T11:24:05.952+0530][47.208s][info][gc,phases   ] GC(1136)   Other: 0.10ms
[2026-05-27T11:24:05.952+0530][47.208s][info][gc,heap     ] GC(1136) Eden regions: 303->0(300)
[2026-05-27T11:24:05.952+0530][47.208s][info][gc,heap     ] GC(1136) Survivor regions: 4->7(39)
[2026-05-27T11:24:05.952+0530][47.208s][info][gc,heap     ] GC(1136) Old regions: 10->10
[2026-05-27T11:24:05.952+0530][47.208s][info][gc,heap     ] GC(1136) Archive regions: 2->2
[2026-05-27T11:24:05.952+0530][47.208s][info][gc,heap     ] GC(1136) Humongous regions: 9->0
[2026-05-27T11:24:05.952+0530][47.208s][info][gc,metaspace] GC(1136) Metaspace: 1745K(2048K)->1745K(2048K) NonClass: 1568K(1728K)->1568K(1728K) Class: 177K(320K)->177K(320K)
[2026-05-27T11:24:05.952+0530][47.208s][info][gc          ] GC(1136) Pause Young (Normal) (G1 Evacuation Pause) 325M->16M(512M) 0.739ms
[2026-05-27T11:24:05.952+0530][47.208s][info][gc,cpu      ] GC(1136) User=0.01s Sys=0.00s Real=0.00s
[2026-05-27T11:24:05.991+0530][47.247s][info][gc,start    ] GC(1137) Pause Young (Normal) (G1 Evacuation Pause)
[2026-05-27T11:24:05.991+0530][47.247s][info][gc,task     ] GC(1137) Using 9 workers of 9 for evacuation
[2026-05-27T11:24:05.992+0530][47.248s][info][gc,phases   ] GC(1137)   Pre Evacuate Collection Set: 0.07ms
[2026-05-27T11:24:05.992+0530][47.248s][info][gc,phases   ] GC(1137)   Merge Heap Roots: 0.04ms
[2026-05-27T11:24:05.992+0530][47.248s][info][gc,phases   ] GC(1137)   Evacuate Collection Set: 0.25ms
[2026-05-27T11:24:05.992+0530][47.248s][info][gc,phases   ] GC(1137)   Post Evacuate Collection Set: 0.18ms
[2026-05-27T11:24:05.992+0530][47.248s][info][gc,phases   ] GC(1137)   Other: 0.10ms
[2026-05-27T11:24:05.992+0530][47.248s][info][gc,heap     ] GC(1137) Eden regions: 300->0(302)
[2026-05-27T11:24:05.992+0530][47.248s][info][gc,heap     ] GC(1137) Survivor regions: 7->5(39)
[2026-05-27T11:24:05.992+0530][47.248s][info][gc,heap     ] GC(1137) Old regions: 10->10
[2026-05-27T11:24:05.992+0530][47.248s][info][gc,heap     ] GC(1137) Archive regions: 2->2
[2026-05-27T11:24:05.992+0530][47.248s][info][gc,heap     ] GC(1137) Humongous regions: 0->0
[2026-05-27T11:24:05.992+0530][47.248s][info][gc,metaspace] GC(1137) Metaspace: 1745K(2048K)->1745K(2048K) NonClass: 1568K(1728K)->1568K(1728K) Class: 177K(320K)->177K(320K)
[2026-05-27T11:24:05.992+0530][47.248s][info][gc          ] GC(1137) Pause Young (Normal) (G1 Evacuation Pause) 316M->14M(512M) 0.751ms
[2026-05-27T11:24:05.992+0530][47.248s][info][gc,cpu      ] GC(1137) User=0.00s Sys=0.00s Real=0.00s
[2026-05-27T11:24:06.034+0530][47.290s][info][gc,start    ] GC(1138) Pause Young (Normal) (G1 Evacuation Pause)
[2026-05-27T11:24:06.034+0530][47.290s][info][gc,task     ] GC(1138) Using 9 workers of 9 for evacuation
[2026-05-27T11:24:06.035+0530][47.291s][info][gc,phases   ] GC(1138)   Pre Evacuate Collection Set: 0.09ms
[2026-05-27T11:24:06.035+0530][47.291s][info][gc,phases   ] GC(1138)   Merge Heap Roots: 0.06ms
[2026-05-27T11:24:06.035+0530][47.291s][info][gc,phases   ] GC(1138)   Evacuate Collection Set: 0.35ms
[2026-05-27T11:24:06.035+0530][47.291s][info][gc,phases   ] GC(1138)   Post Evacuate Collection Set: 0.18ms
[2026-05-27T11:24:06.035+0530][47.291s][info][gc,phases   ] GC(1138)   Other: 0.08ms
[2026-05-27T11:24:06.035+0530][47.291s][info][gc,heap     ] GC(1138) Eden regions: 302->0(301)
[2026-05-27T11:24:06.035+0530][47.291s][info][gc,heap     ] GC(1138) Survivor regions: 5->6(39)
[2026-05-27T11:24:06.035+0530][47.291s][info][gc,heap     ] GC(1138) Old regions: 10->10
[2026-05-27T11:24:06.035+0530][47.291s][info][gc,heap     ] GC(1138) Archive regions: 2->2
[2026-05-27T11:24:06.035+0530][47.291s][info][gc,heap     ] GC(1138) Humongous regions: 0->0
[2026-05-27T11:24:06.035+0530][47.291s][info][gc,metaspace] GC(1138) Metaspace: 1745K(2048K)->1745K(2048K) NonClass: 1568K(1728K)->1568K(1728K) Class: 177K(320K)->177K(320K)
[2026-05-27T11:24:06.035+0530][47.291s][info][gc          ] GC(1138) Pause Young (Normal) (G1 Evacuation Pause) 316M->15M(512M) 0.828ms
[2026-05-27T11:24:06.035+0530][47.291s][info][gc,cpu      ] GC(1138) User=0.00s Sys=0.00s Real=0.00s
[2026-05-27T11:24:06.078+0530][47.335s][info][gc,start    ] GC(1139) Pause Young (Normal) (G1 Evacuation Pause)
[2026-05-27T11:24:06.079+0530][47.335s][info][gc,task     ] GC(1139) Using 9 workers of 9 for evacuation
[2026-05-27T11:24:06.079+0530][47.335s][info][gc,phases   ] GC(1139)   Pre Evacuate Collection Set: 0.12ms
[2026-05-27T11:24:06.079+0530][47.335s][info][gc,phases   ] GC(1139)   Merge Heap Roots: 0.06ms
[2026-05-27T11:24:06.079+0530][47.335s][info][gc,phases   ] GC(1139)   Evacuate Collection Set: 0.29ms
[2026-05-27T11:24:06.079+0530][47.335s][info][gc,phases   ] GC(1139)   Post Evacuate Collection Set: 0.18ms
[2026-05-27T11:24:06.079+0530][47.335s][info][gc,phases   ] GC(1139)   Other: 0.10ms
[2026-05-27T11:24:06.079+0530][47.335s][info][gc,heap     ] GC(1139) Eden regions: 301->0(303)
[2026-05-27T11:24:06.079+0530][47.335s][info][gc,heap     ] GC(1139) Survivor regions: 6->4(39)
[2026-05-27T11:24:06.079+0530][47.335s][info][gc,heap     ] GC(1139) Old regions: 10->10
[2026-05-27T11:24:06.079+0530][47.335s][info][gc,heap     ] GC(1139) Archive regions: 2->2
[2026-05-27T11:24:06.079+0530][47.335s][info][gc,heap     ] GC(1139) Humongous regions: 0->0
[2026-05-27T11:24:06.079+0530][47.335s][info][gc,metaspace] GC(1139) Metaspace: 1745K(2048K)->1745K(2048K) NonClass: 1568K(1728K)->1568K(1728K) Class: 177K(320K)->177K(320K)
[2026-05-27T11:24:06.079+0530][47.335s][info][gc          ] GC(1139) Pause Young (Normal) (G1 Evacuation Pause) 316M->14M(512M) 0.833ms
[2026-05-27T11:24:06.079+0530][47.335s][info][gc,cpu      ] GC(1139) User=0.01s Sys=0.00s Real=0.00s
[2026-05-27T11:24:06.122+0530][47.378s][info][gc,start    ] GC(1140) Pause Young (Normal) (G1 Evacuation Pause)
[2026-05-27T11:24:06.122+0530][47.378s][info][gc,task     ] GC(1140) Using 9 workers of 9 for evacuation
[2026-05-27T11:24:06.123+0530][47.379s][info][gc,phases   ] GC(1140)   Pre Evacuate Collection Set: 0.05ms
[2026-05-27T11:24:06.123+0530][47.379s][info][gc,phases   ] GC(1140)   Merge Heap Roots: 0.05ms
[2026-05-27T11:24:06.123+0530][47.379s][info][gc,phases   ] GC(1140)   Evacuate Collection Set: 0.25ms
[2026-05-27T11:24:06.123+0530][47.379s][info][gc,phases   ] GC(1140)   Post Evacuate Collection Set: 0.20ms
[2026-05-27T11:24:06.123+0530][47.379s][info][gc,phases   ] GC(1140)   Other: 0.11ms
[2026-05-27T11:24:06.123+0530][47.379s][info][gc,heap     ] GC(1140) Eden regions: 303->0(303)
[2026-05-27T11:24:06.123+0530][47.379s][info][gc,heap     ] GC(1140) Survivor regions: 4->4(39)
[2026-05-27T11:24:06.123+0530][47.379s][info][gc,heap     ] GC(1140) Old regions: 10->10
[2026-05-27T11:24:06.123+0530][47.379s][info][gc,heap     ] GC(1140) Archive regions: 2->2
[2026-05-27T11:24:06.123+0530][47.379s][info][gc,heap     ] GC(1140) Humongous regions: 0->0
[2026-05-27T11:24:06.123+0530][47.379s][info][gc,metaspace] GC(1140) Metaspace: 1745K(2048K)->1745K(2048K) NonClass: 1568K(1728K)->1568K(1728K) Class: 177K(320K)->177K(320K)
[2026-05-27T11:24:06.123+0530][47.379s][info][gc          ] GC(1140) Pause Young (Normal) (G1 Evacuation Pause) 316M->14M(512M) 0.731ms
[2026-05-27T11:24:06.123+0530][47.379s][info][gc,cpu      ] GC(1140) User=0.00s Sys=0.00s Real=0.00s
[2026-05-27T11:24:06.164+0530][47.420s][info][gc,start    ] GC(1141) Pause Young (Normal) (G1 Evacuation Pause)
[2026-05-27T11:24:06.164+0530][47.420s][info][gc,task     ] GC(1141) Using 9 workers of 9 for evacuation
[2026-05-27T11:24:06.165+0530][47.421s][info][gc,phases   ] GC(1141)   Pre Evacuate Collection Set: 0.07ms
[2026-05-27T11:24:06.165+0530][47.421s][info][gc,phases   ] GC(1141)   Merge Heap Roots: 0.05ms
[2026-05-27T11:24:06.165+0530][47.421s][info][gc,phases   ] GC(1141)   Evacuate Collection Set: 0.26ms
[2026-05-27T11:24:06.165+0530][47.421s][info][gc,phases   ] GC(1141)   Post Evacuate Collection Set: 0.19ms
[2026-05-27T11:24:06.165+0530][47.421s][info][gc,phases   ] GC(1141)   Other: 0.10ms
[2026-05-27T11:24:06.165+0530][47.421s][info][gc,heap     ] GC(1141) Eden regions: 303->0(301)
[2026-05-27T11:24:06.165+0530][47.421s][info][gc,heap     ] GC(1141) Survivor regions: 4->6(39)
[2026-05-27T11:24:06.165+0530][47.421s][info][gc,heap     ] GC(1141) Old regions: 10->10
[2026-05-27T11:24:06.165+0530][47.421s][info][gc,heap     ] GC(1141) Archive regions: 2->2
[2026-05-27T11:24:06.165+0530][47.421s][info][gc,heap     ] GC(1141) Humongous regions: 0->0
[2026-05-27T11:24:06.165+0530][47.421s][info][gc,metaspace] GC(1141) Metaspace: 1745K(2048K)->1745K(2048K) NonClass: 1568K(1728K)->1568K(1728K) Class: 177K(320K)->177K(320K)
[2026-05-27T11:24:06.165+0530][47.421s][info][gc          ] GC(1141) Pause Young (Normal) (G1 Evacuation Pause) 316M->15M(512M) 0.738ms
[2026-05-27T11:24:06.165+0530][47.421s][info][gc,cpu      ] GC(1141) User=0.00s Sys=0.00s Real=0.00s
[2026-05-27T11:24:06.204+0530][47.460s][info][gc,start    ] GC(1142) Pause Young (Normal) (G1 Evacuation Pause)
[2026-05-27T11:24:06.204+0530][47.460s][info][gc,task     ] GC(1142) Using 9 workers of 9 for evacuation
[2026-05-27T11:24:06.204+0530][47.460s][info][gc,phases   ] GC(1142)   Pre Evacuate Collection Set: 0.08ms
[2026-05-27T11:24:06.204+0530][47.460s][info][gc,phases   ] GC(1142)   Merge Heap Roots: 0.05ms
[2026-05-27T11:24:06.204+0530][47.460s][info][gc,phases   ] GC(1142)   Evacuate Collection Set: 0.24ms
[2026-05-27T11:24:06.204+0530][47.460s][info][gc,phases   ] GC(1142)   Post Evacuate Collection Set: 0.19ms
[2026-05-27T11:24:06.204+0530][47.460s][info][gc,phases   ] GC(1142)   Other: 0.11ms
[2026-05-27T11:24:06.204+0530][47.460s][info][gc,heap     ] GC(1142) Eden regions: 301->0(301)
[2026-05-27T11:24:06.204+0530][47.460s][info][gc,heap     ] GC(1142) Survivor regions: 6->6(39)
[2026-05-27T11:24:06.204+0530][47.460s][info][gc,heap     ] GC(1142) Old regions: 10->10
[2026-05-27T11:24:06.204+0530][47.460s][info][gc,heap     ] GC(1142) Archive regions: 2->2
[2026-05-27T11:24:06.204+0530][47.460s][info][gc,heap     ] GC(1142) Humongous regions: 0->0
[2026-05-27T11:24:06.204+0530][47.460s][info][gc,metaspace] GC(1142) Metaspace: 1745K(2048K)->1745K(2048K) NonClass: 1568K(1728K)->1568K(1728K) Class: 177K(320K)->177K(320K)
[2026-05-27T11:24:06.204+0530][47.460s][info][gc          ] GC(1142) Pause Young (Normal) (G1 Evacuation Pause) 316M->15M(512M) 0.772ms
[2026-05-27T11:24:06.204+0530][47.460s][info][gc,cpu      ] GC(1142) User=0.01s Sys=0.00s Real=0.00s
[2026-05-27T11:24:06.244+0530][47.500s][info][gc,start    ] GC(1143) Pause Young (Normal) (G1 Evacuation Pause)
[2026-05-27T11:24:06.244+0530][47.500s][info][gc,task     ] GC(1143) Using 9 workers of 9 for evacuation
[2026-05-27T11:24:06.244+0530][47.500s][info][gc,phases   ] GC(1143)   Pre Evacuate Collection Set: 0.12ms
[2026-05-27T11:24:06.244+0530][47.500s][info][gc,phases   ] GC(1143)   Merge Heap Roots: 0.04ms
[2026-05-27T11:24:06.244+0530][47.500s][info][gc,phases   ] GC(1143)   Evacuate Collection Set: 0.27ms
[2026-05-27T11:24:06.244+0530][47.500s][info][gc,phases   ] GC(1143)   Post Evacuate Collection Set: 0.19ms
[2026-05-27T11:24:06.244+0530][47.501s][info][gc,phases   ] GC(1143)   Other: 0.09ms
[2026-05-27T11:24:06.244+0530][47.501s][info][gc,heap     ] GC(1143) Eden regions: 301->0(301)
[2026-05-27T11:24:06.244+0530][47.501s][info][gc,heap     ] GC(1143) Survivor regions: 6->6(39)
[2026-05-27T11:24:06.244+0530][47.501s][info][gc,heap     ] GC(1143) Old regions: 10->10
[2026-05-27T11:24:06.244+0530][47.501s][info][gc,heap     ] GC(1143) Archive regions: 2->2
[2026-05-27T11:24:06.244+0530][47.501s][info][gc,heap     ] GC(1143) Humongous regions: 0->0
[2026-05-27T11:24:06.244+0530][47.501s][info][gc,metaspace] GC(1143) Metaspace: 1745K(2048K)->1745K(2048K) NonClass: 1568K(1728K)->1568K(1728K) Class: 177K(320K)->177K(320K)
[2026-05-27T11:24:06.244+0530][47.501s][info][gc          ] GC(1143) Pause Young (Normal) (G1 Evacuation Pause) 316M->15M(512M) 0.782ms
[2026-05-27T11:24:06.244+0530][47.501s][info][gc,cpu      ] GC(1143) User=0.00s Sys=0.00s Real=0.00s
[2026-05-27T11:24:06.282+0530][47.538s][info][gc,start    ] GC(1144) Pause Young (Normal) (G1 Evacuation Pause)
[2026-05-27T11:24:06.282+0530][47.538s][info][gc,task     ] GC(1144) Using 9 workers of 9 for evacuation
[2026-05-27T11:24:06.282+0530][47.538s][info][gc,phases   ] GC(1144)   Pre Evacuate Collection Set: 0.07ms
[2026-05-27T11:24:06.282+0530][47.539s][info][gc,phases   ] GC(1144)   Merge Heap Roots: 0.05ms
[2026-05-27T11:24:06.282+0530][47.539s][info][gc,phases   ] GC(1144)   Evacuate Collection Set: 0.23ms
[2026-05-27T11:24:06.282+0530][47.539s][info][gc,phases   ] GC(1144)   Post Evacuate Collection Set: 0.20ms
[2026-05-27T11:24:06.282+0530][47.539s][info][gc,phases   ] GC(1144)   Other: 0.10ms
[2026-05-27T11:24:06.282+0530][47.539s][info][gc,heap     ] GC(1144) Eden regions: 301->0(301)
[2026-05-27T11:24:06.282+0530][47.539s][info][gc,heap     ] GC(1144) Survivor regions: 6->6(39)
[2026-05-27T11:24:06.282+0530][47.539s][info][gc,heap     ] GC(1144) Old regions: 10->10
[2026-05-27T11:24:06.282+0530][47.539s][info][gc,heap     ] GC(1144) Archive regions: 2->2
[2026-05-27T11:24:06.282+0530][47.539s][info][gc,heap     ] GC(1144) Humongous regions: 9->0
[2026-05-27T11:24:06.282+0530][47.539s][info][gc,metaspace] GC(1144) Metaspace: 1745K(2048K)->1745K(2048K) NonClass: 1568K(1728K)->1568K(1728K) Class: 177K(320K)->177K(320K)
[2026-05-27T11:24:06.283+0530][47.539s][info][gc          ] GC(1144) Pause Young (Normal) (G1 Evacuation Pause) 325M->15M(512M) 0.731ms
[2026-05-27T11:24:06.283+0530][47.539s][info][gc,cpu      ] GC(1144) User=0.01s Sys=0.00s Real=0.00s
[2026-05-27T11:24:06.322+0530][47.578s][info][gc,start    ] GC(1145) Pause Young (Normal) (G1 Evacuation Pause)
[2026-05-27T11:24:06.322+0530][47.578s][info][gc,task     ] GC(1145) Using 9 workers of 9 for evacuation
[2026-05-27T11:24:06.323+0530][47.579s][info][gc,phases   ] GC(1145)   Pre Evacuate Collection Set: 0.14ms
[2026-05-27T11:24:06.323+0530][47.579s][info][gc,phases   ] GC(1145)   Merge Heap Roots: 0.06ms
[2026-05-27T11:24:06.323+0530][47.579s][info][gc,phases   ] GC(1145)   Evacuate Collection Set: 0.35ms
[2026-05-27T11:24:06.323+0530][47.579s][info][gc,phases   ] GC(1145)   Post Evacuate Collection Set: 0.25ms
[2026-05-27T11:24:06.323+0530][47.579s][info][gc,phases   ] GC(1145)   Other: 0.11ms
[2026-05-27T11:24:06.323+0530][47.579s][info][gc,heap     ] GC(1145) Eden regions: 301->0(295)
[2026-05-27T11:24:06.323+0530][47.579s][info][gc,heap     ] GC(1145) Survivor regions: 6->12(39)
[2026-05-27T11:24:06.323+0530][47.579s][info][gc,heap     ] GC(1145) Old regions: 10->10
[2026-05-27T11:24:06.323+0530][47.579s][info][gc,heap     ] GC(1145) Archive regions: 2->2
[2026-05-27T11:24:06.323+0530][47.579s][info][gc,heap     ] GC(1145) Humongous regions: 0->0
[2026-05-27T11:24:06.323+0530][47.579s][info][gc,metaspace] GC(1145) Metaspace: 1745K(2048K)->1745K(2048K) NonClass: 1568K(1728K)->1568K(1728K) Class: 177K(320K)->177K(320K)
[2026-05-27T11:24:06.323+0530][47.579s][info][gc          ] GC(1145) Pause Young (Normal) (G1 Evacuation Pause) 316M->21M(512M) 0.997ms
[2026-05-27T11:24:06.323+0530][47.579s][info][gc,cpu      ] GC(1145) User=0.00s Sys=0.00s Real=0.00s
[2026-05-27T11:24:06.362+0530][47.618s][info][gc,start    ] GC(1146) Pause Young (Normal) (G1 Evacuation Pause)
[2026-05-27T11:24:06.362+0530][47.618s][info][gc,task     ] GC(1146) Using 9 workers of 9 for evacuation
[2026-05-27T11:24:06.363+0530][47.619s][info][gc,phases   ] GC(1146)   Pre Evacuate Collection Set: 0.11ms
[2026-05-27T11:24:06.363+0530][47.619s][info][gc,phases   ] GC(1146)   Merge Heap Roots: 0.04ms
[2026-05-27T11:24:06.363+0530][47.619s][info][gc,phases   ] GC(1146)   Evacuate Collection Set: 0.32ms
[2026-05-27T11:24:06.363+0530][47.619s][info][gc,phases   ] GC(1146)   Post Evacuate Collection Set: 0.20ms
[2026-05-27T11:24:06.363+0530][47.619s][info][gc,phases   ] GC(1146)   Other: 0.09ms
[2026-05-27T11:24:06.363+0530][47.619s][info][gc,heap     ] GC(1146) Eden regions: 295->0(302)
[2026-05-27T11:24:06.363+0530][47.619s][info][gc,heap     ] GC(1146) Survivor regions: 12->5(39)
[2026-05-27T11:24:06.363+0530][47.619s][info][gc,heap     ] GC(1146) Old regions: 10->10
[2026-05-27T11:24:06.363+0530][47.619s][info][gc,heap     ] GC(1146) Archive regions: 2->2
[2026-05-27T11:24:06.363+0530][47.619s][info][gc,heap     ] GC(1146) Humongous regions: 9->0
[2026-05-27T11:24:06.363+0530][47.619s][info][gc,metaspace] GC(1146) Metaspace: 1745K(2048K)->1745K(2048K) NonClass: 1568K(1728K)->1568K(1728K) Class: 177K(320K)->177K(320K)
[2026-05-27T11:24:06.363+0530][47.619s][info][gc          ] GC(1146) Pause Young (Normal) (G1 Evacuation Pause) 325M->14M(512M) 0.845ms
[2026-05-27T11:24:06.363+0530][47.619s][info][gc,cpu      ] GC(1146) User=0.00s Sys=0.00s Real=0.00s
[2026-05-27T11:24:06.403+0530][47.659s][info][gc,start    ] GC(1147) Pause Young (Normal) (G1 Evacuation Pause)
[2026-05-27T11:24:06.403+0530][47.659s][info][gc,task     ] GC(1147) Using 9 workers of 9 for evacuation
[2026-05-27T11:24:06.404+0530][47.660s][info][gc,phases   ] GC(1147)   Pre Evacuate Collection Set: 0.09ms
[2026-05-27T11:24:06.404+0530][47.660s][info][gc,phases   ] GC(1147)   Merge Heap Roots: 0.05ms
[2026-05-27T11:24:06.404+0530][47.660s][info][gc,phases   ] GC(1147)   Evacuate Collection Set: 0.26ms
[2026-05-27T11:24:06.404+0530][47.660s][info][gc,phases   ] GC(1147)   Post Evacuate Collection Set: 0.17ms
[2026-05-27T11:24:06.404+0530][47.660s][info][gc,phases   ] GC(1147)   Other: 0.10ms
[2026-05-27T11:24:06.404+0530][47.660s][info][gc,heap     ] GC(1147) Eden regions: 302->0(302)
[2026-05-27T11:24:06.404+0530][47.660s][info][gc,heap     ] GC(1147) Survivor regions: 5->5(39)
[2026-05-27T11:24:06.404+0530][47.660s][info][gc,heap     ] GC(1147) Old regions: 10->10
[2026-05-27T11:24:06.404+0530][47.660s][info][gc,heap     ] GC(1147) Archive regions: 2->2
[2026-05-27T11:24:06.404+0530][47.660s][info][gc,heap     ] GC(1147) Humongous regions: 0->0
[2026-05-27T11:24:06.404+0530][47.660s][info][gc,metaspace] GC(1147) Metaspace: 1745K(2048K)->1745K(2048K) NonClass: 1568K(1728K)->1568K(1728K) Class: 177K(320K)->177K(320K)
[2026-05-27T11:24:06.404+0530][47.660s][info][gc          ] GC(1147) Pause Young (Normal) (G1 Evacuation Pause) 316M->14M(512M) 0.723ms
[2026-05-27T11:24:06.404+0530][47.660s][info][gc,cpu      ] GC(1147) User=0.00s Sys=0.00s Real=0.00s
[2026-05-27T11:24:06.442+0530][47.698s][info][gc,start    ] GC(1148) Pause Young (Normal) (G1 Evacuation Pause)
[2026-05-27T11:24:06.442+0530][47.698s][info][gc,task     ] GC(1148) Using 9 workers of 9 for evacuation
[2026-05-27T11:24:06.443+0530][47.699s][info][gc,phases   ] GC(1148)   Pre Evacuate Collection Set: 0.08ms
[2026-05-27T11:24:06.443+0530][47.699s][info][gc,phases   ] GC(1148)   Merge Heap Roots: 0.05ms
[2026-05-27T11:24:06.443+0530][47.699s][info][gc,phases   ] GC(1148)   Evacuate Collection Set: 0.32ms
[2026-05-27T11:24:06.443+0530][47.699s][info][gc,phases   ] GC(1148)   Post Evacuate Collection Set: 0.22ms
[2026-05-27T11:24:06.443+0530][47.699s][info][gc,phases   ] GC(1148)   Other: 0.13ms
[2026-05-27T11:24:06.443+0530][47.699s][info][gc,heap     ] GC(1148) Eden regions: 302->0(302)
[2026-05-27T11:24:06.443+0530][47.699s][info][gc,heap     ] GC(1148) Survivor regions: 5->5(39)
[2026-05-27T11:24:06.443+0530][47.699s][info][gc,heap     ] GC(1148) Old regions: 10->10
[2026-05-27T11:24:06.443+0530][47.699s][info][gc,heap     ] GC(1148) Archive regions: 2->2
[2026-05-27T11:24:06.443+0530][47.699s][info][gc,heap     ] GC(1148) Humongous regions: 0->0
[2026-05-27T11:24:06.443+0530][47.699s][info][gc,metaspace] GC(1148) Metaspace: 1745K(2048K)->1745K(2048K) NonClass: 1568K(1728K)->1568K(1728K) Class: 177K(320K)->177K(320K)
[2026-05-27T11:24:06.443+0530][47.699s][info][gc          ] GC(1148) Pause Young (Normal) (G1 Evacuation Pause) 316M->14M(512M) 0.873ms
[2026-05-27T11:24:06.443+0530][47.699s][info][gc,cpu      ] GC(1148) User=0.00s Sys=0.00s Real=0.00s
[2026-05-27T11:24:06.481+0530][47.737s][info][gc,start    ] GC(1149) Pause Young (Normal) (G1 Evacuation Pause)
[2026-05-27T11:24:06.481+0530][47.737s][info][gc,task     ] GC(1149) Using 9 workers of 9 for evacuation
[2026-05-27T11:24:06.482+0530][47.738s][info][gc,phases   ] GC(1149)   Pre Evacuate Collection Set: 0.11ms
[2026-05-27T11:24:06.482+0530][47.738s][info][gc,phases   ] GC(1149)   Merge Heap Roots: 0.05ms
[2026-05-27T11:24:06.482+0530][47.738s][info][gc,phases   ] GC(1149)   Evacuate Collection Set: 0.29ms
[2026-05-27T11:24:06.482+0530][47.738s][info][gc,phases   ] GC(1149)   Post Evacuate Collection Set: 0.20ms
[2026-05-27T11:24:06.482+0530][47.738s][info][gc,phases   ] GC(1149)   Other: 0.10ms
[2026-05-27T11:24:06.482+0530][47.738s][info][gc,heap     ] GC(1149) Eden regions: 302->0(303)
[2026-05-27T11:24:06.482+0530][47.738s][info][gc,heap     ] GC(1149) Survivor regions: 5->4(39)
[2026-05-27T11:24:06.482+0530][47.738s][info][gc,heap     ] GC(1149) Old regions: 10->10
[2026-05-27T11:24:06.482+0530][47.738s][info][gc,heap     ] GC(1149) Archive regions: 2->2
[2026-05-27T11:24:06.482+0530][47.738s][info][gc,heap     ] GC(1149) Humongous regions: 0->0
[2026-05-27T11:24:06.482+0530][47.738s][info][gc,metaspace] GC(1149) Metaspace: 1745K(2048K)->1745K(2048K) NonClass: 1568K(1728K)->1568K(1728K) Class: 177K(320K)->177K(320K)
[2026-05-27T11:24:06.482+0530][47.738s][info][gc          ] GC(1149) Pause Young (Normal) (G1 Evacuation Pause) 316M->14M(512M) 0.809ms
[2026-05-27T11:24:06.482+0530][47.738s][info][gc,cpu      ] GC(1149) User=0.00s Sys=0.00s Real=0.00s
[2026-05-27T11:24:06.521+0530][47.777s][info][gc,start    ] GC(1150) Pause Young (Normal) (G1 Evacuation Pause)
[2026-05-27T11:24:06.521+0530][47.777s][info][gc,task     ] GC(1150) Using 9 workers of 9 for evacuation
[2026-05-27T11:24:06.522+0530][47.778s][info][gc,phases   ] GC(1150)   Pre Evacuate Collection Set: 0.06ms
[2026-05-27T11:24:06.522+0530][47.778s][info][gc,phases   ] GC(1150)   Merge Heap Roots: 0.05ms
[2026-05-27T11:24:06.522+0530][47.778s][info][gc,phases   ] GC(1150)   Evacuate Collection Set: 0.33ms
[2026-05-27T11:24:06.522+0530][47.778s][info][gc,phases   ] GC(1150)   Post Evacuate Collection Set: 0.22ms
[2026-05-27T11:24:06.522+0530][47.778s][info][gc,phases   ] GC(1150)   Other: 0.09ms
[2026-05-27T11:24:06.522+0530][47.778s][info][gc,heap     ] GC(1150) Eden regions: 303->0(302)
[2026-05-27T11:24:06.522+0530][47.778s][info][gc,heap     ] GC(1150) Survivor regions: 4->5(39)
[2026-05-27T11:24:06.522+0530][47.778s][info][gc,heap     ] GC(1150) Old regions: 10->10
[2026-05-27T11:24:06.522+0530][47.778s][info][gc,heap     ] GC(1150) Archive regions: 2->2
[2026-05-27T11:24:06.522+0530][47.778s][info][gc,heap     ] GC(1150) Humongous regions: 9->0
[2026-05-27T11:24:06.522+0530][47.778s][info][gc,metaspace] GC(1150) Metaspace: 1745K(2048K)->1745K(2048K) NonClass: 1568K(1728K)->1568K(1728K) Class: 177K(320K)->177K(320K)
[2026-05-27T11:24:06.522+0530][47.778s][info][gc          ] GC(1150) Pause Young (Normal) (G1 Evacuation Pause) 325M->14M(512M) 0.812ms
[2026-05-27T11:24:06.522+0530][47.778s][info][gc,cpu      ] GC(1150) User=0.01s Sys=0.01s Real=0.00s
[2026-05-27T11:24:06.559+0530][47.815s][info][gc,start    ] GC(1151) Pause Young (Normal) (G1 Evacuation Pause)
[2026-05-27T11:24:06.559+0530][47.815s][info][gc,task     ] GC(1151) Using 9 workers of 9 for evacuation
[2026-05-27T11:24:06.560+0530][47.816s][info][gc,phases   ] GC(1151)   Pre Evacuate Collection Set: 0.07ms
[2026-05-27T11:24:06.560+0530][47.816s][info][gc,phases   ] GC(1151)   Merge Heap Roots: 0.05ms
[2026-05-27T11:24:06.560+0530][47.816s][info][gc,phases   ] GC(1151)   Evacuate Collection Set: 0.29ms
[2026-05-27T11:24:06.560+0530][47.816s][info][gc,phases   ] GC(1151)   Post Evacuate Collection Set: 0.24ms
[2026-05-27T11:24:06.560+0530][47.816s][info][gc,phases   ] GC(1151)   Other: 0.09ms
[2026-05-27T11:24:06.560+0530][47.816s][info][gc,heap     ] GC(1151) Eden regions: 302->0(302)
[2026-05-27T11:24:06.560+0530][47.816s][info][gc,heap     ] GC(1151) Survivor regions: 5->5(39)
[2026-05-27T11:24:06.560+0530][47.816s][info][gc,heap     ] GC(1151) Old regions: 10->10
[2026-05-27T11:24:06.560+0530][47.816s][info][gc,heap     ] GC(1151) Archive regions: 2->2
[2026-05-27T11:24:06.560+0530][47.816s][info][gc,heap     ] GC(1151) Humongous regions: 0->0
[2026-05-27T11:24:06.560+0530][47.816s][info][gc,metaspace] GC(1151) Metaspace: 1745K(2048K)->1745K(2048K) NonClass: 1568K(1728K)->1568K(1728K) Class: 177K(320K)->177K(320K)
[2026-05-27T11:24:06.560+0530][47.816s][info][gc          ] GC(1151) Pause Young (Normal) (G1 Evacuation Pause) 316M->14M(512M) 0.803ms
[2026-05-27T11:24:06.560+0530][47.816s][info][gc,cpu      ] GC(1151) User=0.00s Sys=0.00s Real=0.01s
[2026-05-27T11:24:06.598+0530][47.855s][info][gc,start    ] GC(1152) Pause Young (Normal) (G1 Evacuation Pause)
[2026-05-27T11:24:06.598+0530][47.855s][info][gc,task     ] GC(1152) Using 9 workers of 9 for evacuation
[2026-05-27T11:24:06.599+0530][47.855s][info][gc,phases   ] GC(1152)   Pre Evacuate Collection Set: 0.07ms
[2026-05-27T11:24:06.599+0530][47.855s][info][gc,phases   ] GC(1152)   Merge Heap Roots: 0.05ms
[2026-05-27T11:24:06.599+0530][47.855s][info][gc,phases   ] GC(1152)   Evacuate Collection Set: 0.31ms
[2026-05-27T11:24:06.599+0530][47.855s][info][gc,phases   ] GC(1152)   Post Evacuate Collection Set: 0.16ms
[2026-05-27T11:24:06.599+0530][47.855s][info][gc,phases   ] GC(1152)   Other: 0.09ms
[2026-05-27T11:24:06.599+0530][47.855s][info][gc,heap     ] GC(1152) Eden regions: 302->0(301)
[2026-05-27T11:24:06.599+0530][47.855s][info][gc,heap     ] GC(1152) Survivor regions: 5->6(39)
[2026-05-27T11:24:06.599+0530][47.855s][info][gc,heap     ] GC(1152) Old regions: 10->10
[2026-05-27T11:24:06.599+0530][47.855s][info][gc,heap     ] GC(1152) Archive regions: 2->2
[2026-05-27T11:24:06.599+0530][47.855s][info][gc,heap     ] GC(1152) Humongous regions: 0->0
[2026-05-27T11:24:06.599+0530][47.855s][info][gc,metaspace] GC(1152) Metaspace: 1745K(2048K)->1745K(2048K) NonClass: 1568K(1728K)->1568K(1728K) Class: 177K(320K)->177K(320K)
[2026-05-27T11:24:06.599+0530][47.855s][info][gc          ] GC(1152) Pause Young (Normal) (G1 Evacuation Pause) 316M->15M(512M) 0.748ms
[2026-05-27T11:24:06.599+0530][47.855s][info][gc,cpu      ] GC(1152) User=0.00s Sys=0.00s Real=0.00s
[2026-05-27T11:24:06.636+0530][47.892s][info][gc,start    ] GC(1153) Pause Young (Normal) (G1 Evacuation Pause)
[2026-05-27T11:24:06.636+0530][47.892s][info][gc,task     ] GC(1153) Using 9 workers of 9 for evacuation
[2026-05-27T11:24:06.637+0530][47.893s][info][gc,phases   ] GC(1153)   Pre Evacuate Collection Set: 0.09ms
[2026-05-27T11:24:06.637+0530][47.893s][info][gc,phases   ] GC(1153)   Merge Heap Roots: 0.05ms
[2026-05-27T11:24:06.637+0530][47.893s][info][gc,phases   ] GC(1153)   Evacuate Collection Set: 0.24ms
[2026-05-27T11:24:06.637+0530][47.893s][info][gc,phases   ] GC(1153)   Post Evacuate Collection Set: 0.20ms
[2026-05-27T11:24:06.637+0530][47.893s][info][gc,phases   ] GC(1153)   Other: 0.10ms
[2026-05-27T11:24:06.637+0530][47.893s][info][gc,heap     ] GC(1153) Eden regions: 301->0(306)
[2026-05-27T11:24:06.637+0530][47.893s][info][gc,heap     ] GC(1153) Survivor regions: 6->1(39)
[2026-05-27T11:24:06.637+0530][47.893s][info][gc,heap     ] GC(1153) Old regions: 10->10
[2026-05-27T11:24:06.637+0530][47.893s][info][gc,heap     ] GC(1153) Archive regions: 2->2
[2026-05-27T11:24:06.637+0530][47.893s][info][gc,heap     ] GC(1153) Humongous regions: 0->0
[2026-05-27T11:24:06.637+0530][47.893s][info][gc,metaspace] GC(1153) Metaspace: 1745K(2048K)->1745K(2048K) NonClass: 1568K(1728K)->1568K(1728K) Class: 177K(320K)->177K(320K)
[2026-05-27T11:24:06.637+0530][47.893s][info][gc          ] GC(1153) Pause Young (Normal) (G1 Evacuation Pause) 316M->10M(512M) 0.742ms
[2026-05-27T11:24:06.637+0530][47.893s][info][gc,cpu      ] GC(1153) User=0.01s Sys=0.00s Real=0.00s
[2026-05-27T11:24:06.677+0530][47.933s][info][gc,start    ] GC(1154) Pause Young (Normal) (G1 Evacuation Pause)
[2026-05-27T11:24:06.677+0530][47.933s][info][gc,task     ] GC(1154) Using 9 workers of 9 for evacuation
[2026-05-27T11:24:06.677+0530][47.933s][info][gc,phases   ] GC(1154)   Pre Evacuate Collection Set: 0.05ms
[2026-05-27T11:24:06.677+0530][47.933s][info][gc,phases   ] GC(1154)   Merge Heap Roots: 0.06ms
[2026-05-27T11:24:06.677+0530][47.933s][info][gc,phases   ] GC(1154)   Evacuate Collection Set: 0.30ms
[2026-05-27T11:24:06.677+0530][47.933s][info][gc,phases   ] GC(1154)   Post Evacuate Collection Set: 0.21ms
[2026-05-27T11:24:06.677+0530][47.933s][info][gc,phases   ] GC(1154)   Other: 0.11ms
[2026-05-27T11:24:06.677+0530][47.933s][info][gc,heap     ] GC(1154) Eden regions: 306->0(303)
[2026-05-27T11:24:06.677+0530][47.933s][info][gc,heap     ] GC(1154) Survivor regions: 1->4(39)
[2026-05-27T11:24:06.677+0530][47.933s][info][gc,heap     ] GC(1154) Old regions: 10->10
[2026-05-27T11:24:06.677+0530][47.933s][info][gc,heap     ] GC(1154) Archive regions: 2->2
[2026-05-27T11:24:06.677+0530][47.933s][info][gc,heap     ] GC(1154) Humongous regions: 18->0
[2026-05-27T11:24:06.677+0530][47.933s][info][gc,metaspace] GC(1154) Metaspace: 1745K(2048K)->1745K(2048K) NonClass: 1568K(1728K)->1568K(1728K) Class: 177K(320K)->177K(320K)
[2026-05-27T11:24:06.677+0530][47.933s][info][gc          ] GC(1154) Pause Young (Normal) (G1 Evacuation Pause) 334M->14M(512M) 0.842ms
[2026-05-27T11:24:06.677+0530][47.933s][info][gc,cpu      ] GC(1154) User=0.00s Sys=0.00s Real=0.00s
[2026-05-27T11:24:06.714+0530][47.970s][info][gc,start    ] GC(1155) Pause Young (Normal) (G1 Evacuation Pause)
[2026-05-27T11:24:06.714+0530][47.970s][info][gc,task     ] GC(1155) Using 9 workers of 9 for evacuation
[2026-05-27T11:24:06.715+0530][47.971s][info][gc,phases   ] GC(1155)   Pre Evacuate Collection Set: 0.10ms
[2026-05-27T11:24:06.715+0530][47.971s][info][gc,phases   ] GC(1155)   Merge Heap Roots: 0.04ms
[2026-05-27T11:24:06.715+0530][47.971s][info][gc,phases   ] GC(1155)   Evacuate Collection Set: 0.20ms
[2026-05-27T11:24:06.715+0530][47.971s][info][gc,phases   ] GC(1155)   Post Evacuate Collection Set: 0.18ms
[2026-05-27T11:24:06.715+0530][47.971s][info][gc,phases   ] GC(1155)   Other: 0.09ms
[2026-05-27T11:24:06.715+0530][47.971s][info][gc,heap     ] GC(1155) Eden regions: 303->0(302)
[2026-05-27T11:24:06.715+0530][47.971s][info][gc,heap     ] GC(1155) Survivor regions: 4->5(39)
[2026-05-27T11:24:06.715+0530][47.971s][info][gc,heap     ] GC(1155) Old regions: 10->10
[2026-05-27T11:24:06.715+0530][47.971s][info][gc,heap     ] GC(1155) Archive regions: 2->2
[2026-05-27T11:24:06.715+0530][47.971s][info][gc,heap     ] GC(1155) Humongous regions: 0->0
[2026-05-27T11:24:06.715+0530][47.971s][info][gc,metaspace] GC(1155) Metaspace: 1745K(2048K)->1745K(2048K) NonClass: 1568K(1728K)->1568K(1728K) Class: 177K(320K)->177K(320K)
[2026-05-27T11:24:06.715+0530][47.971s][info][gc          ] GC(1155) Pause Young (Normal) (G1 Evacuation Pause) 316M->14M(512M) 0.675ms
[2026-05-27T11:24:06.715+0530][47.971s][info][gc,cpu      ] GC(1155) User=0.01s Sys=0.00s Real=0.00s
[2026-05-27T11:24:06.755+0530][48.011s][info][gc,start    ] GC(1156) Pause Young (Normal) (G1 Evacuation Pause)
[2026-05-27T11:24:06.755+0530][48.011s][info][gc,task     ] GC(1156) Using 9 workers of 9 for evacuation
[2026-05-27T11:24:06.756+0530][48.012s][info][gc,phases   ] GC(1156)   Pre Evacuate Collection Set: 0.08ms
[2026-05-27T11:24:06.756+0530][48.012s][info][gc,phases   ] GC(1156)   Merge Heap Roots: 0.06ms
[2026-05-27T11:24:06.756+0530][48.012s][info][gc,phases   ] GC(1156)   Evacuate Collection Set: 0.29ms
[2026-05-27T11:24:06.756+0530][48.012s][info][gc,phases   ] GC(1156)   Post Evacuate Collection Set: 0.17ms
[2026-05-27T11:24:06.756+0530][48.012s][info][gc,phases   ] GC(1156)   Other: 0.10ms
[2026-05-27T11:24:06.756+0530][48.012s][info][gc,heap     ] GC(1156) Eden regions: 302->0(300)
[2026-05-27T11:24:06.756+0530][48.012s][info][gc,heap     ] GC(1156) Survivor regions: 5->7(39)
[2026-05-27T11:24:06.756+0530][48.012s][info][gc,heap     ] GC(1156) Old regions: 10->10
[2026-05-27T11:24:06.756+0530][48.012s][info][gc,heap     ] GC(1156) Archive regions: 2->2
[2026-05-27T11:24:06.756+0530][48.012s][info][gc,heap     ] GC(1156) Humongous regions: 0->0
[2026-05-27T11:24:06.756+0530][48.012s][info][gc,metaspace] GC(1156) Metaspace: 1745K(2048K)->1745K(2048K) NonClass: 1568K(1728K)->1568K(1728K) Class: 177K(320K)->177K(320K)
[2026-05-27T11:24:06.756+0530][48.012s][info][gc          ] GC(1156) Pause Young (Normal) (G1 Evacuation Pause) 316M->16M(512M) 0.751ms
[2026-05-27T11:24:06.756+0530][48.012s][info][gc,cpu      ] GC(1156) User=0.01s Sys=0.00s Real=0.00s
[2026-05-27T11:24:06.793+0530][48.049s][info][gc,start    ] GC(1157) Pause Young (Normal) (G1 Evacuation Pause)
[2026-05-27T11:24:06.793+0530][48.049s][info][gc,task     ] GC(1157) Using 9 workers of 9 for evacuation
[2026-05-27T11:24:06.794+0530][48.050s][info][gc,phases   ] GC(1157)   Pre Evacuate Collection Set: 0.07ms
[2026-05-27T11:24:06.794+0530][48.050s][info][gc,phases   ] GC(1157)   Merge Heap Roots: 0.05ms
[2026-05-27T11:24:06.794+0530][48.050s][info][gc,phases   ] GC(1157)   Evacuate Collection Set: 0.26ms
[2026-05-27T11:24:06.794+0530][48.050s][info][gc,phases   ] GC(1157)   Post Evacuate Collection Set: 0.17ms
[2026-05-27T11:24:06.794+0530][48.050s][info][gc,phases   ] GC(1157)   Other: 0.09ms
[2026-05-27T11:24:06.794+0530][48.050s][info][gc,heap     ] GC(1157) Eden regions: 300->0(304)
[2026-05-27T11:24:06.794+0530][48.050s][info][gc,heap     ] GC(1157) Survivor regions: 7->3(39)
[2026-05-27T11:24:06.794+0530][48.050s][info][gc,heap     ] GC(1157) Old regions: 10->10
[2026-05-27T11:24:06.794+0530][48.050s][info][gc,heap     ] GC(1157) Archive regions: 2->2
[2026-05-27T11:24:06.794+0530][48.050s][info][gc,heap     ] GC(1157) Humongous regions: 0->0
[2026-05-27T11:24:06.794+0530][48.050s][info][gc,metaspace] GC(1157) Metaspace: 1745K(2048K)->1745K(2048K) NonClass: 1568K(1728K)->1568K(1728K) Class: 177K(320K)->177K(320K)
[2026-05-27T11:24:06.794+0530][48.050s][info][gc          ] GC(1157) Pause Young (Normal) (G1 Evacuation Pause) 316M->13M(512M) 0.702ms
[2026-05-27T11:24:06.794+0530][48.050s][info][gc,cpu      ] GC(1157) User=0.00s Sys=0.01s Real=0.00s
[2026-05-27T11:24:06.831+0530][48.087s][info][gc,start    ] GC(1158) Pause Young (Normal) (G1 Evacuation Pause)
[2026-05-27T11:24:06.831+0530][48.087s][info][gc,task     ] GC(1158) Using 9 workers of 9 for evacuation
[2026-05-27T11:24:06.832+0530][48.088s][info][gc,phases   ] GC(1158)   Pre Evacuate Collection Set: 0.07ms
[2026-05-27T11:24:06.832+0530][48.088s][info][gc,phases   ] GC(1158)   Merge Heap Roots: 0.05ms
[2026-05-27T11:24:06.832+0530][48.088s][info][gc,phases   ] GC(1158)   Evacuate Collection Set: 0.28ms
[2026-05-27T11:24:06.832+0530][48.088s][info][gc,phases   ] GC(1158)   Post Evacuate Collection Set: 0.17ms
[2026-05-27T11:24:06.832+0530][48.088s][info][gc,phases   ] GC(1158)   Other: 0.09ms
[2026-05-27T11:24:06.832+0530][48.088s][info][gc,heap     ] GC(1158) Eden regions: 304->0(301)
[2026-05-27T11:24:06.832+0530][48.088s][info][gc,heap     ] GC(1158) Survivor regions: 3->6(39)
[2026-05-27T11:24:06.832+0530][48.088s][info][gc,heap     ] GC(1158) Old regions: 10->10
[2026-05-27T11:24:06.832+0530][48.088s][info][gc,heap     ] GC(1158) Archive regions: 2->2
[2026-05-27T11:24:06.832+0530][48.088s][info][gc,heap     ] GC(1158) Humongous regions: 18->0
[2026-05-27T11:24:06.832+0530][48.088s][info][gc,metaspace] GC(1158) Metaspace: 1745K(2048K)->1745K(2048K) NonClass: 1568K(1728K)->1568K(1728K) Class: 177K(320K)->177K(320K)
[2026-05-27T11:24:06.832+0530][48.088s][info][gc          ] GC(1158) Pause Young (Normal) (G1 Evacuation Pause) 334M->15M(512M) 0.754ms
[2026-05-27T11:24:06.832+0530][48.088s][info][gc,cpu      ] GC(1158) User=0.00s Sys=0.00s Real=0.00s
[2026-05-27T11:24:06.869+0530][48.125s][info][gc,start    ] GC(1159) Pause Young (Normal) (G1 Evacuation Pause)
[2026-05-27T11:24:06.869+0530][48.125s][info][gc,task     ] GC(1159) Using 9 workers of 9 for evacuation
[2026-05-27T11:24:06.869+0530][48.125s][info][gc,phases   ] GC(1159)   Pre Evacuate Collection Set: 0.13ms
[2026-05-27T11:24:06.869+0530][48.125s][info][gc,phases   ] GC(1159)   Merge Heap Roots: 0.03ms
[2026-05-27T11:24:06.869+0530][48.125s][info][gc,phases   ] GC(1159)   Evacuate Collection Set: 0.18ms
[2026-05-27T11:24:06.869+0530][48.125s][info][gc,phases   ] GC(1159)   Post Evacuate Collection Set: 0.18ms
[2026-05-27T11:24:06.869+0530][48.125s][info][gc,phases   ] GC(1159)   Other: 0.08ms
[2026-05-27T11:24:06.869+0530][48.125s][info][gc,heap     ] GC(1159) Eden regions: 301->0(301)
[2026-05-27T11:24:06.869+0530][48.125s][info][gc,heap     ] GC(1159) Survivor regions: 6->6(39)
[2026-05-27T11:24:06.869+0530][48.125s][info][gc,heap     ] GC(1159) Old regions: 10->10
[2026-05-27T11:24:06.869+0530][48.125s][info][gc,heap     ] GC(1159) Archive regions: 2->2
[2026-05-27T11:24:06.869+0530][48.125s][info][gc,heap     ] GC(1159) Humongous regions: 0->0
[2026-05-27T11:24:06.869+0530][48.125s][info][gc,metaspace] GC(1159) Metaspace: 1745K(2048K)->1745K(2048K) NonClass: 1568K(1728K)->1568K(1728K) Class: 177K(320K)->177K(320K)
[2026-05-27T11:24:06.869+0530][48.125s][info][gc          ] GC(1159) Pause Young (Normal) (G1 Evacuation Pause) 316M->15M(512M) 0.666ms
[2026-05-27T11:24:06.869+0530][48.125s][info][gc,cpu      ] GC(1159) User=0.00s Sys=0.00s Real=0.00s
[2026-05-27T11:24:06.909+0530][48.165s][info][gc,start    ] GC(1160) Pause Young (Normal) (G1 Evacuation Pause)
[2026-05-27T11:24:06.909+0530][48.165s][info][gc,task     ] GC(1160) Using 9 workers of 9 for evacuation
[2026-05-27T11:24:06.910+0530][48.166s][info][gc,phases   ] GC(1160)   Pre Evacuate Collection Set: 0.07ms
[2026-05-27T11:24:06.910+0530][48.166s][info][gc,phases   ] GC(1160)   Merge Heap Roots: 0.04ms
[2026-05-27T11:24:06.910+0530][48.166s][info][gc,phases   ] GC(1160)   Evacuate Collection Set: 0.22ms
[2026-05-27T11:24:06.910+0530][48.166s][info][gc,phases   ] GC(1160)   Post Evacuate Collection Set: 0.18ms
[2026-05-27T11:24:06.910+0530][48.166s][info][gc,phases   ] GC(1160)   Other: 0.09ms
[2026-05-27T11:24:06.910+0530][48.166s][info][gc,heap     ] GC(1160) Eden regions: 301->0(302)
[2026-05-27T11:24:06.910+0530][48.166s][info][gc,heap     ] GC(1160) Survivor regions: 6->5(39)
[2026-05-27T11:24:06.910+0530][48.166s][info][gc,heap     ] GC(1160) Old regions: 10->10
[2026-05-27T11:24:06.910+0530][48.166s][info][gc,heap     ] GC(1160) Archive regions: 2->2
[2026-05-27T11:24:06.910+0530][48.166s][info][gc,heap     ] GC(1160) Humongous regions: 0->0
[2026-05-27T11:24:06.910+0530][48.166s][info][gc,metaspace] GC(1160) Metaspace: 1745K(2048K)->1745K(2048K) NonClass: 1568K(1728K)->1568K(1728K) Class: 177K(320K)->177K(320K)
[2026-05-27T11:24:06.910+0530][48.166s][info][gc          ] GC(1160) Pause Young (Normal) (G1 Evacuation Pause) 316M->14M(512M) 0.663ms
[2026-05-27T11:24:06.910+0530][48.166s][info][gc,cpu      ] GC(1160) User=0.00s Sys=0.00s Real=0.01s
[2026-05-27T11:24:06.948+0530][48.204s][info][gc,start    ] GC(1161) Pause Young (Normal) (G1 Evacuation Pause)
[2026-05-27T11:24:06.948+0530][48.204s][info][gc,task     ] GC(1161) Using 9 workers of 9 for evacuation
[2026-05-27T11:24:06.948+0530][48.204s][info][gc,phases   ] GC(1161)   Pre Evacuate Collection Set: 0.07ms
[2026-05-27T11:24:06.948+0530][48.204s][info][gc,phases   ] GC(1161)   Merge Heap Roots: 0.04ms
[2026-05-27T11:24:06.948+0530][48.204s][info][gc,phases   ] GC(1161)   Evacuate Collection Set: 0.23ms
[2026-05-27T11:24:06.948+0530][48.204s][info][gc,phases   ] GC(1161)   Post Evacuate Collection Set: 0.17ms
[2026-05-27T11:24:06.948+0530][48.204s][info][gc,phases   ] GC(1161)   Other: 0.10ms
[2026-05-27T11:24:06.948+0530][48.204s][info][gc,heap     ] GC(1161) Eden regions: 302->0(301)
[2026-05-27T11:24:06.948+0530][48.204s][info][gc,heap     ] GC(1161) Survivor regions: 5->6(39)
[2026-05-27T11:24:06.948+0530][48.204s][info][gc,heap     ] GC(1161) Old regions: 10->10
[2026-05-27T11:24:06.948+0530][48.204s][info][gc,heap     ] GC(1161) Archive regions: 2->2
[2026-05-27T11:24:06.948+0530][48.204s][info][gc,heap     ] GC(1161) Humongous regions: 0->0
[2026-05-27T11:24:06.948+0530][48.204s][info][gc,metaspace] GC(1161) Metaspace: 1745K(2048K)->1745K(2048K) NonClass: 1568K(1728K)->1568K(1728K) Class: 177K(320K)->177K(320K)
[2026-05-27T11:24:06.948+0530][48.204s][info][gc          ] GC(1161) Pause Young (Normal) (G1 Evacuation Pause) 316M->15M(512M) 0.660ms
[2026-05-27T11:24:06.948+0530][48.204s][info][gc,cpu      ] GC(1161) User=0.01s Sys=0.00s Real=0.00s
[2026-05-27T11:24:06.987+0530][48.243s][info][gc,start    ] GC(1162) Pause Young (Normal) (G1 Evacuation Pause)
[2026-05-27T11:24:06.987+0530][48.243s][info][gc,task     ] GC(1162) Using 9 workers of 9 for evacuation
[2026-05-27T11:24:06.988+0530][48.244s][info][gc,phases   ] GC(1162)   Pre Evacuate Collection Set: 0.08ms
[2026-05-27T11:24:06.988+0530][48.244s][info][gc,phases   ] GC(1162)   Merge Heap Roots: 0.05ms
[2026-05-27T11:24:06.988+0530][48.244s][info][gc,phases   ] GC(1162)   Evacuate Collection Set: 0.27ms
[2026-05-27T11:24:06.988+0530][48.244s][info][gc,phases   ] GC(1162)   Post Evacuate Collection Set: 0.16ms
[2026-05-27T11:24:06.988+0530][48.244s][info][gc,phases   ] GC(1162)   Other: 0.10ms
[2026-05-27T11:24:06.988+0530][48.244s][info][gc,heap     ] GC(1162) Eden regions: 301->0(303)
[2026-05-27T11:24:06.988+0530][48.244s][info][gc,heap     ] GC(1162) Survivor regions: 6->4(39)
[2026-05-27T11:24:06.988+0530][48.244s][info][gc,heap     ] GC(1162) Old regions: 10->10
[2026-05-27T11:24:06.988+0530][48.244s][info][gc,heap     ] GC(1162) Archive regions: 2->2
[2026-05-27T11:24:06.988+0530][48.244s][info][gc,heap     ] GC(1162) Humongous regions: 9->0
[2026-05-27T11:24:06.988+0530][48.244s][info][gc,metaspace] GC(1162) Metaspace: 1745K(2048K)->1745K(2048K) NonClass: 1568K(1728K)->1568K(1728K) Class: 177K(320K)->177K(320K)
[2026-05-27T11:24:06.988+0530][48.244s][info][gc          ] GC(1162) Pause Young (Normal) (G1 Evacuation Pause) 325M->13M(512M) 0.719ms
[2026-05-27T11:24:06.988+0530][48.244s][info][gc,cpu      ] GC(1162) User=0.00s Sys=0.00s Real=0.00s
[2026-05-27T11:24:07.025+0530][48.281s][info][gc,start    ] GC(1163) Pause Young (Normal) (G1 Evacuation Pause)
[2026-05-27T11:24:07.025+0530][48.282s][info][gc,task     ] GC(1163) Using 9 workers of 9 for evacuation
[2026-05-27T11:24:07.026+0530][48.282s][info][gc,phases   ] GC(1163)   Pre Evacuate Collection Set: 0.08ms
[2026-05-27T11:24:07.026+0530][48.282s][info][gc,phases   ] GC(1163)   Merge Heap Roots: 0.04ms
[2026-05-27T11:24:07.026+0530][48.282s][info][gc,phases   ] GC(1163)   Evacuate Collection Set: 0.28ms
[2026-05-27T11:24:07.026+0530][48.282s][info][gc,phases   ] GC(1163)   Post Evacuate Collection Set: 0.16ms
[2026-05-27T11:24:07.026+0530][48.282s][info][gc,phases   ] GC(1163)   Other: 0.09ms
[2026-05-27T11:24:07.026+0530][48.282s][info][gc,heap     ] GC(1163) Eden regions: 303->0(301)
[2026-05-27T11:24:07.026+0530][48.282s][info][gc,heap     ] GC(1163) Survivor regions: 4->6(39)
[2026-05-27T11:24:07.026+0530][48.282s][info][gc,heap     ] GC(1163) Old regions: 10->10
[2026-05-27T11:24:07.026+0530][48.282s][info][gc,heap     ] GC(1163) Archive regions: 2->2
[2026-05-27T11:24:07.026+0530][48.282s][info][gc,heap     ] GC(1163) Humongous regions: 0->0
[2026-05-27T11:24:07.026+0530][48.282s][info][gc,metaspace] GC(1163) Metaspace: 1745K(2048K)->1745K(2048K) NonClass: 1568K(1728K)->1568K(1728K) Class: 177K(320K)->177K(320K)
[2026-05-27T11:24:07.026+0530][48.282s][info][gc          ] GC(1163) Pause Young (Normal) (G1 Evacuation Pause) 316M->15M(512M) 0.715ms
[2026-05-27T11:24:07.026+0530][48.282s][info][gc,cpu      ] GC(1163) User=0.01s Sys=0.00s Real=0.00s
[2026-05-27T11:24:07.064+0530][48.320s][info][gc,start    ] GC(1164) Pause Young (Normal) (G1 Evacuation Pause)
[2026-05-27T11:24:07.064+0530][48.320s][info][gc,task     ] GC(1164) Using 9 workers of 9 for evacuation
[2026-05-27T11:24:07.065+0530][48.321s][info][gc,phases   ] GC(1164)   Pre Evacuate Collection Set: 0.08ms
[2026-05-27T11:24:07.065+0530][48.321s][info][gc,phases   ] GC(1164)   Merge Heap Roots: 0.04ms
[2026-05-27T11:24:07.065+0530][48.321s][info][gc,phases   ] GC(1164)   Evacuate Collection Set: 0.26ms
[2026-05-27T11:24:07.065+0530][48.321s][info][gc,phases   ] GC(1164)   Post Evacuate Collection Set: 0.19ms
[2026-05-27T11:24:07.065+0530][48.321s][info][gc,phases   ] GC(1164)   Other: 0.09ms
[2026-05-27T11:24:07.065+0530][48.321s][info][gc,heap     ] GC(1164) Eden regions: 301->0(301)
[2026-05-27T11:24:07.065+0530][48.321s][info][gc,heap     ] GC(1164) Survivor regions: 6->6(39)
[2026-05-27T11:24:07.065+0530][48.321s][info][gc,heap     ] GC(1164) Old regions: 10->10
[2026-05-27T11:24:07.065+0530][48.321s][info][gc,heap     ] GC(1164) Archive regions: 2->2
[2026-05-27T11:24:07.065+0530][48.321s][info][gc,heap     ] GC(1164) Humongous regions: 0->0
[2026-05-27T11:24:07.065+0530][48.321s][info][gc,metaspace] GC(1164) Metaspace: 1745K(2048K)->1745K(2048K) NonClass: 1568K(1728K)->1568K(1728K) Class: 177K(320K)->177K(320K)
[2026-05-27T11:24:07.065+0530][48.321s][info][gc          ] GC(1164) Pause Young (Normal) (G1 Evacuation Pause) 316M->15M(512M) 0.725ms
[2026-05-27T11:24:07.065+0530][48.321s][info][gc,cpu      ] GC(1164) User=0.00s Sys=0.00s Real=0.00s
[2026-05-27T11:24:07.104+0530][48.360s][info][gc,start    ] GC(1165) Pause Young (Normal) (G1 Evacuation Pause)
[2026-05-27T11:24:07.104+0530][48.360s][info][gc,task     ] GC(1165) Using 9 workers of 9 for evacuation
[2026-05-27T11:24:07.105+0530][48.361s][info][gc,phases   ] GC(1165)   Pre Evacuate Collection Set: 0.08ms
[2026-05-27T11:24:07.105+0530][48.361s][info][gc,phases   ] GC(1165)   Merge Heap Roots: 0.05ms
[2026-05-27T11:24:07.105+0530][48.361s][info][gc,phases   ] GC(1165)   Evacuate Collection Set: 0.28ms
[2026-05-27T11:24:07.105+0530][48.361s][info][gc,phases   ] GC(1165)   Post Evacuate Collection Set: 0.18ms
[2026-05-27T11:24:07.105+0530][48.361s][info][gc,phases   ] GC(1165)   Other: 0.10ms
[2026-05-27T11:24:07.105+0530][48.361s][info][gc,heap     ] GC(1165) Eden regions: 301->0(300)
[2026-05-27T11:24:07.105+0530][48.361s][info][gc,heap     ] GC(1165) Survivor regions: 6->7(39)
[2026-05-27T11:24:07.105+0530][48.361s][info][gc,heap     ] GC(1165) Old regions: 10->10
[2026-05-27T11:24:07.105+0530][48.361s][info][gc,heap     ] GC(1165) Archive regions: 2->2
[2026-05-27T11:24:07.105+0530][48.361s][info][gc,heap     ] GC(1165) Humongous regions: 0->0
[2026-05-27T11:24:07.105+0530][48.361s][info][gc,metaspace] GC(1165) Metaspace: 1745K(2048K)->1745K(2048K) NonClass: 1568K(1728K)->1568K(1728K) Class: 177K(320K)->177K(320K)
[2026-05-27T11:24:07.105+0530][48.361s][info][gc          ] GC(1165) Pause Young (Normal) (G1 Evacuation Pause) 316M->16M(512M) 0.737ms
[2026-05-27T11:24:07.105+0530][48.361s][info][gc,cpu      ] GC(1165) User=0.00s Sys=0.01s Real=0.00s
[2026-05-27T11:24:07.146+0530][48.402s][info][gc,start    ] GC(1166) Pause Young (Normal) (G1 Evacuation Pause)
[2026-05-27T11:24:07.146+0530][48.402s][info][gc,task     ] GC(1166) Using 9 workers of 9 for evacuation
[2026-05-27T11:24:07.147+0530][48.403s][info][gc,phases   ] GC(1166)   Pre Evacuate Collection Set: 0.08ms
[2026-05-27T11:24:07.147+0530][48.403s][info][gc,phases   ] GC(1166)   Merge Heap Roots: 0.05ms
[2026-05-27T11:24:07.147+0530][48.403s][info][gc,phases   ] GC(1166)   Evacuate Collection Set: 0.23ms
[2026-05-27T11:24:07.147+0530][48.403s][info][gc,phases   ] GC(1166)   Post Evacuate Collection Set: 0.18ms
[2026-05-27T11:24:07.147+0530][48.403s][info][gc,phases   ] GC(1166)   Other: 0.11ms
[2026-05-27T11:24:07.147+0530][48.403s][info][gc,heap     ] GC(1166) Eden regions: 300->0(302)
[2026-05-27T11:24:07.147+0530][48.403s][info][gc,heap     ] GC(1166) Survivor regions: 7->5(39)
[2026-05-27T11:24:07.147+0530][48.403s][info][gc,heap     ] GC(1166) Old regions: 10->10
[2026-05-27T11:24:07.147+0530][48.403s][info][gc,heap     ] GC(1166) Archive regions: 2->2
[2026-05-27T11:24:07.147+0530][48.403s][info][gc,heap     ] GC(1166) Humongous regions: 0->0
[2026-05-27T11:24:07.147+0530][48.403s][info][gc,metaspace] GC(1166) Metaspace: 1745K(2048K)->1745K(2048K) NonClass: 1568K(1728K)->1568K(1728K) Class: 177K(320K)->177K(320K)
[2026-05-27T11:24:07.147+0530][48.403s][info][gc          ] GC(1166) Pause Young (Normal) (G1 Evacuation Pause) 316M->14M(512M) 0.721ms
[2026-05-27T11:24:07.147+0530][48.403s][info][gc,cpu      ] GC(1166) User=0.00s Sys=0.00s Real=0.00s
[2026-05-27T11:24:07.189+0530][48.445s][info][gc,start    ] GC(1167) Pause Young (Normal) (G1 Evacuation Pause)
[2026-05-27T11:24:07.189+0530][48.445s][info][gc,task     ] GC(1167) Using 9 workers of 9 for evacuation
[2026-05-27T11:24:07.189+0530][48.445s][info][gc,phases   ] GC(1167)   Pre Evacuate Collection Set: 0.06ms
[2026-05-27T11:24:07.189+0530][48.445s][info][gc,phases   ] GC(1167)   Merge Heap Roots: 0.05ms
[2026-05-27T11:24:07.189+0530][48.445s][info][gc,phases   ] GC(1167)   Evacuate Collection Set: 0.35ms
[2026-05-27T11:24:07.189+0530][48.445s][info][gc,phases   ] GC(1167)   Post Evacuate Collection Set: 0.18ms
[2026-05-27T11:24:07.189+0530][48.445s][info][gc,phases   ] GC(1167)   Other: 0.12ms
[2026-05-27T11:24:07.189+0530][48.445s][info][gc,heap     ] GC(1167) Eden regions: 302->0(302)
[2026-05-27T11:24:07.189+0530][48.445s][info][gc,heap     ] GC(1167) Survivor regions: 5->5(39)
[2026-05-27T11:24:07.189+0530][48.445s][info][gc,heap     ] GC(1167) Old regions: 10->10
[2026-05-27T11:24:07.189+0530][48.445s][info][gc,heap     ] GC(1167) Archive regions: 2->2
[2026-05-27T11:24:07.189+0530][48.445s][info][gc,heap     ] GC(1167) Humongous regions: 18->0
[2026-05-27T11:24:07.189+0530][48.445s][info][gc,metaspace] GC(1167) Metaspace: 1745K(2048K)->1745K(2048K) NonClass: 1568K(1728K)->1568K(1728K) Class: 177K(320K)->177K(320K)
[2026-05-27T11:24:07.189+0530][48.445s][info][gc          ] GC(1167) Pause Young (Normal) (G1 Evacuation Pause) 334M->14M(512M) 0.828ms
[2026-05-27T11:24:07.189+0530][48.445s][info][gc,cpu      ] GC(1167) User=0.00s Sys=0.00s Real=0.00s
[2026-05-27T11:24:07.227+0530][48.483s][info][gc,start    ] GC(1168) Pause Young (Normal) (G1 Evacuation Pause)
[2026-05-27T11:24:07.227+0530][48.483s][info][gc,task     ] GC(1168) Using 9 workers of 9 for evacuation
[2026-05-27T11:24:07.228+0530][48.484s][info][gc,phases   ] GC(1168)   Pre Evacuate Collection Set: 0.06ms
[2026-05-27T11:24:07.228+0530][48.484s][info][gc,phases   ] GC(1168)   Merge Heap Roots: 0.05ms
[2026-05-27T11:24:07.228+0530][48.484s][info][gc,phases   ] GC(1168)   Evacuate Collection Set: 0.25ms
[2026-05-27T11:24:07.228+0530][48.484s][info][gc,phases   ] GC(1168)   Post Evacuate Collection Set: 0.18ms
[2026-05-27T11:24:07.228+0530][48.484s][info][gc,phases   ] GC(1168)   Other: 0.10ms
[2026-05-27T11:24:07.228+0530][48.484s][info][gc,heap     ] GC(1168) Eden regions: 302->0(301)
[2026-05-27T11:24:07.228+0530][48.484s][info][gc,heap     ] GC(1168) Survivor regions: 5->6(39)
[2026-05-27T11:24:07.228+0530][48.484s][info][gc,heap     ] GC(1168) Old regions: 10->10
[2026-05-27T11:24:07.228+0530][48.484s][info][gc,heap     ] GC(1168) Archive regions: 2->2
[2026-05-27T11:24:07.228+0530][48.484s][info][gc,heap     ] GC(1168) Humongous regions: 0->0
[2026-05-27T11:24:07.228+0530][48.484s][info][gc,metaspace] GC(1168) Metaspace: 1745K(2048K)->1745K(2048K) NonClass: 1568K(1728K)->1568K(1728K) Class: 177K(320K)->177K(320K)
[2026-05-27T11:24:07.228+0530][48.484s][info][gc          ] GC(1168) Pause Young (Normal) (G1 Evacuation Pause) 316M->15M(512M) 0.708ms
[2026-05-27T11:24:07.228+0530][48.484s][info][gc,cpu      ] GC(1168) User=0.00s Sys=0.00s Real=0.00s
[2026-05-27T11:24:07.267+0530][48.524s][info][gc,start    ] GC(1169) Pause Young (Normal) (G1 Evacuation Pause)
[2026-05-27T11:24:07.268+0530][48.524s][info][gc,task     ] GC(1169) Using 9 workers of 9 for evacuation
[2026-05-27T11:24:07.268+0530][48.524s][info][gc,phases   ] GC(1169)   Pre Evacuate Collection Set: 0.07ms
[2026-05-27T11:24:07.268+0530][48.524s][info][gc,phases   ] GC(1169)   Merge Heap Roots: 0.07ms
[2026-05-27T11:24:07.268+0530][48.524s][info][gc,phases   ] GC(1169)   Evacuate Collection Set: 0.26ms
[2026-05-27T11:24:07.268+0530][48.524s][info][gc,phases   ] GC(1169)   Post Evacuate Collection Set: 0.16ms
[2026-05-27T11:24:07.268+0530][48.524s][info][gc,phases   ] GC(1169)   Other: 0.10ms
[2026-05-27T11:24:07.268+0530][48.524s][info][gc,heap     ] GC(1169) Eden regions: 301->0(302)
[2026-05-27T11:24:07.268+0530][48.524s][info][gc,heap     ] GC(1169) Survivor regions: 6->5(39)
[2026-05-27T11:24:07.268+0530][48.524s][info][gc,heap     ] GC(1169) Old regions: 10->10
[2026-05-27T11:24:07.268+0530][48.524s][info][gc,heap     ] GC(1169) Archive regions: 2->2
[2026-05-27T11:24:07.268+0530][48.524s][info][gc,heap     ] GC(1169) Humongous regions: 0->0
[2026-05-27T11:24:07.268+0530][48.524s][info][gc,metaspace] GC(1169) Metaspace: 1745K(2048K)->1745K(2048K) NonClass: 1568K(1728K)->1568K(1728K) Class: 177K(320K)->177K(320K)
[2026-05-27T11:24:07.268+0530][48.524s][info][gc          ] GC(1169) Pause Young (Normal) (G1 Evacuation Pause) 316M->14M(512M) 0.743ms
[2026-05-27T11:24:07.268+0530][48.524s][info][gc,cpu      ] GC(1169) User=0.01s Sys=0.00s Real=0.00s
[2026-05-27T11:24:07.304+0530][48.560s][info][gc,start    ] GC(1170) Pause Young (Normal) (G1 Evacuation Pause)
[2026-05-27T11:24:07.304+0530][48.560s][info][gc,task     ] GC(1170) Using 9 workers of 9 for evacuation
[2026-05-27T11:24:07.305+0530][48.561s][info][gc,phases   ] GC(1170)   Pre Evacuate Collection Set: 0.10ms
[2026-05-27T11:24:07.305+0530][48.561s][info][gc,phases   ] GC(1170)   Merge Heap Roots: 0.05ms
[2026-05-27T11:24:07.305+0530][48.561s][info][gc,phases   ] GC(1170)   Evacuate Collection Set: 0.22ms
[2026-05-27T11:24:07.305+0530][48.561s][info][gc,phases   ] GC(1170)   Post Evacuate Collection Set: 0.19ms
[2026-05-27T11:24:07.305+0530][48.561s][info][gc,phases   ] GC(1170)   Other: 0.10ms
[2026-05-27T11:24:07.305+0530][48.561s][info][gc,heap     ] GC(1170) Eden regions: 302->0(302)
[2026-05-27T11:24:07.305+0530][48.561s][info][gc,heap     ] GC(1170) Survivor regions: 5->5(39)
[2026-05-27T11:24:07.305+0530][48.561s][info][gc,heap     ] GC(1170) Old regions: 10->10
[2026-05-27T11:24:07.305+0530][48.561s][info][gc,heap     ] GC(1170) Archive regions: 2->2
[2026-05-27T11:24:07.305+0530][48.561s][info][gc,heap     ] GC(1170) Humongous regions: 0->0
[2026-05-27T11:24:07.305+0530][48.561s][info][gc,metaspace] GC(1170) Metaspace: 1745K(2048K)->1745K(2048K) NonClass: 1568K(1728K)->1568K(1728K) Class: 177K(320K)->177K(320K)
[2026-05-27T11:24:07.305+0530][48.561s][info][gc          ] GC(1170) Pause Young (Normal) (G1 Evacuation Pause) 316M->14M(512M) 0.718ms
[2026-05-27T11:24:07.305+0530][48.561s][info][gc,cpu      ] GC(1170) User=0.01s Sys=0.00s Real=0.00s
[2026-05-27T11:24:07.345+0530][48.601s][info][gc,start    ] GC(1171) Pause Young (Normal) (G1 Evacuation Pause)
[2026-05-27T11:24:07.345+0530][48.601s][info][gc,task     ] GC(1171) Using 9 workers of 9 for evacuation
[2026-05-27T11:24:07.345+0530][48.601s][info][gc,phases   ] GC(1171)   Pre Evacuate Collection Set: 0.07ms
[2026-05-27T11:24:07.345+0530][48.602s][info][gc,phases   ] GC(1171)   Merge Heap Roots: 0.05ms
[2026-05-27T11:24:07.345+0530][48.602s][info][gc,phases   ] GC(1171)   Evacuate Collection Set: 0.26ms
[2026-05-27T11:24:07.345+0530][48.602s][info][gc,phases   ] GC(1171)   Post Evacuate Collection Set: 0.18ms
[2026-05-27T11:24:07.345+0530][48.602s][info][gc,phases   ] GC(1171)   Other: 0.11ms
[2026-05-27T11:24:07.345+0530][48.602s][info][gc,heap     ] GC(1171) Eden regions: 302->0(301)
[2026-05-27T11:24:07.345+0530][48.602s][info][gc,heap     ] GC(1171) Survivor regions: 5->6(39)
[2026-05-27T11:24:07.345+0530][48.602s][info][gc,heap     ] GC(1171) Old regions: 10->10
[2026-05-27T11:24:07.345+0530][48.602s][info][gc,heap     ] GC(1171) Archive regions: 2->2
[2026-05-27T11:24:07.345+0530][48.602s][info][gc,heap     ] GC(1171) Humongous regions: 0->0
[2026-05-27T11:24:07.345+0530][48.602s][info][gc,metaspace] GC(1171) Metaspace: 1745K(2048K)->1745K(2048K) NonClass: 1568K(1728K)->1568K(1728K) Class: 177K(320K)->177K(320K)
[2026-05-27T11:24:07.345+0530][48.602s][info][gc          ] GC(1171) Pause Young (Normal) (G1 Evacuation Pause) 316M->15M(512M) 0.741ms
[2026-05-27T11:24:07.346+0530][48.602s][info][gc,cpu      ] GC(1171) User=0.00s Sys=0.00s Real=0.00s
[2026-05-27T11:24:07.384+0530][48.640s][info][gc,start    ] GC(1172) Pause Young (Normal) (G1 Evacuation Pause)
[2026-05-27T11:24:07.384+0530][48.640s][info][gc,task     ] GC(1172) Using 9 workers of 9 for evacuation
[2026-05-27T11:24:07.385+0530][48.641s][info][gc,phases   ] GC(1172)   Pre Evacuate Collection Set: 0.06ms
[2026-05-27T11:24:07.385+0530][48.641s][info][gc,phases   ] GC(1172)   Merge Heap Roots: 0.08ms
[2026-05-27T11:24:07.385+0530][48.641s][info][gc,phases   ] GC(1172)   Evacuate Collection Set: 0.25ms
[2026-05-27T11:24:07.385+0530][48.641s][info][gc,phases   ] GC(1172)   Post Evacuate Collection Set: 0.23ms
[2026-05-27T11:24:07.385+0530][48.641s][info][gc,phases   ] GC(1172)   Other: 0.12ms
[2026-05-27T11:24:07.385+0530][48.641s][info][gc,heap     ] GC(1172) Eden regions: 301->0(304)
[2026-05-27T11:24:07.385+0530][48.641s][info][gc,heap     ] GC(1172) Survivor regions: 6->3(39)
[2026-05-27T11:24:07.385+0530][48.641s][info][gc,heap     ] GC(1172) Old regions: 10->10
[2026-05-27T11:24:07.385+0530][48.641s][info][gc,heap     ] GC(1172) Archive regions: 2->2
[2026-05-27T11:24:07.385+0530][48.641s][info][gc,heap     ] GC(1172) Humongous regions: 9->0
[2026-05-27T11:24:07.385+0530][48.641s][info][gc,metaspace] GC(1172) Metaspace: 1745K(2048K)->1745K(2048K) NonClass: 1568K(1728K)->1568K(1728K) Class: 177K(320K)->177K(320K)
[2026-05-27T11:24:07.385+0530][48.641s][info][gc          ] GC(1172) Pause Young (Normal) (G1 Evacuation Pause) 325M->12M(512M) 0.827ms
[2026-05-27T11:24:07.385+0530][48.641s][info][gc,cpu      ] GC(1172) User=0.00s Sys=0.00s Real=0.00s
[2026-05-27T11:24:07.423+0530][48.679s][info][gc,start    ] GC(1173) Pause Young (Normal) (G1 Evacuation Pause)
[2026-05-27T11:24:07.423+0530][48.679s][info][gc,task     ] GC(1173) Using 9 workers of 9 for evacuation
[2026-05-27T11:24:07.423+0530][48.680s][info][gc,phases   ] GC(1173)   Pre Evacuate Collection Set: 0.07ms
[2026-05-27T11:24:07.424+0530][48.680s][info][gc,phases   ] GC(1173)   Merge Heap Roots: 0.06ms
[2026-05-27T11:24:07.424+0530][48.680s][info][gc,phases   ] GC(1173)   Evacuate Collection Set: 0.26ms
[2026-05-27T11:24:07.424+0530][48.680s][info][gc,phases   ] GC(1173)   Post Evacuate Collection Set: 0.16ms
[2026-05-27T11:24:07.424+0530][48.680s][info][gc,phases   ] GC(1173)   Other: 0.10ms
[2026-05-27T11:24:07.424+0530][48.680s][info][gc,heap     ] GC(1173) Eden regions: 304->0(302)
[2026-05-27T11:24:07.424+0530][48.680s][info][gc,heap     ] GC(1173) Survivor regions: 3->5(39)
[2026-05-27T11:24:07.424+0530][48.680s][info][gc,heap     ] GC(1173) Old regions: 10->10
[2026-05-27T11:24:07.424+0530][48.680s][info][gc,heap     ] GC(1173) Archive regions: 2->2
[2026-05-27T11:24:07.424+0530][48.680s][info][gc,heap     ] GC(1173) Humongous regions: 0->0
[2026-05-27T11:24:07.424+0530][48.680s][info][gc,metaspace] GC(1173) Metaspace: 1745K(2048K)->1745K(2048K) NonClass: 1568K(1728K)->1568K(1728K) Class: 177K(320K)->177K(320K)
[2026-05-27T11:24:07.424+0530][48.680s][info][gc          ] GC(1173) Pause Young (Normal) (G1 Evacuation Pause) 316M->14M(512M) 0.731ms
[2026-05-27T11:24:07.424+0530][48.680s][info][gc,cpu      ] GC(1173) User=0.00s Sys=0.00s Real=0.00s
[2026-05-27T11:24:07.462+0530][48.718s][info][gc,start    ] GC(1174) Pause Young (Normal) (G1 Evacuation Pause)
[2026-05-27T11:24:07.462+0530][48.718s][info][gc,task     ] GC(1174) Using 9 workers of 9 for evacuation
[2026-05-27T11:24:07.463+0530][48.719s][info][gc,phases   ] GC(1174)   Pre Evacuate Collection Set: 0.05ms
[2026-05-27T11:24:07.463+0530][48.719s][info][gc,phases   ] GC(1174)   Merge Heap Roots: 0.06ms
[2026-05-27T11:24:07.463+0530][48.719s][info][gc,phases   ] GC(1174)   Evacuate Collection Set: 0.23ms
[2026-05-27T11:24:07.463+0530][48.719s][info][gc,phases   ] GC(1174)   Post Evacuate Collection Set: 0.15ms
[2026-05-27T11:24:07.463+0530][48.719s][info][gc,phases   ] GC(1174)   Other: 0.08ms
[2026-05-27T11:24:07.463+0530][48.719s][info][gc,heap     ] GC(1174) Eden regions: 302->0(301)
[2026-05-27T11:24:07.463+0530][48.719s][info][gc,heap     ] GC(1174) Survivor regions: 5->6(39)
[2026-05-27T11:24:07.463+0530][48.719s][info][gc,heap     ] GC(1174) Old regions: 10->10
[2026-05-27T11:24:07.463+0530][48.719s][info][gc,heap     ] GC(1174) Archive regions: 2->2
[2026-05-27T11:24:07.463+0530][48.719s][info][gc,heap     ] GC(1174) Humongous regions: 0->0
[2026-05-27T11:24:07.463+0530][48.719s][info][gc,metaspace] GC(1174) Metaspace: 1745K(2048K)->1745K(2048K) NonClass: 1568K(1728K)->1568K(1728K) Class: 177K(320K)->177K(320K)
[2026-05-27T11:24:07.463+0530][48.719s][info][gc          ] GC(1174) Pause Young (Normal) (G1 Evacuation Pause) 316M->15M(512M) 0.647ms
[2026-05-27T11:24:07.463+0530][48.719s][info][gc,cpu      ] GC(1174) User=0.00s Sys=0.00s Real=0.00s
[2026-05-27T11:24:07.499+0530][48.756s][info][gc,start    ] GC(1175) Pause Young (Normal) (G1 Evacuation Pause)
[2026-05-27T11:24:07.499+0530][48.756s][info][gc,task     ] GC(1175) Using 9 workers of 9 for evacuation
[2026-05-27T11:24:07.500+0530][48.756s][info][gc,phases   ] GC(1175)   Pre Evacuate Collection Set: 0.09ms
[2026-05-27T11:24:07.500+0530][48.756s][info][gc,phases   ] GC(1175)   Merge Heap Roots: 0.04ms
[2026-05-27T11:24:07.500+0530][48.756s][info][gc,phases   ] GC(1175)   Evacuate Collection Set: 0.21ms
[2026-05-27T11:24:07.500+0530][48.756s][info][gc,phases   ] GC(1175)   Post Evacuate Collection Set: 0.16ms
[2026-05-27T11:24:07.500+0530][48.756s][info][gc,phases   ] GC(1175)   Other: 0.09ms
[2026-05-27T11:24:07.500+0530][48.756s][info][gc,heap     ] GC(1175) Eden regions: 301->0(302)
[2026-05-27T11:24:07.500+0530][48.756s][info][gc,heap     ] GC(1175) Survivor regions: 6->5(39)
[2026-05-27T11:24:07.500+0530][48.756s][info][gc,heap     ] GC(1175) Old regions: 10->10
[2026-05-27T11:24:07.500+0530][48.756s][info][gc,heap     ] GC(1175) Archive regions: 2->2
[2026-05-27T11:24:07.500+0530][48.756s][info][gc,heap     ] GC(1175) Humongous regions: 0->0
[2026-05-27T11:24:07.500+0530][48.756s][info][gc,metaspace] GC(1175) Metaspace: 1745K(2048K)->1745K(2048K) NonClass: 1568K(1728K)->1568K(1728K) Class: 177K(320K)->177K(320K)
[2026-05-27T11:24:07.500+0530][48.756s][info][gc          ] GC(1175) Pause Young (Normal) (G1 Evacuation Pause) 316M->14M(512M) 0.655ms
[2026-05-27T11:24:07.500+0530][48.756s][info][gc,cpu      ] GC(1175) User=0.00s Sys=0.00s Real=0.01s
[2026-05-27T11:24:07.538+0530][48.794s][info][gc,start    ] GC(1176) Pause Young (Normal) (G1 Evacuation Pause)
[2026-05-27T11:24:07.538+0530][48.794s][info][gc,task     ] GC(1176) Using 9 workers of 9 for evacuation
[2026-05-27T11:24:07.539+0530][48.795s][info][gc,phases   ] GC(1176)   Pre Evacuate Collection Set: 0.12ms
[2026-05-27T11:24:07.539+0530][48.795s][info][gc,phases   ] GC(1176)   Merge Heap Roots: 0.07ms
[2026-05-27T11:24:07.539+0530][48.795s][info][gc,phases   ] GC(1176)   Evacuate Collection Set: 0.26ms
[2026-05-27T11:24:07.539+0530][48.795s][info][gc,phases   ] GC(1176)   Post Evacuate Collection Set: 0.24ms
[2026-05-27T11:24:07.539+0530][48.795s][info][gc,phases   ] GC(1176)   Other: 0.10ms
[2026-05-27T11:24:07.539+0530][48.795s][info][gc,heap     ] GC(1176) Eden regions: 302->0(306)
[2026-05-27T11:24:07.539+0530][48.795s][info][gc,heap     ] GC(1176) Survivor regions: 5->1(39)
[2026-05-27T11:24:07.539+0530][48.795s][info][gc,heap     ] GC(1176) Old regions: 10->10
[2026-05-27T11:24:07.539+0530][48.795s][info][gc,heap     ] GC(1176) Archive regions: 2->2
[2026-05-27T11:24:07.539+0530][48.795s][info][gc,heap     ] GC(1176) Humongous regions: 27->0
[2026-05-27T11:24:07.539+0530][48.795s][info][gc,metaspace] GC(1176) Metaspace: 1745K(2048K)->1745K(2048K) NonClass: 1568K(1728K)->1568K(1728K) Class: 177K(320K)->177K(320K)
[2026-05-27T11:24:07.539+0530][48.795s][info][gc          ] GC(1176) Pause Young (Normal) (G1 Evacuation Pause) 343M->10M(512M) 0.848ms
[2026-05-27T11:24:07.539+0530][48.795s][info][gc,cpu      ] GC(1176) User=0.01s Sys=0.00s Real=0.00s
[2026-05-27T11:24:07.578+0530][48.835s][info][gc,start    ] GC(1177) Pause Young (Normal) (G1 Evacuation Pause)
[2026-05-27T11:24:07.579+0530][48.835s][info][gc,task     ] GC(1177) Using 9 workers of 9 for evacuation
[2026-05-27T11:24:07.579+0530][48.835s][info][gc,phases   ] GC(1177)   Pre Evacuate Collection Set: 0.08ms
[2026-05-27T11:24:07.579+0530][48.835s][info][gc,phases   ] GC(1177)   Merge Heap Roots: 0.05ms
[2026-05-27T11:24:07.579+0530][48.835s][info][gc,phases   ] GC(1177)   Evacuate Collection Set: 0.25ms
[2026-05-27T11:24:07.579+0530][48.835s][info][gc,phases   ] GC(1177)   Post Evacuate Collection Set: 0.20ms
[2026-05-27T11:24:07.579+0530][48.835s][info][gc,phases   ] GC(1177)   Other: 0.09ms
[2026-05-27T11:24:07.579+0530][48.835s][info][gc,heap     ] GC(1177) Eden regions: 306->0(302)
[2026-05-27T11:24:07.579+0530][48.835s][info][gc,heap     ] GC(1177) Survivor regions: 1->5(39)
[2026-05-27T11:24:07.579+0530][48.835s][info][gc,heap     ] GC(1177) Old regions: 10->10
[2026-05-27T11:24:07.579+0530][48.835s][info][gc,heap     ] GC(1177) Archive regions: 2->2
[2026-05-27T11:24:07.579+0530][48.835s][info][gc,heap     ] GC(1177) Humongous regions: 9->0
[2026-05-27T11:24:07.579+0530][48.835s][info][gc,metaspace] GC(1177) Metaspace: 1745K(2048K)->1745K(2048K) NonClass: 1568K(1728K)->1568K(1728K) Class: 177K(320K)->177K(320K)
[2026-05-27T11:24:07.579+0530][48.835s][info][gc          ] GC(1177) Pause Young (Normal) (G1 Evacuation Pause) 325M->14M(512M) 0.753ms
[2026-05-27T11:24:07.579+0530][48.835s][info][gc,cpu      ] GC(1177) User=0.00s Sys=0.00s Real=0.00s
[2026-05-27T11:24:07.616+0530][48.873s][info][gc,start    ] GC(1178) Pause Young (Normal) (G1 Evacuation Pause)
[2026-05-27T11:24:07.616+0530][48.873s][info][gc,task     ] GC(1178) Using 9 workers of 9 for evacuation
[2026-05-27T11:24:07.617+0530][48.873s][info][gc,phases   ] GC(1178)   Pre Evacuate Collection Set: 0.14ms
[2026-05-27T11:24:07.617+0530][48.873s][info][gc,phases   ] GC(1178)   Merge Heap Roots: 0.06ms
[2026-05-27T11:24:07.617+0530][48.873s][info][gc,phases   ] GC(1178)   Evacuate Collection Set: 0.27ms
[2026-05-27T11:24:07.617+0530][48.873s][info][gc,phases   ] GC(1178)   Post Evacuate Collection Set: 0.17ms
[2026-05-27T11:24:07.617+0530][48.873s][info][gc,phases   ] GC(1178)   Other: 0.10ms
[2026-05-27T11:24:07.617+0530][48.873s][info][gc,heap     ] GC(1178) Eden regions: 302->0(300)
[2026-05-27T11:24:07.617+0530][48.873s][info][gc,heap     ] GC(1178) Survivor regions: 5->7(39)
[2026-05-27T11:24:07.617+0530][48.873s][info][gc,heap     ] GC(1178) Old regions: 10->10
[2026-05-27T11:24:07.617+0530][48.873s][info][gc,heap     ] GC(1178) Archive regions: 2->2
[2026-05-27T11:24:07.617+0530][48.873s][info][gc,heap     ] GC(1178) Humongous regions: 0->0
[2026-05-27T11:24:07.617+0530][48.873s][info][gc,metaspace] GC(1178) Metaspace: 1745K(2048K)->1745K(2048K) NonClass: 1568K(1728K)->1568K(1728K) Class: 177K(320K)->177K(320K)
[2026-05-27T11:24:07.617+0530][48.873s][info][gc          ] GC(1178) Pause Young (Normal) (G1 Evacuation Pause) 316M->16M(512M) 0.808ms
[2026-05-27T11:24:07.617+0530][48.873s][info][gc,cpu      ] GC(1178) User=0.00s Sys=0.00s Real=0.00s
[2026-05-27T11:24:07.657+0530][48.913s][info][gc,start    ] GC(1179) Pause Young (Normal) (G1 Evacuation Pause)
[2026-05-27T11:24:07.657+0530][48.913s][info][gc,task     ] GC(1179) Using 9 workers of 9 for evacuation
[2026-05-27T11:24:07.658+0530][48.914s][info][gc,phases   ] GC(1179)   Pre Evacuate Collection Set: 0.10ms
[2026-05-27T11:24:07.658+0530][48.914s][info][gc,phases   ] GC(1179)   Merge Heap Roots: 0.09ms
[2026-05-27T11:24:07.658+0530][48.914s][info][gc,phases   ] GC(1179)   Evacuate Collection Set: 0.26ms
[2026-05-27T11:24:07.658+0530][48.914s][info][gc,phases   ] GC(1179)   Post Evacuate Collection Set: 0.17ms
[2026-05-27T11:24:07.658+0530][48.914s][info][gc,phases   ] GC(1179)   Other: 0.10ms
[2026-05-27T11:24:07.658+0530][48.914s][info][gc,heap     ] GC(1179) Eden regions: 300->0(303)
[2026-05-27T11:24:07.658+0530][48.914s][info][gc,heap     ] GC(1179) Survivor regions: 7->4(39)
[2026-05-27T11:24:07.658+0530][48.914s][info][gc,heap     ] GC(1179) Old regions: 10->10
[2026-05-27T11:24:07.658+0530][48.914s][info][gc,heap     ] GC(1179) Archive regions: 2->2
[2026-05-27T11:24:07.658+0530][48.914s][info][gc,heap     ] GC(1179) Humongous regions: 0->0
[2026-05-27T11:24:07.658+0530][48.914s][info][gc,metaspace] GC(1179) Metaspace: 1745K(2048K)->1745K(2048K) NonClass: 1568K(1728K)->1568K(1728K) Class: 177K(320K)->177K(320K)
[2026-05-27T11:24:07.658+0530][48.914s][info][gc          ] GC(1179) Pause Young (Normal) (G1 Evacuation Pause) 316M->13M(512M) 0.787ms
[2026-05-27T11:24:07.658+0530][48.914s][info][gc,cpu      ] GC(1179) User=0.01s Sys=0.00s Real=0.00s
[2026-05-27T11:24:07.696+0530][48.952s][info][gc,start    ] GC(1180) Pause Young (Normal) (G1 Evacuation Pause)
[2026-05-27T11:24:07.696+0530][48.952s][info][gc,task     ] GC(1180) Using 9 workers of 9 for evacuation
[2026-05-27T11:24:07.697+0530][48.953s][info][gc,phases   ] GC(1180)   Pre Evacuate Collection Set: 0.07ms
[2026-05-27T11:24:07.697+0530][48.953s][info][gc,phases   ] GC(1180)   Merge Heap Roots: 0.04ms
[2026-05-27T11:24:07.697+0530][48.953s][info][gc,phases   ] GC(1180)   Evacuate Collection Set: 0.26ms
[2026-05-27T11:24:07.697+0530][48.953s][info][gc,phases   ] GC(1180)   Post Evacuate Collection Set: 0.17ms
[2026-05-27T11:24:07.697+0530][48.953s][info][gc,phases   ] GC(1180)   Other: 0.10ms
[2026-05-27T11:24:07.697+0530][48.953s][info][gc,heap     ] GC(1180) Eden regions: 303->0(301)
[2026-05-27T11:24:07.697+0530][48.953s][info][gc,heap     ] GC(1180) Survivor regions: 4->6(39)
[2026-05-27T11:24:07.697+0530][48.953s][info][gc,heap     ] GC(1180) Old regions: 10->10
[2026-05-27T11:24:07.697+0530][48.953s][info][gc,heap     ] GC(1180) Archive regions: 2->2
[2026-05-27T11:24:07.697+0530][48.953s][info][gc,heap     ] GC(1180) Humongous regions: 0->0
[2026-05-27T11:24:07.697+0530][48.953s][info][gc,metaspace] GC(1180) Metaspace: 1745K(2048K)->1745K(2048K) NonClass: 1568K(1728K)->1568K(1728K) Class: 177K(320K)->177K(320K)
[2026-05-27T11:24:07.697+0530][48.953s][info][gc          ] GC(1180) Pause Young (Normal) (G1 Evacuation Pause) 316M->16M(512M) 0.740ms
[2026-05-27T11:24:07.697+0530][48.953s][info][gc,cpu      ] GC(1180) User=0.00s Sys=0.00s Real=0.00s
[2026-05-27T11:24:07.735+0530][48.991s][info][gc,start    ] GC(1181) Pause Young (Normal) (G1 Evacuation Pause)
[2026-05-27T11:24:07.735+0530][48.991s][info][gc,task     ] GC(1181) Using 9 workers of 9 for evacuation
[2026-05-27T11:24:07.736+0530][48.992s][info][gc,phases   ] GC(1181)   Pre Evacuate Collection Set: 0.07ms
[2026-05-27T11:24:07.736+0530][48.992s][info][gc,phases   ] GC(1181)   Merge Heap Roots: 0.05ms
[2026-05-27T11:24:07.736+0530][48.992s][info][gc,phases   ] GC(1181)   Evacuate Collection Set: 0.27ms
[2026-05-27T11:24:07.736+0530][48.992s][info][gc,phases   ] GC(1181)   Post Evacuate Collection Set: 0.18ms
[2026-05-27T11:24:07.736+0530][48.992s][info][gc,phases   ] GC(1181)   Other: 0.10ms
[2026-05-27T11:24:07.736+0530][48.992s][info][gc,heap     ] GC(1181) Eden regions: 301->0(301)
[2026-05-27T11:24:07.736+0530][48.992s][info][gc,heap     ] GC(1181) Survivor regions: 6->6(39)
[2026-05-27T11:24:07.736+0530][48.992s][info][gc,heap     ] GC(1181) Old regions: 10->10
[2026-05-27T11:24:07.736+0530][48.992s][info][gc,heap     ] GC(1181) Archive regions: 2->2
[2026-05-27T11:24:07.736+0530][48.992s][info][gc,heap     ] GC(1181) Humongous regions: 0->0
[2026-05-27T11:24:07.736+0530][48.992s][info][gc,metaspace] GC(1181) Metaspace: 1745K(2048K)->1745K(2048K) NonClass: 1568K(1728K)->1568K(1728K) Class: 177K(320K)->177K(320K)
[2026-05-27T11:24:07.736+0530][48.992s][info][gc          ] GC(1181) Pause Young (Normal) (G1 Evacuation Pause) 316M->15M(512M) 0.739ms
[2026-05-27T11:24:07.736+0530][48.992s][info][gc,cpu      ] GC(1181) User=0.01s Sys=0.00s Real=0.00s
[2026-05-27T11:24:07.774+0530][49.030s][info][gc,start    ] GC(1182) Pause Young (Normal) (G1 Evacuation Pause)
[2026-05-27T11:24:07.774+0530][49.031s][info][gc,task     ] GC(1182) Using 9 workers of 9 for evacuation
[2026-05-27T11:24:07.775+0530][49.031s][info][gc,phases   ] GC(1182)   Pre Evacuate Collection Set: 0.07ms
[2026-05-27T11:24:07.775+0530][49.031s][info][gc,phases   ] GC(1182)   Merge Heap Roots: 0.05ms
[2026-05-27T11:24:07.775+0530][49.031s][info][gc,phases   ] GC(1182)   Evacuate Collection Set: 0.34ms
[2026-05-27T11:24:07.775+0530][49.031s][info][gc,phases   ] GC(1182)   Post Evacuate Collection Set: 0.21ms
[2026-05-27T11:24:07.775+0530][49.031s][info][gc,phases   ] GC(1182)   Other: 0.11ms
[2026-05-27T11:24:07.775+0530][49.031s][info][gc,heap     ] GC(1182) Eden regions: 301->0(302)
[2026-05-27T11:24:07.775+0530][49.031s][info][gc,heap     ] GC(1182) Survivor regions: 6->5(39)
[2026-05-27T11:24:07.775+0530][49.031s][info][gc,heap     ] GC(1182) Old regions: 10->10
[2026-05-27T11:24:07.775+0530][49.031s][info][gc,heap     ] GC(1182) Archive regions: 2->2
[2026-05-27T11:24:07.775+0530][49.031s][info][gc,heap     ] GC(1182) Humongous regions: 0->0
[2026-05-27T11:24:07.775+0530][49.031s][info][gc,metaspace] GC(1182) Metaspace: 1745K(2048K)->1745K(2048K) NonClass: 1568K(1728K)->1568K(1728K) Class: 177K(320K)->177K(320K)
[2026-05-27T11:24:07.775+0530][49.031s][info][gc          ] GC(1182) Pause Young (Normal) (G1 Evacuation Pause) 316M->14M(512M) 0.858ms
[2026-05-27T11:24:07.775+0530][49.031s][info][gc,cpu      ] GC(1182) User=0.00s Sys=0.00s Real=0.00s
[2026-05-27T11:24:07.812+0530][49.068s][info][gc,start    ] GC(1183) Pause Young (Normal) (G1 Evacuation Pause)
[2026-05-27T11:24:07.812+0530][49.068s][info][gc,task     ] GC(1183) Using 9 workers of 9 for evacuation
[2026-05-27T11:24:07.813+0530][49.069s][info][gc,phases   ] GC(1183)   Pre Evacuate Collection Set: 0.09ms
[2026-05-27T11:24:07.813+0530][49.069s][info][gc,phases   ] GC(1183)   Merge Heap Roots: 0.12ms
[2026-05-27T11:24:07.813+0530][49.069s][info][gc,phases   ] GC(1183)   Evacuate Collection Set: 0.24ms
[2026-05-27T11:24:07.813+0530][49.069s][info][gc,phases   ] GC(1183)   Post Evacuate Collection Set: 0.22ms
[2026-05-27T11:24:07.813+0530][49.069s][info][gc,phases   ] GC(1183)   Other: 0.09ms
[2026-05-27T11:24:07.813+0530][49.069s][info][gc,heap     ] GC(1183) Eden regions: 302->0(302)
[2026-05-27T11:24:07.813+0530][49.069s][info][gc,heap     ] GC(1183) Survivor regions: 5->5(39)
[2026-05-27T11:24:07.813+0530][49.069s][info][gc,heap     ] GC(1183) Old regions: 10->10
[2026-05-27T11:24:07.813+0530][49.069s][info][gc,heap     ] GC(1183) Archive regions: 2->2
[2026-05-27T11:24:07.813+0530][49.069s][info][gc,heap     ] GC(1183) Humongous regions: 0->0
[2026-05-27T11:24:07.813+0530][49.069s][info][gc,metaspace] GC(1183) Metaspace: 1745K(2048K)->1745K(2048K) NonClass: 1568K(1728K)->1568K(1728K) Class: 177K(320K)->177K(320K)
[2026-05-27T11:24:07.813+0530][49.069s][info][gc          ] GC(1183) Pause Young (Normal) (G1 Evacuation Pause) 316M->14M(512M) 0.805ms
[2026-05-27T11:24:07.813+0530][49.069s][info][gc,cpu      ] GC(1183) User=0.00s Sys=0.00s Real=0.00s
[2026-05-27T11:24:07.851+0530][49.107s][info][gc,start    ] GC(1184) Pause Young (Normal) (G1 Evacuation Pause)
[2026-05-27T11:24:07.851+0530][49.107s][info][gc,task     ] GC(1184) Using 9 workers of 9 for evacuation
[2026-05-27T11:24:07.852+0530][49.108s][info][gc,phases   ] GC(1184)   Pre Evacuate Collection Set: 0.08ms
[2026-05-27T11:24:07.852+0530][49.108s][info][gc,phases   ] GC(1184)   Merge Heap Roots: 0.05ms
[2026-05-27T11:24:07.852+0530][49.108s][info][gc,phases   ] GC(1184)   Evacuate Collection Set: 0.27ms
[2026-05-27T11:24:07.852+0530][49.108s][info][gc,phases   ] GC(1184)   Post Evacuate Collection Set: 0.23ms
[2026-05-27T11:24:07.852+0530][49.108s][info][gc,phases   ] GC(1184)   Other: 0.08ms
[2026-05-27T11:24:07.852+0530][49.108s][info][gc,heap     ] GC(1184) Eden regions: 302->0(301)
[2026-05-27T11:24:07.852+0530][49.108s][info][gc,heap     ] GC(1184) Survivor regions: 5->6(39)
[2026-05-27T11:24:07.852+0530][49.108s][info][gc,heap     ] GC(1184) Old regions: 10->10
[2026-05-27T11:24:07.852+0530][49.108s][info][gc,heap     ] GC(1184) Archive regions: 2->2
[2026-05-27T11:24:07.852+0530][49.108s][info][gc,heap     ] GC(1184) Humongous regions: 9->0
[2026-05-27T11:24:07.852+0530][49.108s][info][gc,metaspace] GC(1184) Metaspace: 1745K(2048K)->1745K(2048K) NonClass: 1568K(1728K)->1568K(1728K) Class: 177K(320K)->177K(320K)
[2026-05-27T11:24:07.852+0530][49.108s][info][gc          ] GC(1184) Pause Young (Normal) (G1 Evacuation Pause) 325M->15M(512M) 0.769ms
[2026-05-27T11:24:07.852+0530][49.108s][info][gc,cpu      ] GC(1184) User=0.00s Sys=0.00s Real=0.00s
[2026-05-27T11:24:07.890+0530][49.146s][info][gc,start    ] GC(1185) Pause Young (Normal) (G1 Evacuation Pause)
[2026-05-27T11:24:07.890+0530][49.146s][info][gc,task     ] GC(1185) Using 9 workers of 9 for evacuation
[2026-05-27T11:24:07.891+0530][49.147s][info][gc,phases   ] GC(1185)   Pre Evacuate Collection Set: 0.08ms
[2026-05-27T11:24:07.891+0530][49.147s][info][gc,phases   ] GC(1185)   Merge Heap Roots: 0.05ms
[2026-05-27T11:24:07.891+0530][49.147s][info][gc,phases   ] GC(1185)   Evacuate Collection Set: 0.26ms
[2026-05-27T11:24:07.891+0530][49.147s][info][gc,phases   ] GC(1185)   Post Evacuate Collection Set: 0.16ms
[2026-05-27T11:24:07.891+0530][49.147s][info][gc,phases   ] GC(1185)   Other: 0.09ms
[2026-05-27T11:24:07.891+0530][49.147s][info][gc,heap     ] GC(1185) Eden regions: 301->0(301)
[2026-05-27T11:24:07.891+0530][49.147s][info][gc,heap     ] GC(1185) Survivor regions: 6->6(39)
[2026-05-27T11:24:07.891+0530][49.147s][info][gc,heap     ] GC(1185) Old regions: 10->10
[2026-05-27T11:24:07.891+0530][49.147s][info][gc,heap     ] GC(1185) Archive regions: 2->2
[2026-05-27T11:24:07.891+0530][49.147s][info][gc,heap     ] GC(1185) Humongous regions: 0->0
[2026-05-27T11:24:07.891+0530][49.147s][info][gc,metaspace] GC(1185) Metaspace: 1745K(2048K)->1745K(2048K) NonClass: 1568K(1728K)->1568K(1728K) Class: 177K(320K)->177K(320K)
[2026-05-27T11:24:07.891+0530][49.147s][info][gc          ] GC(1185) Pause Young (Normal) (G1 Evacuation Pause) 316M->16M(512M) 0.720ms
[2026-05-27T11:24:07.891+0530][49.147s][info][gc,cpu      ] GC(1185) User=0.00s Sys=0.00s Real=0.00s
[2026-05-27T11:24:07.930+0530][49.186s][info][gc,start    ] GC(1186) Pause Young (Normal) (G1 Evacuation Pause)
[2026-05-27T11:24:07.930+0530][49.186s][info][gc,task     ] GC(1186) Using 9 workers of 9 for evacuation
[2026-05-27T11:24:07.931+0530][49.187s][info][gc,phases   ] GC(1186)   Pre Evacuate Collection Set: 0.08ms
[2026-05-27T11:24:07.931+0530][49.187s][info][gc,phases   ] GC(1186)   Merge Heap Roots: 0.05ms
[2026-05-27T11:24:07.931+0530][49.187s][info][gc,phases   ] GC(1186)   Evacuate Collection Set: 0.24ms
[2026-05-27T11:24:07.931+0530][49.187s][info][gc,phases   ] GC(1186)   Post Evacuate Collection Set: 0.22ms
[2026-05-27T11:24:07.931+0530][49.187s][info][gc,phases   ] GC(1186)   Other: 0.10ms
[2026-05-27T11:24:07.931+0530][49.187s][info][gc,heap     ] GC(1186) Eden regions: 301->0(306)
[2026-05-27T11:24:07.931+0530][49.187s][info][gc,heap     ] GC(1186) Survivor regions: 6->1(39)
[2026-05-27T11:24:07.931+0530][49.187s][info][gc,heap     ] GC(1186) Old regions: 10->10
[2026-05-27T11:24:07.931+0530][49.187s][info][gc,heap     ] GC(1186) Archive regions: 2->2
[2026-05-27T11:24:07.931+0530][49.187s][info][gc,heap     ] GC(1186) Humongous regions: 0->0
[2026-05-27T11:24:07.931+0530][49.187s][info][gc,metaspace] GC(1186) Metaspace: 1745K(2048K)->1745K(2048K) NonClass: 1568K(1728K)->1568K(1728K) Class: 177K(320K)->177K(320K)
[2026-05-27T11:24:07.931+0530][49.187s][info][gc          ] GC(1186) Pause Young (Normal) (G1 Evacuation Pause) 317M->11M(512M) 0.762ms
[2026-05-27T11:24:07.931+0530][49.187s][info][gc,cpu      ] GC(1186) User=0.00s Sys=0.00s Real=0.00s
[2026-05-27T11:24:07.967+0530][49.223s][info][gc,start    ] GC(1187) Pause Young (Normal) (G1 Evacuation Pause)
[2026-05-27T11:24:07.967+0530][49.223s][info][gc,task     ] GC(1187) Using 9 workers of 9 for evacuation
[2026-05-27T11:24:07.968+0530][49.224s][info][gc,phases   ] GC(1187)   Pre Evacuate Collection Set: 0.07ms
[2026-05-27T11:24:07.968+0530][49.224s][info][gc,phases   ] GC(1187)   Merge Heap Roots: 0.05ms
[2026-05-27T11:24:07.968+0530][49.224s][info][gc,phases   ] GC(1187)   Evacuate Collection Set: 0.26ms
[2026-05-27T11:24:07.968+0530][49.224s][info][gc,phases   ] GC(1187)   Post Evacuate Collection Set: 0.15ms
[2026-05-27T11:24:07.968+0530][49.224s][info][gc,phases   ] GC(1187)   Other: 0.08ms
[2026-05-27T11:24:07.968+0530][49.224s][info][gc,heap     ] GC(1187) Eden regions: 306->0(300)
[2026-05-27T11:24:07.968+0530][49.224s][info][gc,heap     ] GC(1187) Survivor regions: 1->7(39)
[2026-05-27T11:24:07.968+0530][49.224s][info][gc,heap     ] GC(1187) Old regions: 10->10
[2026-05-27T11:24:07.968+0530][49.224s][info][gc,heap     ] GC(1187) Archive regions: 2->2
[2026-05-27T11:24:07.968+0530][49.224s][info][gc,heap     ] GC(1187) Humongous regions: 0->0
[2026-05-27T11:24:07.968+0530][49.224s][info][gc,metaspace] GC(1187) Metaspace: 1745K(2048K)->1745K(2048K) NonClass: 1568K(1728K)->1568K(1728K) Class: 177K(320K)->177K(320K)
[2026-05-27T11:24:07.968+0530][49.224s][info][gc          ] GC(1187) Pause Young (Normal) (G1 Evacuation Pause) 316M->16M(512M) 0.663ms
[2026-05-27T11:24:07.968+0530][49.224s][info][gc,cpu      ] GC(1187) User=0.00s Sys=0.00s Real=0.00s
[2026-05-27T11:24:08.009+0530][49.265s][info][gc,start    ] GC(1188) Pause Young (Normal) (G1 Evacuation Pause)
[2026-05-27T11:24:08.009+0530][49.265s][info][gc,task     ] GC(1188) Using 9 workers of 9 for evacuation
[2026-05-27T11:24:08.010+0530][49.266s][info][gc,phases   ] GC(1188)   Pre Evacuate Collection Set: 0.10ms
[2026-05-27T11:24:08.010+0530][49.266s][info][gc,phases   ] GC(1188)   Merge Heap Roots: 0.04ms
[2026-05-27T11:24:08.010+0530][49.266s][info][gc,phases   ] GC(1188)   Evacuate Collection Set: 0.25ms
[2026-05-27T11:24:08.010+0530][49.266s][info][gc,phases   ] GC(1188)   Post Evacuate Collection Set: 0.15ms
[2026-05-27T11:24:08.010+0530][49.266s][info][gc,phases   ] GC(1188)   Other: 0.09ms
[2026-05-27T11:24:08.010+0530][49.266s][info][gc,heap     ] GC(1188) Eden regions: 300->0(302)
[2026-05-27T11:24:08.010+0530][49.266s][info][gc,heap     ] GC(1188) Survivor regions: 7->5(39)
[2026-05-27T11:24:08.010+0530][49.266s][info][gc,heap     ] GC(1188) Old regions: 10->10
[2026-05-27T11:24:08.010+0530][49.266s][info][gc,heap     ] GC(1188) Archive regions: 2->2
[2026-05-27T11:24:08.010+0530][49.266s][info][gc,heap     ] GC(1188) Humongous regions: 0->0
[2026-05-27T11:24:08.010+0530][49.266s][info][gc,metaspace] GC(1188) Metaspace: 1745K(2048K)->1745K(2048K) NonClass: 1568K(1728K)->1568K(1728K) Class: 177K(320K)->177K(320K)
[2026-05-27T11:24:08.010+0530][49.266s][info][gc          ] GC(1188) Pause Young (Normal) (G1 Evacuation Pause) 316M->14M(512M) 0.688ms
[2026-05-27T11:24:08.010+0530][49.266s][info][gc,cpu      ] GC(1188) User=0.00s Sys=0.00s Real=0.01s
[2026-05-27T11:24:08.046+0530][49.302s][info][gc,start    ] GC(1189) Pause Young (Normal) (G1 Evacuation Pause)
[2026-05-27T11:24:08.046+0530][49.302s][info][gc,task     ] GC(1189) Using 9 workers of 9 for evacuation
[2026-05-27T11:24:08.046+0530][49.302s][info][gc,phases   ] GC(1189)   Pre Evacuate Collection Set: 0.08ms
[2026-05-27T11:24:08.046+0530][49.302s][info][gc,phases   ] GC(1189)   Merge Heap Roots: 0.05ms
[2026-05-27T11:24:08.046+0530][49.302s][info][gc,phases   ] GC(1189)   Evacuate Collection Set: 0.23ms
[2026-05-27T11:24:08.046+0530][49.302s][info][gc,phases   ] GC(1189)   Post Evacuate Collection Set: 0.20ms
[2026-05-27T11:24:08.046+0530][49.302s][info][gc,phases   ] GC(1189)   Other: 0.09ms
[2026-05-27T11:24:08.046+0530][49.302s][info][gc,heap     ] GC(1189) Eden regions: 302->0(302)
[2026-05-27T11:24:08.046+0530][49.302s][info][gc,heap     ] GC(1189) Survivor regions: 5->5(39)
[2026-05-27T11:24:08.046+0530][49.302s][info][gc,heap     ] GC(1189) Old regions: 10->10
[2026-05-27T11:24:08.046+0530][49.302s][info][gc,heap     ] GC(1189) Archive regions: 2->2
[2026-05-27T11:24:08.046+0530][49.302s][info][gc,heap     ] GC(1189) Humongous regions: 0->0
[2026-05-27T11:24:08.046+0530][49.302s][info][gc,metaspace] GC(1189) Metaspace: 1745K(2048K)->1745K(2048K) NonClass: 1568K(1728K)->1568K(1728K) Class: 177K(320K)->177K(320K)
[2026-05-27T11:24:08.046+0530][49.302s][info][gc          ] GC(1189) Pause Young (Normal) (G1 Evacuation Pause) 316M->14M(512M) 0.696ms
[2026-05-27T11:24:08.046+0530][49.302s][info][gc,cpu      ] GC(1189) User=0.00s Sys=0.00s Real=0.00s
[2026-05-27T11:24:08.085+0530][49.341s][info][gc,start    ] GC(1190) Pause Young (Normal) (G1 Evacuation Pause)
[2026-05-27T11:24:08.085+0530][49.341s][info][gc,task     ] GC(1190) Using 9 workers of 9 for evacuation
[2026-05-27T11:24:08.086+0530][49.342s][info][gc,phases   ] GC(1190)   Pre Evacuate Collection Set: 0.08ms
[2026-05-27T11:24:08.086+0530][49.342s][info][gc,phases   ] GC(1190)   Merge Heap Roots: 0.05ms
[2026-05-27T11:24:08.086+0530][49.342s][info][gc,phases   ] GC(1190)   Evacuate Collection Set: 0.26ms
[2026-05-27T11:24:08.086+0530][49.342s][info][gc,phases   ] GC(1190)   Post Evacuate Collection Set: 0.17ms
[2026-05-27T11:24:08.086+0530][49.342s][info][gc,phases   ] GC(1190)   Other: 0.10ms
[2026-05-27T11:24:08.086+0530][49.342s][info][gc,heap     ] GC(1190) Eden regions: 302->0(303)
[2026-05-27T11:24:08.086+0530][49.342s][info][gc,heap     ] GC(1190) Survivor regions: 5->4(39)
[2026-05-27T11:24:08.086+0530][49.342s][info][gc,heap     ] GC(1190) Old regions: 10->10
[2026-05-27T11:24:08.086+0530][49.342s][info][gc,heap     ] GC(1190) Archive regions: 2->2
[2026-05-27T11:24:08.086+0530][49.342s][info][gc,heap     ] GC(1190) Humongous regions: 0->0
[2026-05-27T11:24:08.086+0530][49.342s][info][gc,metaspace] GC(1190) Metaspace: 1745K(2048K)->1745K(2048K) NonClass: 1568K(1728K)->1568K(1728K) Class: 177K(320K)->177K(320K)
[2026-05-27T11:24:08.086+0530][49.342s][info][gc          ] GC(1190) Pause Young (Normal) (G1 Evacuation Pause) 316M->13M(512M) 0.724ms
[2026-05-27T11:24:08.086+0530][49.342s][info][gc,cpu      ] GC(1190) User=0.00s Sys=0.00s Real=0.00s
[2026-05-27T11:24:08.126+0530][49.383s][info][gc,start    ] GC(1191) Pause Young (Normal) (G1 Evacuation Pause)
[2026-05-27T11:24:08.126+0530][49.383s][info][gc,task     ] GC(1191) Using 9 workers of 9 for evacuation
[2026-05-27T11:24:08.127+0530][49.383s][info][gc,phases   ] GC(1191)   Pre Evacuate Collection Set: 0.07ms
[2026-05-27T11:24:08.127+0530][49.383s][info][gc,phases   ] GC(1191)   Merge Heap Roots: 0.04ms
[2026-05-27T11:24:08.127+0530][49.383s][info][gc,phases   ] GC(1191)   Evacuate Collection Set: 0.27ms
[2026-05-27T11:24:08.127+0530][49.383s][info][gc,phases   ] GC(1191)   Post Evacuate Collection Set: 0.17ms
[2026-05-27T11:24:08.127+0530][49.383s][info][gc,phases   ] GC(1191)   Other: 0.11ms
[2026-05-27T11:24:08.127+0530][49.383s][info][gc,heap     ] GC(1191) Eden regions: 303->0(302)
[2026-05-27T11:24:08.127+0530][49.383s][info][gc,heap     ] GC(1191) Survivor regions: 4->5(39)
[2026-05-27T11:24:08.127+0530][49.383s][info][gc,heap     ] GC(1191) Old regions: 10->10
[2026-05-27T11:24:08.127+0530][49.383s][info][gc,heap     ] GC(1191) Archive regions: 2->2
[2026-05-27T11:24:08.127+0530][49.383s][info][gc,heap     ] GC(1191) Humongous regions: 0->0
[2026-05-27T11:24:08.127+0530][49.383s][info][gc,metaspace] GC(1191) Metaspace: 1745K(2048K)->1745K(2048K) NonClass: 1568K(1728K)->1568K(1728K) Class: 177K(320K)->177K(320K)
[2026-05-27T11:24:08.127+0530][49.383s][info][gc          ] GC(1191) Pause Young (Normal) (G1 Evacuation Pause) 316M->14M(512M) 0.717ms
[2026-05-27T11:24:08.127+0530][49.383s][info][gc,cpu      ] GC(1191) User=0.00s Sys=0.00s Real=0.00s
[2026-05-27T11:24:08.166+0530][49.422s][info][gc,start    ] GC(1192) Pause Young (Normal) (G1 Evacuation Pause)
[2026-05-27T11:24:08.166+0530][49.422s][info][gc,task     ] GC(1192) Using 9 workers of 9 for evacuation
[2026-05-27T11:24:08.166+0530][49.422s][info][gc,phases   ] GC(1192)   Pre Evacuate Collection Set: 0.08ms
[2026-05-27T11:24:08.166+0530][49.422s][info][gc,phases   ] GC(1192)   Merge Heap Roots: 0.05ms
[2026-05-27T11:24:08.166+0530][49.422s][info][gc,phases   ] GC(1192)   Evacuate Collection Set: 0.27ms
[2026-05-27T11:24:08.166+0530][49.422s][info][gc,phases   ] GC(1192)   Post Evacuate Collection Set: 0.17ms
[2026-05-27T11:24:08.166+0530][49.422s][info][gc,phases   ] GC(1192)   Other: 0.10ms
[2026-05-27T11:24:08.166+0530][49.422s][info][gc,heap     ] GC(1192) Eden regions: 302->0(302)
[2026-05-27T11:24:08.166+0530][49.422s][info][gc,heap     ] GC(1192) Survivor regions: 5->5(39)
[2026-05-27T11:24:08.166+0530][49.422s][info][gc,heap     ] GC(1192) Old regions: 10->10
[2026-05-27T11:24:08.166+0530][49.422s][info][gc,heap     ] GC(1192) Archive regions: 2->2
[2026-05-27T11:24:08.166+0530][49.422s][info][gc,heap     ] GC(1192) Humongous regions: 0->0
[2026-05-27T11:24:08.166+0530][49.422s][info][gc,metaspace] GC(1192) Metaspace: 1745K(2048K)->1745K(2048K) NonClass: 1568K(1728K)->1568K(1728K) Class: 177K(320K)->177K(320K)
[2026-05-27T11:24:08.166+0530][49.422s][info][gc          ] GC(1192) Pause Young (Normal) (G1 Evacuation Pause) 316M->14M(512M) 0.731ms
[2026-05-27T11:24:08.166+0530][49.422s][info][gc,cpu      ] GC(1192) User=0.00s Sys=0.00s Real=0.00s
[2026-05-27T11:24:08.205+0530][49.461s][info][gc,start    ] GC(1193) Pause Young (Normal) (G1 Evacuation Pause)
[2026-05-27T11:24:08.205+0530][49.461s][info][gc,task     ] GC(1193) Using 9 workers of 9 for evacuation
[2026-05-27T11:24:08.206+0530][49.462s][info][gc,phases   ] GC(1193)   Pre Evacuate Collection Set: 0.07ms
[2026-05-27T11:24:08.206+0530][49.462s][info][gc,phases   ] GC(1193)   Merge Heap Roots: 0.05ms
[2026-05-27T11:24:08.206+0530][49.462s][info][gc,phases   ] GC(1193)   Evacuate Collection Set: 0.28ms
[2026-05-27T11:24:08.206+0530][49.462s][info][gc,phases   ] GC(1193)   Post Evacuate Collection Set: 0.19ms
[2026-05-27T11:24:08.206+0530][49.462s][info][gc,phases   ] GC(1193)   Other: 0.10ms
[2026-05-27T11:24:08.206+0530][49.462s][info][gc,heap     ] GC(1193) Eden regions: 302->0(302)
[2026-05-27T11:24:08.206+0530][49.462s][info][gc,heap     ] GC(1193) Survivor regions: 5->5(39)
[2026-05-27T11:24:08.206+0530][49.462s][info][gc,heap     ] GC(1193) Old regions: 10->10
[2026-05-27T11:24:08.206+0530][49.462s][info][gc,heap     ] GC(1193) Archive regions: 2->2
[2026-05-27T11:24:08.206+0530][49.462s][info][gc,heap     ] GC(1193) Humongous regions: 9->0
[2026-05-27T11:24:08.206+0530][49.462s][info][gc,metaspace] GC(1193) Metaspace: 1745K(2048K)->1745K(2048K) NonClass: 1568K(1728K)->1568K(1728K) Class: 177K(320K)->177K(320K)
[2026-05-27T11:24:08.206+0530][49.462s][info][gc          ] GC(1193) Pause Young (Normal) (G1 Evacuation Pause) 325M->14M(512M) 0.747ms
[2026-05-27T11:24:08.206+0530][49.462s][info][gc,cpu      ] GC(1193) User=0.01s Sys=0.01s Real=0.00s
[2026-05-27T11:24:08.244+0530][49.500s][info][gc,start    ] GC(1194) Pause Young (Normal) (G1 Evacuation Pause)
[2026-05-27T11:24:08.244+0530][49.500s][info][gc,task     ] GC(1194) Using 9 workers of 9 for evacuation
[2026-05-27T11:24:08.245+0530][49.501s][info][gc,phases   ] GC(1194)   Pre Evacuate Collection Set: 0.11ms
[2026-05-27T11:24:08.245+0530][49.501s][info][gc,phases   ] GC(1194)   Merge Heap Roots: 0.05ms
[2026-05-27T11:24:08.245+0530][49.501s][info][gc,phases   ] GC(1194)   Evacuate Collection Set: 0.31ms
[2026-05-27T11:24:08.245+0530][49.501s][info][gc,phases   ] GC(1194)   Post Evacuate Collection Set: 0.18ms
[2026-05-27T11:24:08.245+0530][49.501s][info][gc,phases   ] GC(1194)   Other: 0.10ms
[2026-05-27T11:24:08.245+0530][49.501s][info][gc,heap     ] GC(1194) Eden regions: 302->0(301)
[2026-05-27T11:24:08.245+0530][49.501s][info][gc,heap     ] GC(1194) Survivor regions: 5->6(39)
[2026-05-27T11:24:08.245+0530][49.501s][info][gc,heap     ] GC(1194) Old regions: 10->10
[2026-05-27T11:24:08.245+0530][49.501s][info][gc,heap     ] GC(1194) Archive regions: 2->2
[2026-05-27T11:24:08.245+0530][49.501s][info][gc,heap     ] GC(1194) Humongous regions: 0->0
[2026-05-27T11:24:08.245+0530][49.501s][info][gc,metaspace] GC(1194) Metaspace: 1745K(2048K)->1745K(2048K) NonClass: 1568K(1728K)->1568K(1728K) Class: 177K(320K)->177K(320K)
[2026-05-27T11:24:08.245+0530][49.501s][info][gc          ] GC(1194) Pause Young (Normal) (G1 Evacuation Pause) 316M->15M(512M) 0.808ms
[2026-05-27T11:24:08.245+0530][49.501s][info][gc,cpu      ] GC(1194) User=0.00s Sys=0.00s Real=0.00s
[2026-05-27T11:24:08.285+0530][49.541s][info][gc,start    ] GC(1195) Pause Young (Normal) (G1 Evacuation Pause)
[2026-05-27T11:24:08.285+0530][49.541s][info][gc,task     ] GC(1195) Using 9 workers of 9 for evacuation
[2026-05-27T11:24:08.285+0530][49.541s][info][gc,phases   ] GC(1195)   Pre Evacuate Collection Set: 0.08ms
[2026-05-27T11:24:08.285+0530][49.541s][info][gc,phases   ] GC(1195)   Merge Heap Roots: 0.08ms
[2026-05-27T11:24:08.285+0530][49.541s][info][gc,phases   ] GC(1195)   Evacuate Collection Set: 0.32ms
[2026-05-27T11:24:08.285+0530][49.541s][info][gc,phases   ] GC(1195)   Post Evacuate Collection Set: 0.22ms
[2026-05-27T11:24:08.285+0530][49.541s][info][gc,phases   ] GC(1195)   Other: 0.11ms
[2026-05-27T11:24:08.285+0530][49.541s][info][gc,heap     ] GC(1195) Eden regions: 301->0(302)
[2026-05-27T11:24:08.285+0530][49.541s][info][gc,heap     ] GC(1195) Survivor regions: 6->5(39)
[2026-05-27T11:24:08.285+0530][49.541s][info][gc,heap     ] GC(1195) Old regions: 10->10
[2026-05-27T11:24:08.285+0530][49.541s][info][gc,heap     ] GC(1195) Archive regions: 2->2
[2026-05-27T11:24:08.285+0530][49.541s][info][gc,heap     ] GC(1195) Humongous regions: 9->0
[2026-05-27T11:24:08.285+0530][49.541s][info][gc,metaspace] GC(1195) Metaspace: 1745K(2048K)->1745K(2048K) NonClass: 1568K(1728K)->1568K(1728K) Class: 177K(320K)->177K(320K)
[2026-05-27T11:24:08.285+0530][49.541s][info][gc          ] GC(1195) Pause Young (Normal) (G1 Evacuation Pause) 325M->15M(512M) 0.860ms
[2026-05-27T11:24:08.285+0530][49.541s][info][gc,cpu      ] GC(1195) User=0.00s Sys=0.00s Real=0.00s
[2026-05-27T11:24:08.322+0530][49.578s][info][gc,start    ] GC(1196) Pause Young (Normal) (G1 Evacuation Pause)
[2026-05-27T11:24:08.322+0530][49.578s][info][gc,task     ] GC(1196) Using 9 workers of 9 for evacuation
[2026-05-27T11:24:08.323+0530][49.579s][info][gc,phases   ] GC(1196)   Pre Evacuate Collection Set: 0.10ms
[2026-05-27T11:24:08.323+0530][49.579s][info][gc,phases   ] GC(1196)   Merge Heap Roots: 0.05ms
[2026-05-27T11:24:08.323+0530][49.579s][info][gc,phases   ] GC(1196)   Evacuate Collection Set: 0.21ms
[2026-05-27T11:24:08.323+0530][49.579s][info][gc,phases   ] GC(1196)   Post Evacuate Collection Set: 0.18ms
[2026-05-27T11:24:08.323+0530][49.579s][info][gc,phases   ] GC(1196)   Other: 0.09ms
[2026-05-27T11:24:08.323+0530][49.579s][info][gc,heap     ] GC(1196) Eden regions: 302->0(305)
[2026-05-27T11:24:08.323+0530][49.579s][info][gc,heap     ] GC(1196) Survivor regions: 5->2(39)
[2026-05-27T11:24:08.323+0530][49.579s][info][gc,heap     ] GC(1196) Old regions: 10->10
[2026-05-27T11:24:08.323+0530][49.579s][info][gc,heap     ] GC(1196) Archive regions: 2->2
[2026-05-27T11:24:08.323+0530][49.579s][info][gc,heap     ] GC(1196) Humongous regions: 9->0
[2026-05-27T11:24:08.323+0530][49.579s][info][gc,metaspace] GC(1196) Metaspace: 1745K(2048K)->1745K(2048K) NonClass: 1568K(1728K)->1568K(1728K) Class: 177K(320K)->177K(320K)
[2026-05-27T11:24:08.323+0530][49.579s][info][gc          ] GC(1196) Pause Young (Normal) (G1 Evacuation Pause) 325M->11M(512M) 0.689ms
[2026-05-27T11:24:08.323+0530][49.579s][info][gc,cpu      ] GC(1196) User=0.00s Sys=0.00s Real=0.00s
[2026-05-27T11:24:08.361+0530][49.617s][info][gc,start    ] GC(1197) Pause Young (Normal) (G1 Evacuation Pause)
[2026-05-27T11:24:08.361+0530][49.617s][info][gc,task     ] GC(1197) Using 9 workers of 9 for evacuation
[2026-05-27T11:24:08.362+0530][49.618s][info][gc,phases   ] GC(1197)   Pre Evacuate Collection Set: 0.08ms
[2026-05-27T11:24:08.362+0530][49.618s][info][gc,phases   ] GC(1197)   Merge Heap Roots: 0.06ms
[2026-05-27T11:24:08.362+0530][49.618s][info][gc,phases   ] GC(1197)   Evacuate Collection Set: 0.25ms
[2026-05-27T11:24:08.362+0530][49.618s][info][gc,phases   ] GC(1197)   Post Evacuate Collection Set: 0.19ms
[2026-05-27T11:24:08.362+0530][49.618s][info][gc,phases   ] GC(1197)   Other: 0.11ms
[2026-05-27T11:24:08.362+0530][49.618s][info][gc,heap     ] GC(1197) Eden regions: 305->0(302)
[2026-05-27T11:24:08.362+0530][49.618s][info][gc,heap     ] GC(1197) Survivor regions: 2->5(39)
[2026-05-27T11:24:08.362+0530][49.618s][info][gc,heap     ] GC(1197) Old regions: 10->10
[2026-05-27T11:24:08.362+0530][49.618s][info][gc,heap     ] GC(1197) Archive regions: 2->2
[2026-05-27T11:24:08.362+0530][49.618s][info][gc,heap     ] GC(1197) Humongous regions: 0->0
[2026-05-27T11:24:08.362+0530][49.618s][info][gc,metaspace] GC(1197) Metaspace: 1745K(2048K)->1745K(2048K) NonClass: 1568K(1728K)->1568K(1728K) Class: 177K(320K)->177K(320K)
[2026-05-27T11:24:08.362+0530][49.618s][info][gc          ] GC(1197) Pause Young (Normal) (G1 Evacuation Pause) 316M->14M(512M) 0.741ms
[2026-05-27T11:24:08.362+0530][49.618s][info][gc,cpu      ] GC(1197) User=0.01s Sys=0.00s Real=0.00s
[2026-05-27T11:24:08.399+0530][49.655s][info][gc,start    ] GC(1198) Pause Young (Normal) (G1 Evacuation Pause)
[2026-05-27T11:24:08.399+0530][49.656s][info][gc,task     ] GC(1198) Using 9 workers of 9 for evacuation
[2026-05-27T11:24:08.400+0530][49.656s][info][gc,phases   ] GC(1198)   Pre Evacuate Collection Set: 0.10ms
[2026-05-27T11:24:08.400+0530][49.656s][info][gc,phases   ] GC(1198)   Merge Heap Roots: 0.04ms
[2026-05-27T11:24:08.400+0530][49.656s][info][gc,phases   ] GC(1198)   Evacuate Collection Set: 0.24ms
[2026-05-27T11:24:08.400+0530][49.656s][info][gc,phases   ] GC(1198)   Post Evacuate Collection Set: 0.21ms
[2026-05-27T11:24:08.400+0530][49.656s][info][gc,phases   ] GC(1198)   Other: 0.09ms
[2026-05-27T11:24:08.400+0530][49.656s][info][gc,heap     ] GC(1198) Eden regions: 302->0(301)
[2026-05-27T11:24:08.400+0530][49.656s][info][gc,heap     ] GC(1198) Survivor regions: 5->6(39)
[2026-05-27T11:24:08.400+0530][49.656s][info][gc,heap     ] GC(1198) Old regions: 10->10
[2026-05-27T11:24:08.400+0530][49.656s][info][gc,heap     ] GC(1198) Archive regions: 2->2
[2026-05-27T11:24:08.400+0530][49.656s][info][gc,heap     ] GC(1198) Humongous regions: 0->0
[2026-05-27T11:24:08.400+0530][49.656s][info][gc,metaspace] GC(1198) Metaspace: 1745K(2048K)->1745K(2048K) NonClass: 1568K(1728K)->1568K(1728K) Class: 177K(320K)->177K(320K)
[2026-05-27T11:24:08.400+0530][49.656s][info][gc          ] GC(1198) Pause Young (Normal) (G1 Evacuation Pause) 316M->15M(512M) 0.772ms
[2026-05-27T11:24:08.400+0530][49.656s][info][gc,cpu      ] GC(1198) User=0.00s Sys=0.00s Real=0.01s
[2026-05-27T11:24:08.439+0530][49.695s][info][gc,start    ] GC(1199) Pause Young (Normal) (G1 Evacuation Pause)
[2026-05-27T11:24:08.439+0530][49.695s][info][gc,task     ] GC(1199) Using 9 workers of 9 for evacuation
[2026-05-27T11:24:08.440+0530][49.696s][info][gc,phases   ] GC(1199)   Pre Evacuate Collection Set: 0.05ms
[2026-05-27T11:24:08.440+0530][49.696s][info][gc,phases   ] GC(1199)   Merge Heap Roots: 0.07ms
[2026-05-27T11:24:08.440+0530][49.696s][info][gc,phases   ] GC(1199)   Evacuate Collection Set: 0.26ms
[2026-05-27T11:24:08.440+0530][49.696s][info][gc,phases   ] GC(1199)   Post Evacuate Collection Set: 0.21ms
[2026-05-27T11:24:08.440+0530][49.696s][info][gc,phases   ] GC(1199)   Other: 0.08ms
[2026-05-27T11:24:08.440+0530][49.696s][info][gc,heap     ] GC(1199) Eden regions: 301->0(300)
[2026-05-27T11:24:08.440+0530][49.696s][info][gc,heap     ] GC(1199) Survivor regions: 6->7(39)
[2026-05-27T11:24:08.440+0530][49.696s][info][gc,heap     ] GC(1199) Old regions: 10->10
[2026-05-27T11:24:08.440+0530][49.696s][info][gc,heap     ] GC(1199) Archive regions: 2->2
[2026-05-27T11:24:08.440+0530][49.696s][info][gc,heap     ] GC(1199) Humongous regions: 0->0
[2026-05-27T11:24:08.440+0530][49.696s][info][gc,metaspace] GC(1199) Metaspace: 1745K(2048K)->1745K(2048K) NonClass: 1568K(1728K)->1568K(1728K) Class: 177K(320K)->177K(320K)
[2026-05-27T11:24:08.440+0530][49.696s][info][gc          ] GC(1199) Pause Young (Normal) (G1 Evacuation Pause) 316M->16M(512M) 0.735ms
[2026-05-27T11:24:08.440+0530][49.696s][info][gc,cpu      ] GC(1199) User=0.01s Sys=0.00s Real=0.01s
[2026-05-27T11:24:08.479+0530][49.735s][info][gc,start    ] GC(1200) Pause Young (Normal) (G1 Evacuation Pause)
[2026-05-27T11:24:08.479+0530][49.735s][info][gc,task     ] GC(1200) Using 9 workers of 9 for evacuation
[2026-05-27T11:24:08.479+0530][49.735s][info][gc,phases   ] GC(1200)   Pre Evacuate Collection Set: 0.08ms
[2026-05-27T11:24:08.479+0530][49.735s][info][gc,phases   ] GC(1200)   Merge Heap Roots: 0.04ms
[2026-05-27T11:24:08.479+0530][49.735s][info][gc,phases   ] GC(1200)   Evacuate Collection Set: 0.27ms
[2026-05-27T11:24:08.479+0530][49.735s][info][gc,phases   ] GC(1200)   Post Evacuate Collection Set: 0.19ms
[2026-05-27T11:24:08.479+0530][49.735s][info][gc,phases   ] GC(1200)   Other: 0.10ms
[2026-05-27T11:24:08.479+0530][49.735s][info][gc,heap     ] GC(1200) Eden regions: 300->0(303)
[2026-05-27T11:24:08.479+0530][49.735s][info][gc,heap     ] GC(1200) Survivor regions: 7->4(39)
[2026-05-27T11:24:08.479+0530][49.735s][info][gc,heap     ] GC(1200) Old regions: 10->10
[2026-05-27T11:24:08.479+0530][49.735s][info][gc,heap     ] GC(1200) Archive regions: 2->2
[2026-05-27T11:24:08.479+0530][49.735s][info][gc,heap     ] GC(1200) Humongous regions: 0->0
[2026-05-27T11:24:08.479+0530][49.735s][info][gc,metaspace] GC(1200) Metaspace: 1745K(2048K)->1745K(2048K) NonClass: 1568K(1728K)->1568K(1728K) Class: 177K(320K)->177K(320K)
[2026-05-27T11:24:08.479+0530][49.735s][info][gc          ] GC(1200) Pause Young (Normal) (G1 Evacuation Pause) 316M->14M(512M) 0.728ms
[2026-05-27T11:24:08.479+0530][49.735s][info][gc,cpu      ] GC(1200) User=0.00s Sys=0.00s Real=0.00s
[2026-05-27T11:24:08.519+0530][49.775s][info][gc,start    ] GC(1201) Pause Young (Normal) (G1 Evacuation Pause)
[2026-05-27T11:24:08.519+0530][49.775s][info][gc,task     ] GC(1201) Using 9 workers of 9 for evacuation
[2026-05-27T11:24:08.519+0530][49.775s][info][gc,phases   ] GC(1201)   Pre Evacuate Collection Set: 0.10ms
[2026-05-27T11:24:08.519+0530][49.775s][info][gc,phases   ] GC(1201)   Merge Heap Roots: 0.05ms
[2026-05-27T11:24:08.519+0530][49.775s][info][gc,phases   ] GC(1201)   Evacuate Collection Set: 0.26ms
[2026-05-27T11:24:08.519+0530][49.775s][info][gc,phases   ] GC(1201)   Post Evacuate Collection Set: 0.21ms
[2026-05-27T11:24:08.519+0530][49.775s][info][gc,phases   ] GC(1201)   Other: 0.09ms
[2026-05-27T11:24:08.519+0530][49.775s][info][gc,heap     ] GC(1201) Eden regions: 303->0(301)
[2026-05-27T11:24:08.519+0530][49.775s][info][gc,heap     ] GC(1201) Survivor regions: 4->6(39)
[2026-05-27T11:24:08.519+0530][49.775s][info][gc,heap     ] GC(1201) Old regions: 10->10
[2026-05-27T11:24:08.519+0530][49.775s][info][gc,heap     ] GC(1201) Archive regions: 2->2
[2026-05-27T11:24:08.519+0530][49.775s][info][gc,heap     ] GC(1201) Humongous regions: 0->0
[2026-05-27T11:24:08.519+0530][49.775s][info][gc,metaspace] GC(1201) Metaspace: 1745K(2048K)->1745K(2048K) NonClass: 1568K(1728K)->1568K(1728K) Class: 177K(320K)->177K(320K)
[2026-05-27T11:24:08.519+0530][49.775s][info][gc          ] GC(1201) Pause Young (Normal) (G1 Evacuation Pause) 316M->15M(512M) 0.787ms
[2026-05-27T11:24:08.519+0530][49.775s][info][gc,cpu      ] GC(1201) User=0.00s Sys=0.00s Real=0.00s
[2026-05-27T11:24:08.556+0530][49.812s][info][gc,start    ] GC(1202) Pause Young (Normal) (G1 Evacuation Pause)
[2026-05-27T11:24:08.556+0530][49.812s][info][gc,task     ] GC(1202) Using 9 workers of 9 for evacuation
[2026-05-27T11:24:08.557+0530][49.813s][info][gc,phases   ] GC(1202)   Pre Evacuate Collection Set: 0.08ms
[2026-05-27T11:24:08.557+0530][49.813s][info][gc,phases   ] GC(1202)   Merge Heap Roots: 0.05ms
[2026-05-27T11:24:08.557+0530][49.813s][info][gc,phases   ] GC(1202)   Evacuate Collection Set: 0.24ms
[2026-05-27T11:24:08.557+0530][49.813s][info][gc,phases   ] GC(1202)   Post Evacuate Collection Set: 0.21ms
[2026-05-27T11:24:08.557+0530][49.813s][info][gc,phases   ] GC(1202)   Other: 0.08ms
[2026-05-27T11:24:08.557+0530][49.813s][info][gc,heap     ] GC(1202) Eden regions: 301->0(301)
[2026-05-27T11:24:08.557+0530][49.813s][info][gc,heap     ] GC(1202) Survivor regions: 6->6(39)
[2026-05-27T11:24:08.557+0530][49.813s][info][gc,heap     ] GC(1202) Old regions: 10->10
[2026-05-27T11:24:08.557+0530][49.813s][info][gc,heap     ] GC(1202) Archive regions: 2->2
[2026-05-27T11:24:08.557+0530][49.813s][info][gc,heap     ] GC(1202) Humongous regions: 0->0
[2026-05-27T11:24:08.557+0530][49.813s][info][gc,metaspace] GC(1202) Metaspace: 1745K(2048K)->1745K(2048K) NonClass: 1568K(1728K)->1568K(1728K) Class: 177K(320K)->177K(320K)
[2026-05-27T11:24:08.557+0530][49.813s][info][gc          ] GC(1202) Pause Young (Normal) (G1 Evacuation Pause) 316M->15M(512M) 0.722ms
[2026-05-27T11:24:08.557+0530][49.813s][info][gc,cpu      ] GC(1202) User=0.00s Sys=0.00s Real=0.00s
[2026-05-27T11:24:08.597+0530][49.853s][info][gc,start    ] GC(1203) Pause Young (Normal) (G1 Evacuation Pause)
[2026-05-27T11:24:08.597+0530][49.853s][info][gc,task     ] GC(1203) Using 9 workers of 9 for evacuation
[2026-05-27T11:24:08.597+0530][49.853s][info][gc,phases   ] GC(1203)   Pre Evacuate Collection Set: 0.08ms
[2026-05-27T11:24:08.597+0530][49.853s][info][gc,phases   ] GC(1203)   Merge Heap Roots: 0.05ms
[2026-05-27T11:24:08.597+0530][49.853s][info][gc,phases   ] GC(1203)   Evacuate Collection Set: 0.30ms
[2026-05-27T11:24:08.597+0530][49.853s][info][gc,phases   ] GC(1203)   Post Evacuate Collection Set: 0.18ms
[2026-05-27T11:24:08.597+0530][49.853s][info][gc,phases   ] GC(1203)   Other: 0.10ms
[2026-05-27T11:24:08.597+0530][49.853s][info][gc,heap     ] GC(1203) Eden regions: 301->0(304)
[2026-05-27T11:24:08.597+0530][49.853s][info][gc,heap     ] GC(1203) Survivor regions: 6->3(39)
[2026-05-27T11:24:08.597+0530][49.853s][info][gc,heap     ] GC(1203) Old regions: 10->10
[2026-05-27T11:24:08.597+0530][49.853s][info][gc,heap     ] GC(1203) Archive regions: 2->2
[2026-05-27T11:24:08.597+0530][49.853s][info][gc,heap     ] GC(1203) Humongous regions: 0->0
[2026-05-27T11:24:08.597+0530][49.853s][info][gc,metaspace] GC(1203) Metaspace: 1745K(2048K)->1745K(2048K) NonClass: 1568K(1728K)->1568K(1728K) Class: 177K(320K)->177K(320K)
[2026-05-27T11:24:08.597+0530][49.853s][info][gc          ] GC(1203) Pause Young (Normal) (G1 Evacuation Pause) 316M->13M(512M) 0.767ms
[2026-05-27T11:24:08.597+0530][49.853s][info][gc,cpu      ] GC(1203) User=0.00s Sys=0.00s Real=0.00s
[2026-05-27T11:24:08.635+0530][49.891s][info][gc,start    ] GC(1204) Pause Young (Normal) (G1 Evacuation Pause)
[2026-05-27T11:24:08.635+0530][49.891s][info][gc,task     ] GC(1204) Using 9 workers of 9 for evacuation
[2026-05-27T11:24:08.635+0530][49.891s][info][gc,phases   ] GC(1204)   Pre Evacuate Collection Set: 0.06ms
[2026-05-27T11:24:08.635+0530][49.891s][info][gc,phases   ] GC(1204)   Merge Heap Roots: 0.04ms
[2026-05-27T11:24:08.635+0530][49.891s][info][gc,phases   ] GC(1204)   Evacuate Collection Set: 0.22ms
[2026-05-27T11:24:08.635+0530][49.891s][info][gc,phases   ] GC(1204)   Post Evacuate Collection Set: 0.18ms
[2026-05-27T11:24:08.635+0530][49.891s][info][gc,phases   ] GC(1204)   Other: 0.10ms
[2026-05-27T11:24:08.635+0530][49.891s][info][gc,heap     ] GC(1204) Eden regions: 304->0(302)
[2026-05-27T11:24:08.635+0530][49.891s][info][gc,heap     ] GC(1204) Survivor regions: 3->5(39)
[2026-05-27T11:24:08.635+0530][49.891s][info][gc,heap     ] GC(1204) Old regions: 10->10
[2026-05-27T11:24:08.635+0530][49.891s][info][gc,heap     ] GC(1204) Archive regions: 2->2
[2026-05-27T11:24:08.635+0530][49.891s][info][gc,heap     ] GC(1204) Humongous regions: 9->0
[2026-05-27T11:24:08.635+0530][49.891s][info][gc,metaspace] GC(1204) Metaspace: 1745K(2048K)->1745K(2048K) NonClass: 1568K(1728K)->1568K(1728K) Class: 177K(320K)->177K(320K)
[2026-05-27T11:24:08.635+0530][49.891s][info][gc          ] GC(1204) Pause Young (Normal) (G1 Evacuation Pause) 325M->14M(512M) 0.663ms
[2026-05-27T11:24:08.635+0530][49.891s][info][gc,cpu      ] GC(1204) User=0.00s Sys=0.00s Real=0.00s
[2026-05-27T11:24:08.673+0530][49.929s][info][gc,start    ] GC(1205) Pause Young (Normal) (G1 Evacuation Pause)
[2026-05-27T11:24:08.673+0530][49.929s][info][gc,task     ] GC(1205) Using 9 workers of 9 for evacuation
[2026-05-27T11:24:08.674+0530][49.930s][info][gc,phases   ] GC(1205)   Pre Evacuate Collection Set: 0.08ms
[2026-05-27T11:24:08.674+0530][49.930s][info][gc,phases   ] GC(1205)   Merge Heap Roots: 0.05ms
[2026-05-27T11:24:08.674+0530][49.930s][info][gc,phases   ] GC(1205)   Evacuate Collection Set: 0.23ms
[2026-05-27T11:24:08.674+0530][49.930s][info][gc,phases   ] GC(1205)   Post Evacuate Collection Set: 0.17ms
[2026-05-27T11:24:08.674+0530][49.930s][info][gc,phases   ] GC(1205)   Other: 0.10ms
[2026-05-27T11:24:08.674+0530][49.930s][info][gc,heap     ] GC(1205) Eden regions: 302->0(301)
[2026-05-27T11:24:08.674+0530][49.930s][info][gc,heap     ] GC(1205) Survivor regions: 5->6(39)
[2026-05-27T11:24:08.674+0530][49.930s][info][gc,heap     ] GC(1205) Old regions: 10->10
[2026-05-27T11:24:08.674+0530][49.930s][info][gc,heap     ] GC(1205) Archive regions: 2->2
[2026-05-27T11:24:08.674+0530][49.930s][info][gc,heap     ] GC(1205) Humongous regions: 0->0
[2026-05-27T11:24:08.674+0530][49.930s][info][gc,metaspace] GC(1205) Metaspace: 1745K(2048K)->1745K(2048K) NonClass: 1568K(1728K)->1568K(1728K) Class: 177K(320K)->177K(320K)
[2026-05-27T11:24:08.674+0530][49.930s][info][gc          ] GC(1205) Pause Young (Normal) (G1 Evacuation Pause) 316M->15M(512M) 0.686ms
[2026-05-27T11:24:08.674+0530][49.930s][info][gc,cpu      ] GC(1205) User=0.00s Sys=0.00s Real=0.00s
[2026-05-27T11:24:08.712+0530][49.968s][info][gc,start    ] GC(1206) Pause Young (Normal) (G1 Evacuation Pause)
[2026-05-27T11:24:08.712+0530][49.968s][info][gc,task     ] GC(1206) Using 9 workers of 9 for evacuation
[2026-05-27T11:24:08.713+0530][49.969s][info][gc,phases   ] GC(1206)   Pre Evacuate Collection Set: 0.06ms
[2026-05-27T11:24:08.713+0530][49.969s][info][gc,phases   ] GC(1206)   Merge Heap Roots: 0.05ms
[2026-05-27T11:24:08.713+0530][49.969s][info][gc,phases   ] GC(1206)   Evacuate Collection Set: 0.25ms
[2026-05-27T11:24:08.713+0530][49.969s][info][gc,phases   ] GC(1206)   Post Evacuate Collection Set: 0.18ms
[2026-05-27T11:24:08.713+0530][49.969s][info][gc,phases   ] GC(1206)   Other: 0.11ms
[2026-05-27T11:24:08.713+0530][49.969s][info][gc,heap     ] GC(1206) Eden regions: 301->0(302)
[2026-05-27T11:24:08.713+0530][49.969s][info][gc,heap     ] GC(1206) Survivor regions: 6->5(39)
[2026-05-27T11:24:08.713+0530][49.969s][info][gc,heap     ] GC(1206) Old regions: 10->10
[2026-05-27T11:24:08.713+0530][49.969s][info][gc,heap     ] GC(1206) Archive regions: 2->2
[2026-05-27T11:24:08.713+0530][49.969s][info][gc,heap     ] GC(1206) Humongous regions: 0->0
[2026-05-27T11:24:08.713+0530][49.969s][info][gc,metaspace] GC(1206) Metaspace: 1745K(2048K)->1745K(2048K) NonClass: 1568K(1728K)->1568K(1728K) Class: 177K(320K)->177K(320K)
[2026-05-27T11:24:08.713+0530][49.969s][info][gc          ] GC(1206) Pause Young (Normal) (G1 Evacuation Pause) 316M->14M(512M) 0.718ms
[2026-05-27T11:24:08.713+0530][49.969s][info][gc,cpu      ] GC(1206) User=0.00s Sys=0.00s Real=0.00s
[2026-05-27T11:24:08.753+0530][50.009s][info][gc,start    ] GC(1207) Pause Young (Normal) (G1 Evacuation Pause)
[2026-05-27T11:24:08.753+0530][50.009s][info][gc,task     ] GC(1207) Using 9 workers of 9 for evacuation
[2026-05-27T11:24:08.754+0530][50.010s][info][gc,phases   ] GC(1207)   Pre Evacuate Collection Set: 0.09ms
[2026-05-27T11:24:08.754+0530][50.010s][info][gc,phases   ] GC(1207)   Merge Heap Roots: 0.04ms
[2026-05-27T11:24:08.754+0530][50.010s][info][gc,phases   ] GC(1207)   Evacuate Collection Set: 0.24ms
[2026-05-27T11:24:08.754+0530][50.010s][info][gc,phases   ] GC(1207)   Post Evacuate Collection Set: 0.22ms
[2026-05-27T11:24:08.754+0530][50.010s][info][gc,phases   ] GC(1207)   Other: 0.11ms
[2026-05-27T11:24:08.754+0530][50.010s][info][gc,heap     ] GC(1207) Eden regions: 302->0(303)
[2026-05-27T11:24:08.754+0530][50.010s][info][gc,heap     ] GC(1207) Survivor regions: 5->4(39)
[2026-05-27T11:24:08.754+0530][50.010s][info][gc,heap     ] GC(1207) Old regions: 10->10
[2026-05-27T11:24:08.754+0530][50.010s][info][gc,heap     ] GC(1207) Archive regions: 2->2
[2026-05-27T11:24:08.754+0530][50.010s][info][gc,heap     ] GC(1207) Humongous regions: 0->0
[2026-05-27T11:24:08.754+0530][50.010s][info][gc,metaspace] GC(1207) Metaspace: 1745K(2048K)->1745K(2048K) NonClass: 1568K(1728K)->1568K(1728K) Class: 177K(320K)->177K(320K)
[2026-05-27T11:24:08.754+0530][50.010s][info][gc          ] GC(1207) Pause Young (Normal) (G1 Evacuation Pause) 316M->13M(512M) 0.784ms
[2026-05-27T11:24:08.754+0530][50.010s][info][gc,cpu      ] GC(1207) User=0.00s Sys=0.00s Real=0.00s
[2026-05-27T11:24:08.792+0530][50.049s][info][gc,start    ] GC(1208) Pause Young (Normal) (G1 Evacuation Pause)
[2026-05-27T11:24:08.792+0530][50.049s][info][gc,task     ] GC(1208) Using 9 workers of 9 for evacuation
[2026-05-27T11:24:08.793+0530][50.049s][info][gc,phases   ] GC(1208)   Pre Evacuate Collection Set: 0.07ms
[2026-05-27T11:24:08.793+0530][50.049s][info][gc,phases   ] GC(1208)   Merge Heap Roots: 0.05ms
[2026-05-27T11:24:08.793+0530][50.049s][info][gc,phases   ] GC(1208)   Evacuate Collection Set: 0.29ms
[2026-05-27T11:24:08.793+0530][50.049s][info][gc,phases   ] GC(1208)   Post Evacuate Collection Set: 0.17ms
[2026-05-27T11:24:08.793+0530][50.049s][info][gc,phases   ] GC(1208)   Other: 0.08ms
[2026-05-27T11:24:08.793+0530][50.049s][info][gc,heap     ] GC(1208) Eden regions: 303->0(302)
[2026-05-27T11:24:08.793+0530][50.049s][info][gc,heap     ] GC(1208) Survivor regions: 4->5(39)
[2026-05-27T11:24:08.793+0530][50.049s][info][gc,heap     ] GC(1208) Old regions: 10->10
[2026-05-27T11:24:08.793+0530][50.049s][info][gc,heap     ] GC(1208) Archive regions: 2->2
[2026-05-27T11:24:08.793+0530][50.049s][info][gc,heap     ] GC(1208) Humongous regions: 0->0
[2026-05-27T11:24:08.793+0530][50.049s][info][gc,metaspace] GC(1208) Metaspace: 1745K(2048K)->1745K(2048K) NonClass: 1568K(1728K)->1568K(1728K) Class: 177K(320K)->177K(320K)
[2026-05-27T11:24:08.793+0530][50.049s][info][gc          ] GC(1208) Pause Young (Normal) (G1 Evacuation Pause) 316M->14M(512M) 0.717ms
[2026-05-27T11:24:08.793+0530][50.049s][info][gc,cpu      ] GC(1208) User=0.00s Sys=0.00s Real=0.00s
[2026-05-27T11:24:08.831+0530][50.087s][info][gc,start    ] GC(1209) Pause Young (Normal) (G1 Evacuation Pause)
[2026-05-27T11:24:08.831+0530][50.087s][info][gc,task     ] GC(1209) Using 9 workers of 9 for evacuation
[2026-05-27T11:24:08.831+0530][50.088s][info][gc,phases   ] GC(1209)   Pre Evacuate Collection Set: 0.08ms
[2026-05-27T11:24:08.831+0530][50.088s][info][gc,phases   ] GC(1209)   Merge Heap Roots: 0.06ms
[2026-05-27T11:24:08.831+0530][50.088s][info][gc,phases   ] GC(1209)   Evacuate Collection Set: 0.26ms
[2026-05-27T11:24:08.831+0530][50.088s][info][gc,phases   ] GC(1209)   Post Evacuate Collection Set: 0.20ms
[2026-05-27T11:24:08.831+0530][50.088s][info][gc,phases   ] GC(1209)   Other: 0.06ms
[2026-05-27T11:24:08.831+0530][50.088s][info][gc,heap     ] GC(1209) Eden regions: 302->0(302)
[2026-05-27T11:24:08.831+0530][50.088s][info][gc,heap     ] GC(1209) Survivor regions: 5->5(39)
[2026-05-27T11:24:08.831+0530][50.088s][info][gc,heap     ] GC(1209) Old regions: 10->10
[2026-05-27T11:24:08.831+0530][50.088s][info][gc,heap     ] GC(1209) Archive regions: 2->2
[2026-05-27T11:24:08.831+0530][50.088s][info][gc,heap     ] GC(1209) Humongous regions: 0->0
[2026-05-27T11:24:08.832+0530][50.088s][info][gc,metaspace] GC(1209) Metaspace: 1745K(2048K)->1745K(2048K) NonClass: 1568K(1728K)->1568K(1728K) Class: 177K(320K)->177K(320K)
[2026-05-27T11:24:08.832+0530][50.088s][info][gc          ] GC(1209) Pause Young (Normal) (G1 Evacuation Pause) 316M->14M(512M) 0.722ms
[2026-05-27T11:24:08.832+0530][50.088s][info][gc,cpu      ] GC(1209) User=0.00s Sys=0.00s Real=0.00s
[2026-05-27T11:24:08.869+0530][50.126s][info][gc,start    ] GC(1210) Pause Young (Normal) (G1 Evacuation Pause)
[2026-05-27T11:24:08.869+0530][50.126s][info][gc,task     ] GC(1210) Using 9 workers of 9 for evacuation
[2026-05-27T11:24:08.870+0530][50.126s][info][gc,phases   ] GC(1210)   Pre Evacuate Collection Set: 0.08ms
[2026-05-27T11:24:08.870+0530][50.126s][info][gc,phases   ] GC(1210)   Merge Heap Roots: 0.05ms
[2026-05-27T11:24:08.870+0530][50.126s][info][gc,phases   ] GC(1210)   Evacuate Collection Set: 0.27ms
[2026-05-27T11:24:08.870+0530][50.126s][info][gc,phases   ] GC(1210)   Post Evacuate Collection Set: 0.19ms
[2026-05-27T11:24:08.870+0530][50.126s][info][gc,phases   ] GC(1210)   Other: 0.10ms
[2026-05-27T11:24:08.870+0530][50.126s][info][gc,heap     ] GC(1210) Eden regions: 302->0(301)
[2026-05-27T11:24:08.870+0530][50.126s][info][gc,heap     ] GC(1210) Survivor regions: 5->6(39)
[2026-05-27T11:24:08.870+0530][50.126s][info][gc,heap     ] GC(1210) Old regions: 10->10
[2026-05-27T11:24:08.870+0530][50.126s][info][gc,heap     ] GC(1210) Archive regions: 2->2
[2026-05-27T11:24:08.870+0530][50.126s][info][gc,heap     ] GC(1210) Humongous regions: 0->0
[2026-05-27T11:24:08.870+0530][50.126s][info][gc,metaspace] GC(1210) Metaspace: 1745K(2048K)->1745K(2048K) NonClass: 1568K(1728K)->1568K(1728K) Class: 177K(320K)->177K(320K)
[2026-05-27T11:24:08.870+0530][50.126s][info][gc          ] GC(1210) Pause Young (Normal) (G1 Evacuation Pause) 316M->15M(512M) 0.764ms
[2026-05-27T11:24:08.870+0530][50.126s][info][gc,cpu      ] GC(1210) User=0.01s Sys=0.00s Real=0.01s
[2026-05-27T11:24:08.907+0530][50.164s][info][gc,start    ] GC(1211) Pause Young (Normal) (G1 Evacuation Pause)
[2026-05-27T11:24:08.908+0530][50.164s][info][gc,task     ] GC(1211) Using 9 workers of 9 for evacuation
[2026-05-27T11:24:08.908+0530][50.164s][info][gc,phases   ] GC(1211)   Pre Evacuate Collection Set: 0.07ms
[2026-05-27T11:24:08.908+0530][50.164s][info][gc,phases   ] GC(1211)   Merge Heap Roots: 0.04ms
[2026-05-27T11:24:08.908+0530][50.164s][info][gc,phases   ] GC(1211)   Evacuate Collection Set: 0.24ms
[2026-05-27T11:24:08.908+0530][50.164s][info][gc,phases   ] GC(1211)   Post Evacuate Collection Set: 0.17ms
[2026-05-27T11:24:08.908+0530][50.164s][info][gc,phases   ] GC(1211)   Other: 0.11ms
[2026-05-27T11:24:08.908+0530][50.164s][info][gc,heap     ] GC(1211) Eden regions: 301->0(302)
[2026-05-27T11:24:08.908+0530][50.164s][info][gc,heap     ] GC(1211) Survivor regions: 6->5(39)
[2026-05-27T11:24:08.908+0530][50.164s][info][gc,heap     ] GC(1211) Old regions: 10->10
[2026-05-27T11:24:08.908+0530][50.164s][info][gc,heap     ] GC(1211) Archive regions: 2->2
[2026-05-27T11:24:08.908+0530][50.164s][info][gc,heap     ] GC(1211) Humongous regions: 0->0
[2026-05-27T11:24:08.908+0530][50.164s][info][gc,metaspace] GC(1211) Metaspace: 1745K(2048K)->1745K(2048K) NonClass: 1568K(1728K)->1568K(1728K) Class: 177K(320K)->177K(320K)
[2026-05-27T11:24:08.908+0530][50.164s][info][gc          ] GC(1211) Pause Young (Normal) (G1 Evacuation Pause) 316M->14M(512M) 0.686ms
[2026-05-27T11:24:08.908+0530][50.164s][info][gc,cpu      ] GC(1211) User=0.00s Sys=0.00s Real=0.00s
[2026-05-27T11:24:08.946+0530][50.202s][info][gc,start    ] GC(1212) Pause Young (Normal) (G1 Evacuation Pause)
[2026-05-27T11:24:08.946+0530][50.202s][info][gc,task     ] GC(1212) Using 9 workers of 9 for evacuation
[2026-05-27T11:24:08.947+0530][50.203s][info][gc,phases   ] GC(1212)   Pre Evacuate Collection Set: 0.08ms
[2026-05-27T11:24:08.947+0530][50.203s][info][gc,phases   ] GC(1212)   Merge Heap Roots: 0.09ms
[2026-05-27T11:24:08.947+0530][50.203s][info][gc,phases   ] GC(1212)   Evacuate Collection Set: 0.26ms
[2026-05-27T11:24:08.947+0530][50.203s][info][gc,phases   ] GC(1212)   Post Evacuate Collection Set: 0.20ms
[2026-05-27T11:24:08.947+0530][50.203s][info][gc,phases   ] GC(1212)   Other: 0.09ms
[2026-05-27T11:24:08.947+0530][50.203s][info][gc,heap     ] GC(1212) Eden regions: 302->0(303)
[2026-05-27T11:24:08.947+0530][50.203s][info][gc,heap     ] GC(1212) Survivor regions: 5->4(39)
[2026-05-27T11:24:08.947+0530][50.203s][info][gc,heap     ] GC(1212) Old regions: 10->10
[2026-05-27T11:24:08.947+0530][50.203s][info][gc,heap     ] GC(1212) Archive regions: 2->2
[2026-05-27T11:24:08.947+0530][50.203s][info][gc,heap     ] GC(1212) Humongous regions: 0->0
[2026-05-27T11:24:08.947+0530][50.203s][info][gc,metaspace] GC(1212) Metaspace: 1745K(2048K)->1745K(2048K) NonClass: 1568K(1728K)->1568K(1728K) Class: 177K(320K)->177K(320K)
[2026-05-27T11:24:08.947+0530][50.203s][info][gc          ] GC(1212) Pause Young (Normal) (G1 Evacuation Pause) 316M->13M(512M) 0.778ms
[2026-05-27T11:24:08.947+0530][50.203s][info][gc,cpu      ] GC(1212) User=0.00s Sys=0.00s Real=0.00s
[2026-05-27T11:24:08.985+0530][50.241s][info][gc,start    ] GC(1213) Pause Young (Normal) (G1 Evacuation Pause)
[2026-05-27T11:24:08.985+0530][50.241s][info][gc,task     ] GC(1213) Using 9 workers of 9 for evacuation
[2026-05-27T11:24:08.986+0530][50.242s][info][gc,phases   ] GC(1213)   Pre Evacuate Collection Set: 0.08ms
[2026-05-27T11:24:08.986+0530][50.242s][info][gc,phases   ] GC(1213)   Merge Heap Roots: 0.05ms
[2026-05-27T11:24:08.986+0530][50.242s][info][gc,phases   ] GC(1213)   Evacuate Collection Set: 0.24ms
[2026-05-27T11:24:08.986+0530][50.242s][info][gc,phases   ] GC(1213)   Post Evacuate Collection Set: 0.18ms
[2026-05-27T11:24:08.986+0530][50.242s][info][gc,phases   ] GC(1213)   Other: 0.09ms
[2026-05-27T11:24:08.986+0530][50.242s][info][gc,heap     ] GC(1213) Eden regions: 303->0(302)
[2026-05-27T11:24:08.986+0530][50.242s][info][gc,heap     ] GC(1213) Survivor regions: 4->5(39)
[2026-05-27T11:24:08.986+0530][50.242s][info][gc,heap     ] GC(1213) Old regions: 10->10
[2026-05-27T11:24:08.986+0530][50.242s][info][gc,heap     ] GC(1213) Archive regions: 2->2
[2026-05-27T11:24:08.986+0530][50.242s][info][gc,heap     ] GC(1213) Humongous regions: 18->0
[2026-05-27T11:24:08.986+0530][50.242s][info][gc,metaspace] GC(1213) Metaspace: 1745K(2048K)->1745K(2048K) NonClass: 1568K(1728K)->1568K(1728K) Class: 177K(320K)->177K(320K)
[2026-05-27T11:24:08.986+0530][50.242s][info][gc          ] GC(1213) Pause Young (Normal) (G1 Evacuation Pause) 334M->14M(512M) 0.693ms
[2026-05-27T11:24:08.986+0530][50.242s][info][gc,cpu      ] GC(1213) User=0.00s Sys=0.00s Real=0.00s
[2026-05-27T11:24:09.023+0530][50.279s][info][gc,start    ] GC(1214) Pause Young (Normal) (G1 Evacuation Pause)
[2026-05-27T11:24:09.023+0530][50.279s][info][gc,task     ] GC(1214) Using 9 workers of 9 for evacuation
[2026-05-27T11:24:09.023+0530][50.279s][info][gc,phases   ] GC(1214)   Pre Evacuate Collection Set: 0.10ms
[2026-05-27T11:24:09.023+0530][50.279s][info][gc,phases   ] GC(1214)   Merge Heap Roots: 0.04ms
[2026-05-27T11:24:09.023+0530][50.279s][info][gc,phases   ] GC(1214)   Evacuate Collection Set: 0.26ms
[2026-05-27T11:24:09.023+0530][50.279s][info][gc,phases   ] GC(1214)   Post Evacuate Collection Set: 0.17ms
[2026-05-27T11:24:09.023+0530][50.279s][info][gc,phases   ] GC(1214)   Other: 0.11ms
[2026-05-27T11:24:09.023+0530][50.279s][info][gc,heap     ] GC(1214) Eden regions: 302->0(301)
[2026-05-27T11:24:09.023+0530][50.279s][info][gc,heap     ] GC(1214) Survivor regions: 5->6(39)
[2026-05-27T11:24:09.023+0530][50.279s][info][gc,heap     ] GC(1214) Old regions: 10->10
[2026-05-27T11:24:09.023+0530][50.279s][info][gc,heap     ] GC(1214) Archive regions: 2->2
[2026-05-27T11:24:09.023+0530][50.279s][info][gc,heap     ] GC(1214) Humongous regions: 9->0
[2026-05-27T11:24:09.023+0530][50.279s][info][gc,metaspace] GC(1214) Metaspace: 1745K(2048K)->1745K(2048K) NonClass: 1568K(1728K)->1568K(1728K) Class: 177K(320K)->177K(320K)
[2026-05-27T11:24:09.023+0530][50.279s][info][gc          ] GC(1214) Pause Young (Normal) (G1 Evacuation Pause) 325M->15M(512M) 0.766ms
[2026-05-27T11:24:09.023+0530][50.279s][info][gc,cpu      ] GC(1214) User=0.00s Sys=0.00s Real=0.00s
[2026-05-27T11:24:09.063+0530][50.319s][info][gc,start    ] GC(1215) Pause Young (Normal) (G1 Evacuation Pause)
[2026-05-27T11:24:09.063+0530][50.319s][info][gc,task     ] GC(1215) Using 9 workers of 9 for evacuation
[2026-05-27T11:24:09.063+0530][50.319s][info][gc,phases   ] GC(1215)   Pre Evacuate Collection Set: 0.12ms
[2026-05-27T11:24:09.063+0530][50.319s][info][gc,phases   ] GC(1215)   Merge Heap Roots: 0.11ms
[2026-05-27T11:24:09.063+0530][50.319s][info][gc,phases   ] GC(1215)   Evacuate Collection Set: 0.24ms
[2026-05-27T11:24:09.063+0530][50.319s][info][gc,phases   ] GC(1215)   Post Evacuate Collection Set: 0.18ms
[2026-05-27T11:24:09.063+0530][50.319s][info][gc,phases   ] GC(1215)   Other: 0.08ms
[2026-05-27T11:24:09.063+0530][50.319s][info][gc,heap     ] GC(1215) Eden regions: 301->0(303)
[2026-05-27T11:24:09.063+0530][50.319s][info][gc,heap     ] GC(1215) Survivor regions: 6->4(39)
[2026-05-27T11:24:09.063+0530][50.319s][info][gc,heap     ] GC(1215) Old regions: 10->10
[2026-05-27T11:24:09.063+0530][50.319s][info][gc,heap     ] GC(1215) Archive regions: 2->2
[2026-05-27T11:24:09.063+0530][50.319s][info][gc,heap     ] GC(1215) Humongous regions: 0->0
[2026-05-27T11:24:09.063+0530][50.319s][info][gc,metaspace] GC(1215) Metaspace: 1745K(2048K)->1745K(2048K) NonClass: 1568K(1728K)->1568K(1728K) Class: 177K(320K)->177K(320K)
[2026-05-27T11:24:09.063+0530][50.319s][info][gc          ] GC(1215) Pause Young (Normal) (G1 Evacuation Pause) 316M->13M(512M) 0.798ms
[2026-05-27T11:24:09.063+0530][50.319s][info][gc,cpu      ] GC(1215) User=0.00s Sys=0.00s Real=0.00s
[2026-05-27T11:24:09.100+0530][50.356s][info][gc,start    ] GC(1216) Pause Young (Normal) (G1 Evacuation Pause)
[2026-05-27T11:24:09.100+0530][50.356s][info][gc,task     ] GC(1216) Using 9 workers of 9 for evacuation
[2026-05-27T11:24:09.101+0530][50.357s][info][gc,phases   ] GC(1216)   Pre Evacuate Collection Set: 0.06ms
[2026-05-27T11:24:09.101+0530][50.357s][info][gc,phases   ] GC(1216)   Merge Heap Roots: 0.06ms
[2026-05-27T11:24:09.101+0530][50.357s][info][gc,phases   ] GC(1216)   Evacuate Collection Set: 0.23ms
[2026-05-27T11:24:09.101+0530][50.357s][info][gc,phases   ] GC(1216)   Post Evacuate Collection Set: 0.19ms
[2026-05-27T11:24:09.101+0530][50.357s][info][gc,phases   ] GC(1216)   Other: 0.11ms
[2026-05-27T11:24:09.101+0530][50.357s][info][gc,heap     ] GC(1216) Eden regions: 303->0(300)
[2026-05-27T11:24:09.101+0530][50.357s][info][gc,heap     ] GC(1216) Survivor regions: 4->7(39)
[2026-05-27T11:24:09.101+0530][50.357s][info][gc,heap     ] GC(1216) Old regions: 10->10
[2026-05-27T11:24:09.101+0530][50.357s][info][gc,heap     ] GC(1216) Archive regions: 2->2
[2026-05-27T11:24:09.101+0530][50.357s][info][gc,heap     ] GC(1216) Humongous regions: 0->0
[2026-05-27T11:24:09.101+0530][50.357s][info][gc,metaspace] GC(1216) Metaspace: 1745K(2048K)->1745K(2048K) NonClass: 1568K(1728K)->1568K(1728K) Class: 177K(320K)->177K(320K)
[2026-05-27T11:24:09.101+0530][50.357s][info][gc          ] GC(1216) Pause Young (Normal) (G1 Evacuation Pause) 316M->16M(512M) 0.716ms
[2026-05-27T11:24:09.101+0530][50.357s][info][gc,cpu      ] GC(1216) User=0.00s Sys=0.00s Real=0.00s
[2026-05-27T11:24:09.146+0530][50.402s][info][gc,start    ] GC(1217) Pause Young (Normal) (G1 Evacuation Pause)
[2026-05-27T11:24:09.146+0530][50.402s][info][gc,task     ] GC(1217) Using 9 workers of 9 for evacuation
[2026-05-27T11:24:09.147+0530][50.403s][info][gc,phases   ] GC(1217)   Pre Evacuate Collection Set: 0.06ms
[2026-05-27T11:24:09.147+0530][50.403s][info][gc,phases   ] GC(1217)   Merge Heap Roots: 0.05ms
[2026-05-27T11:24:09.147+0530][50.403s][info][gc,phases   ] GC(1217)   Evacuate Collection Set: 0.31ms
[2026-05-27T11:24:09.147+0530][50.403s][info][gc,phases   ] GC(1217)   Post Evacuate Collection Set: 0.18ms
[2026-05-27T11:24:09.147+0530][50.403s][info][gc,phases   ] GC(1217)   Other: 0.11ms
[2026-05-27T11:24:09.147+0530][50.403s][info][gc,heap     ] GC(1217) Eden regions: 300->0(302)
[2026-05-27T11:24:09.147+0530][50.403s][info][gc,heap     ] GC(1217) Survivor regions: 7->5(39)
[2026-05-27T11:24:09.147+0530][50.403s][info][gc,heap     ] GC(1217) Old regions: 10->10
[2026-05-27T11:24:09.147+0530][50.403s][info][gc,heap     ] GC(1217) Archive regions: 2->2
[2026-05-27T11:24:09.147+0530][50.403s][info][gc,heap     ] GC(1217) Humongous regions: 0->0
[2026-05-27T11:24:09.147+0530][50.403s][info][gc,metaspace] GC(1217) Metaspace: 1745K(2048K)->1745K(2048K) NonClass: 1568K(1728K)->1568K(1728K) Class: 177K(320K)->177K(320K)
[2026-05-27T11:24:09.147+0530][50.403s][info][gc          ] GC(1217) Pause Young (Normal) (G1 Evacuation Pause) 316M->14M(512M) 0.786ms
[2026-05-27T11:24:09.147+0530][50.403s][info][gc,cpu      ] GC(1217) User=0.00s Sys=0.00s Real=0.00s
[2026-05-27T11:24:09.185+0530][50.441s][info][gc,start    ] GC(1218) Pause Young (Normal) (G1 Evacuation Pause)
[2026-05-27T11:24:09.185+0530][50.441s][info][gc,task     ] GC(1218) Using 9 workers of 9 for evacuation
[2026-05-27T11:24:09.185+0530][50.441s][info][gc,phases   ] GC(1218)   Pre Evacuate Collection Set: 0.10ms
[2026-05-27T11:24:09.185+0530][50.441s][info][gc,phases   ] GC(1218)   Merge Heap Roots: 0.04ms
[2026-05-27T11:24:09.185+0530][50.441s][info][gc,phases   ] GC(1218)   Evacuate Collection Set: 0.24ms
[2026-05-27T11:24:09.185+0530][50.441s][info][gc,phases   ] GC(1218)   Post Evacuate Collection Set: 0.15ms
[2026-05-27T11:24:09.185+0530][50.441s][info][gc,phases   ] GC(1218)   Other: 0.09ms
[2026-05-27T11:24:09.185+0530][50.441s][info][gc,heap     ] GC(1218) Eden regions: 302->0(301)
[2026-05-27T11:24:09.185+0530][50.441s][info][gc,heap     ] GC(1218) Survivor regions: 5->6(39)
[2026-05-27T11:24:09.185+0530][50.441s][info][gc,heap     ] GC(1218) Old regions: 10->10
[2026-05-27T11:24:09.185+0530][50.441s][info][gc,heap     ] GC(1218) Archive regions: 2->2
[2026-05-27T11:24:09.185+0530][50.441s][info][gc,heap     ] GC(1218) Humongous regions: 0->0
[2026-05-27T11:24:09.185+0530][50.441s][info][gc,metaspace] GC(1218) Metaspace: 1745K(2048K)->1745K(2048K) NonClass: 1568K(1728K)->1568K(1728K) Class: 177K(320K)->177K(320K)
[2026-05-27T11:24:09.185+0530][50.441s][info][gc          ] GC(1218) Pause Young (Normal) (G1 Evacuation Pause) 316M->15M(512M) 0.689ms
[2026-05-27T11:24:09.185+0530][50.441s][info][gc,cpu      ] GC(1218) User=0.01s Sys=0.00s Real=0.00s
[2026-05-27T11:24:09.223+0530][50.479s][info][gc,start    ] GC(1219) Pause Young (Normal) (G1 Evacuation Pause)
[2026-05-27T11:24:09.223+0530][50.479s][info][gc,task     ] GC(1219) Using 9 workers of 9 for evacuation
[2026-05-27T11:24:09.224+0530][50.480s][info][gc,phases   ] GC(1219)   Pre Evacuate Collection Set: 0.06ms
[2026-05-27T11:24:09.224+0530][50.480s][info][gc,phases   ] GC(1219)   Merge Heap Roots: 0.04ms
[2026-05-27T11:24:09.224+0530][50.480s][info][gc,phases   ] GC(1219)   Evacuate Collection Set: 0.32ms
[2026-05-27T11:24:09.224+0530][50.480s][info][gc,phases   ] GC(1219)   Post Evacuate Collection Set: 0.15ms
[2026-05-27T11:24:09.224+0530][50.480s][info][gc,phases   ] GC(1219)   Other: 0.09ms
[2026-05-27T11:24:09.224+0530][50.480s][info][gc,heap     ] GC(1219) Eden regions: 301->0(301)
[2026-05-27T11:24:09.224+0530][50.480s][info][gc,heap     ] GC(1219) Survivor regions: 6->6(39)
[2026-05-27T11:24:09.224+0530][50.480s][info][gc,heap     ] GC(1219) Old regions: 10->10
[2026-05-27T11:24:09.224+0530][50.480s][info][gc,heap     ] GC(1219) Archive regions: 2->2
[2026-05-27T11:24:09.224+0530][50.480s][info][gc,heap     ] GC(1219) Humongous regions: 9->0
[2026-05-27T11:24:09.224+0530][50.480s][info][gc,metaspace] GC(1219) Metaspace: 1745K(2048K)->1745K(2048K) NonClass: 1568K(1728K)->1568K(1728K) Class: 177K(320K)->177K(320K)
[2026-05-27T11:24:09.224+0530][50.480s][info][gc          ] GC(1219) Pause Young (Normal) (G1 Evacuation Pause) 325M->15M(512M) 0.738ms
[2026-05-27T11:24:09.224+0530][50.480s][info][gc,cpu      ] GC(1219) User=0.00s Sys=0.00s Real=0.00s
[2026-05-27T11:24:09.262+0530][50.518s][info][gc,start    ] GC(1220) Pause Young (Normal) (G1 Evacuation Pause)
[2026-05-27T11:24:09.262+0530][50.519s][info][gc,task     ] GC(1220) Using 9 workers of 9 for evacuation
[2026-05-27T11:24:09.263+0530][50.519s][info][gc,phases   ] GC(1220)   Pre Evacuate Collection Set: 0.10ms
[2026-05-27T11:24:09.263+0530][50.519s][info][gc,phases   ] GC(1220)   Merge Heap Roots: 0.12ms
[2026-05-27T11:24:09.263+0530][50.519s][info][gc,phases   ] GC(1220)   Evacuate Collection Set: 0.26ms
[2026-05-27T11:24:09.263+0530][50.519s][info][gc,phases   ] GC(1220)   Post Evacuate Collection Set: 0.21ms
[2026-05-27T11:24:09.263+0530][50.519s][info][gc,phases   ] GC(1220)   Other: 0.11ms
[2026-05-27T11:24:09.263+0530][50.519s][info][gc,heap     ] GC(1220) Eden regions: 301->0(302)
[2026-05-27T11:24:09.263+0530][50.519s][info][gc,heap     ] GC(1220) Survivor regions: 6->5(39)
[2026-05-27T11:24:09.263+0530][50.519s][info][gc,heap     ] GC(1220) Old regions: 10->10
[2026-05-27T11:24:09.263+0530][50.519s][info][gc,heap     ] GC(1220) Archive regions: 2->2
[2026-05-27T11:24:09.263+0530][50.519s][info][gc,heap     ] GC(1220) Humongous regions: 0->0
[2026-05-27T11:24:09.263+0530][50.519s][info][gc,metaspace] GC(1220) Metaspace: 1745K(2048K)->1745K(2048K) NonClass: 1568K(1728K)->1568K(1728K) Class: 177K(320K)->177K(320K)
[2026-05-27T11:24:09.263+0530][50.519s][info][gc          ] GC(1220) Pause Young (Normal) (G1 Evacuation Pause) 316M->14M(512M) 0.859ms
[2026-05-27T11:24:09.263+0530][50.519s][info][gc,cpu      ] GC(1220) User=0.01s Sys=0.00s Real=0.00s
[2026-05-27T11:24:09.302+0530][50.558s][info][gc,start    ] GC(1221) Pause Young (Normal) (G1 Evacuation Pause)
[2026-05-27T11:24:09.302+0530][50.558s][info][gc,task     ] GC(1221) Using 9 workers of 9 for evacuation
[2026-05-27T11:24:09.303+0530][50.559s][info][gc,phases   ] GC(1221)   Pre Evacuate Collection Set: 0.11ms
[2026-05-27T11:24:09.303+0530][50.559s][info][gc,phases   ] GC(1221)   Merge Heap Roots: 0.07ms
[2026-05-27T11:24:09.303+0530][50.559s][info][gc,phases   ] GC(1221)   Evacuate Collection Set: 0.25ms
[2026-05-27T11:24:09.303+0530][50.559s][info][gc,phases   ] GC(1221)   Post Evacuate Collection Set: 0.22ms
[2026-05-27T11:24:09.303+0530][50.559s][info][gc,phases   ] GC(1221)   Other: 0.10ms
[2026-05-27T11:24:09.303+0530][50.559s][info][gc,heap     ] GC(1221) Eden regions: 302->0(306)
[2026-05-27T11:24:09.303+0530][50.559s][info][gc,heap     ] GC(1221) Survivor regions: 5->1(39)
[2026-05-27T11:24:09.303+0530][50.559s][info][gc,heap     ] GC(1221) Old regions: 10->10
[2026-05-27T11:24:09.303+0530][50.559s][info][gc,heap     ] GC(1221) Archive regions: 2->2
[2026-05-27T11:24:09.303+0530][50.559s][info][gc,heap     ] GC(1221) Humongous regions: 0->0
[2026-05-27T11:24:09.303+0530][50.559s][info][gc,metaspace] GC(1221) Metaspace: 1745K(2048K)->1745K(2048K) NonClass: 1568K(1728K)->1568K(1728K) Class: 177K(320K)->177K(320K)
[2026-05-27T11:24:09.303+0530][50.559s][info][gc          ] GC(1221) Pause Young (Normal) (G1 Evacuation Pause) 316M->10M(512M) 0.802ms
[2026-05-27T11:24:09.303+0530][50.559s][info][gc,cpu      ] GC(1221) User=0.00s Sys=0.00s Real=0.00s
[2026-05-27T11:24:09.341+0530][50.598s][info][gc,start    ] GC(1222) Pause Young (Normal) (G1 Evacuation Pause)
[2026-05-27T11:24:09.342+0530][50.598s][info][gc,task     ] GC(1222) Using 9 workers of 9 for evacuation
[2026-05-27T11:24:09.342+0530][50.598s][info][gc,phases   ] GC(1222)   Pre Evacuate Collection Set: 0.07ms
[2026-05-27T11:24:09.342+0530][50.598s][info][gc,phases   ] GC(1222)   Merge Heap Roots: 0.05ms
[2026-05-27T11:24:09.342+0530][50.598s][info][gc,phases   ] GC(1222)   Evacuate Collection Set: 0.24ms
[2026-05-27T11:24:09.342+0530][50.598s][info][gc,phases   ] GC(1222)   Post Evacuate Collection Set: 0.18ms
[2026-05-27T11:24:09.342+0530][50.598s][info][gc,phases   ] GC(1222)   Other: 0.10ms
[2026-05-27T11:24:09.342+0530][50.598s][info][gc,heap     ] GC(1222) Eden regions: 306->0(301)
[2026-05-27T11:24:09.342+0530][50.598s][info][gc,heap     ] GC(1222) Survivor regions: 1->6(39)
[2026-05-27T11:24:09.342+0530][50.598s][info][gc,heap     ] GC(1222) Old regions: 10->10
[2026-05-27T11:24:09.342+0530][50.598s][info][gc,heap     ] GC(1222) Archive regions: 2->2
[2026-05-27T11:24:09.342+0530][50.598s][info][gc,heap     ] GC(1222) Humongous regions: 0->0
[2026-05-27T11:24:09.342+0530][50.598s][info][gc,metaspace] GC(1222) Metaspace: 1745K(2048K)->1745K(2048K) NonClass: 1568K(1728K)->1568K(1728K) Class: 177K(320K)->177K(320K)
[2026-05-27T11:24:09.342+0530][50.598s][info][gc          ] GC(1222) Pause Young (Normal) (G1 Evacuation Pause) 316M->15M(512M) 0.711ms
[2026-05-27T11:24:09.342+0530][50.598s][info][gc,cpu      ] GC(1222) User=0.00s Sys=0.00s Real=0.00s
[2026-05-27T11:24:09.381+0530][50.637s][info][gc,start    ] GC(1223) Pause Young (Normal) (G1 Evacuation Pause)
[2026-05-27T11:24:09.381+0530][50.637s][info][gc,task     ] GC(1223) Using 9 workers of 9 for evacuation
[2026-05-27T11:24:09.382+0530][50.638s][info][gc,phases   ] GC(1223)   Pre Evacuate Collection Set: 0.13ms
[2026-05-27T11:24:09.382+0530][50.638s][info][gc,phases   ] GC(1223)   Merge Heap Roots: 0.03ms
[2026-05-27T11:24:09.382+0530][50.638s][info][gc,phases   ] GC(1223)   Evacuate Collection Set: 0.24ms
[2026-05-27T11:24:09.382+0530][50.638s][info][gc,phases   ] GC(1223)   Post Evacuate Collection Set: 0.22ms
[2026-05-27T11:24:09.382+0530][50.638s][info][gc,phases   ] GC(1223)   Other: 0.10ms
[2026-05-27T11:24:09.382+0530][50.638s][info][gc,heap     ] GC(1223) Eden regions: 301->0(302)
[2026-05-27T11:24:09.382+0530][50.638s][info][gc,heap     ] GC(1223) Survivor regions: 6->5(39)
[2026-05-27T11:24:09.382+0530][50.638s][info][gc,heap     ] GC(1223) Old regions: 10->10
[2026-05-27T11:24:09.382+0530][50.638s][info][gc,heap     ] GC(1223) Archive regions: 2->2
[2026-05-27T11:24:09.382+0530][50.638s][info][gc,heap     ] GC(1223) Humongous regions: 0->0
[2026-05-27T11:24:09.382+0530][50.638s][info][gc,metaspace] GC(1223) Metaspace: 1745K(2048K)->1745K(2048K) NonClass: 1568K(1728K)->1568K(1728K) Class: 177K(320K)->177K(320K)
[2026-05-27T11:24:09.382+0530][50.638s][info][gc          ] GC(1223) Pause Young (Normal) (G1 Evacuation Pause) 316M->14M(512M) 0.816ms
[2026-05-27T11:24:09.382+0530][50.638s][info][gc,cpu      ] GC(1223) User=0.01s Sys=0.00s Real=0.00s
[2026-05-27T11:24:09.419+0530][50.675s][info][gc,start    ] GC(1224) Pause Young (Normal) (G1 Evacuation Pause)
[2026-05-27T11:24:09.419+0530][50.675s][info][gc,task     ] GC(1224) Using 9 workers of 9 for evacuation
[2026-05-27T11:24:09.419+0530][50.675s][info][gc,phases   ] GC(1224)   Pre Evacuate Collection Set: 0.08ms
[2026-05-27T11:24:09.419+0530][50.675s][info][gc,phases   ] GC(1224)   Merge Heap Roots: 0.05ms
[2026-05-27T11:24:09.419+0530][50.675s][info][gc,phases   ] GC(1224)   Evacuate Collection Set: 0.25ms
[2026-05-27T11:24:09.419+0530][50.675s][info][gc,phases   ] GC(1224)   Post Evacuate Collection Set: 0.18ms
[2026-05-27T11:24:09.419+0530][50.675s][info][gc,phases   ] GC(1224)   Other: 0.08ms
[2026-05-27T11:24:09.419+0530][50.675s][info][gc,heap     ] GC(1224) Eden regions: 302->0(302)
[2026-05-27T11:24:09.419+0530][50.675s][info][gc,heap     ] GC(1224) Survivor regions: 5->5(39)
[2026-05-27T11:24:09.419+0530][50.675s][info][gc,heap     ] GC(1224) Old regions: 10->10
[2026-05-27T11:24:09.419+0530][50.675s][info][gc,heap     ] GC(1224) Archive regions: 2->2
[2026-05-27T11:24:09.419+0530][50.675s][info][gc,heap     ] GC(1224) Humongous regions: 18->0
[2026-05-27T11:24:09.419+0530][50.675s][info][gc,metaspace] GC(1224) Metaspace: 1745K(2048K)->1745K(2048K) NonClass: 1568K(1728K)->1568K(1728K) Class: 177K(320K)->177K(320K)
[2026-05-27T11:24:09.419+0530][50.675s][info][gc          ] GC(1224) Pause Young (Normal) (G1 Evacuation Pause) 334M->14M(512M) 0.709ms
[2026-05-27T11:24:09.419+0530][50.675s][info][gc,cpu      ] GC(1224) User=0.00s Sys=0.01s Real=0.00s
[2026-05-27T11:24:09.459+0530][50.715s][info][gc,start    ] GC(1225) Pause Young (Normal) (G1 Evacuation Pause)
[2026-05-27T11:24:09.459+0530][50.715s][info][gc,task     ] GC(1225) Using 9 workers of 9 for evacuation
[2026-05-27T11:24:09.460+0530][50.716s][info][gc,phases   ] GC(1225)   Pre Evacuate Collection Set: 0.09ms
[2026-05-27T11:24:09.460+0530][50.716s][info][gc,phases   ] GC(1225)   Merge Heap Roots: 0.04ms
[2026-05-27T11:24:09.460+0530][50.716s][info][gc,phases   ] GC(1225)   Evacuate Collection Set: 0.24ms
[2026-05-27T11:24:09.460+0530][50.716s][info][gc,phases   ] GC(1225)   Post Evacuate Collection Set: 0.23ms
[2026-05-27T11:24:09.460+0530][50.716s][info][gc,phases   ] GC(1225)   Other: 0.11ms
[2026-05-27T11:24:09.460+0530][50.716s][info][gc,heap     ] GC(1225) Eden regions: 302->0(301)
[2026-05-27T11:24:09.460+0530][50.716s][info][gc,heap     ] GC(1225) Survivor regions: 5->6(39)
[2026-05-27T11:24:09.460+0530][50.716s][info][gc,heap     ] GC(1225) Old regions: 10->10
[2026-05-27T11:24:09.460+0530][50.716s][info][gc,heap     ] GC(1225) Archive regions: 2->2
[2026-05-27T11:24:09.460+0530][50.716s][info][gc,heap     ] GC(1225) Humongous regions: 0->0
[2026-05-27T11:24:09.460+0530][50.716s][info][gc,metaspace] GC(1225) Metaspace: 1745K(2048K)->1745K(2048K) NonClass: 1568K(1728K)->1568K(1728K) Class: 177K(320K)->177K(320K)
[2026-05-27T11:24:09.460+0530][50.716s][info][gc          ] GC(1225) Pause Young (Normal) (G1 Evacuation Pause) 316M->16M(512M) 0.775ms
[2026-05-27T11:24:09.460+0530][50.716s][info][gc,cpu      ] GC(1225) User=0.01s Sys=0.00s Real=0.01s
[2026-05-27T11:24:09.497+0530][50.753s][info][gc,start    ] GC(1226) Pause Young (Normal) (G1 Evacuation Pause)
[2026-05-27T11:24:09.497+0530][50.753s][info][gc,task     ] GC(1226) Using 9 workers of 9 for evacuation
[2026-05-27T11:24:09.498+0530][50.754s][info][gc,phases   ] GC(1226)   Pre Evacuate Collection Set: 0.09ms
[2026-05-27T11:24:09.498+0530][50.754s][info][gc,phases   ] GC(1226)   Merge Heap Roots: 0.05ms
[2026-05-27T11:24:09.498+0530][50.754s][info][gc,phases   ] GC(1226)   Evacuate Collection Set: 0.26ms
[2026-05-27T11:24:09.498+0530][50.754s][info][gc,phases   ] GC(1226)   Post Evacuate Collection Set: 0.17ms
[2026-05-27T11:24:09.498+0530][50.754s][info][gc,phases   ] GC(1226)   Other: 0.08ms
[2026-05-27T11:24:09.498+0530][50.754s][info][gc,heap     ] GC(1226) Eden regions: 301->0(302)
[2026-05-27T11:24:09.498+0530][50.754s][info][gc,heap     ] GC(1226) Survivor regions: 6->5(39)
[2026-05-27T11:24:09.498+0530][50.754s][info][gc,heap     ] GC(1226) Old regions: 10->10
[2026-05-27T11:24:09.498+0530][50.754s][info][gc,heap     ] GC(1226) Archive regions: 2->2
[2026-05-27T11:24:09.498+0530][50.754s][info][gc,heap     ] GC(1226) Humongous regions: 0->0
[2026-05-27T11:24:09.498+0530][50.754s][info][gc,metaspace] GC(1226) Metaspace: 1745K(2048K)->1745K(2048K) NonClass: 1568K(1728K)->1568K(1728K) Class: 177K(320K)->177K(320K)
[2026-05-27T11:24:09.498+0530][50.754s][info][gc          ] GC(1226) Pause Young (Normal) (G1 Evacuation Pause) 316M->14M(512M) 0.733ms
[2026-05-27T11:24:09.498+0530][50.754s][info][gc,cpu      ] GC(1226) User=0.00s Sys=0.00s Real=0.00s
[2026-05-27T11:24:09.536+0530][50.792s][info][gc,start    ] GC(1227) Pause Young (Normal) (G1 Evacuation Pause)
[2026-05-27T11:24:09.536+0530][50.792s][info][gc,task     ] GC(1227) Using 9 workers of 9 for evacuation
[2026-05-27T11:24:09.537+0530][50.793s][info][gc,phases   ] GC(1227)   Pre Evacuate Collection Set: 0.08ms
[2026-05-27T11:24:09.537+0530][50.793s][info][gc,phases   ] GC(1227)   Merge Heap Roots: 0.05ms
[2026-05-27T11:24:09.537+0530][50.793s][info][gc,phases   ] GC(1227)   Evacuate Collection Set: 0.30ms
[2026-05-27T11:24:09.537+0530][50.793s][info][gc,phases   ] GC(1227)   Post Evacuate Collection Set: 0.22ms
[2026-05-27T11:24:09.537+0530][50.793s][info][gc,phases   ] GC(1227)   Other: 0.09ms
[2026-05-27T11:24:09.537+0530][50.793s][info][gc,heap     ] GC(1227) Eden regions: 302->0(303)
[2026-05-27T11:24:09.537+0530][50.793s][info][gc,heap     ] GC(1227) Survivor regions: 5->4(39)
[2026-05-27T11:24:09.537+0530][50.793s][info][gc,heap     ] GC(1227) Old regions: 10->10
[2026-05-27T11:24:09.537+0530][50.793s][info][gc,heap     ] GC(1227) Archive regions: 2->2
[2026-05-27T11:24:09.537+0530][50.793s][info][gc,heap     ] GC(1227) Humongous regions: 0->0
[2026-05-27T11:24:09.537+0530][50.793s][info][gc,metaspace] GC(1227) Metaspace: 1745K(2048K)->1745K(2048K) NonClass: 1568K(1728K)->1568K(1728K) Class: 177K(320K)->177K(320K)
[2026-05-27T11:24:09.537+0530][50.793s][info][gc          ] GC(1227) Pause Young (Normal) (G1 Evacuation Pause) 316M->13M(512M) 0.806ms
[2026-05-27T11:24:09.537+0530][50.793s][info][gc,cpu      ] GC(1227) User=0.01s Sys=0.00s Real=0.00s
[2026-05-27T11:24:09.575+0530][50.831s][info][gc,start    ] GC(1228) Pause Young (Normal) (G1 Evacuation Pause)
[2026-05-27T11:24:09.575+0530][50.831s][info][gc,task     ] GC(1228) Using 9 workers of 9 for evacuation
[2026-05-27T11:24:09.576+0530][50.832s][info][gc,phases   ] GC(1228)   Pre Evacuate Collection Set: 0.12ms
[2026-05-27T11:24:09.576+0530][50.832s][info][gc,phases   ] GC(1228)   Merge Heap Roots: 0.05ms
[2026-05-27T11:24:09.576+0530][50.832s][info][gc,phases   ] GC(1228)   Evacuate Collection Set: 0.27ms
[2026-05-27T11:24:09.576+0530][50.832s][info][gc,phases   ] GC(1228)   Post Evacuate Collection Set: 0.21ms
[2026-05-27T11:24:09.576+0530][50.832s][info][gc,phases   ] GC(1228)   Other: 0.08ms
[2026-05-27T11:24:09.576+0530][50.832s][info][gc,heap     ] GC(1228) Eden regions: 303->0(301)
[2026-05-27T11:24:09.576+0530][50.832s][info][gc,heap     ] GC(1228) Survivor regions: 4->6(39)
[2026-05-27T11:24:09.576+0530][50.832s][info][gc,heap     ] GC(1228) Old regions: 10->10
[2026-05-27T11:24:09.576+0530][50.832s][info][gc,heap     ] GC(1228) Archive regions: 2->2
[2026-05-27T11:24:09.576+0530][50.832s][info][gc,heap     ] GC(1228) Humongous regions: 0->0
[2026-05-27T11:24:09.576+0530][50.832s][info][gc,metaspace] GC(1228) Metaspace: 1745K(2048K)->1745K(2048K) NonClass: 1568K(1728K)->1568K(1728K) Class: 177K(320K)->177K(320K)
[2026-05-27T11:24:09.576+0530][50.832s][info][gc          ] GC(1228) Pause Young (Normal) (G1 Evacuation Pause) 316M->15M(512M) 0.805ms
[2026-05-27T11:24:09.576+0530][50.832s][info][gc,cpu      ] GC(1228) User=0.00s Sys=0.00s Real=0.00s
[2026-05-27T11:24:09.613+0530][50.869s][info][gc,start    ] GC(1229) Pause Young (Normal) (G1 Evacuation Pause)
[2026-05-27T11:24:09.613+0530][50.869s][info][gc,task     ] GC(1229) Using 9 workers of 9 for evacuation
[2026-05-27T11:24:09.614+0530][50.870s][info][gc,phases   ] GC(1229)   Pre Evacuate Collection Set: 0.08ms
[2026-05-27T11:24:09.614+0530][50.870s][info][gc,phases   ] GC(1229)   Merge Heap Roots: 0.04ms
[2026-05-27T11:24:09.614+0530][50.870s][info][gc,phases   ] GC(1229)   Evacuate Collection Set: 0.24ms
[2026-05-27T11:24:09.614+0530][50.870s][info][gc,phases   ] GC(1229)   Post Evacuate Collection Set: 0.19ms
[2026-05-27T11:24:09.614+0530][50.870s][info][gc,phases   ] GC(1229)   Other: 0.12ms
[2026-05-27T11:24:09.614+0530][50.870s][info][gc,heap     ] GC(1229) Eden regions: 301->0(301)
[2026-05-27T11:24:09.614+0530][50.870s][info][gc,heap     ] GC(1229) Survivor regions: 6->6(39)
[2026-05-27T11:24:09.614+0530][50.870s][info][gc,heap     ] GC(1229) Old regions: 10->10
[2026-05-27T11:24:09.614+0530][50.870s][info][gc,heap     ] GC(1229) Archive regions: 2->2
[2026-05-27T11:24:09.614+0530][50.870s][info][gc,heap     ] GC(1229) Humongous regions: 0->0
[2026-05-27T11:24:09.614+0530][50.870s][info][gc,metaspace] GC(1229) Metaspace: 1745K(2048K)->1745K(2048K) NonClass: 1568K(1728K)->1568K(1728K) Class: 177K(320K)->177K(320K)
[2026-05-27T11:24:09.614+0530][50.870s][info][gc          ] GC(1229) Pause Young (Normal) (G1 Evacuation Pause) 316M->15M(512M) 0.753ms
[2026-05-27T11:24:09.614+0530][50.870s][info][gc,cpu      ] GC(1229) User=0.00s Sys=0.00s Real=0.00s
[2026-05-27T11:24:09.652+0530][50.909s][info][gc,start    ] GC(1230) Pause Young (Normal) (G1 Evacuation Pause)
[2026-05-27T11:24:09.653+0530][50.909s][info][gc,task     ] GC(1230) Using 9 workers of 9 for evacuation
[2026-05-27T11:24:09.653+0530][50.909s][info][gc,phases   ] GC(1230)   Pre Evacuate Collection Set: 0.07ms
[2026-05-27T11:24:09.653+0530][50.909s][info][gc,phases   ] GC(1230)   Merge Heap Roots: 0.06ms
[2026-05-27T11:24:09.653+0530][50.909s][info][gc,phases   ] GC(1230)   Evacuate Collection Set: 0.22ms
[2026-05-27T11:24:09.653+0530][50.909s][info][gc,phases   ] GC(1230)   Post Evacuate Collection Set: 0.16ms
[2026-05-27T11:24:09.653+0530][50.909s][info][gc,phases   ] GC(1230)   Other: 0.10ms
[2026-05-27T11:24:09.653+0530][50.909s][info][gc,heap     ] GC(1230) Eden regions: 301->0(306)
[2026-05-27T11:24:09.653+0530][50.909s][info][gc,heap     ] GC(1230) Survivor regions: 6->1(39)
[2026-05-27T11:24:09.653+0530][50.909s][info][gc,heap     ] GC(1230) Old regions: 10->10
[2026-05-27T11:24:09.653+0530][50.909s][info][gc,heap     ] GC(1230) Archive regions: 2->2
[2026-05-27T11:24:09.653+0530][50.909s][info][gc,heap     ] GC(1230) Humongous regions: 0->0
[2026-05-27T11:24:09.653+0530][50.909s][info][gc,metaspace] GC(1230) Metaspace: 1745K(2048K)->1745K(2048K) NonClass: 1568K(1728K)->1568K(1728K) Class: 177K(320K)->177K(320K)
[2026-05-27T11:24:09.653+0530][50.909s][info][gc          ] GC(1230) Pause Young (Normal) (G1 Evacuation Pause) 316M->10M(512M) 0.656ms
[2026-05-27T11:24:09.653+0530][50.909s][info][gc,cpu      ] GC(1230) User=0.00s Sys=0.00s Real=0.00s
[2026-05-27T11:24:09.692+0530][50.948s][info][gc,start    ] GC(1231) Pause Young (Normal) (G1 Evacuation Pause)
[2026-05-27T11:24:09.692+0530][50.948s][info][gc,task     ] GC(1231) Using 9 workers of 9 for evacuation
[2026-05-27T11:24:09.693+0530][50.949s][info][gc,phases   ] GC(1231)   Pre Evacuate Collection Set: 0.06ms
[2026-05-27T11:24:09.693+0530][50.949s][info][gc,phases   ] GC(1231)   Merge Heap Roots: 0.05ms
[2026-05-27T11:24:09.693+0530][50.949s][info][gc,phases   ] GC(1231)   Evacuate Collection Set: 0.26ms
[2026-05-27T11:24:09.693+0530][50.949s][info][gc,phases   ] GC(1231)   Post Evacuate Collection Set: 0.22ms
[2026-05-27T11:24:09.693+0530][50.949s][info][gc,phases   ] GC(1231)   Other: 0.09ms
[2026-05-27T11:24:09.693+0530][50.949s][info][gc,heap     ] GC(1231) Eden regions: 306->0(301)
[2026-05-27T11:24:09.693+0530][50.949s][info][gc,heap     ] GC(1231) Survivor regions: 1->6(39)
[2026-05-27T11:24:09.693+0530][50.949s][info][gc,heap     ] GC(1231) Old regions: 10->10
[2026-05-27T11:24:09.693+0530][50.949s][info][gc,heap     ] GC(1231) Archive regions: 2->2
[2026-05-27T11:24:09.693+0530][50.949s][info][gc,heap     ] GC(1231) Humongous regions: 0->0
[2026-05-27T11:24:09.693+0530][50.949s][info][gc,metaspace] GC(1231) Metaspace: 1745K(2048K)->1745K(2048K) NonClass: 1568K(1728K)->1568K(1728K) Class: 177K(320K)->177K(320K)
[2026-05-27T11:24:09.693+0530][50.949s][info][gc          ] GC(1231) Pause Young (Normal) (G1 Evacuation Pause) 316M->15M(512M) 0.750ms
[2026-05-27T11:24:09.693+0530][50.949s][info][gc,cpu      ] GC(1231) User=0.01s Sys=0.00s Real=0.00s
[2026-05-27T11:24:09.731+0530][50.987s][info][gc,start    ] GC(1232) Pause Young (Normal) (G1 Evacuation Pause)
[2026-05-27T11:24:09.731+0530][50.987s][info][gc,task     ] GC(1232) Using 9 workers of 9 for evacuation
[2026-05-27T11:24:09.731+0530][50.987s][info][gc,phases   ] GC(1232)   Pre Evacuate Collection Set: 0.07ms
[2026-05-27T11:24:09.731+0530][50.987s][info][gc,phases   ] GC(1232)   Merge Heap Roots: 0.07ms
[2026-05-27T11:24:09.731+0530][50.987s][info][gc,phases   ] GC(1232)   Evacuate Collection Set: 0.27ms
[2026-05-27T11:24:09.731+0530][50.987s][info][gc,phases   ] GC(1232)   Post Evacuate Collection Set: 0.17ms
[2026-05-27T11:24:09.731+0530][50.987s][info][gc,phases   ] GC(1232)   Other: 0.10ms
[2026-05-27T11:24:09.731+0530][50.987s][info][gc,heap     ] GC(1232) Eden regions: 301->0(302)
[2026-05-27T11:24:09.731+0530][50.987s][info][gc,heap     ] GC(1232) Survivor regions: 6->5(39)
[2026-05-27T11:24:09.731+0530][50.987s][info][gc,heap     ] GC(1232) Old regions: 10->10
[2026-05-27T11:24:09.731+0530][50.987s][info][gc,heap     ] GC(1232) Archive regions: 2->2
[2026-05-27T11:24:09.731+0530][50.987s][info][gc,heap     ] GC(1232) Humongous regions: 9->0
[2026-05-27T11:24:09.731+0530][50.987s][info][gc,metaspace] GC(1232) Metaspace: 1745K(2048K)->1745K(2048K) NonClass: 1568K(1728K)->1568K(1728K) Class: 177K(320K)->177K(320K)
[2026-05-27T11:24:09.731+0530][50.987s][info][gc          ] GC(1232) Pause Young (Normal) (G1 Evacuation Pause) 325M->15M(512M) 0.748ms
[2026-05-27T11:24:09.731+0530][50.987s][info][gc,cpu      ] GC(1232) User=0.00s Sys=0.00s Real=0.00s
[2026-05-27T11:24:09.770+0530][51.026s][info][gc,start    ] GC(1233) Pause Young (Normal) (G1 Evacuation Pause)
[2026-05-27T11:24:09.770+0530][51.026s][info][gc,task     ] GC(1233) Using 9 workers of 9 for evacuation
[2026-05-27T11:24:09.771+0530][51.027s][info][gc,phases   ] GC(1233)   Pre Evacuate Collection Set: 0.07ms
[2026-05-27T11:24:09.771+0530][51.027s][info][gc,phases   ] GC(1233)   Merge Heap Roots: 0.04ms
[2026-05-27T11:24:09.771+0530][51.027s][info][gc,phases   ] GC(1233)   Evacuate Collection Set: 0.26ms
[2026-05-27T11:24:09.771+0530][51.027s][info][gc,phases   ] GC(1233)   Post Evacuate Collection Set: 0.19ms
[2026-05-27T11:24:09.771+0530][51.027s][info][gc,phases   ] GC(1233)   Other: 0.09ms
[2026-05-27T11:24:09.771+0530][51.027s][info][gc,heap     ] GC(1233) Eden regions: 302->0(300)
[2026-05-27T11:24:09.771+0530][51.027s][info][gc,heap     ] GC(1233) Survivor regions: 5->7(39)
[2026-05-27T11:24:09.771+0530][51.027s][info][gc,heap     ] GC(1233) Old regions: 10->10
[2026-05-27T11:24:09.771+0530][51.027s][info][gc,heap     ] GC(1233) Archive regions: 2->2
[2026-05-27T11:24:09.771+0530][51.027s][info][gc,heap     ] GC(1233) Humongous regions: 0->0
[2026-05-27T11:24:09.771+0530][51.027s][info][gc,metaspace] GC(1233) Metaspace: 1745K(2048K)->1745K(2048K) NonClass: 1568K(1728K)->1568K(1728K) Class: 177K(320K)->177K(320K)
[2026-05-27T11:24:09.771+0530][51.027s][info][gc          ] GC(1233) Pause Young (Normal) (G1 Evacuation Pause) 316M->16M(512M) 0.709ms
[2026-05-27T11:24:09.771+0530][51.027s][info][gc,cpu      ] GC(1233) User=0.01s Sys=0.00s Real=0.00s
[2026-05-27T11:24:09.808+0530][51.064s][info][gc,start    ] GC(1234) Pause Young (Normal) (G1 Evacuation Pause)
[2026-05-27T11:24:09.808+0530][51.064s][info][gc,task     ] GC(1234) Using 9 workers of 9 for evacuation
[2026-05-27T11:24:09.809+0530][51.065s][info][gc,phases   ] GC(1234)   Pre Evacuate Collection Set: 0.07ms
[2026-05-27T11:24:09.809+0530][51.065s][info][gc,phases   ] GC(1234)   Merge Heap Roots: 0.04ms
[2026-05-27T11:24:09.809+0530][51.065s][info][gc,phases   ] GC(1234)   Evacuate Collection Set: 0.26ms
[2026-05-27T11:24:09.809+0530][51.065s][info][gc,phases   ] GC(1234)   Post Evacuate Collection Set: 0.15ms
[2026-05-27T11:24:09.809+0530][51.065s][info][gc,phases   ] GC(1234)   Other: 0.11ms
[2026-05-27T11:24:09.809+0530][51.065s][info][gc,heap     ] GC(1234) Eden regions: 300->0(301)
[2026-05-27T11:24:09.809+0530][51.065s][info][gc,heap     ] GC(1234) Survivor regions: 7->6(39)
[2026-05-27T11:24:09.809+0530][51.065s][info][gc,heap     ] GC(1234) Old regions: 10->10
[2026-05-27T11:24:09.809+0530][51.065s][info][gc,heap     ] GC(1234) Archive regions: 2->2
[2026-05-27T11:24:09.809+0530][51.065s][info][gc,heap     ] GC(1234) Humongous regions: 0->0
[2026-05-27T11:24:09.809+0530][51.065s][info][gc,metaspace] GC(1234) Metaspace: 1745K(2048K)->1745K(2048K) NonClass: 1568K(1728K)->1568K(1728K) Class: 177K(320K)->177K(320K)
[2026-05-27T11:24:09.809+0530][51.065s][info][gc          ] GC(1234) Pause Young (Normal) (G1 Evacuation Pause) 316M->15M(512M) 0.708ms
[2026-05-27T11:24:09.809+0530][51.065s][info][gc,cpu      ] GC(1234) User=0.00s Sys=0.00s Real=0.00s
[2026-05-27T11:24:09.847+0530][51.103s][info][gc,start    ] GC(1235) Pause Young (Normal) (G1 Evacuation Pause)
[2026-05-27T11:24:09.847+0530][51.103s][info][gc,task     ] GC(1235) Using 9 workers of 9 for evacuation
[2026-05-27T11:24:09.847+0530][51.103s][info][gc,phases   ] GC(1235)   Pre Evacuate Collection Set: 0.07ms
[2026-05-27T11:24:09.847+0530][51.103s][info][gc,phases   ] GC(1235)   Merge Heap Roots: 0.06ms
[2026-05-27T11:24:09.847+0530][51.103s][info][gc,phases   ] GC(1235)   Evacuate Collection Set: 0.22ms
[2026-05-27T11:24:09.847+0530][51.103s][info][gc,phases   ] GC(1235)   Post Evacuate Collection Set: 0.21ms
[2026-05-27T11:24:09.847+0530][51.103s][info][gc,phases   ] GC(1235)   Other: 0.09ms
[2026-05-27T11:24:09.847+0530][51.103s][info][gc,heap     ] GC(1235) Eden regions: 301->0(306)
[2026-05-27T11:24:09.847+0530][51.103s][info][gc,heap     ] GC(1235) Survivor regions: 6->1(39)
[2026-05-27T11:24:09.847+0530][51.103s][info][gc,heap     ] GC(1235) Old regions: 10->10
[2026-05-27T11:24:09.847+0530][51.103s][info][gc,heap     ] GC(1235) Archive regions: 2->2
[2026-05-27T11:24:09.847+0530][51.103s][info][gc,heap     ] GC(1235) Humongous regions: 0->0
[2026-05-27T11:24:09.847+0530][51.103s][info][gc,metaspace] GC(1235) Metaspace: 1745K(2048K)->1745K(2048K) NonClass: 1568K(1728K)->1568K(1728K) Class: 177K(320K)->177K(320K)
[2026-05-27T11:24:09.847+0530][51.103s][info][gc          ] GC(1235) Pause Young (Normal) (G1 Evacuation Pause) 316M->11M(512M) 0.707ms
[2026-05-27T11:24:09.847+0530][51.103s][info][gc,cpu      ] GC(1235) User=0.00s Sys=0.00s Real=0.00s
[2026-05-27T11:24:09.886+0530][51.142s][info][gc,start    ] GC(1236) Pause Young (Normal) (G1 Evacuation Pause)
[2026-05-27T11:24:09.886+0530][51.142s][info][gc,task     ] GC(1236) Using 9 workers of 9 for evacuation
[2026-05-27T11:24:09.887+0530][51.143s][info][gc,phases   ] GC(1236)   Pre Evacuate Collection Set: 0.08ms
[2026-05-27T11:24:09.887+0530][51.143s][info][gc,phases   ] GC(1236)   Merge Heap Roots: 0.05ms
[2026-05-27T11:24:09.887+0530][51.143s][info][gc,phases   ] GC(1236)   Evacuate Collection Set: 0.22ms
[2026-05-27T11:24:09.887+0530][51.143s][info][gc,phases   ] GC(1236)   Post Evacuate Collection Set: 0.17ms
[2026-05-27T11:24:09.887+0530][51.143s][info][gc,phases   ] GC(1236)   Other: 0.09ms
[2026-05-27T11:24:09.887+0530][51.143s][info][gc,heap     ] GC(1236) Eden regions: 306->0(301)
[2026-05-27T11:24:09.887+0530][51.143s][info][gc,heap     ] GC(1236) Survivor regions: 1->6(39)
[2026-05-27T11:24:09.887+0530][51.143s][info][gc,heap     ] GC(1236) Old regions: 10->10
[2026-05-27T11:24:09.887+0530][51.143s][info][gc,heap     ] GC(1236) Archive regions: 2->2
[2026-05-27T11:24:09.887+0530][51.143s][info][gc,heap     ] GC(1236) Humongous regions: 0->0
[2026-05-27T11:24:09.887+0530][51.143s][info][gc,metaspace] GC(1236) Metaspace: 1745K(2048K)->1745K(2048K) NonClass: 1568K(1728K)->1568K(1728K) Class: 177K(320K)->177K(320K)
[2026-05-27T11:24:09.887+0530][51.143s][info][gc          ] GC(1236) Pause Young (Normal) (G1 Evacuation Pause) 316M->15M(512M) 0.685ms
[2026-05-27T11:24:09.887+0530][51.143s][info][gc,cpu      ] GC(1236) User=0.00s Sys=0.00s Real=0.00s
[2026-05-27T11:24:09.925+0530][51.181s][info][gc,start    ] GC(1237) Pause Young (Normal) (G1 Evacuation Pause)
[2026-05-27T11:24:09.925+0530][51.181s][info][gc,task     ] GC(1237) Using 9 workers of 9 for evacuation
[2026-05-27T11:24:09.926+0530][51.182s][info][gc,phases   ] GC(1237)   Pre Evacuate Collection Set: 0.08ms
[2026-05-27T11:24:09.926+0530][51.182s][info][gc,phases   ] GC(1237)   Merge Heap Roots: 0.04ms
[2026-05-27T11:24:09.926+0530][51.182s][info][gc,phases   ] GC(1237)   Evacuate Collection Set: 0.27ms
[2026-05-27T11:24:09.926+0530][51.182s][info][gc,phases   ] GC(1237)   Post Evacuate Collection Set: 0.18ms
[2026-05-27T11:24:09.926+0530][51.182s][info][gc,phases   ] GC(1237)   Other: 0.08ms
[2026-05-27T11:24:09.926+0530][51.182s][info][gc,heap     ] GC(1237) Eden regions: 301->0(300)
[2026-05-27T11:24:09.926+0530][51.182s][info][gc,heap     ] GC(1237) Survivor regions: 6->7(39)
[2026-05-27T11:24:09.926+0530][51.182s][info][gc,heap     ] GC(1237) Old regions: 10->10
[2026-05-27T11:24:09.926+0530][51.182s][info][gc,heap     ] GC(1237) Archive regions: 2->2
[2026-05-27T11:24:09.926+0530][51.182s][info][gc,heap     ] GC(1237) Humongous regions: 0->0
[2026-05-27T11:24:09.926+0530][51.182s][info][gc,metaspace] GC(1237) Metaspace: 1745K(2048K)->1745K(2048K) NonClass: 1568K(1728K)->1568K(1728K) Class: 177K(320K)->177K(320K)
[2026-05-27T11:24:09.926+0530][51.182s][info][gc          ] GC(1237) Pause Young (Normal) (G1 Evacuation Pause) 316M->16M(512M) 0.716ms
[2026-05-27T11:24:09.926+0530][51.182s][info][gc,cpu      ] GC(1237) User=0.01s Sys=0.00s Real=0.00s
[2026-05-27T11:24:09.962+0530][51.218s][info][gc,start    ] GC(1238) Pause Young (Normal) (G1 Evacuation Pause)
[2026-05-27T11:24:09.962+0530][51.218s][info][gc,task     ] GC(1238) Using 9 workers of 9 for evacuation
[2026-05-27T11:24:09.963+0530][51.219s][info][gc,phases   ] GC(1238)   Pre Evacuate Collection Set: 0.08ms
[2026-05-27T11:24:09.963+0530][51.219s][info][gc,phases   ] GC(1238)   Merge Heap Roots: 0.08ms
[2026-05-27T11:24:09.963+0530][51.219s][info][gc,phases   ] GC(1238)   Evacuate Collection Set: 0.22ms
[2026-05-27T11:24:09.963+0530][51.219s][info][gc,phases   ] GC(1238)   Post Evacuate Collection Set: 0.16ms
[2026-05-27T11:24:09.963+0530][51.219s][info][gc,phases   ] GC(1238)   Other: 0.09ms
[2026-05-27T11:24:09.963+0530][51.219s][info][gc,heap     ] GC(1238) Eden regions: 300->0(301)
[2026-05-27T11:24:09.963+0530][51.219s][info][gc,heap     ] GC(1238) Survivor regions: 7->6(39)
[2026-05-27T11:24:09.963+0530][51.219s][info][gc,heap     ] GC(1238) Old regions: 10->10
[2026-05-27T11:24:09.963+0530][51.219s][info][gc,heap     ] GC(1238) Archive regions: 2->2
[2026-05-27T11:24:09.963+0530][51.219s][info][gc,heap     ] GC(1238) Humongous regions: 0->0
[2026-05-27T11:24:09.963+0530][51.219s][info][gc,metaspace] GC(1238) Metaspace: 1745K(2048K)->1745K(2048K) NonClass: 1568K(1728K)->1568K(1728K) Class: 177K(320K)->177K(320K)
[2026-05-27T11:24:09.963+0530][51.219s][info][gc          ] GC(1238) Pause Young (Normal) (G1 Evacuation Pause) 316M->15M(512M) 0.683ms
[2026-05-27T11:24:09.963+0530][51.219s][info][gc,cpu      ] GC(1238) User=0.01s Sys=0.00s Real=0.00s
[2026-05-27T11:24:10.002+0530][51.258s][info][gc,start    ] GC(1239) Pause Young (Normal) (G1 Evacuation Pause)
[2026-05-27T11:24:10.002+0530][51.258s][info][gc,task     ] GC(1239) Using 9 workers of 9 for evacuation
[2026-05-27T11:24:10.003+0530][51.259s][info][gc,phases   ] GC(1239)   Pre Evacuate Collection Set: 0.07ms
[2026-05-27T11:24:10.003+0530][51.259s][info][gc,phases   ] GC(1239)   Merge Heap Roots: 0.10ms
[2026-05-27T11:24:10.003+0530][51.259s][info][gc,phases   ] GC(1239)   Evacuate Collection Set: 0.26ms
[2026-05-27T11:24:10.003+0530][51.259s][info][gc,phases   ] GC(1239)   Post Evacuate Collection Set: 0.24ms
[2026-05-27T11:24:10.003+0530][51.259s][info][gc,phases   ] GC(1239)   Other: 0.09ms
[2026-05-27T11:24:10.003+0530][51.259s][info][gc,heap     ] GC(1239) Eden regions: 301->0(303)
[2026-05-27T11:24:10.003+0530][51.259s][info][gc,heap     ] GC(1239) Survivor regions: 6->4(39)
[2026-05-27T11:24:10.003+0530][51.259s][info][gc,heap     ] GC(1239) Old regions: 10->10
[2026-05-27T11:24:10.003+0530][51.259s][info][gc,heap     ] GC(1239) Archive regions: 2->2
[2026-05-27T11:24:10.003+0530][51.259s][info][gc,heap     ] GC(1239) Humongous regions: 0->0
[2026-05-27T11:24:10.003+0530][51.259s][info][gc,metaspace] GC(1239) Metaspace: 1745K(2048K)->1745K(2048K) NonClass: 1568K(1728K)->1568K(1728K) Class: 177K(320K)->177K(320K)
[2026-05-27T11:24:10.003+0530][51.259s][info][gc          ] GC(1239) Pause Young (Normal) (G1 Evacuation Pause) 316M->13M(512M) 0.831ms
[2026-05-27T11:24:10.003+0530][51.259s][info][gc,cpu      ] GC(1239) User=0.00s Sys=0.00s Real=0.00s
[2026-05-27T11:24:10.042+0530][51.298s][info][gc,start    ] GC(1240) Pause Young (Normal) (G1 Evacuation Pause)
[2026-05-27T11:24:10.042+0530][51.298s][info][gc,task     ] GC(1240) Using 9 workers of 9 for evacuation
[2026-05-27T11:24:10.042+0530][51.298s][info][gc,phases   ] GC(1240)   Pre Evacuate Collection Set: 0.07ms
[2026-05-27T11:24:10.042+0530][51.298s][info][gc,phases   ] GC(1240)   Merge Heap Roots: 0.05ms
[2026-05-27T11:24:10.042+0530][51.298s][info][gc,phases   ] GC(1240)   Evacuate Collection Set: 0.32ms
[2026-05-27T11:24:10.042+0530][51.298s][info][gc,phases   ] GC(1240)   Post Evacuate Collection Set: 0.19ms
[2026-05-27T11:24:10.042+0530][51.299s][info][gc,phases   ] GC(1240)   Other: 0.10ms
[2026-05-27T11:24:10.042+0530][51.299s][info][gc,heap     ] GC(1240) Eden regions: 303->0(306)
[2026-05-27T11:24:10.042+0530][51.299s][info][gc,heap     ] GC(1240) Survivor regions: 4->1(39)
[2026-05-27T11:24:10.042+0530][51.299s][info][gc,heap     ] GC(1240) Old regions: 10->10
[2026-05-27T11:24:10.042+0530][51.299s][info][gc,heap     ] GC(1240) Archive regions: 2->2
[2026-05-27T11:24:10.042+0530][51.299s][info][gc,heap     ] GC(1240) Humongous regions: 0->0
[2026-05-27T11:24:10.042+0530][51.299s][info][gc,metaspace] GC(1240) Metaspace: 1745K(2048K)->1745K(2048K) NonClass: 1568K(1728K)->1568K(1728K) Class: 177K(320K)->177K(320K)
[2026-05-27T11:24:10.042+0530][51.299s][info][gc          ] GC(1240) Pause Young (Normal) (G1 Evacuation Pause) 316M->11M(512M) 0.789ms
[2026-05-27T11:24:10.042+0530][51.299s][info][gc,cpu      ] GC(1240) User=0.00s Sys=0.00s Real=0.00s
[2026-05-27T11:24:10.081+0530][51.337s][info][gc,start    ] GC(1241) Pause Young (Normal) (G1 Evacuation Pause)
[2026-05-27T11:24:10.081+0530][51.337s][info][gc,task     ] GC(1241) Using 9 workers of 9 for evacuation
[2026-05-27T11:24:10.081+0530][51.337s][info][gc,phases   ] GC(1241)   Pre Evacuate Collection Set: 0.08ms
[2026-05-27T11:24:10.081+0530][51.337s][info][gc,phases   ] GC(1241)   Merge Heap Roots: 0.04ms
[2026-05-27T11:24:10.081+0530][51.337s][info][gc,phases   ] GC(1241)   Evacuate Collection Set: 0.29ms
[2026-05-27T11:24:10.081+0530][51.337s][info][gc,phases   ] GC(1241)   Post Evacuate Collection Set: 0.19ms
[2026-05-27T11:24:10.081+0530][51.337s][info][gc,phases   ] GC(1241)   Other: 0.10ms
[2026-05-27T11:24:10.081+0530][51.337s][info][gc,heap     ] GC(1241) Eden regions: 306->0(302)
[2026-05-27T11:24:10.081+0530][51.337s][info][gc,heap     ] GC(1241) Survivor regions: 1->5(39)
[2026-05-27T11:24:10.081+0530][51.337s][info][gc,heap     ] GC(1241) Old regions: 10->10
[2026-05-27T11:24:10.081+0530][51.337s][info][gc,heap     ] GC(1241) Archive regions: 2->2
[2026-05-27T11:24:10.081+0530][51.337s][info][gc,heap     ] GC(1241) Humongous regions: 0->0
[2026-05-27T11:24:10.081+0530][51.337s][info][gc,metaspace] GC(1241) Metaspace: 1745K(2048K)->1745K(2048K) NonClass: 1568K(1728K)->1568K(1728K) Class: 177K(320K)->177K(320K)
[2026-05-27T11:24:10.081+0530][51.337s][info][gc          ] GC(1241) Pause Young (Normal) (G1 Evacuation Pause) 316M->15M(512M) 0.746ms
[2026-05-27T11:24:10.081+0530][51.337s][info][gc,cpu      ] GC(1241) User=0.00s Sys=0.00s Real=0.00s
[2026-05-27T11:24:10.123+0530][51.379s][info][gc,start    ] GC(1242) Pause Young (Normal) (G1 Evacuation Pause)
[2026-05-27T11:24:10.123+0530][51.379s][info][gc,task     ] GC(1242) Using 9 workers of 9 for evacuation
[2026-05-27T11:24:10.124+0530][51.380s][info][gc,phases   ] GC(1242)   Pre Evacuate Collection Set: 0.06ms
[2026-05-27T11:24:10.124+0530][51.380s][info][gc,phases   ] GC(1242)   Merge Heap Roots: 0.04ms
[2026-05-27T11:24:10.124+0530][51.380s][info][gc,phases   ] GC(1242)   Evacuate Collection Set: 0.40ms
[2026-05-27T11:24:10.124+0530][51.380s][info][gc,phases   ] GC(1242)   Post Evacuate Collection Set: 0.19ms
[2026-05-27T11:24:10.124+0530][51.380s][info][gc,phases   ] GC(1242)   Other: 0.10ms
[2026-05-27T11:24:10.124+0530][51.380s][info][gc,heap     ] GC(1242) Eden regions: 302->0(301)
[2026-05-27T11:24:10.124+0530][51.380s][info][gc,heap     ] GC(1242) Survivor regions: 5->6(39)
[2026-05-27T11:24:10.124+0530][51.380s][info][gc,heap     ] GC(1242) Old regions: 10->10
[2026-05-27T11:24:10.124+0530][51.380s][info][gc,heap     ] GC(1242) Archive regions: 2->2
[2026-05-27T11:24:10.124+0530][51.380s][info][gc,heap     ] GC(1242) Humongous regions: 0->0
[2026-05-27T11:24:10.124+0530][51.380s][info][gc,metaspace] GC(1242) Metaspace: 1745K(2048K)->1745K(2048K) NonClass: 1568K(1728K)->1568K(1728K) Class: 177K(320K)->177K(320K)
[2026-05-27T11:24:10.124+0530][51.380s][info][gc          ] GC(1242) Pause Young (Normal) (G1 Evacuation Pause) 316M->16M(512M) 0.889ms
[2026-05-27T11:24:10.124+0530][51.380s][info][gc,cpu      ] GC(1242) User=0.00s Sys=0.00s Real=0.00s
[2026-05-27T11:24:10.165+0530][51.421s][info][gc,start    ] GC(1243) Pause Young (Normal) (G1 Evacuation Pause)
[2026-05-27T11:24:10.165+0530][51.421s][info][gc,task     ] GC(1243) Using 9 workers of 9 for evacuation
[2026-05-27T11:24:10.166+0530][51.422s][info][gc,phases   ] GC(1243)   Pre Evacuate Collection Set: 0.11ms
[2026-05-27T11:24:10.166+0530][51.422s][info][gc,phases   ] GC(1243)   Merge Heap Roots: 0.05ms
[2026-05-27T11:24:10.166+0530][51.422s][info][gc,phases   ] GC(1243)   Evacuate Collection Set: 0.32ms
[2026-05-27T11:24:10.166+0530][51.422s][info][gc,phases   ] GC(1243)   Post Evacuate Collection Set: 0.20ms
[2026-05-27T11:24:10.166+0530][51.422s][info][gc,phases   ] GC(1243)   Other: 0.12ms
[2026-05-27T11:24:10.166+0530][51.422s][info][gc,heap     ] GC(1243) Eden regions: 301->0(302)
[2026-05-27T11:24:10.166+0530][51.422s][info][gc,heap     ] GC(1243) Survivor regions: 6->5(39)
[2026-05-27T11:24:10.166+0530][51.422s][info][gc,heap     ] GC(1243) Old regions: 10->10
[2026-05-27T11:24:10.166+0530][51.422s][info][gc,heap     ] GC(1243) Archive regions: 2->2
[2026-05-27T11:24:10.166+0530][51.422s][info][gc,heap     ] GC(1243) Humongous regions: 0->0
[2026-05-27T11:24:10.166+0530][51.422s][info][gc,metaspace] GC(1243) Metaspace: 1745K(2048K)->1745K(2048K) NonClass: 1568K(1728K)->1568K(1728K) Class: 177K(320K)->177K(320K)
[2026-05-27T11:24:10.166+0530][51.422s][info][gc          ] GC(1243) Pause Young (Normal) (G1 Evacuation Pause) 316M->14M(512M) 0.872ms
[2026-05-27T11:24:10.166+0530][51.422s][info][gc,cpu      ] GC(1243) User=0.00s Sys=0.01s Real=0.00s
[2026-05-27T11:24:10.205+0530][51.461s][info][gc,start    ] GC(1244) Pause Young (Normal) (G1 Evacuation Pause)
[2026-05-27T11:24:10.205+0530][51.461s][info][gc,task     ] GC(1244) Using 9 workers of 9 for evacuation
[2026-05-27T11:24:10.206+0530][51.462s][info][gc,phases   ] GC(1244)   Pre Evacuate Collection Set: 0.07ms
[2026-05-27T11:24:10.206+0530][51.462s][info][gc,phases   ] GC(1244)   Merge Heap Roots: 0.05ms
[2026-05-27T11:24:10.206+0530][51.462s][info][gc,phases   ] GC(1244)   Evacuate Collection Set: 0.27ms
[2026-05-27T11:24:10.206+0530][51.462s][info][gc,phases   ] GC(1244)   Post Evacuate Collection Set: 0.18ms
[2026-05-27T11:24:10.206+0530][51.462s][info][gc,phases   ] GC(1244)   Other: 0.10ms
[2026-05-27T11:24:10.206+0530][51.462s][info][gc,heap     ] GC(1244) Eden regions: 302->0(300)
[2026-05-27T11:24:10.206+0530][51.462s][info][gc,heap     ] GC(1244) Survivor regions: 5->7(39)
[2026-05-27T11:24:10.206+0530][51.462s][info][gc,heap     ] GC(1244) Old regions: 10->10
[2026-05-27T11:24:10.206+0530][51.462s][info][gc,heap     ] GC(1244) Archive regions: 2->2
[2026-05-27T11:24:10.206+0530][51.462s][info][gc,heap     ] GC(1244) Humongous regions: 9->0
[2026-05-27T11:24:10.206+0530][51.462s][info][gc,metaspace] GC(1244) Metaspace: 1745K(2048K)->1745K(2048K) NonClass: 1568K(1728K)->1568K(1728K) Class: 177K(320K)->177K(320K)
[2026-05-27T11:24:10.206+0530][51.462s][info][gc          ] GC(1244) Pause Young (Normal) (G1 Evacuation Pause) 325M->16M(512M) 0.740ms
[2026-05-27T11:24:10.206+0530][51.462s][info][gc,cpu      ] GC(1244) User=0.01s Sys=0.00s Real=0.00s
[2026-05-27T11:24:10.247+0530][51.503s][info][gc,start    ] GC(1245) Pause Young (Normal) (G1 Evacuation Pause)
[2026-05-27T11:24:10.247+0530][51.503s][info][gc,task     ] GC(1245) Using 9 workers of 9 for evacuation
[2026-05-27T11:24:10.248+0530][51.504s][info][gc,phases   ] GC(1245)   Pre Evacuate Collection Set: 0.05ms
[2026-05-27T11:24:10.248+0530][51.504s][info][gc,phases   ] GC(1245)   Merge Heap Roots: 0.04ms
[2026-05-27T11:24:10.248+0530][51.504s][info][gc,phases   ] GC(1245)   Evacuate Collection Set: 0.31ms
[2026-05-27T11:24:10.248+0530][51.504s][info][gc,phases   ] GC(1245)   Post Evacuate Collection Set: 0.17ms
[2026-05-27T11:24:10.248+0530][51.504s][info][gc,phases   ] GC(1245)   Other: 0.10ms
[2026-05-27T11:24:10.248+0530][51.504s][info][gc,heap     ] GC(1245) Eden regions: 300->0(302)
[2026-05-27T11:24:10.248+0530][51.504s][info][gc,heap     ] GC(1245) Survivor regions: 7->5(39)
[2026-05-27T11:24:10.248+0530][51.504s][info][gc,heap     ] GC(1245) Old regions: 10->10
[2026-05-27T11:24:10.248+0530][51.504s][info][gc,heap     ] GC(1245) Archive regions: 2->2
[2026-05-27T11:24:10.248+0530][51.504s][info][gc,heap     ] GC(1245) Humongous regions: 9->0
[2026-05-27T11:24:10.248+0530][51.504s][info][gc,metaspace] GC(1245) Metaspace: 1745K(2048K)->1745K(2048K) NonClass: 1568K(1728K)->1568K(1728K) Class: 177K(320K)->177K(320K)
[2026-05-27T11:24:10.248+0530][51.504s][info][gc          ] GC(1245) Pause Young (Normal) (G1 Evacuation Pause) 325M->14M(512M) 0.758ms
[2026-05-27T11:24:10.248+0530][51.504s][info][gc,cpu      ] GC(1245) User=0.00s Sys=0.00s Real=0.00s
[2026-05-27T11:24:10.288+0530][51.544s][info][gc,start    ] GC(1246) Pause Young (Normal) (G1 Evacuation Pause)
[2026-05-27T11:24:10.288+0530][51.544s][info][gc,task     ] GC(1246) Using 9 workers of 9 for evacuation
[2026-05-27T11:24:10.288+0530][51.545s][info][gc,phases   ] GC(1246)   Pre Evacuate Collection Set: 0.11ms
[2026-05-27T11:24:10.289+0530][51.545s][info][gc,phases   ] GC(1246)   Merge Heap Roots: 0.05ms
[2026-05-27T11:24:10.289+0530][51.545s][info][gc,phases   ] GC(1246)   Evacuate Collection Set: 0.29ms
[2026-05-27T11:24:10.289+0530][51.545s][info][gc,phases   ] GC(1246)   Post Evacuate Collection Set: 0.21ms
[2026-05-27T11:24:10.289+0530][51.545s][info][gc,phases   ] GC(1246)   Other: 0.09ms
[2026-05-27T11:24:10.289+0530][51.545s][info][gc,heap     ] GC(1246) Eden regions: 302->0(302)
[2026-05-27T11:24:10.289+0530][51.545s][info][gc,heap     ] GC(1246) Survivor regions: 5->5(39)
[2026-05-27T11:24:10.289+0530][51.545s][info][gc,heap     ] GC(1246) Old regions: 10->10
[2026-05-27T11:24:10.289+0530][51.545s][info][gc,heap     ] GC(1246) Archive regions: 2->2
[2026-05-27T11:24:10.289+0530][51.545s][info][gc,heap     ] GC(1246) Humongous regions: 9->0
[2026-05-27T11:24:10.289+0530][51.545s][info][gc,metaspace] GC(1246) Metaspace: 1745K(2048K)->1745K(2048K) NonClass: 1568K(1728K)->1568K(1728K) Class: 177K(320K)->177K(320K)
[2026-05-27T11:24:10.289+0530][51.545s][info][gc          ] GC(1246) Pause Young (Normal) (G1 Evacuation Pause) 325M->14M(512M) 0.812ms
[2026-05-27T11:24:10.289+0530][51.545s][info][gc,cpu      ] GC(1246) User=0.00s Sys=0.00s Real=0.00s
[2026-05-27T11:24:10.330+0530][51.586s][info][gc,start    ] GC(1247) Pause Young (Normal) (G1 Evacuation Pause)
[2026-05-27T11:24:10.330+0530][51.586s][info][gc,task     ] GC(1247) Using 9 workers of 9 for evacuation
[2026-05-27T11:24:10.330+0530][51.587s][info][gc,phases   ] GC(1247)   Pre Evacuate Collection Set: 0.08ms
[2026-05-27T11:24:10.330+0530][51.587s][info][gc,phases   ] GC(1247)   Merge Heap Roots: 0.06ms
[2026-05-27T11:24:10.330+0530][51.587s][info][gc,phases   ] GC(1247)   Evacuate Collection Set: 0.29ms
[2026-05-27T11:24:10.330+0530][51.587s][info][gc,phases   ] GC(1247)   Post Evacuate Collection Set: 0.16ms
[2026-05-27T11:24:10.330+0530][51.587s][info][gc,phases   ] GC(1247)   Other: 0.09ms
[2026-05-27T11:24:10.330+0530][51.587s][info][gc,heap     ] GC(1247) Eden regions: 302->0(306)
[2026-05-27T11:24:10.330+0530][51.587s][info][gc,heap     ] GC(1247) Survivor regions: 5->1(39)
[2026-05-27T11:24:10.330+0530][51.587s][info][gc,heap     ] GC(1247) Old regions: 10->10
[2026-05-27T11:24:10.330+0530][51.587s][info][gc,heap     ] GC(1247) Archive regions: 2->2
[2026-05-27T11:24:10.330+0530][51.587s][info][gc,heap     ] GC(1247) Humongous regions: 0->0
[2026-05-27T11:24:10.331+0530][51.587s][info][gc,metaspace] GC(1247) Metaspace: 1745K(2048K)->1745K(2048K) NonClass: 1568K(1728K)->1568K(1728K) Class: 177K(320K)->177K(320K)
[2026-05-27T11:24:10.331+0530][51.587s][info][gc          ] GC(1247) Pause Young (Normal) (G1 Evacuation Pause) 316M->10M(512M) 0.737ms
[2026-05-27T11:24:10.331+0530][51.587s][info][gc,cpu      ] GC(1247) User=0.00s Sys=0.00s Real=0.00s
[2026-05-27T11:24:10.371+0530][51.627s][info][gc,start    ] GC(1248) Pause Young (Normal) (G1 Evacuation Pause)
[2026-05-27T11:24:10.371+0530][51.627s][info][gc,task     ] GC(1248) Using 9 workers of 9 for evacuation
[2026-05-27T11:24:10.372+0530][51.628s][info][gc,phases   ] GC(1248)   Pre Evacuate Collection Set: 0.07ms
[2026-05-27T11:24:10.372+0530][51.628s][info][gc,phases   ] GC(1248)   Merge Heap Roots: 0.09ms
[2026-05-27T11:24:10.372+0530][51.628s][info][gc,phases   ] GC(1248)   Evacuate Collection Set: 0.31ms
[2026-05-27T11:24:10.372+0530][51.628s][info][gc,phases   ] GC(1248)   Post Evacuate Collection Set: 0.18ms
[2026-05-27T11:24:10.372+0530][51.628s][info][gc,phases   ] GC(1248)   Other: 0.10ms
[2026-05-27T11:24:10.372+0530][51.628s][info][gc,heap     ] GC(1248) Eden regions: 306->0(306)
[2026-05-27T11:24:10.372+0530][51.628s][info][gc,heap     ] GC(1248) Survivor regions: 1->1(39)
[2026-05-27T11:24:10.372+0530][51.628s][info][gc,heap     ] GC(1248) Old regions: 10->10
[2026-05-27T11:24:10.372+0530][51.628s][info][gc,heap     ] GC(1248) Archive regions: 2->2
[2026-05-27T11:24:10.372+0530][51.628s][info][gc,heap     ] GC(1248) Humongous regions: 0->0
[2026-05-27T11:24:10.372+0530][51.628s][info][gc,metaspace] GC(1248) Metaspace: 1745K(2048K)->1745K(2048K) NonClass: 1568K(1728K)->1568K(1728K) Class: 177K(320K)->177K(320K)
[2026-05-27T11:24:10.372+0530][51.628s][info][gc          ] GC(1248) Pause Young (Normal) (G1 Evacuation Pause) 316M->10M(512M) 0.822ms
[2026-05-27T11:24:10.372+0530][51.628s][info][gc,cpu      ] GC(1248) User=0.00s Sys=0.00s Real=0.00s
[2026-05-27T11:24:10.411+0530][51.667s][info][gc,start    ] GC(1249) Pause Young (Normal) (G1 Evacuation Pause)
[2026-05-27T11:24:10.411+0530][51.667s][info][gc,task     ] GC(1249) Using 9 workers of 9 for evacuation
[2026-05-27T11:24:10.412+0530][51.668s][info][gc,phases   ] GC(1249)   Pre Evacuate Collection Set: 0.12ms
[2026-05-27T11:24:10.412+0530][51.668s][info][gc,phases   ] GC(1249)   Merge Heap Roots: 0.11ms
[2026-05-27T11:24:10.412+0530][51.668s][info][gc,phases   ] GC(1249)   Evacuate Collection Set: 0.33ms
[2026-05-27T11:24:10.412+0530][51.668s][info][gc,phases   ] GC(1249)   Post Evacuate Collection Set: 0.22ms
[2026-05-27T11:24:10.412+0530][51.668s][info][gc,phases   ] GC(1249)   Other: 0.13ms
[2026-05-27T11:24:10.412+0530][51.668s][info][gc,heap     ] GC(1249) Eden regions: 306->0(302)
[2026-05-27T11:24:10.412+0530][51.668s][info][gc,heap     ] GC(1249) Survivor regions: 1->5(39)
[2026-05-27T11:24:10.412+0530][51.668s][info][gc,heap     ] GC(1249) Old regions: 10->10
[2026-05-27T11:24:10.412+0530][51.668s][info][gc,heap     ] GC(1249) Archive regions: 2->2
[2026-05-27T11:24:10.412+0530][51.668s][info][gc,heap     ] GC(1249) Humongous regions: 0->0
[2026-05-27T11:24:10.412+0530][51.668s][info][gc,metaspace] GC(1249) Metaspace: 1745K(2048K)->1745K(2048K) NonClass: 1568K(1728K)->1568K(1728K) Class: 177K(320K)->177K(320K)
[2026-05-27T11:24:10.412+0530][51.668s][info][gc          ] GC(1249) Pause Young (Normal) (G1 Evacuation Pause) 316M->14M(512M) 0.984ms
[2026-05-27T11:24:10.412+0530][51.668s][info][gc,cpu      ] GC(1249) User=0.00s Sys=0.00s Real=0.00s
[2026-05-27T11:24:10.453+0530][51.709s][info][gc,start    ] GC(1250) Pause Young (Normal) (G1 Evacuation Pause)
[2026-05-27T11:24:10.453+0530][51.709s][info][gc,task     ] GC(1250) Using 9 workers of 9 for evacuation
[2026-05-27T11:24:10.454+0530][51.710s][info][gc,phases   ] GC(1250)   Pre Evacuate Collection Set: 0.08ms
[2026-05-27T11:24:10.454+0530][51.710s][info][gc,phases   ] GC(1250)   Merge Heap Roots: 0.06ms
[2026-05-27T11:24:10.454+0530][51.710s][info][gc,phases   ] GC(1250)   Evacuate Collection Set: 0.24ms
[2026-05-27T11:24:10.454+0530][51.710s][info][gc,phases   ] GC(1250)   Post Evacuate Collection Set: 0.13ms
[2026-05-27T11:24:10.454+0530][51.710s][info][gc,phases   ] GC(1250)   Other: 0.10ms
[2026-05-27T11:24:10.454+0530][51.710s][info][gc,heap     ] GC(1250) Eden regions: 302->0(301)
[2026-05-27T11:24:10.454+0530][51.710s][info][gc,heap     ] GC(1250) Survivor regions: 5->6(39)
[2026-05-27T11:24:10.454+0530][51.710s][info][gc,heap     ] GC(1250) Old regions: 10->10
[2026-05-27T11:24:10.454+0530][51.710s][info][gc,heap     ] GC(1250) Archive regions: 2->2
[2026-05-27T11:24:10.454+0530][51.710s][info][gc,heap     ] GC(1250) Humongous regions: 0->0
[2026-05-27T11:24:10.454+0530][51.710s][info][gc,metaspace] GC(1250) Metaspace: 1745K(2048K)->1745K(2048K) NonClass: 1568K(1728K)->1568K(1728K) Class: 177K(320K)->177K(320K)
[2026-05-27T11:24:10.454+0530][51.710s][info][gc          ] GC(1250) Pause Young (Normal) (G1 Evacuation Pause) 316M->15M(512M) 0.690ms
[2026-05-27T11:24:10.454+0530][51.710s][info][gc,cpu      ] GC(1250) User=0.00s Sys=0.00s Real=0.00s
[2026-05-27T11:24:10.495+0530][51.751s][info][gc,start    ] GC(1251) Pause Young (Normal) (G1 Evacuation Pause)
[2026-05-27T11:24:10.495+0530][51.751s][info][gc,task     ] GC(1251) Using 9 workers of 9 for evacuation
[2026-05-27T11:24:10.496+0530][51.752s][info][gc,phases   ] GC(1251)   Pre Evacuate Collection Set: 0.06ms
[2026-05-27T11:24:10.496+0530][51.752s][info][gc,phases   ] GC(1251)   Merge Heap Roots: 0.09ms
[2026-05-27T11:24:10.496+0530][51.752s][info][gc,phases   ] GC(1251)   Evacuate Collection Set: 0.29ms
[2026-05-27T11:24:10.496+0530][51.752s][info][gc,phases   ] GC(1251)   Post Evacuate Collection Set: 0.19ms
[2026-05-27T11:24:10.496+0530][51.752s][info][gc,phases   ] GC(1251)   Other: 0.09ms
[2026-05-27T11:24:10.496+0530][51.752s][info][gc,heap     ] GC(1251) Eden regions: 301->0(301)
[2026-05-27T11:24:10.496+0530][51.752s][info][gc,heap     ] GC(1251) Survivor regions: 6->6(39)
[2026-05-27T11:24:10.496+0530][51.752s][info][gc,heap     ] GC(1251) Old regions: 10->10
[2026-05-27T11:24:10.496+0530][51.752s][info][gc,heap     ] GC(1251) Archive regions: 2->2
[2026-05-27T11:24:10.496+0530][51.752s][info][gc,heap     ] GC(1251) Humongous regions: 0->0
[2026-05-27T11:24:10.496+0530][51.752s][info][gc,metaspace] GC(1251) Metaspace: 1745K(2048K)->1745K(2048K) NonClass: 1568K(1728K)->1568K(1728K) Class: 177K(320K)->177K(320K)
[2026-05-27T11:24:10.496+0530][51.752s][info][gc          ] GC(1251) Pause Young (Normal) (G1 Evacuation Pause) 316M->15M(512M) 0.777ms
[2026-05-27T11:24:10.496+0530][51.752s][info][gc,cpu      ] GC(1251) User=0.00s Sys=0.00s Real=0.00s
[2026-05-27T11:24:10.535+0530][51.791s][info][gc,start    ] GC(1252) Pause Young (Normal) (G1 Evacuation Pause)
[2026-05-27T11:24:10.535+0530][51.791s][info][gc,task     ] GC(1252) Using 9 workers of 9 for evacuation
[2026-05-27T11:24:10.535+0530][51.791s][info][gc,phases   ] GC(1252)   Pre Evacuate Collection Set: 0.05ms
[2026-05-27T11:24:10.535+0530][51.791s][info][gc,phases   ] GC(1252)   Merge Heap Roots: 0.08ms
[2026-05-27T11:24:10.535+0530][51.791s][info][gc,phases   ] GC(1252)   Evacuate Collection Set: 0.22ms
[2026-05-27T11:24:10.535+0530][51.791s][info][gc,phases   ] GC(1252)   Post Evacuate Collection Set: 0.15ms
[2026-05-27T11:24:10.535+0530][51.791s][info][gc,phases   ] GC(1252)   Other: 0.08ms
[2026-05-27T11:24:10.535+0530][51.791s][info][gc,heap     ] GC(1252) Eden regions: 301->0(302)
[2026-05-27T11:24:10.535+0530][51.791s][info][gc,heap     ] GC(1252) Survivor regions: 6->5(39)
[2026-05-27T11:24:10.535+0530][51.791s][info][gc,heap     ] GC(1252) Old regions: 10->10
[2026-05-27T11:24:10.535+0530][51.791s][info][gc,heap     ] GC(1252) Archive regions: 2->2
[2026-05-27T11:24:10.535+0530][51.791s][info][gc,heap     ] GC(1252) Humongous regions: 0->0
[2026-05-27T11:24:10.535+0530][51.791s][info][gc,metaspace] GC(1252) Metaspace: 1745K(2048K)->1745K(2048K) NonClass: 1568K(1728K)->1568K(1728K) Class: 177K(320K)->177K(320K)
[2026-05-27T11:24:10.535+0530][51.791s][info][gc          ] GC(1252) Pause Young (Normal) (G1 Evacuation Pause) 316M->14M(512M) 0.626ms
[2026-05-27T11:24:10.535+0530][51.791s][info][gc,cpu      ] GC(1252) User=0.00s Sys=0.00s Real=0.00s
[2026-05-27T11:24:10.580+0530][51.836s][info][gc,start    ] GC(1253) Pause Young (Normal) (G1 Evacuation Pause)
[2026-05-27T11:24:10.580+0530][51.836s][info][gc,task     ] GC(1253) Using 9 workers of 9 for evacuation
[2026-05-27T11:24:10.580+0530][51.836s][info][gc,phases   ] GC(1253)   Pre Evacuate Collection Set: 0.08ms
[2026-05-27T11:24:10.580+0530][51.836s][info][gc,phases   ] GC(1253)   Merge Heap Roots: 0.05ms
[2026-05-27T11:24:10.580+0530][51.836s][info][gc,phases   ] GC(1253)   Evacuate Collection Set: 0.25ms
[2026-05-27T11:24:10.580+0530][51.836s][info][gc,phases   ] GC(1253)   Post Evacuate Collection Set: 0.14ms
[2026-05-27T11:24:10.580+0530][51.836s][info][gc,phases   ] GC(1253)   Other: 0.09ms
[2026-05-27T11:24:10.580+0530][51.836s][info][gc,heap     ] GC(1253) Eden regions: 302->0(300)
[2026-05-27T11:24:10.580+0530][51.836s][info][gc,heap     ] GC(1253) Survivor regions: 5->7(39)
[2026-05-27T11:24:10.580+0530][51.836s][info][gc,heap     ] GC(1253) Old regions: 10->10
[2026-05-27T11:24:10.580+0530][51.836s][info][gc,heap     ] GC(1253) Archive regions: 2->2
[2026-05-27T11:24:10.580+0530][51.836s][info][gc,heap     ] GC(1253) Humongous regions: 0->0
[2026-05-27T11:24:10.580+0530][51.836s][info][gc,metaspace] GC(1253) Metaspace: 1745K(2048K)->1745K(2048K) NonClass: 1568K(1728K)->1568K(1728K) Class: 177K(320K)->177K(320K)
[2026-05-27T11:24:10.580+0530][51.836s][info][gc          ] GC(1253) Pause Young (Normal) (G1 Evacuation Pause) 316M->16M(512M) 0.713ms
[2026-05-27T11:24:10.580+0530][51.836s][info][gc,cpu      ] GC(1253) User=0.00s Sys=0.00s Real=0.00s
[2026-05-27T11:24:10.622+0530][51.878s][info][gc,start    ] GC(1254) Pause Young (Normal) (G1 Evacuation Pause)
[2026-05-27T11:24:10.622+0530][51.878s][info][gc,task     ] GC(1254) Using 9 workers of 9 for evacuation
[2026-05-27T11:24:10.622+0530][51.879s][info][gc,phases   ] GC(1254)   Pre Evacuate Collection Set: 0.07ms
[2026-05-27T11:24:10.622+0530][51.879s][info][gc,phases   ] GC(1254)   Merge Heap Roots: 0.04ms
[2026-05-27T11:24:10.623+0530][51.879s][info][gc,phases   ] GC(1254)   Evacuate Collection Set: 0.22ms
[2026-05-27T11:24:10.623+0530][51.879s][info][gc,phases   ] GC(1254)   Post Evacuate Collection Set: 0.18ms
[2026-05-27T11:24:10.623+0530][51.879s][info][gc,phases   ] GC(1254)   Other: 0.10ms
[2026-05-27T11:24:10.623+0530][51.879s][info][gc,heap     ] GC(1254) Eden regions: 300->0(301)
[2026-05-27T11:24:10.623+0530][51.879s][info][gc,heap     ] GC(1254) Survivor regions: 7->6(39)
[2026-05-27T11:24:10.623+0530][51.879s][info][gc,heap     ] GC(1254) Old regions: 10->10
[2026-05-27T11:24:10.623+0530][51.879s][info][gc,heap     ] GC(1254) Archive regions: 2->2
[2026-05-27T11:24:10.623+0530][51.879s][info][gc,heap     ] GC(1254) Humongous regions: 0->0
[2026-05-27T11:24:10.623+0530][51.879s][info][gc,metaspace] GC(1254) Metaspace: 1745K(2048K)->1745K(2048K) NonClass: 1568K(1728K)->1568K(1728K) Class: 177K(320K)->177K(320K)
[2026-05-27T11:24:10.623+0530][51.879s][info][gc          ] GC(1254) Pause Young (Normal) (G1 Evacuation Pause) 316M->15M(512M) 0.672ms
[2026-05-27T11:24:10.623+0530][51.879s][info][gc,cpu      ] GC(1254) User=0.00s Sys=0.00s Real=0.00s
[2026-05-27T11:24:10.664+0530][51.920s][info][gc,start    ] GC(1255) Pause Young (Normal) (G1 Evacuation Pause)
[2026-05-27T11:24:10.664+0530][51.920s][info][gc,task     ] GC(1255) Using 9 workers of 9 for evacuation
[2026-05-27T11:24:10.665+0530][51.921s][info][gc,phases   ] GC(1255)   Pre Evacuate Collection Set: 0.07ms
[2026-05-27T11:24:10.665+0530][51.921s][info][gc,phases   ] GC(1255)   Merge Heap Roots: 0.09ms
[2026-05-27T11:24:10.665+0530][51.921s][info][gc,phases   ] GC(1255)   Evacuate Collection Set: 0.31ms
[2026-05-27T11:24:10.665+0530][51.921s][info][gc,phases   ] GC(1255)   Post Evacuate Collection Set: 0.19ms
[2026-05-27T11:24:10.665+0530][51.921s][info][gc,phases   ] GC(1255)   Other: 0.10ms
[2026-05-27T11:24:10.665+0530][51.921s][info][gc,heap     ] GC(1255) Eden regions: 301->0(301)
[2026-05-27T11:24:10.665+0530][51.921s][info][gc,heap     ] GC(1255) Survivor regions: 6->6(39)
[2026-05-27T11:24:10.665+0530][51.921s][info][gc,heap     ] GC(1255) Old regions: 10->10
[2026-05-27T11:24:10.665+0530][51.921s][info][gc,heap     ] GC(1255) Archive regions: 2->2
[2026-05-27T11:24:10.665+0530][51.921s][info][gc,heap     ] GC(1255) Humongous regions: 0->0
[2026-05-27T11:24:10.665+0530][51.921s][info][gc,metaspace] GC(1255) Metaspace: 1745K(2048K)->1745K(2048K) NonClass: 1568K(1728K)->1568K(1728K) Class: 177K(320K)->177K(320K)
[2026-05-27T11:24:10.665+0530][51.921s][info][gc          ] GC(1255) Pause Young (Normal) (G1 Evacuation Pause) 316M->15M(512M) 0.845ms
[2026-05-27T11:24:10.665+0530][51.921s][info][gc,cpu      ] GC(1255) User=0.00s Sys=0.00s Real=0.00s
[2026-05-27T11:24:10.704+0530][51.960s][info][gc,start    ] GC(1256) Pause Young (Normal) (G1 Evacuation Pause)
[2026-05-27T11:24:10.704+0530][51.960s][info][gc,task     ] GC(1256) Using 9 workers of 9 for evacuation
[2026-05-27T11:24:10.705+0530][51.961s][info][gc,phases   ] GC(1256)   Pre Evacuate Collection Set: 0.10ms
[2026-05-27T11:24:10.705+0530][51.961s][info][gc,phases   ] GC(1256)   Merge Heap Roots: 0.04ms
[2026-05-27T11:24:10.705+0530][51.961s][info][gc,phases   ] GC(1256)   Evacuate Collection Set: 0.27ms
[2026-05-27T11:24:10.705+0530][51.961s][info][gc,phases   ] GC(1256)   Post Evacuate Collection Set: 0.16ms
[2026-05-27T11:24:10.705+0530][51.961s][info][gc,phases   ] GC(1256)   Other: 0.11ms
[2026-05-27T11:24:10.705+0530][51.961s][info][gc,heap     ] GC(1256) Eden regions: 301->0(301)
[2026-05-27T11:24:10.705+0530][51.961s][info][gc,heap     ] GC(1256) Survivor regions: 6->6(39)
[2026-05-27T11:24:10.705+0530][51.961s][info][gc,heap     ] GC(1256) Old regions: 10->10
[2026-05-27T11:24:10.705+0530][51.961s][info][gc,heap     ] GC(1256) Archive regions: 2->2
[2026-05-27T11:24:10.705+0530][51.961s][info][gc,heap     ] GC(1256) Humongous regions: 0->0
[2026-05-27T11:24:10.705+0530][51.961s][info][gc,metaspace] GC(1256) Metaspace: 1745K(2048K)->1745K(2048K) NonClass: 1568K(1728K)->1568K(1728K) Class: 177K(320K)->177K(320K)
[2026-05-27T11:24:10.705+0530][51.961s][info][gc          ] GC(1256) Pause Young (Normal) (G1 Evacuation Pause) 316M->15M(512M) 0.754ms
[2026-05-27T11:24:10.705+0530][51.961s][info][gc,cpu      ] GC(1256) User=0.00s Sys=0.00s Real=0.00s
[2026-05-27T11:24:10.747+0530][52.003s][info][gc,start    ] GC(1257) Pause Young (Normal) (G1 Evacuation Pause)
[2026-05-27T11:24:10.747+0530][52.003s][info][gc,task     ] GC(1257) Using 9 workers of 9 for evacuation
[2026-05-27T11:24:10.748+0530][52.004s][info][gc,phases   ] GC(1257)   Pre Evacuate Collection Set: 0.10ms
[2026-05-27T11:24:10.748+0530][52.004s][info][gc,phases   ] GC(1257)   Merge Heap Roots: 0.05ms
[2026-05-27T11:24:10.748+0530][52.004s][info][gc,phases   ] GC(1257)   Evacuate Collection Set: 0.28ms
[2026-05-27T11:24:10.748+0530][52.004s][info][gc,phases   ] GC(1257)   Post Evacuate Collection Set: 0.18ms
[2026-05-27T11:24:10.748+0530][52.004s][info][gc,phases   ] GC(1257)   Other: 0.10ms
[2026-05-27T11:24:10.748+0530][52.004s][info][gc,heap     ] GC(1257) Eden regions: 301->0(306)
[2026-05-27T11:24:10.748+0530][52.004s][info][gc,heap     ] GC(1257) Survivor regions: 6->1(39)
[2026-05-27T11:24:10.748+0530][52.004s][info][gc,heap     ] GC(1257) Old regions: 10->10
[2026-05-27T11:24:10.748+0530][52.004s][info][gc,heap     ] GC(1257) Archive regions: 2->2
[2026-05-27T11:24:10.748+0530][52.004s][info][gc,heap     ] GC(1257) Humongous regions: 0->0
[2026-05-27T11:24:10.748+0530][52.004s][info][gc,metaspace] GC(1257) Metaspace: 1745K(2048K)->1745K(2048K) NonClass: 1568K(1728K)->1568K(1728K) Class: 177K(320K)->177K(320K)
[2026-05-27T11:24:10.748+0530][52.004s][info][gc          ] GC(1257) Pause Young (Normal) (G1 Evacuation Pause) 316M->11M(512M) 0.783ms
[2026-05-27T11:24:10.748+0530][52.004s][info][gc,cpu      ] GC(1257) User=0.00s Sys=0.00s Real=0.00s
[2026-05-27T11:24:10.788+0530][52.044s][info][gc,start    ] GC(1258) Pause Young (Normal) (G1 Evacuation Pause)
[2026-05-27T11:24:10.788+0530][52.044s][info][gc,task     ] GC(1258) Using 9 workers of 9 for evacuation
[2026-05-27T11:24:10.789+0530][52.045s][info][gc,phases   ] GC(1258)   Pre Evacuate Collection Set: 0.08ms
[2026-05-27T11:24:10.789+0530][52.045s][info][gc,phases   ] GC(1258)   Merge Heap Roots: 0.06ms
[2026-05-27T11:24:10.789+0530][52.045s][info][gc,phases   ] GC(1258)   Evacuate Collection Set: 0.28ms
[2026-05-27T11:24:10.789+0530][52.045s][info][gc,phases   ] GC(1258)   Post Evacuate Collection Set: 0.18ms
[2026-05-27T11:24:10.789+0530][52.045s][info][gc,phases   ] GC(1258)   Other: 0.09ms
[2026-05-27T11:24:10.789+0530][52.045s][info][gc,heap     ] GC(1258) Eden regions: 306->0(303)
[2026-05-27T11:24:10.789+0530][52.045s][info][gc,heap     ] GC(1258) Survivor regions: 1->4(39)
[2026-05-27T11:24:10.789+0530][52.045s][info][gc,heap     ] GC(1258) Old regions: 10->10
[2026-05-27T11:24:10.789+0530][52.045s][info][gc,heap     ] GC(1258) Archive regions: 2->2
[2026-05-27T11:24:10.789+0530][52.045s][info][gc,heap     ] GC(1258) Humongous regions: 0->0
[2026-05-27T11:24:10.789+0530][52.045s][info][gc,metaspace] GC(1258) Metaspace: 1745K(2048K)->1745K(2048K) NonClass: 1568K(1728K)->1568K(1728K) Class: 177K(320K)->177K(320K)
[2026-05-27T11:24:10.789+0530][52.045s][info][gc          ] GC(1258) Pause Young (Normal) (G1 Evacuation Pause) 316M->13M(512M) 0.756ms
[2026-05-27T11:24:10.789+0530][52.045s][info][gc,cpu      ] GC(1258) User=0.00s Sys=0.00s Real=0.00s
[2026-05-27T11:24:10.828+0530][52.084s][info][gc,start    ] GC(1259) Pause Young (Normal) (G1 Evacuation Pause)
[2026-05-27T11:24:10.828+0530][52.084s][info][gc,task     ] GC(1259) Using 9 workers of 9 for evacuation
[2026-05-27T11:24:10.829+0530][52.085s][info][gc,phases   ] GC(1259)   Pre Evacuate Collection Set: 0.07ms
[2026-05-27T11:24:10.829+0530][52.085s][info][gc,phases   ] GC(1259)   Merge Heap Roots: 0.05ms
[2026-05-27T11:24:10.829+0530][52.085s][info][gc,phases   ] GC(1259)   Evacuate Collection Set: 0.29ms
[2026-05-27T11:24:10.829+0530][52.085s][info][gc,phases   ] GC(1259)   Post Evacuate Collection Set: 0.21ms
[2026-05-27T11:24:10.829+0530][52.085s][info][gc,phases   ] GC(1259)   Other: 0.08ms
[2026-05-27T11:24:10.829+0530][52.085s][info][gc,heap     ] GC(1259) Eden regions: 303->0(301)
[2026-05-27T11:24:10.829+0530][52.085s][info][gc,heap     ] GC(1259) Survivor regions: 4->6(39)
[2026-05-27T11:24:10.829+0530][52.085s][info][gc,heap     ] GC(1259) Old regions: 10->10
[2026-05-27T11:24:10.829+0530][52.085s][info][gc,heap     ] GC(1259) Archive regions: 2->2
[2026-05-27T11:24:10.829+0530][52.085s][info][gc,heap     ] GC(1259) Humongous regions: 9->0
[2026-05-27T11:24:10.829+0530][52.085s][info][gc,metaspace] GC(1259) Metaspace: 1745K(2048K)->1745K(2048K) NonClass: 1568K(1728K)->1568K(1728K) Class: 177K(320K)->177K(320K)
[2026-05-27T11:24:10.829+0530][52.085s][info][gc          ] GC(1259) Pause Young (Normal) (G1 Evacuation Pause) 325M->15M(512M) 0.779ms
[2026-05-27T11:24:10.829+0530][52.085s][info][gc,cpu      ] GC(1259) User=0.00s Sys=0.00s Real=0.00s
[2026-05-27T11:24:10.869+0530][52.125s][info][gc,start    ] GC(1260) Pause Young (Normal) (G1 Evacuation Pause)
[2026-05-27T11:24:10.869+0530][52.125s][info][gc,task     ] GC(1260) Using 9 workers of 9 for evacuation
[2026-05-27T11:24:10.870+0530][52.126s][info][gc,phases   ] GC(1260)   Pre Evacuate Collection Set: 0.11ms
[2026-05-27T11:24:10.870+0530][52.126s][info][gc,phases   ] GC(1260)   Merge Heap Roots: 0.04ms
[2026-05-27T11:24:10.870+0530][52.126s][info][gc,phases   ] GC(1260)   Evacuate Collection Set: 0.30ms
[2026-05-27T11:24:10.870+0530][52.126s][info][gc,phases   ] GC(1260)   Post Evacuate Collection Set: 0.19ms
[2026-05-27T11:24:10.870+0530][52.126s][info][gc,phases   ] GC(1260)   Other: 0.10ms
[2026-05-27T11:24:10.870+0530][52.126s][info][gc,heap     ] GC(1260) Eden regions: 301->0(302)
[2026-05-27T11:24:10.870+0530][52.126s][info][gc,heap     ] GC(1260) Survivor regions: 6->5(39)
[2026-05-27T11:24:10.870+0530][52.126s][info][gc,heap     ] GC(1260) Old regions: 10->10
[2026-05-27T11:24:10.870+0530][52.126s][info][gc,heap     ] GC(1260) Archive regions: 2->2
[2026-05-27T11:24:10.870+0530][52.126s][info][gc,heap     ] GC(1260) Humongous regions: 0->0
[2026-05-27T11:24:10.870+0530][52.126s][info][gc,metaspace] GC(1260) Metaspace: 1745K(2048K)->1745K(2048K) NonClass: 1568K(1728K)->1568K(1728K) Class: 177K(320K)->177K(320K)
[2026-05-27T11:24:10.870+0530][52.126s][info][gc          ] GC(1260) Pause Young (Normal) (G1 Evacuation Pause) 316M->14M(512M) 0.810ms
[2026-05-27T11:24:10.870+0530][52.126s][info][gc,cpu      ] GC(1260) User=0.00s Sys=0.00s Real=0.01s
[2026-05-27T11:24:10.909+0530][52.165s][info][gc,start    ] GC(1261) Pause Young (Normal) (G1 Evacuation Pause)
[2026-05-27T11:24:10.909+0530][52.165s][info][gc,task     ] GC(1261) Using 9 workers of 9 for evacuation
[2026-05-27T11:24:10.910+0530][52.166s][info][gc,phases   ] GC(1261)   Pre Evacuate Collection Set: 0.10ms
[2026-05-27T11:24:10.910+0530][52.166s][info][gc,phases   ] GC(1261)   Merge Heap Roots: 0.05ms
[2026-05-27T11:24:10.910+0530][52.166s][info][gc,phases   ] GC(1261)   Evacuate Collection Set: 0.32ms
[2026-05-27T11:24:10.910+0530][52.166s][info][gc,phases   ] GC(1261)   Post Evacuate Collection Set: 0.20ms
[2026-05-27T11:24:10.910+0530][52.166s][info][gc,phases   ] GC(1261)   Other: 0.12ms
[2026-05-27T11:24:10.910+0530][52.166s][info][gc,heap     ] GC(1261) Eden regions: 302->0(301)
[2026-05-27T11:24:10.910+0530][52.166s][info][gc,heap     ] GC(1261) Survivor regions: 5->6(39)
[2026-05-27T11:24:10.910+0530][52.166s][info][gc,heap     ] GC(1261) Old regions: 10->10
[2026-05-27T11:24:10.910+0530][52.166s][info][gc,heap     ] GC(1261) Archive regions: 2->2
[2026-05-27T11:24:10.910+0530][52.166s][info][gc,heap     ] GC(1261) Humongous regions: 0->0
[2026-05-27T11:24:10.910+0530][52.166s][info][gc,metaspace] GC(1261) Metaspace: 1745K(2048K)->1745K(2048K) NonClass: 1568K(1728K)->1568K(1728K) Class: 177K(320K)->177K(320K)
[2026-05-27T11:24:10.910+0530][52.166s][info][gc          ] GC(1261) Pause Young (Normal) (G1 Evacuation Pause) 316M->16M(512M) 0.847ms
[2026-05-27T11:24:10.910+0530][52.166s][info][gc,cpu      ] GC(1261) User=0.00s Sys=0.00s Real=0.01s
[2026-05-27T11:24:10.950+0530][52.206s][info][gc,start    ] GC(1262) Pause Young (Normal) (G1 Evacuation Pause)
[2026-05-27T11:24:10.950+0530][52.206s][info][gc,task     ] GC(1262) Using 9 workers of 9 for evacuation
[2026-05-27T11:24:10.950+0530][52.206s][info][gc,phases   ] GC(1262)   Pre Evacuate Collection Set: 0.10ms
[2026-05-27T11:24:10.950+0530][52.206s][info][gc,phases   ] GC(1262)   Merge Heap Roots: 0.05ms
[2026-05-27T11:24:10.950+0530][52.206s][info][gc,phases   ] GC(1262)   Evacuate Collection Set: 0.26ms
[2026-05-27T11:24:10.950+0530][52.206s][info][gc,phases   ] GC(1262)   Post Evacuate Collection Set: 0.19ms
[2026-05-27T11:24:10.950+0530][52.206s][info][gc,phases   ] GC(1262)   Other: 0.10ms
[2026-05-27T11:24:10.950+0530][52.206s][info][gc,heap     ] GC(1262) Eden regions: 301->0(301)
[2026-05-27T11:24:10.950+0530][52.206s][info][gc,heap     ] GC(1262) Survivor regions: 6->6(39)
[2026-05-27T11:24:10.950+0530][52.206s][info][gc,heap     ] GC(1262) Old regions: 10->10
[2026-05-27T11:24:10.950+0530][52.206s][info][gc,heap     ] GC(1262) Archive regions: 2->2
[2026-05-27T11:24:10.950+0530][52.206s][info][gc,heap     ] GC(1262) Humongous regions: 0->0
[2026-05-27T11:24:10.950+0530][52.206s][info][gc,metaspace] GC(1262) Metaspace: 1745K(2048K)->1745K(2048K) NonClass: 1568K(1728K)->1568K(1728K) Class: 177K(320K)->177K(320K)
[2026-05-27T11:24:10.950+0530][52.206s][info][gc          ] GC(1262) Pause Young (Normal) (G1 Evacuation Pause) 316M->15M(512M) 0.756ms
[2026-05-27T11:24:10.950+0530][52.206s][info][gc,cpu      ] GC(1262) User=0.00s Sys=0.00s Real=0.00s
[2026-05-27T11:24:10.989+0530][52.245s][info][gc,start    ] GC(1263) Pause Young (Normal) (G1 Evacuation Pause)
[2026-05-27T11:24:10.989+0530][52.245s][info][gc,task     ] GC(1263) Using 9 workers of 9 for evacuation
[2026-05-27T11:24:10.990+0530][52.246s][info][gc,phases   ] GC(1263)   Pre Evacuate Collection Set: 0.08ms
[2026-05-27T11:24:10.990+0530][52.246s][info][gc,phases   ] GC(1263)   Merge Heap Roots: 0.05ms
[2026-05-27T11:24:10.990+0530][52.246s][info][gc,phases   ] GC(1263)   Evacuate Collection Set: 0.35ms
[2026-05-27T11:24:10.990+0530][52.246s][info][gc,phases   ] GC(1263)   Post Evacuate Collection Set: 0.21ms
[2026-05-27T11:24:10.990+0530][52.246s][info][gc,phases   ] GC(1263)   Other: 0.09ms
[2026-05-27T11:24:10.990+0530][52.246s][info][gc,heap     ] GC(1263) Eden regions: 301->0(301)
[2026-05-27T11:24:10.990+0530][52.246s][info][gc,heap     ] GC(1263) Survivor regions: 6->6(39)
[2026-05-27T11:24:10.990+0530][52.246s][info][gc,heap     ] GC(1263) Old regions: 10->10
[2026-05-27T11:24:10.990+0530][52.246s][info][gc,heap     ] GC(1263) Archive regions: 2->2
[2026-05-27T11:24:10.990+0530][52.246s][info][gc,heap     ] GC(1263) Humongous regions: 0->0
[2026-05-27T11:24:10.990+0530][52.246s][info][gc,metaspace] GC(1263) Metaspace: 1745K(2048K)->1745K(2048K) NonClass: 1568K(1728K)->1568K(1728K) Class: 177K(320K)->177K(320K)
[2026-05-27T11:24:10.990+0530][52.246s][info][gc          ] GC(1263) Pause Young (Normal) (G1 Evacuation Pause) 316M->15M(512M) 0.863ms
[2026-05-27T11:24:10.990+0530][52.246s][info][gc,cpu      ] GC(1263) User=0.01s Sys=0.00s Real=0.01s
[2026-05-27T11:24:11.029+0530][52.285s][info][gc,start    ] GC(1264) Pause Young (Normal) (G1 Evacuation Pause)
[2026-05-27T11:24:11.029+0530][52.285s][info][gc,task     ] GC(1264) Using 9 workers of 9 for evacuation
[2026-05-27T11:24:11.030+0530][52.286s][info][gc,phases   ] GC(1264)   Pre Evacuate Collection Set: 0.09ms
[2026-05-27T11:24:11.030+0530][52.286s][info][gc,phases   ] GC(1264)   Merge Heap Roots: 0.04ms
[2026-05-27T11:24:11.030+0530][52.286s][info][gc,phases   ] GC(1264)   Evacuate Collection Set: 0.26ms
[2026-05-27T11:24:11.030+0530][52.286s][info][gc,phases   ] GC(1264)   Post Evacuate Collection Set: 0.20ms
[2026-05-27T11:24:11.030+0530][52.286s][info][gc,phases   ] GC(1264)   Other: 0.11ms
[2026-05-27T11:24:11.030+0530][52.286s][info][gc,heap     ] GC(1264) Eden regions: 301->0(303)
[2026-05-27T11:24:11.030+0530][52.286s][info][gc,heap     ] GC(1264) Survivor regions: 6->4(39)
[2026-05-27T11:24:11.030+0530][52.286s][info][gc,heap     ] GC(1264) Old regions: 10->10
[2026-05-27T11:24:11.030+0530][52.286s][info][gc,heap     ] GC(1264) Archive regions: 2->2
[2026-05-27T11:24:11.030+0530][52.286s][info][gc,heap     ] GC(1264) Humongous regions: 0->0
[2026-05-27T11:24:11.030+0530][52.286s][info][gc,metaspace] GC(1264) Metaspace: 1745K(2048K)->1745K(2048K) NonClass: 1568K(1728K)->1568K(1728K) Class: 177K(320K)->177K(320K)
[2026-05-27T11:24:11.030+0530][52.286s][info][gc          ] GC(1264) Pause Young (Normal) (G1 Evacuation Pause) 316M->13M(512M) 0.751ms
[2026-05-27T11:24:11.030+0530][52.286s][info][gc,cpu      ] GC(1264) User=0.01s Sys=0.00s Real=0.01s
[2026-05-27T11:24:11.067+0530][52.324s][info][gc,start    ] GC(1265) Pause Young (Normal) (G1 Evacuation Pause)
[2026-05-27T11:24:11.067+0530][52.324s][info][gc,task     ] GC(1265) Using 9 workers of 9 for evacuation
[2026-05-27T11:24:11.068+0530][52.324s][info][gc,phases   ] GC(1265)   Pre Evacuate Collection Set: 0.08ms
[2026-05-27T11:24:11.068+0530][52.324s][info][gc,phases   ] GC(1265)   Merge Heap Roots: 0.09ms
[2026-05-27T11:24:11.068+0530][52.324s][info][gc,phases   ] GC(1265)   Evacuate Collection Set: 0.26ms
[2026-05-27T11:24:11.068+0530][52.324s][info][gc,phases   ] GC(1265)   Post Evacuate Collection Set: 0.14ms
[2026-05-27T11:24:11.068+0530][52.324s][info][gc,phases   ] GC(1265)   Other: 0.07ms
[2026-05-27T11:24:11.068+0530][52.324s][info][gc,heap     ] GC(1265) Eden regions: 303->0(301)
[2026-05-27T11:24:11.068+0530][52.324s][info][gc,heap     ] GC(1265) Survivor regions: 4->6(39)
[2026-05-27T11:24:11.068+0530][52.324s][info][gc,heap     ] GC(1265) Old regions: 10->10
[2026-05-27T11:24:11.068+0530][52.324s][info][gc,heap     ] GC(1265) Archive regions: 2->2
[2026-05-27T11:24:11.068+0530][52.324s][info][gc,heap     ] GC(1265) Humongous regions: 0->0
[2026-05-27T11:24:11.068+0530][52.324s][info][gc,metaspace] GC(1265) Metaspace: 1745K(2048K)->1745K(2048K) NonClass: 1568K(1728K)->1568K(1728K) Class: 177K(320K)->177K(320K)
[2026-05-27T11:24:11.068+0530][52.324s][info][gc          ] GC(1265) Pause Young (Normal) (G1 Evacuation Pause) 316M->15M(512M) 0.707ms
[2026-05-27T11:24:11.068+0530][52.324s][info][gc,cpu      ] GC(1265) User=0.00s Sys=0.00s Real=0.00s
[2026-05-27T11:24:11.106+0530][52.362s][info][gc,start    ] GC(1266) Pause Young (Normal) (G1 Evacuation Pause)
[2026-05-27T11:24:11.106+0530][52.363s][info][gc,task     ] GC(1266) Using 9 workers of 9 for evacuation
[2026-05-27T11:24:11.107+0530][52.363s][info][gc,phases   ] GC(1266)   Pre Evacuate Collection Set: 0.11ms
[2026-05-27T11:24:11.107+0530][52.363s][info][gc,phases   ] GC(1266)   Merge Heap Roots: 0.10ms
[2026-05-27T11:24:11.107+0530][52.363s][info][gc,phases   ] GC(1266)   Evacuate Collection Set: 0.26ms
[2026-05-27T11:24:11.107+0530][52.363s][info][gc,phases   ] GC(1266)   Post Evacuate Collection Set: 0.18ms
[2026-05-27T11:24:11.107+0530][52.363s][info][gc,phases   ] GC(1266)   Other: 0.11ms
[2026-05-27T11:24:11.107+0530][52.363s][info][gc,heap     ] GC(1266) Eden regions: 301->0(302)
[2026-05-27T11:24:11.107+0530][52.363s][info][gc,heap     ] GC(1266) Survivor regions: 6->5(39)
[2026-05-27T11:24:11.107+0530][52.363s][info][gc,heap     ] GC(1266) Old regions: 10->10
[2026-05-27T11:24:11.107+0530][52.363s][info][gc,heap     ] GC(1266) Archive regions: 2->2
[2026-05-27T11:24:11.107+0530][52.363s][info][gc,heap     ] GC(1266) Humongous regions: 9->0
[2026-05-27T11:24:11.107+0530][52.363s][info][gc,metaspace] GC(1266) Metaspace: 1745K(2048K)->1745K(2048K) NonClass: 1568K(1728K)->1568K(1728K) Class: 177K(320K)->177K(320K)
[2026-05-27T11:24:11.107+0530][52.363s][info][gc          ] GC(1266) Pause Young (Normal) (G1 Evacuation Pause) 325M->14M(512M) 0.838ms
[2026-05-27T11:24:11.107+0530][52.363s][info][gc,cpu      ] GC(1266) User=0.00s Sys=0.00s Real=0.00s
[2026-05-27T11:24:11.145+0530][52.401s][info][gc,start    ] GC(1267) Pause Young (Normal) (G1 Evacuation Pause)
[2026-05-27T11:24:11.145+0530][52.401s][info][gc,task     ] GC(1267) Using 9 workers of 9 for evacuation
[2026-05-27T11:24:11.146+0530][52.402s][info][gc,phases   ] GC(1267)   Pre Evacuate Collection Set: 0.08ms
[2026-05-27T11:24:11.146+0530][52.402s][info][gc,phases   ] GC(1267)   Merge Heap Roots: 0.05ms
[2026-05-27T11:24:11.146+0530][52.402s][info][gc,phases   ] GC(1267)   Evacuate Collection Set: 0.28ms
[2026-05-27T11:24:11.146+0530][52.402s][info][gc,phases   ] GC(1267)   Post Evacuate Collection Set: 0.17ms
[2026-05-27T11:24:11.146+0530][52.402s][info][gc,phases   ] GC(1267)   Other: 0.09ms
[2026-05-27T11:24:11.146+0530][52.402s][info][gc,heap     ] GC(1267) Eden regions: 302->0(301)
[2026-05-27T11:24:11.146+0530][52.402s][info][gc,heap     ] GC(1267) Survivor regions: 5->6(39)
[2026-05-27T11:24:11.146+0530][52.402s][info][gc,heap     ] GC(1267) Old regions: 10->10
[2026-05-27T11:24:11.146+0530][52.402s][info][gc,heap     ] GC(1267) Archive regions: 2->2
[2026-05-27T11:24:11.146+0530][52.402s][info][gc,heap     ] GC(1267) Humongous regions: 0->0
[2026-05-27T11:24:11.146+0530][52.402s][info][gc,metaspace] GC(1267) Metaspace: 1745K(2048K)->1745K(2048K) NonClass: 1568K(1728K)->1568K(1728K) Class: 177K(320K)->177K(320K)
[2026-05-27T11:24:11.146+0530][52.402s][info][gc          ] GC(1267) Pause Young (Normal) (G1 Evacuation Pause) 316M->15M(512M) 0.725ms
[2026-05-27T11:24:11.146+0530][52.402s][info][gc,cpu      ] GC(1267) User=0.00s Sys=0.00s Real=0.00s
[2026-05-27T11:24:11.186+0530][52.442s][info][gc,start    ] GC(1268) Pause Young (Normal) (G1 Evacuation Pause)
[2026-05-27T11:24:11.186+0530][52.442s][info][gc,task     ] GC(1268) Using 9 workers of 9 for evacuation
[2026-05-27T11:24:11.187+0530][52.443s][info][gc,phases   ] GC(1268)   Pre Evacuate Collection Set: 0.07ms
[2026-05-27T11:24:11.187+0530][52.443s][info][gc,phases   ] GC(1268)   Merge Heap Roots: 0.04ms
[2026-05-27T11:24:11.187+0530][52.443s][info][gc,phases   ] GC(1268)   Evacuate Collection Set: 0.28ms
[2026-05-27T11:24:11.187+0530][52.443s][info][gc,phases   ] GC(1268)   Post Evacuate Collection Set: 0.18ms
[2026-05-27T11:24:11.187+0530][52.443s][info][gc,phases   ] GC(1268)   Other: 0.11ms
[2026-05-27T11:24:11.187+0530][52.443s][info][gc,heap     ] GC(1268) Eden regions: 301->0(301)
[2026-05-27T11:24:11.187+0530][52.443s][info][gc,heap     ] GC(1268) Survivor regions: 6->6(39)
[2026-05-27T11:24:11.187+0530][52.443s][info][gc,heap     ] GC(1268) Old regions: 10->10
